09-11 13:12:58.917  1986  1986 W keystore: type=1400 audit(0.0:930): avc: granted { getattr } for path="/vendor" dev="rootfs" ino=4476 scontext=u:r:keystore:s0 tcontext=u:object_r:rootfs:s0 tclass=lnk_file
09-11 13:12:58.987  1986  1986 W keystore: type=1400 audit(0.0:931): avc: granted { read } for name="online" dev="sysfs" ino=34 scontext=u:r:keystore:s0 tcontext=u:object_r:sysfs:s0 tclass=file
09-11 13:12:58.987  1986  1986 W keystore: type=1400 audit(0.0:932): avc: granted { read open } for name="online" dev="sysfs" ino=34 scontext=u:r:keystore:s0 tcontext=u:object_r:sysfs:s0 tclass=file
09-11 13:12:58.987  1986  1986 W keystore: type=1400 audit(0.0:933): avc: granted { getattr } for path="/sys/devices/system/cpu/online" dev="sysfs" ino=34 scontext=u:r:keystore:s0 tcontext=u:object_r:sysfs:s0 tclass=file
09-11 13:12:59.000   342   342 I chatty  : uid=1000(system) hwservicemanage expire 10 lines
09-11 13:13:03.923  1987  1987 W keystore: type=1400 audit(0.0:934): avc: granted { getattr } for path="/vendor" dev="rootfs" ino=4476 scontext=u:r:keystore:s0 tcontext=u:object_r:rootfs:s0 tclass=lnk_file
09-11 13:13:04.013  1987  1987 W keystore: type=1400 audit(0.0:935): avc: granted { read } for name="online" dev="sysfs" ino=34 scontext=u:r:keystore:s0 tcontext=u:object_r:sysfs:s0 tclass=file
09-11 13:13:04.013  1987  1987 W keystore: type=1400 audit(0.0:936): avc: granted { read open } for name="online" dev="sysfs" ino=34 scontext=u:r:keystore:s0 tcontext=u:object_r:sysfs:s0 tclass=file
09-11 13:13:04.013  1987  1987 W keystore: type=1400 audit(0.0:937): avc: granted { getattr } for path="/sys/devices/system/cpu/online" dev="sysfs" ino=34 scontext=u:r:keystore:s0 tcontext=u:object_r:sysfs:s0 tclass=file
09-11 13:13:06.643  1984  1989 I chatty  : uid=0(root) /system/bin/dex2oat expire 10 lines
09-11 13:13:06.643  1984  1990 I chatty  : uid=0(root) /system/bin/dex2oat expire 11 lines
09-11 13:13:06.643  1984  1988 I chatty  : uid=0(root) /system/bin/dex2oat expire 9 lines
09-11 13:13:08.958  1991  1991 W keystore: type=1400 audit(0.0:938): avc: granted { getattr } for path="/vendor" dev="rootfs" ino=4476 scontext=u:r:keystore:s0 tcontext=u:object_r:rootfs:s0 tclass=lnk_file
09-11 13:13:09.298  1991  1991 W keystore: type=1400 audit(0.0:939): avc: granted { read } for name="online" dev="sysfs" ino=34 scontext=u:r:keystore:s0 tcontext=u:object_r:sysfs:s0 tclass=file
09-11 13:13:09.298  1991  1991 W keystore: type=1400 audit(0.0:940): avc: granted { read open } for name="online" dev="sysfs" ino=34 scontext=u:r:keystore:s0 tcontext=u:object_r:sysfs:s0 tclass=file
09-11 13:13:09.298  1991  1991 W keystore: type=1400 audit(0.0:941): avc: granted { getattr } for path="/sys/devices/system/cpu/online" dev="sysfs" ino=34 scontext=u:r:keystore:s0 tcontext=u:object_r:sysfs:s0 tclass=file
09-11 13:13:12.912  1984  1984 I chatty  : uid=0(root) /system/bin/dex2oat expire 10 lines
09-11 13:13:13.953  1992  1992 W keystore: type=1400 audit(0.0:942): avc: granted { getattr } for path="/vendor" dev="rootfs" ino=4476 scontext=u:r:keystore:s0 tcontext=u:object_r:rootfs:s0 tclass=lnk_file
09-11 13:13:14.164  1992  1992 W keystore: type=1400 audit(0.0:943): avc: granted { read } for name="online" dev="sysfs" ino=34 scontext=u:r:keystore:s0 tcontext=u:object_r:sysfs:s0 tclass=file
09-11 13:13:14.164  1992  1992 W keystore: type=1400 audit(0.0:944): avc: granted { read open } for name="online" dev="sysfs" ino=34 scontext=u:r:keystore:s0 tcontext=u:object_r:sysfs:s0 tclass=file
09-11 13:13:14.174  1992  1992 W keystore: type=1400 audit(0.0:945): avc: granted { getattr } for path="/sys/devices/system/cpu/online" dev="sysfs" ino=34 scontext=u:r:keystore:s0 tcontext=u:object_r:sysfs:s0 tclass=file
09-11 13:13:18.959  1993  1993 W keystore: type=1400 audit(0.0:946): avc: granted { getattr } for path="/vendor" dev="rootfs" ino=4476 scontext=u:r:keystore:s0 tcontext=u:object_r:rootfs:s0 tclass=lnk_file
09-11 13:13:19.179  1993  1993 W keystore: type=1400 audit(0.0:947): avc: granted { read } for name="online" dev="sysfs" ino=34 scontext=u:r:keystore:s0 tcontext=u:object_r:sysfs:s0 tclass=file
09-11 13:13:19.179  1993  1993 W keystore: type=1400 audit(0.0:948): avc: granted { read open } for name="online" dev="sysfs" ino=34 scontext=u:r:keystore:s0 tcontext=u:object_r:sysfs:s0 tclass=file
09-11 13:13:19.179  1993  1993 W keystore: type=1400 audit(0.0:949): avc: granted { getattr } for path="/sys/devices/system/cpu/online" dev="sysfs" ino=34 scontext=u:r:keystore:s0 tcontext=u:object_r:sysfs:s0 tclass=file
09-11 13:13:23.954  1994  1994 W keystore: type=1400 audit(0.0:950): avc: granted { getattr } for path="/vendor" dev="rootfs" ino=4476 scontext=u:r:keystore:s0 tcontext=u:object_r:rootfs:s0 tclass=lnk_file
09-11 13:13:24.174  1994  1994 W keystore: type=1400 audit(0.0:951): avc: granted { read } for name="online" dev="sysfs" ino=34 scontext=u:r:keystore:s0 tcontext=u:object_r:sysfs:s0 tclass=file
09-11 13:13:24.174  1994  1994 W keystore: type=1400 audit(0.0:952): avc: granted { read open } for name="online" dev="sysfs" ino=34 scontext=u:r:keystore:s0 tcontext=u:object_r:sysfs:s0 tclass=file
09-11 13:13:24.174  1994  1994 W keystore: type=1400 audit(0.0:953): avc: granted { getattr } for path="/sys/devices/system/cpu/online" dev="sysfs" ino=34 scontext=u:r:keystore:s0 tcontext=u:object_r:sysfs:s0 tclass=file
09-11 13:13:28.959  1995  1995 W keystore: type=1400 audit(0.0:954): avc: granted { getattr } for path="/vendor" dev="rootfs" ino=4476 scontext=u:r:keystore:s0 tcontext=u:object_r:rootfs:s0 tclass=lnk_file
09-11 13:13:29.180  1995  1995 W keystore: type=1400 audit(0.0:955): avc: granted { read } for name="online" dev="sysfs" ino=34 scontext=u:r:keystore:s0 tcontext=u:object_r:sysfs:s0 tclass=file
09-11 13:13:29.180  1995  1995 W keystore: type=1400 audit(0.0:956): avc: granted { read open } for name="online" dev="sysfs" ino=34 scontext=u:r:keystore:s0 tcontext=u:object_r:sysfs:s0 tclass=file
09-11 13:13:29.180  1995  1995 W keystore: type=1400 audit(0.0:957): avc: granted { getattr } for path="/sys/devices/system/cpu/online" dev="sysfs" ino=34 scontext=u:r:keystore:s0 tcontext=u:object_r:sysfs:s0 tclass=file
09-11 13:13:34.385  1996  1996 W keystore: type=1400 audit(0.0:958): avc: granted { getattr } for path="/vendor" dev="rootfs" ino=4476 scontext=u:r:keystore:s0 tcontext=u:object_r:rootfs:s0 tclass=lnk_file
09-11 13:13:34.746  1996  1996 W keystore: type=1400 audit(0.0:959): avc: granted { read } for name="online" dev="sysfs" ino=34 scontext=u:r:keystore:s0 tcontext=u:object_r:sysfs:s0 tclass=file
09-11 13:13:34.746  1996  1996 W keystore: type=1400 audit(0.0:960): avc: granted { read open } for name="online" dev="sysfs" ino=34 scontext=u:r:keystore:s0 tcontext=u:object_r:sysfs:s0 tclass=file
09-11 13:13:34.746  1996  1996 W keystore: type=1400 audit(0.0:961): avc: granted { getattr } for path="/sys/devices/system/cpu/online" dev="sysfs" ino=34 scontext=u:r:keystore:s0 tcontext=u:object_r:sysfs:s0 tclass=file
09-11 13:13:35.026   375   375 I rild    : type=1400 audit(0.0:962): avc: denied { write } for name="qmux_radio" dev="tmpfs" ino=5803 scontext=u:r:rild:s0 tcontext=u:object_r:qmuxd_socket:s0 tclass=dir permissive=1
09-11 13:13:35.026   375   375 I rild    : type=1400 audit(0.0:963): avc: denied { remove_name } for name=716D75785F636C69656E745F736F636B657420202020333637 dev="tmpfs" ino=30234 scontext=u:r:rild:s0 tcontext=u:object_r:qmuxd_socket:s0 tclass=dir permissive=1
09-11 13:13:35.026   375   375 I rild    : type=1400 audit(0.0:964): avc: denied { unlink } for name=716D75785F636C69656E745F736F636B657420202020333637 dev="tmpfs" ino=30234 scontext=u:r:rild:s0 tcontext=u:object_r:qmuxd_socket:s0 tclass=sock_file permissive=1
09-11 13:13:40.181  1997  1997 W keystore: type=1400 audit(0.0:965): avc: granted { getattr } for path="/vendor" dev="rootfs" ino=4476 scontext=u:r:keystore:s0 tcontext=u:object_r:rootfs:s0 tclass=lnk_file
09-11 13:13:40.722  1997  1997 W keystore: type=1400 audit(0.0:966): avc: granted { read } for name="online" dev="sysfs" ino=34 scontext=u:r:keystore:s0 tcontext=u:object_r:sysfs:s0 tclass=file
09-11 13:13:40.722  1997  1997 W keystore: type=1400 audit(0.0:967): avc: granted { read open } for name="online" dev="sysfs" ino=34 scontext=u:r:keystore:s0 tcontext=u:object_r:sysfs:s0 tclass=file
09-11 13:13:40.722  1997  1997 W keystore: type=1400 audit(0.0:968): avc: granted { getattr } for path="/sys/devices/system/cpu/online" dev="sysfs" ino=34 scontext=u:r:keystore:s0 tcontext=u:object_r:sysfs:s0 tclass=file
09-11 13:13:45.237  1999  1999 W keystore: type=1400 audit(0.0:969): avc: granted { getattr } for path="/vendor" dev="rootfs" ino=4476 scontext=u:r:keystore:s0 tcontext=u:object_r:rootfs:s0 tclass=lnk_file
09-11 13:13:47.299  1999  1999 W keystore: type=1400 audit(0.0:970): avc: granted { read } for name="online" dev="sysfs" ino=34 scontext=u:r:keystore:s0 tcontext=u:object_r:sysfs:s0 tclass=file
09-11 13:13:47.309  1999  1999 W keystore: type=1400 audit(0.0:971): avc: granted { read open } for name="online" dev="sysfs" ino=34 scontext=u:r:keystore:s0 tcontext=u:object_r:sysfs:s0 tclass=file
09-11 13:13:47.309  1999  1999 W keystore: type=1400 audit(0.0:972): avc: granted { getattr } for path="/sys/devices/system/cpu/online" dev="sysfs" ino=34 scontext=u:r:keystore:s0 tcontext=u:object_r:sysfs:s0 tclass=file
09-11 13:13:49.061   375   375 I rild    : type=1400 audit(0.0:973): avc: denied { add_name } for name=716D75785F636C69656E745F736F636B657420202020333637 scontext=u:r:rild:s0 tcontext=u:object_r:qmuxd_socket:s0 tclass=dir permissive=1
09-11 13:13:49.061   375   375 I rild    : type=1400 audit(0.0:974): avc: denied { create } for name=716D75785F636C69656E745F736F636B657420202020333637 scontext=u:r:rild:s0 tcontext=u:object_r:qmuxd_socket:s0 tclass=sock_file permissive=1
09-11 13:13:49.061   375   375 I rild    : type=1400 audit(0.0:975): avc: denied { setattr } for name=716D75785F636C69656E745F736F636B657420202020333637 dev="tmpfs" ino=36067 scontext=u:r:rild:s0 tcontext=u:object_r:qmuxd_socket:s0 tclass=sock_file permissive=1
09-11 13:13:49.922  2000  2000 W keystore: type=1400 audit(0.0:976): avc: granted { getattr } for path="/vendor" dev="rootfs" ino=4476 scontext=u:r:keystore:s0 tcontext=u:object_r:rootfs:s0 tclass=lnk_file
09-11 13:13:49.992  2000  2000 W keystore: type=1400 audit(0.0:977): avc: granted { read } for name="online" dev="sysfs" ino=34 scontext=u:r:keystore:s0 tcontext=u:object_r:sysfs:s0 tclass=file
09-11 13:13:49.992  2000  2000 W keystore: type=1400 audit(0.0:978): avc: granted { read open } for name="online" dev="sysfs" ino=34 scontext=u:r:keystore:s0 tcontext=u:object_r:sysfs:s0 tclass=file
09-11 13:13:49.992  2000  2000 W keystore: type=1400 audit(0.0:979): avc: granted { getattr } for path="/sys/devices/system/cpu/online" dev="sysfs" ino=34 scontext=u:r:keystore:s0 tcontext=u:object_r:sysfs:s0 tclass=file
09-11 13:13:50.010   342   342 I chatty  : uid=1000(system) hwservicemanage expire 10 lines
09-11 13:13:56.659  2001  2001 W keystore: type=1400 audit(0.0:980): avc: granted { getattr } for path="/vendor" dev="rootfs" ino=4476 scontext=u:r:keystore:s0 tcontext=u:object_r:rootfs:s0 tclass=lnk_file
09-11 13:13:58.000  2001  2001 W keystore: type=1400 audit(0.0:981): avc: granted { read } for name="online" dev="sysfs" ino=34 scontext=u:r:keystore:s0 tcontext=u:object_r:sysfs:s0 tclass=file
09-11 13:13:58.000  2001  2001 W keystore: type=1400 audit(0.0:982): avc: granted { read open } for name="online" dev="sysfs" ino=34 scontext=u:r:keystore:s0 tcontext=u:object_r:sysfs:s0 tclass=file
09-11 13:13:58.000  2001  2001 W keystore: type=1400 audit(0.0:983): avc: granted { getattr } for path="/sys/devices/system/cpu/online" dev="sysfs" ino=34 scontext=u:r:keystore:s0 tcontext=u:object_r:sysfs:s0 tclass=file
09-11 13:14:01.324  2003  2003 W keystore: type=1400 audit(0.0:984): avc: granted { getattr } for path="/vendor" dev="rootfs" ino=4476 scontext=u:r:keystore:s0 tcontext=u:object_r:rootfs:s0 tclass=lnk_file
09-11 13:14:04.097  2003  2003 W keystore: type=1400 audit(0.0:985): avc: granted { read } for name="online" dev="sysfs" ino=34 scontext=u:r:keystore:s0 tcontext=u:object_r:sysfs:s0 tclass=file
09-11 13:14:04.097  2003  2003 W keystore: type=1400 audit(0.0:986): avc: granted { read open } for name="online" dev="sysfs" ino=34 scontext=u:r:keystore:s0 tcontext=u:object_r:sysfs:s0 tclass=file
09-11 13:14:04.107  2003  2003 W keystore: type=1400 audit(0.0:987): avc: granted { getattr } for path="/sys/devices/system/cpu/online" dev="sysfs" ino=34 scontext=u:r:keystore:s0 tcontext=u:object_r:sysfs:s0 tclass=file
09-11 13:14:05.682  1984  1984 I chatty  : uid=0(root) /system/bin/dex2oat expire 6 lines
09-11 13:14:06.309  2004  2004 W keystore: type=1400 audit(0.0:988): avc: granted { getattr } for path="/vendor" dev="rootfs" ino=4476 scontext=u:r:keystore:s0 tcontext=u:object_r:rootfs:s0 tclass=lnk_file
09-11 13:14:06.379  2004  2004 W keystore: type=1400 audit(0.0:989): avc: granted { read } for name="online" dev="sysfs" ino=34 scontext=u:r:keystore:s0 tcontext=u:object_r:sysfs:s0 tclass=file
09-11 13:14:06.379  2004  2004 W keystore: type=1400 audit(0.0:990): avc: granted { read open } for name="online" dev="sysfs" ino=34 scontext=u:r:keystore:s0 tcontext=u:object_r:sysfs:s0 tclass=file
09-11 13:14:06.379  2004  2004 W keystore: type=1400 audit(0.0:991): avc: granted { getattr } for path="/sys/devices/system/cpu/online" dev="sysfs" ino=34 scontext=u:r:keystore:s0 tcontext=u:object_r:sysfs:s0 tclass=file
09-11 13:14:11.705  2005  2005 W keystore: type=1400 audit(0.0:992): avc: granted { getattr } for path="/vendor" dev="rootfs" ino=4476 scontext=u:r:keystore:s0 tcontext=u:object_r:rootfs:s0 tclass=lnk_file
09-11 13:14:16.850  2005  2005 W keystore: type=1400 audit(0.0:993): avc: granted { read } for name="online" dev="sysfs" ino=34 scontext=u:r:keystore:s0 tcontext=u:object_r:sysfs:s0 tclass=file
09-11 13:14:16.850  2005  2005 W keystore: type=1400 audit(0.0:994): avc: granted { read open } for name="online" dev="sysfs" ino=34 scontext=u:r:keystore:s0 tcontext=u:object_r:sysfs:s0 tclass=file
09-11 13:14:16.850  2005  2005 W keystore: type=1400 audit(0.0:995): avc: granted { getattr } for path="/sys/devices/system/cpu/online" dev="sysfs" ino=34 scontext=u:r:keystore:s0 tcontext=u:object_r:sysfs:s0 tclass=file
09-11 13:14:18.082  2006  2006 W keystore: type=1400 audit(0.0:996): avc: granted { getattr } for path="/vendor" dev="rootfs" ino=4476 scontext=u:r:keystore:s0 tcontext=u:object_r:rootfs:s0 tclass=lnk_file
09-11 13:14:18.352  2006  2006 W keystore: type=1400 audit(0.0:997): avc: granted { read } for name="online" dev="sysfs" ino=34 scontext=u:r:keystore:s0 tcontext=u:object_r:sysfs:s0 tclass=file
09-11 13:14:18.352  2006  2006 W keystore: type=1400 audit(0.0:998): avc: granted { read open } for name="online" dev="sysfs" ino=34 scontext=u:r:keystore:s0 tcontext=u:object_r:sysfs:s0 tclass=file
09-11 13:14:18.352  2006  2006 W keystore: type=1400 audit(0.0:999): avc: granted { getattr } for path="/sys/devices/system/cpu/online" dev="sysfs" ino=34 scontext=u:r:keystore:s0 tcontext=u:object_r:sysfs:s0 tclass=file
09-11 13:14:23.167  2007  2007 W keystore: type=1400 audit(0.0:1000): avc: granted { getattr } for path="/vendor" dev="rootfs" ino=4476 scontext=u:r:keystore:s0 tcontext=u:object_r:rootfs:s0 tclass=lnk_file
09-11 13:14:23.190  1984  1990 I chatty  : uid=0(root) /system/bin/dex2oat expire 2 lines
09-11 13:14:23.191  1984  1989 I chatty  : uid=0(root) /system/bin/dex2oat expire 1 line
09-11 13:14:23.247  2007  2007 W keystore: type=1400 audit(0.0:1001): avc: granted { read } for name="online" dev="sysfs" ino=34 scontext=u:r:keystore:s0 tcontext=u:object_r:sysfs:s0 tclass=file
09-11 13:14:23.247  2007  2007 W keystore: type=1400 audit(0.0:1002): avc: granted { read open } for name="online" dev="sysfs" ino=34 scontext=u:r:keystore:s0 tcontext=u:object_r:sysfs:s0 tclass=file
09-11 13:14:23.247  2007  2007 W keystore: type=1400 audit(0.0:1003): avc: granted { getattr } for path="/sys/devices/system/cpu/online" dev="sysfs" ino=34 scontext=u:r:keystore:s0 tcontext=u:object_r:sysfs:s0 tclass=file
09-11 13:14:28.163  2008  2008 W keystore: type=1400 audit(0.0:1004): avc: granted { getattr } for path="/vendor" dev="rootfs" ino=4476 scontext=u:r:keystore:s0 tcontext=u:object_r:rootfs:s0 tclass=lnk_file
09-11 13:14:28.383  2008  2008 W keystore: type=1400 audit(0.0:1005): avc: granted { read } for name="online" dev="sysfs" ino=34 scontext=u:r:keystore:s0 tcontext=u:object_r:sysfs:s0 tclass=file
09-11 13:14:28.383  2008  2008 W keystore: type=1400 audit(0.0:1006): avc: granted { read open } for name="online" dev="sysfs" ino=34 scontext=u:r:keystore:s0 tcontext=u:object_r:sysfs:s0 tclass=file
09-11 13:14:28.383  2008  2008 W keystore: type=1400 audit(0.0:1007): avc: granted { getattr } for path="/sys/devices/system/cpu/online" dev="sysfs" ino=34 scontext=u:r:keystore:s0 tcontext=u:object_r:sysfs:s0 tclass=file
09-11 13:14:33.178  2009  2009 W keystore: type=1400 audit(0.0:1008): avc: granted { getattr } for path="/vendor" dev="rootfs" ino=4476 scontext=u:r:keystore:s0 tcontext=u:object_r:rootfs:s0 tclass=lnk_file
09-11 13:14:33.348  2009  2009 W keystore: type=1400 audit(0.0:1009): avc: granted { read } for name="online" dev="sysfs" ino=34 scontext=u:r:keystore:s0 tcontext=u:object_r:sysfs:s0 tclass=file
09-11 13:14:33.348  2009  2009 W keystore: type=1400 audit(0.0:1010): avc: granted { read open } for name="online" dev="sysfs" ino=34 scontext=u:r:keystore:s0 tcontext=u:object_r:sysfs:s0 tclass=file
09-11 13:14:33.348  2009  2009 W keystore: type=1400 audit(0.0:1011): avc: granted { getattr } for path="/sys/devices/system/cpu/online" dev="sysfs" ino=34 scontext=u:r:keystore:s0 tcontext=u:object_r:sysfs:s0 tclass=file
09-11 13:14:38.173  2010  2010 W keystore: type=1400 audit(0.0:1012): avc: granted { getattr } for path="/vendor" dev="rootfs" ino=4476 scontext=u:r:keystore:s0 tcontext=u:object_r:rootfs:s0 tclass=lnk_file
09-11 13:14:38.393  2010  2010 W keystore: type=1400 audit(0.0:1013): avc: granted { read } for name="online" dev="sysfs" ino=34 scontext=u:r:keystore:s0 tcontext=u:object_r:sysfs:s0 tclass=file
09-11 13:14:38.393  2010  2010 W keystore: type=1400 audit(0.0:1014): avc: granted { read open } for name="online" dev="sysfs" ino=34 scontext=u:r:keystore:s0 tcontext=u:object_r:sysfs:s0 tclass=file
09-11 13:14:38.393  2010  2010 W keystore: type=1400 audit(0.0:1015): avc: granted { getattr } for path="/sys/devices/system/cpu/online" dev="sysfs" ino=34 scontext=u:r:keystore:s0 tcontext=u:object_r:sysfs:s0 tclass=file
09-11 13:14:42.844  1924  1924 I chatty  : uid=0(root) expire 29 lines
09-11 13:14:42.862  1924  1924 D Zygote32Timing: BeginIcuCachePinning took to complete: 18ms
09-11 13:14:43.172  1924  1924 E ActivityRecognitionHardware: activity_recognition HAL is deprecated. class_init is effectively a no-op
09-11 13:14:43.179  2015  2015 W keystore: type=1400 audit(0.0:1016): avc: granted { getattr } for path="/vendor" dev="rootfs" ino=4476 scontext=u:r:keystore:s0 tcontext=u:object_r:rootfs:s0 tclass=lnk_file
09-11 13:14:43.200  1924  1924 I zygote  : Thread[1,tid=1924,Native,Thread*=0xa66bc000,peer=0x12c01c70,"main"] recursive attempt to load library "/system/lib/libmedia_jni.so"
09-11 13:14:43.201  1924  1924 D MtpDeviceJNI: register_android_mtp_MtpDevice
09-11 13:14:43.201  1924  1924 I zygote  : Thread[1,tid=1924,Native,Thread*=0xa66bc000,peer=0x12c01c70,"main"] recursive attempt to load library "/system/lib/libmedia_jni.so"
09-11 13:14:43.202  1924  1924 I zygote  : Thread[1,tid=1924,Native,Thread*=0xa66bc000,peer=0x12c01c70,"main"] recursive attempt to load library "/system/lib/libmedia_jni.so"
09-11 13:14:43.329  1924  1924 W main    : type=1400 audit(0.0:1017): avc: granted { read } for name="cpu" dev="sysfs" ino=32 scontext=u:r:zygote:s0 tcontext=u:object_r:sysfs:s0 tclass=dir
09-11 13:14:43.329  1924  1924 W main    : type=1400 audit(0.0:1018): avc: granted { read open } for name="cpu" dev="sysfs" ino=32 scontext=u:r:zygote:s0 tcontext=u:object_r:sysfs:s0 tclass=dir
09-11 13:14:43.409  2015  2015 W keystore: type=1400 audit(0.0:1019): avc: granted { read } for name="online" dev="sysfs" ino=34 scontext=u:r:keystore:s0 tcontext=u:object_r:sysfs:s0 tclass=file
09-11 13:14:43.409  2015  2015 W keystore: type=1400 audit(0.0:1020): avc: granted { read open } for name="online" dev="sysfs" ino=34 scontext=u:r:keystore:s0 tcontext=u:object_r:sysfs:s0 tclass=file
09-11 13:14:43.409  2015  2015 W keystore: type=1400 audit(0.0:1021): avc: granted { getattr } for path="/sys/devices/system/cpu/online" dev="sysfs" ino=34 scontext=u:r:keystore:s0 tcontext=u:object_r:sysfs:s0 tclass=file
09-11 13:14:43.430   342   342 I chatty  : uid=1000(system) hwservicemanage expire 10 lines
09-11 13:14:43.449  1924  1924 I System  : Loaded time zone names for "" in 97ms (96ms in ICU)
09-11 13:14:43.499  1924  1924 I System  : Loaded time zone names for "en_US" in 48ms (47ms in ICU)
09-11 13:14:43.517  1924  1924 I Zygote  : ...preloaded 4570 classes in 655ms.
09-11 13:14:43.517  1924  1924 I zygote  : VMRuntime.preloadDexCaches starting
09-11 13:14:43.671  1924  1924 I zygote  : VMRuntime.preloadDexCaches strings total=306914 before=2849 after=2849
09-11 13:14:43.671  1924  1924 I zygote  : VMRuntime.preloadDexCaches types total=26189 before=2675 after=3315
09-11 13:14:43.671  1924  1924 I zygote  : VMRuntime.preloadDexCaches fields total=124019 before=2152 after=1211
09-11 13:14:43.671  1924  1924 I zygote  : VMRuntime.preloadDexCaches methods total=219998 before=87638 after=87736
09-11 13:14:43.671  1924  1924 I zygote  : VMRuntime.preloadDexCaches finished
09-11 13:14:43.671  1924  1924 D Zygote32Timing: PreloadClasses took to complete: 809ms
09-11 13:14:44.388  1924  1924 D Zygote32Timing: PreloadResources took to complete: 717ms
09-11 13:14:44.775  1924  1924 D Zygote32Timing: ZygotePreload took to complete: 1931ms
09-11 13:14:45.031  1924  1924 D Zygote32Timing: PostZygoteInitGC took to complete: 256ms
09-11 13:14:45.031  1924  1924 D Zygote32Timing: ZygoteInit took to complete: 2188ms
09-11 13:14:45.371  2028  2028 I chatty  : uid=1000(system) /system/bin/dex2oat expire 11 lines
09-11 13:14:48.174  2034  2034 W keystore: type=1400 audit(0.0:1028): avc: granted { getattr } for path="/vendor" dev="rootfs" ino=4476 scontext=u:r:keystore:s0 tcontext=u:object_r:rootfs:s0 tclass=lnk_file
09-11 13:14:48.244  2034  2034 W keystore: type=1400 audit(0.0:1029): avc: granted { read } for name="online" dev="sysfs" ino=34 scontext=u:r:keystore:s0 tcontext=u:object_r:sysfs:s0 tclass=file
09-11 13:14:48.244  2034  2034 W keystore: type=1400 audit(0.0:1030): avc: granted { read open } for name="online" dev="sysfs" ino=34 scontext=u:r:keystore:s0 tcontext=u:object_r:sysfs:s0 tclass=file
09-11 13:14:48.244  2034  2034 W keystore: type=1400 audit(0.0:1031): avc: granted { getattr } for path="/sys/devices/system/cpu/online" dev="sysfs" ino=34 scontext=u:r:keystore:s0 tcontext=u:object_r:sysfs:s0 tclass=file
09-11 13:14:51.976  2028  2031 I chatty  : uid=1000(system) /system/bin/dex2oat expire 8 lines
09-11 13:14:52.133  2028  2033 I chatty  : uid=1000(system) /system/bin/dex2oat expire 10 lines
09-11 13:14:53.067  2028  2032 I chatty  : uid=1000(system) /system/bin/dex2oat expire 6 lines
09-11 13:14:53.189  2035  2035 W keystore: type=1400 audit(0.0:1032): avc: granted { getattr } for path="/vendor" dev="rootfs" ino=4476 scontext=u:r:keystore:s0 tcontext=u:object_r:rootfs:s0 tclass=lnk_file
09-11 13:14:53.540  2035  2035 W keystore: type=1400 audit(0.0:1033): avc: granted { read } for name="online" dev="sysfs" ino=34 scontext=u:r:keystore:s0 tcontext=u:object_r:sysfs:s0 tclass=file
09-11 13:14:53.550  2035  2035 W keystore: type=1400 audit(0.0:1034): avc: granted { read open } for name="online" dev="sysfs" ino=34 scontext=u:r:keystore:s0 tcontext=u:object_r:sysfs:s0 tclass=file
09-11 13:14:53.550  2035  2035 W keystore: type=1400 audit(0.0:1035): avc: granted { getattr } for path="/sys/devices/system/cpu/online" dev="sysfs" ino=34 scontext=u:r:keystore:s0 tcontext=u:object_r:sysfs:s0 tclass=file
09-11 13:14:58.195  2037  2037 W keystore: type=1400 audit(0.0:1036): avc: granted { getattr } for path="/vendor" dev="rootfs" ino=4476 scontext=u:r:keystore:s0 tcontext=u:object_r:rootfs:s0 tclass=lnk_file
09-11 13:14:58.495  2037  2037 W keystore: type=1400 audit(0.0:1037): avc: granted { read } for name="online" dev="sysfs" ino=34 scontext=u:r:keystore:s0 tcontext=u:object_r:sysfs:s0 tclass=file
09-11 13:14:58.495  2037  2037 W keystore: type=1400 audit(0.0:1038): avc: granted { read open } for name="online" dev="sysfs" ino=34 scontext=u:r:keystore:s0 tcontext=u:object_r:sysfs:s0 tclass=file
09-11 13:14:58.495  2037  2037 W keystore: type=1400 audit(0.0:1039): avc: granted { getattr } for path="/sys/devices/system/cpu/online" dev="sysfs" ino=34 scontext=u:r:keystore:s0 tcontext=u:object_r:sysfs:s0 tclass=file
09-11 13:14:59.886  2028  2028 I chatty  : uid=1000(system) /system/bin/dex2oat expire 9 lines
09-11 13:15:03.190  2038  2038 W keystore: type=1400 audit(0.0:1040): avc: granted { getattr } for path="/vendor" dev="rootfs" ino=4476 scontext=u:r:keystore:s0 tcontext=u:object_r:rootfs:s0 tclass=lnk_file
09-11 13:15:03.270  2038  2038 W keystore: type=1400 audit(0.0:1041): avc: granted { read } for name="online" dev="sysfs" ino=34 scontext=u:r:keystore:s0 tcontext=u:object_r:sysfs:s0 tclass=file
09-11 13:15:03.270  2038  2038 W keystore: type=1400 audit(0.0:1042): avc: granted { read open } for name="online" dev="sysfs" ino=34 scontext=u:r:keystore:s0 tcontext=u:object_r:sysfs:s0 tclass=file
09-11 13:15:03.270  2038  2038 W keystore: type=1400 audit(0.0:1043): avc: granted { getattr } for path="/sys/devices/system/cpu/online" dev="sysfs" ino=34 scontext=u:r:keystore:s0 tcontext=u:object_r:sysfs:s0 tclass=file
09-11 13:15:08.195  2039  2039 W keystore: type=1400 audit(0.0:1044): avc: granted { getattr } for path="/vendor" dev="rootfs" ino=4476 scontext=u:r:keystore:s0 tcontext=u:object_r:rootfs:s0 tclass=lnk_file
09-11 13:15:08.616  2039  2039 W keystore: type=1400 audit(0.0:1045): avc: granted { read } for name="online" dev="sysfs" ino=34 scontext=u:r:keystore:s0 tcontext=u:object_r:sysfs:s0 tclass=file
09-11 13:15:08.616  2039  2039 W keystore: type=1400 audit(0.0:1046): avc: granted { read open } for name="online" dev="sysfs" ino=34 scontext=u:r:keystore:s0 tcontext=u:object_r:sysfs:s0 tclass=file
09-11 13:15:08.616  2039  2039 W keystore: type=1400 audit(0.0:1047): avc: granted { getattr } for path="/sys/devices/system/cpu/online" dev="sysfs" ino=34 scontext=u:r:keystore:s0 tcontext=u:object_r:sysfs:s0 tclass=file
09-11 13:15:09.713  2028  2033 I chatty  : uid=1000(system) /system/bin/dex2oat expire 10 lines
09-11 13:15:13.211  2040  2040 W keystore: type=1400 audit(0.0:1048): avc: granted { getattr } for path="/vendor" dev="rootfs" ino=4476 scontext=u:r:keystore:s0 tcontext=u:object_r:rootfs:s0 tclass=lnk_file
09-11 13:15:13.721  2040  2040 W keystore: type=1400 audit(0.0:1049): avc: granted { read } for name="online" dev="sysfs" ino=34 scontext=u:r:keystore:s0 tcontext=u:object_r:sysfs:s0 tclass=file
09-11 13:15:13.741  2040  2040 W keystore: type=1400 audit(0.0:1050): avc: granted { read open } for name="online" dev="sysfs" ino=34 scontext=u:r:keystore:s0 tcontext=u:object_r:sysfs:s0 tclass=file
09-11 13:15:13.741  2040  2040 W keystore: type=1400 audit(0.0:1051): avc: granted { getattr } for path="/sys/devices/system/cpu/online" dev="sysfs" ino=34 scontext=u:r:keystore:s0 tcontext=u:object_r:sysfs:s0 tclass=file
09-11 13:15:18.206  2041  2041 W keystore: type=1400 audit(0.0:1052): avc: granted { getattr } for path="/vendor" dev="rootfs" ino=4476 scontext=u:r:keystore:s0 tcontext=u:object_r:rootfs:s0 tclass=lnk_file
09-11 13:15:18.736  2041  2041 W keystore: type=1400 audit(0.0:1053): avc: granted { read } for name="online" dev="sysfs" ino=34 scontext=u:r:keystore:s0 tcontext=u:object_r:sysfs:s0 tclass=file
09-11 13:15:18.736  2041  2041 W keystore: type=1400 audit(0.0:1054): avc: granted { read open } for name="online" dev="sysfs" ino=34 scontext=u:r:keystore:s0 tcontext=u:object_r:sysfs:s0 tclass=file
09-11 13:15:18.736  2041  2041 W keystore: type=1400 audit(0.0:1055): avc: granted { getattr } for path="/sys/devices/system/cpu/online" dev="sysfs" ino=34 scontext=u:r:keystore:s0 tcontext=u:object_r:sysfs:s0 tclass=file
09-11 13:15:23.211  2042  2042 W keystore: type=1400 audit(0.0:1056): avc: granted { getattr } for path="/vendor" dev="rootfs" ino=4476 scontext=u:r:keystore:s0 tcontext=u:object_r:rootfs:s0 tclass=lnk_file
09-11 13:15:23.361  2028  2028 W dex2oat : Compilation of int com.android.server.wm.WindowManagerService.addWindow(com.android.server.wm.Session, android.view.IWindow, int, android.view.WindowManager$LayoutParams, int, int, android.graphics.Rect, android.graphics.Rect, android.graphics.Rect, android.view.InputChannel) took 236.685ms
09-11 13:15:23.462  2042  2042 W keystore: type=1400 audit(0.0:1057): avc: granted { read } for name="online" dev="sysfs" ino=34 scontext=u:r:keystore:s0 tcontext=u:object_r:sysfs:s0 tclass=file
09-11 13:15:23.472  2042  2042 W keystore: type=1400 audit(0.0:1058): avc: granted { read open } for name="online" dev="sysfs" ino=34 scontext=u:r:keystore:s0 tcontext=u:object_r:sysfs:s0 tclass=file
09-11 13:15:23.472  2042  2042 W keystore: type=1400 audit(0.0:1059): avc: granted { getattr } for path="/sys/devices/system/cpu/online" dev="sysfs" ino=34 scontext=u:r:keystore:s0 tcontext=u:object_r:sysfs:s0 tclass=file
09-11 13:15:24.082  2028  2028 W dex2oat : Compilation of int com.android.server.wm.WindowManagerService.relayoutWindow(com.android.server.wm.Session, android.view.IWindow, int, android.view.WindowManager$LayoutParams, int, int, int, int, android.graphics.Rect, android.graphics.Rect, android.graphics.Rect, android.graphics.Rect, android.graphics.Rect, android.graphics.Rect, android.graphics.Rect, android.util.MergedConfiguration, android.view.Surface) took 103.830ms
09-11 13:15:27.321  2028  2028 I dex2oat : dex2oat took 41.804s (136.134s cpu) (threads: 4) arena alloc=10MB (10898384B) java alloc=2MB (2554184B) native alloc=28MB (29415600B) free=15MB (16197456B)
09-11 13:15:27.356  2043  2043 I chatty  : uid=1000(system) /system/bin/dex2oat expire 2 lines
09-11 13:15:27.406  2043  2043 W dex2oat : type=1400 audit(0.0:1062): avc: granted { read open } for name="online" dev="sysfs" ino=34 scontext=u:r:dex2oat:s0 tcontext=u:object_r:sysfs:s0 tclass=file
09-11 13:15:27.406  2043  2043 W dex2oat : type=1400 audit(0.0:1063): avc: granted { getattr } for path="/sys/devices/system/cpu/online" dev="sysfs" ino=34 scontext=u:r:dex2oat:s0 tcontext=u:object_r:sysfs:s0 tclass=file
09-11 13:15:27.406  2043  2043 W dex2oat : type=1400 audit(0.0:1064): avc: granted { read } for name="cpu" dev="sysfs" ino=32 scontext=u:r:dex2oat:s0 tcontext=u:object_r:sysfs:s0 tclass=dir
09-11 13:15:27.406  2043  2043 W dex2oat : type=1400 audit(0.0:1065): avc: granted { read open } for name="cpu" dev="sysfs" ino=32 scontext=u:r:dex2oat:s0 tcontext=u:object_r:sysfs:s0 tclass=dir
09-11 13:15:27.417  2043  2043 I dex2oat : /system/bin/dex2oat --input-vdex-fd=-1 --output-vdex-fd=9 --compiler-filter=speed --classpath-dir=/system/framework
09-11 13:15:28.207  2045  2045 W keystore: type=1400 audit(0.0:1066): avc: granted { getattr } for path="/vendor" dev="rootfs" ino=4476 scontext=u:r:keystore:s0 tcontext=u:object_r:rootfs:s0 tclass=lnk_file
09-11 13:15:28.287  2045  2045 W keystore: type=1400 audit(0.0:1067): avc: granted { read } for name="online" dev="sysfs" ino=34 scontext=u:r:keystore:s0 tcontext=u:object_r:sysfs:s0 tclass=file
09-11 13:15:28.287  2045  2045 W keystore: type=1400 audit(0.0:1068): avc: granted { read open } for name="online" dev="sysfs" ino=34 scontext=u:r:keystore:s0 tcontext=u:object_r:sysfs:s0 tclass=file
09-11 13:15:28.287  2045  2045 W keystore: type=1400 audit(0.0:1069): avc: granted { getattr } for path="/sys/devices/system/cpu/online" dev="sysfs" ino=34 scontext=u:r:keystore:s0 tcontext=u:object_r:sysfs:s0 tclass=file
09-11 13:15:28.877  2043  2043 I dex2oat : dex2oat took 1.461s (1.135s cpu) (threads: 4) arena alloc=287KB (294032B) java alloc=64KB (65960B) native alloc=1161KB (1189400B) free=1398KB (1432040B)
09-11 13:15:28.887  2049  2049 I chatty  : uid=1000(system) /system/bin/dex2oat expire 4 lines
09-11 13:15:28.927  2049  2049 W dex2oat : type=1400 audit(0.0:1074): avc: granted { read } for name="cpu" dev="sysfs" ino=32 scontext=u:r:dex2oat:s0 tcontext=u:object_r:sysfs:s0 tclass=dir
09-11 13:15:28.927  2049  2049 W dex2oat : type=1400 audit(0.0:1075): avc: granted { read open } for name="cpu" dev="sysfs" ino=32 scontext=u:r:dex2oat:s0 tcontext=u:object_r:sysfs:s0 tclass=dir
09-11 13:15:28.936  2049  2049 I dex2oat : /system/bin/dex2oat --input-vdex-fd=-1 --output-vdex-fd=9 --compiler-filter=speed --classpath-dir=/system/framework
09-11 13:15:31.250  2049  2053 W dex2oat : Compilation of java.lang.String android.hardware.wifi.supplicant.V1_0.ISupplicantStaIfaceCallback$StatusCode.dumpBitfield(int) took 155.531ms
09-11 13:15:32.583  2049  2053 W dex2oat : Compilation of java.lang.String com.android.server.wifi.WifiStateMachine.getLogRecString(android.os.Message) took 151.838ms
09-11 13:15:33.202  2054  2054 W keystore: type=1400 audit(0.0:1076): avc: granted { getattr } for path="/vendor" dev="rootfs" ino=4476 scontext=u:r:keystore:s0 tcontext=u:object_r:rootfs:s0 tclass=lnk_file
09-11 13:15:33.272  2054  2054 W keystore: type=1400 audit(0.0:1077): avc: granted { read } for name="online" dev="sysfs" ino=34 scontext=u:r:keystore:s0 tcontext=u:object_r:sysfs:s0 tclass=file
09-11 13:15:33.272  2054  2054 W keystore: type=1400 audit(0.0:1078): avc: granted { read open } for name="online" dev="sysfs" ino=34 scontext=u:r:keystore:s0 tcontext=u:object_r:sysfs:s0 tclass=file
09-11 13:15:33.272  2054  2054 W keystore: type=1400 audit(0.0:1079): avc: granted { getattr } for path="/sys/devices/system/cpu/online" dev="sysfs" ino=34 scontext=u:r:keystore:s0 tcontext=u:object_r:sysfs:s0 tclass=file
09-11 13:15:33.287   342   342 I chatty  : uid=1000(system) hwservicemanage expire 14 lines
09-11 13:15:33.790  2049  2049 I dex2oat : dex2oat took 4.856s (12.663s cpu) (threads: 4) arena alloc=9MB (10180760B) java alloc=557KB (571304B) native alloc=6MB (6652936B) free=14MB (15367160B)
09-11 13:15:33.803  2017  2017 I chatty  : uid=1000 system_server expire 56 lines
09-11 13:15:33.829  2017  2017 I SystemServer: InitBeforeStartServices
09-11 13:15:33.829  2017  2017 I SystemServer: Entered the Android system server!
09-11 13:15:34.040  2017  2017 D SystemServerTiming: InitBeforeStartServices took to complete: 212ms
09-11 13:15:34.041  2017  2017 I SystemServer: StartServices
09-11 13:15:34.041  2017  2017 I SystemServer: Reading configuration...
09-11 13:15:34.041  2017  2017 I SystemServer: ReadingSystemConfig
09-11 13:15:34.042  2017  2017 D SystemServerTiming: ReadingSystemConfig took to complete: 1ms
09-11 13:15:34.042  2017  2017 I SystemServer: StartInstaller
09-11 13:15:34.042  2017  2017 I SystemServiceManager: Starting com.android.server.pm.Installer
09-11 13:15:34.043  2017  2057 D SystemServerInitThreadPool: Started executing ReadingSystemConfig
09-11 13:15:34.047  2017  2017 D SystemServerTiming: StartInstaller took to complete: 5ms
09-11 13:15:34.047  2017  2017 I SystemServer: DeviceIdentifiersPolicyService
09-11 13:15:34.047  2017  2017 I SystemServiceManager: Starting com.android.server.os.DeviceIdentifiersPolicyService
09-11 13:15:34.049  2017  2017 D SystemServerTiming: DeviceIdentifiersPolicyService took to complete: 2ms
09-11 13:15:34.049  2017  2017 I SystemServer: StartActivityManager
09-11 13:15:34.049  2017  2017 I SystemServiceManager: Starting com.android.server.am.ActivityManagerService$Lifecycle
09-11 13:15:34.081  2017  2017 I ActivityManager: Memory class: 192
09-11 13:15:34.083  2017  2059 I ServiceThread: Enabled StrictMode logging for ActivityManager looper.
09-11 13:15:34.085  2017  2060 I ServiceThread: Enabled StrictMode logging for android.ui looper.
09-11 13:15:34.115  2017  2057 D SystemServerInitThreadPool: Finished executing ReadingSystemConfig
09-11 13:15:34.127  2017  2017 D BatteryStatsImpl: Reading daily items from /data/system/batterystats-daily.xml
09-11 13:15:34.248  2017  2017 I AppOps  : No existing app ops /data/system/appops.xml; starting empty
09-11 13:15:34.257  2017  2017 I IntentFirewall: Read new rules (A:0 B:0 S:0)
09-11 13:15:34.268  2017  2067 I ServiceThread: Enabled StrictMode logging for android.display looper.
09-11 13:15:34.277  2017  2017 D AppOps  : AppOpsService published
09-11 13:15:34.277  2017  2017 D SystemServerTiming: StartActivityManager took to complete: 229ms
09-11 13:15:34.278  2017  2017 I SystemServer: StartPowerManager
09-11 13:15:34.278  2017  2017 I SystemServiceManager: Starting com.android.server.power.PowerManagerService
09-11 13:15:34.280  2017  2069 I ServiceThread: Enabled StrictMode logging for PowerManagerService looper.
09-11 13:15:34.288  2017  2017 D SystemServerTiming: StartPowerManager took to complete: 11ms
09-11 13:15:34.289  2017  2017 I SystemServer: InitPowerManagement
09-11 13:15:34.290  2017  2017 D SystemServerTiming: InitPowerManagement took to complete: 1ms
09-11 13:15:34.290  2017  2017 I SystemServer: StartRecoverySystemService
09-11 13:15:34.291  2017  2017 I SystemServiceManager: Starting com.android.server.RecoverySystemService
09-11 13:15:34.292  2017  2017 D SystemServerTiming: StartRecoverySystemService took to complete: 1ms
09-11 13:15:34.293  2017  2017 V RescueParty: Disabled because of active USB connection
09-11 13:15:34.293  2017  2017 I SystemServer: StartLightsService
09-11 13:15:34.293  2017  2017 I SystemServiceManager: Starting com.android.server.lights.LightsService
09-11 13:15:34.294  2017  2017 D SystemServerTiming: StartLightsService took to complete: 1ms
09-11 13:15:34.294  2017  2017 I SystemServer: StartDisplayManager
09-11 13:15:34.295  2017  2017 I SystemServiceManager: Starting com.android.server.display.DisplayManagerService
09-11 13:15:34.298  2017  2017 D SystemServerTiming: StartDisplayManager took to complete: 4ms
09-11 13:15:34.298  2017  2017 I SystemServer: WaitForDisplay
09-11 13:15:34.298  2017  2017 I SystemServiceManager: Starting phase 100
09-11 13:15:34.311  2017  2067 I DisplayManagerService: Display device added: DisplayDeviceInfo{"Built-in Screen": uniqueId="local:0", 768 x 1280, modeId 1, defaultModeId 1, supportedModes [{id=1, width=768, height=1280, fps=60.0}], colorMode 0, supportedColorModes [0], HdrCapabilities android.view.Display$HdrCapabilities@a69d6308, density 320, 319.79 x 318.745 dpi, appVsyncOff 1000000, presDeadline 16666667, touch INTERNAL, rotation 0, type BUILT_IN, state UNKNOWN, FLAG_DEFAULT_DISPLAY, FLAG_ROTATES_WITH_CONTENT, FLAG_SECURE, FLAG_SUPPORTS_PROTECTED_BUFFERS}
09-11 13:15:34.313   358   358 D SurfaceFlinger: Set power mode=2, type=0 flinger=0xa7db6000
09-11 13:15:34.314   358   358 D SurfaceFlinger: Screen type=0 is already mode=2
09-11 13:15:34.334  2017  2067 I chatty  : uid=1000 system_server expire 8 lines
09-11 13:15:34.342  2017  2017 D SystemServerTiming: WaitForDisplay took to complete: 44ms
09-11 13:15:34.342  2017  2067 I DisplayManagerService: Display device changed state: "Built-in Screen", ON
09-11 13:15:34.343  2017  2017 I SystemServer: StartPackageManagerService
09-11 13:15:34.438  2017  2017 D SELinuxMMAC: Using policy file /system/etc/selinux/plat_mac_permissions.xml
09-11 13:15:34.444  2017  2017 D SELinuxMMAC: Using policy file /vendor/etc/selinux/nonplat_mac_permissions.xml
09-11 13:15:34.723  2017  2017 W PackageManager: Wiping cache directory because the system partition changed.
09-11 13:15:35.008  2017  2017 I PackageManager: Time to scan packages: 0.285 seconds
09-11 13:15:35.018  2017  2017 V PackageManager: reconcileAppsData for null u0 0x3 migrateAppData=true
09-11 13:15:35.342  2017  2017 V PackageManager: reconcileAppsData finished 18 packages
09-11 13:15:35.347  2017  2083 D SystemServerInitThreadPool: Started executing prepareAppData
09-11 13:15:35.353   343   513 I chatty  : uid=0(root) Binder:343_3 expire 15 lines
09-11 13:15:35.417  2017  2083 D SystemServerTimingAsync: AppDataFixup took to complete: 70ms
09-11 13:15:35.794  2017  2017 D PackageManager: Ephemeral resolver not found with new action; try old one
09-11 13:15:35.794  2017  2017 D PackageManager: Ephemeral resolver NOT found; no matching intent filters
09-11 13:15:35.795  2017  2017 D PackageManager: Ephemeral installer not found with new action; try old one
09-11 13:15:35.796  2017  2017 D PackageManager: Clear ephemeral installer activity
09-11 13:15:35.822  2017  2083 I chatty  : uid=1000 system_server expire 1 line
09-11 13:15:36.040  2017  2017 D SystemServerTiming: StartPackageManagerService took to complete: 1697ms
09-11 13:15:36.041  2017  2017 I SystemServer: StartOtaDexOptService
09-11 13:15:36.045  2017  2017 D OTADexopt: No upgrade, skipping A/B artifacts check.
09-11 13:15:36.045  2017  2017 D SystemServerTiming: StartOtaDexOptService took to complete: 5ms
09-11 13:15:36.046  2017  2017 I SystemServer: StartUserManagerService
09-11 13:15:36.046  2017  2017 I SystemServiceManager: Starting com.android.server.pm.UserManagerService$LifeCycle
09-11 13:15:36.048  2017  2017 D SystemServerTiming: StartUserManagerService took to complete: 2ms
09-11 13:15:36.048  2017  2017 I SystemServer: InitAttributerCache
09-11 13:15:36.048  2017  2017 D SystemServerTiming: InitAttributerCache took to complete: 1ms
09-11 13:15:36.049  2017  2017 I SystemServer: SetSystemProcess
09-11 13:15:36.075   345   345 I chatty  : uid=0(root) /system/bin/lmkd expire 12 lines
09-11 13:15:36.077  2017  2017 D SystemServerTiming: SetSystemProcess took to complete: 28ms
09-11 13:15:36.082  2017  2085 I ServiceThread: Enabled StrictMode logging for android.anim looper.
09-11 13:15:36.082  2017  2017 I SystemServer: StartOverlayManagerService
09-11 13:15:36.093  2017  2017 D SystemServerTiming: StartOverlayManagerService took to complete: 10ms
09-11 13:15:36.094  2017  2086 D SystemServerInitThreadPool: Started executing Init OverlayManagerService
09-11 13:15:36.095  2017  2017 I SystemServer: StartDropBoxManager
09-11 13:15:36.096  2017  2087 D SystemServerInitThreadPool: Started executing StartSensorService
09-11 13:15:36.097  2017  2087 D SensorService: nuSensorService starting...
09-11 13:15:36.097  2017  2017 I SystemServiceManager: Starting com.android.server.DropBoxManagerService
09-11 13:15:36.102  2017  2017 D SystemServerTiming: StartDropBoxManager took to complete: 7ms
09-11 13:15:36.102  2017  2017 I SystemServer: StartBatteryService
09-11 13:15:36.104  2017  2017 I SystemServiceManager: Starting com.android.server.BatteryService
09-11 13:15:36.127  2017  2062 E BatteryStatsService: Power Hal not loaded
09-11 13:15:36.129  2017  2055 V lights  : set_notification_led_locked: red 0 green 255 blue 0 onMS 0 offMS 0
09-11 13:15:36.137  2017  2017 D SystemServerTiming: StartBatteryService took to complete: 34ms
09-11 13:15:36.137  2017  2017 I SystemServer: StartUsageService
09-11 13:15:36.142  2017  2017 I SystemServiceManager: Starting com.android.server.usage.UsageStatsService
09-11 13:15:36.205  2017  2017 W SystemServiceManager: Service com.android.server.usage.UsageStatsService took 56 ms in onStart
09-11 13:15:36.205  2017  2017 D SystemServerTiming: StartUsageService took to complete: 67ms
09-11 13:15:36.205  2017  2017 I SystemServer: StartWebViewUpdateService
09-11 13:15:36.217  2017  2017 I SystemServiceManager: Starting com.android.server.webkit.WebViewUpdateService
09-11 13:15:36.243  2017  2017 D SystemServerTiming: StartWebViewUpdateService took to complete: 37ms
09-11 13:15:36.248  2017  2017 I SystemServer: StartKeyAttestationApplicationIdProviderService
09-11 13:15:36.251  2017  2057 D SystemServerInitThreadPool: Started executing SecondaryZygotePreload
09-11 13:15:36.252  2017  2057 I SystemServer: SecondaryZygotePreload
09-11 13:15:36.257  2017  2057 I Zygote  : Process: zygote socket zygote opened, supported ABIS: armeabi-v7a,armeabi
09-11 13:15:36.261  2017  2017 D SystemServerTiming: StartKeyAttestationApplicationIdProviderService took to complete: 13ms
09-11 13:15:36.261  2017  2017 I SystemServer: StartKeyChainSystemService
09-11 13:15:36.262  2017  2086 D SystemServerInitThreadPool: Finished executing Init OverlayManagerService
09-11 13:15:36.262  2017  2017 I SystemServiceManager: Starting com.android.server.security.KeyChainSystemService
09-11 13:15:36.264  2017  2017 D SystemServerTiming: StartKeyChainSystemService took to complete: 2ms
09-11 13:15:36.264  2017  2017 I SystemServer: StartSchedulingPolicyService
09-11 13:15:36.267  2017  2017 D SystemServerTiming: StartSchedulingPolicyService took to complete: 3ms
09-11 13:15:36.268  2017  2017 I SystemServer: StartTelecomLoaderService
09-11 13:15:36.269  2017  2057 E SystemServer: Unable to preload default resources
09-11 13:15:36.269  2017  2017 I SystemServiceManager: Starting com.android.server.telecom.TelecomLoaderService
09-11 13:15:36.269  2017  2057 D SystemServerTimingAsync: SecondaryZygotePreload took to complete: 17ms
09-11 13:15:36.269  2017  2057 D SystemServerInitThreadPool: Finished executing SecondaryZygotePreload
09-11 13:15:36.271  2017  2017 D SystemServerTiming: StartTelecomLoaderService took to complete: 3ms
09-11 13:15:36.271  2017  2017 I SystemServer: StartTelephonyRegistry
09-11 13:15:36.284  2017  2017 D SystemServerTiming: StartTelephonyRegistry took to complete: 13ms
09-11 13:15:36.284  2017  2017 I SystemServer: StartEntropyMixer
09-11 13:15:36.295  2017  2017 I EntropyMixer: Added HW RNG output to entropy pool
09-11 13:15:36.295  2017  2017 I EntropyMixer: Writing entropy...
09-11 13:15:36.437  2017  2017 D SystemServerTiming: StartEntropyMixer took to complete: 153ms
09-11 13:15:36.438  2017  2017 I SystemServer: Camera Service Proxy
09-11 13:15:36.438  2017  2017 I SystemServer: StartCameraServiceProxy
09-11 13:15:36.439  2017  2017 I SystemServiceManager: Starting com.android.server.camera.CameraServiceProxy
09-11 13:15:36.446  2017  2092 I ServiceThread: Enabled StrictMode logging for CameraService_proxy looper.
09-11 13:15:36.449  2017  2017 D SystemServerTiming: StartCameraServiceProxy took to complete: 11ms
09-11 13:15:36.449  2017  2017 I SystemServer: StartAccountManagerService
09-11 13:15:36.451  2017  2017 I SystemServiceManager: Starting com.android.server.accounts.AccountManagerService$Lifecycle
09-11 13:15:36.481  2017  2017 D SystemServerTiming: StartAccountManagerService took to complete: 31ms
09-11 13:15:36.482  2017  2017 I SystemServer: StartContentService
09-11 13:15:36.483  2017  2017 I SystemServiceManager: Starting com.android.server.content.ContentService$Lifecycle
09-11 13:15:36.492  2017  2017 D SystemServerTiming: StartContentService took to complete: 10ms
09-11 13:15:36.492  2017  2017 I SystemServer: InstallSystemProviders
09-11 13:15:36.745  2017  2017 I SettingsState: No settings state /data/system/users/0/settings_ssaid.xml
09-11 13:15:36.787  2017  2017 W RescueParty: Attempting rescue level RESET_SETTINGS_UNTRUSTED_CHANGES
09-11 13:15:36.805  2017  2017 D PackageManager: Finished rescue level RESET_SETTINGS_UNTRUSTED_CHANGES
09-11 13:15:36.813  2017  2017 D SystemServerTiming: InstallSystemProviders took to complete: 320ms
09-11 13:15:36.813  2017  2017 I SystemServer: StartVibratorService
09-11 13:15:36.840  2017  2017 I vndksupport: sphal namespace is not configured for this process. Loading /vendor/lib/hw/vibrator.default.so from the current namespace instead.
09-11 13:15:36.847  2017  2017 D         : Vibrator using timed_output
09-11 13:15:36.859  2017  2017 D SystemServerTiming: StartVibratorService took to complete: 46ms
09-11 13:15:36.859  2017  2017 I SystemServer: StartConsumerIrService
09-11 13:15:36.867  2017  2017 D SystemServerTiming: StartConsumerIrService took to complete: 8ms
09-11 13:15:36.868  2017  2017 I SystemServer: StartAlarmManagerService
09-11 13:15:36.868  2017  2017 I SystemServiceManager: Starting com.android.server.AlarmManagerService
09-11 13:15:36.878  2017  2017 D AlarmManagerService: Kernel timezone updated to 0 minutes west of GMT
09-11 13:15:36.895  2017  2017 D SystemServerTiming: StartAlarmManagerService took to complete: 27ms
09-11 13:15:36.895  2017  2017 I SystemServer: InitWatchdog
09-11 13:15:36.897  2017  2017 D SystemServerTiming: InitWatchdog took to complete: 2ms
09-11 13:15:36.897  2017  2017 I SystemServer: StartInputManagerService
09-11 13:15:36.899  2017  2017 I InputManager: Initializing input manager, mUseDevInputEventForAudioJack=true
09-11 13:15:36.903  2017  2017 D SystemServerTiming: StartInputManagerService took to complete: 6ms
09-11 13:15:36.903  2017  2017 I SystemServer: StartWindowManagerService
09-11 13:15:37.254  2017  2087 E libsensor1: sensor1_open: Error in connect() errno=2 No such file or directory
09-11 13:15:37.255  2017  2087 E sensor_reg: sensor_reg_sensor1_open: sensor1_open returned 11
09-11 13:15:37.255  2017  2087 E qcom_sensors_hal: hal_init: Error in sensor_reg_open(): -1
09-11 13:15:37.256  2017  2087 F system_server: Sensors.cpp:98] Check failed: getHalDeviceVersion() >= ((((1) & 0xff) << 24) | (((3) & 0xff) << 16) | ((1) & 0xffff)) (getHalDeviceVersion()=16777217, ((((1) & 0xff) << 24) | (((3) & 0xff) << 16) | ((1) & 0xffff))=16973825) 
09-11 13:15:37.256  2017  2083 D SystemServerTimingAsync: AppDataPrepare took to complete: 1839ms
09-11 13:15:37.257  2017  2083 I PackageManager: Deferred reconcileAppsData finished 62 packages
