09-11 13:15:55.105  2292  2310 E BatteryStatsService: Power Hal not loaded
09-11 13:15:55.105  2292  2303 V lights  : set_notification_led_locked: red 0 green 255 blue 0 onMS 0 offMS 0
09-11 13:15:55.108  2292  2292 D SystemServerTiming: StartBatteryService took to complete: 17ms
09-11 13:15:55.109  2292  2292 I SystemServer: StartUsageService
09-11 13:15:55.109  2292  2292 I SystemServiceManager: Starting com.android.server.usage.UsageStatsService
09-11 13:15:55.118  2292  2292 D SystemServerTiming: StartUsageService took to complete: 10ms
09-11 13:15:55.119  2292  2292 I SystemServer: StartWebViewUpdateService
09-11 13:15:55.119  2292  2292 I SystemServiceManager: Starting com.android.server.webkit.WebViewUpdateService
09-11 13:15:55.119  2292  2334 D SystemServerInitThreadPool: Finished executing Init OverlayManagerService
09-11 13:15:55.124  2292  2292 D SystemServerTiming: StartWebViewUpdateService took to complete: 5ms
09-11 13:15:55.125  2292  2292 I SystemServer: StartKeyAttestationApplicationIdProviderService
09-11 13:15:55.125  2292  2305 D SystemServerInitThreadPool: Started executing SecondaryZygotePreload
09-11 13:15:55.125  2292  2305 I SystemServer: SecondaryZygotePreload
09-11 13:15:55.126  2292  2305 I Zygote  : Process: zygote socket zygote opened, supported ABIS: armeabi-v7a,armeabi
09-11 13:15:55.127  2292  2292 D SystemServerTiming: StartKeyAttestationApplicationIdProviderService took to complete: 2ms
09-11 13:15:55.127  2292  2292 I SystemServer: StartKeyChainSystemService
09-11 13:15:55.127  2292  2292 I SystemServiceManager: Starting com.android.server.security.KeyChainSystemService
09-11 13:15:55.128  2292  2292 D SystemServerTiming: StartKeyChainSystemService took to complete: 1ms
09-11 13:15:55.128  2292  2292 I SystemServer: StartSchedulingPolicyService
09-11 13:15:55.129  2292  2292 D SystemServerTiming: StartSchedulingPolicyService took to complete: 1ms
09-11 13:15:55.129  2292  2292 I SystemServer: StartTelecomLoaderService
09-11 13:15:55.129  2292  2292 I SystemServiceManager: Starting com.android.server.telecom.TelecomLoaderService
09-11 13:15:55.129  2292  2292 D SystemServerTiming: StartTelecomLoaderService took to complete: 1ms
09-11 13:15:55.130  2292  2292 I SystemServer: StartTelephonyRegistry
09-11 13:15:55.134  2292  2292 D SystemServerTiming: StartTelephonyRegistry took to complete: 4ms
09-11 13:15:55.134  2292  2292 I SystemServer: StartEntropyMixer
09-11 13:15:55.137  2292  2305 E SystemServer: Unable to preload default resources
09-11 13:15:55.137  2292  2305 D SystemServerTimingAsync: SecondaryZygotePreload took to complete: 12ms
09-11 13:15:55.137  2292  2305 D SystemServerInitThreadPool: Finished executing SecondaryZygotePreload
09-11 13:15:55.138  2292  2292 I EntropyMixer: Added HW RNG output to entropy pool
09-11 13:15:55.138  2292  2292 I EntropyMixer: Writing entropy...
09-11 13:15:55.158  2292  2292 D SystemServerTiming: StartEntropyMixer took to complete: 24ms
09-11 13:15:55.158  2292  2292 I SystemServer: Camera Service Proxy
09-11 13:15:55.158  2292  2292 I SystemServer: StartCameraServiceProxy
09-11 13:15:55.158  2292  2292 I SystemServiceManager: Starting com.android.server.camera.CameraServiceProxy
09-11 13:15:55.161  2292  2340 I ServiceThread: Enabled StrictMode logging for CameraService_proxy looper.
09-11 13:15:55.161  2292  2292 D SystemServerTiming: StartCameraServiceProxy took to complete: 4ms
09-11 13:15:55.162  2292  2292 I SystemServer: StartAccountManagerService
09-11 13:15:55.162  2292  2292 I SystemServiceManager: Starting com.android.server.accounts.AccountManagerService$Lifecycle
09-11 13:15:55.171  2292  2292 D SystemServerTiming: StartAccountManagerService took to complete: 9ms
09-11 13:15:55.171  2292  2292 I SystemServer: StartContentService
09-11 13:15:55.171  2292  2292 I SystemServiceManager: Starting com.android.server.content.ContentService$Lifecycle
09-11 13:15:55.174  2292  2292 D SystemServerTiming: StartContentService took to complete: 3ms
09-11 13:15:55.174  2292  2292 I SystemServer: InstallSystemProviders
09-11 13:15:55.247  2292  2292 I SettingsState: No settings state /data/system/users/0/settings_ssaid.xml
09-11 13:15:55.259  2292  2292 W RescueParty: Attempting rescue level RESET_SETTINGS_UNTRUSTED_CHANGES
09-11 13:15:55.264  2292  2292 D PackageManager: Finished rescue level RESET_SETTINGS_UNTRUSTED_CHANGES
09-11 13:15:55.267  2292  2292 D SystemServerTiming: InstallSystemProviders took to complete: 93ms
09-11 13:15:55.267  2292  2292 I SystemServer: StartVibratorService
09-11 13:15:55.275  2292  2292 I vndksupport: sphal namespace is not configured for this process. Loading /vendor/lib/hw/vibrator.default.so from the current namespace instead.
09-11 13:15:55.277  2292  2292 D         : Vibrator using timed_output
09-11 13:15:55.280  2292  2292 D SystemServerTiming: StartVibratorService took to complete: 13ms
09-11 13:15:55.280  2292  2292 I SystemServer: StartConsumerIrService
09-11 13:15:55.283  2292  2292 D SystemServerTiming: StartConsumerIrService took to complete: 3ms
09-11 13:15:55.283  2292  2292 I SystemServer: StartAlarmManagerService
09-11 13:15:55.283  2292  2292 I SystemServiceManager: Starting com.android.server.AlarmManagerService
09-11 13:15:55.286  2292  2292 D AlarmManagerService: Kernel timezone updated to 0 minutes west of GMT
09-11 13:15:55.292  2292  2292 D SystemServerTiming: StartAlarmManagerService took to complete: 9ms
09-11 13:15:55.292  2292  2292 I SystemServer: InitWatchdog
09-11 13:15:55.292  2292  2292 D SystemServerTiming: InitWatchdog took to complete: 0ms
09-11 13:15:55.292  2292  2292 I SystemServer: StartInputManagerService
09-11 13:15:55.293  2292  2292 I InputManager: Initializing input manager, mUseDevInputEventForAudioJack=true
09-11 13:15:55.294  2292  2292 D SystemServerTiming: StartInputManagerService took to complete: 2ms
09-11 13:15:55.294  2292  2292 I SystemServer: StartWindowManagerService
09-11 13:15:55.367  2292  2331 D SystemServerTimingAsync: AppDataPrepare took to complete: 499ms
09-11 13:15:55.367  2292  2331 I PackageManager: Deferred reconcileAppsData finished 62 packages
09-11 13:15:55.367  2292  2331 D SystemServerInitThreadPool: Finished executing prepareAppData
09-11 13:15:56.118  2292  2335 E libsensor1: sensor1_open: Error in connect() errno=2 No such file or directory
09-11 13:15:56.118  2292  2335 E sensor_reg: sensor_reg_sensor1_open: sensor1_open returned 11
09-11 13:15:56.118  2292  2335 E qcom_sensors_hal: hal_init: Error in sensor_reg_open(): -1
09-11 13:15:56.118  2292  2335 F system_server: Sensors.cpp:98] Check failed: getHalDeviceVersion() >= ((((1) & 0xff) << 24) | (((3) & 0xff) << 16) | ((1) & 0xffff)) (getHalDeviceVersion()=16777217, ((((1) & 0xff) << 24) | (((3) & 0xff) << 16) | ((1) & 0xffff))=16973825) 
09-11 13:15:56.119  2292  2335 F libc    : Fatal signal 6 (SIGABRT), code -6 in tid 2335 (system-server-i)
09-11 13:15:56.142  2346  2346 E libc    : failed to raise ambient capability 36: Invalid argument
09-11 13:15:56.216  2346  2346 I crash_dump32: type=1400 audit(0.0:1169): avc: denied { read } for name="online" dev="sysfs" ino=34 scontext=u:r:crash_dump:s0 tcontext=u:object_r:sysfs:s0 tclass=file permissive=1
09-11 13:15:56.216  2346  2346 I crash_dump32: type=1400 audit(0.0:1170): avc: denied { open } for name="online" dev="sysfs" ino=34 scontext=u:r:crash_dump:s0 tcontext=u:object_r:sysfs:s0 tclass=file permissive=1
09-11 13:15:56.216  2346  2346 I crash_dump32: type=1400 audit(0.0:1171): avc: denied { getattr } for path="/sys/devices/system/cpu/online" dev="sysfs" ino=34 scontext=u:r:crash_dump:s0 tcontext=u:object_r:sysfs:s0 tclass=file permissive=1
09-11 13:15:56.312  2347  2347 I crash_dump32: obtaining output fd from tombstoned
09-11 13:15:56.313   359   359 I /system/bin/tombstoned: received crash request for pid 2292
09-11 13:15:56.314  2347  2347 I crash_dump32: performing dump of process 2292 (target tid = 2335)
09-11 13:15:56.315  2292  2335 F libc    : failed to resend signal during crash: Operation not permitted
09-11 13:15:56.316  2347  2347 E DEBUG   : unexpected waitpid response: n=2335, status=00000100
09-11 13:15:56.317   359   359 W /system/bin/tombstoned: crash socket received short read of length 0 (expected 8)
09-11 13:15:57.818  2351  2351 I chatty  : uid=0(root) /system/bin/netd expire 24 lines
09-11 13:15:57.888  2352  2352 I chatty  : uid=0(root) /system/bin/iptables-restore expire 1 line
09-11 13:15:57.918  2353  2353 I chatty  : uid=0(root) /system/bin/ip6tables-restore expire 1 line
09-11 13:15:57.938  2354  2354 I chatty  : uid=0(root) /system/bin/iptables expire 1 line
09-11 13:15:57.968  2355  2355 I chatty  : uid=0(root) /system/bin/ip6tables expire 1 line
09-11 13:15:57.988  2356  2356 I chatty  : uid=0(root) /system/bin/iptables expire 1 line
09-11 13:15:58.018  2357  2357 I chatty  : uid=0(root) /system/bin/ip6tables expire 1 line
09-11 13:15:58.048  2358  2358 I chatty  : uid=0(root) /system/bin/iptables expire 1 line
09-11 13:15:58.078  2359  2359 I chatty  : uid=0(root) /system/bin/ip6tables expire 1 line
09-11 13:15:58.098  2360  2360 I chatty  : uid=0(root) /system/bin/iptables expire 1 line
09-11 13:15:58.118  2361  2361 I chatty  : uid=0(root) /system/bin/ip6tables expire 1 line
09-11 13:15:58.149  2362  2362 I chatty  : uid=0(root) /system/bin/iptables expire 1 line
09-11 13:15:58.169  2363  2363 I chatty  : uid=0(root) /system/bin/ip6tables expire 1 line
09-11 13:15:58.189  2364  2364 I chatty  : uid=0(root) /system/bin/iptables expire 1 line
09-11 13:15:58.209  2365  2365 I chatty  : uid=0(root) /system/bin/ip6tables expire 1 line
09-11 13:15:58.219  2366  2366 W keystore: type=1400 audit(0.0:1187): avc: granted { getattr } for path="/vendor" dev="rootfs" ino=4476 scontext=u:r:keystore:s0 tcontext=u:object_r:rootfs:s0 tclass=lnk_file
09-11 13:15:58.229  2367  2367 I chatty  : uid=0(root) /system/bin/iptables expire 1 line
09-11 13:15:58.249  2368  2368 I chatty  : uid=0(root) /system/bin/ip6tables expire 1 line
09-11 13:15:58.279  2369  2369 I chatty  : uid=0(root) /system/bin/iptables-restore expire 1 line
09-11 13:15:58.289  2370  2370 I chatty  : uid=0(root) /system/bin/ip6tables-restore expire 1 line
09-11 13:15:58.309  2366  2366 W keystore: type=1400 audit(0.0:1192): avc: granted { read } for name="online" dev="sysfs" ino=34 scontext=u:r:keystore:s0 tcontext=u:object_r:sysfs:s0 tclass=file
09-11 13:15:58.309  2366  2366 W keystore: type=1400 audit(0.0:1193): avc: granted { read open } for name="online" dev="sysfs" ino=34 scontext=u:r:keystore:s0 tcontext=u:object_r:sysfs:s0 tclass=file
09-11 13:15:58.309  2366  2366 W keystore: type=1400 audit(0.0:1194): avc: granted { getattr } for path="/sys/devices/system/cpu/online" dev="sysfs" ino=34 scontext=u:r:keystore:s0 tcontext=u:object_r:sysfs:s0 tclass=file
09-11 13:15:58.313  2349  2349 I FastMixerState: sMaxFastTracks = 8
09-11 13:15:58.314  2349  2349 I audioserver: ServiceManager: 0xa950e4a0
09-11 13:15:58.315  2349  2349 W BatteryNotifier: batterystats service unavailable!
09-11 13:15:58.319  2371  2371 I chatty  : uid=0(root) /system/bin/iptables-restore expire 1 line
09-11 13:15:58.339  2378  2378 I chatty  : uid=0(root) /system/bin/ip6tables-restore expire 1 line
09-11 13:15:58.340  2349  2349 I AudioFlinger: Using default 3000 mSec as standby time.
09-11 13:15:58.349  2349  2349 I APM::ConfigParsingUtils: loadAudioPolicyConfig() loaded /system/etc/audio_policy.conf
09-11 13:15:58.350  2349  2349 I vndksupport: sphal namespace is not configured for this process. Loading /vendor/lib/hw/audio.primary.msm8960.so from the current namespace instead.
09-11 13:15:58.355  2349  2349 D audio_hw_primary: adev_open: enter
09-11 13:15:58.374  2349  2349 I audio_hw_extn: audio_extn_set_snd_card_split: snd_card_name(apq8064-tabla-snd-card) device(apq8064) snd_card(tabla) form_factor(snd)
09-11 13:15:58.375  2349  2349 D platform_info: platform_info_init: Failed to open audio_platform_info.xml, using defaults.
09-11 13:15:58.375  2349  2349 I msm8974_platform: platform_init: found sound card apq8064-tabla-snd-card, primary sound card expeted is (null)
09-11 13:15:58.375  2349  2349 D msm8974_platform: platform_init: Loading mixer file: /system/etc/mixer_paths.xml
09-11 13:15:58.393  2351  2386 I chatty  : uid=0(root) /system/bin/netd expire 2 lines
09-11 13:15:58.420  2349  2349 E audio_route: unknown enum value string Off for ctl TTY Mode
09-11 13:15:58.425  2349  2349 D msm8974_platform: platform_init: Opened sound card:0
09-11 13:15:58.440  2349  2349 E msm8974_platform: platform_init: Could not find the symbol acdb_get_default_app_type from libacdbloader.so
09-11 13:15:58.440  2349  2349 D ACDB-LOADER: ACDB -> ACDB_CMD_INITIALIZE
09-11 13:15:58.440  2349  2349 E         : [ACDB RTC]->rtc init done!->result [0]
09-11 13:15:58.440  2349  2349 D Diag_Lib: actp_diag_init: call diag init function with A8758665
09-11 13:15:58.440  2349  2349 E Diag_Lib:  Diag_LSM_Init: Failed to open handle to diag driver, error = 2
09-11 13:15:58.440  2349  2349 E Diag_Lib: actp_diag_init: diag init failed
09-11 13:15:58.440  2349  2349 E         : [ACDB ACPH]->actp diag init done!
09-11 13:15:58.441  2349  2349 D ACDB-LOADER: No existing ION info in ACDB driver
09-11 13:15:58.441  2349  2349 D ACDB-LOADER: ACDB -> ION_IOC_ALLOC
09-11 13:15:58.441  2349  2349 D ACDB-LOADER: ACDB -> ION_IOC_SHARE
09-11 13:15:58.441  2349  2349 D ACDB-LOADER: ACDB -> MMAP ADDR
09-11 13:15:58.441  2349  2349 D ACDB-LOADER: ACDB -> register MEM to ACDB driver: 0xaa8a0000
09-11 13:15:58.441  2349  2349 D ACDB-LOADER: ACDB -> send_asm_topology
09-11 13:15:58.441  2349  2349 D ACDB-LOADER: ACDB -> ACDB_CMD_GET_AUDPROC_STREAM_TOPOLOGY_ID
09-11 13:15:58.441  2349  2349 D ACDB-LOADER: send mbhc data
09-11 13:15:58.463  2349  2349 D ACDB-LOADER: send tabla anc data
09-11 13:15:58.463  2349  2349 D ACDB-LOADER: ACDB -> ACDB_CMD_GET_ANC_SETTING
09-11 13:15:58.463  2349  2349 D ACDB-LOADER: done with conversion, anc config size is 148
09-11 13:15:58.464  2349  2349 D ACDB-LOADER: ACDB -> ACDB_CMD_GET_ANC_SETTING
09-11 13:15:58.464  2349  2349 D ACDB-LOADER: done with conversion, anc config size is 148
09-11 13:15:58.464  2349  2349 D ACDB-LOADER: ACDB -> ACDB_CMD_GET_ANC_SETTING
09-11 13:15:58.464  2349  2349 D ACDB-LOADER: done with conversion, anc config size is 148
09-11 13:15:58.464  2349  2349 D ACDB-LOADER: ACDB -> ACDB_CMD_GET_ANC_SETTING
09-11 13:15:58.464  2349  2349 D ACDB-LOADER: done with conversion, anc config size is 148
09-11 13:15:58.464  2349  2349 D ACDB-LOADER: ACDB -> ACDB_CMD_GET_ANC_SETTING
09-11 13:15:58.464  2349  2349 D ACDB-LOADER: done with conversion, anc config size is 74
09-11 13:15:58.464  2349  2349 D ACDB-LOADER: ACDB -> ACDB_CMD_GET_ANC_SETTING
09-11 13:15:58.464  2349  2349 D ACDB-LOADER: done with conversion, anc config size is 74
09-11 13:15:58.464  2349  2349 D ACDB-LOADER: ACDB -> init done!
09-11 13:15:58.465  2349  2349 E ext_speaker: open_speaker_bundle: DLOPEN failed for /vendor/lib/soundfx/libspeakerbundle.so
09-11 13:15:58.465  2349  2349 W audio_hw_primary: adev_open: DLOPEN failed for /vendor/lib/soundfx/libqcomvisualizer.so
09-11 13:15:58.465  2349  2349 W audio_hw_primary: adev_open: DLOPEN failed for /vendor/lib/soundfx/libqcompostprocbundle.so
09-11 13:15:58.465  2349  2349 W audio_hw_primary: adev_open: DLOPEN failed for libadm.so
09-11 13:15:58.465  2349  2349 E audio_hw_utils: audio_extn_utils_send_default_app_type_cfg: Could not get ctl for mixer cmd - App Type Config
09-11 13:15:58.465  2349  2349 D audio_hw_primary: adev_open: exit
09-11 13:15:58.466  2349  2349 W DeviceHAL: Device 0xa9541300 get_master_volume: Function not implemented
09-11 13:15:58.466  2349  2349 W DeviceHAL: Device 0xa9541300 get_master_mute: Function not implemented
09-11 13:15:58.466  2349  2349 W DeviceHAL: Device 0xa9541300 set_master_volume: Function not implemented
09-11 13:15:58.466  2349  2349 W DeviceHAL: Device 0xa9541300 set_master_mute: Function not implemented
09-11 13:15:58.466  2349  2349 I AudioFlinger: loadHwModule() Loaded primary audio interface, handle 10
09-11 13:15:58.466  2349  2349 I AudioFlinger: openOutput() this 0xa9532000, module 10 Device 2, SamplingRate 48000, Format 0x000001, Channels 3, flags 2
09-11 13:15:58.467  2349  2349 I AudioFlinger: HAL output buffer size 240 frames, normal sink buffer size 960 frames
09-11 13:15:58.471  2349  2349 W EffectsFactory: checkLibraryPath() corrected library path /system/lib/soundfx/libbundlewrapper.so to /vendor/lib/soundfx/libbundlewrapper.so
09-11 13:15:58.472  2349  2349 W EffectsFactory: checkLibraryPath() corrected library path /system/lib/soundfx/libreverbwrapper.so to /vendor/lib/soundfx/libreverbwrapper.so
09-11 13:15:58.473  2349  2349 W EffectsFactory: checkLibraryPath() corrected library path /system/lib/soundfx/libvisualizer.so to /vendor/lib/soundfx/libvisualizer.so
09-11 13:15:58.474  2349  2349 W EffectsFactory: checkLibraryPath() corrected library path /system/lib/soundfx/libqcomvoiceprocessing.so to /vendor/lib/soundfx/libqcomvoiceprocessing.so
09-11 13:15:58.475  2349  2349 W EffectsFactory: checkLibraryPath() corrected library path /system/lib/soundfx/libdownmix.so to /vendor/lib/soundfx/libdownmix.so
09-11 13:15:58.476  2349  2349 W EffectsFactory: checkLibraryPath() corrected library path /system/lib/soundfx/libldnhncr.so to /vendor/lib/soundfx/libldnhncr.so
09-11 13:15:58.478  2349  2349 E voice_processing: init: can't find /system/lib/soundfx/libqcomvoiceprocessingdescriptors.so
09-11 13:15:58.478  2349  2349 I BufferProvider: found effect "Multichannel Downmix To Stereo" from The Android Open Source Project
09-11 13:15:58.478  2349  2349 I AudioFlinger: Using module 10 as the primary audio interface
09-11 13:15:58.479  2349  2395 I AudioFlinger: AudioFlinger's thread 0xa892c300 tid=2395 ready to run
09-11 13:15:58.479  2349  2395 W AudioFlinger: no wake lock to update, system not ready yet
09-11 13:15:58.479  2349  2349 W AudioFlinger: moveEffects() bad srcOutput 0
09-11 13:15:58.480  2349  2395 W AudioFlinger: no wake lock to update, system not ready yet
09-11 13:15:58.480  2349  2395 D audio_hw_primary: out_set_parameters: enter: usecase(1: low-latency-playback) kvpairs: routing=2
09-11 13:15:58.481  2349  2349 I AudioFlinger: openOutput() this 0xa9532000, module 10 Device 2, SamplingRate 48000, Format 0x000001, Channels 3, flags 8
09-11 13:15:58.482  2349  2349 I AudioFlinger: HAL output buffer size 1920 frames, normal sink buffer size 1920 frames
09-11 13:15:58.482  2349  2397 I AudioFlinger: AudioFlinger's thread 0xa7f039c0 tid=2397 ready to run
09-11 13:15:58.482  2349  2397 W AudioFlinger: no wake lock to update, system not ready yet
09-11 13:15:58.482  2349  2397 W AudioFlinger: no wake lock to update, system not ready yet
09-11 13:15:58.483  2349  2397 D audio_hw_primary: out_set_parameters: enter: usecase(0: deep-buffer-playback) kvpairs: routing=2
09-11 13:15:58.485  2349  2399 I AudioFlinger: AudioFlinger's thread 0xa7c83c00 tid=2399 ready to run
09-11 13:15:58.494  2349  2349 I bt_a2dp_hw: adev_open:  adev_open in A2dp_hw module
09-11 13:15:58.494  2349  2349 I AudioFlinger: loadHwModule() Loaded a2dp audio interface, handle 18
09-11 13:15:58.495  2349  2349 I vndksupport: sphal namespace is not configured for this process. Loading /vendor/lib/hw/audio.usb.default.so from the current namespace instead.
09-11 13:15:58.497  2349  2349 I AudioFlinger: loadHwModule() Loaded usb audio interface, handle 26
09-11 13:15:58.497  2349  2349 I vndksupport: sphal namespace is not configured for this process. Loading /vendor/lib/hw/audio.r_submix.default.so from the current namespace instead.
09-11 13:15:58.498  2349  2349 I r_submix: adev_open(name=audio_hw_if)
09-11 13:15:58.499  2349  2349 I r_submix: adev_init_check()
09-11 13:15:58.499  2349  2349 W DeviceHAL: Device 0xa7f59880 set_master_mute: Function not implemented
09-11 13:15:58.499  2349  2349 I AudioFlinger: loadHwModule() Loaded r_submix audio interface, handle 34
09-11 13:15:58.499  2349  2349 D r_submix: adev_open_input_stream(addr=0)
09-11 13:15:58.499  2349  2349 D r_submix: submix_audio_device_create_pipe_l(addr=0, idx=9)
09-11 13:15:58.499  2349  2349 D r_submix:   now using address 0 for route 9
09-11 13:15:58.500  2349  2403 I AudioFlinger: AudioFlinger's thread 0xa7c83d80 tid=2403 ready to run
09-11 13:15:58.500  2349  2349 D r_submix: adev_close_input_stream()
09-11 13:15:58.500  2349  2349 D r_submix: submix_audio_device_release_pipe_l(idx=9) addr=0
09-11 13:15:58.500  2349  2349 D r_submix: submix_audio_device_destroy_pipe_l(): pipe destroyed
09-11 13:15:58.501  2349  2349 I RadioService: RadioService
09-11 13:15:58.501  2349  2349 I RadioService: onFirstRef
09-11 13:15:58.504  2349  2349 E RadioService: could not read implementation properties
09-11 13:15:58.506  2349  2349 E SoundTriggerHwService: could not read implementation properties
09-11 13:15:58.543  2350  2350 I mediaserver: ServiceManager: 0xb2c8e540
09-11 13:15:58.543  2350  2350 W BatteryNotifier: batterystats service unavailable!
09-11 13:15:58.544  2350  2350 I CameraService: CameraService started (pid=2350)
09-11 13:15:58.544  2350  2350 I CameraService: CameraService process starting
09-11 13:15:58.544  2350  2350 W BatteryNotifier: batterystats service unavailable!
09-11 13:15:58.545  2350  2350 W BatteryNotifier: batterystats service unavailable!
09-11 13:15:58.555  2350  2350 E CamProvider@2.4-impl: Could not load camera HAL module: -2 (No such file or directory)
09-11 13:15:58.555  2350  2350 E CamProvider@2.4-impl: HIDL_FETCH_ICameraProvider: camera provider init failed!
09-11 13:15:59.100  2348  2348 I chatty  : uid=0(root) expire 82 lines
09-11 13:15:59.530  2348  2348 D Zygote32Timing: BeginIcuCachePinning took to complete: 30ms
09-11 13:16:00.290  2348  2348 E ActivityRecognitionHardware: activity_recognition HAL is deprecated. class_init is effectively a no-op
09-11 13:16:00.355  2348  2348 I zygote  : Thread[1,tid=2348,Native,Thread*=0xad4bc000,peer=0x12c01c70,"main"] recursive attempt to load library "/system/lib/libmedia_jni.so"
09-11 13:16:00.356  2348  2348 D MtpDeviceJNI: register_android_mtp_MtpDevice
09-11 13:16:00.357  2348  2348 I zygote  : Thread[1,tid=2348,Native,Thread*=0xad4bc000,peer=0x12c01c70,"main"] recursive attempt to load library "/system/lib/libmedia_jni.so"
09-11 13:16:00.358  2348  2348 I zygote  : Thread[1,tid=2348,Native,Thread*=0xad4bc000,peer=0x12c01c70,"main"] recursive attempt to load library "/system/lib/libmedia_jni.so"
09-11 13:16:00.661  2348  2348 W main    : type=1400 audit(0.0:1200): avc: granted { read } for name="cpu" dev="sysfs" ino=32 scontext=u:r:zygote:s0 tcontext=u:object_r:sysfs:s0 tclass=dir
09-11 13:16:00.661  2348  2348 W main    : type=1400 audit(0.0:1201): avc: granted { read open } for name="cpu" dev="sysfs" ino=32 scontext=u:r:zygote:s0 tcontext=u:object_r:sysfs:s0 tclass=dir
09-11 13:16:00.996  2348  2348 I System  : Loaded time zone names for "" in 269ms (266ms in ICU)
09-11 13:16:01.133  2348  2348 I System  : Loaded time zone names for "en_US" in 137ms (133ms in ICU)
09-11 13:16:01.177  2348  2348 I Zygote  : ...preloaded 4570 classes in 1646ms.
09-11 13:16:01.178  2348  2348 I zygote  : VMRuntime.preloadDexCaches starting
09-11 13:16:01.596  2348  2348 I zygote  : VMRuntime.preloadDexCaches strings total=306914 before=2849 after=2849
09-11 13:16:01.596  2348  2348 I zygote  : VMRuntime.preloadDexCaches types total=26189 before=2675 after=3315
09-11 13:16:01.596  2348  2348 I zygote  : VMRuntime.preloadDexCaches fields total=124019 before=2152 after=1211
09-11 13:16:01.597  2348  2348 I zygote  : VMRuntime.preloadDexCaches methods total=219998 before=87638 after=87736
09-11 13:16:01.597  2348  2348 I zygote  : VMRuntime.preloadDexCaches finished
09-11 13:16:01.597  2348  2348 D Zygote32Timing: PreloadClasses took to complete: 2066ms
09-11 13:16:02.122  2348  2348 D Zygote32Timing: PreloadResources took to complete: 525ms
09-11 13:16:02.440  2348  2348 D Zygote32Timing: ZygotePreload took to complete: 2940ms
09-11 13:16:02.626  2348  2348 D Zygote32Timing: PostZygoteInitGC took to complete: 186ms
09-11 13:16:02.626  2348  2348 D Zygote32Timing: ZygoteInit took to complete: 3127ms
09-11 13:16:02.854  2412  2412 I chatty  : uid=1000 system_server expire 56 lines
09-11 13:16:02.883  2412  2412 I SystemServer: InitBeforeStartServices
09-11 13:16:02.883  2412  2412 I SystemServer: Entered the Android system server!
09-11 13:16:03.124   375   375 I rild    : type=1400 audit(0.0:1205): avc: denied { write } for name="qmux_radio" dev="tmpfs" ino=5803 scontext=u:r:rild:s0 tcontext=u:object_r:qmuxd_socket:s0 tclass=dir permissive=1
09-11 13:16:03.124   375   375 I rild    : type=1400 audit(0.0:1206): avc: denied { remove_name } for name=716D75785F636C69656E745F736F636B657420202020333637 dev="tmpfs" ino=35630 scontext=u:r:rild:s0 tcontext=u:object_r:qmuxd_socket:s0 tclass=dir permissive=1
09-11 13:16:03.124   375   375 I rild    : type=1400 audit(0.0:1207): avc: denied { unlink } for name=716D75785F636C69656E745F736F636B657420202020333637 dev="tmpfs" ino=35630 scontext=u:r:rild:s0 tcontext=u:object_r:qmuxd_socket:s0 tclass=sock_file permissive=1
09-11 13:16:03.214  2425  2425 W keystore: type=1400 audit(0.0:1208): avc: granted { getattr } for path="/vendor" dev="rootfs" ino=4476 scontext=u:r:keystore:s0 tcontext=u:object_r:rootfs:s0 tclass=lnk_file
09-11 13:16:03.284  2425  2425 W keystore: type=1400 audit(0.0:1209): avc: granted { read } for name="online" dev="sysfs" ino=34 scontext=u:r:keystore:s0 tcontext=u:object_r:sysfs:s0 tclass=file
09-11 13:16:03.284  2425  2425 W keystore: type=1400 audit(0.0:1210): avc: granted { read open } for name="online" dev="sysfs" ino=34 scontext=u:r:keystore:s0 tcontext=u:object_r:sysfs:s0 tclass=file
09-11 13:16:03.284  2425  2425 W keystore: type=1400 audit(0.0:1211): avc: granted { getattr } for path="/sys/devices/system/cpu/online" dev="sysfs" ino=34 scontext=u:r:keystore:s0 tcontext=u:object_r:sysfs:s0 tclass=file
09-11 13:16:03.426  2412  2412 D SystemServerTiming: InitBeforeStartServices took to complete: 543ms
09-11 13:16:03.426  2412  2412 I SystemServer: StartServices
09-11 13:16:03.426  2412  2412 I SystemServer: Reading configuration...
09-11 13:16:03.426  2412  2412 I SystemServer: ReadingSystemConfig
09-11 13:16:03.429  2412  2412 D SystemServerTiming: ReadingSystemConfig took to complete: 3ms
09-11 13:16:03.429  2412  2412 I SystemServer: StartInstaller
09-11 13:16:03.429  2412  2426 D SystemServerInitThreadPool: Started executing ReadingSystemConfig
09-11 13:16:03.430  2412  2412 I SystemServiceManager: Starting com.android.server.pm.Installer
09-11 13:16:03.434  2412  2412 D SystemServerTiming: StartInstaller took to complete: 5ms
09-11 13:16:03.434  2412  2412 I SystemServer: DeviceIdentifiersPolicyService
09-11 13:16:03.434  2412  2412 I SystemServiceManager: Starting com.android.server.os.DeviceIdentifiersPolicyService
09-11 13:16:03.437  2412  2412 D SystemServerTiming: DeviceIdentifiersPolicyService took to complete: 3ms
09-11 13:16:03.437  2412  2412 I SystemServer: StartActivityManager
09-11 13:16:03.437  2412  2412 I SystemServiceManager: Starting com.android.server.am.ActivityManagerService$Lifecycle
09-11 13:16:03.457  2412  2426 D SystemServerInitThreadPool: Finished executing ReadingSystemConfig
09-11 13:16:03.512  2412  2412 I ActivityManager: Memory class: 192
09-11 13:16:03.514  2412  2428 I ServiceThread: Enabled StrictMode logging for ActivityManager looper.
09-11 13:16:03.516  2412  2429 I ServiceThread: Enabled StrictMode logging for android.ui looper.
09-11 13:16:03.620  2412  2412 D BatteryStatsImpl: Reading daily items from /data/system/batterystats-daily.xml
09-11 13:16:03.997  2412  2412 I AppOps  : No existing app ops /data/system/appops.xml; starting empty
09-11 13:16:04.006  2412  2412 I IntentFirewall: Read new rules (A:0 B:0 S:0)
09-11 13:16:04.015  2412  2436 I ServiceThread: Enabled StrictMode logging for android.display looper.
09-11 13:16:04.023  2412  2412 D AppOps  : AppOpsService published
09-11 13:16:04.024  2412  2412 D SystemServerTiming: StartActivityManager took to complete: 587ms
09-11 13:16:04.024  2412  2412 I SystemServer: StartPowerManager
09-11 13:16:04.024  2412  2412 I SystemServiceManager: Starting com.android.server.power.PowerManagerService
09-11 13:16:04.027  2412  2438 I ServiceThread: Enabled StrictMode logging for PowerManagerService looper.
09-11 13:16:04.035  2412  2412 D SystemServerTiming: StartPowerManager took to complete: 11ms
09-11 13:16:04.035  2412  2412 I SystemServer: InitPowerManagement
09-11 13:16:04.037  2412  2412 D SystemServerTiming: InitPowerManagement took to complete: 2ms
09-11 13:16:04.037  2412  2412 I SystemServer: StartRecoverySystemService
09-11 13:16:04.037  2412  2412 I SystemServiceManager: Starting com.android.server.RecoverySystemService
09-11 13:16:04.038  2412  2412 D SystemServerTiming: StartRecoverySystemService took to complete: 2ms
09-11 13:16:04.039  2412  2412 V RescueParty: Disabled because of active USB connection
09-11 13:16:04.040  2412  2412 I SystemServer: StartLightsService
09-11 13:16:04.040  2412  2412 I SystemServiceManager: Starting com.android.server.lights.LightsService
09-11 13:16:04.040  2412  2412 D SystemServerTiming: StartLightsService took to complete: 0ms
09-11 13:16:04.040  2412  2412 I SystemServer: StartDisplayManager
09-11 13:16:04.041  2412  2412 I SystemServiceManager: Starting com.android.server.display.DisplayManagerService
09-11 13:16:04.045  2412  2412 D SystemServerTiming: StartDisplayManager took to complete: 4ms
09-11 13:16:04.045  2412  2412 I SystemServer: WaitForDisplay
09-11 13:16:04.045  2412  2412 I SystemServiceManager: Starting phase 100
09-11 13:16:04.057  2412  2436 I DisplayManagerService: Display device added: DisplayDeviceInfo{"Built-in Screen": uniqueId="local:0", 768 x 1280, modeId 1, defaultModeId 1, supportedModes [{id=1, width=768, height=1280, fps=60.0}], colorMode 0, supportedColorModes [0], HdrCapabilities android.view.Display$HdrCapabilities@a69d6308, density 320, 319.79 x 318.745 dpi, appVsyncOff 1000000, presDeadline 16666667, touch INTERNAL, rotation 0, type BUILT_IN, state UNKNOWN, FLAG_DEFAULT_DISPLAY, FLAG_ROTATES_WITH_CONTENT, FLAG_SECURE, FLAG_SUPPORTS_PROTECTED_BUFFERS}
09-11 13:16:04.059   358   358 D SurfaceFlinger: Set power mode=2, type=0 flinger=0xa7db6000
09-11 13:16:04.059   358   358 D SurfaceFlinger: Screen type=0 is already mode=2
09-11 13:16:04.084  2412  2436 I chatty  : uid=1000 system_server expire 8 lines
09-11 13:16:04.102  2412  2412 W SystemServiceManager: Service com.android.server.display.DisplayManagerService took 57 ms in onBootPhase
09-11 13:16:04.102  2412  2412 D SystemServerTiming: WaitForDisplay took to complete: 57ms
09-11 13:16:04.103  2412  2436 I DisplayManagerService: Display device changed state: "Built-in Screen", ON
09-11 13:16:04.103  2412  2412 I SystemServer: StartPackageManagerService
09-11 13:16:04.164  2412  2412 D SELinuxMMAC: Using policy file /system/etc/selinux/plat_mac_permissions.xml
09-11 13:16:04.170  2412  2412 D SELinuxMMAC: Using policy file /vendor/etc/selinux/nonplat_mac_permissions.xml
09-11 13:16:04.447  2412  2412 W PackageManager: Wiping cache directory because the system partition changed.
09-11 13:16:04.718  2412  2412 I PackageManager: Time to scan packages: 0.272 seconds
09-11 13:16:04.722  2412  2412 V PackageManager: reconcileAppsData for null u0 0x3 migrateAppData=true
09-11 13:16:04.970  2412  2412 V PackageManager: reconcileAppsData finished 18 packages
09-11 13:16:04.972  2412  2452 D SystemServerInitThreadPool: Started executing prepareAppData
09-11 13:16:04.977   343   525 I chatty  : uid=0(root) Binder:343_4 expire 15 lines
09-11 13:16:05.027  2412  2452 D SystemServerTimingAsync: AppDataFixup took to complete: 55ms
09-11 13:16:05.072  2412  2412 D PackageManager: Ephemeral resolver not found with new action; try old one
09-11 13:16:05.072  2412  2412 D PackageManager: Ephemeral resolver NOT found; no matching intent filters
09-11 13:16:05.072  2412  2412 D PackageManager: Ephemeral installer not found with new action; try old one
09-11 13:16:05.072  2412  2412 D PackageManager: Clear ephemeral installer activity
09-11 13:16:05.150  2412  2412 D SystemServerTiming: StartPackageManagerService took to complete: 1047ms
09-11 13:16:05.150  2412  2412 I SystemServer: StartOtaDexOptService
09-11 13:16:05.151  2412  2412 D OTADexopt: No upgrade, skipping A/B artifacts check.
09-11 13:16:05.151  2412  2412 D SystemServerTiming: StartOtaDexOptService took to complete: 2ms
09-11 13:16:05.151  2412  2412 I SystemServer: StartUserManagerService
09-11 13:16:05.152  2412  2412 I SystemServiceManager: Starting com.android.server.pm.UserManagerService$LifeCycle
09-11 13:16:05.152  2412  2412 D SystemServerTiming: StartUserManagerService took to complete: 0ms
09-11 13:16:05.152  2412  2412 I SystemServer: InitAttributerCache
09-11 13:16:05.152  2412  2412 D SystemServerTiming: InitAttributerCache took to complete: 0ms
09-11 13:16:05.152  2412  2412 I SystemServer: SetSystemProcess
09-11 13:16:05.161  2412  2412 D SystemServerTiming: SetSystemProcess took to complete: 8ms
09-11 13:16:05.163  2412  2454 I ServiceThread: Enabled StrictMode logging for android.anim looper.
09-11 13:16:05.163  2412  2412 I SystemServer: StartOverlayManagerService
09-11 13:16:05.166  2412  2412 D SystemServerTiming: StartOverlayManagerService took to complete: 3ms
09-11 13:16:05.167  2412  2455 D SystemServerInitThreadPool: Started executing Init OverlayManagerService
09-11 13:16:05.167  2412  2412 I SystemServer: StartDropBoxManager
09-11 13:16:05.167  2412  2412 I SystemServiceManager: Starting com.android.server.DropBoxManagerService
09-11 13:16:05.167  2412  2456 D SystemServerInitThreadPool: Started executing StartSensorService
09-11 13:16:05.167  2412  2456 D SensorService: nuSensorService starting...
09-11 13:16:05.169   342   342 I chatty  : uid=1000(system) hwservicemanage expire 11 lines
09-11 13:16:05.169  2412  2412 D SystemServerTiming: StartDropBoxManager took to complete: 2ms
09-11 13:16:05.169  2412  2412 I SystemServer: StartBatteryService
09-11 13:16:05.170  2412  2412 I SystemServiceManager: Starting com.android.server.BatteryService
09-11 13:16:05.183  2412  2431 E BatteryStatsService: Power Hal not loaded
09-11 13:16:05.184  2412  2423 V lights  : set_notification_led_locked: red 0 green 255 blue 0 onMS 0 offMS 0
09-11 13:16:05.210  2412  2412 D SystemServerTiming: StartBatteryService took to complete: 41ms
09-11 13:16:05.210  2412  2412 I SystemServer: StartUsageService
09-11 13:16:05.215  2412  2412 I SystemServiceManager: Starting com.android.server.usage.UsageStatsService
09-11 13:16:05.216  2412  2455 D SystemServerInitThreadPool: Finished executing Init OverlayManagerService
09-11 13:16:05.221  2412  2412 D SystemServerTiming: StartUsageService took to complete: 11ms
09-11 13:16:05.221  2412  2412 I SystemServer: StartWebViewUpdateService
09-11 13:16:05.222  2412  2412 I SystemServiceManager: Starting com.android.server.webkit.WebViewUpdateService
09-11 13:16:05.233  2412  2412 D SystemServerTiming: StartWebViewUpdateService took to complete: 12ms
09-11 13:16:05.235  2412  2426 D SystemServerInitThreadPool: Started executing SecondaryZygotePreload
09-11 13:16:05.235  2412  2412 I SystemServer: StartKeyAttestationApplicationIdProviderService
09-11 13:16:05.235  2412  2426 I SystemServer: SecondaryZygotePreload
09-11 13:16:05.237  2412  2426 I Zygote  : Process: zygote socket zygote opened, supported ABIS: armeabi-v7a,armeabi
09-11 13:16:05.238  2412  2412 D SystemServerTiming: StartKeyAttestationApplicationIdProviderService took to complete: 3ms
09-11 13:16:05.238  2412  2412 I SystemServer: StartKeyChainSystemService
09-11 13:16:05.238  2412  2412 I SystemServiceManager: Starting com.android.server.security.KeyChainSystemService
09-11 13:16:05.240  2412  2412 D SystemServerTiming: StartKeyChainSystemService took to complete: 2ms
09-11 13:16:05.240  2412  2412 I SystemServer: StartSchedulingPolicyService
09-11 13:16:05.242  2412  2412 D SystemServerTiming: StartSchedulingPolicyService took to complete: 2ms
09-11 13:16:05.242  2412  2412 I SystemServer: StartTelecomLoaderService
09-11 13:16:05.243  2412  2412 I SystemServiceManager: Starting com.android.server.telecom.TelecomLoaderService
09-11 13:16:05.244  2412  2412 D SystemServerTiming: StartTelecomLoaderService took to complete: 2ms
09-11 13:16:05.244  2412  2412 I SystemServer: StartTelephonyRegistry
09-11 13:16:05.247  2412  2426 E SystemServer: Unable to preload default resources
09-11 13:16:05.247  2412  2426 D SystemServerTimingAsync: SecondaryZygotePreload took to complete: 12ms
09-11 13:16:05.247  2412  2426 D SystemServerInitThreadPool: Finished executing SecondaryZygotePreload
09-11 13:16:05.253  2412  2412 D SystemServerTiming: StartTelephonyRegistry took to complete: 8ms
09-11 13:16:05.253  2412  2412 I SystemServer: StartEntropyMixer
09-11 13:16:05.261  2412  2412 I EntropyMixer: Added HW RNG output to entropy pool
09-11 13:16:05.261  2412  2412 I EntropyMixer: Writing entropy...
09-11 13:16:05.281  2412  2412 D SystemServerTiming: StartEntropyMixer took to complete: 27ms
09-11 13:16:05.282  2412  2412 I SystemServer: Camera Service Proxy
09-11 13:16:05.282  2412  2412 I SystemServer: StartCameraServiceProxy
09-11 13:16:05.283  2412  2412 I SystemServiceManager: Starting com.android.server.camera.CameraServiceProxy
09-11 13:16:05.286  2412  2461 I ServiceThread: Enabled StrictMode logging for CameraService_proxy looper.
09-11 13:16:05.288  2412  2412 D SystemServerTiming: StartCameraServiceProxy took to complete: 6ms
09-11 13:16:05.288  2412  2412 I SystemServer: StartAccountManagerService
09-11 13:16:05.288  2412  2412 I SystemServiceManager: Starting com.android.server.accounts.AccountManagerService$Lifecycle
09-11 13:16:05.298  2412  2412 D SystemServerTiming: StartAccountManagerService took to complete: 10ms
09-11 13:16:05.298  2412  2412 I SystemServer: StartContentService
09-11 13:16:05.299  2412  2412 I SystemServiceManager: Starting com.android.server.content.ContentService$Lifecycle
09-11 13:16:05.302  2412  2412 D SystemServerTiming: StartContentService took to complete: 4ms
09-11 13:16:05.302  2412  2412 I SystemServer: InstallSystemProviders
09-11 13:16:05.452  2412  2412 I SettingsState: No settings state /data/system/users/0/settings_ssaid.xml
09-11 13:16:05.482  2412  2412 W RescueParty: Attempting rescue level RESET_SETTINGS_UNTRUSTED_CHANGES
09-11 13:16:05.496  2412  2412 D PackageManager: Finished rescue level RESET_SETTINGS_UNTRUSTED_CHANGES
09-11 13:16:05.502  2412  2412 D SystemServerTiming: InstallSystemProviders took to complete: 200ms
09-11 13:16:05.502  2412  2412 I SystemServer: StartVibratorService
09-11 13:16:05.523  2412  2412 I vndksupport: sphal namespace is not configured for this process. Loading /vendor/lib/hw/vibrator.default.so from the current namespace instead.
09-11 13:16:05.528  2412  2412 D         : Vibrator using timed_output
09-11 13:16:05.535  2412  2412 D SystemServerTiming: StartVibratorService took to complete: 33ms
09-11 13:16:05.535  2412  2412 I SystemServer: StartConsumerIrService
09-11 13:16:05.539  2412  2412 D SystemServerTiming: StartConsumerIrService took to complete: 4ms
09-11 13:16:05.539  2412  2412 I SystemServer: StartAlarmManagerService
09-11 13:16:05.539  2412  2412 I SystemServiceManager: Starting com.android.server.AlarmManagerService
09-11 13:16:05.547  2412  2412 D AlarmManagerService: Kernel timezone updated to 0 minutes west of GMT
09-11 13:16:05.559  2412  2412 D SystemServerTiming: StartAlarmManagerService took to complete: 20ms
09-11 13:16:05.559  2412  2412 I SystemServer: InitWatchdog
09-11 13:16:05.563  2412  2412 D SystemServerTiming: InitWatchdog took to complete: 4ms
09-11 13:16:05.563  2412  2412 I SystemServer: StartInputManagerService
09-11 13:16:05.564  2412  2412 I InputManager: Initializing input manager, mUseDevInputEventForAudioJack=true
09-11 13:16:05.565  2412  2412 D SystemServerTiming: StartInputManagerService took to complete: 2ms
09-11 13:16:05.565  2412  2412 I SystemServer: StartWindowManagerService
09-11 13:16:06.024  2412  2452 D SystemServerTimingAsync: AppDataPrepare took to complete: 998ms
09-11 13:16:06.025  2412  2452 I PackageManager: Deferred reconcileAppsData finished 62 packages
09-11 13:16:06.025  2412  2452 D SystemServerInitThreadPool: Finished executing prepareAppData
09-11 13:16:06.219  2412  2456 E libsensor1: sensor1_open: Error in connect() errno=2 No such file or directory
09-11 13:16:06.220  2412  2456 E sensor_reg: sensor_reg_sensor1_open: sensor1_open returned 11
09-11 13:16:06.220  2412  2456 E qcom_sensors_hal: hal_init: Error in sensor_reg_open(): -1
09-11 13:16:06.221  2412  2456 F system_server: Sensors.cpp:98] Check failed: getHalDeviceVersion() >= ((((1) & 0xff) << 24) | (((3) & 0xff) << 16) | ((1) & 0xffff)) (getHalDeviceVersion()=16777217, ((((1) & 0xff) << 24) | (((3) & 0xff) << 16) | ((1) & 0xffff))=16973825) 
09-11 13:16:06.222  2412  2456 F libc    : Fatal signal 6 (SIGABRT), code -6 in tid 2456 (system-server-i)
09-11 13:16:06.230  2468  2468 E libc    : failed to raise ambient capability 36: Invalid argument
09-11 13:16:06.307  2468  2468 I crash_dump32: type=1400 audit(0.0:1212): avc: denied { read } for name="online" dev="sysfs" ino=34 scontext=u:r:crash_dump:s0 tcontext=u:object_r:sysfs:s0 tclass=file permissive=1
09-11 13:16:06.307  2468  2468 I crash_dump32: type=1400 audit(0.0:1213): avc: denied { open } for name="online" dev="sysfs" ino=34 scontext=u:r:crash_dump:s0 tcontext=u:object_r:sysfs:s0 tclass=file permissive=1
09-11 13:16:06.307  2468  2468 I crash_dump32: type=1400 audit(0.0:1214): avc: denied { getattr } for path="/sys/devices/system/cpu/online" dev="sysfs" ino=34 scontext=u:r:crash_dump:s0 tcontext=u:object_r:sysfs:s0 tclass=file permissive=1
09-11 13:16:06.485  2469  2469 I crash_dump32: obtaining output fd from tombstoned
09-11 13:16:06.487   359   359 I /system/bin/tombstoned: received crash request for pid 2412
09-11 13:16:06.489  2469  2469 I crash_dump32: performing dump of process 2412 (target tid = 2456)
09-11 13:16:06.490  2412  2456 F libc    : failed to resend signal during crash: Operation not permitted
09-11 13:16:06.491  2469  2469 E DEBUG   : unexpected waitpid response: n=2456, status=00000100
09-11 13:16:06.496   359   359 W /system/bin/tombstoned: crash socket received short read of length 0 (expected 8)
09-11 13:16:06.543   356   356 I chatty  : uid=1000(system) /system/bin/servicemanager expire 41 lines
09-11 13:16:08.239  2473  2473 I chatty  : uid=0(root) /system/bin/netd expire 28 lines
09-11 13:16:08.239  2474  2474 W keystore: type=1400 audit(0.0:1216): avc: granted { getattr } for path="/vendor" dev="rootfs" ino=4476 scontext=u:r:keystore:s0 tcontext=u:object_r:rootfs:s0 tclass=lnk_file
09-11 13:16:08.580  2475  2475 I chatty  : uid=0(root) /system/bin/iptables-restore expire 1 line
09-11 13:16:08.600  2474  2474 W keystore: type=1400 audit(0.0:1218): avc: granted { read } for name="online" dev="sysfs" ino=34 scontext=u:r:keystore:s0 tcontext=u:object_r:sysfs:s0 tclass=file
09-11 13:16:08.600  2474  2474 W keystore: type=1400 audit(0.0:1219): avc: granted { read open } for name="online" dev="sysfs" ino=34 scontext=u:r:keystore:s0 tcontext=u:object_r:sysfs:s0 tclass=file
09-11 13:16:08.600  2474  2474 W keystore: type=1400 audit(0.0:1220): avc: granted { getattr } for path="/sys/devices/system/cpu/online" dev="sysfs" ino=34 scontext=u:r:keystore:s0 tcontext=u:object_r:sysfs:s0 tclass=file
09-11 13:16:08.670  2476  2476 I chatty  : uid=0(root) /system/bin/ip6tables-restore expire 1 line
09-11 13:16:08.750  2477  2477 W iptables: type=1400 audit(0.0:1222): avc: granted { getattr } for path="/vendor" dev="rootfs" ino=4476 scontext=u:r:netd:s0 tcontext=u:object_r:rootfs:s0 tclass=lnk_file
09-11 13:16:08.840  2478  2478 W ip6tables: type=1400 audit(0.0:1223): avc: granted { getattr } for path="/vendor" dev="rootfs" ino=4476 scontext=u:r:netd:s0 tcontext=u:object_r:rootfs:s0 tclass=lnk_file
09-11 13:16:08.910  2479  2479 W iptables: type=1400 audit(0.0:1224): avc: granted { getattr } for path="/vendor" dev="rootfs" ino=4476 scontext=u:r:netd:s0 tcontext=u:object_r:rootfs:s0 tclass=lnk_file
09-11 13:16:09.000  2480  2480 W ip6tables: type=1400 audit(0.0:1225): avc: granted { getattr } for path="/vendor" dev="rootfs" ino=4476 scontext=u:r:netd:s0 tcontext=u:object_r:rootfs:s0 tclass=lnk_file
09-11 13:16:09.070  2471  2471 I audioserver: type=1400 audit(0.0:1226): avc: denied { read } for name="online" dev="sysfs" ino=34 scontext=u:r:audioserver:s0 tcontext=u:object_r:sysfs:s0 tclass=file permissive=1
09-11 13:16:09.070  2471  2471 I audioserver: type=1400 audit(0.0:1227): avc: denied { open } for name="online" dev="sysfs" ino=34 scontext=u:r:audioserver:s0 tcontext=u:object_r:sysfs:s0 tclass=file permissive=1
09-11 13:16:09.080  2471  2471 I audioserver: type=1400 audit(0.0:1228): avc: denied { getattr } for path="/sys/devices/system/cpu/online" dev="sysfs" ino=34 scontext=u:r:audioserver:s0 tcontext=u:object_r:sysfs:s0 tclass=file permissive=1
09-11 13:16:09.090  2481  2481 W iptables: type=1400 audit(0.0:1229): avc: granted { getattr } for path="/vendor" dev="rootfs" ino=4476 scontext=u:r:netd:s0 tcontext=u:object_r:rootfs:s0 tclass=lnk_file
09-11 13:16:09.102  2471  2471 I FastMixerState: sMaxFastTracks = 8
09-11 13:16:09.107  2471  2471 I audioserver: ServiceManager: 0xadd0e4a0
09-11 13:16:09.107  2471  2471 W BatteryNotifier: batterystats service unavailable!
09-11 13:16:09.160  2483  2483 W ip6tables: type=1400 audit(0.0:1230): avc: granted { getattr } for path="/vendor" dev="rootfs" ino=4476 scontext=u:r:netd:s0 tcontext=u:object_r:rootfs:s0 tclass=lnk_file
09-11 13:16:09.176  2471  2471 I AudioFlinger: Using default 3000 mSec as standby time.
09-11 13:16:09.185  2471  2471 I APM::ConfigParsingUtils: loadAudioPolicyConfig() loaded /system/etc/audio_policy.conf
09-11 13:16:09.188  2471  2471 I vndksupport: sphal namespace is not configured for this process. Loading /vendor/lib/hw/audio.primary.msm8960.so from the current namespace instead.
09-11 13:16:09.207  2471  2471 D audio_hw_primary: adev_open: enter
09-11 13:16:09.240  2491  2491 W iptables: type=1400 audit(0.0:1231): avc: granted { getattr } for path="/vendor" dev="rootfs" ino=4476 scontext=u:r:netd:s0 tcontext=u:object_r:rootfs:s0 tclass=lnk_file
09-11 13:16:09.267  2471  2471 I audio_hw_extn: audio_extn_set_snd_card_split: snd_card_name(apq8064-tabla-snd-card) device(apq8064) snd_card(tabla) form_factor(snd)
09-11 13:16:09.269  2471  2471 D platform_info: platform_info_init: Failed to open audio_platform_info.xml, using defaults.
09-11 13:16:09.269  2471  2471 I msm8974_platform: platform_init: found sound card apq8064-tabla-snd-card, primary sound card expeted is (null)
09-11 13:16:09.269  2471  2471 D msm8974_platform: platform_init: Loading mixer file: /system/etc/mixer_paths.xml
09-11 13:16:09.320  2492  2492 W ip6tables: type=1400 audit(0.0:1232): avc: granted { getattr } for path="/vendor" dev="rootfs" ino=4476 scontext=u:r:netd:s0 tcontext=u:object_r:rootfs:s0 tclass=lnk_file
09-11 13:16:09.411  2493  2493 W iptables: type=1400 audit(0.0:1233): avc: granted { getattr } for path="/vendor" dev="rootfs" ino=4476 scontext=u:r:netd:s0 tcontext=u:object_r:rootfs:s0 tclass=lnk_file
09-11 13:16:09.446  2471  2471 E audio_route: unknown enum value string Off for ctl TTY Mode
09-11 13:16:09.468  2471  2471 D msm8974_platform: platform_init: Opened sound card:0
09-11 13:16:09.471  2494  2494 W ip6tables: type=1400 audit(0.0:1234): avc: granted { getattr } for path="/vendor" dev="rootfs" ino=4476 scontext=u:r:netd:s0 tcontext=u:object_r:rootfs:s0 tclass=lnk_file
09-11 13:16:09.531  2495  2495 W iptables: type=1400 audit(0.0:1235): avc: granted { getattr } for path="/vendor" dev="rootfs" ino=4476 scontext=u:r:netd:s0 tcontext=u:object_r:rootfs:s0 tclass=lnk_file
09-11 13:16:09.536  2471  2471 E msm8974_platform: platform_init: Could not find the symbol acdb_get_default_app_type from libacdbloader.so
09-11 13:16:09.536  2471  2471 D ACDB-LOADER: ACDB -> ACDB_CMD_INITIALIZE
09-11 13:16:09.537  2471  2471 E         : [ACDB RTC]->rtc init done!->result [0]
09-11 13:16:09.537  2471  2471 D Diag_Lib: actp_diag_init: call diag init function with AD011665
09-11 13:16:09.537  2471  2471 E Diag_Lib:  Diag_LSM_Init: Failed to open handle to diag driver, error = 2
09-11 13:16:09.537  2471  2471 E Diag_Lib: actp_diag_init: diag init failed
09-11 13:16:09.537  2471  2471 E         : [ACDB ACPH]->actp diag init done!
09-11 13:16:09.537  2471  2471 D ACDB-LOADER: No existing ION info in ACDB driver
09-11 13:16:09.538  2471  2471 D ACDB-LOADER: ACDB -> ION_IOC_ALLOC
09-11 13:16:09.538  2471  2471 D ACDB-LOADER: ACDB -> ION_IOC_SHARE
09-11 13:16:09.538  2471  2471 D ACDB-LOADER: ACDB -> MMAP ADDR
09-11 13:16:09.538  2471  2471 D ACDB-LOADER: ACDB -> register MEM to ACDB driver: 0xaec5b000
09-11 13:16:09.539  2471  2471 D ACDB-LOADER: ACDB -> send_asm_topology
09-11 13:16:09.539  2471  2471 D ACDB-LOADER: ACDB -> ACDB_CMD_GET_AUDPROC_STREAM_TOPOLOGY_ID
09-11 13:16:09.539  2471  2471 D ACDB-LOADER: send mbhc data
09-11 13:16:09.561  2471  2471 D ACDB-LOADER: send tabla anc data
09-11 13:16:09.562  2471  2471 D ACDB-LOADER: ACDB -> ACDB_CMD_GET_ANC_SETTING
09-11 13:16:09.562  2471  2471 D ACDB-LOADER: done with conversion, anc config size is 148
09-11 13:16:09.562  2471  2471 D ACDB-LOADER: ACDB -> ACDB_CMD_GET_ANC_SETTING
09-11 13:16:09.562  2471  2471 D ACDB-LOADER: done with conversion, anc config size is 148
09-11 13:16:09.562  2471  2471 D ACDB-LOADER: ACDB -> ACDB_CMD_GET_ANC_SETTING
