09-11 13:15:37.257  2017  2083 D SystemServerInitThreadPool: Finished executing prepareAppData
09-11 13:15:37.258  2017  2087 F libc    : Fatal signal 6 (SIGABRT), code -6 in tid 2087 (system-server-i)
09-11 13:15:37.282  2099  2099 E libc    : failed to raise ambient capability 36: Invalid argument
09-11 13:15:37.376  2099  2099 I crash_dump32: type=1400 audit(0.0:1083): avc: denied { read } for name="online" dev="sysfs" ino=34 scontext=u:r:crash_dump:s0 tcontext=u:object_r:sysfs:s0 tclass=file permissive=1
09-11 13:15:37.376  2099  2099 I crash_dump32: type=1400 audit(0.0:1084): avc: denied { open } for name="online" dev="sysfs" ino=34 scontext=u:r:crash_dump:s0 tcontext=u:object_r:sysfs:s0 tclass=file permissive=1
09-11 13:15:37.376  2099  2099 I crash_dump32: type=1400 audit(0.0:1085): avc: denied { getattr } for path="/sys/devices/system/cpu/online" dev="sysfs" ino=34 scontext=u:r:crash_dump:s0 tcontext=u:object_r:sysfs:s0 tclass=file permissive=1
09-11 13:15:37.577  2100  2100 I crash_dump32: obtaining output fd from tombstoned
09-11 13:15:37.579   359   359 I /system/bin/tombstoned: received crash request for pid 2017
09-11 13:15:37.582  2100  2100 I crash_dump32: performing dump of process 2017 (target tid = 2087)
09-11 13:15:37.582  2017  2087 F libc    : failed to resend signal during crash: Operation not permitted
09-11 13:15:37.584  2100  2100 E DEBUG   : unexpected waitpid response: n=2087, status=00000100
09-11 13:15:37.588   359   359 W /system/bin/tombstoned: crash socket received short read of length 0 (expected 8)
09-11 13:15:37.638   356   356 I chatty  : uid=1000(system) /system/bin/servicemanager expire 38 lines
09-11 13:15:38.217  2103  2103 W keystore: type=1400 audit(0.0:1086): avc: granted { getattr } for path="/vendor" dev="rootfs" ino=4476 scontext=u:r:keystore:s0 tcontext=u:object_r:rootfs:s0 tclass=lnk_file
09-11 13:15:38.444  1924  1924 I chatty  : uid=0(root) expire 2 lines
09-11 13:15:38.458  2103  2103 W keystore: type=1400 audit(0.0:1087): avc: granted { read } for name="online" dev="sysfs" ino=34 scontext=u:r:keystore:s0 tcontext=u:object_r:sysfs:s0 tclass=file
09-11 13:15:38.468  2103  2103 W keystore: type=1400 audit(0.0:1088): avc: granted { read open } for name="online" dev="sysfs" ino=34 scontext=u:r:keystore:s0 tcontext=u:object_r:sysfs:s0 tclass=file
09-11 13:15:38.468  2103  2103 W keystore: type=1400 audit(0.0:1089): avc: granted { getattr } for path="/sys/devices/system/cpu/online" dev="sysfs" ino=34 scontext=u:r:keystore:s0 tcontext=u:object_r:sysfs:s0 tclass=file
09-11 13:15:39.459  2107  2107 I chatty  : uid=0(root) /system/bin/netd expire 28 lines
09-11 13:15:39.719  2108  2108 I chatty  : uid=0(root) /system/bin/iptables-restore expire 1 line
09-11 13:15:39.799  2109  2109 I chatty  : uid=0(root) /system/bin/ip6tables-restore expire 1 line
09-11 13:15:39.879  2110  2110 I chatty  : uid=0(root) /system/bin/iptables expire 1 line
09-11 13:15:39.959  2111  2111 I chatty  : uid=0(root) /system/bin/ip6tables expire 1 line
09-11 13:15:40.029  2112  2112 I chatty  : uid=0(root) /system/bin/iptables expire 1 line
09-11 13:15:40.109  2113  2113 I chatty  : uid=0(root) /system/bin/ip6tables expire 1 line
09-11 13:15:40.189  2114  2114 I chatty  : uid=0(root) /system/bin/iptables expire 1 line
09-11 13:15:40.259  2115  2115 I chatty  : uid=0(root) /system/bin/ip6tables expire 1 line
09-11 13:15:40.319  2105  2105 I chatty  : uid=1041(audioserver) /system/bin/audioserver expire 89 lines
09-11 13:15:40.340  2116  2116 I chatty  : uid=0(root) expire 1 line
09-11 13:15:40.410  2118  2118 I chatty  : uid=0(root) /system/bin/ip6tables expire 1 line
09-11 13:15:40.500  2126  2126 I chatty  : uid=0(root) /system/bin/iptables expire 1 line
09-11 13:15:40.560  2127  2127 I chatty  : uid=0(root) /system/bin/ip6tables expire 1 line
09-11 13:15:40.670  2128  2128 I chatty  : uid=0(root) /system/bin/iptables expire 1 line
09-11 13:15:40.730  2129  2129 I chatty  : uid=0(root) /system/bin/ip6tables expire 1 line
09-11 13:15:40.800  2130  2130 I chatty  : uid=0(root) /system/bin/iptables expire 1 line
09-11 13:15:40.860  2131  2131 I chatty  : uid=0(root) /system/bin/ip6tables expire 1 line
09-11 13:15:40.923  2105  2136 I chatty  : uid=1041(audioserver) /system/bin/audioserver expire 4 lines
09-11 13:15:40.934  2105  2138 I chatty  : uid=1041(audioserver) /system/bin/audioserver expire 4 lines
09-11 13:15:40.945  2105  2140 I chatty  : uid=1041(audioserver) /system/bin/audioserver expire 1 line
09-11 13:15:40.970  2141  2141 I chatty  : uid=0(root) /system/bin/iptables-restore expire 1 line
09-11 13:15:41.007  2105  2145 I chatty  : uid=1041(audioserver) /system/bin/audioserver expire 1 line
09-11 13:15:41.040  2147  2147 I chatty  : uid=0(root) /system/bin/ip6tables-restore expire 1 line
09-11 13:15:41.120  2148  2148 I chatty  : uid=0(root) /system/bin/iptables-restore expire 1 line
09-11 13:15:41.175  2106  2106 I mediaserver: ServiceManager: 0xa9d8e540
09-11 13:15:41.177  2106  2106 W BatteryNotifier: batterystats service unavailable!
09-11 13:15:41.180  2106  2106 I CameraService: CameraService started (pid=2106)
09-11 13:15:41.180  2106  2106 I CameraService: CameraService process starting
09-11 13:15:41.181  2106  2106 W BatteryNotifier: batterystats service unavailable!
09-11 13:15:41.181  2106  2106 W BatteryNotifier: batterystats service unavailable!
09-11 13:15:41.190  2150  2150 I chatty  : uid=0(root) /system/bin/ip6tables-restore expire 1 line
09-11 13:15:41.223  2106  2106 E CamProvider@2.4-impl: Could not load camera HAL module: -2 (No such file or directory)
09-11 13:15:41.224  2106  2106 E CamProvider@2.4-impl: HIDL_FETCH_ICameraProvider: camera provider init failed!
09-11 13:15:41.322  2107  2157 I chatty  : uid=0(root) /system/bin/netd expire 2 lines
09-11 13:15:42.852  2104  2104 I chatty  : uid=0(root) expire 82 lines
09-11 13:15:43.213  2163  2163 W keystore: type=1400 audit(0.0:1117): avc: granted { getattr } for path="/vendor" dev="rootfs" ino=4476 scontext=u:r:keystore:s0 tcontext=u:object_r:rootfs:s0 tclass=lnk_file
09-11 13:15:43.483  2163  2163 W keystore: type=1400 audit(0.0:1118): avc: granted { read } for name="online" dev="sysfs" ino=34 scontext=u:r:keystore:s0 tcontext=u:object_r:sysfs:s0 tclass=file
09-11 13:15:43.483  2163  2163 W keystore: type=1400 audit(0.0:1119): avc: granted { read open } for name="online" dev="sysfs" ino=34 scontext=u:r:keystore:s0 tcontext=u:object_r:sysfs:s0 tclass=file
09-11 13:15:43.483  2163  2163 W keystore: type=1400 audit(0.0:1120): avc: granted { getattr } for path="/sys/devices/system/cpu/online" dev="sysfs" ino=34 scontext=u:r:keystore:s0 tcontext=u:object_r:sysfs:s0 tclass=file
09-11 13:15:43.520   342   342 I chatty  : uid=1000(system) hwservicemanage expire 32 lines
09-11 13:15:43.818  2104  2104 D Zygote32Timing: BeginIcuCachePinning took to complete: 56ms
09-11 13:15:44.899  2104  2104 E ActivityRecognitionHardware: activity_recognition HAL is deprecated. class_init is effectively a no-op
09-11 13:15:44.979  2104  2104 I zygote  : Thread[1,tid=2104,Native,Thread*=0xa88bc000,peer=0x12c01c70,"main"] recursive attempt to load library "/system/lib/libmedia_jni.so"
09-11 13:15:44.980  2104  2104 D MtpDeviceJNI: register_android_mtp_MtpDevice
09-11 13:15:44.981  2104  2104 I zygote  : Thread[1,tid=2104,Native,Thread*=0xa88bc000,peer=0x12c01c70,"main"] recursive attempt to load library "/system/lib/libmedia_jni.so"
09-11 13:15:44.982  2104  2104 I zygote  : Thread[1,tid=2104,Native,Thread*=0xa88bc000,peer=0x12c01c70,"main"] recursive attempt to load library "/system/lib/libmedia_jni.so"
09-11 13:15:45.255  2104  2104 W main    : type=1400 audit(0.0:1121): avc: granted { read } for name="cpu" dev="sysfs" ino=32 scontext=u:r:zygote:s0 tcontext=u:object_r:sysfs:s0 tclass=dir
09-11 13:15:45.255  2104  2104 W main    : type=1400 audit(0.0:1122): avc: granted { read open } for name="cpu" dev="sysfs" ino=32 scontext=u:r:zygote:s0 tcontext=u:object_r:sysfs:s0 tclass=dir
09-11 13:15:45.446  2104  2104 I System  : Loaded time zone names for "" in 149ms (147ms in ICU)
09-11 13:15:45.522  2104  2104 I System  : Loaded time zone names for "en_US" in 75ms (73ms in ICU)
09-11 13:15:45.547  2104  2104 I Zygote  : ...preloaded 4570 classes in 1728ms.
09-11 13:15:45.547  2104  2104 I zygote  : VMRuntime.preloadDexCaches starting
09-11 13:15:45.718  2104  2104 I zygote  : VMRuntime.preloadDexCaches strings total=306914 before=2849 after=2849
09-11 13:15:45.718  2104  2104 I zygote  : VMRuntime.preloadDexCaches types total=26189 before=2675 after=3315
09-11 13:15:45.718  2104  2104 I zygote  : VMRuntime.preloadDexCaches fields total=124019 before=2152 after=1211
09-11 13:15:45.719  2104  2104 I zygote  : VMRuntime.preloadDexCaches methods total=219998 before=87638 after=87736
09-11 13:15:45.719  2104  2104 I zygote  : VMRuntime.preloadDexCaches finished
09-11 13:15:45.719  2104  2104 D Zygote32Timing: PreloadClasses took to complete: 1900ms
09-11 13:15:46.018  2104  2104 D Zygote32Timing: PreloadResources took to complete: 299ms
09-11 13:15:46.131  2104  2104 D Zygote32Timing: ZygotePreload took to complete: 2370ms
09-11 13:15:46.227  2104  2104 D Zygote32Timing: PostZygoteInitGC took to complete: 96ms
09-11 13:15:46.227  2104  2104 D Zygote32Timing: ZygoteInit took to complete: 2468ms
09-11 13:15:46.366  2169  2169 I chatty  : uid=1000 system_server expire 55 lines
09-11 13:15:46.404  2169  2169 I SystemServer: InitBeforeStartServices
09-11 13:15:46.405  2169  2169 I SystemServer: Entered the Android system server!
09-11 13:15:46.611  2169  2169 D SystemServerTiming: InitBeforeStartServices took to complete: 206ms
09-11 13:15:46.611  2169  2169 I SystemServer: StartServices
09-11 13:15:46.611  2169  2169 I SystemServer: Reading configuration...
09-11 13:15:46.611  2169  2169 I SystemServer: ReadingSystemConfig
09-11 13:15:46.612  2169  2169 D SystemServerTiming: ReadingSystemConfig took to complete: 1ms
09-11 13:15:46.612  2169  2169 I SystemServer: StartInstaller
09-11 13:15:46.613  2169  2169 I SystemServiceManager: Starting com.android.server.pm.Installer
09-11 13:15:46.613  2169  2182 D SystemServerInitThreadPool: Started executing ReadingSystemConfig
09-11 13:15:46.618  2169  2169 D SystemServerTiming: StartInstaller took to complete: 5ms
09-11 13:15:46.618  2169  2169 I SystemServer: DeviceIdentifiersPolicyService
09-11 13:15:46.618  2169  2169 I SystemServiceManager: Starting com.android.server.os.DeviceIdentifiersPolicyService
09-11 13:15:46.619  2169  2169 D SystemServerTiming: DeviceIdentifiersPolicyService took to complete: 1ms
09-11 13:15:46.619  2169  2169 I SystemServer: StartActivityManager
09-11 13:15:46.620  2169  2169 I SystemServiceManager: Starting com.android.server.am.ActivityManagerService$Lifecycle
09-11 13:15:46.650  2169  2169 I ActivityManager: Memory class: 192
09-11 13:15:46.653  2169  2184 I ServiceThread: Enabled StrictMode logging for ActivityManager looper.
09-11 13:15:46.655  2169  2185 I ServiceThread: Enabled StrictMode logging for android.ui looper.
09-11 13:15:46.683  2169  2182 D SystemServerInitThreadPool: Finished executing ReadingSystemConfig
09-11 13:15:46.697  2169  2169 D BatteryStatsImpl: Reading daily items from /data/system/batterystats-daily.xml
09-11 13:15:46.820  2169  2169 I AppOps  : No existing app ops /data/system/appops.xml; starting empty
09-11 13:15:46.829  2169  2169 I IntentFirewall: Read new rules (A:0 B:0 S:0)
09-11 13:15:46.839  2169  2192 I ServiceThread: Enabled StrictMode logging for android.display looper.
09-11 13:15:46.848  2169  2169 D AppOps  : AppOpsService published
09-11 13:15:46.849  2169  2169 D SystemServerTiming: StartActivityManager took to complete: 229ms
09-11 13:15:46.849  2169  2169 I SystemServer: StartPowerManager
09-11 13:15:46.849  2169  2169 I SystemServiceManager: Starting com.android.server.power.PowerManagerService
09-11 13:15:46.852  2169  2194 I ServiceThread: Enabled StrictMode logging for PowerManagerService looper.
09-11 13:15:46.863  2169  2169 D SystemServerTiming: StartPowerManager took to complete: 14ms
09-11 13:15:46.863  2169  2169 I SystemServer: InitPowerManagement
09-11 13:15:46.864  2169  2169 D SystemServerTiming: InitPowerManagement took to complete: 2ms
09-11 13:15:46.865  2169  2169 I SystemServer: StartRecoverySystemService
09-11 13:15:46.865  2169  2169 I SystemServiceManager: Starting com.android.server.RecoverySystemService
09-11 13:15:46.866  2169  2169 D SystemServerTiming: StartRecoverySystemService took to complete: 1ms
09-11 13:15:46.867  2169  2169 V RescueParty: Disabled because of active USB connection
09-11 13:15:46.867  2169  2169 I SystemServer: StartLightsService
09-11 13:15:46.867  2169  2169 I SystemServiceManager: Starting com.android.server.lights.LightsService
09-11 13:15:46.868  2169  2169 D SystemServerTiming: StartLightsService took to complete: 1ms
09-11 13:15:46.868  2169  2169 I SystemServer: StartDisplayManager
09-11 13:15:46.869  2169  2169 I SystemServiceManager: Starting com.android.server.display.DisplayManagerService
09-11 13:15:46.872  2169  2169 D SystemServerTiming: StartDisplayManager took to complete: 4ms
09-11 13:15:46.872  2169  2169 I SystemServer: WaitForDisplay
09-11 13:15:46.872  2169  2169 I SystemServiceManager: Starting phase 100
09-11 13:15:46.885  2169  2192 I DisplayManagerService: Display device added: DisplayDeviceInfo{"Built-in Screen": uniqueId="local:0", 768 x 1280, modeId 1, defaultModeId 1, supportedModes [{id=1, width=768, height=1280, fps=60.0}], colorMode 0, supportedColorModes [0], HdrCapabilities android.view.Display$HdrCapabilities@a69d6308, density 320, 319.79 x 318.745 dpi, appVsyncOff 1000000, presDeadline 16666667, touch INTERNAL, rotation 0, type BUILT_IN, state UNKNOWN, FLAG_DEFAULT_DISPLAY, FLAG_ROTATES_WITH_CONTENT, FLAG_SECURE, FLAG_SUPPORTS_PROTECTED_BUFFERS}
09-11 13:15:46.887   358   358 D SurfaceFlinger: Set power mode=2, type=0 flinger=0xa7db6000
09-11 13:15:46.888   358   358 D SurfaceFlinger: Screen type=0 is already mode=2
09-11 13:15:46.915  2169  2192 I chatty  : uid=1000 system_server expire 8 lines
09-11 13:15:46.932  2169  2169 W SystemServiceManager: Service com.android.server.display.DisplayManagerService took 60 ms in onBootPhase
09-11 13:15:46.932  2169  2169 D SystemServerTiming: WaitForDisplay took to complete: 60ms
09-11 13:15:46.932  2169  2192 I DisplayManagerService: Display device changed state: "Built-in Screen", ON
09-11 13:15:46.933  2169  2169 I SystemServer: StartPackageManagerService
09-11 13:15:46.989  2169  2169 D SELinuxMMAC: Using policy file /system/etc/selinux/plat_mac_permissions.xml
09-11 13:15:46.993  2169  2169 D SELinuxMMAC: Using policy file /vendor/etc/selinux/nonplat_mac_permissions.xml
09-11 13:15:47.139  2169  2169 W PackageManager: Wiping cache directory because the system partition changed.
09-11 13:15:47.318  2169  2179 I chatty  : uid=1000 system_server expire 1 line
09-11 13:15:47.409  2169  2169 I PackageManager: Time to scan packages: 0.27 seconds
09-11 13:15:47.419  2169  2169 V PackageManager: reconcileAppsData for null u0 0x3 migrateAppData=true
09-11 13:15:47.651  2169  2169 V PackageManager: reconcileAppsData finished 18 packages
09-11 13:15:47.654  2169  2208 D SystemServerInitThreadPool: Started executing prepareAppData
09-11 13:15:47.656   343   343 I chatty  : uid=0(root) Binder:343_2 expire 15 lines
09-11 13:15:47.675  2169  2208 D SystemServerTimingAsync: AppDataFixup took to complete: 21ms
09-11 13:15:47.816  2169  2169 D PackageManager: Ephemeral resolver not found with new action; try old one
09-11 13:15:47.817  2169  2169 D PackageManager: Ephemeral resolver NOT found; no matching intent filters
09-11 13:15:47.817  2169  2169 D PackageManager: Ephemeral installer not found with new action; try old one
09-11 13:15:47.818  2169  2169 D PackageManager: Clear ephemeral installer activity
09-11 13:15:47.837  2169  2208 I chatty  : uid=1000 system_server expire 1 line
09-11 13:15:48.013  2169  2169 D FallbackCategoryProvider: Found 1 fallback categories
09-11 13:15:48.018  2169  2169 D SystemServerTiming: StartPackageManagerService took to complete: 1085ms
09-11 13:15:48.020  2169  2169 I SystemServer: StartOtaDexOptService
09-11 13:15:48.022  2169  2169 D OTADexopt: No upgrade, skipping A/B artifacts check.
09-11 13:15:48.022  2169  2169 D SystemServerTiming: StartOtaDexOptService took to complete: 2ms
09-11 13:15:48.022  2169  2169 I SystemServer: StartUserManagerService
09-11 13:15:48.022  2169  2169 I SystemServiceManager: Starting com.android.server.pm.UserManagerService$LifeCycle
09-11 13:15:48.023  2169  2169 D SystemServerTiming: StartUserManagerService took to complete: 1ms
09-11 13:15:48.023  2169  2169 I SystemServer: InitAttributerCache
09-11 13:15:48.023  2169  2169 D SystemServerTiming: InitAttributerCache took to complete: 0ms
09-11 13:15:48.023  2169  2169 I SystemServer: SetSystemProcess
09-11 13:15:48.034  2169  2169 D SystemServerTiming: SetSystemProcess took to complete: 11ms
09-11 13:15:48.036  2169  2210 I ServiceThread: Enabled StrictMode logging for android.anim looper.
09-11 13:15:48.037  2169  2169 I SystemServer: StartOverlayManagerService
09-11 13:15:48.040  2169  2169 D SystemServerTiming: StartOverlayManagerService took to complete: 3ms
09-11 13:15:48.040  2169  2211 D SystemServerInitThreadPool: Started executing Init OverlayManagerService
09-11 13:15:48.041  2169  2169 I SystemServer: StartDropBoxManager
09-11 13:15:48.041  2169  2169 I SystemServiceManager: Starting com.android.server.DropBoxManagerService
09-11 13:15:48.042  2169  2212 D SystemServerInitThreadPool: Started executing StartSensorService
09-11 13:15:48.042  2169  2212 D SensorService: nuSensorService starting...
09-11 13:15:48.043  2169  2169 D SystemServerTiming: StartDropBoxManager took to complete: 2ms
09-11 13:15:48.043  2169  2169 I SystemServer: StartBatteryService
09-11 13:15:48.043  2169  2169 I SystemServiceManager: Starting com.android.server.BatteryService
09-11 13:15:48.054  2169  2169 D SystemServerTiming: StartBatteryService took to complete: 11ms
09-11 13:15:48.054  2169  2169 I SystemServer: StartUsageService
09-11 13:15:48.054  2169  2169 I SystemServiceManager: Starting com.android.server.usage.UsageStatsService
09-11 13:15:48.055  2169  2180 V lights  : set_notification_led_locked: red 0 green 255 blue 0 onMS 0 offMS 0
09-11 13:15:48.056  2169  2187 E BatteryStatsService: Power Hal not loaded
09-11 13:15:48.081  2169  2169 D SystemServerTiming: StartUsageService took to complete: 27ms
09-11 13:15:48.081  2169  2169 I SystemServer: StartWebViewUpdateService
09-11 13:15:48.081  2169  2169 I SystemServiceManager: Starting com.android.server.webkit.WebViewUpdateService
09-11 13:15:48.119  2169  2169 D SystemServerTiming: StartWebViewUpdateService took to complete: 38ms
09-11 13:15:48.121  2169  2169 I SystemServer: StartKeyAttestationApplicationIdProviderService
09-11 13:15:48.121  2169  2182 D SystemServerInitThreadPool: Started executing SecondaryZygotePreload
09-11 13:15:48.122  2169  2182 I SystemServer: SecondaryZygotePreload
09-11 13:15:48.123  2169  2169 D SystemServerTiming: StartKeyAttestationApplicationIdProviderService took to complete: 2ms
09-11 13:15:48.123  2169  2169 I SystemServer: StartKeyChainSystemService
09-11 13:15:48.123  2169  2169 I SystemServiceManager: Starting com.android.server.security.KeyChainSystemService
09-11 13:15:48.124  2169  2169 D SystemServerTiming: StartKeyChainSystemService took to complete: 1ms
09-11 13:15:48.125  2169  2169 I SystemServer: StartSchedulingPolicyService
09-11 13:15:48.126  2169  2169 D SystemServerTiming: StartSchedulingPolicyService took to complete: 1ms
09-11 13:15:48.126  2169  2169 I SystemServer: StartTelecomLoaderService
09-11 13:15:48.126  2169  2169 I SystemServiceManager: Starting com.android.server.telecom.TelecomLoaderService
09-11 13:15:48.127  2169  2169 D SystemServerTiming: StartTelecomLoaderService took to complete: 1ms
09-11 13:15:48.127  2169  2169 I SystemServer: StartTelephonyRegistry
09-11 13:15:48.131  2169  2169 D SystemServerTiming: StartTelephonyRegistry took to complete: 4ms
09-11 13:15:48.131  2169  2169 I SystemServer: StartEntropyMixer
09-11 13:15:48.132  2169  2211 D SystemServerInitThreadPool: Finished executing Init OverlayManagerService
09-11 13:15:48.134  2169  2182 I Zygote  : Process: zygote socket zygote opened, supported ABIS: armeabi-v7a,armeabi
09-11 13:15:48.135  2169  2169 I EntropyMixer: Added HW RNG output to entropy pool
09-11 13:15:48.135  2169  2169 I EntropyMixer: Writing entropy...
09-11 13:15:48.145  2169  2182 E SystemServer: Unable to preload default resources
09-11 13:15:48.145  2169  2182 D SystemServerTimingAsync: SecondaryZygotePreload took to complete: 23ms
09-11 13:15:48.145  2169  2182 D SystemServerInitThreadPool: Finished executing SecondaryZygotePreload
09-11 13:15:48.164  2169  2169 D SystemServerTiming: StartEntropyMixer took to complete: 34ms
09-11 13:15:48.165  2169  2169 I SystemServer: Camera Service Proxy
09-11 13:15:48.165  2169  2169 I SystemServer: StartCameraServiceProxy
09-11 13:15:48.165  2169  2169 I SystemServiceManager: Starting com.android.server.camera.CameraServiceProxy
09-11 13:15:48.168  2169  2218 I ServiceThread: Enabled StrictMode logging for CameraService_proxy looper.
09-11 13:15:48.169  2169  2169 D SystemServerTiming: StartCameraServiceProxy took to complete: 4ms
09-11 13:15:48.169  2169  2169 I SystemServer: StartAccountManagerService
09-11 13:15:48.169  2169  2169 I SystemServiceManager: Starting com.android.server.accounts.AccountManagerService$Lifecycle
09-11 13:15:48.180  2169  2169 D SystemServerTiming: StartAccountManagerService took to complete: 11ms
09-11 13:15:48.180  2169  2169 I SystemServer: StartContentService
09-11 13:15:48.180  2169  2169 I SystemServiceManager: Starting com.android.server.content.ContentService$Lifecycle
09-11 13:15:48.183  2169  2169 D SystemServerTiming: StartContentService took to complete: 3ms
09-11 13:15:48.183  2169  2169 I SystemServer: InstallSystemProviders
09-11 13:15:48.218  2220  2220 W keystore: type=1400 audit(0.0:1126): avc: granted { getattr } for path="/vendor" dev="rootfs" ino=4476 scontext=u:r:keystore:s0 tcontext=u:object_r:rootfs:s0 tclass=lnk_file
09-11 13:15:48.256  2169  2169 I SettingsState: No settings state /data/system/users/0/settings_ssaid.xml
09-11 13:15:48.270  2169  2169 W RescueParty: Attempting rescue level RESET_SETTINGS_UNTRUSTED_CHANGES
09-11 13:15:48.275  2169  2169 D PackageManager: Finished rescue level RESET_SETTINGS_UNTRUSTED_CHANGES
09-11 13:15:48.278  2169  2169 D SystemServerTiming: InstallSystemProviders took to complete: 95ms
09-11 13:15:48.278  2169  2169 I SystemServer: StartVibratorService
09-11 13:15:48.298  2169  2169 I vndksupport: sphal namespace is not configured for this process. Loading /vendor/lib/hw/vibrator.default.so from the current namespace instead.
09-11 13:15:48.303  2169  2169 D         : Vibrator using timed_output
09-11 13:15:48.309  2169  2169 D SystemServerTiming: StartVibratorService took to complete: 32ms
09-11 13:15:48.310  2169  2169 I SystemServer: StartConsumerIrService
09-11 13:15:48.317  2169  2169 D SystemServerTiming: StartConsumerIrService took to complete: 7ms
09-11 13:15:48.317  2169  2169 I SystemServer: StartAlarmManagerService
09-11 13:15:48.317  2169  2169 I SystemServiceManager: Starting com.android.server.AlarmManagerService
09-11 13:15:48.325  2169  2169 D AlarmManagerService: Kernel timezone updated to 0 minutes west of GMT
09-11 13:15:48.328  2220  2220 W keystore: type=1400 audit(0.0:1127): avc: granted { read } for name="online" dev="sysfs" ino=34 scontext=u:r:keystore:s0 tcontext=u:object_r:sysfs:s0 tclass=file
09-11 13:15:48.328  2220  2220 W keystore: type=1400 audit(0.0:1128): avc: granted { read open } for name="online" dev="sysfs" ino=34 scontext=u:r:keystore:s0 tcontext=u:object_r:sysfs:s0 tclass=file
09-11 13:15:48.328  2220  2220 W keystore: type=1400 audit(0.0:1129): avc: granted { getattr } for path="/sys/devices/system/cpu/online" dev="sysfs" ino=34 scontext=u:r:keystore:s0 tcontext=u:object_r:sysfs:s0 tclass=file
09-11 13:15:48.338  2169  2169 D SystemServerTiming: StartAlarmManagerService took to complete: 21ms
09-11 13:15:48.338  2169  2169 I SystemServer: InitWatchdog
09-11 13:15:48.339  2169  2169 D SystemServerTiming: InitWatchdog took to complete: 1ms
09-11 13:15:48.339  2169  2169 I SystemServer: StartInputManagerService
09-11 13:15:48.341  2169  2169 I InputManager: Initializing input manager, mUseDevInputEventForAudioJack=true
09-11 13:15:48.344  2169  2169 D SystemServerTiming: StartInputManagerService took to complete: 5ms
09-11 13:15:48.344  2169  2169 I SystemServer: StartWindowManagerService
09-11 13:15:48.622  2169  2208 D SystemServerTimingAsync: AppDataPrepare took to complete: 946ms
09-11 13:15:48.623  2169  2208 I PackageManager: Deferred reconcileAppsData finished 62 packages
09-11 13:15:48.623  2169  2208 D SystemServerInitThreadPool: Finished executing prepareAppData
09-11 13:15:49.123  2169  2212 E libsensor1: sensor1_open: Error in connect() errno=2 No such file or directory
09-11 13:15:49.124  2169  2212 E sensor_reg: sensor_reg_sensor1_open: sensor1_open returned 11
09-11 13:15:49.124  2169  2212 E qcom_sensors_hal: hal_init: Error in sensor_reg_open(): -1
09-11 13:15:49.124  2169  2212 F system_server: Sensors.cpp:98] Check failed: getHalDeviceVersion() >= ((((1) & 0xff) << 24) | (((3) & 0xff) << 16) | ((1) & 0xffff)) (getHalDeviceVersion()=16777217, ((((1) & 0xff) << 24) | (((3) & 0xff) << 16) | ((1) & 0xffff))=16973825) 
09-11 13:15:49.124  2169  2212 F libc    : Fatal signal 6 (SIGABRT), code -6 in tid 2212 (system-server-i)
09-11 13:15:49.147  2226  2226 E libc    : failed to raise ambient capability 36: Invalid argument
09-11 13:15:49.239  2226  2226 I crash_dump32: type=1400 audit(0.0:1130): avc: denied { read } for name="online" dev="sysfs" ino=34 scontext=u:r:crash_dump:s0 tcontext=u:object_r:sysfs:s0 tclass=file permissive=1
09-11 13:15:49.239  2226  2226 I crash_dump32: type=1400 audit(0.0:1131): avc: denied { open } for name="online" dev="sysfs" ino=34 scontext=u:r:crash_dump:s0 tcontext=u:object_r:sysfs:s0 tclass=file permissive=1
09-11 13:15:49.239  2226  2226 I crash_dump32: type=1400 audit(0.0:1132): avc: denied { getattr } for path="/sys/devices/system/cpu/online" dev="sysfs" ino=34 scontext=u:r:crash_dump:s0 tcontext=u:object_r:sysfs:s0 tclass=file permissive=1
09-11 13:15:49.366  2227  2227 I crash_dump32: obtaining output fd from tombstoned
09-11 13:15:49.367   359   359 I /system/bin/tombstoned: received crash request for pid 2169
09-11 13:15:49.369  2227  2227 I crash_dump32: performing dump of process 2169 (target tid = 2212)
09-11 13:15:49.369  2169  2212 F libc    : failed to resend signal during crash: Operation not permitted
09-11 13:15:49.371  2227  2227 E DEBUG   : unexpected waitpid response: n=2212, status=00000100
09-11 13:15:49.372   359   359 W /system/bin/tombstoned: crash socket received short read of length 0 (expected 8)
09-11 13:15:49.408   356   356 I chatty  : uid=1000(system) /system/bin/servicemanager expire 82 lines
09-11 13:15:51.181  2231  2231 I chatty  : uid=0(root) /system/bin/netd expire 27 lines
09-11 13:15:51.241  2232  2232 I chatty  : uid=0(root) /system/bin/iptables-restore expire 1 line
09-11 13:15:51.261  2233  2233 I chatty  : uid=0(root) /system/bin/ip6tables-restore expire 1 line
09-11 13:15:51.281  2234  2234 I chatty  : uid=0(root) /system/bin/iptables expire 1 line
09-11 13:15:51.301  2235  2235 I chatty  : uid=0(root) /system/bin/ip6tables expire 1 line
09-11 13:15:51.321  2236  2236 I chatty  : uid=0(root) /system/bin/iptables expire 1 line
09-11 13:15:51.341  2237  2237 I chatty  : uid=0(root) /system/bin/ip6tables expire 1 line
09-11 13:15:51.361  2238  2238 I chatty  : uid=0(root) /system/bin/iptables expire 1 line
09-11 13:15:51.381  2239  2239 I chatty  : uid=0(root) /system/bin/ip6tables expire 1 line
09-11 13:15:51.401  2240  2240 I chatty  : uid=0(root) /system/bin/iptables expire 1 line
09-11 13:15:51.421  2241  2241 I chatty  : uid=0(root) /system/bin/ip6tables expire 1 line
09-11 13:15:51.441  2242  2242 I chatty  : uid=0(root) /system/bin/iptables expire 1 line
09-11 13:15:51.441  2229  2229 I chatty  : uid=1041(audioserver) /system/bin/audioserver expire 21 lines
09-11 13:15:51.471  2244  2244 I chatty  : uid=0(root) /system/bin/ip6tables expire 1 line
09-11 13:15:51.491  2252  2252 I chatty  : uid=0(root) /system/bin/iptables expire 1 line
09-11 13:15:51.511  2253  2253 I chatty  : uid=0(root) /system/bin/ip6tables expire 1 line
09-11 13:15:51.521  2254  2254 I chatty  : uid=0(root) /system/bin/iptables expire 1 line
09-11 13:15:51.541  2255  2255 I chatty  : uid=0(root) /system/bin/ip6tables expire 1 line
09-11 13:15:51.572  2256  2256 I chatty  : uid=0(root) /system/bin/iptables-restore expire 1 line
09-11 13:15:51.590  2229  2229 E Diag_Lib: actp_diag_init: diag init failed
09-11 13:15:51.590  2229  2229 E         : [ACDB ACPH]->actp diag init done!
09-11 13:15:51.590  2229  2229 D ACDB-LOADER: No existing ION info in ACDB driver
09-11 13:15:51.590  2229  2229 D ACDB-LOADER: ACDB -> ION_IOC_ALLOC
09-11 13:15:51.590  2229  2229 D ACDB-LOADER: ACDB -> ION_IOC_SHARE
09-11 13:15:51.590  2229  2229 D ACDB-LOADER: ACDB -> MMAP ADDR
09-11 13:15:51.590  2229  2229 D ACDB-LOADER: ACDB -> register MEM to ACDB driver: 0xae5c5000
09-11 13:15:51.590  2229  2229 D ACDB-LOADER: ACDB -> send_asm_topology
09-11 13:15:51.590  2229  2229 D ACDB-LOADER: ACDB -> ACDB_CMD_GET_AUDPROC_STREAM_TOPOLOGY_ID
09-11 13:15:51.590  2229  2229 D ACDB-LOADER: send mbhc data
09-11 13:15:51.592  2257  2257 W ip6tables-resto: type=1400 audit(0.0:1154): avc: granted { getattr } for path="/vendor" dev="rootfs" ino=4476 scontext=u:r:netd:s0 tcontext=u:object_r:rootfs:s0 tclass=lnk_file
09-11 13:15:51.622  2258  2258 I chatty  : uid=0(root) /system/bin/iptables-restore expire 1 line
09-11 13:15:51.631  2229  2229 D ACDB-LOADER: send tabla anc data
09-11 13:15:51.631  2229  2229 D ACDB-LOADER: ACDB -> ACDB_CMD_GET_ANC_SETTING
09-11 13:15:51.631  2229  2229 D ACDB-LOADER: done with conversion, anc config size is 148
09-11 13:15:51.632  2229  2229 D ACDB-LOADER: ACDB -> ACDB_CMD_GET_ANC_SETTING
09-11 13:15:51.632  2229  2229 D ACDB-LOADER: done with conversion, anc config size is 148
09-11 13:15:51.632  2229  2229 D ACDB-LOADER: ACDB -> ACDB_CMD_GET_ANC_SETTING
09-11 13:15:51.632  2229  2229 D ACDB-LOADER: done with conversion, anc config size is 148
09-11 13:15:51.632  2229  2229 D ACDB-LOADER: ACDB -> ACDB_CMD_GET_ANC_SETTING
09-11 13:15:51.632  2229  2229 D ACDB-LOADER: done with conversion, anc config size is 148
09-11 13:15:51.632  2229  2229 D ACDB-LOADER: ACDB -> ACDB_CMD_GET_ANC_SETTING
09-11 13:15:51.632  2229  2229 D ACDB-LOADER: done with conversion, anc config size is 74
09-11 13:15:51.632  2229  2229 D ACDB-LOADER: ACDB -> ACDB_CMD_GET_ANC_SETTING
09-11 13:15:51.632  2229  2229 D ACDB-LOADER: done with conversion, anc config size is 74
09-11 13:15:51.632  2229  2229 D ACDB-LOADER: ACDB -> init done!
09-11 13:15:51.633  2229  2229 E ext_speaker: open_speaker_bundle: DLOPEN failed for /vendor/lib/soundfx/libspeakerbundle.so
09-11 13:15:51.633  2229  2229 W audio_hw_primary: adev_open: DLOPEN failed for /vendor/lib/soundfx/libqcomvisualizer.so
09-11 13:15:51.633  2229  2229 W audio_hw_primary: adev_open: DLOPEN failed for /vendor/lib/soundfx/libqcompostprocbundle.so
09-11 13:15:51.633  2229  2229 W audio_hw_primary: adev_open: DLOPEN failed for libadm.so
09-11 13:15:51.633  2229  2229 E audio_hw_utils: audio_extn_utils_send_default_app_type_cfg: Could not get ctl for mixer cmd - App Type Config
09-11 13:15:51.633  2229  2229 D audio_hw_primary: adev_open: exit
09-11 13:15:51.634  2229  2229 W DeviceHAL: Device 0xaebc1300 get_master_volume: Function not implemented
09-11 13:15:51.634  2229  2229 W DeviceHAL: Device 0xaebc1300 get_master_mute: Function not implemented
09-11 13:15:51.634  2229  2229 W DeviceHAL: Device 0xaebc1300 set_master_volume: Function not implemented
09-11 13:15:51.634  2229  2229 W DeviceHAL: Device 0xaebc1300 set_master_mute: Function not implemented
09-11 13:15:51.634  2229  2229 I AudioFlinger: loadHwModule() Loaded primary audio interface, handle 10
09-11 13:15:51.634  2229  2229 I AudioFlinger: openOutput() this 0xaebb2000, module 10 Device 2, SamplingRate 48000, Format 0x000001, Channels 3, flags 2
09-11 13:15:51.635  2229  2229 I AudioFlinger: HAL output buffer size 240 frames, normal sink buffer size 960 frames
09-11 13:15:51.640  2229  2229 W EffectsFactory: checkLibraryPath() corrected library path /system/lib/soundfx/libbundlewrapper.so to /vendor/lib/soundfx/libbundlewrapper.so
09-11 13:15:51.642  2262  2262 I chatty  : uid=0(root) /system/bin/ip6tables-restore expire 1 line
09-11 13:15:51.646  2229  2229 W EffectsFactory: checkLibraryPath() corrected library path /system/lib/soundfx/libreverbwrapper.so to /vendor/lib/soundfx/libreverbwrapper.so
09-11 13:15:51.647  2229  2229 W EffectsFactory: checkLibraryPath() corrected library path /system/lib/soundfx/libvisualizer.so to /vendor/lib/soundfx/libvisualizer.so
09-11 13:15:51.648  2229  2229 W EffectsFactory: checkLibraryPath() corrected library path /system/lib/soundfx/libqcomvoiceprocessing.so to /vendor/lib/soundfx/libqcomvoiceprocessing.so
09-11 13:15:51.649  2229  2229 W EffectsFactory: checkLibraryPath() corrected library path /system/lib/soundfx/libdownmix.so to /vendor/lib/soundfx/libdownmix.so
09-11 13:15:51.650  2229  2229 W EffectsFactory: checkLibraryPath() corrected library path /system/lib/soundfx/libldnhncr.so to /vendor/lib/soundfx/libldnhncr.so
09-11 13:15:51.651  2229  2229 E voice_processing: init: can't find /system/lib/soundfx/libqcomvoiceprocessingdescriptors.so
09-11 13:15:51.652  2229  2229 I BufferProvider: found effect "Multichannel Downmix To Stereo" from The Android Open Source Project
09-11 13:15:51.652  2229  2229 I AudioFlinger: Using module 10 as the primary audio interface
09-11 13:15:51.653  2229  2229 W AudioFlinger: moveEffects() bad srcOutput 0
09-11 13:15:51.654  2229  2264 I AudioFlinger: AudioFlinger's thread 0xadf2ce40 tid=2264 ready to run
09-11 13:15:51.654  2229  2264 W AudioFlinger: no wake lock to update, system not ready yet
09-11 13:15:51.654  2229  2264 D audio_hw_primary: out_set_parameters: enter: usecase(1: low-latency-playback) kvpairs: routing=2
09-11 13:15:51.655  2229  2229 I AudioFlinger: openOutput() this 0xaebb2000, module 10 Device 2, SamplingRate 48000, Format 0x000001, Channels 3, flags 8
09-11 13:15:51.656  2229  2229 I AudioFlinger: HAL output buffer size 1920 frames, normal sink buffer size 1920 frames
09-11 13:15:51.656  2229  2264 W AudioFlinger: no wake lock to update, system not ready yet
09-11 13:15:51.657  2229  2266 I AudioFlinger: AudioFlinger's thread 0xad503c80 tid=2266 ready to run
09-11 13:15:51.657  2229  2266 W AudioFlinger: no wake lock to update, system not ready yet
09-11 13:15:51.657  2229  2266 D audio_hw_primary: out_set_parameters: enter: usecase(0: deep-buffer-playback) kvpairs: routing=2
09-11 13:15:51.658  2229  2266 W AudioFlinger: no wake lock to update, system not ready yet
09-11 13:15:51.671  2229  2268 I AudioFlinger: AudioFlinger's thread 0xad283bc0 tid=2268 ready to run
09-11 13:15:51.681  2229  2229 I bt_a2dp_hw: adev_open:  adev_open in A2dp_hw module
09-11 13:15:51.681  2229  2229 I AudioFlinger: loadHwModule() Loaded a2dp audio interface, handle 18
09-11 13:15:51.681  2229  2229 I vndksupport: sphal namespace is not configured for this process. Loading /vendor/lib/hw/audio.usb.default.so from the current namespace instead.
09-11 13:15:51.683  2229  2229 I AudioFlinger: loadHwModule() Loaded usb audio interface, handle 26
09-11 13:15:51.684  2229  2229 I vndksupport: sphal namespace is not configured for this process. Loading /vendor/lib/hw/audio.r_submix.default.so from the current namespace instead.
09-11 13:15:51.685  2229  2229 I r_submix: adev_open(name=audio_hw_if)
09-11 13:15:51.685  2229  2229 I r_submix: adev_init_check()
09-11 13:15:51.685  2229  2229 W DeviceHAL: Device 0xad559bc0 set_master_mute: Function not implemented
09-11 13:15:51.685  2229  2229 I AudioFlinger: loadHwModule() Loaded r_submix audio interface, handle 34
09-11 13:15:51.686  2229  2229 D r_submix: adev_open_input_stream(addr=0)
09-11 13:15:51.686  2229  2229 D r_submix: submix_audio_device_create_pipe_l(addr=0, idx=9)
09-11 13:15:51.686  2229  2229 D r_submix:   now using address 0 for route 9
09-11 13:15:51.687  2229  2272 I AudioFlinger: AudioFlinger's thread 0xad2832c0 tid=2272 ready to run
09-11 13:15:51.688  2229  2229 D r_submix: adev_close_input_stream()
09-11 13:15:51.688  2229  2229 D r_submix: submix_audio_device_release_pipe_l(idx=9) addr=0
09-11 13:15:51.688  2229  2229 D r_submix: submix_audio_device_destroy_pipe_l(): pipe destroyed
09-11 13:15:51.689  2229  2229 I RadioService: RadioService
09-11 13:15:51.689  2229  2229 I RadioService: onFirstRef
09-11 13:15:51.692  2229  2229 E RadioService: could not read implementation properties
09-11 13:15:51.693  2231  2278 I chatty  : uid=0(root) /system/bin/netd expire 2 lines
09-11 13:15:51.695  2229  2229 E SoundTriggerHwService: could not read implementation properties
09-11 13:15:51.713  2230  2230 I mediaserver: ServiceManager: 0xa728e540
09-11 13:15:51.714  2230  2230 W BatteryNotifier: batterystats service unavailable!
09-11 13:15:51.715  2230  2230 I CameraService: CameraService started (pid=2230)
09-11 13:15:51.715  2230  2230 I CameraService: CameraService process starting
09-11 13:15:51.715  2230  2230 W BatteryNotifier: batterystats service unavailable!
09-11 13:15:51.715  2230  2230 W BatteryNotifier: batterystats service unavailable!
09-11 13:15:51.726  2230  2230 E CamProvider@2.4-impl: Could not load camera HAL module: -2 (No such file or directory)
09-11 13:15:51.726  2230  2230 E CamProvider@2.4-impl: HIDL_FETCH_ICameraProvider: camera provider init failed!
09-11 13:15:52.262  2228  2228 I chatty  : uid=0(root) expire 82 lines
09-11 13:15:52.536  2228  2228 D Zygote32Timing: BeginIcuCachePinning took to complete: 17ms
09-11 13:15:52.845  2228  2228 E ActivityRecognitionHardware: activity_recognition HAL is deprecated. class_init is effectively a no-op
09-11 13:15:52.871  2228  2228 I zygote  : Thread[1,tid=2228,Native,Thread*=0xb13bc000,peer=0x12c01c70,"main"] recursive attempt to load library "/system/lib/libmedia_jni.so"
09-11 13:15:52.871  2228  2228 D MtpDeviceJNI: register_android_mtp_MtpDevice
09-11 13:15:52.872  2228  2228 I zygote  : Thread[1,tid=2228,Native,Thread*=0xb13bc000,peer=0x12c01c70,"main"] recursive attempt to load library "/system/lib/libmedia_jni.so"
09-11 13:15:52.872  2228  2228 I zygote  : Thread[1,tid=2228,Native,Thread*=0xb13bc000,peer=0x12c01c70,"main"] recursive attempt to load library "/system/lib/libmedia_jni.so"
09-11 13:15:52.983  2228  2228 W main    : type=1400 audit(0.0:1160): avc: granted { read } for name="cpu" dev="sysfs" ino=32 scontext=u:r:zygote:s0 tcontext=u:object_r:sysfs:s0 tclass=dir
09-11 13:15:52.983  2228  2228 W main    : type=1400 audit(0.0:1161): avc: granted { read open } for name="cpu" dev="sysfs" ino=32 scontext=u:r:zygote:s0 tcontext=u:object_r:sysfs:s0 tclass=dir
09-11 13:15:53.111  2228  2228 I System  : Loaded time zone names for "" in 93ms (92ms in ICU)
09-11 13:15:53.161  2228  2228 I System  : Loaded time zone names for "en_US" in 49ms (47ms in ICU)
09-11 13:15:53.178  2228  2228 I Zygote  : ...preloaded 4570 classes in 642ms.
09-11 13:15:53.178  2228  2228 I zygote  : VMRuntime.preloadDexCaches starting
09-11 13:15:53.213  2290  2290 W keystore: type=1400 audit(0.0:1162): avc: granted { getattr } for path="/vendor" dev="rootfs" ino=4476 scontext=u:r:keystore:s0 tcontext=u:object_r:rootfs:s0 tclass=lnk_file
09-11 13:15:53.283  2290  2290 W keystore: type=1400 audit(0.0:1163): avc: granted { read } for name="online" dev="sysfs" ino=34 scontext=u:r:keystore:s0 tcontext=u:object_r:sysfs:s0 tclass=file
09-11 13:15:53.283  2290  2290 W keystore: type=1400 audit(0.0:1164): avc: granted { read open } for name="online" dev="sysfs" ino=34 scontext=u:r:keystore:s0 tcontext=u:object_r:sysfs:s0 tclass=file
09-11 13:15:53.283  2290  2290 W keystore: type=1400 audit(0.0:1165): avc: granted { getattr } for path="/sys/devices/system/cpu/online" dev="sysfs" ino=34 scontext=u:r:keystore:s0 tcontext=u:object_r:sysfs:s0 tclass=file
09-11 13:15:53.334  2228  2228 I zygote  : VMRuntime.preloadDexCaches strings total=306914 before=2849 after=2849
09-11 13:15:53.334  2228  2228 I zygote  : VMRuntime.preloadDexCaches types total=26189 before=2675 after=3315
09-11 13:15:53.334  2228  2228 I zygote  : VMRuntime.preloadDexCaches fields total=124019 before=2152 after=1211
09-11 13:15:53.334  2228  2228 I zygote  : VMRuntime.preloadDexCaches methods total=219998 before=87638 after=87736
09-11 13:15:53.334  2228  2228 I zygote  : VMRuntime.preloadDexCaches finished
09-11 13:15:53.334  2228  2228 D Zygote32Timing: PreloadClasses took to complete: 798ms
09-11 13:15:53.551  2228  2228 D Zygote32Timing: PreloadResources took to complete: 217ms
09-11 13:15:53.663  2228  2228 D Zygote32Timing: ZygotePreload took to complete: 1145ms
09-11 13:15:53.742  2228  2228 D Zygote32Timing: PostZygoteInitGC took to complete: 79ms
09-11 13:15:53.742  2228  2228 D Zygote32Timing: ZygoteInit took to complete: 1224ms
09-11 13:15:53.884  2292  2292 I chatty  : uid=1000 system_server expire 57 lines
09-11 13:15:53.933  2292  2292 I SystemServer: InitBeforeStartServices
09-11 13:15:53.933  2292  2292 I SystemServer: Entered the Android system server!
09-11 13:15:54.182  2292  2292 D SystemServerTiming: InitBeforeStartServices took to complete: 249ms
09-11 13:15:54.182  2292  2292 I SystemServer: StartServices
09-11 13:15:54.182  2292  2292 I SystemServer: Reading configuration...
09-11 13:15:54.182  2292  2292 I SystemServer: ReadingSystemConfig
09-11 13:15:54.184  2292  2292 D SystemServerTiming: ReadingSystemConfig took to complete: 1ms
09-11 13:15:54.184  2292  2292 I SystemServer: StartInstaller
09-11 13:15:54.184  2292  2305 D SystemServerInitThreadPool: Started executing ReadingSystemConfig
09-11 13:15:54.184  2292  2292 I SystemServiceManager: Starting com.android.server.pm.Installer
09-11 13:15:54.187  2292  2292 D SystemServerTiming: StartInstaller took to complete: 3ms
09-11 13:15:54.187  2292  2292 I SystemServer: DeviceIdentifiersPolicyService
09-11 13:15:54.187  2292  2292 I SystemServiceManager: Starting com.android.server.os.DeviceIdentifiersPolicyService
09-11 13:15:54.188  2292  2292 D SystemServerTiming: DeviceIdentifiersPolicyService took to complete: 1ms
09-11 13:15:54.188  2292  2292 I SystemServer: StartActivityManager
09-11 13:15:54.189  2292  2292 I SystemServiceManager: Starting com.android.server.am.ActivityManagerService$Lifecycle
09-11 13:15:54.212  2292  2305 D SystemServerInitThreadPool: Finished executing ReadingSystemConfig
09-11 13:15:54.220  2292  2292 I ActivityManager: Memory class: 192
09-11 13:15:54.221  2292  2307 I ServiceThread: Enabled StrictMode logging for ActivityManager looper.
09-11 13:15:54.223  2292  2308 I ServiceThread: Enabled StrictMode logging for android.ui looper.
09-11 13:15:54.262  2292  2292 D BatteryStatsImpl: Reading daily items from /data/system/batterystats-daily.xml
09-11 13:15:54.385  2292  2292 I AppOps  : No existing app ops /data/system/appops.xml; starting empty
09-11 13:15:54.394  2292  2292 I IntentFirewall: Read new rules (A:0 B:0 S:0)
09-11 13:15:54.405  2292  2315 I ServiceThread: Enabled StrictMode logging for android.display looper.
09-11 13:15:54.413  2292  2292 D AppOps  : AppOpsService published
09-11 13:15:54.414  2292  2292 D SystemServerTiming: StartActivityManager took to complete: 225ms
09-11 13:15:54.414  2292  2292 I SystemServer: StartPowerManager
09-11 13:15:54.414  2292  2292 I SystemServiceManager: Starting com.android.server.power.PowerManagerService
09-11 13:15:54.416  2292  2317 I ServiceThread: Enabled StrictMode logging for PowerManagerService looper.
09-11 13:15:54.421  2292  2292 D SystemServerTiming: StartPowerManager took to complete: 7ms
09-11 13:15:54.421  2292  2292 I SystemServer: InitPowerManagement
09-11 13:15:54.423  2292  2292 D SystemServerTiming: InitPowerManagement took to complete: 2ms
09-11 13:15:54.423  2292  2292 I SystemServer: StartRecoverySystemService
09-11 13:15:54.423  2292  2292 I SystemServiceManager: Starting com.android.server.RecoverySystemService
09-11 13:15:54.424  2292  2292 D SystemServerTiming: StartRecoverySystemService took to complete: 1ms
09-11 13:15:54.425  2292  2292 V RescueParty: Disabled because of active USB connection
09-11 13:15:54.425  2292  2292 I SystemServer: StartLightsService
09-11 13:15:54.425  2292  2292 I SystemServiceManager: Starting com.android.server.lights.LightsService
09-11 13:15:54.426  2292  2292 D SystemServerTiming: StartLightsService took to complete: 1ms
09-11 13:15:54.426  2292  2292 I SystemServer: StartDisplayManager
09-11 13:15:54.427  2292  2292 I SystemServiceManager: Starting com.android.server.display.DisplayManagerService
09-11 13:15:54.430  2292  2292 D SystemServerTiming: StartDisplayManager took to complete: 4ms
09-11 13:15:54.430  2292  2292 I SystemServer: WaitForDisplay
09-11 13:15:54.430  2292  2292 I SystemServiceManager: Starting phase 100
09-11 13:15:54.434  2292  2315 I DisplayManagerService: Display device added: DisplayDeviceInfo{"Built-in Screen": uniqueId="local:0", 768 x 1280, modeId 1, defaultModeId 1, supportedModes [{id=1, width=768, height=1280, fps=60.0}], colorMode 0, supportedColorModes [0], HdrCapabilities android.view.Display$HdrCapabilities@a69d6308, density 320, 319.79 x 318.745 dpi, appVsyncOff 1000000, presDeadline 16666667, touch INTERNAL, rotation 0, type BUILT_IN, state UNKNOWN, FLAG_DEFAULT_DISPLAY, FLAG_ROTATES_WITH_CONTENT, FLAG_SECURE, FLAG_SUPPORTS_PROTECTED_BUFFERS}
09-11 13:15:54.435   358   358 D SurfaceFlinger: Set power mode=2, type=0 flinger=0xa7db6000
09-11 13:15:54.435   358   358 D SurfaceFlinger: Screen type=0 is already mode=2
09-11 13:15:54.445  2292  2315 I chatty  : uid=1000 system_server expire 8 lines
09-11 13:15:54.452  2292  2292 D SystemServerTiming: WaitForDisplay took to complete: 22ms
09-11 13:15:54.452  2292  2315 I DisplayManagerService: Display device changed state: "Built-in Screen", ON
09-11 13:15:54.453  2292  2292 I SystemServer: StartPackageManagerService
09-11 13:15:54.494  2292  2292 D SELinuxMMAC: Using policy file /system/etc/selinux/plat_mac_permissions.xml
09-11 13:15:54.496  2292  2292 D SELinuxMMAC: Using policy file /vendor/etc/selinux/nonplat_mac_permissions.xml
09-11 13:15:54.599  2292  2292 W PackageManager: Wiping cache directory because the system partition changed.
09-11 13:15:54.714  2292  2292 I PackageManager: Time to scan packages: 0.116 seconds
09-11 13:15:54.718  2292  2292 V PackageManager: reconcileAppsData for null u0 0x3 migrateAppData=true
09-11 13:15:54.846  2292  2292 V PackageManager: reconcileAppsData finished 18 packages
09-11 13:15:54.847  2292  2331 D SystemServerInitThreadPool: Started executing prepareAppData
09-11 13:15:54.849   343   513 I chatty  : uid=0(root) Binder:343_3 expire 15 lines
09-11 13:15:54.867  2292  2331 D SystemServerTimingAsync: AppDataFixup took to complete: 21ms
09-11 13:15:54.942  2292  2292 D PackageManager: Ephemeral resolver not found with new action; try old one
09-11 13:15:54.942  2292  2292 D PackageManager: Ephemeral resolver NOT found; no matching intent filters
09-11 13:15:54.942  2292  2292 D PackageManager: Ephemeral installer not found with new action; try old one
09-11 13:15:54.943  2292  2292 D PackageManager: Clear ephemeral installer activity
09-11 13:15:55.072  2292  2292 D FallbackCategoryProvider: Found 1 fallback categories
09-11 13:15:55.074  2292  2292 D SystemServerTiming: StartPackageManagerService took to complete: 621ms
09-11 13:15:55.074  2292  2292 I SystemServer: StartOtaDexOptService
09-11 13:15:55.075  2292  2292 D OTADexopt: No upgrade, skipping A/B artifacts check.
09-11 13:15:55.075  2292  2292 D SystemServerTiming: StartOtaDexOptService took to complete: 1ms
09-11 13:15:55.075  2292  2292 I SystemServer: StartUserManagerService
09-11 13:15:55.075  2292  2292 I SystemServiceManager: Starting com.android.server.pm.UserManagerService$LifeCycle
09-11 13:15:55.076  2292  2292 D SystemServerTiming: StartUserManagerService took to complete: 1ms
09-11 13:15:55.076  2292  2292 I SystemServer: InitAttributerCache
09-11 13:15:55.076  2292  2292 D SystemServerTiming: InitAttributerCache took to complete: 0ms
09-11 13:15:55.076  2292  2292 I SystemServer: SetSystemProcess
09-11 13:15:55.085  2292  2292 D SystemServerTiming: SetSystemProcess took to complete: 9ms
09-11 13:15:55.086  2292  2333 I ServiceThread: Enabled StrictMode logging for android.anim looper.
09-11 13:15:55.086  2292  2292 I SystemServer: StartOverlayManagerService
09-11 13:15:55.089  2292  2292 D SystemServerTiming: StartOverlayManagerService took to complete: 3ms
09-11 13:15:55.089  2292  2334 D SystemServerInitThreadPool: Started executing Init OverlayManagerService
09-11 13:15:55.090  2292  2292 I SystemServer: StartDropBoxManager
09-11 13:15:55.090  2292  2335 D SystemServerInitThreadPool: Started executing StartSensorService
09-11 13:15:55.090  2292  2335 D SensorService: nuSensorService starting...
09-11 13:15:55.090  2292  2292 I SystemServiceManager: Starting com.android.server.DropBoxManagerService
09-11 13:15:55.092  2292  2292 D SystemServerTiming: StartDropBoxManager took to complete: 2ms
09-11 13:15:55.092  2292  2292 I SystemServer: StartBatteryService
09-11 13:15:55.092  2292  2292 I SystemServiceManager: Starting com.android.server.BatteryService
