--------- beginning of main
09-11 13:08:43.264   213   213 I mediaextractor: type=1400 audit(0.0:101): avc: denied { open } for name="online" dev="sysfs" ino=34 scontext=u:r:mediaextractor:s0 tcontext=u:object_r:sysfs:s0 tclass=file permissive=1
09-11 13:08:43.264   213   213 I mediaextractor: type=1400 audit(0.0:101): avc: denied { open } for name="online" dev="sysfs" ino=34 scontext=u:r:mediaextractor:s0 tcontext=u:object_r:sysfs:s0 tclass=file permissive=1
09-11 13:08:43.264   213   213 I mediaextractor: type=1400 audit(0.0:102): avc: denied { getattr } for path="/sys/devices/system/cpu/online" dev="sysfs" ino=34 scontext=u:r:mediaextractor:s0 tcontext=u:object_r:sysfs:s0 tclass=file permissive=1
09-11 13:08:43.264   213   213 I mediaextractor: type=1400 audit(0.0:102): avc: denied { getattr } for path="/sys/devices/system/cpu/online" dev="sysfs" ino=34 scontext=u:r:mediaextractor:s0 tcontext=u:object_r:sysfs:s0 tclass=file permissive=1
09-11 13:08:44.386   314   314 I vndservicemanag: type=1400 audit(0.0:122): avc: denied { read } for name="online" dev="sysfs" ino=34 scontext=u:r:vndservicemanager:s0 tcontext=u:object_r:sysfs:s0 tclass=file permissive=1
09-11 13:08:44.386   314   314 I vndservicemanag: type=1400 audit(0.0:122): avc: denied { read } for name="online" dev="sysfs" ino=34 scontext=u:r:vndservicemanager:s0 tcontext=u:object_r:sysfs:s0 tclass=file permissive=1
09-11 13:08:44.386   314   314 I vndservicemanag: type=1400 audit(0.0:123): avc: denied { open } for name="online" dev="sysfs" ino=34 scontext=u:r:vndservicemanager:s0 tcontext=u:object_r:sysfs:s0 tclass=file permissive=1
09-11 13:08:44.386   314   314 I vndservicemanag: type=1400 audit(0.0:123): avc: denied { open } for name="online" dev="sysfs" ino=34 scontext=u:r:vndservicemanager:s0 tcontext=u:object_r:sysfs:s0 tclass=file permissive=1
09-11 13:08:44.386   314   314 I vndservicemanag: type=1400 audit(0.0:124): avc: denied { getattr } for path="/sys/devices/system/cpu/online" dev="sysfs" ino=34 scontext=u:r:vndservicemanager:s0 tcontext=u:object_r:sysfs:s0 tclass=file permissive=1
09-11 13:08:52.373     0   345 I lowmemorykiller: Using in-kernel low memory killer interface
09-11 13:08:52.375     0   336 D QSEECOMD: : qseecom listener services process entry PPID = 1
09-11 13:08:52.376     0   336 D QSEECOMD: : Parent qseecom daemon process paused!! 
09-11 13:08:52.401     0   362 D QSEECOMD: : QSEECOM DAEMON RUNNING 
09-11 13:08:52.401     0   362 D QSEECOMD: : qseecom listener service threads starting!!! 
09-11 13:08:52.401     0   362 D QSEECOMD: : Total listener services to start = 2
09-11 13:08:52.403     0   362 D QSEECOMD: : Init dlopen(libdrmtime.so, RTLD_NOW) succeeds
09-11 13:08:52.403     0   362 D QSEECOMD: : Init::Init dlsym(g_FSHandle atime_start) succeeds
09-11 13:08:52.403     0   362 D QSEECOMAPI: : QSEECom_register_listener 11 sb_length = 0x5000
09-11 13:08:52.404     0   362 D QSEECOMD: : Init atime_start ret = 0
09-11 13:08:52.404     0   362 D QSEECOMD: : time services: Started
09-11 13:08:52.404     0   362 D QSEECOMD: : Init dlopen(libdrmfs.so, RTLD_NOW) succeeds
09-11 13:08:52.404     0   362 D QSEECOMD: : Init::Init dlsym(g_FSHandle fs_start) succeeds
09-11 13:08:52.404     0   362 D QSEECOMAPI: : QSEECom_register_listener 10 sb_length = 0x5000
09-11 13:08:52.405     0   362 D QSEECOMD: : Init fs_start ret = 0
09-11 13:08:52.405     0   362 D QSEECOMD: : file system services: Started
09-11 13:08:52.487     0   356 I SELinux : SELinux: Loaded service_contexts from:
09-11 13:08:52.489     0   356 I SELinux :     /plat_service_contexts
09-11 13:08:52.490     0   356 I SELinux :     /nonplat_service_contexts
09-11 13:08:52.531     0   338 I ServiceManagement: Removing namespace from process name android.hidl.allocator@1.0-service to allocator@1.0-s.
09-11 13:08:52.546     0   359 I /system/bin/tombstoned: tombstoned successfully initialized
--------- beginning of system
09-11 13:08:52.555     0   343 I installd: installd firing up
09-11 13:08:52.558     0   368 I SELinux : SELinux: Loaded service_contexts from:
09-11 13:08:52.560     0   368 I SELinux :     /vndservice_contexts
09-11 13:08:52.604     0   361 I ServiceManagement: Removing namespace from process name android.hardware.configstore@1.0-service to configstore@1.0.
09-11 13:08:52.615     0   342 E hwservicemanager: BINDER_SET_INHERIT_FIFO_PRIO failed with error -1
09-11 13:08:52.634     0   342 W /system/bin/hwservicemanager: getTransportFromManifest: Cannot find entry android.hardware.health@1.0::IHealth in either framework or device manifest, using default transport.
09-11 13:08:52.644     0   352 I Netd    : Netd 1.0 starting
09-11 13:08:52.645     0   352 D TetherController: Setting IP forward enable = 0
09-11 13:08:52.657     0   365 I ServiceManagement: Removing namespace from process name android.hardware.usb@1.0-service to usb@1.0-service.
09-11 13:08:52.664     0   365 I android.hardware.usb@1.0-service: USB HAL Ready.
09-11 13:08:52.695     0   341 I gatekeeperd: Starting gatekeeperd...
09-11 13:08:52.723   342   342 I chatty  : uid=1000(system) hwservicemanage expire 32 lines
09-11 13:08:52.732   341   341 W gatekeeperd: falling back to software GateKeeper
09-11 13:08:52.809   360   360 I vold    : Vold 3.0 (the awakening) firing up
09-11 13:08:52.810   360   360 V vold    : Detected support for: exfat ext4 ntfs vfat
09-11 13:08:52.811   367   367 E Diag_Lib:  Diag_LSM_Init: Failed to open handle to diag driver, error = 2
09-11 13:08:52.813   367   375 E Diag_Lib:  Diag_LSM_Init: Failed to open handle to diag driver, error = 2
09-11 13:08:52.821   348   348 I mediaserver: ServiceManager: 0xae88e4a0
09-11 13:08:52.836   360   360 I vold    : [libfs_mgr]fs_mgr_read_fstab_dt(): failed to read fstab from dt
09-11 13:08:52.955   358   358 I chatty  : uid=1000(system) /system/bin/surfaceflinger expire 71 lines
09-11 13:08:53.213   339   339 I chatty  : uid=1041(audioserver) /system/bin/audioserver expire 83 lines
09-11 13:08:53.251   350   350 I mediametrics: ServiceManager: 0xaac0e520
09-11 13:08:53.251   350   350 D MediaAnalyticsService: MediaAnalyticsService created
09-11 13:08:53.251   350   350 D MediaAnalyticsService: MediaAnalyticsService::newSummarizerSet
09-11 13:08:53.344   337   337 I chatty  : uid=0(root) expire 54 lines
09-11 13:08:44.386   314   314 I vndservicemanag: type=1400 audit(0.0:124): avc: denied { getattr } for path="/sys/devices/system/cpu/online" dev="sysfs" ino=34 scontext=u:r:vndservicemanager:s0 tcontext=u:object_r:sysfs:s0 tclass=file permissive=1
09-11 13:08:47.018   321   321 W keystore: type=1400 audit(0.0:125): avc: granted { getattr } for path="/vendor" dev="rootfs" ino=4476 scontext=u:r:keystore:s0 tcontext=u:object_r:rootfs:s0 tclass=lnk_file
09-11 13:08:47.018   321   321 W keystore: type=1400 audit(0.0:125): avc: granted { getattr } for path="/vendor" dev="rootfs" ino=4476 scontext=u:r:keystore:s0 tcontext=u:object_r:rootfs:s0 tclass=lnk_file
09-11 13:08:47.049   319   319 I android.hidl.al: type=1400 audit(0.0:126): avc: denied { read } for name="online" dev="sysfs" ino=34 scontext=u:r:hal_allocator_default:s0 tcontext=u:object_r:sysfs:s0 tclass=file permissive=1
09-11 13:08:47.049   319   319 I android.hidl.al: type=1400 audit(0.0:126): avc: denied { read } for name="online" dev="sysfs" ino=34 scontext=u:r:hal_allocator_default:s0 tcontext=u:object_r:sysfs:s0 tclass=file permissive=1
09-11 13:08:47.049   319   319 I android.hidl.al: type=1400 audit(0.0:127): avc: denied { open } for name="online" dev="sysfs" ino=34 scontext=u:r:hal_allocator_default:s0 tcontext=u:object_r:sysfs:s0 tclass=file permissive=1
09-11 13:08:47.049   319   319 I android.hidl.al: type=1400 audit(0.0:127): avc: denied { open } for name="online" dev="sysfs" ino=34 scontext=u:r:hal_allocator_default:s0 tcontext=u:object_r:sysfs:s0 tclass=file permissive=1
09-11 13:08:47.049   319   319 I android.hidl.al: type=1400 audit(0.0:128): avc: denied { getattr } for path="/sys/devices/system/cpu/online" dev="sysfs" ino=34 scontext=u:r:hal_allocator_default:s0 tcontext=u:object_r:sysfs:s0 tclass=file permissive=1
09-11 13:08:47.049   319   319 I android.hidl.al: type=1400 audit(0.0:128): avc: denied { getattr } for path="/sys/devices/system/cpu/online" dev="sysfs" ino=34 scontext=u:r:hal_allocator_default:s0 tcontext=u:object_r:sysfs:s0 tclass=file permissive=1
09-11 13:08:47.119   321   321 W keystore: type=1400 audit(0.0:129): avc: granted { read } for name="online" dev="sysfs" ino=34 scontext=u:r:keystore:s0 tcontext=u:object_r:sysfs:s0 tclass=file
09-11 13:08:47.119   321   321 W keystore: type=1400 audit(0.0:129): avc: granted { read } for name="online" dev="sysfs" ino=34 scontext=u:r:keystore:s0 tcontext=u:object_r:sysfs:s0 tclass=file
09-11 13:08:47.119   321   321 W keystore: type=1400 audit(0.0:130): avc: granted { read open } for name="online" dev="sysfs" ino=34 scontext=u:r:keystore:s0 tcontext=u:object_r:sysfs:s0 tclass=file
09-11 13:08:47.119   321   321 W keystore: type=1400 audit(0.0:130): avc: granted { read open } for name="online" dev="sysfs" ino=34 scontext=u:r:keystore:s0 tcontext=u:object_r:sysfs:s0 tclass=file
09-11 13:08:47.119   321   321 W keystore: type=1400 audit(0.0:131): avc: granted { getattr } for path="/sys/devices/system/cpu/online" dev="sysfs" ino=34 scontext=u:r:keystore:s0 tcontext=u:object_r:sysfs:s0 tclass=file
09-11 13:08:53.444   363   363 I /vendor/bin/hw/android.hardware.media.omx@1.0-service: mediacodecservice starting
09-11 13:08:53.445   363   363 W /vendor/bin/hw/android.hardware.media.omx@1.0-service: Could not read additional policy file '/vendor/etc/seccomp_policy/mediacodec.policy'
09-11 13:08:53.445   363   363 W /vendor/bin/hw/android.hardware.media.omx@1.0-service: libminijail[363]: allowing syscall: clock_gettime
09-11 13:08:53.445   363   363 W /vendor/bin/hw/android.hardware.media.omx@1.0-service: libminijail[363]: allowing syscall: connect
09-11 13:08:53.445   363   363 W /vendor/bin/hw/android.hardware.media.omx@1.0-service: libminijail[363]: allowing syscall: fcntl64
09-11 13:08:53.445   363   363 W /vendor/bin/hw/android.hardware.media.omx@1.0-service: libminijail[363]: allowing syscall: socket
09-11 13:08:53.446   363   363 W /vendor/bin/hw/android.hardware.media.omx@1.0-service: libminijail[363]: allowing syscall: writev
09-11 13:08:53.446   363   363 W /vendor/bin/hw/android.hardware.media.omx@1.0-service: libminijail[363]: logging seccomp filter failures
09-11 13:08:53.447   363   363 I ServiceManagement: Removing namespace from process name android.hardware.media.omx@1.0-service to omx@1.0-service.
09-11 13:08:53.484   357   409 I /system/bin/storaged: storaged: Start
09-11 13:08:53.509   363   363 W MediaCodecsXmlParser: unable to open media codecs configuration xml file: /data/misc/media/media_codecs_profiling_results.xml
09-11 13:08:53.509   363   363 I ServiceManagement: Removing namespace from process name android.hardware.media.omx@1.0-service to omx@1.0-service.
09-11 13:08:53.512   363   363 I /vendor/bin/hw/android.hardware.media.omx@1.0-service: Treble OMX service created.
09-11 13:08:47.119   321   321 W keystore: type=1400 audit(0.0:131): avc: granted { getattr } for path="/sys/devices/system/cpu/online" dev="sysfs" ino=34 scontext=u:r:keystore:s0 tcontext=u:object_r:sysfs:s0 tclass=file
09-11 13:08:48.670   330   330 I vdc     : type=1400 audit(0.0:132): avc: denied { read } for name="online" dev="sysfs" ino=34 scontext=u:r:vdc:s0 tcontext=u:object_r:sysfs:s0 tclass=file permissive=1
09-11 13:08:48.670   330   330 I vdc     : type=1400 audit(0.0:132): avc: denied { read } for name="online" dev="sysfs" ino=34 scontext=u:r:vdc:s0 tcontext=u:object_r:sysfs:s0 tclass=file permissive=1
09-11 13:08:48.670   330   330 I vdc     : type=1400 audit(0.0:133): avc: denied { open } for name="online" dev="sysfs" ino=34 scontext=u:r:vdc:s0 tcontext=u:object_r:sysfs:s0 tclass=file permissive=1
09-11 13:08:48.670   330   330 I vdc     : type=1400 audit(0.0:133): avc: denied { open } for name="online" dev="sysfs" ino=34 scontext=u:r:vdc:s0 tcontext=u:object_r:sysfs:s0 tclass=file permissive=1
09-11 13:08:48.680   330   330 I vdc     : type=1400 audit(0.0:134): avc: denied { getattr } for path="/sys/devices/system/cpu/online" dev="sysfs" ino=34 scontext=u:r:vdc:s0 tcontext=u:object_r:sysfs:s0 tclass=file permissive=1
09-11 13:08:48.680   330   330 I vdc     : type=1400 audit(0.0:134): avc: denied { getattr } for path="/sys/devices/system/cpu/online" dev="sysfs" ino=34 scontext=u:r:vdc:s0 tcontext=u:object_r:sysfs:s0 tclass=file permissive=1
09-11 13:08:49.731   331   331 I lsof    : type=1400 audit(0.0:135): avc: denied { read } for name="online" dev="sysfs" ino=34 scontext=u:r:toolbox:s0 tcontext=u:object_r:sysfs:s0 tclass=file permissive=1
09-11 13:08:49.731   331   331 I lsof    : type=1400 audit(0.0:135): avc: denied { read } for name="online" dev="sysfs" ino=34 scontext=u:r:toolbox:s0 tcontext=u:object_r:sysfs:s0 tclass=file permissive=1
09-11 13:08:49.731   331   331 I lsof    : type=1400 audit(0.0:136): avc: denied { open } for name="online" dev="sysfs" ino=34 scontext=u:r:toolbox:s0 tcontext=u:object_r:sysfs:s0 tclass=file permissive=1
09-11 13:08:49.731   331   331 I lsof    : type=1400 audit(0.0:136): avc: denied { open } for name="online" dev="sysfs" ino=34 scontext=u:r:toolbox:s0 tcontext=u:object_r:sysfs:s0 tclass=file permissive=1
09-11 13:08:49.731   331   331 I lsof    : type=1400 audit(0.0:137): avc: denied { getattr } for path="/sys/devices/system/cpu/online" dev="sysfs" ino=34 scontext=u:r:toolbox:s0 tcontext=u:object_r:sysfs:s0 tclass=file permissive=1
09-11 13:08:49.731   331   331 I lsof    : type=1400 audit(0.0:137): avc: denied { getattr } for path="/sys/devices/system/cpu/online" dev="sysfs" ino=34 scontext=u:r:toolbox:s0 tcontext=u:object_r:sysfs:s0 tclass=file permissive=1
09-11 13:08:49.741   331   331 I lsof    : type=1400 audit(0.0:138): avc: denied { read } for scontext=u:r:toolbox:s0 tcontext=u:r:servicemanager:s0 tclass=file permissive=1
09-11 13:08:49.741   331   331 I lsof    : type=1400 audit(0.0:138): avc: denied { read } for scontext=u:r:toolbox:s0 tcontext=u:r:servicemanager:s0 tclass=file permissive=1
09-11 13:08:49.741   331   331 I lsof    : type=1400 audit(0.0:139): avc: denied { read } for scontext=u:r:toolbox:s0 tcontext=u:r:hwservicemanager:s0 tclass=file permissive=1
09-11 13:08:49.741   331   331 I lsof    : type=1400 audit(0.0:139): avc: denied { read } for scontext=u:r:toolbox:s0 tcontext=u:r:hwservicemanager:s0 tclass=file permissive=1
09-11 13:08:49.741   331   331 I lsof    : type=1400 audit(0.0:140): avc: denied { read } for scontext=u:r:toolbox:s0 tcontext=u:r:hal_configstore_default:s0 tclass=file permissive=1
09-11 13:08:49.741   331   331 I lsof    : type=1400 audit(0.0:140): avc: denied { read } for scontext=u:r:toolbox:s0 tcontext=u:r:hal_configstore_default:s0 tclass=file permissive=1
09-11 13:08:49.741   331   331 I lsof    : type=1400 audit(0.0:141): avc: denied { read } for scontext=u:r:toolbox:s0 tcontext=u:r:vndservicemanager:s0 tclass=file permissive=1
09-11 13:08:49.741   331   331 I lsof    : type=1400 audit(0.0:141): avc: denied { read } for scontext=u:r:toolbox:s0 tcontext=u:r:vndservicemanager:s0 tclass=file permissive=1
09-11 13:08:49.741   331   331 I lsof    : type=1400 audit(0.0:142): avc: denied { read } for scontext=u:r:toolbox:s0 tcontext=u:r:hal_allocator_default:s0 tclass=file permissive=1
09-11 13:08:49.741   331   331 I lsof    : type=1400 audit(0.0:142): avc: denied { read } for scontext=u:r:toolbox:s0 tcontext=u:r:hal_allocator_default:s0 tclass=file permissive=1
09-11 13:08:49.741   331   331 I lsof    : type=1400 audit(0.0:143): avc: denied { read } for scontext=u:r:toolbox:s0 tcontext=u:r:hal_usb_default:s0 tclass=file permissive=1
09-11 13:08:49.741   331   331 I lsof    : type=1400 audit(0.0:143): avc: denied { read } for scontext=u:r:toolbox:s0 tcontext=u:r:hal_usb_default:s0 tclass=file permissive=1
09-11 13:08:49.741   331   331 I lsof    : type=1400 audit(0.0:144): avc: denied { getattr } for path="/proc/last_kmsg" dev="proc" ino=4026534416 scontext=u:r:toolbox:s0 tcontext=u:object_r:proc:s0 tclass=file permissive=1
09-11 13:08:49.741   331   331 I lsof    : type=1400 audit(0.0:144): avc: denied { getattr } for path="/proc/last_kmsg" dev="proc" ino=4026534416 scontext=u:r:toolbox:s0 tcontext=u:object_r:proc:s0 tclass=file permissive=1
09-11 13:08:49.741   331   331 I lsof    : type=1400 audit(0.0:145): avc: denied { getattr } for path="/proc/sysrq-trigger" dev="proc" ino=4026533673 scontext=u:r:toolbox:s0 tcontext=u:object_r:proc_sysrq:s0 tclass=file permissive=1
09-11 13:08:49.741   331   331 I lsof    : type=1400 audit(0.0:145): avc: denied { getattr } for path="/proc/sysrq-trigger" dev="proc" ino=4026533673 scontext=u:r:toolbox:s0 tcontext=u:object_r:proc_sysrq:s0 tclass=file permissive=1
09-11 13:08:49.741   331   331 I lsof    : type=1400 audit(0.0:146): avc: denied { getattr } for path="/proc/softirqs" dev="proc" ino=4026533652 scontext=u:r:toolbox:s0 tcontext=u:object_r:proc_timer:s0 tclass=file permissive=1
09-11 13:08:49.741   331   331 I lsof    : type=1400 audit(0.0:146): avc: denied { getattr } for path="/proc/softirqs" dev="proc" ino=4026533652 scontext=u:r:toolbox:s0 tcontext=u:object_r:proc_timer:s0 tclass=file permissive=1
09-11 13:08:49.741   331   331 I lsof    : type=1400 audit(0.0:147): avc: denied { getattr } for path="/proc/stat" dev="proc" ino=4026533649 scontext=u:r:toolbox:s0 tcontext=u:object_r:proc_stat:s0 tclass=file permissive=1
09-11 13:08:49.741   331   331 I lsof    : type=1400 audit(0.0:147): avc: denied { getattr } for path="/proc/stat" dev="proc" ino=4026533649 scontext=u:r:toolbox:s0 tcontext=u:object_r:proc_stat:s0 tclass=file permissive=1
09-11 13:08:49.741   331   331 I lsof    : type=1400 audit(0.0:148): avc: denied { getattr } for path="/proc/meminfo" dev="proc" ino=4026533648 scontext=u:r:toolbox:s0 tcontext=u:object_r:proc_meminfo:s0 tclass=file permissive=1
09-11 13:08:49.741   331   331 I lsof    : type=1400 audit(0.0:148): avc: denied { getattr } for path="/proc/meminfo" dev="proc" ino=4026533648 scontext=u:r:toolbox:s0 tcontext=u:object_r:proc_meminfo:s0 tclass=file permissive=1
09-11 13:08:49.751   331   331 I lsof    : type=1400 audit(0.0:149): avc: denied { getattr } for path="/proc/interrupts" dev="proc" ino=4026533646 scontext=u:r:toolbox:s0 tcontext=u:object_r:proc_interrupts:s0 tclass=file permissive=1
09-11 13:08:49.751   331   331 I lsof    : type=1400 audit(0.0:149): avc: denied { getattr } for path="/proc/interrupts" dev="proc" ino=4026533646 scontext=u:r:toolbox:s0 tcontext=u:object_r:proc_interrupts:s0 tclass=file permissive=1
09-11 13:08:49.751   331   331 I lsof    : type=1400 audit(0.0:150): avc: denied { getattr } for path="/proc/zoneinfo" dev="proc" ino=4026533637 scontext=u:r:toolbox:s0 tcontext=u:object_r:proc_zoneinfo:s0 tclass=file permissive=1
09-11 13:08:49.751   331   331 I lsof    : type=1400 audit(0.0:150): avc: denied { getattr } for path="/proc/zoneinfo" dev="proc" ino=4026533637 scontext=u:r:toolbox:s0 tcontext=u:object_r:proc_zoneinfo:s0 tclass=file permissive=1
09-11 13:08:49.751   331   331 I lsof    : type=1400 audit(0.0:151): avc: denied { getattr } for path="/proc/iomem" dev="proc" ino=4026533630 scontext=u:r:toolbox:s0 tcontext=u:object_r:proc_iomem:s0 tclass=file permissive=1
09-11 13:08:49.751   331   331 I lsof    : type=1400 audit(0.0:151): avc: denied { getattr } for path="/proc/iomem" dev="proc" ino=4026533630 scontext=u:r:toolbox:s0 tcontext=u:object_r:proc_iomem:s0 tclass=file permissive=1
09-11 13:08:49.751   331   331 I lsof    : type=1400 audit(0.0:152): avc: denied { getattr } for path="/proc/misc" dev="proc" ino=4026533516 scontext=u:r:toolbox:s0 tcontext=u:object_r:proc_misc:s0 tclass=file permissive=1
09-11 13:08:49.751   331   331 I lsof    : type=1400 audit(0.0:152): avc: denied { getattr } for path="/proc/misc" dev="proc" ino=4026533516 scontext=u:r:toolbox:s0 tcontext=u:object_r:proc_misc:s0 tclass=file permissive=1
09-11 13:08:49.751   331   331 I lsof    : type=1400 audit(0.0:153): avc: denied { getattr } for path="/proc/170" dev="proc" ino=5619 scontext=u:r:toolbox:s0 tcontext=u:r:servicemanager:s0 tclass=dir permissive=1
09-11 13:08:49.751   331   331 I lsof    : type=1400 audit(0.0:153): avc: denied { getattr } for path="/proc/170" dev="proc" ino=5619 scontext=u:r:toolbox:s0 tcontext=u:r:servicemanager:s0 tclass=dir permissive=1
09-11 13:08:49.751   331   331 I lsof    : type=1400 audit(0.0:154): avc: denied { search } for name="170" dev="proc" ino=5619 scontext=u:r:toolbox:s0 tcontext=u:r:servicemanager:s0 tclass=dir permissive=1
09-11 13:08:49.751   331   331 I lsof    : type=1400 audit(0.0:154): avc: denied { search } for name="170" dev="proc" ino=5619 scontext=u:r:toolbox:s0 tcontext=u:r:servicemanager:s0 tclass=dir permissive=1
09-11 13:08:49.751   331   331 I lsof    : type=1400 audit(0.0:155): avc: denied { open } for name="stat" dev="proc" ino=10387 scontext=u:r:toolbox:s0 tcontext=u:r:servicemanager:s0 tclass=file permissive=1
09-11 13:08:49.751   331   331 I lsof    : type=1400 audit(0.0:155): avc: denied { open } for name="stat" dev="proc" ino=10387 scontext=u:r:toolbox:s0 tcontext=u:r:servicemanager:s0 tclass=file permissive=1
09-11 13:08:49.751   331   331 I lsof    : type=1400 audit(0.0:156): avc: denied { read } for name="cwd" dev="proc" ino=10388 scontext=u:r:toolbox:s0 tcontext=u:r:servicemanager:s0 tclass=lnk_file permissive=1
09-11 13:08:49.751   331   331 I lsof    : type=1400 audit(0.0:156): avc: denied { read } for name="cwd" dev="proc" ino=10388 scontext=u:r:toolbox:s0 tcontext=u:r:servicemanager:s0 tclass=lnk_file permissive=1
09-11 13:08:49.751   331   331 I lsof    : type=1400 audit(0.0:157): avc: denied { getattr } for path="/system/bin/servicemanager" dev="mmcblk0p21" ino=358 scontext=u:r:toolbox:s0 tcontext=u:object_r:servicemanager_exec:s0 tclass=file permissive=1
09-11 13:08:49.751   331   331 I lsof    : type=1400 audit(0.0:157): avc: denied { getattr } for path="/system/bin/servicemanager" dev="mmcblk0p21" ino=358 scontext=u:r:toolbox:s0 tcontext=u:object_r:servicemanager_exec:s0 tclass=file permissive=1
09-11 13:08:49.751   331   331 I lsof    : type=1400 audit(0.0:158): avc: denied { getattr } for path="/proc/170/maps" dev="proc" ino=10390 scontext=u:r:toolbox:s0 tcontext=u:r:servicemanager:s0 tclass=file permissive=1
09-11 13:08:49.751   331   331 I lsof    : type=1400 audit(0.0:158): avc: denied { getattr } for path="/proc/170/maps" dev="proc" ino=10390 scontext=u:r:toolbox:s0 tcontext=u:r:servicemanager:s0 tclass=file permissive=1
09-11 13:08:49.761   331   331 I lsof    : type=1400 audit(0.0:159): avc: denied { getattr } for path="/dev/event-log-tags" dev="tmpfs" ino=5572 scontext=u:r:toolbox:s0 tcontext=u:object_r:runtime_event_log_tags_file:s0 tclass=file permissive=1
09-11 13:08:49.761   331   331 I lsof    : type=1400 audit(0.0:159): avc: denied { getattr } for path="/dev/event-log-tags" dev="tmpfs" ino=5572 scontext=u:r:toolbox:s0 tcontext=u:object_r:runtime_event_log_tags_file:s0 tclass=file permissive=1
09-11 13:08:49.761   331   331 I lsof    : type=1400 audit(0.0:160): avc: denied { read } for name="fd" dev="proc" ino=5621 scontext=u:r:toolbox:s0 tcontext=u:r:servicemanager:s0 tclass=dir permissive=1
09-11 13:08:49.761   331   331 I lsof    : type=1400 audit(0.0:160): avc: denied { read } for name="fd" dev="proc" ino=5621 scontext=u:r:toolbox:s0 tcontext=u:r:servicemanager:s0 tclass=dir permissive=1
09-11 13:08:49.761   331   331 I lsof    : type=1400 audit(0.0:161): avc: denied { open } for name="fd" dev="proc" ino=5621 scontext=u:r:toolbox:s0 tcontext=u:r:servicemanager:s0 tclass=dir permissive=1
09-11 13:08:52.214   335   335 I adbd    : type=1400 audit(0.0:214): avc: denied { open } for name="online" dev="sysfs" ino=34 scontext=u:r:adbd:s0 tcontext=u:object_r:sysfs:s0 tclass=file permissive=1
09-11 13:08:52.224   335   335 I adbd    : type=1400 audit(0.0:215): avc: denied { getattr } for path="/sys/devices/system/cpu/online" dev="sysfs" ino=34 scontext=u:r:adbd:s0 tcontext=u:object_r:sysfs:s0 tclass=file permissive=1
09-11 13:08:52.234   334   334 I sh      : type=1400 audit(0.0:216): avc: denied { read } for name="online" dev="sysfs" ino=34 scontext=u:r:shell:s0 tcontext=u:object_r:sysfs:s0 tclass=file permissive=1
09-11 13:08:52.234   334   334 I sh      : type=1400 audit(0.0:217): avc: denied { open } for name="online" dev="sysfs" ino=34 scontext=u:r:shell:s0 tcontext=u:object_r:sysfs:s0 tclass=file permissive=1
09-11 13:08:52.234   334   334 I sh      : type=1400 audit(0.0:218): avc: denied { getattr } for path="/sys/devices/system/cpu/online" dev="sysfs" ino=34 scontext=u:r:shell:s0 tcontext=u:object_r:sysfs:s0 tclass=file permissive=1
09-11 13:08:52.254   344   344 W keystore: type=1400 audit(0.0:219): avc: granted { getattr } for path="/vendor" dev="rootfs" ino=4476 scontext=u:r:keystore:s0 tcontext=u:object_r:rootfs:s0 tclass=lnk_file
09-11 13:08:53.275   396   396 W ip6tables: type=1400 audit(0.0:268): avc: granted { getattr } for path="/vendor" dev="rootfs" ino=4476 scontext=u:r:netd:s0 tcontext=u:object_r:rootfs:s0 tclass=lnk_file
09-11 13:08:53.285   340   340 I drmserver: type=1400 audit(0.0:269): avc: denied { read } for name="online" dev="sysfs" ino=34 scontext=u:r:drmserver:s0 tcontext=u:object_r:sysfs:s0 tclass=file permissive=1
09-11 13:08:53.285   340   340 I drmserver: type=1400 audit(0.0:270): avc: denied { open } for name="online" dev="sysfs" ino=34 scontext=u:r:drmserver:s0 tcontext=u:object_r:sysfs:s0 tclass=file permissive=1
09-11 13:08:53.285   340   340 I drmserver: type=1400 audit(0.0:271): avc: denied { getattr } for path="/sys/devices/system/cpu/online" dev="sysfs" ino=34 scontext=u:r:drmserver:s0 tcontext=u:object_r:sysfs:s0 tclass=file permissive=1
09-11 13:08:53.355   406   406 W iptables: type=1400 audit(0.0:275): avc: granted { getattr } for path="/vendor" dev="rootfs" ino=4476 scontext=u:r:netd:s0 tcontext=u:object_r:rootfs:s0 tclass=lnk_file
09-11 13:08:53.405   408   408 W ip6tables: type=1400 audit(0.0:276): avc: granted { getattr } for path="/vendor" dev="rootfs" ino=4476 scontext=u:r:netd:s0 tcontext=u:object_r:rootfs:s0 tclass=lnk_file
09-11 13:08:53.415   363   363 I android.hardwar: type=1400 audit(0.0:277): avc: denied { read } for name="online" dev="sysfs" ino=34 scontext=u:r:mediacodec:s0 tcontext=u:object_r:sysfs:s0 tclass=file permissive=1
09-11 13:08:53.415   363   363 I android.hardwar: type=1400 audit(0.0:278): avc: denied { open } for name="online" dev="sysfs" ino=34 scontext=u:r:mediacodec:s0 tcontext=u:object_r:sysfs:s0 tclass=file permissive=1
09-11 13:08:53.415   363   363 I android.hardwar: type=1400 audit(0.0:279): avc: denied { getattr } for path="/sys/devices/system/cpu/online" dev="sysfs" ino=34 scontext=u:r:mediacodec:s0 tcontext=u:object_r:sysfs:s0 tclass=file permissive=1
09-11 13:08:53.425   410   410 W iptables: type=1400 audit(0.0:280): avc: granted { getattr } for path="/vendor" dev="rootfs" ino=4476 scontext=u:r:netd:s0 tcontext=u:object_r:rootfs:s0 tclass=lnk_file
09-11 13:08:53.455   414   414 W ip6tables: type=1400 audit(0.0:281): avc: granted { getattr } for path="/vendor" dev="rootfs" ino=4476 scontext=u:r:netd:s0 tcontext=u:object_r:rootfs:s0 tclass=lnk_file
09-11 13:08:53.485   415   415 W iptables: type=1400 audit(0.0:282): avc: granted { getattr } for path="/vendor" dev="rootfs" ino=4476 scontext=u:r:netd:s0 tcontext=u:object_r:rootfs:s0 tclass=lnk_file
09-11 13:08:53.495   349   349 I mediaextractor: type=1400 audit(0.0:283): avc: denied { read } for name="online" dev="sysfs" ino=34 scontext=u:r:mediaextractor:s0 tcontext=u:object_r:sysfs:s0 tclass=file permissive=1
09-11 13:08:53.495   349   349 I mediaextractor: type=1400 audit(0.0:284): avc: denied { open } for name="online" dev="sysfs" ino=34 scontext=u:r:mediaextractor:s0 tcontext=u:object_r:sysfs:s0 tclass=file permissive=1
09-11 13:08:53.495   349   349 I mediaextractor: type=1400 audit(0.0:285): avc: denied { getattr } for path="/sys/devices/system/cpu/online" dev="sysfs" ino=34 scontext=u:r:mediaextractor:s0 tcontext=u:object_r:sysfs:s0 tclass=file permissive=1
09-11 13:08:53.505   416   416 W ip6tables: type=1400 audit(0.0:286): avc: granted { getattr } for path="/vendor" dev="rootfs" ino=4476 scontext=u:r:netd:s0 tcontext=u:object_r:rootfs:s0 tclass=lnk_file
09-11 13:08:53.516   349   349 V MediaUtils: physMem: 1924923392
09-11 13:08:53.517   349   349 V MediaUtils: requested limit: 384984660
09-11 13:08:53.517   349   349 V MediaUtils: actual limit: 384984660
09-11 13:08:53.517   349   349 V MediaUtils: original limits: 4294967295/4294967295
09-11 13:08:53.517   349   349 V MediaUtils: new limits: 384984660/4294967295
09-11 13:08:53.517   349   349 I vndksupport: sphal namespace is not configured for this process. Loading libutils.so from the current namespace instead.
09-11 13:08:53.517   349   349 W /system/bin/mediaextractor: Could not read additional policy file '/vendor/etc/seccomp_policy/mediaextractor.policy'
09-11 13:08:53.518   349   349 W /system/bin/mediaextractor: libminijail[349]: allowing syscall: clock_gettime
09-11 13:08:53.518   349   349 W /system/bin/mediaextractor: libminijail[349]: allowing syscall: connect
09-11 13:08:53.518   349   349 W /system/bin/mediaextractor: libminijail[349]: allowing syscall: fcntl64
09-11 13:08:53.518   349   349 W /system/bin/mediaextractor: libminijail[349]: allowing syscall: socket
09-11 13:08:53.518   349   349 W /system/bin/mediaextractor: libminijail[349]: allowing syscall: writev
09-11 13:08:53.519   349   349 W /system/bin/mediaextractor: libminijail[349]: logging seccomp filter failures
09-11 13:08:53.545   422   422 W iptables: type=1400 audit(0.0:287): avc: granted { getattr } for path="/vendor" dev="rootfs" ino=4476 scontext=u:r:netd:s0 tcontext=u:object_r:rootfs:s0 tclass=lnk_file
09-11 13:08:53.545   339   427 I chatty  : uid=1041(audioserver) /system/bin/audioserver expire 4 lines
09-11 13:08:53.561   339   429 I chatty  : uid=1041(audioserver) /system/bin/audioserver expire 4 lines
09-11 13:08:53.566   339   433 I chatty  : uid=1041(audioserver) /system/bin/audioserver expire 1 line
09-11 13:08:53.582   421   421 I chatty  : uid=0(root) /system/bin/dex2oat expire 20 lines
09-11 13:08:53.591   352   352 I chatty  : uid=0(root) /system/bin/netd expire 21 lines
09-11 13:08:53.598   339   440 I chatty  : uid=1041(audioserver) /system/bin/audioserver expire 4 lines
09-11 13:08:53.714   351   351 I mediaserver: ServiceManager: 0xb1f0e540
09-11 13:08:53.716   351   351 W BatteryNotifier: batterystats service unavailable!
09-11 13:08:53.717   351   351 I CameraService: CameraService started (pid=351)
09-11 13:08:53.717   351   351 I CameraService: CameraService process starting
09-11 13:08:53.717   351   351 W BatteryNotifier: batterystats service unavailable!
09-11 13:08:53.717   351   351 W BatteryNotifier: batterystats service unavailable!
09-11 13:08:53.734   351   351 E CamProvider@2.4-impl: Could not load camera HAL module: -2 (No such file or directory)
09-11 13:08:53.734   351   351 E CamProvider@2.4-impl: HIDL_FETCH_ICameraProvider: camera provider init failed!
09-11 13:08:53.736   352   452 I chatty  : uid=0(root) /system/bin/netd expire 2 lines
09-11 13:08:56.105   461   467 I vndksupport: sphal namespace is not configured for this process. Loading /vendor/lib/egl/libEGL_adreno.so from the current namespace instead.
09-11 13:08:56.115   461   467 D libEGL  : loaded /vendor/lib/egl/libEGL_adreno.so
09-11 13:08:56.120   461   467 I vndksupport: sphal namespace is not configured for this process. Loading /vendor/lib/egl/libGLESv1_CM_adreno.so from the current namespace instead.
09-11 13:08:56.123   461   467 D libEGL  : loaded /vendor/lib/egl/libGLESv1_CM_adreno.so
09-11 13:08:56.204   461   467 I vndksupport: sphal namespace is not configured for this process. Loading /vendor/lib/egl/libGLESv2_adreno.so from the current namespace instead.
09-11 13:08:56.231   461   467 D libEGL  : loaded /vendor/lib/egl/libGLESv2_adreno.so
09-11 13:08:56.312   461   467 I Adreno-EGL: <qeglDrvAPI_eglInitialize:379>: QUALCOMM Build: 10/12/15, 758611b, I3fa967cfef
09-11 13:08:56.317   461   467 W Adreno-EGL: <qeglDrvAPI_eglGetConfigAttrib:607>: EGL_BAD_ATTRIBUTE
09-11 13:08:56.320   461   467 I vndksupport: sphal namespace is not configured for this process. Loading /vendor/lib/hw/gralloc.msm8960.so from the current namespace instead.
09-11 13:08:56.357   461   467 D BootAnimation: BootAnimationShownTiming start time: 20626ms
09-11 13:08:56.439   461   467 I vndksupport: sphal namespace is not configured for this process. Loading /vendor/lib/hw/gralloc.msm8960.so from the current namespace instead.
09-11 13:08:57.239   473   473 I chatty  : uid=1017(keystore) /system/bin/keystore expire 4 lines
09-11 13:09:02.235   474   474 I chatty  : uid=1017(keystore) /system/bin/keystore expire 4 lines
09-11 13:09:03.955   421   475 I chatty  : uid=0(root) /system/bin/dex2oat expire 10 lines
09-11 13:09:03.955   421   476 I chatty  : uid=0(root) /system/bin/dex2oat expire 10 lines
09-11 13:09:03.955   421   477 I chatty  : uid=0(root) /system/bin/dex2oat expire 10 lines
09-11 13:09:07.240   478   478 I chatty  : uid=1017(keystore) /system/bin/keystore expire 4 lines
09-11 13:09:12.245   479   479 I chatty  : uid=1017(keystore) /system/bin/keystore expire 4 lines
09-11 13:09:17.241   480   480 I chatty  : uid=1017(keystore) /system/bin/keystore expire 4 lines
09-11 13:09:22.246   481   481 I chatty  : uid=1017(keystore) /system/bin/keystore expire 4 lines
09-11 13:09:27.241   482   482 I chatty  : uid=1017(keystore) /system/bin/keystore expire 4 lines
09-11 13:09:32.247   483   483 I chatty  : uid=1017(keystore) /system/bin/keystore expire 4 lines
09-11 13:09:37.342   484   484 I chatty  : uid=1017(keystore) /system/bin/keystore expire 4 lines
09-11 13:09:43.359   485   485 I chatty  : uid=1017(keystore) /system/bin/keystore expire 4 lines
09-11 13:09:48.274   486   486 I chatty  : uid=1017(keystore) /system/bin/keystore expire 4 lines
09-11 13:09:52.829   375   375 I rild    : type=1400 audit(0.0:342): avc: denied { write } for name="qmux_radio" dev="tmpfs" ino=5803 scontext=u:r:rild:s0 tcontext=u:object_r:qmuxd_socket:s0 tclass=dir permissive=1
09-11 13:09:52.829   375   375 I rild    : type=1400 audit(0.0:343): avc: denied { remove_name } for name=716D75785F636C69656E745F736F636B657420202020333637 dev="tmpfs" ino=10776 scontext=u:r:rild:s0 tcontext=u:object_r:qmuxd_socket:s0 tclass=dir permissive=1
09-11 13:09:52.829   375   375 I rild    : type=1400 audit(0.0:344): avc: denied { unlink } for name=716D75785F636C69656E745F736F636B657420202020333637 dev="tmpfs" ino=10776 scontext=u:r:rild:s0 tcontext=u:object_r:qmuxd_socket:s0 tclass=sock_file permissive=1
09-11 13:09:53.590   487   487 I chatty  : uid=1017(keystore) /system/bin/keystore expire 4 lines
09-11 13:09:59.436   488   488 I chatty  : uid=1017(keystore) /system/bin/keystore expire 4 lines
09-11 13:10:03.723   342   342 I chatty  : uid=1000(system) hwservicemanage expire 10 lines
09-11 13:10:04.551   490   490 I chatty  : uid=1017(keystore) /system/bin/keystore expire 4 lines
09-11 13:10:06.954   375   375 I rild    : type=1400 audit(0.0:357): avc: denied { add_name } for name=716D75785F636C69656E745F736F636B657420202020333637 scontext=u:r:rild:s0 tcontext=u:object_r:qmuxd_socket:s0 tclass=dir permissive=1
09-11 13:10:06.954   375   375 I rild    : type=1400 audit(0.0:358): avc: denied { create } for name=716D75785F636C69656E745F736F636B657420202020333637 scontext=u:r:rild:s0 tcontext=u:object_r:qmuxd_socket:s0 tclass=sock_file permissive=1
09-11 13:10:06.954   375   375 I rild    : type=1400 audit(0.0:359): avc: denied { setattr } for name=716D75785F636C69656E745F736F636B657420202020333637 dev="tmpfs" ino=11207 scontext=u:r:rild:s0 tcontext=u:object_r:qmuxd_socket:s0 tclass=sock_file permissive=1
09-11 13:10:10.057   491   491 I chatty  : uid=1017(keystore) /system/bin/keystore expire 4 lines
09-11 13:10:18.256   492   492 I chatty  : uid=1017(keystore) /system/bin/keystore expire 4 lines
09-11 13:10:23.121   493   493 I chatty  : uid=1017(keystore) /system/bin/keystore expire 4 lines
09-11 13:10:28.126   494   494 I chatty  : uid=1017(keystore) /system/bin/keystore expire 4 lines
09-11 13:10:33.122   495   495 I chatty  : uid=1017(keystore) /system/bin/keystore expire 4 lines
09-11 13:10:34.338   337   337 I chatty  : uid=0(root) expire 29 lines
09-11 13:10:34.382   337   337 D Zygote32Timing: BeginIcuCachePinning took to complete: 43ms
09-11 13:10:35.398   337   337 E ActivityRecognitionHardware: activity_recognition HAL is deprecated. class_init is effectively a no-op
09-11 13:10:35.466   337   337 I zygote  : Thread[1,tid=337,Native,Thread*=0xb2dbc000,peer=0x12c01c70,"main"] recursive attempt to load library "/system/lib/libmedia_jni.so"
09-11 13:10:35.467   337   337 D MtpDeviceJNI: register_android_mtp_MtpDevice
09-11 13:10:35.468   337   337 I zygote  : Thread[1,tid=337,Native,Thread*=0xb2dbc000,peer=0x12c01c70,"main"] recursive attempt to load library "/system/lib/libmedia_jni.so"
09-11 13:10:35.469   337   337 I zygote  : Thread[1,tid=337,Native,Thread*=0xb2dbc000,peer=0x12c01c70,"main"] recursive attempt to load library "/system/lib/libmedia_jni.so"
09-11 13:10:35.734   337   337 W main    : type=1400 audit(0.0:380): avc: granted { read } for name="cpu" dev="sysfs" ino=32 scontext=u:r:zygote:s0 tcontext=u:object_r:sysfs:s0 tclass=dir
09-11 13:10:35.734   337   337 W main    : type=1400 audit(0.0:381): avc: granted { read open } for name="cpu" dev="sysfs" ino=32 scontext=u:r:zygote:s0 tcontext=u:object_r:sysfs:s0 tclass=dir
09-11 13:10:36.021   337   337 I System  : Loaded time zone names for "" in 237ms (234ms in ICU)
09-11 13:10:36.133   337   337 I System  : Loaded time zone names for "en_US" in 111ms (108ms in ICU)
09-11 13:10:36.170   337   337 I Zygote  : ...preloaded 4570 classes in 1788ms.
09-11 13:10:36.170   337   337 I zygote  : VMRuntime.preloadDexCaches starting
09-11 13:10:36.510   337   337 I zygote  : VMRuntime.preloadDexCaches strings total=306914 before=2849 after=2849
09-11 13:10:36.511   337   337 I zygote  : VMRuntime.preloadDexCaches types total=26189 before=2675 after=3315
09-11 13:10:36.511   337   337 I zygote  : VMRuntime.preloadDexCaches fields total=124019 before=2152 after=1211
09-11 13:10:36.511   337   337 I zygote  : VMRuntime.preloadDexCaches methods total=219998 before=87638 after=87736
09-11 13:10:36.511   337   337 I zygote  : VMRuntime.preloadDexCaches finished
09-11 13:10:36.511   337   337 D Zygote32Timing: PreloadClasses took to complete: 2129ms
09-11 13:10:37.219   337   337 D Zygote32Timing: PreloadResources took to complete: 708ms
09-11 13:10:37.485   337   337 D Zygote32Timing: ZygotePreload took to complete: 3147ms
09-11 13:10:37.641   337   337 D Zygote32Timing: PostZygoteInitGC took to complete: 156ms
09-11 13:10:37.641   337   337 D Zygote32Timing: ZygoteInit took to complete: 3304ms
09-11 13:10:37.867   512   512 I chatty  : uid=1000(system) /system/bin/dex2oat expire 8 lines
09-11 13:10:38.127   515   515 I chatty  : uid=1017(keystore) /system/bin/keystore expire 4 lines
09-11 13:10:42.702   512   516 I chatty  : uid=1000(system) /system/bin/dex2oat expire 4 lines
09-11 13:10:43.162   519   519 I chatty  : uid=1017(keystore) /system/bin/keystore expire 4 lines
09-11 13:10:46.857   512   517 I chatty  : uid=1000(system) /system/bin/dex2oat expire 5 lines
09-11 13:10:48.148   520   520 I chatty  : uid=1017(keystore) /system/bin/keystore expire 4 lines
09-11 13:10:53.133   521   521 I chatty  : uid=1017(keystore) /system/bin/keystore expire 4 lines
09-11 13:10:53.227   342   342 I chatty  : uid=1000(system) hwservicemanage expire 10 lines
09-11 13:10:55.281   512   518 I chatty  : uid=1000(system) /system/bin/dex2oat expire 3 lines
09-11 13:10:57.492   512   516 W dex2oat : Compilation of void com.android.server.power.PowerManagerService.dumpInternal(java.io.PrintWriter) took 130.596ms
09-11 13:10:57.518   512   517 W dex2oat : Compilation of void com.android.server.pm.PackageManagerService.installPackageLI(com.android.server.pm.PackageManagerService$InstallArgs, com.android.server.pm.PackageManagerService$PackageInstalledInfo) took 192.736ms
09-11 13:10:58.168   522   522 I chatty  : uid=1017(keystore) /system/bin/keystore expire 4 lines
09-11 13:10:58.478   512   517 W dex2oat : Compilation of android.content.pm.PackageParser$Package com.android.server.pm.PackageManagerService.scanPackageDirtyLI(android.content.pm.PackageParser$Package, int, int, long, android.os.UserHandle) took 120.097ms
09-11 13:10:59.642   512   517 W dex2oat : Compilation of void com.android.server.pm.PackageManagerService.dump(java.io.FileDescriptor, java.io.PrintWriter, java.lang.String[]) took 384.312ms
09-11 13:11:03.154   523   523 I chatty  : uid=1017(keystore) /system/bin/keystore expire 4 lines
09-11 13:11:04.036   512   512 I dex2oat : dex2oat took 26.068s (79.237s cpu) (threads: 4) arena alloc=9MB (10124808B) java alloc=2MB (2554184B) native alloc=28MB (29415856B) free=15MB (16197200B)
09-11 13:11:04.075   524   524 I chatty  : uid=1000(system) /system/bin/dex2oat expire 2 lines
09-11 13:11:04.175   524   524 W dex2oat : type=1400 audit(0.0:414): avc: granted { read open } for name="online" dev="sysfs" ino=34 scontext=u:r:dex2oat:s0 tcontext=u:object_r:sysfs:s0 tclass=file
09-11 13:11:04.175   524   524 W dex2oat : type=1400 audit(0.0:415): avc: granted { getattr } for path="/sys/devices/system/cpu/online" dev="sysfs" ino=34 scontext=u:r:dex2oat:s0 tcontext=u:object_r:sysfs:s0 tclass=file
09-11 13:11:04.185   524   524 W dex2oat : type=1400 audit(0.0:416): avc: granted { read } for name="cpu" dev="sysfs" ino=32 scontext=u:r:dex2oat:s0 tcontext=u:object_r:sysfs:s0 tclass=dir
09-11 13:11:04.185   524   524 W dex2oat : type=1400 audit(0.0:417): avc: granted { read open } for name="cpu" dev="sysfs" ino=32 scontext=u:r:dex2oat:s0 tcontext=u:object_r:sysfs:s0 tclass=dir
09-11 13:11:04.197   524   524 I dex2oat : /system/bin/dex2oat --input-vdex-fd=-1 --output-vdex-fd=8 --compiler-filter=speed --classpath-dir=/system/framework
09-11 13:11:06.769   524   524 I dex2oat : dex2oat took 2.573s (2.171s cpu) (threads: 4) arena alloc=454KB (465624B) java alloc=64KB (65960B) native alloc=1161KB (1189400B) free=1398KB (1432040B)
09-11 13:11:06.808   531   531 I chatty  : uid=1000(system) /system/bin/dex2oat expire 7 lines
09-11 13:11:08.159   533   533 I chatty  : uid=1017(keystore) /system/bin/keystore expire 4 lines
09-11 13:11:10.943   531   534 I chatty  : uid=1000(system) /system/bin/dex2oat expire 1 line
09-11 13:11:10.995   531   531 W dex2oat : Compilation of java.lang.String android.hardware.wifi.supplicant.V1_0.ISupplicantStaIfaceCallback$ReasonCode.dumpBitfield(int) took 238.303ms
09-11 13:11:12.095   531   531 W dex2oat : Compilation of void com.android.server.wifi.WifiNetworkHistory.readNetworkHistory(java.util.Map, java.util.Map, java.util.Set) took 103.708ms
09-11 13:11:12.241   531   534 W dex2oat : Compilation of boolean com.android.server.wifi.WifiStateMachine$ConnectModeState.processMessage(android.os.Message) took 134.381ms
09-11 13:11:13.154   537   537 I chatty  : uid=1017(keystore) /system/bin/keystore expire 4 lines
09-11 13:11:13.319   531   535 W dex2oat : Compilation of boolean com.android.server.wifi.p2p.WifiP2pServiceImpl$P2pStateMachine$DefaultState.processMessage(android.os.Message) took 111.216ms
09-11 13:11:14.287   531   531 I dex2oat : dex2oat took 7.382s (19.871s cpu) (threads: 4) arena alloc=13MB (14321752B) java alloc=589KB (604072B) native alloc=6MB (6673672B) free=19MB (20589304B)
09-11 13:11:14.306   501   501 I chatty  : uid=1000 system_server expire 61 lines
09-11 13:11:14.354   501   501 I SystemServer: InitBeforeStartServices
09-11 13:11:14.354   501   501 W SystemServer: Timezone not set; setting to GMT.
09-11 13:11:14.372   501   501 I SystemServer: Entered the Android system server!
09-11 13:11:14.912   501   501 D SystemServerTiming: InitBeforeStartServices took to complete: 558ms
09-11 13:11:14.912   501   501 I SystemServer: StartServices
09-11 13:11:14.912   501   501 I SystemServer: Reading configuration...
09-11 13:11:14.913   501   501 I SystemServer: ReadingSystemConfig
09-11 13:11:14.915   501   501 D SystemServerTiming: ReadingSystemConfig took to complete: 2ms
09-11 13:11:14.915   501   501 I SystemServer: StartInstaller
09-11 13:11:14.915   501   540 D SystemServerInitThreadPool: Started executing ReadingSystemConfig
09-11 13:11:14.916   501   501 I SystemServiceManager: Starting com.android.server.pm.Installer
09-11 13:11:14.919   501   501 D SystemServerTiming: StartInstaller took to complete: 4ms
09-11 13:11:14.919   501   501 I SystemServer: DeviceIdentifiersPolicyService
09-11 13:11:14.920   501   501 I SystemServiceManager: Starting com.android.server.os.DeviceIdentifiersPolicyService
09-11 13:11:14.922   501   501 D SystemServerTiming: DeviceIdentifiersPolicyService took to complete: 3ms
09-11 13:11:14.922   501   501 I SystemServer: StartActivityManager
09-11 13:11:14.923   501   501 I SystemServiceManager: Starting com.android.server.am.ActivityManagerService$Lifecycle
09-11 13:11:14.975   501   540 D SystemServerInitThreadPool: Finished executing ReadingSystemConfig
09-11 13:11:14.985   501   501 I ActivityManager: Memory class: 192
09-11 13:11:14.987   501   542 I ServiceThread: Enabled StrictMode logging for ActivityManager looper.
09-11 13:11:14.989   501   543 I ServiceThread: Enabled StrictMode logging for android.ui looper.
09-11 13:11:15.075   501   501 D BatteryStatsImpl: Reading daily items from /data/system/batterystats-daily.xml
09-11 13:11:15.373   501   501 I AppOps  : No existing app ops /data/system/appops.xml; starting empty
09-11 13:11:15.382   501   501 I IntentFirewall: Read new rules (A:0 B:0 S:0)
09-11 13:11:15.393   501   550 I ServiceThread: Enabled StrictMode logging for android.display looper.
09-11 13:11:16.187   501   501 D AppOps  : AppOpsService published
09-11 13:11:16.189   501   501 W SystemServiceManager: Service com.android.server.am.ActivityManagerService$Lifecycle took 796 ms in onStart
09-11 13:11:16.189   501   501 D SystemServerTiming: StartActivityManager took to complete: 1267ms
09-11 13:11:16.189   501   501 I SystemServer: StartPowerManager
09-11 13:11:16.190   501   501 I SystemServiceManager: Starting com.android.server.power.PowerManagerService
09-11 13:11:16.198   501   553 I ServiceThread: Enabled StrictMode logging for PowerManagerService looper.
09-11 13:11:16.217   501   501 D SystemServerTiming: StartPowerManager took to complete: 27ms
09-11 13:11:16.218   501   501 I SystemServer: InitPowerManagement
09-11 13:11:16.223   501   501 D SystemServerTiming: InitPowerManagement took to complete: 5ms
09-11 13:11:16.223   501   501 I SystemServer: StartRecoverySystemService
09-11 13:11:16.224   501   501 I SystemServiceManager: Starting com.android.server.RecoverySystemService
09-11 13:11:16.228   501   501 D SystemServerTiming: StartRecoverySystemService took to complete: 5ms
09-11 13:11:16.233   501   501 W RescueParty: Noticed 1 events for UID 0 in last 160 sec
09-11 13:11:16.234   501   501 I SystemServer: StartLightsService
09-11 13:11:16.234   501   501 I SystemServiceManager: Starting com.android.server.lights.LightsService
09-11 13:11:16.236   501   501 D SystemServerTiming: StartLightsService took to complete: 2ms
09-11 13:11:16.236   501   501 I SystemServer: StartDisplayManager
09-11 13:11:16.238   501   501 I SystemServiceManager: Starting com.android.server.display.DisplayManagerService
09-11 13:11:16.248   501   501 D SystemServerTiming: StartDisplayManager took to complete: 12ms
09-11 13:11:16.249   501   501 I SystemServer: WaitForDisplay
09-11 13:11:16.249   501   501 I SystemServiceManager: Starting phase 100
09-11 13:11:16.264   501   550 I DisplayManagerService: Display device added: DisplayDeviceInfo{"Built-in Screen": uniqueId="local:0", 768 x 1280, modeId 1, defaultModeId 1, supportedModes [{id=1, width=768, height=1280, fps=60.0}], colorMode 0, supportedColorModes [0], HdrCapabilities android.view.Display$HdrCapabilities@a69d6308, density 320, 319.79 x 318.745 dpi, appVsyncOff 1000000, presDeadline 16666667, touch INTERNAL, rotation 0, type BUILT_IN, state UNKNOWN, FLAG_DEFAULT_DISPLAY, FLAG_ROTATES_WITH_CONTENT, FLAG_SECURE, FLAG_SUPPORTS_PROTECTED_BUFFERS}
09-11 13:11:16.267   358   358 I chatty  : uid=1000(system) /system/bin/surfaceflinger expire 10 lines
09-11 13:11:16.299   501   550 I chatty  : uid=1000 system_server expire 8 lines
09-11 13:11:16.318   501   501 W SystemServiceManager: Service com.android.server.display.DisplayManagerService took 69 ms in onBootPhase
09-11 13:11:16.318   501   501 D SystemServerTiming: WaitForDisplay took to complete: 69ms
09-11 13:11:16.318   501   550 I DisplayManagerService: Display device changed state: "Built-in Screen", ON
09-11 13:11:16.319   501   501 I SystemServer: StartPackageManagerService
09-11 13:11:16.373   501   501 W FileUtils: Failed to chmod(/data/system/packages.list): android.system.ErrnoException: chmod failed: ENOENT (No such file or directory)
09-11 13:11:16.438   501   501 D SELinuxMMAC: Using policy file /system/etc/selinux/plat_mac_permissions.xml
09-11 13:11:16.445   501   501 D SELinuxMMAC: Using policy file /vendor/etc/selinux/nonplat_mac_permissions.xml
09-11 13:11:16.453   501   501 I PackageManager: No settings file; creating initial state
09-11 13:11:16.462   501   501 W PackageManager: Wiping cache directory because the system partition changed.
09-11 13:11:16.697   501   501 I PackageManager: /system/framework/framework-res.apk changed; collecting certs
