--------- beginning of main
09-15 02:11:05.541   164   164 W auditd  : type=2000 audit(0.0:1): initialized
09-15 02:11:06.780   164   164 I auditd  : type=1403 audit(0.0:2): policy loaded auid=4294967295 ses=4294967295
09-15 02:11:07.910   154   154 W e2fsck  : type=1400 audit(0.0:3): avc: granted { getattr } for path="/vendor" dev="rootfs" ino=4476 scontext=u:r:fsck:s0 tcontext=u:object_r:rootfs:s0 tclass=lnk_file
09-15 02:11:07.980   154   154 W e2fsck  : type=1400 audit(0.0:4): avc: granted { read } for name="online" dev="sysfs" ino=34 scontext=u:r:fsck:s0 tcontext=u:object_r:sysfs:s0 tclass=file
09-15 02:11:07.980   154   154 W e2fsck  : type=1400 audit(0.0:5): avc: granted { read open } for name="online" dev="sysfs" ino=34 scontext=u:r:fsck:s0 tcontext=u:object_r:sysfs:s0 tclass=file
09-15 02:11:07.980   154   154 W e2fsck  : type=1400 audit(0.0:6): avc: granted { getattr } for path="/sys/devices/system/cpu/online" dev="sysfs" ino=34 scontext=u:r:fsck:s0 tcontext=u:object_r:sysfs:s0 tclass=file
09-15 02:11:08.140   159   159 W e2fsck  : type=1400 audit(0.0:7): avc: granted { getattr } for path="/vendor" dev="rootfs" ino=4476 scontext=u:r:fsck:s0 tcontext=u:object_r:rootfs:s0 tclass=lnk_file
09-15 02:11:08.170   159   159 W e2fsck  : type=1400 audit(0.0:8): avc: granted { read } for name="online" dev="sysfs" ino=34 scontext=u:r:fsck:s0 tcontext=u:object_r:sysfs:s0 tclass=file
09-15 02:11:08.170   159   159 W e2fsck  : type=1400 audit(0.0:9): avc: granted { read open } for name="online" dev="sysfs" ino=34 scontext=u:r:fsck:s0 tcontext=u:object_r:sysfs:s0 tclass=file
09-15 02:11:08.170   159   159 W e2fsck  : type=1400 audit(0.0:10): avc: granted { getattr } for path="/sys/devices/system/cpu/online" dev="sysfs" ino=34 scontext=u:r:fsck:s0 tcontext=u:object_r:sysfs:s0 tclass=file
09-15 02:11:08.403     0   165 I SELinux : SELinux: Loaded service_contexts from:
09-15 02:11:08.410     0   165 I SELinux :     /plat_service_contexts
09-15 02:11:08.410     0   165 I SELinux :     /nonplat_service_contexts
09-15 02:11:08.535   166   166 E hwservicemanager: BINDER_SET_INHERIT_FIFO_PRIO failed with error -1
--------- beginning of system
09-15 02:11:08.822   172   172 I vold    : Vold 3.0 (the awakening) firing up
09-15 02:11:08.824   172   172 V vold    : Detected support for: exfat ext4 ntfs vfat
09-15 02:11:08.841   172   172 I vold    : [libfs_mgr]fs_mgr_read_fstab_dt(): failed to read fstab from dt
09-15 02:11:08.845   172   178 D vold    : e4crypt_init_user0
09-15 02:11:08.845   172   178 D vold    : e4crypt_prepare_user_storage for volume null, user 0, serial 0, flags 1
09-15 02:11:08.845   172   178 D vold    : Preparing: /data/system/users/0
09-15 02:11:08.846   172   178 D vold    : Preparing: /data/misc/profiles/cur/0
09-15 02:11:08.847   172   178 D vold    : Preparing: /data/system_de/0
09-15 02:11:08.847   172   178 D vold    : Preparing: /data/misc_de/0
09-15 02:11:08.848   172   178 D vold    : Preparing: /data/user_de/0
09-15 02:11:08.849   172   178 D vold    : e4crypt_unlock_user_key 0 serial=0 token_present=0
09-15 02:11:08.849   172   178 E vold    : Failed to chmod /data/system_ce/0: No such file or directory
09-15 02:11:08.849   172   178 E vold    : Failed to chmod /data/misc_ce/0: No such file or directory
09-15 02:11:08.913   179   179 I /system/bin/tzdatacheck: timezone distro dir /data/misc/zoneinfo/current does not exist. No action required.
09-15 02:11:09.572   185   185 W netd    : type=1400 audit(0.0:11): avc: granted { getattr } for path="/vendor" dev="rootfs" ino=4476 scontext=u:r:netd:s0 tcontext=u:object_r:rootfs:s0 tclass=lnk_file
09-15 02:11:09.757   185   185 I Netd    : Netd 1.0 starting
09-15 02:11:09.758   185   185 D TetherController: Setting IP forward enable = 0
09-15 02:11:09.825   192   192 I lowmemorykiller: Using in-kernel low memory killer interface
09-15 02:11:09.842   188   188 I android.hidl.al: type=1400 audit(0.0:12): avc: denied { read } for name="online" dev="sysfs" ino=34 scontext=u:r:hal_allocator_default:s0 tcontext=u:object_r:sysfs:s0 tclass=file permissive=1
09-15 02:11:09.842   188   188 I android.hidl.al: type=1400 audit(0.0:13): avc: denied { open } for name="online" dev="sysfs" ino=34 scontext=u:r:hal_allocator_default:s0 tcontext=u:object_r:sysfs:s0 tclass=file permissive=1
09-15 02:11:09.842   188   188 I android.hidl.al: type=1400 audit(0.0:14): avc: denied { getattr } for path="/sys/devices/system/cpu/online" dev="sysfs" ino=34 scontext=u:r:hal_allocator_default:s0 tcontext=u:object_r:sysfs:s0 tclass=file permissive=1
09-15 02:11:09.855   191   191 I kickstart-qcks: PARAMETER VALUES
09-15 02:11:09.856   191   191 I kickstart-qcks: COMPORT_DLOAD=/dev/ttyHSL1
09-15 02:11:09.856   191   191 I kickstart-qcks: COMPORT_SAHARA=/dev/ks_hsic_bridge
09-15 02:11:09.856   191   191 I kickstart-qcks: PATHTOIMAGES=/firmware/image/
09-15 02:11:09.856   191   191 I kickstart-qcks: PATHFORRAMDUMP=/data/tombstones/mdm/
09-15 02:11:09.856   191   191 I kickstart-qcks: EFSRAW1=/dev/block/platform/msm_sdcc.1/by-name/m9kefs1
09-15 02:11:09.856   191   191 I kickstart-qcks: EFSRAW2=/dev/block/platform/msm_sdcc.1/by-name/m9kefs2
09-15 02:11:09.856   191   191 I kickstart-qcks: EFSRAW3=/dev/block/platform/msm_sdcc.1/by-name/m9kefs3
09-15 02:11:09.856   191   191 I kickstart-qcks: Header1=efs1.mbn
09-15 02:11:09.856   191   191 I kickstart-qcks: Header2=efs2.mbn
09-15 02:11:09.856   191   191 I kickstart-qcks: Header3=efs3.mbn
09-15 02:11:09.856   191   191 I kickstart-qcks: Testing if port "/dev/mdm" exists
09-15 02:11:09.857   191   191 I kickstart-qcks: Trying to bring MDM9K out of reset
09-15 02:11:09.869   204   204 I bdAddrLoader: option : f=/persist/bluetooth/.bdaddr
09-15 02:11:09.869   204   204 I bdAddrLoader: option : h
09-15 02:11:09.869   204   204 I bdAddrLoader: option : x
09-15 02:11:09.869   204   204 I bdAddrLoader: Read From /persist/bluetooth/.bdaddr by Path type(0x11), Data type (0x21)
09-15 02:11:09.903   188   188 I ServiceManagement: Removing namespace from process name android.hidl.allocator@1.0-service to allocator@1.0-s.
09-15 02:11:09.906   190   190 E rmt_storage: Remote storage service is not supported on mdm target
09-15 02:11:10.206   166   166 W /system/bin/hwservicemanager: getTransportFromManifest: Cannot find entry android.hardware.health@1.0::IHealth in either framework or device manifest, using default transport.
09-15 02:11:10.208   166   166 E hw-IPCThreadState: binder thread pool (1 threads) starved for 257 ms
09-15 02:11:10.242   209   209 W iptables-restor: type=1400 audit(0.0:15): avc: granted { getattr } for path="/vendor" dev="rootfs" ino=4476 scontext=u:r:netd:s0 tcontext=u:object_r:rootfs:s0 tclass=lnk_file
09-15 02:11:10.332   213   213 W keystore: type=1400 audit(0.0:16): avc: granted { getattr } for path="/vendor" dev="rootfs" ino=4476 scontext=u:r:keystore:s0 tcontext=u:object_r:rootfs:s0 tclass=lnk_file
09-15 02:11:10.348   204   204 I bdAddrLoader: Output Data type(0x22), bPrintout(1), bPath((null))
09-15 02:11:10.348   204   204 I bdAddrLoader: Loaded Data type(0x21)
09-15 02:11:10.348   204   204 I bdAddrLoader: hex_to_ascii() - converted Data (10683FDBCC67)
09-15 02:11:10.484   203   203 I ANDR-PERF-LOCK: Listener starting
09-15 02:11:10.485   203   203 I MP-Decision: MPDecision server starting
09-15 02:11:10.486   203   203 I MP-Decision: OPTION ENABLED: Control sleep modes
09-15 02:11:10.486   203   203 I MP-Decision: OPTION ENABLED: Adjusting average
09-15 02:11:10.486   203   203 I MP-Decision: Decision parameters CPU 0: Nw=0.000000, Tw=0, Ns=0.000000, Ts=0
09-15 02:11:10.486   203   203 I MP-Decision: util_h_and=0, util_h_or=0, util_low=0
09-15 02:11:10.486   203   203 I MP-Decision: Decision parameters CPU 1: Nw=1.900000, Tw=140, Ns=1.100000, Ts=190
09-15 02:11:10.486   203   203 I MP-Decision: util_h_and=35, util_h_or=75, util_low=20
09-15 02:11:10.487   203   203 I MP-Decision: Decision parameters CPU 2: Nw=2.700000, Tw=90, Ns=2.100000, Ts=240
09-15 02:11:10.487   203   203 I MP-Decision: util_h_and=0, util_h_or=400, util_low=0
09-15 02:11:10.487   203   203 I MP-Decision: Decision parameters CPU 3: Nw=3.500000, Tw=90, Ns=3.100000, Ts=240
09-15 02:11:10.487   203   203 I MP-Decision: util_h_and=0, util_h_or=400, util_low=0
09-15 02:11:10.487   203   203 I MP-Decision: Decision parameters: poll_ms: 9 decision_ms: 50
09-15 02:11:10.800   223   223 I /system/bin/tombstoned: tombstoned successfully initialized
09-15 02:11:10.933   226   226 W ip6tables-resto: type=1400 audit(0.0:17): avc: granted { getattr } for path="/vendor" dev="rootfs" ino=4476 scontext=u:r:netd:s0 tcontext=u:object_r:rootfs:s0 tclass=lnk_file
09-15 02:11:11.705   219   219 E Diag_Lib:  Diag_LSM_Init: Failed to open handle to diag driver, error = 2
09-15 02:11:11.705   219   219 E Sensors : sns_fsa_la.c(386):fsa: fflush failed, 9
09-15 02:11:11.706   219   219 E Sensors : sns_fsa_la.c(386):fsa: fflush failed, 9
09-15 02:11:11.861   191   191 I kickstart-qcks: EFS Prepend
09-15 02:11:11.994   220   220 I mm-qcamera-daem: type=1400 audit(0.0:18): avc: denied { execmod } for path="/system/lib/libmmjpeg.so" dev="mmcblk0p21" ino=1235 scontext=u:r:camera:s0 tcontext=u:object_r:system_file:s0 tclass=file permissive=1
09-15 02:11:12.005   220   220 W linker  : "/system/lib/libmmjpeg.so" has text relocations. This is wasting memory and prevents security hardening. Please fix.
09-15 02:11:12.054   191   191 I kickstart-qcks: File:'/firmware/image/efs1.mbn' is available for reading
09-15 02:11:12.054   191   191 I kickstart-qcks: File:'/firmware/image/efs2.mbn' is available for reading
09-15 02:11:12.055   191   191 I kickstart-qcks: File:'/dev/block/platform/msm_sdcc.1/by-name/m9kefs1' is available for reading
09-15 02:11:12.055   191   191 I kickstart-qcks: File:'/dev/block/platform/msm_sdcc.1/by-name/m9kefs2' is available for reading
09-15 02:11:12.055   191   191 I kickstart-qcks: File:'/firmware/image/acdb.mbn' is available for reading
09-15 02:11:12.055   191   191 I kickstart-qcks: File:'/firmware/image/mdm_acdb.img' is available for reading
09-15 02:11:12.055   191   191 I kickstart-qcks: Reading RAW EFS1 partition
09-15 02:11:12.055   191   191 I kickstart-qcks: Running dd if=/dev/block/platform/msm_sdcc.1/by-name/m9kefs1 of=/data/qcks/temp.dump bs=1024 count=3072
09-15 02:11:12.059   214   214 I mediaserver: ServiceManager: 0xb2f0e4a0
09-15 02:11:13.512   200   200 E Diag_Lib:  Diag_LSM_Init: Failed to open handle to diag driver, error = 2
09-15 02:11:13.686   186   186 W app_process: type=1400 audit(0.0:19): avc: granted { read } for name="online" dev="sysfs" ino=34 scontext=u:r:zygote:s0 tcontext=u:object_r:sysfs:s0 tclass=file
09-15 02:11:13.686   186   186 W app_process: type=1400 audit(0.0:20): avc: granted { read open } for name="online" dev="sysfs" ino=34 scontext=u:r:zygote:s0 tcontext=u:object_r:sysfs:s0 tclass=file
09-15 02:11:13.686   186   186 W app_process: type=1400 audit(0.0:21): avc: granted { getattr } for path="/sys/devices/system/cpu/online" dev="sysfs" ino=34 scontext=u:r:zygote:s0 tcontext=u:object_r:sysfs:s0 tclass=file
09-15 02:11:13.750   201   201 E Diag_Lib:  Diag_LSM_Init: Failed to open handle to diag driver, error = 2
09-15 02:11:13.793   220   220 E mm-camera: qcamsvr_start: old_mode = 3f
09-15 02:11:13.936   212   212 W installd: type=1400 audit(0.0:22): avc: granted { read } for name="online" dev="sysfs" ino=34 scontext=u:r:installd:s0 tcontext=u:object_r:sysfs:s0 tclass=file
09-15 02:11:13.936   212   212 W installd: type=1400 audit(0.0:23): avc: granted { read open } for name="online" dev="sysfs" ino=34 scontext=u:r:installd:s0 tcontext=u:object_r:sysfs:s0 tclass=file
09-15 02:11:13.936   212   212 W installd: type=1400 audit(0.0:24): avc: granted { getattr } for path="/sys/devices/system/cpu/online" dev="sysfs" ino=34 scontext=u:r:installd:s0 tcontext=u:object_r:sysfs:s0 tclass=file
09-15 02:11:13.986   244   244 W iptables: type=1400 audit(0.0:25): avc: granted { getattr } for path="/vendor" dev="rootfs" ino=4476 scontext=u:r:netd:s0 tcontext=u:object_r:rootfs:s0 tclass=lnk_file
09-15 02:11:14.092   186   186 D AndroidRuntime: >>>>>> START com.android.internal.os.ZygoteInit uid 0 <<<<<<
09-15 02:11:14.100   212   212 I installd: installd firing up
09-15 02:11:14.102   202   202 D ThermalDaemon: Thermal daemon started
09-15 02:11:14.113   202   202 D ThermalDaemon: Number of gpus :1
09-15 02:11:14.146   261   261 I thermald: type=1400 audit(0.0:26): avc: denied { search } for name="leds" dev="sysfs" ino=4658 scontext=u:r:thermald:s0 tcontext=u:object_r:sysfs_leds:s0 tclass=dir permissive=1
09-15 02:11:14.146   261   261 I thermald: type=1400 audit(0.0:27): avc: denied { read } for name="lcd-backlight" dev="sysfs" ino=9461 scontext=u:r:thermald:s0 tcontext=u:object_r:sysfs_leds:s0 tclass=lnk_file permissive=1
09-15 02:11:14.146   261   261 W thermald: type=1400 audit(0.0:28): avc: granted { dac_override } for capability=1 scontext=u:r:thermald:s0 tcontext=u:r:thermald:s0 tclass=capability
09-15 02:11:14.146   248   248 I thermald: type=1400 audit(0.0:29): avc: denied { ioctl } for path="socket:[7821]" dev="sockfs" ino=7821 ioctlcmd=c304 scontext=u:r:thermald:s0 tcontext=u:r:thermald:s0 tclass=socket permissive=1
09-15 02:11:14.153   202   261 D ThermalDaemon: Sensor 'batt_therm' - alarm raised 3 at 38.5 degC
09-15 02:11:14.153   202   261 D ThermalDaemon: Sensor 'batt_therm' - alarm raised 2 at 38.5 degC
09-15 02:11:14.153   202   261 D ThermalDaemon: Sensor 'batt_therm' - alarm raised 1 at 38.5 degC
09-15 02:11:14.153   202   261 D ThermalDaemon: ACTION: CPU - Setting CPU[0] to 1296000
09-15 02:11:14.153   202   261 D ThermalDaemon: ACTION: CPU - Setting CPU[1] to 1296000
09-15 02:11:14.153   202   261 D ThermalDaemon: ACTION: CPU - Setting CPU[2] to 1296000
09-15 02:11:14.153   202   261 D ThermalDaemon: ACTION: CPU - Setting CPU[3] to 1296000
09-15 02:11:14.153   202   261 D ThermalDaemon: ACTION: GPU - Setting GPU[0] to 325000000
09-15 02:11:14.155   202   261 D ThermalDaemon: ACTION: LCD - Setting max LCD brightness to 192
09-15 02:11:14.155   202   261 D ThermalDaemon: Setting curr LCD brightness to 255
09-15 02:11:14.156   202   250 D ThermalDaemon: Sensor 'tsens_tz_sensor0' - alarm raised 1 at 49.0 degC
09-15 02:11:14.160   202   248 E Diag_Lib:  Diag_LSM_Init: Failed to open handle to diag driver, error = 2
09-15 02:11:14.276   220   220 E mm-camera: qcamsvr_load_gesture_lib Error opening gesture library
09-15 02:11:14.276   220   220 E mm-camera: Cannot init Gesture library
09-15 02:11:14.304   202   245 D ThermalDaemon: Maximum CPU[1] frequency 1512000 KHz
09-15 02:11:14.309   202   245 D ThermalDaemon: Maximum CPU[2] frequency 1512000 KHz
09-15 02:11:14.311   202   245 D ThermalDaemon: Maximum CPU[3] frequency 1512000 KHz
09-15 02:11:14.327   281   281 W ip6tables: type=1400 audit(0.0:30): avc: granted { getattr } for path="/vendor" dev="rootfs" ino=4476 scontext=u:r:netd:s0 tcontext=u:object_r:rootfs:s0 tclass=lnk_file
09-15 02:11:14.328   186   186 I zygote  : option[0]=-Xzygote
09-15 02:11:14.328   186   186 I zygote  : option[1]=-Xstacktracefile:/data/anr/traces.txt
09-15 02:11:14.328   186   186 I zygote  : option[2]=exit
09-15 02:11:14.328   186   186 I zygote  : option[3]=vfprintf
09-15 02:11:14.328   186   186 I zygote  : option[4]=sensitiveThread
09-15 02:11:14.328   186   186 I zygote  : option[5]=-verbose:gc
09-15 02:11:14.328   186   186 I zygote  : option[6]=-Xms8m
09-15 02:11:14.328   186   186 I zygote  : option[7]=-Xmx512m
09-15 02:11:14.328   186   186 I zygote  : option[8]=-XX:HeapGrowthLimit=192m
09-15 02:11:14.328   186   186 I zygote  : option[9]=-XX:HeapMinFree=512k
09-15 02:11:14.328   186   186 I zygote  : option[10]=-XX:HeapMaxFree=8m
09-15 02:11:14.328   186   186 I zygote  : option[11]=-XX:HeapTargetUtilization=0.75
09-15 02:11:14.328   186   186 I zygote  : option[12]=-Xusejit:true
09-15 02:11:14.328   186   186 I zygote  : option[13]=-Xjitsaveprofilinginfo
09-15 02:11:14.328   186   186 I zygote  : option[14]=-agentlib:jdwp=transport=dt_android_adb,suspend=n,server=y
09-15 02:11:14.328   186   186 I zygote  : option[15]=-Xlockprofthreshold:500
09-15 02:11:14.328   186   186 I zygote  : option[16]=-Ximage-compiler-option
09-15 02:11:14.328   186   186 I zygote  : option[17]=--runtime-arg
09-15 02:11:14.329   186   186 I zygote  : option[18]=-Ximage-compiler-option
09-15 02:11:14.329   186   186 I zygote  : option[19]=-Xms64m
09-15 02:11:14.329   186   186 I zygote  : option[20]=-Ximage-compiler-option
09-15 02:11:14.329   186   186 I zygote  : option[21]=--runtime-arg
09-15 02:11:14.329   186   186 I zygote  : option[22]=-Ximage-compiler-option
09-15 02:11:14.329   186   186 I zygote  : option[23]=-Xmx64m
09-15 02:11:14.329   186   186 I zygote  : option[24]=-Ximage-compiler-option
09-15 02:11:14.329   186   186 I zygote  : option[25]=--image-classes=/system/etc/preloaded-classes
09-15 02:11:14.329   186   186 I zygote  : option[26]=-Ximage-compiler-option
09-15 02:11:14.329   186   186 I zygote  : option[27]=--compiled-classes=/system/etc/compiled-classes
09-15 02:11:14.329   186   186 I zygote  : option[28]=-Xcompiler-option
09-15 02:11:14.329   186   186 I zygote  : option[29]=--runtime-arg
09-15 02:11:14.329   186   186 I zygote  : option[30]=-Xcompiler-option
09-15 02:11:14.329   186   186 I zygote  : option[31]=-Xms64m
09-15 02:11:14.329   186   186 I zygote  : option[32]=-Xcompiler-option
09-15 02:11:14.329   186   186 I zygote  : option[33]=--runtime-arg
09-15 02:11:14.329   186   186 I zygote  : option[34]=-Xcompiler-option
09-15 02:11:14.329   186   186 I zygote  : option[35]=-Xmx512m
09-15 02:11:14.329   186   186 I zygote  : option[36]=-Ximage-compiler-option
09-15 02:11:14.329   186   186 I zygote  : option[37]=--instruction-set-variant=krait
09-15 02:11:14.329   186   186 I zygote  : option[38]=-Xcompiler-option
09-15 02:11:14.330   186   186 I zygote  : option[39]=--instruction-set-variant=krait
09-15 02:11:14.330   186   186 I zygote  : option[40]=-Ximage-compiler-option
09-15 02:11:14.330   186   186 I zygote  : option[41]=--instruction-set-features=default
09-15 02:11:14.330   186   186 I zygote  : option[42]=-Xcompiler-option
09-15 02:11:14.330   186   186 I zygote  : option[43]=--instruction-set-features=default
09-15 02:11:14.330   186   186 I zygote  : option[44]=-Duser.locale=en-US
09-15 02:11:14.330   186   186 I zygote  : option[45]=--cpu-abilist=armeabi-v7a,armeabi
09-15 02:11:14.330   186   186 I zygote  : option[46]=-Xfingerprint:Android/aosp_mako/mako:8.0.0/OPR6.170623.012/102:userdebug/test-keys
09-15 02:11:14.397   285   285 W iptables: type=1400 audit(0.0:31): avc: granted { getattr } for path="/vendor" dev="rootfs" ino=4476 scontext=u:r:netd:s0 tcontext=u:object_r:rootfs:s0 tclass=lnk_file
09-15 02:11:14.428   222   222 I gatekeeperd: Starting gatekeeperd...
09-15 02:11:14.437   213   213 W keystore: type=1400 audit(0.0:32): avc: granted { read } for name="online" dev="sysfs" ino=34 scontext=u:r:keystore:s0 tcontext=u:object_r:sysfs:s0 tclass=file
09-15 02:11:14.437   213   213 W keystore: type=1400 audit(0.0:33): avc: granted { read open } for name="online" dev="sysfs" ino=34 scontext=u:r:keystore:s0 tcontext=u:object_r:sysfs:s0 tclass=file
09-15 02:11:14.437   213   213 W keystore: type=1400 audit(0.0:34): avc: granted { getattr } for path="/sys/devices/system/cpu/online" dev="sysfs" ino=34 scontext=u:r:keystore:s0 tcontext=u:object_r:sysfs:s0 tclass=file
09-15 02:11:14.442   219   287 W Sensors : sns_smr_la.c(446):smr_la: smr_apps_la_thread_main is starting, fd=10, sns_smr.en_rx_msg_ptr=af5419d4
09-15 02:11:14.446   166   166 W /system/bin/hwservicemanager: getTransportFromManifest: Cannot find entry android.hardware.gatekeeper@1.0::IGatekeeper in either framework or device manifest, using default transport.
09-15 02:11:14.447   222   222 W gatekeeperd: falling back to software GateKeeper
09-15 02:11:14.457   289   289 W ip6tables: type=1400 audit(0.0:35): avc: granted { getattr } for path="/vendor" dev="rootfs" ino=4476 scontext=u:r:netd:s0 tcontext=u:object_r:rootfs:s0 tclass=lnk_file
09-15 02:11:14.467   166   166 W /system/bin/hwservicemanager: getTransportFromManifest: Cannot find entry android.hardware.keymaster@3.0::IKeymasterDevice in either framework or device manifest, using default transport.
09-15 02:11:14.491   166   166 W /system/bin/hwservicemanager: getTransportFromManifest: Cannot find entry android.hardware.configstore@1.0::ISurfaceFlingerConfigs in either framework or device manifest, using default transport.
09-15 02:11:14.493   193   193 I /system/bin/surfaceflinger: android::hardware::configstore::V1_0::ISurfaceFlingerConfigs::maxFrameBufferAcquiredBuffers retrieved: 2 (default)
09-15 02:11:14.495   166   166 W /system/bin/hwservicemanager: getTransportFromManifest: Cannot find entry android.hardware.configstore@1.0::ISurfaceFlingerConfigs in either framework or device manifest, using default transport.
09-15 02:11:14.498   193   193 I /system/bin/surfaceflinger: android::hardware::configstore::V1_0::ISurfaceFlingerConfigs::startGraphicsAllocatorService retrieved: 0 (default)
09-15 02:11:14.501   193   193 I SurfaceFlinger: SurfaceFlinger is starting
09-15 02:11:14.502   166   166 W /system/bin/hwservicemanager: getTransportFromManifest: Cannot find entry android.hardware.configstore@1.0::ISurfaceFlingerConfigs in either framework or device manifest, using default transport.
09-15 02:11:14.504   193   193 I /system/bin/surfaceflinger: android::hardware::configstore::V1_0::ISurfaceFlingerConfigs::vsyncEventPhaseOffsetNs retrieved: 1000000 (default)
09-15 02:11:14.505   166   166 W /system/bin/hwservicemanager: getTransportFromManifest: Cannot find entry android.hardware.configstore@1.0::ISurfaceFlingerConfigs in either framework or device manifest, using default transport.
09-15 02:11:14.507   193   193 I /system/bin/surfaceflinger: android::hardware::configstore::V1_0::ISurfaceFlingerConfigs::vsyncSfEventPhaseOffsetNs retrieved: 1000000 (default)
09-15 02:11:14.508   166   166 W /system/bin/hwservicemanager: getTransportFromManifest: Cannot find entry android.hardware.configstore@1.0::ISurfaceFlingerConfigs in either framework or device manifest, using default transport.
09-15 02:11:14.510   193   193 I /system/bin/surfaceflinger: android::hardware::configstore::V1_0::ISurfaceFlingerConfigs::maxVirtualDisplaySize retrieved: 0 (default)
09-15 02:11:14.511   166   166 W /system/bin/hwservicemanager: getTransportFromManifest: Cannot find entry android.hardware.configstore@1.0::ISurfaceFlingerConfigs in either framework or device manifest, using default transport.
09-15 02:11:14.517   293   293 W iptables: type=1400 audit(0.0:36): avc: granted { getattr } for path="/vendor" dev="rootfs" ino=4476 scontext=u:r:netd:s0 tcontext=u:object_r:rootfs:s0 tclass=lnk_file
09-15 02:11:14.523   193   193 I /system/bin/surfaceflinger: android::hardware::configstore::V1_0::ISurfaceFlingerConfigs::hasSyncFramework retrieved: 1 (default)
09-15 02:11:14.524   166   166 W /system/bin/hwservicemanager: getTransportFromManifest: Cannot find entry android.hardware.configstore@1.0::ISurfaceFlingerConfigs in either framework or device manifest, using default transport.
09-15 02:11:14.526   193   193 I /system/bin/surfaceflinger: android::hardware::configstore::V1_0::ISurfaceFlingerConfigs::useContextPriority retrieved: 0 (default)
09-15 02:11:14.527   166   166 W /system/bin/hwservicemanager: getTransportFromManifest: Cannot find entry android.hardware.configstore@1.0::ISurfaceFlingerConfigs in either framework or device manifest, using default transport.
09-15 02:11:14.529   193   193 I /system/bin/surfaceflinger: android::hardware::configstore::V1_0::ISurfaceFlingerConfigs::presentTimeOffsetFromVSyncNs retrieved: 0 (default)
09-15 02:11:14.530   166   166 W /system/bin/hwservicemanager: getTransportFromManifest: Cannot find entry android.hardware.configstore@1.0::ISurfaceFlingerConfigs in either framework or device manifest, using default transport.
09-15 02:11:14.532   193   193 I /system/bin/surfaceflinger: android::hardware::configstore::V1_0::ISurfaceFlingerConfigs::useHwcForRGBtoYUV retrieved: 0 (default)
09-15 02:11:14.532   193   193 I /system/bin/surfaceflinger: android::hardware::configstore::V1_0::ISurfaceFlingerConfigs::maxFrameBufferAcquiredBuffers retrieved: 2 (default)
09-15 02:11:14.532   193   193 I SurfaceFlinger: Enabling HWC virtual displays
09-15 02:11:14.532   193   193 I SurfaceFlinger: Disabling Triple Buffering
09-15 02:11:14.532   193   193 I SurfaceFlinger: SurfaceFlinger's main thread ready to run. Initializing graphics H/W...
09-15 02:11:14.557   295   295 W ip6tables: type=1400 audit(0.0:37): avc: granted { getattr } for path="/vendor" dev="rootfs" ino=4476 scontext=u:r:netd:s0 tcontext=u:object_r:rootfs:s0 tclass=lnk_file
09-15 02:11:14.564   193   193 I vndksupport: sphal namespace is not configured for this process. Loading /vendor/lib/egl/libEGL_adreno.so from the current namespace instead.
09-15 02:11:14.573   213   213 I android.hardware.keymaster@3.0-impl: Fetching keymaster device name default
09-15 02:11:14.585   213   213 I android.hardware.keymaster@3.0-impl: Found keymaster0 module Keymaster QCOM HAL, version 3
09-15 02:11:14.589   213   213 D QSEECOMAPI: : QSEECom_start_app sb_length = 0x2000
09-15 02:11:14.589   213   213 D QSEECOMAPI: : App is not loaded in QSEE
09-15 02:11:14.606   193   193 D libEGL  : loaded /vendor/lib/egl/libEGL_adreno.so
09-15 02:11:14.617   297   297 W iptables: type=1400 audit(0.0:38): avc: granted { getattr } for path="/vendor" dev="rootfs" ino=4476 scontext=u:r:netd:s0 tcontext=u:object_r:rootfs:s0 tclass=lnk_file
09-15 02:11:14.623   193   193 I vndksupport: sphal namespace is not configured for this process. Loading /vendor/lib/egl/libGLESv1_CM_adreno.so from the current namespace instead.
09-15 02:11:14.635   193   193 D libEGL  : loaded /vendor/lib/egl/libGLESv1_CM_adreno.so
09-15 02:11:14.646   213   213 D QSEECOMAPI: : Loaded image: APP id = 1
09-15 02:11:14.647   213   213 D android.hardware.keymaster@3.0-impl: Wrapping keymaster0 module Keymaster QCOM HAL with SoftKeymasterDevice
09-15 02:11:14.662   193   193 I vndksupport: sphal namespace is not configured for this process. Loading /vendor/lib/egl/libGLESv2_adreno.so from the current namespace instead.
09-15 02:11:14.687   299   299 W ip6tables: type=1400 audit(0.0:39): avc: granted { getattr } for path="/vendor" dev="rootfs" ino=4476 scontext=u:r:netd:s0 tcontext=u:object_r:rootfs:s0 tclass=lnk_file
09-15 02:11:14.727   301   301 W iptables: type=1400 audit(0.0:40): avc: granted { getattr } for path="/vendor" dev="rootfs" ino=4476 scontext=u:r:netd:s0 tcontext=u:object_r:rootfs:s0 tclass=lnk_file
09-15 02:11:14.739   216   216 I mediametrics: ServiceManager: 0xb2f0e520
09-15 02:11:14.739   216   216 D MediaAnalyticsService: MediaAnalyticsService created
09-15 02:11:14.739   216   216 D MediaAnalyticsService: MediaAnalyticsService::newSummarizerSet
09-15 02:11:14.747   205   205 I audioserver: type=1400 audit(0.0:41): avc: denied { read } for name="online" dev="sysfs" ino=34 scontext=u:r:audioserver:s0 tcontext=u:object_r:sysfs:s0 tclass=file permissive=1
09-15 02:11:14.747   205   205 I audioserver: type=1400 audit(0.0:42): avc: denied { open } for name="online" dev="sysfs" ino=34 scontext=u:r:audioserver:s0 tcontext=u:object_r:sysfs:s0 tclass=file permissive=1
09-15 02:11:14.747   205   205 I audioserver: type=1400 audit(0.0:43): avc: denied { getattr } for path="/sys/devices/system/cpu/online" dev="sysfs" ino=34 scontext=u:r:audioserver:s0 tcontext=u:object_r:sysfs:s0 tclass=file permissive=1
09-15 02:11:14.757   303   303 W ip6tables: type=1400 audit(0.0:44): avc: granted { getattr } for path="/vendor" dev="rootfs" ino=4476 scontext=u:r:netd:s0 tcontext=u:object_r:rootfs:s0 tclass=lnk_file
09-15 02:11:14.797   305   305 W iptables: type=1400 audit(0.0:45): avc: granted { getattr } for path="/vendor" dev="rootfs" ino=4476 scontext=u:r:netd:s0 tcontext=u:object_r:rootfs:s0 tclass=lnk_file
09-15 02:11:14.825   218   306 I /system/bin/storaged: storaged: Start
09-15 02:11:14.827   309   309 W ip6tables: type=1400 audit(0.0:46): avc: granted { getattr } for path="/vendor" dev="rootfs" ino=4476 scontext=u:r:netd:s0 tcontext=u:object_r:rootfs:s0 tclass=lnk_file
09-15 02:11:14.834   205   205 I FastMixerState: sMaxFastTracks = 8
09-15 02:11:14.835   205   205 I audioserver: ServiceManager: 0xa688e4a0
09-15 02:11:14.836   205   205 W BatteryNotifier: batterystats service unavailable!
09-15 02:11:14.838   166   166 W /system/bin/hwservicemanager: getTransportFromManifest: Cannot find entry android.hardware.audio@2.0::IDevicesFactory in either framework or device manifest, using default transport.
09-15 02:11:14.847   310   310 W iptables: type=1400 audit(0.0:47): avc: granted { getattr } for path="/vendor" dev="rootfs" ino=4476 scontext=u:r:netd:s0 tcontext=u:object_r:rootfs:s0 tclass=lnk_file
09-15 02:11:14.854   166   166 W /system/bin/hwservicemanager: getTransportFromManifest: Cannot find entry android.hardware.audio.effect@2.0::IEffectsFactory in either framework or device manifest, using default transport.
09-15 02:11:14.860   215   215 V MediaUtils: physMem: 1925017600
09-15 02:11:14.860   215   215 V MediaUtils: requested limit: 385003520
09-15 02:11:14.860   215   215 V MediaUtils: actual limit: 385003520
09-15 02:11:14.860   215   215 V MediaUtils: original limits: 4294967295/4294967295
09-15 02:11:14.860   215   215 V MediaUtils: new limits: 385003520/4294967295
09-15 02:11:14.860   215   215 I vndksupport: sphal namespace is not configured for this process. Loading libutils.so from the current namespace instead.
09-15 02:11:14.867   312   312 W ip6tables: type=1400 audit(0.0:48): avc: granted { getattr } for path="/vendor" dev="rootfs" ino=4476 scontext=u:r:netd:s0 tcontext=u:object_r:rootfs:s0 tclass=lnk_file
09-15 02:11:14.900   185   185 I Netd    : Creating child chains: 5068.0ms
09-15 02:11:14.900   185   185 I Netd    : Setting up OEM hooks: 0.2ms
09-15 02:11:14.902   185   185 W IptablesRestoreController: iptables-restore process 209 terminated status=256
09-15 02:11:14.903   185   185 E IptablesRestoreController: iptables error:
09-15 02:11:14.903   185   185 E IptablesRestoreController: ------- COMMAND -------
09-15 02:11:14.903   185   185 E IptablesRestoreController: *filter
09-15 02:11:14.903   185   185 E IptablesRestoreController: :fw_dozable -
09-15 02:11:14.903   185   185 E IptablesRestoreController: -A fw_dozable -m owner --uid-owner 0-9999 -j RETURN
09-15 02:11:14.903   185   185 E IptablesRestoreController: -A fw_dozable -i lo -j RETURN
09-15 02:11:14.903   185   185 E IptablesRestoreController: -A fw_dozable -o lo -j RETURN
09-15 02:11:14.903   185   185 E IptablesRestoreController: -A fw_dozable -p tcp --tcp-flags RST RST -j RETURN
09-15 02:11:14.903   185   185 E IptablesRestoreController: -A fw_dozable -j DROP
09-15 02:11:14.903   185   185 E IptablesRestoreController: COMMIT
09-15 02:11:14.903   185   185 E IptablesRestoreController: 
09-15 02:11:14.903   185   185 E IptablesRestoreController: -------  ERROR -------
09-15 02:11:14.903   185   185 E IptablesRestoreController: iptables-restore: line 90 failed
09-15 02:11:14.903   185   185 E IptablesRestoreController: ----------------------
09-15 02:11:14.906   185   185 W IptablesRestoreController: iptables-restore process 226 terminated status=256
09-15 02:11:14.907   313   313 W iptables-restor: type=1400 audit(0.0:49): avc: granted { getattr } for path="/vendor" dev="rootfs" ino=4476 scontext=u:r:netd:s0 tcontext=u:object_r:rootfs:s0 tclass=lnk_file
09-15 02:11:14.907   185   185 E IptablesRestoreController: iptables error:
09-15 02:11:14.907   185   185 E IptablesRestoreController: ------- COMMAND -------
09-15 02:11:14.907   185   185 E IptablesRestoreController: *filter
09-15 02:11:14.907   185   185 E IptablesRestoreController: :fw_dozable -
09-15 02:11:14.907   185   185 E IptablesRestoreController: -A fw_dozable -m owner --uid-owner 0-9999 -j RETURN
09-15 02:11:14.907   185   185 E IptablesRestoreController: -A fw_dozable -i lo -j RETURN
09-15 02:11:14.907   185   185 E IptablesRestoreController: -A fw_dozable -o lo -j RETURN
09-15 02:11:14.907   185   185 E IptablesRestoreController: -A fw_dozable -p tcp --tcp-flags RST RST -j RETURN
09-15 02:11:14.907   185   185 E IptablesRestoreController: -A fw_dozable -p icmpv6 --icmpv6-type packet-too-big -j RETURN
09-15 02:11:14.907   185   185 E IptablesRestoreController: -A fw_dozable -p icmpv6 --icmpv6-type router-solicitation -j RETURN
09-15 02:11:14.907   185   185 E IptablesRestoreController: -A fw_dozable -p icmpv6 --icmpv6-type router-advertisement -j RETURN
09-15 02:11:14.907   185   185 E IptablesRestoreController: -A fw_dozable -p icmpv6 --icmpv6-type neighbour-solicitation -j RETURN
09-15 02:11:14.907   185   185 E IptablesRestoreController: -A fw_dozable -p icmpv6 --icmpv6-type neighbour-advertisement -j RETURN
09-15 02:11:14.907   185   185 E IptablesRestoreController: -A fw_dozable -p icmpv6 --icmpv6-type redirect -j RETURN
09-15 02:11:14.907   185   185 E IptablesRestoreController: -A fw_dozable -j DROP
09-15 02:11:14.907   185   185 E IptablesRestoreController: COMMIT
09-15 02:11:14.907   185   185 E IptablesRestoreController: 
09-15 02:11:14.907   185   185 E IptablesRestoreController: -------  ERROR -------
09-15 02:11:14.907   185   185 E IptablesRestoreController: ip6tables-restore: line 80 failed
09-15 02:11:14.907   185   185 E IptablesRestoreController: ----------------------
09-15 02:11:14.907   215   215 W /system/bin/mediaextractor: Could not read additional policy file '/vendor/etc/seccomp_policy/mediaextractor.policy'
09-15 02:11:14.907   215   215 W /system/bin/mediaextractor: libminijail[215]: allowing syscall: clock_gettime
09-15 02:11:14.908   215   215 W /system/bin/mediaextractor: libminijail[215]: allowing syscall: connect
09-15 02:11:14.908   215   215 W /system/bin/mediaextractor: libminijail[215]: allowing syscall: fcntl64
09-15 02:11:14.908   215   215 W /system/bin/mediaextractor: libminijail[215]: allowing syscall: socket
09-15 02:11:14.908   215   215 W /system/bin/mediaextractor: libminijail[215]: allowing syscall: writev
09-15 02:11:14.909   215   215 W /system/bin/mediaextractor: libminijail[215]: logging seccomp filter failures
09-15 02:11:14.937   205   205 I AudioFlinger: Using default 3000 mSec as standby time.
09-15 02:11:14.944   205   205 I APM::ConfigParsingUtils: loadAudioPolicyConfig() loaded /system/etc/audio_policy.conf
09-15 02:11:14.945   205   205 I vndksupport: sphal namespace is not configured for this process. Loading /vendor/lib/hw/audio.primary.msm8960.so from the current namespace instead.
09-15 02:11:14.954   185   185 W IptablesRestoreController: iptables-restore process 313 terminated status=256
09-15 02:11:14.954   185   185 E IptablesRestoreController: iptables error:
09-15 02:11:14.954   185   185 E IptablesRestoreController: ------- COMMAND -------
09-15 02:11:14.954   185   185 E IptablesRestoreController: *filter
09-15 02:11:14.954   185   185 E IptablesRestoreController: :fw_powersave -
09-15 02:11:14.954   185   185 E IptablesRestoreController: -A fw_powersave -m owner --uid-owner 0-9999 -j RETURN
09-15 02:11:14.954   185   185 E IptablesRestoreController: -A fw_powersave -i lo -j RETURN
09-15 02:11:14.954   185   185 E IptablesRestoreController: -A fw_powersave -o lo -j RETURN
09-15 02:11:14.954   185   185 E IptablesRestoreController: -A fw_powersave -p tcp --tcp-flags RST RST -j RETURN
09-15 02:11:14.954   185   185 E IptablesRestoreController: -A fw_powersave -j DROP
09-15 02:11:14.954   185   185 E IptablesRestoreController: COMMIT
09-15 02:11:14.954   185   185 E IptablesRestoreController: 
09-15 02:11:14.954   185   185 E IptablesRestoreController: -------  ERROR -------
09-15 02:11:14.954   185   185 E IptablesRestoreController: iptables-restore: line 15 failed
09-15 02:11:14.954   185   185 E IptablesRestoreController: ----------------------
09-15 02:11:14.958   205   205 D audio_hw_primary: adev_open: enter
09-15 02:11:14.978   185   185 W IptablesRestoreController: iptables-restore process 314 terminated status=256
09-15 02:11:14.978   205   205 I audio_hw_extn: audio_extn_set_snd_card_split: snd_card_name(apq8064-tabla-snd-card) device(apq8064) snd_card(tabla) form_factor(snd)
09-15 02:11:14.978   185   185 E IptablesRestoreController: iptables error:
09-15 02:11:14.978   185   185 E IptablesRestoreController: ------- COMMAND -------
09-15 02:11:14.978   185   185 E IptablesRestoreController: *filter
09-15 02:11:14.978   185   185 E IptablesRestoreController: :fw_powersave -
09-15 02:11:14.978   185   185 E IptablesRestoreController: -A fw_powersave -m owner --uid-owner 0-9999 -j RETURN
09-15 02:11:14.978   185   185 E IptablesRestoreController: -A fw_powersave -i lo -j RETURN
09-15 02:11:14.978   185   185 E IptablesRestoreController: -A fw_powersave -o lo -j RETURN
09-15 02:11:14.978   185   185 E IptablesRestoreController: -A fw_powersave -p tcp --tcp-flags RST RST -j RETURN
09-15 02:11:14.978   185   185 E IptablesRestoreController: -A fw_powersave -p icmpv6 --icmpv6-type packet-too-big -j RETURN
09-15 02:11:14.978   185   185 E IptablesRestoreController: -A fw_powersave -p icmpv6 --icmpv6-type router-solicitation -j RETURN
09-15 02:11:14.978   185   185 E IptablesRestoreController: -A fw_powersave -p icmpv6 --icmpv6-type router-advertisement -j RETURN
09-15 02:11:14.978   185   185 E IptablesRestoreController: -A fw_powersave -p icmpv6 --icmpv6-type neighbour-solicitation -j RETURN
09-15 02:11:14.978   185   185 E IptablesRestoreController: -A fw_powersave -p icmpv6 --icmpv6-type neighbour-advertisement -j RETURN
09-15 02:11:14.978   185   185 E IptablesRestoreController: -A fw_powersave -p icmpv6 --icmpv6-type redirect -j RETURN
09-15 02:11:14.978   185   185 E IptablesRestoreController: -A fw_powersave -j DROP
09-15 02:11:14.978   185   185 E IptablesRestoreController: COMMIT
09-15 02:11:14.978   185   185 E IptablesRestoreController: 
09-15 02:11:14.978   185   185 E IptablesRestoreController: -------  ERROR -------
09-15 02:11:14.978   185   185 E IptablesRestoreController: ip6tables-restore: line 21 failed
09-15 02:11:14.978   185   185 E IptablesRestoreController: ----------------------
09-15 02:11:14.978   185   185 I Netd    : Setting up FirewallController hooks: 78.7ms
09-15 02:11:14.979   205   205 D platform_info: platform_info_init: Failed to open audio_platform_info.xml, using defaults.
09-15 02:11:14.979   205   205 I msm8974_platform: platform_init: found sound card apq8064-tabla-snd-card, primary sound card expeted is (null)
09-15 02:11:14.979   205   205 D msm8974_platform: platform_init: Loading mixer file: /system/etc/mixer_paths.xml
09-15 02:11:14.984   217   217 I mediaserver: ServiceManager: 0xa8a0e540
09-15 02:11:14.985   217   217 W BatteryNotifier: batterystats service unavailable!
09-15 02:11:15.032   185   185 I Netd    : Setting up NatController hooks: 53.4ms
09-15 02:11:15.037   185   185 I Netd    : Setting up BandwidthController hooks: 5.0ms
09-15 02:11:15.037   185   185 I Netd    : Setting up IdletimerController hooks: 0.1ms
09-15 02:11:15.039   205   205 E audio_route: unknown enum value string Off for ctl TTY Mode
09-15 02:11:15.044   185   185 W IptablesRestoreController: iptables-restore process 323 terminated status=256
09-15 02:11:15.045   185   185 E IptablesRestoreController: iptables error:
09-15 02:11:15.045   185   185 E IptablesRestoreController: ------- COMMAND -------
09-15 02:11:15.045   185   185 E IptablesRestoreController: *filter
09-15 02:11:15.045   185   185 E IptablesRestoreController: -A bw_INPUT -m owner --socket-exists
09-15 02:11:15.045   185   185 E IptablesRestoreController: -A bw_OUTPUT -m owner --socket-exists
09-15 02:11:15.045   185   185 E IptablesRestoreController: -A bw_costly_shared --jump bw_penalty_box
09-15 02:11:15.045   185   185 E IptablesRestoreController: -A bw_penalty_box --jump bw_happy_box
09-15 02:11:15.045   185   185 E IptablesRestoreController: -A bw_happy_box --jump bw_data_saver
09-15 02:11:15.045   185   185 E IptablesRestoreController: -A bw_data_saver -j RETURN
09-15 02:11:15.045   185   185 E IptablesRestoreController: -I bw_happy_box -m owner --uid-owner 0-9999 --jump RETURN
09-15 02:11:15.045   185   185 E IptablesRestoreController: COMMIT
09-15 02:11:15.045   185   185 E IptablesRestoreController: *raw
09-15 02:11:15.045   185   185 E IptablesRestoreController: -A bw_raw_PREROUTING -m owner --socket-exists
09-15 02:11:15.045   185   185 E IptablesRestoreController: COMMIT
09-15 02:11:15.045   185   185 E IptablesRestoreController: *mangle
09-15 02:11:15.045   185   185 E IptablesRestoreController: -A bw_mangle_POSTROUTING -m owner --socket-exists
09-15 02:11:15.045   185   185 E IptablesRestoreController: COMMIT
09-15 02:11:15.045   185   185 E IptablesRestoreController: 
09-15 02:11:15.045   185   185 E IptablesRestoreController: -------  ERROR -------
09-15 02:11:15.045   185   185 E IptablesRestoreController: iptables-restore: line 65 failed
09-15 02:11:15.045   185   185 E IptablesRestoreController: ----------------------
09-15 02:11:15.047   205   205 D msm8974_platform: platform_init: Opened sound card:0
09-15 02:11:15.048   185   185 W IptablesRestoreController: iptables-restore process 325 terminated status=256
09-15 02:11:15.048   185   185 E IptablesRestoreController: iptables error:
09-15 02:11:15.048   185   185 E IptablesRestoreController: ------- COMMAND -------
09-15 02:11:15.048   185   185 E IptablesRestoreController: *filter
09-15 02:11:15.048   185   185 E IptablesRestoreController: -A bw_INPUT -m owner --socket-exists
09-15 02:11:15.048   185   185 E IptablesRestoreController: -A bw_OUTPUT -m owner --socket-exists
09-15 02:11:15.048   185   185 E IptablesRestoreController: -A bw_costly_shared --jump bw_penalty_box
09-15 02:11:15.048   185   185 E IptablesRestoreController: -A bw_penalty_box --jump bw_happy_box
09-15 02:11:15.048   185   185 E IptablesRestoreController: -A bw_happy_box --jump bw_data_saver
09-15 02:11:15.048   185   185 E IptablesRestoreController: -A bw_data_saver -j RETURN
09-15 02:11:15.048   185   185 E IptablesRestoreController: -I bw_happy_box -m owner --uid-owner 0-9999 --jump RETURN
09-15 02:11:15.048   185   185 E IptablesRestoreController: COMMIT
09-15 02:11:15.048   185   185 E IptablesRestoreController: *raw
09-15 02:11:15.048   185   185 E IptablesRestoreController: -A bw_raw_PREROUTING -m owner --socket-exists
09-15 02:11:15.048   185   185 E IptablesRestoreController: COMMIT
09-15 02:11:15.048   185   185 E IptablesRestoreController: *mangle
09-15 02:11:15.048   185   185 E IptablesRestoreController: -A bw_mangle_POSTROUTING -m owner --socket-exists
09-15 02:11:15.048   185   185 E IptablesRestoreController: COMMIT
09-15 02:11:15.048   185   185 E IptablesRestoreController: 
09-15 02:11:15.048   185   185 E IptablesRestoreController: -------  ERROR -------
09-15 02:11:15.048   185   185 E IptablesRestoreController: ip6tables-restore: line 52 failed
09-15 02:11:15.048   185   185 E IptablesRestoreController: ----------------------
09-15 02:11:15.048   185   185 I Netd    : Disabling bandwidth control: 11.0ms
09-15 02:11:15.083   205   205 E msm8974_platform: platform_init: Could not find the symbol acdb_get_default_app_type from libacdbloader.so
09-15 02:11:15.083   205   205 D ACDB-LOADER: ACDB -> ACDB_CMD_INITIALIZE
09-15 02:11:15.084   205   205 E         : [ACDB RTC]->rtc init done!->result [0]
09-15 02:11:15.084   205   205 D Diag_Lib: actp_diag_init: call diag init function with A5BA6665
09-15 02:11:15.084   205   205 E Diag_Lib:  Diag_LSM_Init: Failed to open handle to diag driver, error = 2
09-15 02:11:15.084   205   205 E Diag_Lib: actp_diag_init: diag init failed
09-15 02:11:15.084   205   205 E         : [ACDB ACPH]->actp diag init done!
09-15 02:11:15.084   205   205 D ACDB-LOADER: No existing ION info in ACDB driver
09-15 02:11:15.085   205   205 D ACDB-LOADER: ACDB -> ION_IOC_ALLOC
09-15 02:11:15.085   205   205 D ACDB-LOADER: ACDB -> ION_IOC_SHARE
09-15 02:11:15.085   205   205 D ACDB-LOADER: ACDB -> MMAP ADDR
09-15 02:11:15.085   205   205 D ACDB-LOADER: ACDB -> register MEM to ACDB driver: 0xa745f000
09-15 02:11:15.085   205   205 D ACDB-LOADER: ACDB -> send_asm_topology
09-15 02:11:15.085   205   205 D ACDB-LOADER: ACDB -> ACDB_CMD_GET_AUDPROC_STREAM_TOPOLOGY_ID
09-15 02:11:15.085   205   205 D ACDB-LOADER: send mbhc data
09-15 02:11:15.126   193   193 D libEGL  : loaded /vendor/lib/egl/libGLESv2_adreno.so
09-15 02:11:15.205   193   193 I Adreno-EGL: <qeglDrvAPI_eglInitialize:379>: QUALCOMM Build: 09/02/15, 76f806e, Ibddc658e36
09-15 02:11:15.263   193   193 I vndksupport: sphal namespace is not configured for this process. Loading /vendor/lib/hw/gralloc.msm8960.so from the current namespace instead.
09-15 02:11:15.263   222   222 I gatekeeperd: cold boot: clearing state
09-15 02:11:15.265   185   185 I Netd    : Initializing RouteController: 216.8ms
09-15 02:11:15.266   185   185 D MDnsDS  : MDnsSdListener::Hander starting up
09-15 02:11:15.267   185   341 D MDnsDS  : MDnsSdListener starting to monitor
09-15 02:11:15.267   185   341 D MDnsDS  : Going to poll with pollCount 1
09-15 02:11:15.268   185   185 I Netd    : Registering NetdNativeService: 1.4ms
09-15 02:11:15.268   185   185 I Netd    : Starting CommandListener: 0.2ms
09-15 02:11:15.269   185   185 I Netd    : Netd started in 5512ms
09-15 02:11:15.279   308   308 I cameraserver: ServiceManager: 0xabb0e4e0
09-15 02:11:15.279   308   308 I CameraService: CameraService started (pid=308)
09-15 02:11:15.282   308   308 I CameraService: CameraService process starting
09-15 02:11:15.282   308   308 W BatteryNotifier: batterystats service unavailable!
09-15 02:11:15.282   308   308 W BatteryNotifier: batterystats service unavailable!
09-15 02:11:15.286   166   166 W /system/bin/hwservicemanager: getTransportFromManifest: Cannot find entry android.hardware.camera.provider@2.4::ICameraProvider in either framework or device manifest, using default transport.
09-15 02:11:15.298   193   193 I qdgralloc: using (fd=13)
09-15 02:11:15.298   193   193 I qdgralloc: id           = msmfb44_80601
09-15 02:11:15.298   193   193 I qdgralloc: xres         = 768 px
09-15 02:11:15.298   193   193 I qdgralloc: yres         = 1280 px
09-15 02:11:15.298   193   193 I qdgralloc: xres_virtual = 768 px
09-15 02:11:15.298   193   193 I qdgralloc: yres_virtual = 3840 px
09-15 02:11:15.298   193   193 I qdgralloc: bpp          = 32
09-15 02:11:15.298   193   193 I qdgralloc: r            = 24:8
09-15 02:11:15.298   193   193 I qdgralloc: g            = 16:8
09-15 02:11:15.298   193   193 I qdgralloc: b            =  8:8
09-15 02:11:15.298   193   193 I qdgralloc: width        = 61 mm (319.790161 dpi)
09-15 02:11:15.298   193   193 I qdgralloc: height       = 102 mm (318.745087 dpi)
09-15 02:11:15.298   193   193 I qdgralloc: refresh rate = 60.00 Hz
09-15 02:11:15.298   193   193 D qdutils : DEBUG_CALC_FPS: 0
09-15 02:11:15.298   193   193 D qdutils : period: 10
09-15 02:11:15.298   193   193 D qdutils : ignorethresh_us: 500000
09-15 02:11:15.298   193   193 D qdutils : DEBUG_CALC_FPS: 0
09-15 02:11:15.298   193   193 D qdutils : period: 10
09-15 02:11:15.298   193   193 D qdutils : ignorethresh_us: 500000
09-15 02:11:15.309   193   193 I vndksupport: sphal namespace is not configured for this process. Loading /vendor/lib/hw/hwcomposer.msm8960.so from the current namespace instead.
09-15 02:11:15.316   304   304 I WifiUtil: Intf0MacAddress=000AF58989FF
09-15 02:11:15.316   304   304 E WifiUtil: Change Intf0MacAddress=E892A4983175
09-15 02:11:15.379   191   191 I kickstart-qcks: Combining Header1 with RAW EFS1 partition
09-15 02:11:15.379   191   191 I kickstart-qcks: Running cat /firmware/image/efs1.mbn /data/qcks/temp.dump > /data/qcks/efs1.bin
09-15 02:11:15.422   186   186 I zygote  : Pruning dalvik-cache since we are generating an image and will need to recompile
09-15 02:11:15.428   219   287 W Sensors : sns_smr_la.c(467):smr_la: poll return revents: 0x1/ffffffff errno: 0
09-15 02:11:15.429   186   186 I zygote  : Using an offset of 0xff8ca000 from default art base address of 0x70000000
09-15 02:11:15.429   186   186 I zygote  : GenerateImage: /system/bin/dex2oat --image=/data/dalvik-cache/arm/system@framework@boot.art --dex-file=/system/framework/core-oj.jar --dex-file=/system/framework/core-libart.jar --dex-file=/system/framework/conscrypt.jar --dex-file=/system/framework/okhttp.jar --dex-file=/system/framework/legacy-test.jar --dex-file=/system/framework/bouncycastle.jar --dex-file=/system/framework/ext.jar --dex-file=/system/framework/framework.jar --dex-file=/system/framework/telephony-common.jar --dex-file=/system/framework/voip-common.jar --dex-file=/system/framework/ims-common.jar --dex-file=/system/framework/apache-xml.jar --dex-file=/system/framework/org.apache.http.legacy.boot.jar --dex-file=/system/framework/android.hidl.base-V1.0-java.jar --dex-file=/system/framework/android.hidl.manager-V1.0-java.jar --oat-file=/data/dalvik-cache/arm/system@framework@boot.oat --instruction-set=arm --instruction-set-features=div,atomic_ldrd_strd,-armv8a --base=0x6f8ca000 --runtime-arg -Xms64m --runtime-arg -Xmx64m --image-classes=/syste
09-15 02:11:15.432   219   287 W Sensors : sns_main.c(1430):sns_main_exit called
09-15 02:11:15.433   219   287 E Sensors : error connecting error -1 Connection refused
09-15 02:11:15.433   205   205 D ACDB-LOADER: send tabla anc data
09-15 02:11:15.434   205   205 D ACDB-LOADER: ACDB -> ACDB_CMD_GET_ANC_SETTING
09-15 02:11:15.434   205   205 D ACDB-LOADER: done with conversion, anc config size is 148
09-15 02:11:15.434   205   205 D ACDB-LOADER: ACDB -> ACDB_CMD_GET_ANC_SETTING
