09-15 02:14:01.930  1499  1512 E SystemServer: Unable to preload default resources
09-15 02:14:01.930  1499  1512 D SystemServerTimingAsync: SecondaryZygotePreload took to complete: 13ms
09-15 02:14:01.930  1499  1512 D SystemServerInitThreadPool: Finished executing SecondaryZygotePreload
09-15 02:14:01.932  1499  1499 I EntropyMixer: Added HW RNG output to entropy pool
09-15 02:14:01.933  1499  1499 I EntropyMixer: Writing entropy...
09-15 02:14:01.949  1499  1499 D SystemServerTiming: StartEntropyMixer took to complete: 21ms
09-15 02:14:01.949  1499  1499 I SystemServer: Camera Service Proxy
09-15 02:14:01.949  1499  1499 I SystemServer: StartCameraServiceProxy
09-15 02:14:01.950  1499  1499 I SystemServiceManager: Starting com.android.server.camera.CameraServiceProxy
09-15 02:14:01.952  1499  1576 I ServiceThread: Enabled StrictMode logging for CameraService_proxy looper.
09-15 02:14:01.953  1499  1499 D SystemServerTiming: StartCameraServiceProxy took to complete: 4ms
09-15 02:14:01.953  1499  1499 I SystemServer: StartAccountManagerService
09-15 02:14:01.954  1499  1499 I SystemServiceManager: Starting com.android.server.accounts.AccountManagerService$Lifecycle
09-15 02:14:01.964  1499  1499 D SystemServerTiming: StartAccountManagerService took to complete: 10ms
09-15 02:14:01.964  1499  1499 I SystemServer: StartContentService
09-15 02:14:01.964  1499  1499 I SystemServiceManager: Starting com.android.server.content.ContentService$Lifecycle
09-15 02:14:01.968  1499  1499 D SystemServerTiming: StartContentService took to complete: 3ms
09-15 02:14:01.968  1499  1499 I SystemServer: InstallSystemProviders
09-15 02:14:02.054  1499  1499 I SettingsState: No settings state /data/system/users/0/settings_ssaid.xml
09-15 02:14:02.069  1499  1499 D SystemServerTiming: InstallSystemProviders took to complete: 101ms
09-15 02:14:02.069  1499  1499 I SystemServer: StartVibratorService
09-15 02:14:02.071   166   166 W /system/bin/hwservicemanager: getTransportFromManifest: Cannot find entry android.hardware.vibrator@1.0::IVibrator in either framework or device manifest, using default transport.
09-15 02:14:02.078  1499  1499 I vndksupport: sphal namespace is not configured for this process. Loading /vendor/lib/hw/vibrator.default.so from the current namespace instead.
09-15 02:14:02.080  1499  1499 D         : Vibrator using timed_output
09-15 02:14:02.084  1499  1499 D SystemServerTiming: StartVibratorService took to complete: 16ms
09-15 02:14:02.084  1499  1499 I SystemServer: StartConsumerIrService
09-15 02:14:02.086   166   166 W /system/bin/hwservicemanager: getTransportFromManifest: Cannot find entry android.hardware.ir@1.0::IConsumerIr in either framework or device manifest, using default transport.
09-15 02:14:02.087  1499  1499 D SystemServerTiming: StartConsumerIrService took to complete: 3ms
09-15 02:14:02.088  1499  1499 I SystemServer: StartAlarmManagerService
09-15 02:14:02.088  1499  1499 I SystemServiceManager: Starting com.android.server.AlarmManagerService
09-15 02:14:02.091  1499  1499 D AlarmManagerService: Kernel timezone updated to 0 minutes west of GMT
09-15 02:14:02.097  1499  1499 D SystemServerTiming: StartAlarmManagerService took to complete: 10ms
09-15 02:14:02.097  1499  1499 I SystemServer: InitWatchdog
09-15 02:14:02.098  1499  1499 D SystemServerTiming: InitWatchdog took to complete: 1ms
09-15 02:14:02.098  1499  1499 I SystemServer: StartInputManagerService
09-15 02:14:02.099  1499  1499 I InputManager: Initializing input manager, mUseDevInputEventForAudioJack=true
09-15 02:14:02.100  1499  1499 D SystemServerTiming: StartInputManagerService took to complete: 2ms
09-15 02:14:02.100  1499  1499 I SystemServer: StartWindowManagerService
09-15 02:14:02.231  1499  1553 D SystemServerTimingAsync: AppDataPrepare took to complete: 591ms
09-15 02:14:02.231  1499  1553 I PackageManager: Deferred reconcileAppsData finished 62 packages
09-15 02:14:02.231  1499  1553 D SystemServerInitThreadPool: Finished executing prepareAppData
09-15 02:14:02.904  1499  1561 E libsensor1: sensor1_open: Error in connect() errno=2 No such file or directory
09-15 02:14:02.905  1499  1561 E sensor_reg: sensor_reg_sensor1_open: sensor1_open returned 11
09-15 02:14:02.905  1499  1561 E qcom_sensors_hal: hal_init: Error in sensor_reg_open(): -1
09-15 02:14:02.906  1499  1561 F system_server: Sensors.cpp:98] Check failed: getHalDeviceVersion() >= ((((1) & 0xff) << 24) | (((3) & 0xff) << 16) | ((1) & 0xffff)) (getHalDeviceVersion()=16777217, ((((1) & 0xff) << 24) | (((3) & 0xff) << 16) | ((1) & 0xffff))=16973825) 
09-15 02:14:02.908  1499  1561 F libc    : Fatal signal 6 (SIGABRT), code -6 in tid 1561 (system-server-i)
09-15 02:14:02.955  1589  1589 E libc    : failed to raise ambient capability 36: Invalid argument
09-15 02:14:03.068  1590  1590 I crash_dump32: obtaining output fd from tombstoned
09-15 02:14:03.070   223   223 I /system/bin/tombstoned: received crash request for pid 1499
09-15 02:14:03.072  1590  1590 I crash_dump32: performing dump of process 1499 (target tid = 1561)
09-15 02:14:03.072  1590  1590 F DEBUG   : *** *** *** *** *** *** *** *** *** *** *** *** *** *** *** ***
09-15 02:14:03.073  1590  1590 F DEBUG   : Build fingerprint: 'Android/aosp_mako/mako:8.0.0/OPR6.170623.012/102:userdebug/test-keys'
09-15 02:14:03.073  1590  1590 F DEBUG   : Revision: '0'
09-15 02:14:03.073  1590  1590 F DEBUG   : ABI: 'arm'
09-15 02:14:03.073  1590  1590 F DEBUG   : pid: 1499, tid: 1561, name: system-server-i  >>> system_server <<<
09-15 02:14:03.074  1590  1590 F DEBUG   : signal 6 (SIGABRT), code -6 (SI_TKILL), fault addr --------
09-15 02:14:03.090  1590  1590 F DEBUG   : Abort message: 'Sensors.cpp:98] Check failed: getHalDeviceVersion() >= ((((1) & 0xff) << 24) | (((3) & 0xff) << 16) | ((1) & 0xffff)) (getHalDeviceVersion()=16777217, ((((1) & 0xff) << 24) | (((3) & 0xff) << 16) | ((1) & 0xffff))=16973825) '
09-15 02:14:03.090  1590  1590 F DEBUG   :     r0 00000000  r1 00000619  r2 00000006  r3 00000008
09-15 02:14:03.090  1590  1590 F DEBUG   :     r4 000005db  r5 00000619  r6 8b47eee8  r7 0000010c
09-15 02:14:03.090  1590  1590 F DEBUG   :     r8 8b2e5793  r9 8b2e57d2  sl 8b2e57eb  fp 8b2dfc48
09-15 02:14:03.090  1590  1590 F DEBUG   :     ip 00000000  sp 8b47eed8  lr a5de5527  pc a5e15bfc  cpsr 200f0010
09-15 02:14:03.158  1590  1590 F DEBUG   : 
09-15 02:14:03.158  1590  1590 F DEBUG   : backtrace:
09-15 02:14:03.158  1590  1590 F DEBUG   :     #00 pc 0004abfc  /system/lib/libc.so (tgkill+12)
09-15 02:14:03.158  1590  1590 F DEBUG   :     #01 pc 0001a523  /system/lib/libc.so (abort+54)
09-15 02:14:03.158  1590  1590 F DEBUG   :     #02 pc 0000755f  /system/lib/libbase.so (_ZN7android4base14DefaultAborterEPKc+6)
09-15 02:14:03.158  1590  1590 F DEBUG   :     #03 pc 00007e35  /system/lib/libbase.so (_ZN7android4base10LogMessageD2Ev+456)
09-15 02:14:03.158  1590  1590 F DEBUG   :     #04 pc 00006b65  /system/vendor/lib/hw/android.hardware.sensors@1.0-impl.so (_ZN7android8hardware7sensors4V1_014implementation7SensorsC1Ev+564)
09-15 02:14:03.158  1590  1590 F DEBUG   :     #05 pc 000077f9  /system/vendor/lib/hw/android.hardware.sensors@1.0-impl.so (HIDL_FETCH_ISensors+8)
09-15 02:14:03.158  1590  1590 F DEBUG   :     #06 pc 0001d4bd  /system/lib/libhidltransport.so (_ZN7android8hardware25PassthroughServiceManager3getERKNS0_11hidl_stringES4_+1372)
09-15 02:14:03.158  1590  1590 F DEBUG   :     #07 pc 0001b7ab  /system/lib/android.hardware.sensors@1.0.so (_ZN7android8hardware7sensors4V1_08ISensors10getServiceERKNSt3__112basic_stringIcNS4_11char_traitsIcEENS4_9allocatorIcEEEEb+926)
09-15 02:14:03.158  1590  1590 F DEBUG   :     #08 pc 0000bbb3  /system/lib/libsensorservice.so (_ZN7android12SensorDevice18connectHidlServiceEv+130)
09-15 02:14:03.158  1590  1590 F DEBUG   :     #09 pc 0000ba41  /system/lib/libsensorservice.so (_ZN7android12SensorDeviceC1Ev+224)
09-15 02:14:03.159  1590  1590 F DEBUG   :     #10 pc 0000b93b  /system/lib/libsensorservice.so (_ZN7android9SingletonINS_12SensorDeviceEE11getInstanceEv+26)
09-15 02:14:03.159  1590  1590 F DEBUG   :     #11 pc 00012b31  /system/lib/libsensorservice.so (_ZN7android13SensorService10onFirstRefEv+36)
09-15 02:14:03.159  1590  1590 F DEBUG   :     #12 pc 000321a3  /system/lib/libandroid_servers.so (_ZN7android13BinderServiceINS_13SensorServiceEE7publishEb+70)
09-15 02:14:03.159  1590  1590 F DEBUG   :     #13 pc 00031f21  /system/lib/libandroid_servers.so (_ZN7androidL46android_server_SystemServer_startSensorServiceEP7_JNIEnvP8_jobject+40)
09-15 02:14:03.159  1590  1590 F DEBUG   :     #14 pc 005d37e7  /data/dalvik-cache/arm/system@framework@services.jar@classes.dex (offset 0x4dd000)
09-15 02:14:04.164   202   258 D ThermalDaemon: Sensor 'tsens_tz_sensor8' - alarm cleared 1 at 55.0 degC
09-15 02:14:04.165   202   259 D ThermalDaemon: Sensor 'tsens_tz_sensor9' - alarm cleared 1 at 53.0 degC
09-15 02:14:04.165   202   257 D ThermalDaemon: Sensor 'tsens_tz_sensor7' - alarm cleared 1 at 55.0 degC
09-15 02:14:04.166   202   260 D ThermalDaemon: Sensor 'tsens_tz_sensor10' - alarm cleared 1 at 54.0 degC
09-15 02:14:04.455  1590  1590 E crash_dump32: unable to connect to activity manager: No such file or directory
09-15 02:14:04.456   223   223 E /system/bin/tombstoned: Tombstone written to: /data/tombstones//tombstone_04
09-15 02:14:04.493   165   165 I ServiceManager: service 'package' died
09-15 02:14:04.493   165   165 I ServiceManager: service 'otadexopt' died
09-15 02:14:04.493   165   165 I ServiceManager: service 'user' died
09-15 02:14:04.493   165   165 I ServiceManager: service 'activity' died
09-15 02:14:04.493   165   165 I ServiceManager: service 'procstats' died
09-15 02:14:04.493   165   165 I ServiceManager: service 'meminfo' died
09-15 02:14:04.493   165   165 I ServiceManager: service 'gfxinfo' died
09-15 02:14:04.493   165   165 I ServiceManager: service 'dbinfo' died
09-15 02:14:04.493   165   165 I ServiceManager: service 'cpuinfo' died
09-15 02:14:04.493   165   165 I ServiceManager: service 'permission' died
09-15 02:14:04.493   165   165 I ServiceManager: service 'processinfo' died
09-15 02:14:04.493   165   165 I ServiceManager: service 'dropbox' died
09-15 02:14:04.494   165   165 I ServiceManager: service 'battery' died
09-15 02:14:04.494   165   165 I ServiceManager: service 'overlay' died
09-15 02:14:04.494   165   165 I ServiceManager: service 'usagestats' died
09-15 02:14:04.494   165   165 I ServiceManager: service 'webviewupdate' died
09-15 02:14:04.494   165   165 I ServiceManager: service 'sec_key_att_app_id_provider' died
09-15 02:14:04.494   165   165 I ServiceManager: service 'scheduling_policy' died
09-15 02:14:04.494   165   165 I ServiceManager: service 'telephony.registry' died
09-15 02:14:04.494   165   165 I ServiceManager: service 'media.camera.proxy' died
09-15 02:14:04.494   165   165 I ServiceManager: service 'account' died
09-15 02:14:04.494   165   165 I ServiceManager: service 'content' died
09-15 02:14:04.494   165   165 I ServiceManager: service 'settings' died
09-15 02:14:04.494   165   165 I ServiceManager: service 'vibrator' died
09-15 02:14:04.494   165   165 I ServiceManager: service 'consumer_ir' died
09-15 02:14:04.494   165   165 I ServiceManager: service 'alarm' died
09-15 02:14:04.494   165   165 I ServiceManager: service 'display' died
09-15 02:14:04.494   165   165 I ServiceManager: service 'device_identifiers' died
09-15 02:14:04.494   165   165 I ServiceManager: service 'batterystats' died
09-15 02:14:04.494   165   165 I ServiceManager: service 'appops' died
09-15 02:14:04.494   165   165 I ServiceManager: service 'power' died
09-15 02:14:04.494   165   165 I ServiceManager: service 'recovery' died
09-15 02:14:04.742   192   192 I lowmemorykiller: ActivityManager disconnected
09-15 02:14:04.742   192   192 I lowmemorykiller: Closing Activity Manager data connection
09-15 02:14:04.765  1412  1412 I Zygote  : Process 1499 exited due to signal (6)
09-15 02:14:04.766  1412  1412 E Zygote  : Exit zygote because system server (1499) has terminated
09-15 02:14:04.897   165   165 I ServiceManager: service 'media.audio_flinger' died
09-15 02:14:04.897   165   165 I ServiceManager: service 'media.audio_policy' died
09-15 02:14:04.897   165   165 I ServiceManager: service 'media.aaudio' died
09-15 02:14:04.897   165   165 I ServiceManager: service 'media.radio' died
09-15 02:14:04.897   165   165 I ServiceManager: service 'media.sound_trigger_hw' died
09-15 02:14:04.975   165   165 I ServiceManager: service 'media.camera' died
09-15 02:14:05.063   165   165 I ServiceManager: service 'media.player' died
09-15 02:14:05.063   165   165 I ServiceManager: service 'media.resource_manager' died
09-15 02:14:05.120   165   165 I ServiceManager: service 'netd' died
09-15 02:14:05.409  1622  1622 W netd    : type=1400 audit(0.0:219): avc: granted { getattr } for path="/vendor" dev="rootfs" ino=4476 scontext=u:r:netd:s0 tcontext=u:object_r:rootfs:s0 tclass=lnk_file
09-15 02:14:05.535  1622  1622 I Netd    : Netd 1.0 starting
09-15 02:14:05.535  1622  1622 D TetherController: Setting IP forward enable = 0
09-15 02:14:05.589  1624  1624 W iptables-restor: type=1400 audit(0.0:220): avc: granted { getattr } for path="/vendor" dev="rootfs" ino=4476 scontext=u:r:netd:s0 tcontext=u:object_r:rootfs:s0 tclass=lnk_file
09-15 02:14:05.639  1625  1625 W ip6tables-resto: type=1400 audit(0.0:221): avc: granted { getattr } for path="/vendor" dev="rootfs" ino=4476 scontext=u:r:netd:s0 tcontext=u:object_r:rootfs:s0 tclass=lnk_file
09-15 02:14:05.700  1626  1626 W iptables: type=1400 audit(0.0:222): avc: granted { getattr } for path="/vendor" dev="rootfs" ino=4476 scontext=u:r:netd:s0 tcontext=u:object_r:rootfs:s0 tclass=lnk_file
09-15 02:14:05.750  1627  1627 W ip6tables: type=1400 audit(0.0:223): avc: granted { getattr } for path="/vendor" dev="rootfs" ino=4476 scontext=u:r:netd:s0 tcontext=u:object_r:rootfs:s0 tclass=lnk_file
09-15 02:14:05.790  1628  1628 W iptables: type=1400 audit(0.0:224): avc: granted { getattr } for path="/vendor" dev="rootfs" ino=4476 scontext=u:r:netd:s0 tcontext=u:object_r:rootfs:s0 tclass=lnk_file
09-15 02:14:05.813  1606  1606 I mediaserver: ServiceManager: 0xabd0e540
09-15 02:14:05.815  1606  1606 W BatteryNotifier: batterystats service unavailable!
09-15 02:14:05.824  1604  1604 I FastMixerState: sMaxFastTracks = 8
09-15 02:14:05.841  1604  1604 I audioserver: ServiceManager: 0xade8e4a0
09-15 02:14:05.842  1604  1604 W BatteryNotifier: batterystats service unavailable!
09-15 02:14:05.844   166   166 W /system/bin/hwservicemanager: getTransportFromManifest: Cannot find entry android.hardware.audio@2.0::IDevicesFactory in either framework or device manifest, using default transport.
09-15 02:14:05.853   166   166 W /system/bin/hwservicemanager: getTransportFromManifest: Cannot find entry android.hardware.audio.effect@2.0::IEffectsFactory in either framework or device manifest, using default transport.
09-15 02:14:05.870  1633  1633 W ip6tables: type=1400 audit(0.0:230): avc: granted { getattr } for path="/vendor" dev="rootfs" ino=4476 scontext=u:r:netd:s0 tcontext=u:object_r:rootfs:s0 tclass=lnk_file
09-15 02:14:05.877  1604  1604 I AudioFlinger: Using default 3000 mSec as standby time.
09-15 02:14:05.880  1604  1604 I APM::ConfigParsingUtils: loadAudioPolicyConfig() loaded /system/etc/audio_policy.conf
09-15 02:14:05.881  1604  1604 I vndksupport: sphal namespace is not configured for this process. Loading /vendor/lib/hw/audio.primary.msm8960.so from the current namespace instead.
09-15 02:14:05.887  1604  1604 D audio_hw_primary: adev_open: enter
09-15 02:14:05.890  1641  1641 W iptables: type=1400 audit(0.0:231): avc: granted { getattr } for path="/vendor" dev="rootfs" ino=4476 scontext=u:r:netd:s0 tcontext=u:object_r:rootfs:s0 tclass=lnk_file
09-15 02:14:05.920  1642  1642 W ip6tables: type=1400 audit(0.0:232): avc: granted { getattr } for path="/vendor" dev="rootfs" ino=4476 scontext=u:r:netd:s0 tcontext=u:object_r:rootfs:s0 tclass=lnk_file
09-15 02:14:05.926  1604  1604 I audio_hw_extn: audio_extn_set_snd_card_split: snd_card_name(apq8064-tabla-snd-card) device(apq8064) snd_card(tabla) form_factor(snd)
09-15 02:14:05.927  1604  1604 D platform_info: platform_info_init: Failed to open audio_platform_info.xml, using defaults.
09-15 02:14:05.930  1605  1605 I cameraserver: type=1400 audit(0.0:233): avc: denied { getattr } for path="/sys/devices/system/cpu/online" dev="sysfs" ino=34 scontext=u:r:cameraserver:s0 tcontext=u:object_r:sysfs:s0 tclass=file permissive=1
09-15 02:14:05.940  1643  1643 W iptables: type=1400 audit(0.0:234): avc: granted { getattr } for path="/vendor" dev="rootfs" ino=4476 scontext=u:r:netd:s0 tcontext=u:object_r:rootfs:s0 tclass=lnk_file
09-15 02:14:05.953  1605  1605 I cameraserver: ServiceManager: 0xaab8e4e0
09-15 02:14:05.953  1605  1605 I CameraService: CameraService started (pid=1605)
09-15 02:14:05.953  1605  1605 I CameraService: CameraService process starting
09-15 02:14:05.954  1605  1605 W BatteryNotifier: batterystats service unavailable!
09-15 02:14:05.954  1605  1605 W BatteryNotifier: batterystats service unavailable!
09-15 02:14:05.958   166   166 W /system/bin/hwservicemanager: getTransportFromManifest: Cannot find entry android.hardware.camera.provider@2.4::ICameraProvider in either framework or device manifest, using default transport.
09-15 02:14:05.970  1647  1647 W ip6tables: type=1400 audit(0.0:235): avc: granted { getattr } for path="/vendor" dev="rootfs" ino=4476 scontext=u:r:netd:s0 tcontext=u:object_r:rootfs:s0 tclass=lnk_file
09-15 02:14:05.990  1648  1648 W iptables: type=1400 audit(0.0:236): avc: granted { getattr } for path="/vendor" dev="rootfs" ino=4476 scontext=u:r:netd:s0 tcontext=u:object_r:rootfs:s0 tclass=lnk_file
09-15 02:14:06.000  1604  1604 E audio_route: unknown enum value string Off for ctl TTY Mode
09-15 02:14:06.010  1649  1649 W ip6tables: type=1400 audit(0.0:237): avc: granted { getattr } for path="/vendor" dev="rootfs" ino=4476 scontext=u:r:netd:s0 tcontext=u:object_r:rootfs:s0 tclass=lnk_file
09-15 02:14:06.027  1604  1604 E msm8974_platform: platform_init: Could not find the symbol acdb_get_default_app_type from libacdbloader.so
09-15 02:14:06.027  1604  1604 D ACDB-LOADER: ACDB -> ACDB_CMD_INITIALIZE
09-15 02:14:06.028  1604  1604 E         : [ACDB RTC]->rtc init done!->result [0]
09-15 02:14:06.028  1604  1604 D Diag_Lib: actp_diag_init: call diag init function with AD911665
09-15 02:14:06.028  1604  1604 E Diag_Lib:  Diag_LSM_Init: Failed to open handle to diag driver, error = 2
09-15 02:14:06.028  1604  1604 E Diag_Lib: actp_diag_init: diag init failed
09-15 02:14:06.028  1604  1604 E         : [ACDB ACPH]->actp diag init done!
09-15 02:14:06.028  1604  1604 D ACDB-LOADER: No existing ION info in ACDB driver
09-15 02:14:06.028  1604  1604 D ACDB-LOADER: ACDB -> ION_IOC_ALLOC
09-15 02:14:06.028  1604  1604 D ACDB-LOADER: ACDB -> ION_IOC_SHARE
09-15 02:14:06.028  1604  1604 D ACDB-LOADER: ACDB -> MMAP ADDR
09-15 02:14:06.028  1604  1604 D ACDB-LOADER: ACDB -> register MEM to ACDB driver: 0xaf05e000
09-15 02:14:06.028  1604  1604 D ACDB-LOADER: ACDB -> send_asm_topology
09-15 02:14:06.028  1604  1604 D ACDB-LOADER: ACDB -> ACDB_CMD_GET_AUDPROC_STREAM_TOPOLOGY_ID
09-15 02:14:06.028  1604  1604 D ACDB-LOADER: send mbhc data
09-15 02:14:06.040  1650  1650 W iptables: type=1400 audit(0.0:238): avc: granted { getattr } for path="/vendor" dev="rootfs" ino=4476 scontext=u:r:netd:s0 tcontext=u:object_r:rootfs:s0 tclass=lnk_file
09-15 02:14:06.050  1604  1604 D ACDB-LOADER: send tabla anc data
09-15 02:14:06.050  1604  1604 D ACDB-LOADER: ACDB -> ACDB_CMD_GET_ANC_SETTING
09-15 02:14:06.050  1604  1604 D ACDB-LOADER: done with conversion, anc config size is 148
09-15 02:14:06.050  1604  1604 D ACDB-LOADER: ACDB -> ACDB_CMD_GET_ANC_SETTING
09-15 02:14:06.050  1604  1604 D ACDB-LOADER: done with conversion, anc config size is 148
09-15 02:14:06.050  1604  1604 D ACDB-LOADER: ACDB -> ACDB_CMD_GET_ANC_SETTING
09-15 02:14:06.051  1604  1604 D ACDB-LOADER: done with conversion, anc config size is 148
09-15 02:14:06.051  1604  1604 D ACDB-LOADER: ACDB -> ACDB_CMD_GET_ANC_SETTING
09-15 02:14:06.051  1604  1604 D ACDB-LOADER: done with conversion, anc config size is 148
09-15 02:14:06.051  1604  1604 D ACDB-LOADER: ACDB -> ACDB_CMD_GET_ANC_SETTING
09-15 02:14:06.051  1604  1604 D ACDB-LOADER: done with conversion, anc config size is 74
09-15 02:14:06.051  1604  1604 D ACDB-LOADER: ACDB -> ACDB_CMD_GET_ANC_SETTING
09-15 02:14:06.051  1604  1604 D ACDB-LOADER: done with conversion, anc config size is 74
09-15 02:14:06.051  1604  1604 D ACDB-LOADER: ACDB -> init done!
09-15 02:14:06.051  1604  1604 E ext_speaker: open_speaker_bundle: DLOPEN failed for /vendor/lib/soundfx/libspeakerbundle.so
09-15 02:14:06.052  1604  1604 W audio_hw_primary: adev_open: DLOPEN failed for /vendor/lib/soundfx/libqcomvisualizer.so
09-15 02:14:06.052  1604  1604 W audio_hw_primary: adev_open: DLOPEN failed for /vendor/lib/soundfx/libqcompostprocbundle.so
09-15 02:14:06.052  1604  1604 W audio_hw_primary: adev_open: DLOPEN failed for libadm.so
09-15 02:14:06.052  1604  1604 E audio_hw_utils: audio_extn_utils_send_default_app_type_cfg: Could not get ctl for mixer cmd - App Type Config
09-15 02:14:06.052  1604  1604 D audio_hw_primary: adev_open: exit
09-15 02:14:06.053  1604  1604 W DeviceHAL: Device 0xadec1300 get_master_volume: Function not implemented
09-15 02:14:06.053  1604  1604 W DeviceHAL: Device 0xadec1300 get_master_mute: Function not implemented
09-15 02:14:06.053  1604  1604 W DeviceHAL: Device 0xadec1300 set_master_volume: Function not implemented
09-15 02:14:06.053  1604  1604 W DeviceHAL: Device 0xadec1300 set_master_mute: Function not implemented
09-15 02:14:06.053  1604  1604 I AudioFlinger: loadHwModule() Loaded primary audio interface, handle 10
09-15 02:14:06.053  1604  1604 I AudioFlinger: openOutput() this 0xadeb2000, module 10 Device 2, SamplingRate 48000, Format 0x000001, Channels 3, flags 2
09-15 02:14:06.054  1604  1604 I AudioFlinger: HAL output buffer size 240 frames, normal sink buffer size 960 frames
09-15 02:14:06.057   166   166 W /system/bin/hwservicemanager: getTransportFromManifest: Cannot find entry android.hardware.audio.effect@2.0::IEffectsFactory in either framework or device manifest, using default transport.
09-15 02:14:06.061  1604  1604 W EffectsFactory: checkLibraryPath() corrected library path /system/lib/soundfx/libbundlewrapper.so to /vendor/lib/soundfx/libbundlewrapper.so
09-15 02:14:06.062  1604  1604 W EffectsFactory: checkLibraryPath() corrected library path /system/lib/soundfx/libreverbwrapper.so to /vendor/lib/soundfx/libreverbwrapper.so
09-15 02:14:06.063  1604  1604 W EffectsFactory: checkLibraryPath() corrected library path /system/lib/soundfx/libvisualizer.so to /vendor/lib/soundfx/libvisualizer.so
09-15 02:14:06.064  1604  1604 W EffectsFactory: checkLibraryPath() corrected library path /system/lib/soundfx/libqcomvoiceprocessing.so to /vendor/lib/soundfx/libqcomvoiceprocessing.so
09-15 02:14:06.065  1604  1604 W EffectsFactory: checkLibraryPath() corrected library path /system/lib/soundfx/libdownmix.so to /vendor/lib/soundfx/libdownmix.so
09-15 02:14:06.066  1604  1604 W EffectsFactory: checkLibraryPath() corrected library path /system/lib/soundfx/libldnhncr.so to /vendor/lib/soundfx/libldnhncr.so
09-15 02:14:06.068  1604  1604 E voice_processing: init: can't find /system/lib/soundfx/libqcomvoiceprocessingdescriptors.so
09-15 02:14:06.068  1604  1604 I BufferProvider: found effect "Multichannel Downmix To Stereo" from The Android Open Source Project
09-15 02:14:06.073  1604  1604 I AudioFlinger: Using module 10 as the primary audio interface
09-15 02:14:06.074  1604  1604 W AudioFlinger: moveEffects() bad srcOutput 0
09-15 02:14:06.076  1604  1655 I AudioFlinger: AudioFlinger's thread 0xad1acd40 tid=1655 ready to run
09-15 02:14:06.076  1604  1655 W AudioFlinger: no wake lock to update, system not ready yet
09-15 02:14:06.076  1604  1655 D audio_hw_primary: out_set_parameters: enter: usecase(1: low-latency-playback) kvpairs: routing=2
09-15 02:14:06.078  1604  1655 W AudioFlinger: no wake lock to update, system not ready yet
09-15 02:14:06.079  1604  1604 I AudioFlinger: openOutput() this 0xadeb2000, module 10 Device 2, SamplingRate 48000, Format 0x000001, Channels 3, flags 8
09-15 02:14:06.080  1604  1604 I AudioFlinger: HAL output buffer size 1920 frames, normal sink buffer size 1920 frames
09-15 02:14:06.097  1604  1658 I AudioFlinger: AudioFlinger's thread 0xac803f40 tid=1658 ready to run
09-15 02:14:06.097  1604  1658 W AudioFlinger: no wake lock to update, system not ready yet
09-15 02:14:06.097  1604  1658 D audio_hw_primary: out_set_parameters: enter: usecase(0: deep-buffer-playback) kvpairs: routing=2
09-15 02:14:06.098  1604  1658 W AudioFlinger: no wake lock to update, system not ready yet
09-15 02:14:06.100  1604  1660 I AudioFlinger: AudioFlinger's thread 0xac583ec0 tid=1660 ready to run
09-15 02:14:06.102  1622  1622 I Netd    : Creating child chains: 541.5ms
09-15 02:14:06.103  1622  1622 I Netd    : Setting up OEM hooks: 0.1ms
09-15 02:14:06.106  1622  1622 W IptablesRestoreController: iptables-restore process 1624 terminated status=256
09-15 02:14:06.106  1622  1622 E IptablesRestoreController: iptables error:
09-15 02:14:06.106  1622  1622 E IptablesRestoreController: ------- COMMAND -------
09-15 02:14:06.106  1622  1622 E IptablesRestoreController: *filter
09-15 02:14:06.106  1622  1622 E IptablesRestoreController: :fw_dozable -
09-15 02:14:06.106  1622  1622 E IptablesRestoreController: -A fw_dozable -m owner --uid-owner 0-9999 -j RETURN
09-15 02:14:06.106  1622  1622 E IptablesRestoreController: -A fw_dozable -i lo -j RETURN
09-15 02:14:06.106  1622  1622 E IptablesRestoreController: -A fw_dozable -o lo -j RETURN
09-15 02:14:06.106  1622  1622 E IptablesRestoreController: -A fw_dozable -p tcp --tcp-flags RST RST -j RETURN
09-15 02:14:06.106  1622  1622 E IptablesRestoreController: -A fw_dozable -j DROP
09-15 02:14:06.106  1622  1622 E IptablesRestoreController: COMMIT
09-15 02:14:06.106  1622  1622 E IptablesRestoreController: 
09-15 02:14:06.106  1622  1622 E IptablesRestoreController: -------  ERROR -------
09-15 02:14:06.106  1622  1622 E IptablesRestoreController: iptables-restore: line 90 failed
09-15 02:14:06.106  1622  1622 E IptablesRestoreController: ----------------------
09-15 02:14:06.109  1622  1622 W IptablesRestoreController: iptables-restore process 1625 terminated status=256
09-15 02:14:06.113  1604  1604 I bt_a2dp_hw: adev_open:  adev_open in A2dp_hw module
09-15 02:14:06.113  1604  1604 I AudioFlinger: loadHwModule() Loaded a2dp audio interface, handle 18
09-15 02:14:06.114  1604  1604 I vndksupport: sphal namespace is not configured for this process. Loading /vendor/lib/hw/audio.usb.default.so from the current namespace instead.
09-15 02:14:06.120  1604  1604 I AudioFlinger: loadHwModule() Loaded usb audio interface, handle 26
09-15 02:14:06.120  1604  1604 I vndksupport: sphal namespace is not configured for this process. Loading /vendor/lib/hw/audio.r_submix.default.so from the current namespace instead.
09-15 02:14:06.122  1604  1604 I r_submix: adev_open(name=audio_hw_if)
09-15 02:14:06.122  1604  1604 I r_submix: adev_init_check()
09-15 02:14:06.122  1604  1604 W DeviceHAL: Device 0xac8591c0 set_master_mute: Function not implemented
09-15 02:14:06.122  1604  1604 I AudioFlinger: loadHwModule() Loaded r_submix audio interface, handle 34
09-15 02:14:06.123  1604  1604 D r_submix: adev_open_input_stream(addr=0)
09-15 02:14:06.123  1604  1604 D r_submix: submix_audio_device_create_pipe_l(addr=0, idx=9)
09-15 02:14:06.123  1604  1604 D r_submix:   now using address 0 for route 9
09-15 02:14:06.124  1604  1665 I AudioFlinger: AudioFlinger's thread 0xac583f00 tid=1665 ready to run
09-15 02:14:06.125  1604  1665 D r_submix: adev_close_input_stream()
09-15 02:14:06.125  1604  1665 D r_submix: submix_audio_device_release_pipe_l(idx=9) addr=0
09-15 02:14:06.125  1604  1665 D r_submix: submix_audio_device_destroy_pipe_l(): pipe destroyed
09-15 02:14:06.125  1604  1604 I RadioService: RadioService
09-15 02:14:06.125  1604  1604 I RadioService: onFirstRef
09-15 02:14:06.127   166   166 W /system/bin/hwservicemanager: getTransportFromManifest: Cannot find entry android.hardware.broadcastradio@1.0::IBroadcastRadioFactory in either framework or device manifest, using default transport.
09-15 02:14:06.128  1604  1604 E RadioService: could not read implementation properties
09-15 02:14:06.131   166   166 W /system/bin/hwservicemanager: getTransportFromManifest: Cannot find entry android.hardware.soundtrigger@2.0::ISoundTriggerHw in either framework or device manifest, using default transport.
09-15 02:14:06.132  1604  1604 E SoundTriggerHwService: could not read implementation properties
09-15 02:14:06.158  1666  1666 E Diag_Lib:  Diag_LSM_Init: Failed to open handle to diag driver, error = 2
09-15 02:14:06.158  1622  1622 W IptablesRestoreController: iptables-restore process 1661 terminated status=256
09-15 02:14:06.158  1666  1666 E Sensors : sns_fsa_la.c(386):fsa: fflush failed, 9
09-15 02:14:06.158  1622  1622 E IptablesRestoreController: iptables error:
09-15 02:14:06.158  1622  1622 E IptablesRestoreController: ------- COMMAND -------
09-15 02:14:06.158  1622  1622 E IptablesRestoreController: *filter
09-15 02:14:06.158  1622  1622 E IptablesRestoreController: :fw_powersave -
09-15 02:14:06.158  1622  1622 E IptablesRestoreController: -A fw_powersave -m owner --uid-owner 0-9999 -j RETURN
09-15 02:14:06.158  1622  1622 E IptablesRestoreController: -A fw_powersave -i lo -j RETURN
09-15 02:14:06.158  1622  1622 E IptablesRestoreController: -A fw_powersave -o lo -j RETURN
09-15 02:14:06.158  1622  1622 E IptablesRestoreController: -A fw_powersave -p tcp --tcp-flags RST RST -j RETURN
09-15 02:14:06.158  1622  1622 E IptablesRestoreController: -A fw_powersave -j DROP
09-15 02:14:06.158  1622  1622 E IptablesRestoreController: COMMIT
09-15 02:14:06.158  1622  1622 E IptablesRestoreController: 
09-15 02:14:06.158  1622  1622 E IptablesRestoreController: -------  ERROR -------
09-15 02:14:06.158  1622  1622 E IptablesRestoreController: iptables-restore: line 15 failed
09-15 02:14:06.158  1622  1622 E IptablesRestoreController: ----------------------
09-15 02:14:06.159  1666  1666 E Sensors : sns_fsa_la.c(386):fsa: fflush failed, 9
09-15 02:14:06.162  1622  1622 W IptablesRestoreController: iptables-restore process 1668 terminated status=256
09-15 02:14:06.162  1622  1622 E IptablesRestoreController: iptables error:
09-15 02:14:06.162  1622  1622 E IptablesRestoreController: ------- COMMAND -------
09-15 02:14:06.162  1622  1622 E IptablesRestoreController: *filter
09-15 02:14:06.162  1622  1622 E IptablesRestoreController: :fw_powersave -
09-15 02:14:06.162  1622  1622 E IptablesRestoreController: -A fw_powersave -m owner --uid-owner 0-9999 -j RETURN
09-15 02:14:06.162  1622  1622 E IptablesRestoreController: -A fw_powersave -i lo -j RETURN
09-15 02:14:06.162  1622  1622 E IptablesRestoreController: -A fw_powersave -o lo -j RETURN
09-15 02:14:06.162  1622  1622 E IptablesRestoreController: -A fw_powersave -p tcp --tcp-flags RST RST -j RETURN
09-15 02:14:06.162  1622  1622 E IptablesRestoreController: -A fw_powersave -p icmpv6 --icmpv6-type packet-too-big -j RETURN
09-15 02:14:06.162  1622  1622 E IptablesRestoreController: -A fw_powersave -p icmpv6 --icmpv6-type router-solicitation -j RETURN
09-15 02:14:06.162  1622  1622 E IptablesRestoreController: -A fw_powersave -p icmpv6 --icmpv6-type router-advertisement -j RETURN
09-15 02:14:06.162  1622  1622 E IptablesRestoreController: -A fw_powersave -p icmpv6 --icmpv6-type neighbour-solicitation -j RETURN
09-15 02:14:06.162  1622  1622 E IptablesRestoreController: -A fw_powersave -p icmpv6 --icmpv6-type neighbour-advertisement -j RETURN
09-15 02:14:06.162  1622  1622 E IptablesRestoreController: -A fw_powersave -p icmpv6 --icmpv6-type redirect -j RETURN
09-15 02:14:06.162  1622  1622 E IptablesRestoreController: -A fw_powersave -j DROP
09-15 02:14:06.162  1622  1622 E IptablesRestoreController: COMMIT
09-15 02:14:06.162  1622  1622 E IptablesRestoreController: 
09-15 02:14:06.162  1622  1622 E IptablesRestoreController: -------  ERROR -------
09-15 02:14:06.162  1622  1622 E IptablesRestoreController: ip6tables-restore: line 21 failed
09-15 02:14:06.162  1622  1622 E IptablesRestoreController: ----------------------
09-15 02:14:06.162  1622  1622 I Netd    : Setting up FirewallController hooks: 59.5ms
09-15 02:14:06.183  1666  1671 W Sensors : sns_smr_la.c(446):smr_la: smr_apps_la_thread_main is starting, fd=10, sns_smr.en_rx_msg_ptr=ac91f9d4
09-15 02:14:06.206  1666  1671 W Sensors : sns_smr_la.c(467):smr_la: poll return revents: 0x1/ffffffff errno: 0
09-15 02:14:06.206  1666  1671 W Sensors : sns_main.c(1430):sns_main_exit called
09-15 02:14:06.206  1666  1671 E Sensors : error connecting error -1 Connection refused
09-15 02:14:06.208  1622  1622 I Netd    : Setting up NatController hooks: 46.1ms
09-15 02:14:06.213  1622  1622 I Netd    : Setting up BandwidthController hooks: 5.0ms
09-15 02:14:06.213  1622  1622 I Netd    : Setting up IdletimerController hooks: 0.1ms
09-15 02:14:06.221  1622  1622 W IptablesRestoreController: iptables-restore process 1669 terminated status=256
09-15 02:14:06.221  1622  1622 E IptablesRestoreController: iptables error:
09-15 02:14:06.221  1622  1622 E IptablesRestoreController: ------- COMMAND -------
09-15 02:14:06.221  1622  1622 E IptablesRestoreController: *filter
09-15 02:14:06.221  1622  1622 E IptablesRestoreController: -A bw_INPUT -m owner --socket-exists
09-15 02:14:06.221  1622  1622 E IptablesRestoreController: -A bw_OUTPUT -m owner --socket-exists
09-15 02:14:06.221  1622  1622 E IptablesRestoreController: -A bw_costly_shared --jump bw_penalty_box
09-15 02:14:06.221  1622  1622 E IptablesRestoreController: -A bw_penalty_box --jump bw_happy_box
09-15 02:14:06.221  1622  1622 E IptablesRestoreController: -A bw_happy_box --jump bw_data_saver
09-15 02:14:06.221  1622  1622 E IptablesRestoreController: -A bw_data_saver -j RETURN
09-15 02:14:06.221  1622  1622 E IptablesRestoreController: -I bw_happy_box -m owner --uid-owner 0-9999 --jump RETURN
09-15 02:14:06.221  1622  1622 E IptablesRestoreController: COMMIT
09-15 02:14:06.221  1622  1622 E IptablesRestoreController: *raw
09-15 02:14:06.221  1622  1622 E IptablesRestoreController: -A bw_raw_PREROUTING -m owner --socket-exists
09-15 02:14:06.221  1622  1622 E IptablesRestoreController: COMMIT
09-15 02:14:06.221  1622  1622 E IptablesRestoreController: *mangle
09-15 02:14:06.221  1622  1622 E IptablesRestoreController: -A bw_mangle_POSTROUTING -m owner --socket-exists
09-15 02:14:06.221  1622  1622 E IptablesRestoreController: COMMIT
09-15 02:14:06.221  1622  1622 E IptablesRestoreController: 
09-15 02:14:06.221  1622  1622 E IptablesRestoreController: -------  ERROR -------
09-15 02:14:06.221  1622  1622 E IptablesRestoreController: iptables-restore: line 65 failed
09-15 02:14:06.221  1622  1622 E IptablesRestoreController: ----------------------
09-15 02:14:06.224  1622  1622 W IptablesRestoreController: iptables-restore process 1673 terminated status=256
09-15 02:14:06.225  1622  1622 E IptablesRestoreController: iptables error:
09-15 02:14:06.225  1622  1622 E IptablesRestoreController: ------- COMMAND -------
09-15 02:14:06.225  1622  1622 E IptablesRestoreController: *filter
09-15 02:14:06.225  1622  1622 E IptablesRestoreController: -A bw_INPUT -m owner --socket-exists
09-15 02:14:06.225  1622  1622 E IptablesRestoreController: -A bw_OUTPUT -m owner --socket-exists
09-15 02:14:06.225  1622  1622 E IptablesRestoreController: -A bw_costly_shared --jump bw_penalty_box
09-15 02:14:06.225  1622  1622 E IptablesRestoreController: -A bw_penalty_box --jump bw_happy_box
09-15 02:14:06.225  1622  1622 E IptablesRestoreController: -A bw_happy_box --jump bw_data_saver
09-15 02:14:06.225  1622  1622 E IptablesRestoreController: -A bw_data_saver -j RETURN
09-15 02:14:06.225  1622  1622 E IptablesRestoreController: -I bw_happy_box -m owner --uid-owner 0-9999 --jump RETURN
09-15 02:14:06.225  1622  1622 E IptablesRestoreController: COMMIT
09-15 02:14:06.225  1622  1622 E IptablesRestoreController: *raw
09-15 02:14:06.225  1622  1622 E IptablesRestoreController: -A bw_raw_PREROUTING -m owner --socket-exists
09-15 02:14:06.225  1622  1622 E IptablesRestoreController: COMMIT
09-15 02:14:06.225  1622  1622 E IptablesRestoreController: *mangle
09-15 02:14:06.225  1622  1622 E IptablesRestoreController: -A bw_mangle_POSTROUTING -m owner --socket-exists
09-15 02:14:06.225  1622  1622 E IptablesRestoreController: COMMIT
09-15 02:14:06.225  1622  1622 E IptablesRestoreController: 
09-15 02:14:06.225  1622  1622 E IptablesRestoreController: -------  ERROR -------
09-15 02:14:06.225  1622  1622 E IptablesRestoreController: ip6tables-restore: line 52 failed
09-15 02:14:06.225  1622  1622 E IptablesRestoreController: ----------------------
09-15 02:14:06.225  1622  1622 I Netd    : Disabling bandwidth control: 11.4ms
09-15 02:14:06.228  1622  1622 E Netd    : Error adding route 0.0.0.0/0 -> (null) dummy0 to table 1002: File exists
09-15 02:14:06.228  1622  1622 I Netd    : Initializing RouteController: 3.4ms
09-15 02:14:06.230  1622  1622 D MDnsDS  : MDnsSdListener::Hander starting up
09-15 02:14:06.230  1622  1680 D MDnsDS  : MDnsSdListener starting to monitor
09-15 02:14:06.230  1622  1680 D MDnsDS  : Going to poll with pollCount 1
09-15 02:14:06.231  1622  1622 I Netd    : Registering NetdNativeService: 1.5ms
09-15 02:14:06.232  1622  1622 I Netd    : Starting CommandListener: 0.2ms
09-15 02:14:06.232  1622  1622 I Netd    : Netd started in 697ms
09-15 02:14:06.541  1603  1603 D AndroidRuntime: >>>>>> START com.android.internal.os.ZygoteInit uid 0 <<<<<<
09-15 02:14:06.553  1603  1603 I zygote  : option[0]=-Xzygote
09-15 02:14:06.553  1603  1603 I zygote  : option[1]=-Xstacktracefile:/data/anr/traces.txt
09-15 02:14:06.553  1603  1603 I zygote  : option[2]=exit
09-15 02:14:06.553  1603  1603 I zygote  : option[3]=vfprintf
09-15 02:14:06.553  1603  1603 I zygote  : option[4]=sensitiveThread
09-15 02:14:06.553  1603  1603 I zygote  : option[5]=-verbose:gc
09-15 02:14:06.553  1603  1603 I zygote  : option[6]=-Xms8m
09-15 02:14:06.553  1603  1603 I zygote  : option[7]=-Xmx512m
09-15 02:14:06.553  1603  1603 I zygote  : option[8]=-XX:HeapGrowthLimit=192m
09-15 02:14:06.553  1603  1603 I zygote  : option[9]=-XX:HeapMinFree=512k
09-15 02:14:06.553  1603  1603 I zygote  : option[10]=-XX:HeapMaxFree=8m
09-15 02:14:06.553  1603  1603 I zygote  : option[11]=-XX:HeapTargetUtilization=0.75
09-15 02:14:06.553  1603  1603 I zygote  : option[12]=-Xusejit:true
09-15 02:14:06.553  1603  1603 I zygote  : option[13]=-Xjitsaveprofilinginfo
09-15 02:14:06.553  1603  1603 I zygote  : option[14]=-agentlib:jdwp=transport=dt_android_adb,suspend=n,server=y
09-15 02:14:06.553  1603  1603 I zygote  : option[15]=-Xlockprofthreshold:500
09-15 02:14:06.554  1603  1603 I zygote  : option[16]=-Ximage-compiler-option
09-15 02:14:06.554  1603  1603 I zygote  : option[17]=--runtime-arg
09-15 02:14:06.554  1603  1603 I zygote  : option[18]=-Ximage-compiler-option
09-15 02:14:06.554  1603  1603 I zygote  : option[19]=-Xms64m
09-15 02:14:06.554  1603  1603 I zygote  : option[20]=-Ximage-compiler-option
09-15 02:14:06.554  1603  1603 I zygote  : option[21]=--runtime-arg
09-15 02:14:06.554  1603  1603 I zygote  : option[22]=-Ximage-compiler-option
09-15 02:14:06.554  1603  1603 I zygote  : option[23]=-Xmx64m
09-15 02:14:06.554  1603  1603 I zygote  : option[24]=-Ximage-compiler-option
09-15 02:14:06.554  1603  1603 I zygote  : option[25]=--image-classes=/system/etc/preloaded-classes
09-15 02:14:06.554  1603  1603 I zygote  : option[26]=-Ximage-compiler-option
09-15 02:14:06.554  1603  1603 I zygote  : option[27]=--compiled-classes=/system/etc/compiled-classes
09-15 02:14:06.554  1603  1603 I zygote  : option[28]=-Xcompiler-option
09-15 02:14:06.554  1603  1603 I zygote  : option[29]=--runtime-arg
09-15 02:14:06.554  1603  1603 I zygote  : option[30]=-Xcompiler-option
09-15 02:14:06.554  1603  1603 I zygote  : option[31]=-Xms64m
09-15 02:14:06.554  1603  1603 I zygote  : option[32]=-Xcompiler-option
09-15 02:14:06.554  1603  1603 I zygote  : option[33]=--runtime-arg
09-15 02:14:06.554  1603  1603 I zygote  : option[34]=-Xcompiler-option
09-15 02:14:06.554  1603  1603 I zygote  : option[35]=-Xmx512m
09-15 02:14:06.554  1603  1603 I zygote  : option[36]=-Ximage-compiler-option
09-15 02:14:06.555  1603  1603 I zygote  : option[37]=--instruction-set-variant=krait
09-15 02:14:06.555  1603  1603 I zygote  : option[38]=-Xcompiler-option
09-15 02:14:06.555  1603  1603 I zygote  : option[39]=--instruction-set-variant=krait
09-15 02:14:06.555  1603  1603 I zygote  : option[40]=-Ximage-compiler-option
09-15 02:14:06.555  1603  1603 I zygote  : option[41]=--instruction-set-features=default
09-15 02:14:06.555  1603  1603 I zygote  : option[42]=-Xcompiler-option
09-15 02:14:06.555  1603  1603 I zygote  : option[43]=--instruction-set-features=default
09-15 02:14:06.555  1603  1603 I zygote  : option[44]=-Duser.locale=en-US
09-15 02:14:06.555  1603  1603 I zygote  : option[45]=--cpu-abilist=armeabi-v7a,armeabi
09-15 02:14:06.555  1603  1603 I zygote  : option[46]=-Xfingerprint:Android/aosp_mako/mako:8.0.0/OPR6.170623.012/102:userdebug/test-keys
09-15 02:14:06.817  1603  1603 I SamplingProfilerIntegration: Profiling disabled.
09-15 02:14:06.818  1603  1603 D Zygote  : begin preload
09-15 02:14:06.818  1603  1603 I Zygote  : Installing ICU cache reference pinning...
09-15 02:14:06.818  1603  1603 I Zygote  : Preloading ICU data...
09-15 02:14:06.837  1603  1603 D Zygote32Timing: BeginIcuCachePinning took to complete: 20ms
09-15 02:14:06.837  1603  1603 I Zygote  : Preloading classes...
09-15 02:14:07.217  1603  1603 E ActivityRecognitionHardware: activity_recognition HAL is deprecated. class_init is effectively a no-op
09-15 02:14:07.247  1603  1603 I zygote  : Thread[1,tid=1603,Native,Thread*=0xa8cbc000,peer=0x12c01c70,"main"] recursive attempt to load library "/system/lib/libmedia_jni.so"
09-15 02:14:07.247  1603  1603 D MtpDeviceJNI: register_android_mtp_MtpDevice
09-15 02:14:07.248  1603  1603 I zygote  : Thread[1,tid=1603,Native,Thread*=0xa8cbc000,peer=0x12c01c70,"main"] recursive attempt to load library "/system/lib/libmedia_jni.so"
09-15 02:14:07.248  1603  1603 I zygote  : Thread[1,tid=1603,Native,Thread*=0xa8cbc000,peer=0x12c01c70,"main"] recursive attempt to load library "/system/lib/libmedia_jni.so"
09-15 02:14:07.381  1603  1603 W main    : type=1400 audit(0.0:247): avc: granted { read } for name="cpu" dev="sysfs" ino=32 scontext=u:r:zygote:s0 tcontext=u:object_r:sysfs:s0 tclass=dir
09-15 02:14:07.529  1603  1603 I System  : Loaded time zone names for "" in 111ms (110ms in ICU)
09-15 02:14:07.586  1603  1603 I System  : Loaded time zone names for "en_US" in 57ms (56ms in ICU)
09-15 02:14:07.607  1603  1603 I Zygote  : ...preloaded 4570 classes in 770ms.
09-15 02:14:07.607  1603  1603 I zygote  : VMRuntime.preloadDexCaches starting
09-15 02:14:07.789  1603  1603 I zygote  : VMRuntime.preloadDexCaches strings total=306914 before=2849 after=2849
09-15 02:14:07.789  1603  1603 I zygote  : VMRuntime.preloadDexCaches types total=26189 before=2675 after=3315
09-15 02:14:07.789  1603  1603 I zygote  : VMRuntime.preloadDexCaches fields total=124019 before=2152 after=1211
09-15 02:14:07.789  1603  1603 I zygote  : VMRuntime.preloadDexCaches methods total=219998 before=87638 after=87736
09-15 02:14:07.789  1603  1603 I zygote  : VMRuntime.preloadDexCaches finished
09-15 02:14:07.789  1603  1603 D Zygote32Timing: PreloadClasses took to complete: 952ms
09-15 02:14:07.840  1603  1603 I Zygote  : Preloading resources...
09-15 02:14:07.876  1603  1603 W Resources: Preloaded drawable resource #0x1080264 (android:drawable/dialog_background_material) that varies with configuration!!
09-15 02:14:07.884  1603  1603 W Resources: Preloaded color resource #0x10600de (android:color/material_grey_800) that varies with configuration!!
09-15 02:14:07.884  1603  1603 W Resources: Preloaded drawable resource #0x10802d1 (android:drawable/floating_popup_background_dark) that varies with configuration!!
09-15 02:14:08.025  1603  1603 I Zygote  : ...preloaded 114 resources in 185ms.
09-15 02:14:08.037  1603  1603 W Resources: Preloaded color resource #0x1060036 (android:color/background_cache_hint_selector_material_dark) that varies with configuration!!
09-15 02:14:08.038  1603  1603 W Resources: Preloaded color resource #0x1060053 (android:color/btn_default_material_dark) that varies with configuration!!
09-15 02:14:08.041  1603  1603 I Zygote  : ...preloaded 41 resources in 15ms.
09-15 02:14:08.041  1603  1603 D Zygote32Timing: PreloadResources took to complete: 252ms
09-15 02:14:08.042  1603  1603 I vndksupport: sphal namespace is not configured for this process. Loading /vendor/lib/egl/libEGL_adreno.so from the current namespace instead.
09-15 02:14:08.047  1603  1603 D libEGL  : loaded /vendor/lib/egl/libEGL_adreno.so
09-15 02:14:08.048  1603  1603 I vndksupport: sphal namespace is not configured for this process. Loading /vendor/lib/egl/libGLESv1_CM_adreno.so from the current namespace instead.
09-15 02:14:08.050  1603  1603 D libEGL  : loaded /vendor/lib/egl/libGLESv1_CM_adreno.so
09-15 02:14:08.079  1603  1603 I vndksupport: sphal namespace is not configured for this process. Loading /vendor/lib/egl/libGLESv2_adreno.so from the current namespace instead.
09-15 02:14:08.093  1603  1603 D libEGL  : loaded /vendor/lib/egl/libGLESv2_adreno.so
09-15 02:14:08.127  1603  1603 I Zygote  : Preloading shared libraries...
09-15 02:14:08.153  1603  1603 I Zygote  : Uninstalled ICU cache reference pinning...
09-15 02:14:08.156  1603  1603 I Zygote  : Installed AndroidKeyStoreProvider in 3ms.
09-15 02:14:08.174  1603  1603 I Zygote  : Warmed up JCA providers in 18ms.
09-15 02:14:08.174  1603  1603 D Zygote  : end preload
09-15 02:14:08.174  1603  1603 D Zygote32Timing: ZygotePreload took to complete: 1357ms
09-15 02:14:08.221  1603  1603 I zygote  : Explicit concurrent copying GC freed 32084(1719KB) AllocSpace objects, 4(104KB) LOS objects, 59% free, 1058KB/2MB, paused 701us total 46.543ms
09-15 02:14:08.263  1603  1603 I zygote  : Explicit concurrent copying GC freed 6053(221KB) AllocSpace objects, 0(0B) LOS objects, 63% free, 869KB/2MB, paused 183us total 30.795ms
09-15 02:14:08.263  1603  1603 D Zygote32Timing: PostZygoteInitGC took to complete: 89ms
09-15 02:14:08.263  1603  1603 D Zygote32Timing: ZygoteInit took to complete: 1446ms
09-15 02:14:08.264  1603  1603 I         : seccomp disabled by setenforce 0
09-15 02:14:08.357  1603  1603 I Zygote  : System server process 1695 has been created
09-15 02:14:08.360  1603  1603 I Zygote  : Accepting command socket connections
09-15 02:14:08.372  1695  1695 W system_server: type=1400 audit(0.0:249): avc: granted { execute } for path="/data/dalvik-cache/arm/system@framework@services.jar@classes.dex" dev="mmcblk0p23" ino=561942 scontext=u:r:system_server:s0 tcontext=u:object_r:dalvikcache_data_file:s0 tclass=file
09-15 02:14:08.382  1695  1695 W system_server: type=1400 audit(0.0:250): avc: granted { execute } for path="/data/dalvik-cache/arm/system@framework@ethernet-service.jar@classes.dex" dev="mmcblk0p23" ino=561944 scontext=u:r:system_server:s0 tcontext=u:object_r:dalvikcache_data_file:s0 tclass=file
09-15 02:14:08.410  1695  1695 I SystemServer: InitBeforeStartServices
09-15 02:14:08.410  1695  1695 I SystemServer: Entered the Android system server!
09-15 02:14:08.739  1695  1695 D SystemServerTiming: InitBeforeStartServices took to complete: 329ms
09-15 02:14:08.739  1695  1695 I SystemServer: StartServices
09-15 02:14:08.739  1695  1695 I SystemServer: Reading configuration...
09-15 02:14:08.740  1695  1695 I SystemServer: ReadingSystemConfig
09-15 02:14:08.741  1695  1695 D SystemServerTiming: ReadingSystemConfig took to complete: 2ms
09-15 02:14:08.741  1695  1695 I SystemServer: StartInstaller
09-15 02:14:08.742  1695  1695 I SystemServiceManager: Starting com.android.server.pm.Installer
09-15 02:14:08.743  1695  1708 D SystemServerInitThreadPool: Started executing ReadingSystemConfig
09-15 02:14:08.745  1695  1695 D SystemServerTiming: StartInstaller took to complete: 4ms
09-15 02:14:08.746  1695  1695 I SystemServer: DeviceIdentifiersPolicyService
09-15 02:14:08.747  1695  1695 I SystemServiceManager: Starting com.android.server.os.DeviceIdentifiersPolicyService
09-15 02:14:08.749  1695  1695 D SystemServerTiming: DeviceIdentifiersPolicyService took to complete: 3ms
09-15 02:14:08.750  1695  1695 I SystemServer: StartActivityManager
09-15 02:14:08.750  1695  1695 I SystemServiceManager: Starting com.android.server.am.ActivityManagerService$Lifecycle
09-15 02:14:08.780  1695  1708 D SystemServerInitThreadPool: Finished executing ReadingSystemConfig
09-15 02:14:08.786  1695  1695 I ActivityManager: Memory class: 192
09-15 02:14:08.787  1695  1710 I ServiceThread: Enabled StrictMode logging for ActivityManager looper.
09-15 02:14:08.789  1695  1711 I ServiceThread: Enabled StrictMode logging for android.ui looper.
09-15 02:14:08.835  1695  1695 D BatteryStatsImpl: Reading daily items from /data/system/batterystats-daily.xml
09-15 02:14:08.968   166   166 W /system/bin/hwservicemanager: getTransportFromManifest: Cannot find entry android.hardware.memtrack@1.0::IMemtrack in either framework or device manifest, using default transport.
09-15 02:14:08.973  1695  1695 I vndksupport: sphal namespace is not configured for this process. Loading /vendor/lib/hw/memtrack.msm8960.so from the current namespace instead.
