09-15 02:13:34.185   860   860 E IptablesRestoreController: *raw
09-15 02:13:34.185   860   860 E IptablesRestoreController: -A bw_raw_PREROUTING -m owner --socket-exists
09-15 02:13:34.185   860   860 E IptablesRestoreController: COMMIT
09-15 02:13:34.185   860   860 E IptablesRestoreController: *mangle
09-15 02:13:34.185   860   860 E IptablesRestoreController: -A bw_mangle_POSTROUTING -m owner --socket-exists
09-15 02:13:34.185   860   860 E IptablesRestoreController: COMMIT
09-15 02:13:34.185   860   860 E IptablesRestoreController: 
09-15 02:13:34.185   860   860 E IptablesRestoreController: -------  ERROR -------
09-15 02:13:34.185   860   860 E IptablesRestoreController: ip6tables-restore: line 52 failed
09-15 02:13:34.185   860   860 E IptablesRestoreController: ----------------------
09-15 02:13:34.185   860   860 I Netd    : Disabling bandwidth control: 11.4ms
09-15 02:13:34.188   860   860 E Netd    : Error adding route 0.0.0.0/0 -> (null) dummy0 to table 1002: File exists
09-15 02:13:34.188   860   860 I Netd    : Initializing RouteController: 3.3ms
09-15 02:13:34.190   860   860 D MDnsDS  : MDnsSdListener::Hander starting up
09-15 02:13:34.190   860   916 D MDnsDS  : MDnsSdListener starting to monitor
09-15 02:13:34.190   860   916 D MDnsDS  : Going to poll with pollCount 1
09-15 02:13:34.191   860   860 I Netd    : Registering NetdNativeService: 1.3ms
09-15 02:13:34.192   860   860 I Netd    : Starting CommandListener: 0.2ms
09-15 02:13:34.192   860   860 I Netd    : Netd started in 684ms
09-15 02:13:34.575   844   844 D AndroidRuntime: >>>>>> START com.android.internal.os.ZygoteInit uid 0 <<<<<<
09-15 02:13:34.587   844   844 I zygote  : option[0]=-Xzygote
09-15 02:13:34.587   844   844 I zygote  : option[1]=-Xstacktracefile:/data/anr/traces.txt
09-15 02:13:34.587   844   844 I zygote  : option[2]=exit
09-15 02:13:34.587   844   844 I zygote  : option[3]=vfprintf
09-15 02:13:34.587   844   844 I zygote  : option[4]=sensitiveThread
09-15 02:13:34.588   844   844 I zygote  : option[5]=-verbose:gc
09-15 02:13:34.588   844   844 I zygote  : option[6]=-Xms8m
09-15 02:13:34.588   844   844 I zygote  : option[7]=-Xmx512m
09-15 02:13:34.588   844   844 I zygote  : option[8]=-XX:HeapGrowthLimit=192m
09-15 02:13:34.588   844   844 I zygote  : option[9]=-XX:HeapMinFree=512k
09-15 02:13:34.588   844   844 I zygote  : option[10]=-XX:HeapMaxFree=8m
09-15 02:13:34.588   844   844 I zygote  : option[11]=-XX:HeapTargetUtilization=0.75
09-15 02:13:34.588   844   844 I zygote  : option[12]=-Xusejit:true
09-15 02:13:34.588   844   844 I zygote  : option[13]=-Xjitsaveprofilinginfo
09-15 02:13:34.588   844   844 I zygote  : option[14]=-agentlib:jdwp=transport=dt_android_adb,suspend=n,server=y
09-15 02:13:34.588   844   844 I zygote  : option[15]=-Xlockprofthreshold:500
09-15 02:13:34.588   844   844 I zygote  : option[16]=-Ximage-compiler-option
09-15 02:13:34.588   844   844 I zygote  : option[17]=--runtime-arg
09-15 02:13:34.588   844   844 I zygote  : option[18]=-Ximage-compiler-option
09-15 02:13:34.588   844   844 I zygote  : option[19]=-Xms64m
09-15 02:13:34.588   844   844 I zygote  : option[20]=-Ximage-compiler-option
09-15 02:13:34.588   844   844 I zygote  : option[21]=--runtime-arg
09-15 02:13:34.588   844   844 I zygote  : option[22]=-Ximage-compiler-option
09-15 02:13:34.588   844   844 I zygote  : option[23]=-Xmx64m
09-15 02:13:34.588   844   844 I zygote  : option[24]=-Ximage-compiler-option
09-15 02:13:34.589   844   844 I zygote  : option[25]=--image-classes=/system/etc/preloaded-classes
09-15 02:13:34.589   844   844 I zygote  : option[26]=-Ximage-compiler-option
09-15 02:13:34.589   844   844 I zygote  : option[27]=--compiled-classes=/system/etc/compiled-classes
09-15 02:13:34.589   844   844 I zygote  : option[28]=-Xcompiler-option
09-15 02:13:34.589   844   844 I zygote  : option[29]=--runtime-arg
09-15 02:13:34.589   844   844 I zygote  : option[30]=-Xcompiler-option
09-15 02:13:34.589   844   844 I zygote  : option[31]=-Xms64m
09-15 02:13:34.589   844   844 I zygote  : option[32]=-Xcompiler-option
09-15 02:13:34.589   844   844 I zygote  : option[33]=--runtime-arg
09-15 02:13:34.589   844   844 I zygote  : option[34]=-Xcompiler-option
09-15 02:13:34.589   844   844 I zygote  : option[35]=-Xmx512m
09-15 02:13:34.589   844   844 I zygote  : option[36]=-Ximage-compiler-option
09-15 02:13:34.589   844   844 I zygote  : option[37]=--instruction-set-variant=krait
09-15 02:13:34.589   844   844 I zygote  : option[38]=-Xcompiler-option
09-15 02:13:34.589   844   844 I zygote  : option[39]=--instruction-set-variant=krait
09-15 02:13:34.589   844   844 I zygote  : option[40]=-Ximage-compiler-option
09-15 02:13:34.589   844   844 I zygote  : option[41]=--instruction-set-features=default
09-15 02:13:34.589   844   844 I zygote  : option[42]=-Xcompiler-option
09-15 02:13:34.589   844   844 I zygote  : option[43]=--instruction-set-features=default
09-15 02:13:34.589   844   844 I zygote  : option[44]=-Duser.locale=en-US
09-15 02:13:34.589   844   844 I zygote  : option[45]=--cpu-abilist=armeabi-v7a,armeabi
09-15 02:13:34.589   844   844 I zygote  : option[46]=-Xfingerprint:Android/aosp_mako/mako:8.0.0/OPR6.170623.012/102:userdebug/test-keys
09-15 02:13:34.904   844   844 I SamplingProfilerIntegration: Profiling disabled.
09-15 02:13:34.904   844   844 D Zygote  : begin preload
09-15 02:13:34.904   844   844 I Zygote  : Installing ICU cache reference pinning...
09-15 02:13:34.904   844   844 I Zygote  : Preloading ICU data...
09-15 02:13:34.924   844   844 D Zygote32Timing: BeginIcuCachePinning took to complete: 20ms
09-15 02:13:34.924   844   844 I Zygote  : Preloading classes...
09-15 02:13:35.288   844   844 E ActivityRecognitionHardware: activity_recognition HAL is deprecated. class_init is effectively a no-op
09-15 02:13:35.318   844   844 I zygote  : Thread[1,tid=844,Native,Thread*=0xa8d3c000,peer=0x12c01c70,"main"] recursive attempt to load library "/system/lib/libmedia_jni.so"
09-15 02:13:35.318   844   844 D MtpDeviceJNI: register_android_mtp_MtpDevice
09-15 02:13:35.318   844   844 I zygote  : Thread[1,tid=844,Native,Thread*=0xa8d3c000,peer=0x12c01c70,"main"] recursive attempt to load library "/system/lib/libmedia_jni.so"
09-15 02:13:35.319   844   844 I zygote  : Thread[1,tid=844,Native,Thread*=0xa8d3c000,peer=0x12c01c70,"main"] recursive attempt to load library "/system/lib/libmedia_jni.so"
09-15 02:13:35.457   844   844 W main    : type=1400 audit(0.0:119): avc: granted { read } for name="cpu" dev="sysfs" ino=32 scontext=u:r:zygote:s0 tcontext=u:object_r:sysfs:s0 tclass=dir
09-15 02:13:35.457   844   844 W main    : type=1400 audit(0.0:120): avc: granted { read open } for name="cpu" dev="sysfs" ino=32 scontext=u:r:zygote:s0 tcontext=u:object_r:sysfs:s0 tclass=dir
09-15 02:13:35.598   844   844 I System  : Loaded time zone names for "" in 111ms (109ms in ICU)
09-15 02:13:35.656   844   844 I System  : Loaded time zone names for "en_US" in 58ms (56ms in ICU)
09-15 02:13:35.677   844   844 I Zygote  : ...preloaded 4570 classes in 753ms.
09-15 02:13:35.678   844   844 I zygote  : VMRuntime.preloadDexCaches starting
09-15 02:13:35.859   844   844 I zygote  : VMRuntime.preloadDexCaches strings total=306914 before=2849 after=2849
09-15 02:13:35.859   844   844 I zygote  : VMRuntime.preloadDexCaches types total=26189 before=2675 after=3315
09-15 02:13:35.859   844   844 I zygote  : VMRuntime.preloadDexCaches fields total=124019 before=2152 after=1211
09-15 02:13:35.860   844   844 I zygote  : VMRuntime.preloadDexCaches methods total=219998 before=87638 after=87736
09-15 02:13:35.860   844   844 I zygote  : VMRuntime.preloadDexCaches finished
09-15 02:13:35.860   844   844 D Zygote32Timing: PreloadClasses took to complete: 935ms
09-15 02:13:35.911   844   844 I Zygote  : Preloading resources...
09-15 02:13:35.950   844   844 W Resources: Preloaded drawable resource #0x1080264 (android:drawable/dialog_background_material) that varies with configuration!!
09-15 02:13:35.958   844   844 W Resources: Preloaded color resource #0x10600de (android:color/material_grey_800) that varies with configuration!!
09-15 02:13:35.958   844   844 W Resources: Preloaded drawable resource #0x10802d1 (android:drawable/floating_popup_background_dark) that varies with configuration!!
09-15 02:13:36.099   844   844 I Zygote  : ...preloaded 114 resources in 189ms.
09-15 02:13:36.111   844   844 W Resources: Preloaded color resource #0x1060036 (android:color/background_cache_hint_selector_material_dark) that varies with configuration!!
09-15 02:13:36.112   844   844 W Resources: Preloaded color resource #0x1060053 (android:color/btn_default_material_dark) that varies with configuration!!
09-15 02:13:36.116   844   844 I Zygote  : ...preloaded 41 resources in 16ms.
09-15 02:13:36.116   844   844 D Zygote32Timing: PreloadResources took to complete: 255ms
09-15 02:13:36.116   844   844 I vndksupport: sphal namespace is not configured for this process. Loading /vendor/lib/egl/libEGL_adreno.so from the current namespace instead.
09-15 02:13:36.122   844   844 D libEGL  : loaded /vendor/lib/egl/libEGL_adreno.so
09-15 02:13:36.123   844   844 I vndksupport: sphal namespace is not configured for this process. Loading /vendor/lib/egl/libGLESv1_CM_adreno.so from the current namespace instead.
09-15 02:13:36.126   844   844 D libEGL  : loaded /vendor/lib/egl/libGLESv1_CM_adreno.so
09-15 02:13:36.143   935   935 E Diag_Lib:  Diag_LSM_Init: Failed to open handle to diag driver, error = 2
09-15 02:13:36.144   935   935 E Sensors : sns_fsa_la.c(386):fsa: fflush failed, 9
09-15 02:13:36.144   935   935 E Sensors : sns_fsa_la.c(386):fsa: fflush failed, 9
09-15 02:13:36.156   844   844 I vndksupport: sphal namespace is not configured for this process. Loading /vendor/lib/egl/libGLESv2_adreno.so from the current namespace instead.
09-15 02:13:36.170   844   844 D libEGL  : loaded /vendor/lib/egl/libGLESv2_adreno.so
09-15 02:13:36.173   935   937 W Sensors : sns_smr_la.c(446):smr_la: smr_apps_la_thread_main is starting, fd=10, sns_smr.en_rx_msg_ptr=b12469d4
09-15 02:13:36.205   844   844 I Zygote  : Preloading shared libraries...
09-15 02:13:36.205   935   937 W Sensors : sns_smr_la.c(467):smr_la: poll return revents: 0x1/ffffffff errno: 0
09-15 02:13:36.206   935   937 W Sensors : sns_main.c(1430):sns_main_exit called
09-15 02:13:36.206   935   937 E Sensors : error connecting error -1 Connection refused
09-15 02:13:36.232   844   844 I Zygote  : Uninstalled ICU cache reference pinning...
09-15 02:13:36.235   844   844 I Zygote  : Installed AndroidKeyStoreProvider in 3ms.
09-15 02:13:36.253   844   844 I Zygote  : Warmed up JCA providers in 18ms.
09-15 02:13:36.253   844   844 D Zygote  : end preload
09-15 02:13:36.253   844   844 D Zygote32Timing: ZygotePreload took to complete: 1350ms
09-15 02:13:36.300   844   844 I zygote  : Explicit concurrent copying GC freed 32084(1719KB) AllocSpace objects, 4(104KB) LOS objects, 59% free, 1058KB/2MB, paused 793us total 46.238ms
09-15 02:13:36.341   844   844 I zygote  : Explicit concurrent copying GC freed 6053(221KB) AllocSpace objects, 0(0B) LOS objects, 63% free, 869KB/2MB, paused 213us total 30.642ms
09-15 02:13:36.342   844   844 D Zygote32Timing: PostZygoteInitGC took to complete: 88ms
09-15 02:13:36.342   844   844 D Zygote32Timing: ZygoteInit took to complete: 1438ms
09-15 02:13:36.343   844   844 I         : seccomp disabled by setenforce 0
09-15 02:13:36.434   844   844 I Zygote  : System server process 942 has been created
09-15 02:13:36.438   844   844 I Zygote  : Accepting command socket connections
09-15 02:13:36.458   942   942 W system_server: type=1400 audit(0.0:121): avc: granted { execute } for path="/data/dalvik-cache/arm/system@framework@services.jar@classes.dex" dev="mmcblk0p23" ino=561942 scontext=u:r:system_server:s0 tcontext=u:object_r:dalvikcache_data_file:s0 tclass=file
09-15 02:13:36.468   942   942 W system_server: type=1400 audit(0.0:122): avc: granted { execute } for path="/data/dalvik-cache/arm/system@framework@ethernet-service.jar@classes.dex" dev="mmcblk0p23" ino=561944 scontext=u:r:system_server:s0 tcontext=u:object_r:dalvikcache_data_file:s0 tclass=file
09-15 02:13:36.490   942   942 I SystemServer: InitBeforeStartServices
09-15 02:13:36.491   942   942 I SystemServer: Entered the Android system server!
09-15 02:13:36.801   942   942 D SystemServerTiming: InitBeforeStartServices took to complete: 311ms
09-15 02:13:36.801   942   942 I SystemServer: StartServices
09-15 02:13:36.801   942   942 I SystemServer: Reading configuration...
09-15 02:13:36.802   942   942 I SystemServer: ReadingSystemConfig
09-15 02:13:36.803   942   942 D SystemServerTiming: ReadingSystemConfig took to complete: 2ms
09-15 02:13:36.803   942   942 I SystemServer: StartInstaller
09-15 02:13:36.804   942   955 D SystemServerInitThreadPool: Started executing ReadingSystemConfig
09-15 02:13:36.804   942   942 I SystemServiceManager: Starting com.android.server.pm.Installer
09-15 02:13:36.807   942   942 D SystemServerTiming: StartInstaller took to complete: 3ms
09-15 02:13:36.807   942   942 I SystemServer: DeviceIdentifiersPolicyService
09-15 02:13:36.807   942   942 I SystemServiceManager: Starting com.android.server.os.DeviceIdentifiersPolicyService
09-15 02:13:36.808   942   942 D SystemServerTiming: DeviceIdentifiersPolicyService took to complete: 1ms
09-15 02:13:36.808   942   942 I SystemServer: StartActivityManager
09-15 02:13:36.809   942   942 I SystemServiceManager: Starting com.android.server.am.ActivityManagerService$Lifecycle
09-15 02:13:36.837   942   955 D SystemServerInitThreadPool: Finished executing ReadingSystemConfig
09-15 02:13:36.844   942   942 I ActivityManager: Memory class: 192
09-15 02:13:36.846   942   957 I ServiceThread: Enabled StrictMode logging for ActivityManager looper.
09-15 02:13:36.848   942   958 I ServiceThread: Enabled StrictMode logging for android.ui looper.
09-15 02:13:36.899   942   942 D BatteryStatsImpl: Reading daily items from /data/system/batterystats-daily.xml
09-15 02:13:37.033   166   166 W /system/bin/hwservicemanager: getTransportFromManifest: Cannot find entry android.hardware.memtrack@1.0::IMemtrack in either framework or device manifest, using default transport.
09-15 02:13:37.038   942   942 I vndksupport: sphal namespace is not configured for this process. Loading /vendor/lib/hw/memtrack.msm8960.so from the current namespace instead.
09-15 02:13:37.044   942   942 I AppOps  : No existing app ops /data/system/appops.xml; starting empty
09-15 02:13:37.054   942   942 I IntentFirewall: Read new rules (A:0 B:0 S:0)
09-15 02:13:37.065   942   965 I ServiceThread: Enabled StrictMode logging for android.display looper.
09-15 02:13:37.066   942   942 W system_server: failed to remove /acct/uid_1047/pid_846: Device or resource busy
09-15 02:13:37.066   942   942 W system_server: failed to remove /acct/uid_1047: Permission denied
09-15 02:13:37.066   942   942 W system_server: failed to remove /acct/uid_1041/pid_845: Device or resource busy
09-15 02:13:37.066   942   942 W system_server: failed to remove /acct/uid_1041: Permission denied
09-15 02:13:37.066   942   942 W system_server: failed to remove /acct/uid_1003/pid_410: Device or resource busy
09-15 02:13:37.066   942   942 W system_server: failed to remove /acct/uid_1003: Permission denied
09-15 02:13:37.066   942   942 W system_server: failed to remove /acct/uid_1058/pid_223: Device or resource busy
09-15 02:13:37.066   942   942 W system_server: failed to remove /acct/uid_1058: Permission denied
09-15 02:13:37.067   942   942 W system_server: failed to remove /acct/uid_1006/pid_220: Device or resource busy
09-15 02:13:37.067   942   942 W system_server: failed to remove /acct/uid_1006: Permission denied
09-15 02:13:37.067   942   942 W system_server: failed to remove /acct/uid_1040/pid_215: Device or resource busy
09-15 02:13:37.067   942   942 W system_server: failed to remove /acct/uid_1040: Permission denied
09-15 02:13:37.067   942   942 W system_server: failed to remove /acct/uid_1013/pid_859: Device or resource busy
09-15 02:13:37.067   942   942 W system_server: failed to remove /acct/uid_1013/pid_216: Device or resource busy
09-15 02:13:37.067   942   942 W system_server: failed to remove /acct/uid_1013/pid_214: Device or resource busy
09-15 02:13:37.067   942   942 W system_server: failed to remove /acct/uid_1013: Permission denied
09-15 02:13:37.067   942   942 W system_server: failed to remove /acct/uid_1017/pid_213: Device or resource busy
09-15 02:13:37.067   942   942 W system_server: failed to remove /acct/uid_1017: Permission denied
09-15 02:13:37.068   942   942 W system_server: failed to remove /acct/uid_1019/pid_208: Device or resource busy
09-15 02:13:37.068   942   942 W system_server: failed to remove /acct/uid_1019: Permission denied
09-15 02:13:37.068   942   942 W system_server: failed to remove /acct/uid_1002: Permission denied
09-15 02:13:37.068   942   942 W system_server: failed to remove /acct/uid_1001/pid_200: Device or resource busy
09-15 02:13:37.068   942   942 W system_server: failed to remove /acct/uid_1001: Permission denied
09-15 02:13:37.068   942   942 W system_server: failed to remove /acct/uid_2000/pid_198: Device or resource busy
09-15 02:13:37.068   942   942 W system_server: failed to remove /acct/uid_2000: Permission denied
09-15 02:13:37.068   942   942 W system_server: failed to remove /acct/uid_0/pid_860: Device or resource busy
09-15 02:13:37.068   942   942 W system_server: failed to remove /acct/uid_0/pid_844: Device or resource busy
09-15 02:13:37.068   942   942 W system_server: failed to remove /acct/uid_0/pid_218: Device or resource busy
09-15 02:13:37.068   942   942 W system_server: failed to remove /acct/uid_0/pid_212: Device or resource busy
09-15 02:13:37.069   942   942 W system_server: failed to remove /acct/uid_0/pid_203: Device or resource busy
09-15 02:13:37.069   942   942 W system_server: failed to remove /acct/uid_0/pid_202: Device or resource busy
09-15 02:13:37.069   942   942 W system_server: failed to remove /acct/uid_0/pid_201: Device or resource busy
09-15 02:13:37.069   942   942 W system_server: failed to remove /acct/uid_0/pid_199: Device or resource busy
09-15 02:13:37.069   942   942 W system_server: failed to remove /acct/uid_0/pid_192: Device or resource busy
09-15 02:13:37.069   942   942 W system_server: failed to remove /acct/uid_0/pid_189: Device or resource busy
09-15 02:13:37.069   942   942 W system_server: failed to remove /acct/uid_0/pid_172: Device or resource busy
09-15 02:13:37.069   942   942 W system_server: failed to remove /acct/uid_0: Permission denied
09-15 02:13:37.069   942   942 W system_server: failed to remove /acct/uid_1000/pid_222: Device or resource busy
09-15 02:13:37.069   942   942 W system_server: failed to remove /acct/uid_1000/pid_193: Device or resource busy
09-15 02:13:37.069   942   942 W system_server: failed to remove /acct/uid_1000/pid_191: Device or resource busy
09-15 02:13:37.069   942   942 W system_server: failed to remove /acct/uid_1000/pid_188: Device or resource busy
09-15 02:13:37.070   942   942 W system_server: failed to remove /acct/uid_1000/pid_166: Device or resource busy
09-15 02:13:37.070   942   942 W system_server: failed to remove /acct/uid_1000/pid_165: Device or resource busy
09-15 02:13:37.070   942   942 W system_server: failed to remove /acct/uid_1000: Permission denied
09-15 02:13:37.070   942   942 W system_server: failed to remove /acct/uid_1036/pid_164: Device or resource busy
09-15 02:13:37.070   942   942 W system_server: failed to remove /acct/uid_1036: Permission denied
09-15 02:13:37.079   942   942 D AppOps  : AppOpsService published
09-15 02:13:37.079   942   942 D SystemServerTiming: StartActivityManager took to complete: 271ms
09-15 02:13:37.080   942   942 I SystemServer: StartPowerManager
09-15 02:13:37.080   942   942 I SystemServiceManager: Starting com.android.server.power.PowerManagerService
09-15 02:13:37.090   942   967 I ServiceThread: Enabled StrictMode logging for PowerManagerService looper.
09-15 02:13:37.093   166   166 W /system/bin/hwservicemanager: getTransportFromManifest: Cannot find entry android.hardware.power@1.0::IPower in either framework or device manifest, using default transport.
09-15 02:13:37.094   942   942 I PowerManagerService-JNI: Couldn't load power HAL service
09-15 02:13:37.095   942   942 I libsuspend: Selected wakeup count
09-15 02:13:37.097   942   942 D SystemServerTiming: StartPowerManager took to complete: 17ms
09-15 02:13:37.097   942   942 I SystemServer: InitPowerManagement
09-15 02:13:37.099   942   942 D SystemServerTiming: InitPowerManagement took to complete: 2ms
09-15 02:13:37.099   942   942 I SystemServer: StartRecoverySystemService
09-15 02:13:37.099   942   942 I SystemServiceManager: Starting com.android.server.RecoverySystemService
09-15 02:13:37.100   942   942 D SystemServerTiming: StartRecoverySystemService took to complete: 2ms
09-15 02:13:37.101   942   942 V RescueParty: Disabled because of active USB connection
09-15 02:13:37.102   942   942 I SystemServer: StartLightsService
09-15 02:13:37.102   942   942 I SystemServiceManager: Starting com.android.server.lights.LightsService
09-15 02:13:37.102   942   942 D SystemServerTiming: StartLightsService took to complete: 1ms
09-15 02:13:37.103   942   942 I SystemServer: StartDisplayManager
09-15 02:13:37.103   942   942 I SystemServiceManager: Starting com.android.server.display.DisplayManagerService
09-15 02:13:37.112   942   942 D SystemServerTiming: StartDisplayManager took to complete: 10ms
09-15 02:13:37.112   942   942 I SystemServer: WaitForDisplay
09-15 02:13:37.112   942   942 I SystemServiceManager: Starting phase 100
09-15 02:13:37.117   942   965 I DisplayManagerService: Display device added: DisplayDeviceInfo{"Built-in Screen": uniqueId="local:0", 768 x 1280, modeId 1, defaultModeId 1, supportedModes [{id=1, width=768, height=1280, fps=60.0}], colorMode 0, supportedColorModes [0], HdrCapabilities android.view.Display$HdrCapabilities@a69d6308, density 320, 319.79 x 318.745 dpi, appVsyncOff 1000000, presDeadline 16666667, touch INTERNAL, rotation 0, type BUILT_IN, state UNKNOWN, FLAG_DEFAULT_DISPLAY, FLAG_ROTATES_WITH_CONTENT, FLAG_SECURE, FLAG_SUPPORTS_PROTECTED_BUFFERS}
09-15 02:13:37.118   193   193 D SurfaceFlinger: Set power mode=2, type=0 flinger=0xb24b6000
09-15 02:13:37.118   193   193 D SurfaceFlinger: Screen type=0 is already mode=2
09-15 02:13:37.120   166   166 W /system/bin/hwservicemanager: getTransportFromManifest: Cannot find entry android.hardware.light@2.0::ILight in either framework or device manifest, using default transport.
09-15 02:13:37.126   942   965 I vndksupport: sphal namespace is not configured for this process. Loading /vendor/lib/hw/lights.msm8960.so from the current namespace instead.
09-15 02:13:37.129   942   965 I vndksupport: sphal namespace is not configured for this process. Loading /vendor/lib/hw/lights.msm8960.so from the current namespace instead.
09-15 02:13:37.130   942   965 E light   : light_open lights keyboard failed: -22
09-15 02:13:37.130   942   965 E light   : Light passthrough failed to load legacy HAL.
09-15 02:13:37.130   942   965 I vndksupport: sphal namespace is not configured for this process. Loading /vendor/lib/hw/lights.msm8960.so from the current namespace instead.
09-15 02:13:37.132   942   965 E light   : light_open lights buttons failed: -22
09-15 02:13:37.132   942   965 E light   : Light passthrough failed to load legacy HAL.
09-15 02:13:37.132   942   965 I vndksupport: sphal namespace is not configured for this process. Loading /vendor/lib/hw/lights.msm8960.so from the current namespace instead.
09-15 02:13:37.133   942   965 E light   : light_open lights battery failed: -22
09-15 02:13:37.133   942   965 E light   : Light passthrough failed to load legacy HAL.
09-15 02:13:37.133   942   965 I vndksupport: sphal namespace is not configured for this process. Loading /vendor/lib/hw/lights.msm8960.so from the current namespace instead.
09-15 02:13:37.134   942   965 I chatty  : uid=1000(system) android.display identical 1 line
09-15 02:13:37.135   942   965 I vndksupport: sphal namespace is not configured for this process. Loading /vendor/lib/hw/lights.msm8960.so from the current namespace instead.
09-15 02:13:37.136   942   965 E light   : light_open lights bluetooth failed: -22
09-15 02:13:37.136   942   965 E light   : Light passthrough failed to load legacy HAL.
09-15 02:13:37.136   942   965 I vndksupport: sphal namespace is not configured for this process. Loading /vendor/lib/hw/lights.msm8960.so from the current namespace instead.
09-15 02:13:37.137   942   965 E light   : light_open lights wifi failed: -22
09-15 02:13:37.137   942   965 E light   : Light passthrough failed to load legacy HAL.
09-15 02:13:37.139   942   942 D SystemServerTiming: WaitForDisplay took to complete: 26ms
09-15 02:13:37.139   942   942 I SystemServer: StartPackageManagerService
09-15 02:13:37.143   942   965 I DisplayManagerService: Display device changed state: "Built-in Screen", ON
09-15 02:13:37.178   942   942 D SELinuxMMAC: Using policy file /system/etc/selinux/plat_mac_permissions.xml
09-15 02:13:37.187   942   942 D SELinuxMMAC: Using policy file /vendor/etc/selinux/nonplat_mac_permissions.xml
09-15 02:13:37.311   942   942 D PackageManager: No files in app dir /vendor/overlay
09-15 02:13:37.464   942   942 D PackageManager: No files in app dir /system/vendor/app
09-15 02:13:37.464   942   942 D PackageManager: No files in app dir /oem/app
09-15 02:13:37.465   942   942 D PackageManager: No files in app dir /data/app
09-15 02:13:37.465   942   942 D PackageManager: No files in app dir /data/app-private
09-15 02:13:37.469   942   942 I PackageManager: Time to scan packages: 0.159 seconds
09-15 02:13:37.473   942   942 V PackageManager: reconcileAppsData for null u0 0x3 migrateAppData=true
09-15 02:13:37.617   942   942 V PackageManager: reconcileAppsData finished 18 packages
09-15 02:13:37.619   942   986 D SystemServerInitThreadPool: Started executing prepareAppData
09-15 02:13:37.621   212   813 W installd: Ignoring /data/data/com.android.defcontainer/lib with unexpected GID 0 instead of 10005
09-15 02:13:37.622   212   813 W installd: Ignoring /data/data/com.android.inputmethod.latin/lib with unexpected GID 0 instead of 10048
09-15 02:13:37.625   212   813 W installd: Ignoring /data/data/com.android.pacprocessor/lib with unexpected GID 0 instead of 10051
09-15 02:13:37.625   212   813 W installd: Ignoring /data/data/com.android.camera2/lib with unexpected GID 0 instead of 10035
09-15 02:13:37.626   212   813 W installd: Ignoring /data/data/com.android.nfc/lib with unexpected GID 0 instead of 1027
09-15 02:13:37.627   212   813 W installd: Ignoring /data/data/com.android.printspooler/lib with unexpected GID 0 instead of 10055
09-15 02:13:37.627   212   813 W installd: Ignoring /data/data/com.android.webview/lib with unexpected GID 0 instead of 10059
09-15 02:13:37.627   212   813 W installd: Ignoring /data/data/com.android.bips/lib with unexpected GID 0 instead of 10033
09-15 02:13:37.628   212   813 W installd: Ignoring /data/data/com.android.gallery3d/lib with unexpected GID 0 instead of 10014
09-15 02:13:37.629   212   813 W installd: Ignoring /data/data/com.svox.pico/lib with unexpected GID 0 instead of 10053
09-15 02:13:37.630   212   813 W installd: Ignoring /data/data/jp.co.omronsoft.openwnn/lib with unexpected GID 0 instead of 10050
09-15 02:13:37.632   212   813 W installd: Ignoring /data/user_de/0/com.android.defcontainer/lib with unexpected GID 0 instead of 10005
09-15 02:13:37.633   212   813 W installd: Ignoring /data/user_de/0/com.android.inputmethod.latin/lib with unexpected GID 0 instead of 10048
09-15 02:13:37.640   942   986 D SystemServerTimingAsync: AppDataFixup took to complete: 21ms
09-15 02:13:37.753   942   942 E PackageManager: There should probably be a verifier, but, none were found
09-15 02:13:37.757   942   942 D PackageManager: Ephemeral resolver not found with new action; try old one
09-15 02:13:37.757   942   942 D PackageManager: Ephemeral resolver NOT found; no matching intent filters
09-15 02:13:37.758   942   942 D PackageManager: Ephemeral installer not found with new action; try old one
09-15 02:13:37.758   942   942 D PackageManager: Clear ephemeral installer activity
09-15 02:13:37.852   942   942 I zygote  : Explicit concurrent copying GC freed 39529(2MB) AllocSpace objects, 24(912KB) LOS objects, 42% free, 2MB/3MB, paused 457us total 83.808ms
09-15 02:13:37.858   942   942 D FallbackCategoryProvider: Found 1 fallback categories
09-15 02:13:37.861   942   942 D SystemServerTiming: StartPackageManagerService took to complete: 721ms
09-15 02:13:37.861   942   942 I SystemServer: StartOtaDexOptService
09-15 02:13:37.865   942   942 D OTADexopt: No upgrade, skipping A/B artifacts check.
09-15 02:13:37.865   942   942 D SystemServerTiming: StartOtaDexOptService took to complete: 4ms
09-15 02:13:37.865   942   942 I SystemServer: StartUserManagerService
09-15 02:13:37.865   942   942 I SystemServiceManager: Starting com.android.server.pm.UserManagerService$LifeCycle
09-15 02:13:37.867   942   942 D SystemServerTiming: StartUserManagerService took to complete: 1ms
09-15 02:13:37.867   942   942 I SystemServer: InitAttributerCache
09-15 02:13:37.867   942   942 D SystemServerTiming: InitAttributerCache took to complete: 1ms
09-15 02:13:37.867   942   942 I SystemServer: SetSystemProcess
09-15 02:13:37.884   192   192 I lowmemorykiller: ActivityManager connected
09-15 02:13:37.885   942   942 D SystemServerTiming: SetSystemProcess took to complete: 18ms
09-15 02:13:37.888   942   990 I ServiceThread: Enabled StrictMode logging for android.anim looper.
09-15 02:13:37.888   942   942 I SystemServer: StartOverlayManagerService
09-15 02:13:37.892   942   942 D SystemServerTiming: StartOverlayManagerService took to complete: 4ms
09-15 02:13:37.893   942   942 I SystemServer: StartDropBoxManager
09-15 02:13:37.893   942   942 I SystemServiceManager: Starting com.android.server.DropBoxManagerService
09-15 02:13:37.898   942   992 D SystemServerInitThreadPool: Started executing StartSensorService
09-15 02:13:37.898   942   992 D SensorService: nuSensorService starting...
09-15 02:13:37.899   166   166 W /system/bin/hwservicemanager: getTransportFromManifest: Cannot find entry android.hardware.sensors@1.0::ISensors in either framework or device manifest, using default transport.
09-15 02:13:37.914   942   991 D SystemServerInitThreadPool: Started executing Init OverlayManagerService
09-15 02:13:37.914   942   942 D SystemServerTiming: StartDropBoxManager took to complete: 22ms
09-15 02:13:37.915   942   942 I SystemServer: StartBatteryService
09-15 02:13:37.915   942   942 I SystemServiceManager: Starting com.android.server.BatteryService
09-15 02:13:37.935   942   953 E LightsService: Light requested not available on this device. 3
09-15 02:13:37.936   942   960 E BatteryStatsService: Power Hal not loaded
09-15 02:13:37.948   942   942 D SystemServerTiming: StartBatteryService took to complete: 33ms
09-15 02:13:37.948   942   942 I SystemServer: StartUsageService
09-15 02:13:37.948   942   942 I SystemServiceManager: Starting com.android.server.usage.UsageStatsService
09-15 02:13:37.982   942   942 D SystemServerTiming: StartUsageService took to complete: 35ms
09-15 02:13:37.982   942   942 I SystemServer: StartWebViewUpdateService
09-15 02:13:37.983   942   942 I SystemServiceManager: Starting com.android.server.webkit.WebViewUpdateService
09-15 02:13:37.984   942   991 D SystemServerInitThreadPool: Finished executing Init OverlayManagerService
09-15 02:13:37.989   942   942 D SystemServerTiming: StartWebViewUpdateService took to complete: 7ms
09-15 02:13:37.990   942   942 I SystemServer: StartKeyAttestationApplicationIdProviderService
09-15 02:13:37.990   942   955 D SystemServerInitThreadPool: Started executing SecondaryZygotePreload
09-15 02:13:37.990   942   955 I SystemServer: SecondaryZygotePreload
09-15 02:13:37.992   942   942 D SystemServerTiming: StartKeyAttestationApplicationIdProviderService took to complete: 2ms
09-15 02:13:37.992   942   942 I SystemServer: StartKeyChainSystemService
09-15 02:13:37.993   942   942 I SystemServiceManager: Starting com.android.server.security.KeyChainSystemService
09-15 02:13:37.993   942   942 D SystemServerTiming: StartKeyChainSystemService took to complete: 1ms
09-15 02:13:37.993   942   942 I SystemServer: StartSchedulingPolicyService
09-15 02:13:37.995   942   942 D SystemServerTiming: StartSchedulingPolicyService took to complete: 1ms
09-15 02:13:37.995   942   942 I SystemServer: StartTelecomLoaderService
09-15 02:13:37.995   942   942 I SystemServiceManager: Starting com.android.server.telecom.TelecomLoaderService
09-15 02:13:37.996   942   942 D SystemServerTiming: StartTelecomLoaderService took to complete: 1ms
09-15 02:13:37.996   942   942 I SystemServer: StartTelephonyRegistry
09-15 02:13:38.001   942   942 D SystemServerTiming: StartTelephonyRegistry took to complete: 4ms
09-15 02:13:38.001   942   942 I SystemServer: StartEntropyMixer
09-15 02:13:38.003   942   955 I Zygote  : Process: zygote socket zygote opened, supported ABIS: armeabi-v7a,armeabi
09-15 02:13:38.005   942   942 I EntropyMixer: Added HW RNG output to entropy pool
09-15 02:13:38.005   942   942 I EntropyMixer: Writing entropy...
09-15 02:13:38.012   942   942 D SystemServerTiming: StartEntropyMixer took to complete: 12ms
09-15 02:13:38.012   942   942 I SystemServer: Camera Service Proxy
09-15 02:13:38.012   942   942 I SystemServer: StartCameraServiceProxy
09-15 02:13:38.013   942   942 I SystemServiceManager: Starting com.android.server.camera.CameraServiceProxy
09-15 02:13:38.014   942   955 E SystemServer: Unable to preload default resources
09-15 02:13:38.014   942   955 D SystemServerTimingAsync: SecondaryZygotePreload took to complete: 23ms
09-15 02:13:38.014   942   955 D SystemServerInitThreadPool: Finished executing SecondaryZygotePreload
09-15 02:13:38.015   942  1007 I ServiceThread: Enabled StrictMode logging for CameraService_proxy looper.
09-15 02:13:38.016   942   942 D SystemServerTiming: StartCameraServiceProxy took to complete: 4ms
09-15 02:13:38.016   942   942 I SystemServer: StartAccountManagerService
09-15 02:13:38.017   942   942 I SystemServiceManager: Starting com.android.server.accounts.AccountManagerService$Lifecycle
09-15 02:13:38.028   942   942 D SystemServerTiming: StartAccountManagerService took to complete: 11ms
09-15 02:13:38.028   942   942 I SystemServer: StartContentService
09-15 02:13:38.028   942   942 I SystemServiceManager: Starting com.android.server.content.ContentService$Lifecycle
09-15 02:13:38.031   942   942 D SystemServerTiming: StartContentService took to complete: 4ms
09-15 02:13:38.032   942   942 I SystemServer: InstallSystemProviders
09-15 02:13:38.306   942   942 I SettingsState: No settings state /data/system/users/0/settings_global.xml
09-15 02:13:38.362   212   813 W installd: Requested default storage /data/user_de/0/com.android.providers.blockednumber is not active; migrating from /data/data/com.android.providers.blockednumber
09-15 02:13:38.424   212   625 W installd: Requested default storage /data/user_de/0/com.android.emergency is not active; migrating from /data/data/com.android.emergency
09-15 02:13:38.454   942   942 I SettingsState: No settings state /data/system/users/0/settings_ssaid.xml
09-15 02:13:38.474   942   942 D SystemServerTiming: InstallSystemProviders took to complete: 443ms
09-15 02:13:38.474   942   942 I SystemServer: StartVibratorService
09-15 02:13:38.477   166   166 W /system/bin/hwservicemanager: getTransportFromManifest: Cannot find entry android.hardware.vibrator@1.0::IVibrator in either framework or device manifest, using default transport.
09-15 02:13:38.485   942   942 I vndksupport: sphal namespace is not configured for this process. Loading /vendor/lib/hw/vibrator.default.so from the current namespace instead.
09-15 02:13:38.488   942   942 D         : Vibrator using timed_output
09-15 02:13:38.488   212   338 W installd: Requested default storage /data/user_de/0/com.android.bluetooth is not active; migrating from /data/data/com.android.bluetooth
09-15 02:13:38.493   942   942 D SystemServerTiming: StartVibratorService took to complete: 19ms
09-15 02:13:38.493   942   942 I SystemServer: StartConsumerIrService
09-15 02:13:38.495   166   166 W /system/bin/hwservicemanager: getTransportFromManifest: Cannot find entry android.hardware.ir@1.0::IConsumerIr in either framework or device manifest, using default transport.
09-15 02:13:38.497   942   942 D SystemServerTiming: StartConsumerIrService took to complete: 4ms
09-15 02:13:38.497   942   942 I SystemServer: StartAlarmManagerService
09-15 02:13:38.497   942   942 I SystemServiceManager: Starting com.android.server.AlarmManagerService
09-15 02:13:38.501   942   942 D AlarmManagerService: Kernel timezone updated to 0 minutes west of GMT
09-15 02:13:38.509   942   942 D SystemServerTiming: StartAlarmManagerService took to complete: 12ms
09-15 02:13:38.509   942   942 I SystemServer: InitWatchdog
09-15 02:13:38.510   942   942 D SystemServerTiming: InitWatchdog took to complete: 0ms
09-15 02:13:38.510   942   942 I SystemServer: StartInputManagerService
09-15 02:13:38.511   942   942 I InputManager: Initializing input manager, mUseDevInputEventForAudioJack=true
09-15 02:13:38.512   942   942 D SystemServerTiming: StartInputManagerService took to complete: 2ms
09-15 02:13:38.512   942   942 I SystemServer: StartWindowManagerService
09-15 02:13:38.530   942   986 D SystemServerTimingAsync: AppDataPrepare took to complete: 889ms
09-15 02:13:38.530   942   986 I PackageManager: Deferred reconcileAppsData finished 62 packages
09-15 02:13:38.531   942   986 D SystemServerInitThreadPool: Finished executing prepareAppData
09-15 02:13:38.935   942   992 E libsensor1: sensor1_open: Error in connect() errno=2 No such file or directory
09-15 02:13:38.936   942   992 E sensor_reg: sensor_reg_sensor1_open: sensor1_open returned 11
09-15 02:13:38.937   942   992 E qcom_sensors_hal: hal_init: Error in sensor_reg_open(): -1
09-15 02:13:38.938   942   992 F system_server: Sensors.cpp:98] Check failed: getHalDeviceVersion() >= ((((1) & 0xff) << 24) | (((3) & 0xff) << 16) | ((1) & 0xffff)) (getHalDeviceVersion()=16777217, ((((1) & 0xff) << 24) | (((3) & 0xff) << 16) | ((1) & 0xffff))=16973825) 
09-15 02:13:38.939   942   992 F libc    : Fatal signal 6 (SIGABRT), code -6 in tid 992 (system-server-i)
09-15 02:13:38.983  1020  1020 E libc    : failed to raise ambient capability 36: Invalid argument
09-15 02:13:39.095  1021  1021 I crash_dump32: obtaining output fd from tombstoned
09-15 02:13:39.097   223   223 I /system/bin/tombstoned: received crash request for pid 942
09-15 02:13:39.099  1021  1021 I crash_dump32: performing dump of process 942 (target tid = 992)
09-15 02:13:39.099  1021  1021 F DEBUG   : *** *** *** *** *** *** *** *** *** *** *** *** *** *** *** ***
09-15 02:13:39.100  1021  1021 F DEBUG   : Build fingerprint: 'Android/aosp_mako/mako:8.0.0/OPR6.170623.012/102:userdebug/test-keys'
09-15 02:13:39.101  1021  1021 F DEBUG   : Revision: '0'
09-15 02:13:39.101  1021  1021 F DEBUG   : ABI: 'arm'
09-15 02:13:39.101  1021  1021 F DEBUG   : pid: 942, tid: 992, name: system-server-i  >>> system_server <<<
09-15 02:13:39.101  1021  1021 F DEBUG   : signal 6 (SIGABRT), code -6 (SI_TKILL), fault addr --------
09-15 02:13:39.116  1021  1021 F DEBUG   : Abort message: 'Sensors.cpp:98] Check failed: getHalDeviceVersion() >= ((((1) & 0xff) << 24) | (((3) & 0xff) << 16) | ((1) & 0xffff)) (getHalDeviceVersion()=16777217, ((((1) & 0xff) << 24) | (((3) & 0xff) << 16) | ((1) & 0xffff))=16973825) '
09-15 02:13:39.116  1021  1021 F DEBUG   :     r0 00000000  r1 000003e0  r2 00000006  r3 00000008
09-15 02:13:39.116  1021  1021 F DEBUG   :     r4 000003ae  r5 000003e0  r6 8fa7eee8  r7 0000010c
09-15 02:13:39.116  1021  1021 F DEBUG   :     r8 8f8e2793  r9 8f8e27d2  sl 8f8e27eb  fp 8f8dcc48
09-15 02:13:39.116  1021  1021 F DEBUG   :     ip 00000000  sp 8fa7eed8  lr aa523527  pc aa553bfc  cpsr 200f0010
09-15 02:13:39.162   202   258 D ThermalDaemon: Sensor 'tsens_tz_sensor8' - alarm raised 1 at 64.0 degC
09-15 02:13:39.191  1021  1021 F DEBUG   : 
09-15 02:13:39.191  1021  1021 F DEBUG   : backtrace:
09-15 02:13:39.191  1021  1021 F DEBUG   :     #00 pc 0004abfc  /system/lib/libc.so (tgkill+12)
09-15 02:13:39.191  1021  1021 F DEBUG   :     #01 pc 0001a523  /system/lib/libc.so (abort+54)
09-15 02:13:39.191  1021  1021 F DEBUG   :     #02 pc 0000755f  /system/lib/libbase.so (_ZN7android4base14DefaultAborterEPKc+6)
09-15 02:13:39.191  1021  1021 F DEBUG   :     #03 pc 00007e35  /system/lib/libbase.so (_ZN7android4base10LogMessageD2Ev+456)
09-15 02:13:39.191  1021  1021 F DEBUG   :     #04 pc 00006b65  /system/vendor/lib/hw/android.hardware.sensors@1.0-impl.so (_ZN7android8hardware7sensors4V1_014implementation7SensorsC1Ev+564)
09-15 02:13:39.191  1021  1021 F DEBUG   :     #05 pc 000077f9  /system/vendor/lib/hw/android.hardware.sensors@1.0-impl.so (HIDL_FETCH_ISensors+8)
09-15 02:13:39.191  1021  1021 F DEBUG   :     #06 pc 0001d4bd  /system/lib/libhidltransport.so (_ZN7android8hardware25PassthroughServiceManager3getERKNS0_11hidl_stringES4_+1372)
09-15 02:13:39.191  1021  1021 F DEBUG   :     #07 pc 0001b7ab  /system/lib/android.hardware.sensors@1.0.so (_ZN7android8hardware7sensors4V1_08ISensors10getServiceERKNSt3__112basic_stringIcNS4_11char_traitsIcEENS4_9allocatorIcEEEEb+926)
09-15 02:13:39.192  1021  1021 F DEBUG   :     #08 pc 0000bbb3  /system/lib/libsensorservice.so (_ZN7android12SensorDevice18connectHidlServiceEv+130)
09-15 02:13:39.192  1021  1021 F DEBUG   :     #09 pc 0000ba41  /system/lib/libsensorservice.so (_ZN7android12SensorDeviceC1Ev+224)
09-15 02:13:39.192  1021  1021 F DEBUG   :     #10 pc 0000b93b  /system/lib/libsensorservice.so (_ZN7android9SingletonINS_12SensorDeviceEE11getInstanceEv+26)
09-15 02:13:39.192  1021  1021 F DEBUG   :     #11 pc 00012b31  /system/lib/libsensorservice.so (_ZN7android13SensorService10onFirstRefEv+36)
09-15 02:13:39.192  1021  1021 F DEBUG   :     #12 pc 000321a3  /system/lib/libandroid_servers.so (_ZN7android13BinderServiceINS_13SensorServiceEE7publishEb+70)
09-15 02:13:39.192  1021  1021 F DEBUG   :     #13 pc 00031f21  /system/lib/libandroid_servers.so (_ZN7androidL46android_server_SystemServer_startSensorServiceEP7_JNIEnvP8_jobject+40)
09-15 02:13:39.192  1021  1021 F DEBUG   :     #14 pc 005d37e7  /data/dalvik-cache/arm/system@framework@services.jar@classes.dex (offset 0x4dd000)
09-15 02:13:40.490  1021  1021 E crash_dump32: unable to connect to activity manager: No such file or directory
09-15 02:13:40.490   223   223 E /system/bin/tombstoned: Tombstone written to: /data/tombstones//tombstone_01
09-15 02:13:40.549   165   165 I ServiceManager: service 'package' died
09-15 02:13:40.549   165   165 I ServiceManager: service 'otadexopt' died
09-15 02:13:40.549   165   165 I ServiceManager: service 'user' died
09-15 02:13:40.550   165   165 I ServiceManager: service 'activity' died
09-15 02:13:40.550   165   165 I ServiceManager: service 'procstats' died
09-15 02:13:40.550   165   165 I ServiceManager: service 'meminfo' died
09-15 02:13:40.550   165   165 I ServiceManager: service 'gfxinfo' died
09-15 02:13:40.550   165   165 I ServiceManager: service 'dbinfo' died
09-15 02:13:40.550   165   165 I ServiceManager: service 'cpuinfo' died
09-15 02:13:40.550   165   165 I ServiceManager: service 'permission' died
09-15 02:13:40.550   165   165 I ServiceManager: service 'processinfo' died
09-15 02:13:40.550   165   165 I ServiceManager: service 'dropbox' died
09-15 02:13:40.550   165   165 I ServiceManager: service 'battery' died
09-15 02:13:40.550   165   165 I ServiceManager: service 'usagestats' died
09-15 02:13:40.550   165   165 I ServiceManager: service 'overlay' died
09-15 02:13:40.550   165   165 I ServiceManager: service 'webviewupdate' died
09-15 02:13:40.550   165   165 I ServiceManager: service 'sec_key_att_app_id_provider' died
09-15 02:13:40.550   165   165 I ServiceManager: service 'scheduling_policy' died
09-15 02:13:40.550   165   165 I ServiceManager: service 'telephony.registry' died
09-15 02:13:40.550   165   165 I ServiceManager: service 'media.camera.proxy' died
09-15 02:13:40.550   165   165 I ServiceManager: service 'account' died
09-15 02:13:40.550   165   165 I ServiceManager: service 'content' died
09-15 02:13:40.550   165   165 I ServiceManager: service 'settings' died
09-15 02:13:40.550   165   165 I ServiceManager: service 'vibrator' died
09-15 02:13:40.550   165   165 I ServiceManager: service 'consumer_ir' died
09-15 02:13:40.550   165   165 I ServiceManager: service 'alarm' died
09-15 02:13:40.550   165   165 I ServiceManager: service 'display' died
09-15 02:13:40.550   165   165 I ServiceManager: service 'device_identifiers' died
09-15 02:13:40.551   165   165 I ServiceManager: service 'appops' died
09-15 02:13:40.551   165   165 I ServiceManager: service 'batterystats' died
09-15 02:13:40.551   165   165 I ServiceManager: service 'power' died
09-15 02:13:40.551   165   165 I ServiceManager: service 'recovery' died
09-15 02:13:40.771   192   192 I lowmemorykiller: ActivityManager disconnected
09-15 02:13:40.771   192   192 I lowmemorykiller: Closing Activity Manager data connection
09-15 02:13:41.146  1032  1032 E Diag_Lib:  Diag_LSM_Init: Failed to open handle to diag driver, error = 2
09-15 02:13:41.146  1032  1032 E Sensors : sns_fsa_la.c(386):fsa: fflush failed, 9
09-15 02:13:41.147  1032  1032 E Sensors : sns_fsa_la.c(386):fsa: fflush failed, 9
09-15 02:13:41.173  1032  1034 W Sensors : sns_smr_la.c(446):smr_la: smr_apps_la_thread_main is starting, fd=10, sns_smr.en_rx_msg_ptr=adeb09d4
09-15 02:13:41.196  1032  1034 W Sensors : sns_smr_la.c(467):smr_la: poll return revents: 0x1/ffffffff errno: 0
09-15 02:13:41.196  1032  1034 W Sensors : sns_main.c(1430):sns_main_exit called
09-15 02:13:41.197  1032  1034 E Sensors : error connecting error -1 Connection refused
09-15 02:13:41.243   844   844 I Zygote  : Process 942 exited due to signal (6)
09-15 02:13:41.243   844   844 E Zygote  : Exit zygote because system server (942) has terminated
09-15 02:13:41.390   165   165 I ServiceManager: service 'media.audio_flinger' died
09-15 02:13:41.390   165   165 I ServiceManager: service 'media.audio_policy' died
09-15 02:13:41.390   165   165 I ServiceManager: service 'media.aaudio' died
09-15 02:13:41.390   165   165 I ServiceManager: service 'media.radio' died
09-15 02:13:41.390   165   165 I ServiceManager: service 'media.sound_trigger_hw' died
09-15 02:13:41.484   165   165 I ServiceManager: service 'media.camera' died
09-15 02:13:41.564   165   165 I ServiceManager: service 'media.player' died
09-15 02:13:41.564   165   165 I ServiceManager: service 'media.resource_manager' died
09-15 02:13:41.625   165   165 I ServiceManager: service 'netd' died
09-15 02:13:41.834  1055  1055 W netd    : type=1400 audit(0.0:124): avc: granted { getattr } for path="/vendor" dev="rootfs" ino=4476 scontext=u:r:netd:s0 tcontext=u:object_r:rootfs:s0 tclass=lnk_file
09-15 02:13:41.961  1055  1055 I Netd    : Netd 1.0 starting
09-15 02:13:41.962  1055  1055 D TetherController: Setting IP forward enable = 0
09-15 02:13:42.004  1059  1059 W iptables-restor: type=1400 audit(0.0:125): avc: granted { getattr } for path="/vendor" dev="rootfs" ino=4476 scontext=u:r:netd:s0 tcontext=u:object_r:rootfs:s0 tclass=lnk_file
09-15 02:13:42.024  1060  1060 W ip6tables-resto: type=1400 audit(0.0:126): avc: granted { getattr } for path="/vendor" dev="rootfs" ino=4476 scontext=u:r:netd:s0 tcontext=u:object_r:rootfs:s0 tclass=lnk_file
09-15 02:13:42.054  1061  1061 W iptables: type=1400 audit(0.0:127): avc: granted { getattr } for path="/vendor" dev="rootfs" ino=4476 scontext=u:r:netd:s0 tcontext=u:object_r:rootfs:s0 tclass=lnk_file
09-15 02:13:42.074  1062  1062 W ip6tables: type=1400 audit(0.0:128): avc: granted { getattr } for path="/vendor" dev="rootfs" ino=4476 scontext=u:r:netd:s0 tcontext=u:object_r:rootfs:s0 tclass=lnk_file
09-15 02:13:42.104  1063  1063 W iptables: type=1400 audit(0.0:129): avc: granted { getattr } for path="/vendor" dev="rootfs" ino=4476 scontext=u:r:netd:s0 tcontext=u:object_r:rootfs:s0 tclass=lnk_file
09-15 02:13:42.124  1064  1064 W ip6tables: type=1400 audit(0.0:130): avc: granted { getattr } for path="/vendor" dev="rootfs" ino=4476 scontext=u:r:netd:s0 tcontext=u:object_r:rootfs:s0 tclass=lnk_file
09-15 02:13:42.144  1065  1065 W iptables: type=1400 audit(0.0:131): avc: granted { getattr } for path="/vendor" dev="rootfs" ino=4476 scontext=u:r:netd:s0 tcontext=u:object_r:rootfs:s0 tclass=lnk_file
09-15 02:13:42.174  1066  1066 W ip6tables: type=1400 audit(0.0:132): avc: granted { getattr } for path="/vendor" dev="rootfs" ino=4476 scontext=u:r:netd:s0 tcontext=u:object_r:rootfs:s0 tclass=lnk_file
09-15 02:13:42.194  1040  1040 I audioserver: type=1400 audit(0.0:133): avc: denied { read } for name="online" dev="sysfs" ino=34 scontext=u:r:audioserver:s0 tcontext=u:object_r:sysfs:s0 tclass=file permissive=1
09-15 02:13:42.194  1040  1040 I audioserver: type=1400 audit(0.0:134): avc: denied { open } for name="online" dev="sysfs" ino=34 scontext=u:r:audioserver:s0 tcontext=u:object_r:sysfs:s0 tclass=file permissive=1
09-15 02:13:42.224  1040  1040 I FastMixerState: sMaxFastTracks = 8
09-15 02:13:42.241  1040  1040 I audioserver: ServiceManager: 0xa600e4a0
09-15 02:13:42.242  1040  1040 W BatteryNotifier: batterystats service unavailable!
