09-15 02:11:15.434   205   205 D ACDB-LOADER: done with conversion, anc config size is 148
09-15 02:11:15.434   205   205 D ACDB-LOADER: ACDB -> ACDB_CMD_GET_ANC_SETTING
09-15 02:11:15.434   205   205 D ACDB-LOADER: done with conversion, anc config size is 148
09-15 02:11:15.434   205   205 D ACDB-LOADER: ACDB -> ACDB_CMD_GET_ANC_SETTING
09-15 02:11:15.434   205   205 D ACDB-LOADER: done with conversion, anc config size is 148
09-15 02:11:15.434   205   205 D ACDB-LOADER: ACDB -> ACDB_CMD_GET_ANC_SETTING
09-15 02:11:15.434   205   205 D ACDB-LOADER: done with conversion, anc config size is 74
09-15 02:11:15.434   205   205 D ACDB-LOADER: ACDB -> ACDB_CMD_GET_ANC_SETTING
09-15 02:11:15.434   205   205 D ACDB-LOADER: done with conversion, anc config size is 74
09-15 02:11:15.434   205   205 D ACDB-LOADER: ACDB -> init done!
09-15 02:11:15.443   205   205 E ext_speaker: open_speaker_bundle: DLOPEN failed for /vendor/lib/soundfx/libspeakerbundle.so
09-15 02:11:15.444   205   205 W audio_hw_primary: adev_open: DLOPEN failed for /vendor/lib/soundfx/libqcomvisualizer.so
09-15 02:11:15.444   205   205 W audio_hw_primary: adev_open: DLOPEN failed for /vendor/lib/soundfx/libqcompostprocbundle.so
09-15 02:11:15.444   205   205 W audio_hw_primary: adev_open: DLOPEN failed for libadm.so
09-15 02:11:15.444   205   205 E audio_hw_utils: audio_extn_utils_send_default_app_type_cfg: Could not get ctl for mixer cmd - App Type Config
09-15 02:11:15.444   205   205 D audio_hw_primary: adev_open: exit
09-15 02:11:15.445   205   205 W DeviceHAL: Device 0xa68c1300 get_master_volume: Function not implemented
09-15 02:11:15.445   205   205 W DeviceHAL: Device 0xa68c1300 get_master_mute: Function not implemented
09-15 02:11:15.445   205   205 W DeviceHAL: Device 0xa68c1300 set_master_volume: Function not implemented
09-15 02:11:15.445   205   205 W DeviceHAL: Device 0xa68c1300 set_master_mute: Function not implemented
09-15 02:11:15.445   205   205 I AudioFlinger: loadHwModule() Loaded primary audio interface, handle 10
09-15 02:11:15.445   205   205 I AudioFlinger: openOutput() this 0xa68b2000, module 10 Device 2, SamplingRate 48000, Format 0x000001, Channels 3, flags 2
09-15 02:11:15.450   205   205 I AudioFlinger: HAL output buffer size 240 frames, normal sink buffer size 960 frames
09-15 02:11:15.453   166   166 W /system/bin/hwservicemanager: getTransportFromManifest: Cannot find entry android.hardware.audio.effect@2.0::IEffectsFactory in either framework or device manifest, using default transport.
09-15 02:11:15.461   205   205 W EffectsFactory: checkLibraryPath() corrected library path /system/lib/soundfx/libbundlewrapper.so to /vendor/lib/soundfx/libbundlewrapper.so
09-15 02:11:15.465   205   205 W EffectsFactory: checkLibraryPath() corrected library path /system/lib/soundfx/libreverbwrapper.so to /vendor/lib/soundfx/libreverbwrapper.so
09-15 02:11:15.468   205   205 W EffectsFactory: checkLibraryPath() corrected library path /system/lib/soundfx/libvisualizer.so to /vendor/lib/soundfx/libvisualizer.so
09-15 02:11:15.470   205   205 W EffectsFactory: checkLibraryPath() corrected library path /system/lib/soundfx/libqcomvoiceprocessing.so to /vendor/lib/soundfx/libqcomvoiceprocessing.so
09-15 02:11:15.472   205   205 W EffectsFactory: checkLibraryPath() corrected library path /system/lib/soundfx/libdownmix.so to /vendor/lib/soundfx/libdownmix.so
09-15 02:11:15.474   205   205 W EffectsFactory: checkLibraryPath() corrected library path /system/lib/soundfx/libldnhncr.so to /vendor/lib/soundfx/libldnhncr.so
09-15 02:11:15.483   191   191 I kickstart-qcks: Reading RAW EFS2 partition
09-15 02:11:15.483   191   191 I kickstart-qcks: Running dd if=/dev/block/platform/msm_sdcc.1/by-name/m9kefs2 of=/data/qcks/temp.dump bs=1024 count=3072
09-15 02:11:15.486   205   205 E voice_processing: init: can't find /system/lib/soundfx/libqcomvoiceprocessingdescriptors.so
09-15 02:11:15.486   205   205 I BufferProvider: found effect "Multichannel Downmix To Stereo" from The Android Open Source Project
09-15 02:11:15.487   205   205 I AudioFlinger: Using module 10 as the primary audio interface
09-15 02:11:15.491   205   205 W AudioFlinger: moveEffects() bad srcOutput 0
09-15 02:11:15.492   205   361 I AudioFlinger: AudioFlinger's thread 0xa5cac200 tid=361 ready to run
09-15 02:11:15.492   205   361 W AudioFlinger: no wake lock to update, system not ready yet
09-15 02:11:15.493   205   361 D audio_hw_primary: out_set_parameters: enter: usecase(1: low-latency-playback) kvpairs: routing=2
09-15 02:11:15.500   205   205 I AudioFlinger: openOutput() this 0xa68b2000, module 10 Device 2, SamplingRate 48000, Format 0x000001, Channels 3, flags 8
09-15 02:11:15.500   205   205 I AudioFlinger: HAL output buffer size 1920 frames, normal sink buffer size 1920 frames
09-15 02:11:15.501   205   361 W AudioFlinger: no wake lock to update, system not ready yet
09-15 02:11:15.502   205   363 I AudioFlinger: AudioFlinger's thread 0xa5283540 tid=363 ready to run
09-15 02:11:15.502   205   363 W AudioFlinger: no wake lock to update, system not ready yet
09-15 02:11:15.502   205   363 D audio_hw_primary: out_set_parameters: enter: usecase(0: deep-buffer-playback) kvpairs: routing=2
09-15 02:11:15.505   205   369 I AudioFlinger: AudioFlinger's thread 0xa5003b40 tid=369 ready to run
09-15 02:11:15.505   205   363 W AudioFlinger: no wake lock to update, system not ready yet
09-15 02:11:15.534   205   205 I bt_a2dp_hw: adev_open:  adev_open in A2dp_hw module
09-15 02:11:15.535   205   205 I AudioFlinger: loadHwModule() Loaded a2dp audio interface, handle 18
09-15 02:11:15.535   205   205 I vndksupport: sphal namespace is not configured for this process. Loading /vendor/lib/hw/audio.usb.default.so from the current namespace instead.
09-15 02:11:15.541   205   205 I AudioFlinger: loadHwModule() Loaded usb audio interface, handle 26
09-15 02:11:15.542   205   205 I vndksupport: sphal namespace is not configured for this process. Loading /vendor/lib/hw/audio.r_submix.default.so from the current namespace instead.
09-15 02:11:15.545   205   205 I r_submix: adev_open(name=audio_hw_if)
09-15 02:11:15.545   205   205 I r_submix: adev_init_check()
09-15 02:11:15.545   205   205 W DeviceHAL: Device 0xa52d9f00 set_master_mute: Function not implemented
09-15 02:11:15.545   205   205 I AudioFlinger: loadHwModule() Loaded r_submix audio interface, handle 34
09-15 02:11:15.545   205   205 D r_submix: adev_open_input_stream(addr=0)
09-15 02:11:15.546   205   205 D r_submix: submix_audio_device_create_pipe_l(addr=0, idx=9)
09-15 02:11:15.546   205   205 D r_submix:   now using address 0 for route 9
09-15 02:11:15.546   205   381 I AudioFlinger: AudioFlinger's thread 0xa50036c0 tid=381 ready to run
09-15 02:11:15.547   205   205 D r_submix: adev_close_input_stream()
09-15 02:11:15.547   205   205 D r_submix: submix_audio_device_release_pipe_l(idx=9) addr=0
09-15 02:11:15.547   205   205 D r_submix: submix_audio_device_destroy_pipe_l(): pipe destroyed
09-15 02:11:15.549   205   205 I RadioService: RadioService
09-15 02:11:15.549   205   205 I RadioService: onFirstRef
09-15 02:11:15.550   166   166 W /system/bin/hwservicemanager: getTransportFromManifest: Cannot find entry android.hardware.broadcastradio@1.0::IBroadcastRadioFactory in either framework or device manifest, using default transport.
09-15 02:11:15.552   205   205 E RadioService: could not read implementation properties
09-15 02:11:15.553   166   166 W /system/bin/hwservicemanager: getTransportFromManifest: Cannot find entry android.hardware.soundtrigger@2.0::ISoundTriggerHw in either framework or device manifest, using default transport.
09-15 02:11:15.555   205   205 E SoundTriggerHwService: could not read implementation properties
09-15 02:11:15.574   304   304 I WifiUtil: We don't need to write the default value for NvFilelds
09-15 02:11:15.574   378   378 E Diag_Lib:  Diag_LSM_Init: Failed to open handle to diag driver, error = 2
09-15 02:11:15.574   378   378 E Sensors : sns_fsa_la.c(386):fsa: fflush failed, 9
09-15 02:11:15.575   378   378 E Sensors : sns_fsa_la.c(386):fsa: fflush failed, 9
09-15 02:11:15.588   354   354 W dex2oat : type=1400 audit(0.0:54): avc: granted { read } for name="online" dev="sysfs" ino=34 scontext=u:r:zygote:s0 tcontext=u:object_r:sysfs:s0 tclass=file
09-15 02:11:15.588   354   354 W dex2oat : type=1400 audit(0.0:55): avc: granted { read open } for name="online" dev="sysfs" ino=34 scontext=u:r:zygote:s0 tcontext=u:object_r:sysfs:s0 tclass=file
09-15 02:11:15.588   354   354 W dex2oat : type=1400 audit(0.0:56): avc: granted { getattr } for path="/sys/devices/system/cpu/online" dev="sysfs" ino=34 scontext=u:r:zygote:s0 tcontext=u:object_r:sysfs:s0 tclass=file
09-15 02:11:15.598   354   354 W dex2oat : type=1400 audit(0.0:57): avc: granted { read } for name="cpu" dev="sysfs" ino=32 scontext=u:r:zygote:s0 tcontext=u:object_r:sysfs:s0 tclass=dir
09-15 02:11:15.598   354   354 W dex2oat : type=1400 audit(0.0:58): avc: granted { read open } for name="cpu" dev="sysfs" ino=32 scontext=u:r:zygote:s0 tcontext=u:object_r:sysfs:s0 tclass=dir
09-15 02:11:15.606   354   354 W dex2oat : Using default instruction set features for ARM CPU variant (default) using conservative defaults
09-15 02:11:15.609   354   354 I dex2oat : /system/bin/dex2oat --image=/data/dalvik-cache/arm/system@framework@boot.art --dex-file=/system/framework/core-oj.jar --dex-file=/system/framework/core-libart.jar --dex-file=/system/framework/conscrypt.jar --dex-file=/system/framework/okhttp.jar --dex-file=/system/framework/legacy-test.jar --dex-file=/system/framework/bouncycastle.jar --dex-file=/system/framework/ext.jar --dex-file=/system/framework/framework.jar --dex-file=/system/framework/telephony-common.jar --dex-file=/system/framework/voip-common.jar --dex-file=/system/framework/ims-common.jar --dex-file=/system/framework/apache-xml.jar --dex-file=/system/framework/org.apache.http.legacy.boot.jar --dex-file=/system/framework/android.hidl.base-V1.0-java.jar --dex-file=/system/framework/android.hidl.manager-V1.0-java.jar --oat-file=/data/dalvik-cache/arm/system@framework@boot.oat --instruction-set=arm --instruction-set-features=div,atomic_ldrd_strd,-armv8a --base=0x6f8ca000 --runtime-arg -Xms64m --runtime-arg -Xmx64m --image-classes=/system/etc/preloaded
09-15 02:11:15.630   191   191 I kickstart-qcks: Combining Header2 with RAW EFS2 partition
09-15 02:11:15.630   191   191 I kickstart-qcks: Running cat /firmware/image/efs2.mbn /data/qcks/temp.dump > /data/qcks/efs2.bin
09-15 02:11:15.702   193   193 D qdoverlay: initoverlay:: opening the device:: /dev/graphics/fb0
09-15 02:11:15.703   193   193 D qdoverlay: initoverlay:: opening the device:: /dev/graphics/fb1
09-15 02:11:15.703   193   193 D qdoverlay: initoverlay:: opening the device:: /dev/graphics/fb2
09-15 02:11:15.703   191   191 I kickstart-qcks: Reading RAW EFS3 partition
09-15 02:11:15.703   191   191 I kickstart-qcks: Running dd if=/dev/block/platform/msm_sdcc.1/by-name/m9kefs3 of=/data/qcks/temp.dump bs=1024 count=3072
09-15 02:11:15.731   193   193 D qdoverlay: initoverlay:: opening the device:: /dev/graphics/fb0
09-15 02:11:15.731   193   193 D qdoverlay: initoverlay:: opening the device:: /dev/graphics/fb1
09-15 02:11:15.731   193   193 D qdoverlay: initoverlay:: opening the device:: /dev/graphics/fb2
09-15 02:11:15.739   191   191 I kickstart-qcks: Combining Header3 with RAW EFS3 partition
09-15 02:11:15.739   191   191 I kickstart-qcks: Running cat /firmware/image/efs3.mbn /data/qcks/temp.dump > /data/qcks/efs3.bin
09-15 02:11:15.754   378   394 W Sensors : sns_smr_la.c(446):smr_la: smr_apps_la_thread_main is starting, fd=10, sns_smr.en_rx_msg_ptr=ac8a19d4
09-15 02:11:15.754   378   394 W Sensors : sns_smr_la.c(467):smr_la: poll return revents: 0x1/ffffffff errno: 0
09-15 02:11:15.755   378   394 W Sensors : sns_main.c(1430):sns_main_exit called
09-15 02:11:15.755   378   394 E Sensors : error connecting error -1 Connection refused
09-15 02:11:15.763   193   193 I qdhwcomposer: Initializing Qualcomm Hardware Composer
09-15 02:11:15.763   193   193 I qdhwcomposer: MDP version: 440
09-15 02:11:15.764   193   193 D qdhwcomposer: connectPPDaemon: CABL is disabled
09-15 02:11:15.764   193   193 I SurfaceFlinger: Using composer version 1.2
09-15 02:11:15.764   193   193 I qdhwcomposer: hwc_registerProcs
09-15 02:11:15.764   193   193 I qdhwcomposer: Initializing UEVENT Thread
09-15 02:11:15.764   193   193 I qdhwcomposer: Initializing VSYNC Thread
09-15 02:11:15.764   193   193 D qdhwcomposer: hwc_getDisplayAttributes disp = 0, width = 768
09-15 02:11:15.764   193   193 D qdhwcomposer: hwc_getDisplayAttributes disp = 0, height = 1280
09-15 02:11:15.792   193   193 I SurfaceFlinger: EGL information:
09-15 02:11:15.792   193   193 I SurfaceFlinger: vendor    : Android
09-15 02:11:15.792   193   193 I SurfaceFlinger: version   : 1.4 Android META-EGL
09-15 02:11:15.792   193   193 I SurfaceFlinger: extensions: EGL_KHR_get_all_proc_addresses EGL_ANDROID_presentation_time EGL_KHR_swap_buffers_with_damage EGL_ANDROID_get_native_client_buffer EGL_ANDROID_front_buffer_auto_refresh EGL_ANDROID_get_frame_timestamps EGL_KHR_image EGL_KHR_image_base EGL_KHR_lock_surface EGL_KHR_gl_colorspace EGL_KHR_gl_texture_2D_image EGL_KHR_gl_texture_3D_image EGL_KHR_gl_texture_cubemap_image EGL_KHR_gl_renderbuffer_image EGL_KHR_fence_sync EGL_KHR_create_context EGL_EXT_create_context_robustness EGL_ANDROID_image_native_buffer EGL_KHR_wait_sync EGL_ANDROID_recordable EGL_KHR_partial_update EGL_IMG_context_priority 
09-15 02:11:15.792   193   193 I SurfaceFlinger: Client API: OpenGL_ES
09-15 02:11:15.792   193   193 I SurfaceFlinger: EGLSurface: 8-8-8-8, config=0x5
09-15 02:11:15.794   193   193 I SurfaceFlinger: OpenGL ES informations:
09-15 02:11:15.794   193   193 I SurfaceFlinger: vendor    : Qualcomm
09-15 02:11:15.794   193   193 I SurfaceFlinger: renderer  : Adreno (TM) 320
09-15 02:11:15.794   193   193 I SurfaceFlinger: version   : OpenGL ES 3.0 V@127.0 AU@  (GIT@Ibddc658e36)
09-15 02:11:15.794   193   193 I SurfaceFlinger: extensions: GL_AMD_compressed_ATC_texture GL_AMD_performance_monitor GL_AMD_program_binary_Z400 GL_EXT_debug_label GL_EXT_debug_marker GL_EXT_discard_framebuffer GL_EXT_robustness GL_EXT_texture_format_BGRA8888 GL_EXT_texture_type_2_10_10_10_REV GL_NV_fence GL_OES_compressed_ETC1_RGB8_texture GL_OES_depth_texture GL_OES_depth24 GL_OES_EGL_image GL_OES_EGL_sync GL_OES_EGL_image_external GL_OES_element_index_uint GL_OES_fbo_render_mipmap GL_OES_fragment_precision_high GL_OES_get_program_binary GL_OES_packed_depth_stencil GL_OES_depth_texture_cube_map GL_OES_rgb8_rgba8 GL_OES_standard_derivatives GL_OES_texture_3D GL_OES_texture_float GL_OES_texture_half_float GL_OES_texture_half_float_linear GL_OES_texture_npot GL_OES_vertex_half_float GL_OES_vertex_type_10_10_10_2 GL_OES_vertex_array_object GL_QCOM_alpha_test GL_QCOM_binning_control GL_QCOM_driver_control GL_QCOM_perfmon_global_mode GL_QCOM_extended_get GL_QCOM_extended_get2 GL_QCOM_tiled_rendering GL_QCOM_writeonly_rendering GL_EXT_sRGB GL_EXT_sRGB_write_con
09-15 02:11:15.794   193   193 I SurfaceFlinger: GL_MAX_TEXTURE_SIZE = 4096
09-15 02:11:15.794   193   193 I SurfaceFlinger: GL_MAX_VIEWPORT_DIMS = 4096
09-15 02:11:15.796   191   191 I kickstart-qcks: Combining ACDB Header with ACDB binary
09-15 02:11:15.796   191   191 I kickstart-qcks: Running cat /firmware/image/acdb.mbn /firmware/image/mdm_acdb.img > /data/qcks/acdb.bin
09-15 02:11:15.830   354   354 I dex2oat : setting boot class path to /system/framework/core-oj.jar:/system/framework/core-libart.jar:/system/framework/conscrypt.jar:/system/framework/okhttp.jar:/system/framework/legacy-test.jar:/system/framework/bouncycastle.jar:/system/framework/ext.jar:/system/framework/framework.jar:/system/framework/telephony-common.jar:/system/framework/voip-common.jar:/system/framework/ims-common.jar:/system/framework/apache-xml.jar:/system/framework/org.apache.http.legacy.boot.jar:/system/framework/android.hidl.base-V1.0-java.jar:/system/framework/android.hidl.manager-V1.0-java.jar
09-15 02:11:15.893   193   193 I SurfaceFlinger: EGL information:
09-15 02:11:15.893   193   193 I SurfaceFlinger: vendor    : Android
09-15 02:11:15.893   193   193 I SurfaceFlinger: version   : 1.4 Android META-EGL
09-15 02:11:15.893   193   193 I SurfaceFlinger: extensions: EGL_KHR_get_all_proc_addresses EGL_ANDROID_presentation_time EGL_KHR_swap_buffers_with_damage EGL_ANDROID_get_native_client_buffer EGL_ANDROID_front_buffer_auto_refresh EGL_ANDROID_get_frame_timestamps EGL_KHR_image EGL_KHR_image_base EGL_KHR_lock_surface EGL_KHR_gl_colorspace EGL_KHR_gl_texture_2D_image EGL_KHR_gl_texture_3D_image EGL_KHR_gl_texture_cubemap_image EGL_KHR_gl_renderbuffer_image EGL_KHR_fence_sync EGL_KHR_create_context EGL_EXT_create_context_robustness EGL_ANDROID_image_native_buffer EGL_KHR_wait_sync EGL_ANDROID_recordable EGL_KHR_partial_update EGL_IMG_context_priority 
09-15 02:11:15.893   193   193 I SurfaceFlinger: Client API: OpenGL_ES
09-15 02:11:15.893   193   193 I SurfaceFlinger: EGLSurface: 8-8-8-8, config=0x5
09-15 02:11:15.893   193   193 W Adreno-EGL: <qeglDrvAPI_eglGetConfigAttrib:607>: EGL_BAD_ATTRIBUTE
09-15 02:11:15.894   193   193 I vndksupport: sphal namespace is not configured for this process. Loading /vendor/lib/hw/gralloc.msm8960.so from the current namespace instead.
09-15 02:11:15.902   191   191 I kickstart-qcks: Loading Sahara images
09-15 02:11:15.902   191   191 I kickstart-qcks: Testing if port "/dev/ks_hsic_bridge" exists
09-15 02:11:15.902   191   191 E kickstart-qcks: RUNNING:	/system/bin/ks  -w /data/tombstones/mdm/ -p /dev/ks_hsic_bridge -r 21 -s 2:/firmware/image/amss.mbn -s 6:/firmware/image/apps.mbn -s 8:/firmware/image/dsp1.mbn -s 11:/firmware/image/osbl.mbn -s 12:/firmware/image/dsp2.mbn -s 21:/firmware/image/sbl1.mbn -s 22:/firmware/image/sbl2.mbn -s 23:/firmware/image/rpm.mbn -s 28:/firmware/image/dsp3.mbn -s 16:/data/qcks/efs1.bin -s 17:/data/qcks/efs2.bin -s 20:/data/qcks/efs3.bin -s 29:/data/qcks/acdb.bin
09-15 02:11:16.009   402   402 E kickstart: ERROR: function: use_wakelock:551 Failed to open wake lock file /sys/power/wake_lock: Permission denied
09-15 02:11:16.014   402   402 E kickstart: Requested ID 21, file "/firmware/image/sbl1.mbn"
09-15 02:11:16.137   402   402 E kickstart: 117700 bytes transferred in 0.122s (0.92 MBps)
09-15 02:11:16.137   402   402 E kickstart: ERROR: function: use_wakelock:551 Failed to open wake lock file /sys/power/wake_unlock: Permission denied
09-15 02:11:16.309   402   402 E kickstart: ERROR: function: use_wakelock:551 Failed to open wake lock file /sys/power/wake_lock: Permission denied
09-15 02:11:16.313   402   402 E kickstart: Requested ID 23, file "/firmware/image/rpm.mbn"
09-15 02:11:16.352   193   193 D SurfaceFlinger: shader cache generated - 24 shaders in 448.771545 ms
09-15 02:11:16.356   193   193 D SurfaceFlinger: Set power mode=2, type=0 flinger=0xb24b6000
09-15 02:11:16.417   402   402 E kickstart: 105696 bytes transferred in 0.104s (0.97 MBps)
09-15 02:11:16.417   402   402 E kickstart: ERROR: function: use_wakelock:551 Failed to open wake lock file /sys/power/wake_unlock: Permission denied
09-15 02:11:16.417   402   402 E kickstart: ERROR: function: use_wakelock:551 Failed to open wake lock file /sys/power/wake_lock: Permission denied
09-15 02:11:16.421   402   402 E kickstart: Requested ID 22, file "/firmware/image/sbl2.mbn"
09-15 02:11:16.461   402   402 E kickstart: 242376 bytes transferred in 0.040s (5.80 MBps)
09-15 02:11:16.461   402   402 E kickstart: ERROR: function: use_wakelock:551 Failed to open wake lock file /sys/power/wake_unlock: Permission denied
09-15 02:11:16.465   166   166 W /system/bin/hwservicemanager: getTransportFromManifest: Cannot find entry android.hardware.graphics.mapper@2.0::IMapper in either framework or device manifest, using default transport.
09-15 02:11:16.473   402   402 E kickstart: ERROR: function: use_wakelock:551 Failed to open wake lock file /sys/power/wake_lock: Permission denied
09-15 02:11:16.477   402   402 E kickstart: Requested ID 12, file "/firmware/image/dsp2.mbn"
09-15 02:11:16.484   193   193 I vndksupport: sphal namespace is not configured for this process. Loading /vendor/lib/hw/gralloc.msm8960.so from the current namespace instead.
09-15 02:11:16.492   193   193 I vndksupport: sphal namespace is not configured for this process. Loading /vendor/lib/hw/gralloc.msm8960.so from the current namespace instead.
09-15 02:11:17.596   410   415 I vndksupport: sphal namespace is not configured for this process. Loading /vendor/lib/egl/libEGL_adreno.so from the current namespace instead.
09-15 02:11:17.599   410   415 D libEGL  : loaded /vendor/lib/egl/libEGL_adreno.so
09-15 02:11:17.600   410   415 I vndksupport: sphal namespace is not configured for this process. Loading /vendor/lib/egl/libGLESv1_CM_adreno.so from the current namespace instead.
09-15 02:11:17.614   410   415 D libEGL  : loaded /vendor/lib/egl/libGLESv1_CM_adreno.so
09-15 02:11:17.657   410   415 I vndksupport: sphal namespace is not configured for this process. Loading /vendor/lib/egl/libGLESv2_adreno.so from the current namespace instead.
09-15 02:11:17.670   410   415 D libEGL  : loaded /vendor/lib/egl/libGLESv2_adreno.so
09-15 02:11:17.714   410   415 I Adreno-EGL: <qeglDrvAPI_eglInitialize:379>: QUALCOMM Build: 09/02/15, 76f806e, Ibddc658e36
09-15 02:11:17.717   410   415 W Adreno-EGL: <qeglDrvAPI_eglGetConfigAttrib:607>: EGL_BAD_ATTRIBUTE
09-15 02:11:17.718   410   415 I vndksupport: sphal namespace is not configured for this process. Loading /vendor/lib/hw/gralloc.msm8960.so from the current namespace instead.
09-15 02:11:17.739   410   415 D BootAnimation: BootAnimationShownTiming start time: 12938ms
09-15 02:11:17.799   166   166 W /system/bin/hwservicemanager: getTransportFromManifest: Cannot find entry android.hardware.graphics.mapper@2.0::IMapper in either framework or device manifest, using default transport.
09-15 02:11:17.803   410   415 I vndksupport: sphal namespace is not configured for this process. Loading /vendor/lib/hw/gralloc.msm8960.so from the current namespace instead.
09-15 02:11:18.741   201   201 I netmgrd : type=1400 audit(0.0:59): avc: denied { ioctl } for path="socket:[8168]" dev="sockfs" ino=8168 ioctlcmd=89f3 scontext=u:r:netmgrd:s0 tcontext=u:r:netmgrd:s0 tclass=udp_socket permissive=1
09-15 02:11:18.741   201   201 I netmgrd : type=1400 audit(0.0:60): avc: denied { ioctl } for path="socket:[8169]" dev="sockfs" ino=8169 ioctlcmd=89f9 scontext=u:r:netmgrd:s0 tcontext=u:r:netmgrd:s0 tclass=udp_socket permissive=1
09-15 02:11:18.741   201   201 I netmgrd : type=1400 audit(0.0:61): avc: denied { ioctl } for path="socket:[8185]" dev="sockfs" ino=8185 ioctlcmd=89f8 scontext=u:r:netmgrd:s0 tcontext=u:r:netmgrd:s0 tclass=udp_socket permissive=1
09-15 02:11:20.570   428   428 E Diag_Lib:  Diag_LSM_Init: Failed to open handle to diag driver, error = 2
09-15 02:11:20.570   428   428 E Sensors : sns_fsa_la.c(386):fsa: fflush failed, 9
09-15 02:11:20.570   428   428 E Sensors : sns_fsa_la.c(386):fsa: fflush failed, 9
09-15 02:11:20.593   428   430 W Sensors : sns_smr_la.c(446):smr_la: smr_apps_la_thread_main is starting, fd=10, sns_smr.en_rx_msg_ptr=a9cea9d4
09-15 02:11:20.593   428   430 W Sensors : sns_smr_la.c(467):smr_la: poll return revents: 0x1/ffffffff errno: 0
09-15 02:11:20.594   428   430 W Sensors : sns_main.c(1430):sns_main_exit called
09-15 02:11:20.594   428   430 E Sensors : error connecting error -1 Connection refused
09-15 02:11:23.877   402   402 E kickstart: 32137174 bytes transferred in 7.400s (4.14 MBps)
09-15 02:11:23.877   402   402 E kickstart: ERROR: function: use_wakelock:551 Failed to open wake lock file /sys/power/wake_unlock: Permission denied
09-15 02:11:23.893   402   402 E kickstart: ERROR: function: use_wakelock:551 Failed to open wake lock file /sys/power/wake_lock: Permission denied
09-15 02:11:23.897   402   402 E kickstart: Requested ID 28, file "/firmware/image/dsp3.mbn"
09-15 02:11:24.473   402   402 E kickstart: 6334186 bytes transferred in 0.576s (10.49 MBps)
09-15 02:11:24.473   402   402 E kickstart: ERROR: function: use_wakelock:551 Failed to open wake lock file /sys/power/wake_unlock: Permission denied
09-15 02:11:24.474   402   402 E kickstart: ERROR: function: use_wakelock:551 Failed to open wake lock file /sys/power/wake_lock: Permission denied
09-15 02:11:24.477   402   402 E kickstart: Requested ID 8, file "/firmware/image/dsp1.mbn"
09-15 02:11:24.753   402   402 E kickstart: 2688527 bytes transferred in 0.276s (9.29 MBps)
09-15 02:11:24.753   402   402 E kickstart: ERROR: function: use_wakelock:551 Failed to open wake lock file /sys/power/wake_unlock: Permission denied
09-15 02:11:24.754   402   402 E kickstart: ERROR: function: use_wakelock:551 Failed to open wake lock file /sys/power/wake_lock: Permission denied
09-15 02:11:24.757   402   402 E kickstart: Requested ID 16, file "/data/qcks/efs1.bin"
09-15 02:11:24.829   402   402 E kickstart: 786472 bytes transferred in 0.072s (10.44 MBps)
09-15 02:11:24.829   402   402 E kickstart: ERROR: function: use_wakelock:551 Failed to open wake lock file /sys/power/wake_unlock: Permission denied
09-15 02:11:24.830   402   402 E kickstart: ERROR: function: use_wakelock:551 Failed to open wake lock file /sys/power/wake_lock: Permission denied
09-15 02:11:24.833   402   402 E kickstart: Requested ID 17, file "/data/qcks/efs2.bin"
09-15 02:11:24.901   402   402 E kickstart: 786472 bytes transferred in 0.068s (11.05 MBps)
09-15 02:11:24.901   402   402 E kickstart: ERROR: function: use_wakelock:551 Failed to open wake lock file /sys/power/wake_unlock: Permission denied
09-15 02:11:24.901   402   402 E kickstart: ERROR: function: use_wakelock:551 Failed to open wake lock file /sys/power/wake_lock: Permission denied
09-15 02:11:24.905   402   402 E kickstart: Requested ID 20, file "/data/qcks/efs3.bin"
09-15 02:11:24.981   402   402 E kickstart: 786472 bytes transferred in 0.076s (9.89 MBps)
09-15 02:11:24.981   402   402 E kickstart: ERROR: function: use_wakelock:551 Failed to open wake lock file /sys/power/wake_unlock: Permission denied
09-15 02:11:24.981   402   402 E kickstart: ERROR: function: use_wakelock:551 Failed to open wake lock file /sys/power/wake_lock: Permission denied
09-15 02:11:24.985   402   402 E kickstart: Requested ID 29, file "/data/qcks/acdb.bin"
09-15 02:11:25.177   402   402 E kickstart: 2097192 bytes transferred in 0.192s (10.42 MBps)
09-15 02:11:25.177   402   402 E kickstart: ERROR: function: use_wakelock:551 Failed to open wake lock file /sys/power/wake_unlock: Permission denied
09-15 02:11:25.178   402   402 E kickstart: ERROR: function: use_wakelock:551 Failed to open wake lock file /sys/power/wake_lock: Permission denied
09-15 02:11:25.181   402   402 E kickstart: Requested ID 6, file "/firmware/image/apps.mbn"
09-15 02:11:25.461   402   402 E kickstart: 2630368 bytes transferred in 0.280s (8.96 MBps)
09-15 02:11:25.461   402   402 E kickstart: ERROR: function: use_wakelock:551 Failed to open wake lock file /sys/power/wake_unlock: Permission denied
09-15 02:11:25.461   402   402 E kickstart: Sahara protocol completed
09-15 02:11:25.462   402   402 E kickstart: Removing linked list of input files
09-15 02:11:25.462   402   402 E kickstart: Removing linked list of input files
09-15 02:11:25.463   191   191 I kickstart-qcks: RetCode = 0
09-15 02:11:25.463   191   191 E kickstart-qcks: Sahara transfer completed successfully
09-15 02:11:25.464   191   191 E kickstart-qcks: Spawning efsks
09-15 02:11:25.517   432   432 I kickstart-efsks: EFS_TTY='/dev/efs_hsic_bridge'
09-15 02:11:25.517   432   432 I kickstart-efsks: Parsing 'where to save memorydump' options
09-15 02:11:25.517   432   432 I kickstart-efsks: PathToSaveFiles='/dev/block/platform/msm_sdcc.1/by-name/'
09-15 02:11:25.517   432   432 I kickstart-efsks: EFSKS parameters
09-15 02:11:25.517   432   432 I kickstart-efsks: EFS_TTY='/dev/efs_hsic_bridge'
09-15 02:11:25.517   432   432 I kickstart-efsks: ks_path='/system/bin/ks'
09-15 02:11:25.517   432   432 I kickstart-efsks: PathToSaveFiles='/dev/block/platform/msm_sdcc.1/by-name/'
09-15 02:11:25.517   432   432 I kickstart-efsks: RX_Timeout=-1
09-15 02:11:25.517   432   432 E kickstart-efsks: File '/dev/efs_hsic_bridge' was not found
09-15 02:11:25.517   432   432 E kickstart-efsks: /dev/efs_hsic_bridge does not exist.
09-15 02:11:25.572   433   433 E Diag_Lib:  Diag_LSM_Init: Failed to open handle to diag driver, error = 2
09-15 02:11:25.574   433   433 E Sensors : sns_fsa_la.c(386):fsa: fflush failed, 9
09-15 02:11:25.575   433   433 E Sensors : sns_fsa_la.c(386):fsa: fflush failed, 9
09-15 02:11:25.603   433   435 W Sensors : sns_smr_la.c(446):smr_la: smr_apps_la_thread_main is starting, fd=10, sns_smr.en_rx_msg_ptr=a93ab9d4
09-15 02:11:25.625   433   435 W Sensors : sns_smr_la.c(467):smr_la: poll return revents: 0x8/ffffffff errno: 0
09-15 02:11:25.673   433   435 W Sensors : sns_main.c(1430):sns_main_exit called
09-15 02:11:25.673   433   435 E Sensors : error connecting error -1 Connection refused
09-15 02:11:27.258   201   201 E Diag_Lib:  Diag_LSM_Init: Failed to open handle to diag driver, error = 2
09-15 02:11:27.518   432   432 E kickstart-efsks: RUNNING: '/system/bin/ks -m -w /dev/block/platform/msm_sdcc.1/by-name/ -p /dev/efs_hsic_bridge -t -1 -l'
09-15 02:11:27.566   445   445 E kickstart: ERROR: function: use_wakelock:551 Failed to open wake lock file /sys/power/wake_lock: Permission denied
09-15 02:11:27.569   445   445 E kickstart: ERROR: function: use_wakelock:551 Failed to open wake lock file /sys/power/wake_unlock: Permission denied
09-15 02:11:29.159   202   258 D ThermalDaemon: Sensor 'tsens_tz_sensor8' - alarm raised 1 at 61.0 degC
09-15 02:11:29.173   247   247 I thermald: type=1400 audit(0.0:62): avc: denied { ioctl } for path="socket:[7112]" dev="sockfs" ino=7112 ioctlcmd=c302 scontext=u:r:thermald:s0 tcontext=u:r:thermald:s0 tclass=socket permissive=1
09-15 02:11:29.178   202   247 E QMI_FW  : QMUXD: Service_id=24 not found over conn_id=0
09-15 02:11:29.179   202   246 E QMI_FW  : QMUXD: Service_id=24 not found over conn_id=0
09-15 02:11:29.179   202   248 E QMI_FW  : QMUXD: Service_id=23 not found over conn_id=0
09-15 02:11:29.189   202   247 D ThermalDaemon: qmi: Instance id 25 for fusion TMD
09-15 02:11:29.221   202   247 E QMI_FW  : QMUXD: Service_id=24 not found over conn_id=0
09-15 02:11:29.221   202   248 D ThermalDaemon: qmi: Instance id 25 for fusion TS
09-15 02:11:29.273   202   246 E QMI_FW  : QMUXD: Service_id=24 not found over conn_id=0
09-15 02:11:29.273   202   248 E QMI_FW  : QMUXD: Service_id=23 not found over conn_id=0
09-15 02:11:29.273   202   247 E QMI_FW  : QMUXD: Service_id=24 not found over conn_id=0
09-15 02:11:29.286   202   246 E QMI_FW  : QMUXD: Service_id=24 not found over conn_id=0
09-15 02:11:29.299   202   248 E QMI_FW  : QMUXD: Service_id=23 not found over conn_id=0
09-15 02:11:29.326   202   247 E QMI_FW  : QMUXD: Service_id=24 not found over conn_id=0
09-15 02:11:29.372   202   248 E QMI_FW  : QMUXD: Service_id=23 not found over conn_id=0
09-15 02:11:29.372   202   247 E QMI_FW  : QMUXD: Service_id=24 not found over conn_id=0
09-15 02:11:29.373   201   201 I netmgrd : type=1400 audit(0.0:63): avc: denied { ioctl } for path="socket:[10374]" dev="sockfs" ino=10374 ioctlcmd=89f2 scontext=u:r:netmgrd:s0 tcontext=u:r:netmgrd:s0 tclass=udp_socket permissive=1
09-15 02:11:29.373   201   201 I netmgrd : type=1400 audit(0.0:64): avc: denied { ioctl } for path="socket:[10375]" dev="sockfs" ino=10375 ioctlcmd=89f5 scontext=u:r:netmgrd:s0 tcontext=u:r:netmgrd:s0 tclass=udp_socket permissive=1
09-15 02:11:29.392   202   248 E QMI_FW  : QMUXD: Service_id=23 not found over conn_id=0
09-15 02:11:29.472   202   247 D ThermalDaemon: Fusion modem thermal mitigation available.
09-15 02:11:29.473   202   248 D ThermalDaemon: Modem thermal sensor service available.
09-15 02:11:29.767   354   354 W dex2oat : Skipping class android.hidl.base.V1_0.DebugInfo$Architecture from /system/framework/android.hidl.base-V1.0-java.jar previously found in /system/framework/telephony-common.jar
09-15 02:11:29.768   354   448 W dex2oat : Skipping class android.hidl.base.V1_0.DebugInfo from /system/framework/android.hidl.base-V1.0-java.jar previously found in /system/framework/telephony-common.jar
09-15 02:11:29.768   354   447 W dex2oat : Skipping class android.hidl.base.V1_0.IBase from /system/framework/android.hidl.base-V1.0-java.jar previously found in /system/framework/telephony-common.jar
09-15 02:11:29.768   354   446 W dex2oat : Skipping class android.hidl.base.V1_0.IBase$Proxy from /system/framework/android.hidl.base-V1.0-java.jar previously found in /system/framework/telephony-common.jar
09-15 02:11:29.768   354   354 W dex2oat : Skipping class android.hidl.base.V1_0.IBase$Stub from /system/framework/android.hidl.base-V1.0-java.jar previously found in /system/framework/telephony-common.jar
09-15 02:11:30.584   467   467 E Diag_Lib:  Diag_LSM_Init: Failed to open handle to diag driver, error = 2
09-15 02:11:30.585   467   467 E Sensors : sns_fsa_la.c(386):fsa: fflush failed, 9
09-15 02:11:30.585   467   467 E Sensors : sns_fsa_la.c(386):fsa: fflush failed, 9
09-15 02:11:30.679   467   469 W Sensors : sns_smr_la.c(446):smr_la: smr_apps_la_thread_main is starting, fd=10, sns_smr.en_rx_msg_ptr=afea99d4
09-15 02:11:30.679   467   469 W Sensors : sns_smr_la.c(467):smr_la: poll return revents: 0x1/ffffffff errno: 0
09-15 02:11:30.691   467   469 W Sensors : sns_main.c(1430):sns_main_exit called
09-15 02:11:30.691   467   469 E Sensors : error connecting error -1 Connection refused
09-15 02:11:34.158   261   261 I thermald: type=1400 audit(0.0:65): avc: denied { search } for name="leds" dev="sysfs" ino=4658 scontext=u:r:thermald:s0 tcontext=u:object_r:sysfs_leds:s0 tclass=dir permissive=1
09-15 02:11:34.158   261   261 I thermald: type=1400 audit(0.0:66): avc: denied { read } for name="lcd-backlight" dev="sysfs" ino=9461 scontext=u:r:thermald:s0 tcontext=u:object_r:sysfs_leds:s0 tclass=lnk_file permissive=1
09-15 02:11:34.158   261   261 W thermald: type=1400 audit(0.0:67): avc: granted { dac_override } for capability=1 scontext=u:r:thermald:s0 tcontext=u:r:thermald:s0 tclass=capability
09-15 02:11:34.159   202   255 D ThermalDaemon: Sensor 'tsens_tz_sensor5' - alarm raised 1 at 63.0 degC
09-15 02:11:34.159   202   251 D ThermalDaemon: Sensor 'tsens_tz_sensor1' - alarm raised 1 at 61.0 degC
09-15 02:11:34.160   202   259 D ThermalDaemon: Sensor 'tsens_tz_sensor9' - alarm raised 1 at 65.0 degC
09-15 02:11:34.160   202   257 D ThermalDaemon: Sensor 'tsens_tz_sensor7' - alarm raised 1 at 65.0 degC
09-15 02:11:34.160   202   261 D ThermalDaemon: Sensor 'batt_therm' - alarm raised 4 at 39.0 degC
09-15 02:11:34.160   202   261 D ThermalDaemon: ACTION: CPU - Setting CPU[0] to 1188000
09-15 02:11:34.161   202   261 D ThermalDaemon: ACTION: CPU - Setting CPU[1] to 1188000
09-15 02:11:34.161   202   260 D ThermalDaemon: Sensor 'tsens_tz_sensor10' - alarm raised 1 at 66.0 degC
09-15 02:11:34.161   202   261 D ThermalDaemon: ACTION: CPU - Setting CPU[2] to 1188000
09-15 02:11:34.161   202   261 D ThermalDaemon: ACTION: CPU - Setting CPU[3] to 1188000
09-15 02:11:34.162   202   261 D ThermalDaemon: ACTION: GPU - Setting GPU[0] to 200000000
09-15 02:11:34.163   202   261 D ThermalDaemon: ACTION: LCD - Setting max LCD brightness to 181
09-15 02:11:34.164   202   261 D ThermalDaemon: Setting curr LCD brightness to 255
09-15 02:11:34.164   202   261 D ThermalDaemon: ACTION: BATTERY - Setting battery charging mitigation to 1
09-15 02:11:35.256   354   354 W dex2oat : Skipping class android.hidl.base.V1_0.DebugInfo$Architecture from /system/framework/android.hidl.base-V1.0-java.jar previously found in /system/framework/telephony-common.jar
09-15 02:11:35.256   354   448 W dex2oat : Skipping class android.hidl.base.V1_0.DebugInfo from /system/framework/android.hidl.base-V1.0-java.jar previously found in /system/framework/telephony-common.jar
09-15 02:11:35.256   354   446 W dex2oat : Skipping class android.hidl.base.V1_0.IBase from /system/framework/android.hidl.base-V1.0-java.jar previously found in /system/framework/telephony-common.jar
09-15 02:11:35.256   354   447 W dex2oat : Skipping class android.hidl.base.V1_0.IBase$Proxy from /system/framework/android.hidl.base-V1.0-java.jar previously found in /system/framework/telephony-common.jar
09-15 02:11:35.257   354   354 W dex2oat : Skipping class android.hidl.base.V1_0.IBase$Stub from /system/framework/android.hidl.base-V1.0-java.jar previously found in /system/framework/telephony-common.jar
09-15 02:11:35.575   474   474 E Diag_Lib:  Diag_LSM_Init: Failed to open handle to diag driver, error = 2
09-15 02:11:35.575   474   474 E Sensors : sns_fsa_la.c(386):fsa: fflush failed, 9
09-15 02:11:35.576   474   474 E Sensors : sns_fsa_la.c(386):fsa: fflush failed, 9
09-15 02:11:35.603   474   476 W Sensors : sns_smr_la.c(446):smr_la: smr_apps_la_thread_main is starting, fd=10, sns_smr.en_rx_msg_ptr=acc2d9d4
09-15 02:11:35.604   474   476 W Sensors : sns_smr_la.c(467):smr_la: poll return revents: 0x1/ffffffff errno: 0
09-15 02:11:35.604   474   476 W Sensors : sns_main.c(1430):sns_main_exit called
09-15 02:11:35.605   474   476 E Sensors : error connecting error -1 Connection refused
09-15 02:11:39.159   202   255 D ThermalDaemon: Sensor 'tsens_tz_sensor5' - alarm cleared 1 at 55.0 degC
09-15 02:11:39.159   202   251 D ThermalDaemon: Sensor 'tsens_tz_sensor1' - alarm cleared 1 at 55.0 degC
09-15 02:11:39.160   202   259 D ThermalDaemon: Sensor 'tsens_tz_sensor9' - alarm cleared 1 at 55.0 degC
09-15 02:11:39.161   202   260 D ThermalDaemon: Sensor 'tsens_tz_sensor10' - alarm cleared 1 at 55.0 degC
09-15 02:11:40.577   485   485 E Diag_Lib:  Diag_LSM_Init: Failed to open handle to diag driver, error = 2
09-15 02:11:40.577   485   485 E Sensors : sns_fsa_la.c(386):fsa: fflush failed, 9
09-15 02:11:40.578   485   485 E Sensors : sns_fsa_la.c(386):fsa: fflush failed, 9
09-15 02:11:40.603   485   487 W Sensors : sns_smr_la.c(446):smr_la: smr_apps_la_thread_main is starting, fd=10, sns_smr.en_rx_msg_ptr=b226d9d4
09-15 02:11:40.604   485   487 W Sensors : sns_smr_la.c(467):smr_la: poll return revents: 0x1/ffffffff errno: 0
09-15 02:11:40.604   485   487 W Sensors : sns_main.c(1430):sns_main_exit called
09-15 02:11:40.604   485   487 E Sensors : error connecting error -1 Connection refused
09-15 02:11:45.579   491   491 E Diag_Lib:  Diag_LSM_Init: Failed to open handle to diag driver, error = 2
09-15 02:11:45.579   491   491 E Sensors : sns_fsa_la.c(386):fsa: fflush failed, 9
09-15 02:11:45.579   491   491 E Sensors : sns_fsa_la.c(386):fsa: fflush failed, 9
09-15 02:11:45.605   491   493 W Sensors : sns_smr_la.c(446):smr_la: smr_apps_la_thread_main is starting, fd=10, sns_smr.en_rx_msg_ptr=ada499d4
09-15 02:11:45.605   491   493 W Sensors : sns_smr_la.c(467):smr_la: poll return revents: 0x1/ffffffff errno: 0
09-15 02:11:45.606   491   493 W Sensors : sns_main.c(1430):sns_main_exit called
09-15 02:11:45.606   491   493 E Sensors : error connecting error -1 Connection refused
09-15 02:11:50.582   495   495 E Diag_Lib:  Diag_LSM_Init: Failed to open handle to diag driver, error = 2
09-15 02:11:50.582   495   495 E Sensors : sns_fsa_la.c(386):fsa: fflush failed, 9
09-15 02:11:50.582   495   495 E Sensors : sns_fsa_la.c(386):fsa: fflush failed, 9
09-15 02:11:50.613   495   497 W Sensors : sns_smr_la.c(446):smr_la: smr_apps_la_thread_main is starting, fd=10, sns_smr.en_rx_msg_ptr=adceb9d4
09-15 02:11:50.690   495   497 W Sensors : sns_smr_la.c(467):smr_la: poll return revents: 0x1/ffffffff errno: 0
09-15 02:11:50.691   495   497 W Sensors : sns_main.c(1430):sns_main_exit called
09-15 02:11:50.691   495   497 E Sensors : error connecting error -1 Connection refused
09-15 02:11:55.583   500   500 E Diag_Lib:  Diag_LSM_Init: Failed to open handle to diag driver, error = 2
09-15 02:11:55.583   500   500 E Sensors : sns_fsa_la.c(386):fsa: fflush failed, 9
09-15 02:11:55.584   500   500 E Sensors : sns_fsa_la.c(386):fsa: fflush failed, 9
09-15 02:11:55.613   500   502 W Sensors : sns_smr_la.c(446):smr_la: smr_apps_la_thread_main is starting, fd=10, sns_smr.en_rx_msg_ptr=a78d09d4
09-15 02:11:55.636   500   502 W Sensors : sns_smr_la.c(467):smr_la: poll return revents: 0x1/ffffffff errno: 0
09-15 02:11:55.636   500   502 W Sensors : sns_main.c(1430):sns_main_exit called
09-15 02:11:55.637   500   502 E Sensors : error connecting error -1 Connection refused
09-15 02:11:59.161   202   257 D ThermalDaemon: Sensor 'tsens_tz_sensor7' - alarm cleared 1 at 56.0 degC
09-15 02:12:00.584   505   505 E Diag_Lib:  Diag_LSM_Init: Failed to open handle to diag driver, error = 2
09-15 02:12:00.585   505   505 E Sensors : sns_fsa_la.c(386):fsa: fflush failed, 9
09-15 02:12:00.585   505   505 E Sensors : sns_fsa_la.c(386):fsa: fflush failed, 9
09-15 02:12:00.613   505   507 W Sensors : sns_smr_la.c(446):smr_la: smr_apps_la_thread_main is starting, fd=10, sns_smr.en_rx_msg_ptr=af3a19d4
09-15 02:12:00.633   505   507 W Sensors : sns_smr_la.c(467):smr_la: poll return revents: 0x1/ffffffff errno: 0
09-15 02:12:00.634   505   507 W Sensors : sns_main.c(1430):sns_main_exit called
09-15 02:12:00.634   505   507 E Sensors : error connecting error -1 Connection refused
09-15 02:12:04.707   354   354 W dex2oat : Skipping class android.hidl.base.V1_0.DebugInfo$Architecture from /system/framework/android.hidl.base-V1.0-java.jar previously found in /system/framework/telephony-common.jar
09-15 02:12:04.707   354   354 W dex2oat : Skipping class android.hidl.base.V1_0.DebugInfo from /system/framework/android.hidl.base-V1.0-java.jar previously found in /system/framework/telephony-common.jar
09-15 02:12:04.707   354   354 W dex2oat : Skipping class android.hidl.base.V1_0.IBase from /system/framework/android.hidl.base-V1.0-java.jar previously found in /system/framework/telephony-common.jar
09-15 02:12:04.707   354   354 W dex2oat : Skipping class android.hidl.base.V1_0.IBase$Proxy from /system/framework/android.hidl.base-V1.0-java.jar previously found in /system/framework/telephony-common.jar
09-15 02:12:04.707   354   354 W dex2oat : Skipping class android.hidl.base.V1_0.IBase$Stub from /system/framework/android.hidl.base-V1.0-java.jar previously found in /system/framework/telephony-common.jar
09-15 02:12:05.242   354   354 I dex2oat : Explicit concurrent copying GC freed 57810(7MB) AllocSpace objects, 0(0B) LOS objects, 46% free, 7MB/13MB, paused 122us total 231.832ms
09-15 02:12:05.657   519   519 E Diag_Lib:  Diag_LSM_Init: Failed to open handle to diag driver, error = 2
09-15 02:12:05.658   519   519 E Sensors : sns_fsa_la.c(386):fsa: fflush failed, 9
09-15 02:12:05.658   519   519 E Sensors : sns_fsa_la.c(386):fsa: fflush failed, 9
09-15 02:12:05.659   354   354 W dex2oat : Compilation of void java.lang.Object.<init>() took 165.878ms
09-15 02:12:05.700   519   524 W Sensors : sns_smr_la.c(446):smr_la: smr_apps_la_thread_main is starting, fd=10, sns_smr.en_rx_msg_ptr=a7fe39d4
09-15 02:12:05.892   519   524 W Sensors : sns_smr_la.c(467):smr_la: poll return revents: 0x1/ffffffff errno: 0
09-15 02:12:05.893   519   524 W Sensors : sns_main.c(1430):sns_main_exit called
09-15 02:12:05.893   519   524 E Sensors : error connecting error -1 Connection refused
09-15 02:12:09.161   202   255 D ThermalDaemon: Sensor 'tsens_tz_sensor5' - alarm raised 1 at 61.0 degC
09-15 02:12:09.161   202   259 D ThermalDaemon: Sensor 'tsens_tz_sensor9' - alarm raised 1 at 64.0 degC
09-15 02:12:09.162   202   257 D ThermalDaemon: Sensor 'tsens_tz_sensor7' - alarm raised 1 at 65.0 degC
09-15 02:12:09.162   202   260 D ThermalDaemon: Sensor 'tsens_tz_sensor10' - alarm raised 1 at 64.0 degC
09-15 02:12:10.671   528   528 E Diag_Lib:  Diag_LSM_Init: Failed to open handle to diag driver, error = 2
09-15 02:12:10.671   528   528 E Sensors : sns_fsa_la.c(386):fsa: fflush failed, 9
09-15 02:12:10.672   528   528 E Sensors : sns_fsa_la.c(386):fsa: fflush failed, 9
09-15 02:12:10.703   528   530 W Sensors : sns_smr_la.c(446):smr_la: smr_apps_la_thread_main is starting, fd=10, sns_smr.en_rx_msg_ptr=a78f19d4
09-15 02:12:10.773   528   530 W Sensors : sns_smr_la.c(467):smr_la: poll return revents: 0x1/ffffffff errno: 0
09-15 02:12:10.773   528   530 W Sensors : sns_main.c(1430):sns_main_exit called
09-15 02:12:10.774   528   530 E Sensors : error connecting error -1 Connection refused
09-15 02:12:14.160   202   251 D ThermalDaemon: Sensor 'tsens_tz_sensor1' - alarm raised 1 at 62.0 degC
09-15 02:12:14.162   202   254 D ThermalDaemon: Sensor 'tsens_tz_sensor4' - alarm raised 1 at 61.0 degC
09-15 02:12:15.701   354   354 I dex2oat : Method exceeds compiler instruction limit: 25337 in void org.ccil.cowan.tagsoup.HTMLSchema.<init>()
09-15 02:12:15.745   533   533 E Diag_Lib:  Diag_LSM_Init: Failed to open handle to diag driver, error = 2
09-15 02:12:15.745   533   533 E Sensors : sns_fsa_la.c(386):fsa: fflush failed, 9
09-15 02:12:15.745   533   533 E Sensors : sns_fsa_la.c(386):fsa: fflush failed, 9
09-15 02:12:15.773   533   535 W Sensors : sns_smr_la.c(446):smr_la: smr_apps_la_thread_main is starting, fd=10, sns_smr.en_rx_msg_ptr=aea1c9d4
09-15 02:12:16.582   533   535 W Sensors : sns_smr_la.c(467):smr_la: poll return revents: 0x1/ffffffff errno: 0
09-15 02:12:16.583   533   535 W Sensors : sns_main.c(1430):sns_main_exit called
09-15 02:12:16.583   533   535 E Sensors : error connecting error -1 Connection refused
09-15 02:12:19.701   354   446 W dex2oat : Compilation of boolean android.content.pm.IPackageManager$Stub.onTransact(int, android.os.Parcel, android.os.Parcel, int) took 205.707ms
09-15 02:12:20.742   538   538 E Diag_Lib:  Diag_LSM_Init: Failed to open handle to diag driver, error = 2
09-15 02:12:20.742   538   538 E Sensors : sns_fsa_la.c(386):fsa: fflush failed, 9
09-15 02:12:20.743   538   538 E Sensors : sns_fsa_la.c(386):fsa: fflush failed, 9
09-15 02:12:20.743   354   354 W dex2oat : Compilation of boolean android.filterfw.core.NativeProgram.bindInitFunction(java.lang.String) took 147.657ms
09-15 02:12:20.774   538   540 W Sensors : sns_smr_la.c(446):smr_la: smr_apps_la_thread_main is starting, fd=10, sns_smr.en_rx_msg_ptr=a87889d4
09-15 02:12:20.822   538   540 W Sensors : sns_smr_la.c(467):smr_la: poll return revents: 0x1/ffffffff errno: 0
09-15 02:12:20.823   538   540 W Sensors : sns_main.c(1430):sns_main_exit called
09-15 02:12:20.823   538   540 E Sensors : error connecting error -1 Connection refused
09-15 02:12:24.763   354   447 W dex2oat : Compilation of void android.os.BatteryStats.dumpCheckinLocked(android.content.Context, java.io.PrintWriter, int, int, boolean) took 260.216ms
09-15 02:12:25.466   354   447 W dex2oat : Compilation of void android.os.BatteryStats.dumpLocked(android.content.Context, java.io.PrintWriter, java.lang.String, int, int, boolean) took 670.044ms
09-15 02:12:25.805   543   543 E Diag_Lib:  Diag_LSM_Init: Failed to open handle to diag driver, error = 2
09-15 02:12:25.806   543   543 E Sensors : sns_fsa_la.c(386):fsa: fflush failed, 9
09-15 02:12:25.806   543   543 E Sensors : sns_fsa_la.c(386):fsa: fflush failed, 9
09-15 02:12:25.833   543   545 W Sensors : sns_smr_la.c(446):smr_la: smr_apps_la_thread_main is starting, fd=10, sns_smr.en_rx_msg_ptr=b4b6f9d4
09-15 02:12:25.900   543   545 W Sensors : sns_smr_la.c(467):smr_la: poll return revents: 0x1/ffffffff errno: 0
09-15 02:12:25.900   543   545 W Sensors : sns_main.c(1430):sns_main_exit called
09-15 02:12:25.900   543   545 E Sensors : error connecting error -1 Connection refused
09-15 02:12:26.474   354   446 W dex2oat : Compilation of void android.security.keymaster.KeymasterArguments.addBytes(int, byte[]) took 341.889ms
09-15 02:12:26.479   354   354 W dex2oat : Compilation of android.security.KeyStoreException android.security.KeyStore.getKeyStoreException(int) took 354.463ms
09-15 02:12:30.165   354   446 W dex2oat : Compilation of void android.widget.TextView.<init>(android.content.Context, android.util.AttributeSet, int, int) took 147.535ms
09-15 02:12:31.450   562   562 E Diag_Lib:  Diag_LSM_Init: Failed to open handle to diag driver, error = 2
09-15 02:12:31.451   562   562 E Sensors : sns_fsa_la.c(386):fsa: fflush failed, 9
09-15 02:12:32.071   562   562 E Sensors : sns_fsa_la.c(386):fsa: fflush failed, 9
09-15 02:12:32.230   562   565 W Sensors : sns_smr_la.c(446):smr_la: smr_apps_la_thread_main is starting, fd=10, sns_smr.en_rx_msg_ptr=b193b9d4
09-15 02:12:32.345   562   565 W Sensors : sns_smr_la.c(467):smr_la: poll return revents: 0x1/ffffffff errno: 0
09-15 02:12:32.345   562   565 W Sensors : sns_main.c(1430):sns_main_exit called
09-15 02:12:32.346   562   565 E Sensors : error connecting error -1 Connection refused
09-15 02:12:32.521   354   354 W dex2oat : Compilation of boolean com.android.internal.telephony.ITelephony$Stub.onTransact(int, android.os.Parcel, android.os.Parcel, int) took 126.140ms
09-15 02:12:33.492   354   447 W dex2oat : Compilation of void android.hardware.radio.V1_0.IRadioResponse$Stub.onTransact(int, android.os.HwParcel, android.os.HwParcel, int) took 108.194ms
09-15 02:12:36.252   354   446 W dex2oat : Skipping class android.hidl.base.V1_0.DebugInfo from /system/framework/android.hidl.base-V1.0-java.jar previously found in /system/framework/telephony-common.jar
09-15 02:12:36.252   354   354 W dex2oat : Skipping class android.hidl.base.V1_0.DebugInfo$Architecture from /system/framework/android.hidl.base-V1.0-java.jar previously found in /system/framework/telephony-common.jar
09-15 02:12:36.252   354   447 W dex2oat : Skipping class android.hidl.base.V1_0.IBase from /system/framework/android.hidl.base-V1.0-java.jar previously found in /system/framework/telephony-common.jar
