10-12 18:04:36.760   830   830 I dex2oat : dex2oat took 455.230ms (824.005ms cpu) (threads: 4) arena alloc=8KB (9048B) java alloc=281KB (288712B) native alloc=1226KB (1256088B) free=2MB (2413928B)
10-12 18:04:36.774   359   359 I PackageManager.DexOptimizer: Running dexopt (dexoptNeeded=1) on: /system/app/UserDictionaryProvider/UserDictionaryProvider.apk pkg=com.android.providers.userdictionary isa=arm dexoptFlags=boot_complete,public target-filter=quicken oatDir=null sharedLibraries=null
10-12 18:04:36.781   835   835 W dex2oat : type=1400 audit(0.0:106): avc: granted { getattr } for path="/vendor" dev="rootfs" ino=5775 scontext=u:r:dex2oat:s0 tcontext=u:object_r:rootfs:s0 tclass=lnk_file
10-12 18:04:36.918   835   835 I dex2oat : /system/bin/dex2oat --input-vdex-fd=-1 --output-vdex-fd=9 --compiler-filter=quicken --classpath-dir=/system/app/UserDictionaryProvider
10-12 18:04:37.194   835   835 I dex2oat : dex2oat took 278.625ms (236.022ms cpu) (threads: 4) arena alloc=11KB (11424B) java alloc=66KB (67928B) native alloc=1196KB (1225664B) free=1875KB (1920064B)
10-12 18:04:37.217   359   359 I PackageManager.DexOptimizer: Running dexopt (dexoptNeeded=1) on: /system/priv-app/EmergencyInfo/EmergencyInfo.apk pkg=com.android.emergency isa=arm dexoptFlags=boot_complete,public target-filter=quicken oatDir=null sharedLibraries=null
10-12 18:04:37.222   840   840 W dex2oat : type=1400 audit(0.0:107): avc: granted { getattr } for path="/vendor" dev="rootfs" ino=5775 scontext=u:r:dex2oat:s0 tcontext=u:object_r:rootfs:s0 tclass=lnk_file
10-12 18:04:37.364   840   840 I dex2oat : /system/bin/dex2oat --input-vdex-fd=-1 --output-vdex-fd=9 --compiler-filter=quicken --classpath-dir=/system/priv-app/EmergencyInfo
10-12 18:04:39.430   840   840 I dex2oat : dex2oat took 2.069s (4.074s cpu) (threads: 4) arena alloc=5KB (5688B) java alloc=1024KB (1049576B) native alloc=1795KB (1838480B) free=2MB (2355824B)
10-12 18:04:39.471   359   359 I PackageManager.DexOptimizer: Running dexopt (dexoptNeeded=1) on: /system/app/DeskClock/DeskClock.apk pkg=com.android.deskclock isa=arm dexoptFlags=boot_complete,public target-filter=quicken oatDir=null sharedLibraries=null
10-12 18:04:39.474   846   846 W dex2oat : type=1400 audit(0.0:108): avc: granted { getattr } for path="/vendor" dev="rootfs" ino=5775 scontext=u:r:dex2oat:s0 tcontext=u:object_r:rootfs:s0 tclass=lnk_file
10-12 18:04:39.631   846   846 I dex2oat : /system/bin/dex2oat --input-vdex-fd=-1 --output-vdex-fd=9 --compiler-filter=quicken --classpath-dir=/system/app/DeskClock
10-12 18:04:44.009   846   846 I dex2oat : dex2oat took 4.381s (8.675s cpu) (threads: 4) arena alloc=7KB (7504B) java alloc=1943KB (1989992B) native alloc=2MB (3054000B) free=2MB (2188880B)
10-12 18:04:44.057   359   359 I PackageManager.DexOptimizer: Running dexopt (dexoptNeeded=1) on: /system/app/BluetoothMidiService/BluetoothMidiService.apk pkg=com.android.bluetoothmidiservice isa=arm dexoptFlags=boot_complete,public target-filter=quicken oatDir=null sharedLibraries=null
10-12 18:04:44.068   852   852 W dex2oat : type=1400 audit(0.0:109): avc: granted { getattr } for path="/vendor" dev="rootfs" ino=5775 scontext=u:r:dex2oat:s0 tcontext=u:object_r:rootfs:s0 tclass=lnk_file
10-12 18:04:44.215   852   852 I dex2oat : /system/bin/dex2oat --input-vdex-fd=-1 --output-vdex-fd=9 --compiler-filter=quicken --classpath-dir=/system/app/BluetoothMidiService
10-12 18:04:44.545   852   852 I dex2oat : dex2oat took 334.014ms (322.875ms cpu) (threads: 4) arena alloc=30KB (31376B) java alloc=65KB (67368B) native alloc=1181KB (1209864B) free=1890KB (1935864B)
10-12 18:04:44.578   359   359 I PackageManager.DexOptimizer: Running dexopt (dexoptNeeded=1) on: /system/app/Bluetooth/Bluetooth.apk pkg=com.android.bluetooth isa=arm dexoptFlags=boot_complete,public target-filter=quicken oatDir=null sharedLibraries=/system/framework/javax.obex.jar
10-12 18:04:44.589   857   857 W dex2oat : type=1400 audit(0.0:110): avc: granted { getattr } for path="/vendor" dev="rootfs" ino=5775 scontext=u:r:dex2oat:s0 tcontext=u:object_r:rootfs:s0 tclass=lnk_file
10-12 18:04:44.737   857   857 I dex2oat : /system/bin/dex2oat --input-vdex-fd=-1 --output-vdex-fd=9 --compiler-filter=quicken --classpath-dir=/system/app/Bluetooth
10-12 18:04:50.017   857   857 I dex2oat : dex2oat took 5.283s (10.908s cpu) (threads: 4) arena alloc=4KB (4344B) java alloc=1364KB (1397376B) native alloc=3MB (4137056B) free=2MB (2678688B)
10-12 18:04:50.071   359   359 I PackageManager.DexOptimizer: Running dexopt (dexoptNeeded=1) on: /system/app/Development/Development.apk pkg=com.android.development isa=arm dexoptFlags=boot_complete,public target-filter=quicken oatDir=null sharedLibraries=/system/framework/android.test.runner.jar
10-12 18:04:50.074   863   863 W dex2oat : type=1400 audit(0.0:111): avc: granted { getattr } for path="/vendor" dev="rootfs" ino=5775 scontext=u:r:dex2oat:s0 tcontext=u:object_r:rootfs:s0 tclass=lnk_file
10-12 18:04:50.229   863   863 I dex2oat : /system/bin/dex2oat --input-vdex-fd=-1 --output-vdex-fd=9 --compiler-filter=quicken --classpath-dir=/system/app/Development
10-12 18:04:50.781   863   863 I dex2oat : dex2oat took 556.091ms (786.926ms cpu) (threads: 4) arena alloc=49KB (50664B) java alloc=240KB (246584B) native alloc=1211KB (1240328B) free=2MB (2429688B)
10-12 18:04:50.813   359   359 I PackageManager.DexOptimizer: Running dexopt (dexoptNeeded=1) on: /system/priv-app/ContactsProvider/ContactsProvider.apk pkg=com.android.providers.contacts isa=arm dexoptFlags=boot_complete,public target-filter=quicken oatDir=null sharedLibraries=null
10-12 18:04:50.815   868   868 W dex2oat : type=1400 audit(0.0:112): avc: granted { getattr } for path="/vendor" dev="rootfs" ino=5775 scontext=u:r:dex2oat:s0 tcontext=u:object_r:rootfs:s0 tclass=lnk_file
10-12 18:04:50.976   868   868 I dex2oat : /system/bin/dex2oat --input-vdex-fd=-1 --output-vdex-fd=9 --compiler-filter=quicken --classpath-dir=/system/priv-app/ContactsProvider
10-12 18:04:52.217   868   868 I dex2oat : dex2oat took 1.246s (2.171s cpu) (threads: 4) arena alloc=326KB (333944B) java alloc=404KB (414168B) native alloc=1656KB (1696656B) free=2MB (3021936B)
10-12 18:04:52.237   359   359 I PackageManager.DexOptimizer: Running dexopt (dexoptNeeded=1) on: /system/app/CaptivePortalLogin/CaptivePortalLogin.apk pkg=com.android.captiveportallogin isa=arm dexoptFlags=boot_complete,public target-filter=quicken oatDir=null sharedLibraries=null
10-12 18:04:52.389   873   873 I dex2oat : /system/bin/dex2oat --input-vdex-fd=-1 --output-vdex-fd=9 --compiler-filter=quicken --classpath-dir=/system/app/CaptivePortalLogin
10-12 18:04:52.601   873   873 I dex2oat : dex2oat took 215.270ms (187.805ms cpu) (threads: 4) arena alloc=11KB (11920B) java alloc=88KB (90496B) native alloc=1166KB (1194328B) free=1905KB (1951400B)
10-12 18:04:52.616   359   359 D SystemServerTiming: UpdatePackagesIfNeeded took to complete: 95592ms
10-12 18:04:52.617   359   359 I SystemServer: PerformFstrimIfNeeded
10-12 18:04:52.618   359   359 W PackageManager: No disk maintenance in 1507831492618; running immediately
10-12 18:04:52.618   359   359 D SystemServerTiming: PerformFstrimIfNeeded took to complete: 1ms
10-12 18:04:52.619   359   359 I SystemServer: StartLockSettingsService
10-12 18:04:52.619   359   454 I StorageManagerService: Running fstrim idle maintenance
10-12 18:04:52.619   359   359 I SystemServiceManager: Starting com.android.server.LockSettingsService$Lifecycle
10-12 18:04:52.620   359   454 D VoldConnector: SND -> {3 fstrim dotrim}
10-12 18:04:52.622   175   180 I vold    : [libfs_mgr]fs_mgr_read_fstab_dt(): failed to read fstab from dt
10-12 18:04:52.623   359   455 D VoldConnector: RCV <- {200 3 Command succeeded}
10-12 18:04:52.634   175   878 D vold    : Starting trim of /cache
10-12 18:04:52.650   359   359 D SystemServerTiming: StartLockSettingsService took to complete: 30ms
10-12 18:04:52.650   359   359 I SystemServer: StartDeviceIdleController
10-12 18:04:52.652   359   359 I SystemServiceManager: Starting com.android.server.DeviceIdleController
10-12 18:04:52.661   359   359 D SystemServerTiming: StartDeviceIdleController took to complete: 11ms
10-12 18:04:52.661   359   359 I SystemServer: StartDevicePolicyManager
10-12 18:04:52.661   359   359 I SystemServiceManager: Starting com.android.server.devicepolicy.DevicePolicyManagerService$Lifecycle
10-12 18:04:52.674   359   359 D SystemServerTiming: StartDevicePolicyManager took to complete: 13ms
10-12 18:04:52.675   359   359 I SystemServer: StartStatusBarManagerService
10-12 18:04:52.678   359   359 D SystemServerTiming: StartStatusBarManagerService took to complete: 3ms
10-12 18:04:52.678   359   359 I SystemServer: StartClipboardService
10-12 18:04:52.678   359   359 I SystemServiceManager: Starting com.android.server.clipboard.ClipboardService
10-12 18:04:52.681   359   359 D SystemServerTiming: StartClipboardService took to complete: 3ms
10-12 18:04:52.681   359   359 I SystemServer: StartNetworkManagementService
10-12 18:04:52.687   359   879 I NetworkManagement: onDaemonConnected()
10-12 18:04:52.691   359   359 D SystemServerTiming: StartNetworkManagementService took to complete: 10ms
10-12 18:04:52.692   359   359 I SystemServer: StartTextServicesManager
10-12 18:04:52.692   359   359 I SystemServiceManager: Starting com.android.server.TextServicesManagerService$Lifecycle
10-12 18:04:52.717   359   359 D SystemServerTiming: StartTextServicesManager took to complete: 25ms
10-12 18:04:52.717   359   359 I SystemServer: StartNetworkScoreService
10-12 18:04:52.723   359   359 D SystemServerTiming: StartNetworkScoreService took to complete: 6ms
10-12 18:04:52.723   359   359 I SystemServer: StartNetworkStatsService
10-12 18:04:52.730   359   359 D SystemServerTiming: StartNetworkStatsService took to complete: 7ms
10-12 18:04:52.730   359   359 I SystemServer: StartNetworkPolicyManagerService
10-12 18:04:52.740   359   882 I ServiceThread: Enabled StrictMode logging for NetworkPolicy.uid looper.
10-12 18:04:52.742   359   359 D SystemServerTiming: StartNetworkPolicyManagerService took to complete: 12ms
10-12 18:04:52.742   359   359 I SystemServer: StartWifi
10-12 18:04:52.744   359   359 I SystemServiceManager: Starting com.android.server.wifi.WifiService
10-12 18:04:52.801   175   878 I vold    : Trimmed 567980032 bytes on /cache in 165ms
10-12 18:04:52.801   359   455 D VoldConnector: RCV <- {662 /cache 567980032 165985106}
10-12 18:04:52.803   175   878 D vold    : Starting trim of /data
10-12 18:04:52.806   359   359 D WifiApConfigStore: 2G band allowed channels are:1,6,11
10-12 18:04:52.806   359   359 E WifiApConfigStore: Error reading hotspot configuration java.io.FileNotFoundException: /data/misc/wifi/softap.conf (No such file or directory)
10-12 18:04:52.806   359   359 D WifiApConfigStore: Fallback to use default AP configuration
10-12 18:04:52.863   359   885 E IpManager.wlan0: ERROR Failed to disable IPv6: java.lang.IllegalStateException: command '1 interface ipv6 wlan0 disable' failed with '400 1 Failed to change IPv6 state (No such file or directory)'
10-12 18:04:52.864   188   260 D CommandListener: Clearing all IP addresses on wlan0
10-12 18:04:52.868   359   884 D WificondControl: tearing down interfaces in wificond
10-12 18:04:52.871   359   884 E HalDeviceManager: isSupported: called but mServiceManager is null!?
10-12 18:04:52.871   359   884 I WifiNative-wlan0: Vendor HAL not supported, Ignore stop...
10-12 18:04:52.885   359   359 D WifiController: isAirplaneModeOn = false, isWifiEnabled = true, isScanningAvailable = false
10-12 18:04:52.897   359   359 E SupplicantStaIfaceHal: Can't call setDebugParams, ISupplicant is null
10-12 18:04:52.898   359   359 W WifiDiags: no ring buffers found
10-12 18:04:52.898   359   359 W WifiDiags: Failed to start packet fate monitoring
10-12 18:04:52.898   359   359 I WifiService: Registering wifi
10-12 18:04:52.899   359   359 D SystemServerTiming: StartWifi took to complete: 157ms
10-12 18:04:52.899   359   359 I SystemServer: StartWifiScanning
10-12 18:04:52.900   359   359 I SystemServiceManager: Starting com.android.server.wifi.scanner.WifiScanningService
10-12 18:04:52.900   359   359 I WifiScanningService: Creating wifiscanner
10-12 18:04:52.904   359   359 I WifiScanningService: Publishing wifiscanner
10-12 18:04:52.906   359   359 D SystemServerTiming: StartWifiScanning took to complete: 5ms
10-12 18:04:52.906   359   359 I SystemServer: StartWifiRtt
10-12 18:04:52.906   359   359 I SystemServiceManager: Starting com.android.server.wifi.RttService
10-12 18:04:52.907   359   359 I RttService: Creating rttmanager
10-12 18:04:52.908   359   359 I RttService: Starting rttmanager
10-12 18:04:52.909   359   359 D SystemServerTiming: StartWifiRtt took to complete: 3ms
10-12 18:04:52.909   359   359 I SystemServer: No Wi-Fi Aware Service (Aware support Not Present)
10-12 18:04:52.910   359   359 I SystemServer: StartWifiP2P
10-12 18:04:52.910   359   359 I SystemServiceManager: Starting com.android.server.wifi.p2p.WifiP2pService
10-12 18:04:52.932   359   359 I WifiP2pService: Registering wifip2p
10-12 18:04:52.933   359   359 D SystemServerTiming: StartWifiP2P took to complete: 23ms
10-12 18:04:52.933   359   359 I SystemServer: StartEthernet
10-12 18:04:52.934   359   359 I SystemServiceManager: Starting com.android.server.ethernet.EthernetService
10-12 18:04:52.936   359   359 I EthernetServiceImpl: Creating EthernetConfigStore
10-12 18:04:52.937   359   359 E IpConfigStore: Error opening configuration file: java.io.FileNotFoundException: /data/misc/ethernet/ipconfig.txt (No such file or directory)
10-12 18:04:52.940   359   359 W EthernetConfigStore: No Ethernet configuration found. Using default.
10-12 18:04:52.940   359   359 I EthernetServiceImpl: Read stored IP configuration: IP assignment: DHCP
10-12 18:04:52.940   359   359 I EthernetServiceImpl: Proxy settings: NONE
10-12 18:04:52.941   359   359 I EthernetService: Registering service ethernet
10-12 18:04:52.942   359   359 D SystemServerTiming: StartEthernet took to complete: 9ms
10-12 18:04:52.943   359   359 I SystemServer: StartConnectivityService
10-12 18:04:52.968   359   359 D ConnectivityService: ConnectivityService starting up
10-12 18:04:52.975   359   359 D ConnectivityService: wifiOnly=false
10-12 18:04:52.975   359   359 E ConnectivityService: Ignoring protectedNetwork 14
10-12 18:04:52.975   359   359 E ConnectivityService: Ignoring protectedNetwork 15
10-12 18:04:52.990   359   359 D SystemServerTiming: StartConnectivityService took to complete: 47ms
10-12 18:04:52.990   359   359 I SystemServer: StartNsdService
10-12 18:04:52.994   359   359 D NsdService: Network service discovery enabled true
10-12 18:04:52.996   359   359 D SystemServerTiming: StartNsdService took to complete: 6ms
10-12 18:04:52.997   359   359 I SystemServer: StartUpdateLockService
10-12 18:04:52.999   359   359 D SystemServerTiming: StartUpdateLockService took to complete: 2ms
10-12 18:04:52.999   359   359 I SystemServer: WaitForAsecScan
10-12 18:04:52.999   359   359 D SystemServerTiming: WaitForAsecScan took to complete: 0ms
10-12 18:04:52.999   359   359 I SystemServer: StartNotificationManager
10-12 18:04:53.001   359   359 I SystemServiceManager: Starting com.android.server.notification.NotificationManagerService
10-12 18:04:53.033   359   359 D ConditionProviders.SCP: new ScheduleConditionProvider()
10-12 18:04:53.039   359   359 D ZenLog  : set_zen_mode: off,init
10-12 18:04:53.048   359   359 D SystemServerTiming: StartNotificationManager took to complete: 49ms
10-12 18:04:53.048   359   359 I SystemServer: StartDeviceMonitor
10-12 18:04:53.049   359   359 I SystemServiceManager: Starting com.android.server.storage.DeviceStorageMonitorService
10-12 18:04:53.051   359   359 D SystemServerTiming: StartDeviceMonitor took to complete: 3ms
10-12 18:04:53.051   359   359 I SystemServer: StartLocationManagerService
10-12 18:04:53.056   359   359 D SystemServerTiming: StartLocationManagerService took to complete: 5ms
10-12 18:04:53.056   359   359 I SystemServer: StartCountryDetectorService
10-12 18:04:53.057   359   359 D SystemServerTiming: StartCountryDetectorService took to complete: 1ms
10-12 18:04:53.057   359   359 I SystemServer: StartSearchManagerService
10-12 18:04:53.058   359   359 I SystemServiceManager: Starting com.android.server.search.SearchManagerService$Lifecycle
10-12 18:04:53.060   359   359 D SystemServerTiming: StartSearchManagerService took to complete: 3ms
10-12 18:04:53.060   359   359 I SystemServer: StartWallpaperManagerService
10-12 18:04:53.061   359   359 I SystemServiceManager: Starting com.android.server.wallpaper.WallpaperManagerService$Lifecycle
10-12 18:04:53.063   359   359 I WallpaperManagerService: No static wallpaper imagery; defaults will be shown
10-12 18:04:53.064   359   359 W WallpaperManagerService: no current wallpaper -- first boot?
10-12 18:04:53.065   359   359 D SystemServerTiming: StartWallpaperManagerService took to complete: 5ms
10-12 18:04:53.065   359   359 I SystemServer: StartAudioService
10-12 18:04:53.065   359   359 I SystemServiceManager: Starting com.android.server.audio.AudioService$Lifecycle
10-12 18:04:53.077   359   897 I ServiceManager: Waiting for service media.audio_policy...
10-12 18:04:53.079   359   359 W TelecomManager: Telecom Service not found.
10-12 18:04:53.446   359   369 I zygote  : Background concurrent copying GC freed 13247(1208KB) AllocSpace objects, 6(136KB) LOS objects, 42% free, 2MB/5MB, paused 579us total 153.045ms
10-12 18:04:54.077   359   897 I ServiceManager: Waiting for service media.audio_policy...
10-12 18:04:55.117   175   878 I vold    : Trimmed 2864783360 bytes on /data in 2314ms
10-12 18:04:55.117   359   455 D VoldConnector: RCV <- {662 /data 2864783360 2314117432}
10-12 18:04:56.078   359   897 I ServiceManager: Waiting for service media.audio_policy...
10-12 18:04:57.079   359   897 W AudioSystem: AudioPolicyService not published, waiting...
10-12 18:04:57.580   359   897 I ServiceManager: Waiting for service media.audio_policy...
10-12 18:04:59.581   359   897 I chatty  : uid=1000(system) AudioService identical 2 lines
10-12 18:05:00.582   359   897 I ServiceManager: Waiting for service media.audio_policy...
10-12 18:05:01.583   359   897 W AudioSystem: AudioPolicyService not published, waiting...
10-12 18:05:02.083   359   897 I ServiceManager: Waiting for service media.audio_policy...
10-12 18:05:04.085   359   897 I chatty  : uid=1000(system) AudioService identical 2 lines
10-12 18:05:05.085   359   897 I ServiceManager: Waiting for service media.audio_policy...
10-12 18:05:06.086   359   897 W AudioSystem: AudioPolicyService not published, waiting...
10-12 18:05:06.587   359   897 I ServiceManager: Waiting for service media.audio_policy...
10-12 18:05:07.583   359   884 E HalDeviceManager: getAllChipInfo: called but mWifi is null!?
10-12 18:05:07.583   359   884 E HalDeviceManager: getSupportedIfaceTypesInternal: no chip info found
10-12 18:05:07.584   359   404 E BluetoothAdapter: Bluetooth binder is null
10-12 18:05:07.585   359   404 E BatteryStatsService: no controller energy info supplied
10-12 18:05:07.587   359   897 I ServiceManager: Waiting for service media.audio_policy...
10-12 18:05:07.598   359   404 E KernelUidCpuFreqTimeReader: Failed to read /proc/uid_time_in_state: java.io.FileNotFoundException: /proc/uid_time_in_state (No such file or directory)
10-12 18:05:08.588   359   897 I chatty  : uid=1000(system) AudioService identical 1 line
10-12 18:05:09.590   359   897 I ServiceManager: Waiting for service media.audio_policy...
10-12 18:05:10.591   359   897 W AudioSystem: AudioPolicyService not published, waiting...
10-12 18:05:11.092   359   897 I ServiceManager: Waiting for service media.audio_policy...
10-12 18:05:13.093   359   897 I chatty  : uid=1000(system) AudioService identical 2 lines
10-12 18:05:14.094   359   897 I ServiceManager: Waiting for service media.audio_policy...
10-12 18:05:15.094   359   897 W AudioSystem: AudioPolicyService not published, waiting...
10-12 18:05:15.595   359   897 I ServiceManager: Waiting for service media.audio_policy...
10-12 18:05:17.597   359   897 I chatty  : uid=1000(system) AudioService identical 2 lines
10-12 18:05:18.597   359   897 I ServiceManager: Waiting for service media.audio_policy...
10-12 18:05:19.598   359   897 W AudioSystem: AudioPolicyService not published, waiting...
10-12 18:05:20.099   359   897 I ServiceManager: Waiting for service media.audio_policy...
10-12 18:05:22.100   359   897 I chatty  : uid=1000(system) AudioService identical 2 lines
10-12 18:05:23.101   359   897 I ServiceManager: Waiting for service media.audio_policy...
10-12 18:05:24.102   359   897 W AudioSystem: AudioPolicyService not published, waiting...
10-12 18:05:24.602   359   897 I ServiceManager: Waiting for service media.audio_policy...
10-12 18:05:26.604   359   897 I chatty  : uid=1000(system) AudioService identical 2 lines
10-12 18:05:27.605   359   897 I ServiceManager: Waiting for service media.audio_policy...
10-12 18:05:28.606   359   897 W AudioSystem: AudioPolicyService not published, waiting...
10-12 18:05:29.106   359   897 I ServiceManager: Waiting for service media.audio_policy...
10-12 18:05:31.108   359   897 I chatty  : uid=1000(system) AudioService identical 2 lines
10-12 18:05:32.109   359   897 I ServiceManager: Waiting for service media.audio_policy...
10-12 18:05:33.109   359   897 W AudioSystem: AudioPolicyService not published, waiting...
10-12 18:05:33.610   359   897 I ServiceManager: Waiting for service media.audio_policy...
10-12 18:05:35.611   359   897 I chatty  : uid=1000(system) AudioService identical 2 lines
10-12 18:05:36.612   359   897 I ServiceManager: Waiting for service media.audio_policy...
10-12 18:05:37.612   359   897 W AudioSystem: AudioPolicyService not published, waiting...
10-12 18:05:38.113   359   897 I ServiceManager: Waiting for service media.audio_policy...
10-12 18:05:40.114   359   897 I chatty  : uid=1000(system) AudioService identical 2 lines
10-12 18:05:41.115   359   897 I ServiceManager: Waiting for service media.audio_policy...
10-12 18:05:42.116   359   897 W AudioSystem: AudioPolicyService not published, waiting...
10-12 18:05:42.616   359   897 I ServiceManager: Waiting for service media.audio_policy...
10-12 18:05:44.618   359   897 I chatty  : uid=1000(system) AudioService identical 2 lines
10-12 18:05:45.619   359   897 I ServiceManager: Waiting for service media.audio_policy...
10-12 18:05:46.620   359   897 W AudioSystem: AudioPolicyService not published, waiting...
10-12 18:05:47.120   359   897 I ServiceManager: Waiting for service media.audio_policy...
10-12 18:05:48.121   359   897 I ServiceManager: Waiting for service media.audio_policy...
10-12 18:05:48.559   359   884 E HalDeviceManager: getAllChipInfo: called but mWifi is null!?
10-12 18:05:48.559   359   884 E HalDeviceManager: getSupportedIfaceTypesInternal: no chip info found
10-12 18:05:48.560   359   404 E BluetoothAdapter: Bluetooth binder is null
10-12 18:05:48.561   359   404 E BatteryStatsService: no controller energy info supplied
10-12 18:05:48.561   359   404 E BatteryStatsService: no controller energy info supplied
10-12 18:05:48.571   359   404 E KernelUidCpuFreqTimeReader: Failed to read /proc/uid_time_in_state: java.io.FileNotFoundException: /proc/uid_time_in_state (No such file or directory)
10-12 18:05:49.121   359   897 I ServiceManager: Waiting for service media.audio_policy...
10-12 18:05:50.122   359   897 I ServiceManager: Waiting for service media.audio_policy...
10-12 18:05:51.123   359   897 W AudioSystem: AudioPolicyService not published, waiting...
10-12 18:05:51.624   359   897 I ServiceManager: Waiting for service media.audio_policy...
10-12 18:05:53.625   359   897 I chatty  : uid=1000(system) AudioService identical 2 lines
10-12 18:05:54.626   359   897 I ServiceManager: Waiting for service media.audio_policy...
10-12 18:05:55.627   359   897 W AudioSystem: AudioPolicyService not published, waiting...
10-12 18:05:56.127   359   897 I ServiceManager: Waiting for service media.audio_policy...
10-12 18:05:58.128   359   897 I chatty  : uid=1000(system) AudioService identical 2 lines
10-12 18:05:59.129   359   897 I ServiceManager: Waiting for service media.audio_policy...
10-12 18:06:00.130   359   897 W AudioSystem: AudioPolicyService not published, waiting...
10-12 18:06:00.631   359   897 I ServiceManager: Waiting for service media.audio_policy...
10-12 18:06:02.632   359   897 I chatty  : uid=1000(system) AudioService identical 2 lines
10-12 18:06:03.633   359   897 I ServiceManager: Waiting for service media.audio_policy...
10-12 18:06:04.633   359   897 W AudioSystem: AudioPolicyService not published, waiting...
10-12 18:06:05.134   359   897 I ServiceManager: Waiting for service media.audio_policy...
10-12 18:06:07.135   359   897 I chatty  : uid=1000(system) AudioService identical 2 lines
10-12 18:06:08.136   359   897 I ServiceManager: Waiting for service media.audio_policy...
10-12 18:06:09.136   359   897 W AudioSystem: AudioPolicyService not published, waiting...
10-12 18:06:09.637   359   897 I ServiceManager: Waiting for service media.audio_policy...
10-12 18:06:11.639   359   897 I chatty  : uid=1000(system) AudioService identical 2 lines
10-12 18:06:12.639   359   897 I ServiceManager: Waiting for service media.audio_policy...
10-12 18:06:13.640   359   897 W AudioSystem: AudioPolicyService not published, waiting...
10-12 18:06:14.141   359   897 I ServiceManager: Waiting for service media.audio_policy...
10-12 18:06:16.142   359   897 I chatty  : uid=1000(system) AudioService identical 2 lines
10-12 18:06:17.143   359   897 I ServiceManager: Waiting for service media.audio_policy...
10-12 18:06:18.144   359   897 W AudioSystem: AudioPolicyService not published, waiting...
10-12 18:06:18.644   359   897 I ServiceManager: Waiting for service media.audio_policy...
10-12 18:06:20.646   359   897 I chatty  : uid=1000(system) AudioService identical 2 lines
10-12 18:06:21.647   359   897 I ServiceManager: Waiting for service media.audio_policy...
10-12 18:06:22.647   359   897 W AudioSystem: AudioPolicyService not published, waiting...
10-12 18:06:23.148   359   897 I ServiceManager: Waiting for service media.audio_policy...
10-12 18:06:25.149   359   897 I chatty  : uid=1000(system) AudioService identical 2 lines
10-12 18:06:26.150   359   897 I ServiceManager: Waiting for service media.audio_policy...
10-12 18:06:27.150   359   897 W AudioSystem: AudioPolicyService not published, waiting...
10-12 18:06:27.651   359   897 I ServiceManager: Waiting for service media.audio_policy...
10-12 18:06:29.652   359   897 I chatty  : uid=1000(system) AudioService identical 2 lines
10-12 18:06:30.653   359   897 I ServiceManager: Waiting for service media.audio_policy...
10-12 18:06:31.654   359   897 W AudioSystem: AudioPolicyService not published, waiting...
10-12 18:06:32.155   359   897 I ServiceManager: Waiting for service media.audio_policy...
10-12 18:06:34.156   359   897 I chatty  : uid=1000(system) AudioService identical 2 lines
10-12 18:06:35.157   359   897 I ServiceManager: Waiting for service media.audio_policy...
10-12 18:06:36.157   359   897 W AudioSystem: AudioPolicyService not published, waiting...
10-12 18:06:36.658   359   897 I ServiceManager: Waiting for service media.audio_policy...
10-12 18:06:38.659   359   897 I chatty  : uid=1000(system) AudioService identical 2 lines
10-12 18:06:39.660   359   897 I ServiceManager: Waiting for service media.audio_policy...
10-12 18:06:40.661   359   897 W AudioSystem: AudioPolicyService not published, waiting...
10-12 18:06:41.162   359   897 I ServiceManager: Waiting for service media.audio_policy...
10-12 18:06:43.163   359   897 I chatty  : uid=1000(system) AudioService identical 2 lines
10-12 18:06:44.164   359   897 I ServiceManager: Waiting for service media.audio_policy...
10-12 18:06:45.165   359   897 W AudioSystem: AudioPolicyService not published, waiting...
10-12 18:06:45.665   359   897 I ServiceManager: Waiting for service media.audio_policy...
10-12 18:06:47.667   359   897 I chatty  : uid=1000(system) AudioService identical 2 lines
10-12 18:06:48.668   359   897 I ServiceManager: Waiting for service media.audio_policy...
10-12 18:06:49.668   359   897 W AudioSystem: AudioPolicyService not published, waiting...
10-12 18:06:50.169   359   897 I ServiceManager: Waiting for service media.audio_policy...
10-12 18:06:52.170   359   897 I chatty  : uid=1000(system) AudioService identical 2 lines
10-12 18:06:53.171   359   897 I ServiceManager: Waiting for service media.audio_policy...
10-12 18:06:54.172   359   897 W AudioSystem: AudioPolicyService not published, waiting...
10-12 18:06:54.672   359   897 I ServiceManager: Waiting for service media.audio_policy...
10-12 18:06:56.674   359   897 I chatty  : uid=1000(system) AudioService identical 2 lines
10-12 18:06:57.674   359   897 I ServiceManager: Waiting for service media.audio_policy...
10-12 18:06:58.675   359   897 W AudioSystem: AudioPolicyService not published, waiting...
10-12 18:06:59.176   359   897 I ServiceManager: Waiting for service media.audio_policy...
10-12 18:07:01.178   359   897 I chatty  : uid=1000(system) AudioService identical 2 lines
10-12 18:07:02.178   359   897 I ServiceManager: Waiting for service media.audio_policy...
10-12 18:07:03.179   359   897 W AudioSystem: AudioPolicyService not published, waiting...
10-12 18:07:03.679   359   897 I ServiceManager: Waiting for service media.audio_policy...
