10-12 18:03:04.475   359   359 I PackageManager: /system/priv-app/CarrierConfig changed; collecting certs
10-12 18:03:04.488   359   421 W PackageParser: No actions in intent filter at /system/priv-app/Contacts/Contacts.apk Binary XML file line #443
10-12 18:03:04.516   359   359 I PackageManager: /system/priv-app/CellBroadcastReceiver changed; collecting certs
10-12 18:03:04.691   359   359 I PackageManager: /system/priv-app/CtsShimPrivPrebuilt changed; collecting certs
10-12 18:03:04.739   359   359 I PackageManager: /system/priv-app/ContactsProvider changed; collecting certs
10-12 18:03:04.781   359   369 I zygote  : Background concurrent copying GC freed 6415(644KB) AllocSpace objects, 12(444KB) LOS objects, 53% free, 1341KB/2MB, paused 762us total 199.401ms
10-12 18:03:04.794   359   359 E PackageManager: Adding duplicate user id: 10001 name=com.android.providers.contacts
10-12 18:03:04.814   359   359 I PackageManager: /system/priv-app/DefaultContainerService changed; collecting certs
10-12 18:03:04.849   359   359 I PackageManager: /system/priv-app/Contacts changed; collecting certs
10-12 18:03:05.218   359   359 I PackageManager: /system/priv-app/DocumentsUI changed; collecting certs
10-12 18:03:05.327   359   359 I PackageManager: /system/priv-app/DownloadProvider changed; collecting certs
10-12 18:03:05.365   359   359 I PackageManager: New shared user android.media: id=10009
10-12 18:03:05.366   359   359 E PackageManager: Adding duplicate user id: 10009 name=com.android.providers.downloads
10-12 18:03:05.377   359   359 I PackageManager: /system/priv-app/EmergencyInfo changed; collecting certs
10-12 18:03:05.444   359   359 I PackageManager: New shared user com.android.emergency.uid: id=10010
10-12 18:03:05.445   359   359 E PackageManager: Adding duplicate user id: 10010 name=com.android.emergency
10-12 18:03:05.456   359   359 I PackageManager: /system/priv-app/ExtServices changed; collecting certs
10-12 18:03:05.474   359   359 I PackageManager: /system/priv-app/ExternalStorageProvider changed; collecting certs
10-12 18:03:05.500   359   359 I PackageManager: /system/priv-app/FusedLocation changed; collecting certs
10-12 18:03:05.520   359   359 E PackageManager: Adding duplicate shared id: 1000 name=com.android.location.fused
10-12 18:03:05.528   359   359 I PackageManager: /system/priv-app/Dialer changed; collecting certs
10-12 18:03:06.066   359   359 I PackageManager: /system/priv-app/InputDevices changed; collecting certs
10-12 18:03:06.090   359   359 E PackageManager: Adding duplicate shared id: 1000 name=com.android.inputdevices
10-12 18:03:06.101   359   359 I PackageManager: /system/priv-app/Launcher2 changed; collecting certs
10-12 18:03:06.164   359   420 W PackageParser: Ignoring duplicate uses-permissions/uses-permissions-sdk-m: android.permission.INSTALL_GRANT_RUNTIME_PERMISSIONS in package: com.android.shell at: Binary XML file line #105
10-12 18:03:06.202   359   359 I PackageManager: /system/priv-app/Gallery2 changed; collecting certs
10-12 18:03:06.453   359   369 I zygote  : Background concurrent copying GC freed 10609(826KB) AllocSpace objects, 11(252KB) LOS objects, 46% free, 1778KB/3MB, paused 640us total 127.136ms
10-12 18:03:06.488   359   359 I PackageManager: /system/priv-app/MmsService changed; collecting certs
10-12 18:03:06.505   359   359 E PackageManager: Adding duplicate shared id: 1001 name=com.android.mms.service
10-12 18:03:06.516   359   359 I PackageManager: /system/priv-app/MediaProvider changed; collecting certs
10-12 18:03:06.541   359   359 E PackageManager: Adding duplicate user id: 10009 name=com.android.providers.media
10-12 18:03:06.553   359   359 I PackageManager: /system/priv-app/ManagedProvisioning changed; collecting certs
10-12 18:03:06.669   359   359 I PackageManager: /system/priv-app/MtpDocumentsProvider changed; collecting certs
10-12 18:03:06.696   359   420 W PackageParser: Ignoring duplicate uses-permissions/uses-permissions-sdk-m: android.permission.CONFIGURE_WIFI_DISPLAY in package: com.android.systemui at: Binary XML file line #125
10-12 18:03:06.704   359   359 E PackageManager: Adding duplicate user id: 10009 name=com.android.mtp
10-12 18:03:06.718   359   359 I PackageManager: /system/priv-app/MusicFX changed; collecting certs
10-12 18:03:06.770   359   359 I PackageManager: /system/priv-app/OneTimeInitializer changed; collecting certs
10-12 18:03:06.800   359   359 I PackageManager: /system/priv-app/Provision changed; collecting certs
10-12 18:03:06.822   359   359 I PackageManager: /system/priv-app/ProxyHandler changed; collecting certs
10-12 18:03:06.850   359   359 I PackageManager: /system/priv-app/PackageInstaller changed; collecting certs
10-12 18:03:07.136   359   359 I PackageManager: /system/priv-app/SettingsProvider changed; collecting certs
10-12 18:03:07.159   359   359 E PackageManager: Adding duplicate shared id: 1000 name=com.android.providers.settings
10-12 18:03:07.169   359   359 I PackageManager: /system/priv-app/SharedStorageBackup changed; collecting certs
10-12 18:03:07.186   359   359 I PackageManager: /system/priv-app/Shell changed; collecting certs
10-12 18:03:07.210   359   359 E PackageManager: Adding duplicate shared id: 2000 name=com.android.shell
10-12 18:03:07.220   359   359 I PackageManager: /system/priv-app/StatementService changed; collecting certs
10-12 18:03:07.241   359   359 I PackageManager: /system/priv-app/Settings changed; collecting certs
10-12 18:03:08.645   359   359 E PackageManager: Adding duplicate shared id: 1000 name=com.android.settings
10-12 18:03:08.669   359   359 I PackageManager: /system/priv-app/StorageManager changed; collecting certs
10-12 18:03:08.870   359   359 I PackageManager: /system/priv-app/Tag changed; collecting certs
10-12 18:03:08.903   359   359 I PackageManager: /system/priv-app/TelephonyProvider changed; collecting certs
10-12 18:03:08.929   359   359 E PackageManager: Adding duplicate shared id: 1001 name=com.android.providers.telephony
10-12 18:03:08.939   359   359 I PackageManager: /system/priv-app/SystemUI changed; collecting certs
10-12 18:03:09.502   359   359 I PackageManager: New shared user android.uid.systemui: id=10026
10-12 18:03:09.502   359   359 E PackageManager: Adding duplicate user id: 10026 name=com.android.systemui
10-12 18:03:09.517   359   359 I PackageManager: /system/priv-app/Telecom changed; collecting certs
10-12 18:03:09.692   359   359 E PackageManager: Adding duplicate shared id: 1000 name=com.android.server.telecom
10-12 18:03:09.704   359   359 I PackageManager: /system/priv-app/TeleService changed; collecting certs
10-12 18:03:10.035   359   359 E PackageManager: Adding duplicate shared id: 1001 name=com.android.phone
10-12 18:03:10.048   359   359 I PackageManager: /system/priv-app/VpnDialogs changed; collecting certs
10-12 18:03:10.071   359   359 I PackageManager: /system/priv-app/WallpaperCropper changed; collecting certs
10-12 18:03:10.157   359   359 I PackageManager: /system/app/BluetoothMidiService changed; collecting certs
10-12 18:03:10.187   359   359 I PackageManager: /system/app/BasicDreams changed; collecting certs
10-12 18:03:10.195   359   426 W PackageParser: Ignoring duplicate uses-permissions/uses-permissions-sdk-m: android.permission.READ_CONTACTS in package: com.android.bluetooth at: Binary XML file line #61
10-12 18:03:10.233   359   426 W PackageParser: No actions in intent filter at /system/app/Bluetooth/Bluetooth.apk Binary XML file line #218
10-12 18:03:10.250   359   359 I PackageManager: /system/app/BookmarkProvider changed; collecting certs
10-12 18:03:10.287   359   369 I zygote  : Background concurrent copying GC freed 12467(978KB) AllocSpace objects, 14(592KB) LOS objects, 44% free, 1923KB/3MB, paused 885us total 179.046ms
10-12 18:03:10.288   359   359 I PackageManager: /system/app/Browser2 changed; collecting certs
10-12 18:03:10.326   359   426 W PackageParser: No actions in intent filter at /system/app/CarrierDefaultApp/CarrierDefaultApp.apk Binary XML file line #49
10-12 18:03:10.347   359   359 I PackageManager: /system/app/BuiltInPrintService changed; collecting certs
10-12 18:03:10.404   359   359 I PackageManager: /system/app/Bluetooth changed; collecting certs
10-12 18:03:10.543   359   359 E PackageManager: Adding duplicate shared id: 1002 name=com.android.bluetooth
10-12 18:03:10.571   359   359 I PackageManager: /system/app/CaptivePortalLogin changed; collecting certs
10-12 18:03:10.599   359   359 I PackageManager: /system/app/CarrierDefaultApp changed; collecting certs
10-12 18:03:10.636   359   359 I PackageManager: /system/app/Calendar changed; collecting certs
10-12 18:03:10.663   359   426 W PackageParser: Ignoring duplicate uses-permissions/uses-permissions-sdk-m: android.permission.WRITE_CONTACTS in package: com.android.email at: Binary XML file line #40
10-12 18:03:10.774   359   359 I PackageManager: /system/app/Camera2 changed; collecting certs
10-12 18:03:11.024   359   359 I PackageManager: /system/app/CtsShimPrebuilt changed; collecting certs
10-12 18:03:11.042   359   359 I PackageManager: /system/app/CompanionDeviceManager changed; collecting certs
10-12 18:03:11.065   359   359 I PackageManager: /system/app/CertInstaller changed; collecting certs
10-12 18:03:11.083   359   426 W PackageParser: Ignoring duplicate uses-permissions/uses-permissions-sdk-m: android.permission.CHANGE_WIFI_STATE in package: com.android.nfc at: Binary XML file line #47
10-12 18:03:11.083   359   426 W PackageParser: Ignoring duplicate uses-permissions/uses-permissions-sdk-m: android.permission.ACCESS_WIFI_STATE in package: com.android.nfc at: Binary XML file line #48
10-12 18:03:11.084   206   206 E QMI_FW  : QMUXD: WARNING qmi_qmux_if_pwr_up_init failed! rc=-1
10-12 18:03:11.108   359   359 I PackageManager: /system/app/DownloadProviderUi changed; collecting certs
10-12 18:03:11.140   359   359 E PackageManager: Adding duplicate user id: 10009 name=com.android.providers.downloads.ui
10-12 18:03:11.151   359   359 I PackageManager: /system/app/EasterEgg changed; collecting certs
10-12 18:03:11.184   359   359 I PackageManager: /system/app/Development changed; collecting certs
10-12 18:03:11.205   359   359 E PackageManager: Adding duplicate shared id: 1000 name=com.android.development
10-12 18:03:11.217   359   359 I PackageManager: /system/app/ExtShared changed; collecting certs
10-12 18:03:11.234   359   359 I PackageManager: /system/app/DeskClock changed; collecting certs
10-12 18:03:11.450   359   359 I PackageManager: /system/app/ExactCalculator changed; collecting certs
10-12 18:03:11.507   359   359 I PackageManager: /system/app/KeyChain changed; collecting certs
10-12 18:03:11.529   359   359 E PackageManager: Adding duplicate shared id: 1000 name=com.android.keychain
10-12 18:03:11.545   359   359 I PackageManager: /system/app/HTMLViewer changed; collecting certs
10-12 18:03:11.569   359   359 I PackageManager: /system/app/Email changed; collecting certs
10-12 18:03:11.716   359   369 I zygote  : Background concurrent copying GC freed 14660(1162KB) AllocSpace objects, 11(280KB) LOS objects, 43% free, 2005KB/3MB, paused 579us total 181.976ms
10-12 18:03:11.894   359   359 I PackageManager: /system/app/LatinIME changed; collecting certs
10-12 18:03:12.608   359   359 I PackageManager: /system/app/LiveWallpapersPicker changed; collecting certs
10-12 18:03:12.678   359   359 I PackageManager: /system/app/NfcNci changed; collecting certs
10-12 18:03:12.742   359   359 E PackageManager: Adding duplicate shared id: 1027 name=com.android.nfc
10-12 18:03:12.750   359   359 I PackageManager: /system/app/Music changed; collecting certs
10-12 18:03:12.783   359   359 I PackageManager: /system/app/OpenWnn changed; collecting certs
10-12 18:03:12.874   359   359 I PackageManager: /system/app/PacProcessor changed; collecting certs
10-12 18:03:12.890   359   359 I PackageManager: /system/app/PhotoTable changed; collecting certs
10-12 18:03:12.933   359   359 I PackageManager: /system/app/PicoTts changed; collecting certs
10-12 18:03:12.949   359   359 I PackageManager: /system/app/PrintRecommendationService changed; collecting certs
10-12 18:03:12.955   359   359 I PackageManager: /system/app/PrintSpooler changed; collecting certs
10-12 18:03:12.971   359   359 I PackageManager: /system/app/QuickSearchBox changed; collecting certs
10-12 18:03:12.983   359   359 I PackageManager: /system/app/SpareParts changed; collecting certs
10-12 18:03:12.989   359   359 I PackageManager: /system/app/Stk changed; collecting certs
10-12 18:03:12.995   359   359 E PackageManager: Adding duplicate shared id: 1001 name=com.android.stk
10-12 18:03:12.998   359   359 I PackageManager: /system/app/UserDictionaryProvider changed; collecting certs
10-12 18:03:13.003   359   359 E PackageManager: Adding duplicate user id: 10001 name=com.android.providers.userdictionary
10-12 18:03:13.005   359   359 I PackageManager: /system/app/WAPPushManager changed; collecting certs
10-12 18:03:13.011   359   359 I PackageManager: /system/app/WallpaperBackup changed; collecting certs
10-12 18:03:13.015   359   359 E PackageManager: Adding duplicate shared id: 1000 name=com.android.wallpaperbackup
10-12 18:03:13.017   359   359 I PackageManager: /system/app/webview changed; collecting certs
10-12 18:03:14.330   359   359 I PackageManager: /system/app/messaging changed; collecting certs
10-12 18:03:14.535   359   359 D PackageManager: No files in app dir /system/vendor/app
10-12 18:03:14.536   359   359 D PackageManager: No files in app dir /oem/app
10-12 18:03:14.539   359   359 D PackageManager: No files in app dir /data/app
10-12 18:03:14.540   359   359 D PackageManager: No files in app dir /data/app-private
10-12 18:03:14.548   359   359 I PackageManager: Time to scan packages: 11.688 seconds
10-12 18:03:14.589   359   359 V PackageManager: reconcileAppsData for null u0 0x3 migrateAppData=true
10-12 18:03:14.596   209   385 I SELinux : SELinux: Loaded file_contexts
10-12 18:03:14.612   209   230 W installd: Requested default storage /data/user_de/0/com.android.providers.telephony is not active; migrating from /data/data/com.android.providers.telephony
10-12 18:03:14.655   209   385 W installd: Requested default storage /data/user_de/0/com.android.defcontainer is not active; migrating from /data/data/com.android.defcontainer
10-12 18:03:14.680   209   385 W installd: Requested default storage /data/user_de/0/android is not active; migrating from /data/data/android
10-12 18:03:14.709   209   209 W installd: Requested default storage /data/user_de/0/com.android.providers.settings is not active; migrating from /data/data/com.android.providers.settings
10-12 18:03:14.740   209   371 W installd: Requested default storage /data/user_de/0/com.android.inputdevices is not active; migrating from /data/data/com.android.inputdevices
10-12 18:03:14.772   209   230 W installd: Requested default storage /data/user_de/0/android.ext.shared is not active; migrating from /data/data/android.ext.shared
10-12 18:03:14.795   209   385 W installd: Requested default storage /data/user_de/0/com.android.server.telecom is not active; migrating from /data/data/com.android.server.telecom
10-12 18:03:14.842   209   371 W installd: Requested default storage /data/user_de/0/android.ext.services is not active; migrating from /data/data/android.ext.services
10-12 18:03:14.882   209   230 W installd: Requested default storage /data/user_de/0/com.android.packageinstaller is not active; migrating from /data/data/com.android.packageinstaller
10-12 18:03:14.922   209   385 W installd: Requested default storage /data/user_de/0/com.android.proxyhandler is not active; migrating from /data/data/com.android.proxyhandler
10-12 18:03:14.957   209   385 W installd: Requested default storage /data/user_de/0/com.android.inputmethod.latin is not active; migrating from /data/data/com.android.inputmethod.latin
10-12 18:03:14.991   209   385 W installd: Requested default storage /data/user_de/0/com.android.settings is not active; migrating from /data/data/com.android.settings
10-12 18:03:15.023   209   209 W installd: Requested default storage /data/user_de/0/com.android.phone is not active; migrating from /data/data/com.android.phone
10-12 18:03:15.053   209   371 W installd: Requested default storage /data/user_de/0/com.android.shell is not active; migrating from /data/data/com.android.shell
10-12 18:03:15.088   209   230 W installd: Requested default storage /data/user_de/0/com.android.location.fused is not active; migrating from /data/data/com.android.location.fused
10-12 18:03:15.115   209   385 W installd: Requested default storage /data/user_de/0/com.android.systemui is not active; migrating from /data/data/com.android.systemui
10-12 18:03:15.126   359   359 V PackageManager: reconcileAppsData finished 18 packages
10-12 18:03:15.129   359   359 V PackageManager: Disabling com.google.android.gsf/com.google.android.gsf.update.SystemUpdateActivity
10-12 18:03:15.129   359   430 D SystemServerInitThreadPool: Started executing prepareAppData
10-12 18:03:15.129   359   359 W PackageManager: Unable to disable com.google.android.gsf/com.google.android.gsf.update.SystemUpdateActivity
10-12 18:03:15.129   359   359 V PackageManager: Disabling com.google.android.gsf/com.google.android.gsf.update.SystemUpdateService$Receiver
10-12 18:03:15.129   359   359 W PackageManager: Unable to disable com.google.android.gsf/com.google.android.gsf.update.SystemUpdateService$Receiver
10-12 18:03:15.129   359   359 V PackageManager: Disabling com.google.android.gsf/com.google.android.gsf.update.SystemUpdateService$SecretCodeReceiver
10-12 18:03:15.130   359   359 W PackageManager: Unable to disable com.google.android.gsf/com.google.android.gsf.update.SystemUpdateService$SecretCodeReceiver
10-12 18:03:15.130   359   359 V PackageManager: Disabling com.google.android.gms/com.google.android.gms.update.SystemUpdateActivity
10-12 18:03:15.130   359   359 W PackageManager: Unable to disable com.google.android.gms/com.google.android.gms.update.SystemUpdateActivity
10-12 18:03:15.130   359   359 V PackageManager: Disabling com.google.android.gms/com.google.android.gms.update.SystemUpdateService$Receiver
10-12 18:03:15.130   359   359 W PackageManager: Unable to disable com.google.android.gms/com.google.android.gms.update.SystemUpdateService$Receiver
10-12 18:03:15.130   359   359 V PackageManager: Disabling com.google.android.gms/com.google.android.gms.update.SystemUpdateService$ActiveReceiver
10-12 18:03:15.130   359   359 W PackageManager: Unable to disable com.google.android.gms/com.google.android.gms.update.SystemUpdateService$ActiveReceiver
10-12 18:03:15.130   359   359 V PackageManager: Disabling com.google.android.gms/com.google.android.gms.update.SystemUpdateService$SecretCodeReceiver
10-12 18:03:15.130   359   359 W PackageManager: Unable to disable com.google.android.gms/com.google.android.gms.update.SystemUpdateService$SecretCodeReceiver
10-12 18:03:15.133   359   359 V PackageManager: Enabling com.google.android.gsf/com.google.android.gsf.update.SystemUpdateService
10-12 18:03:15.134   359   359 W PackageManager: Unable to enable com.google.android.gsf/com.google.android.gsf.update.SystemUpdateService
10-12 18:03:15.134   359   359 V PackageManager: Enabling com.google.android.gms/com.google.android.gms.update.SystemUpdateService
10-12 18:03:15.134   359   359 W PackageManager: Unable to enable com.google.android.gms/com.google.android.gms.update.SystemUpdateService
10-12 18:03:15.134   209   371 W installd: Ignoring /data/data/com.android.defcontainer/lib with unexpected GID 0 instead of 10006
10-12 18:03:15.138   209   371 W installd: Ignoring /data/data/com.android.inputmethod.latin/lib with unexpected GID 0 instead of 10047
10-12 18:03:15.142   209   371 W installd: Ignoring /data/user_de/0/com.android.defcontainer/lib with unexpected GID 0 instead of 10006
10-12 18:03:15.146   209   371 W installd: Ignoring /data/user_de/0/com.android.inputmethod.latin/lib with unexpected GID 0 instead of 10047
10-12 18:03:15.149   359   430 D SystemServerTimingAsync: AppDataFixup took to complete: 20ms
10-12 18:03:15.347   359   359 E PackageManager: There should probably be a verifier, but, none were found
10-12 18:03:15.427   359   359 D PackageManager: Ephemeral resolver not found with new action; try old one
10-12 18:03:15.428   359   359 D PackageManager: Ephemeral resolver NOT found; no matching intent filters
10-12 18:03:15.428   359   359 D PackageManager: Ephemeral installer not found with new action; try old one
10-12 18:03:15.429   359   359 D PackageManager: Clear ephemeral installer activity
10-12 18:03:15.466   359   359 I zygote  : Waiting for a blocking GC Explicit
10-12 18:03:15.515   359   359 I zygote  : WaitForGcToComplete blocked for 48.400ms for cause Explicit
10-12 18:03:15.568   359   359 I zygote  : Explicit concurrent copying GC freed 6119(277KB) AllocSpace objects, 0(0B) LOS objects, 42% free, 2MB/3MB, paused 152us total 52.551ms
10-12 18:03:15.570   359   359 D FallbackCategoryProvider: Found 1 fallback categories
10-12 18:03:15.573   359   359 D SystemServerTiming: StartPackageManagerService took to complete: 12914ms
10-12 18:03:15.573   359   359 I SystemServer: StartOtaDexOptService
10-12 18:03:15.575   359   359 D OTADexopt: No upgrade, skipping A/B artifacts check.
10-12 18:03:15.575   359   359 D SystemServerTiming: StartOtaDexOptService took to complete: 2ms
10-12 18:03:15.575   359   359 I SystemServer: StartUserManagerService
10-12 18:03:15.575   359   359 I SystemServiceManager: Starting com.android.server.pm.UserManagerService$LifeCycle
10-12 18:03:15.577   359   359 D SystemServerTiming: StartUserManagerService took to complete: 2ms
10-12 18:03:15.577   359   359 I SystemServer: InitAttributerCache
10-12 18:03:15.577   359   359 D SystemServerTiming: InitAttributerCache took to complete: 0ms
10-12 18:03:15.577   359   359 I SystemServer: SetSystemProcess
10-12 18:03:15.605   197   197 I lowmemorykiller: ActivityManager connected
10-12 18:03:15.607   359   359 D SystemServerTiming: SetSystemProcess took to complete: 30ms
10-12 18:03:15.610   359   432 I ServiceThread: Enabled StrictMode logging for android.anim looper.
10-12 18:03:15.610   359   359 I SystemServer: StartOverlayManagerService
10-12 18:03:15.613   359   359 D SystemServerTiming: StartOverlayManagerService took to complete: 3ms
10-12 18:03:15.613   359   433 D SystemServerInitThreadPool: Started executing Init OverlayManagerService
10-12 18:03:15.614   359   359 I SystemServer: StartDropBoxManager
10-12 18:03:15.615   359   359 I SystemServiceManager: Starting com.android.server.DropBoxManagerService
10-12 18:03:15.616   359   434 D SystemServerInitThreadPool: Started executing StartSensorService
10-12 18:03:15.617   359   434 D SensorService: nuSensorService starting...
10-12 18:03:15.618   168   168 W /system/bin/hwservicemanager: getTransportFromManifest: Cannot find entry android.hardware.sensors@1.0::ISensors in either framework or device manifest, using default transport.
10-12 18:03:15.618   359   359 D SystemServerTiming: StartDropBoxManager took to complete: 4ms
10-12 18:03:15.618   359   359 I SystemServer: StartBatteryService
10-12 18:03:15.619   359   359 I SystemServiceManager: Starting com.android.server.BatteryService
10-12 18:03:15.633   359   397 E LightsService: Light requested not available on this device. 3
10-12 18:03:15.638   359   359 D SystemServerTiming: StartBatteryService took to complete: 20ms
10-12 18:03:15.638   359   359 I SystemServer: StartUsageService
10-12 18:03:15.639   359   433 D SystemServerInitThreadPool: Finished executing Init OverlayManagerService
10-12 18:03:15.640   359   359 I SystemServiceManager: Starting com.android.server.usage.UsageStatsService
10-12 18:03:15.645   359   434 I vndksupport: sphal namespace is not configured for this process. Loading /vendor/lib/hw/sensors.msm8960.so from the current namespace instead.
10-12 18:03:15.695   359   434 W MultiHal: dlerror(): dlopen failed: library "sensors.mako.so" not found
10-12 18:03:15.695   359   434 E system_server: HAL specifies version 1.4, but does not implement set_operation_mode()
10-12 18:03:15.697   359   434 I SensorService: Generated new HMAC key.
10-12 18:03:15.698   359   434 D SystemServerTimingAsync: StartSensorService took to complete: 82ms
10-12 18:03:15.698   359   434 D SystemServerInitThreadPool: Finished executing StartSensorService
10-12 18:03:15.701   359   359 W SystemServiceManager: Service com.android.server.usage.UsageStatsService took 54 ms in onStart
10-12 18:03:15.701   359   359 D SystemServerTiming: StartUsageService took to complete: 63ms
10-12 18:03:15.701   359   359 I SystemServer: StartWebViewUpdateService
10-12 18:03:15.702   359   359 I SystemServiceManager: Starting com.android.server.webkit.WebViewUpdateService
10-12 18:03:15.713   359   359 D SystemServerTiming: StartWebViewUpdateService took to complete: 11ms
10-12 18:03:15.719   359   359 I SystemServer: StartKeyAttestationApplicationIdProviderService
10-12 18:03:15.719   359   399 D SystemServerInitThreadPool: Started executing SecondaryZygotePreload
10-12 18:03:15.719   359   399 I SystemServer: SecondaryZygotePreload
10-12 18:03:15.722   359   359 D SystemServerTiming: StartKeyAttestationApplicationIdProviderService took to complete: 3ms
10-12 18:03:15.722   359   359 I SystemServer: StartKeyChainSystemService
10-12 18:03:15.722   359   359 I SystemServiceManager: Starting com.android.server.security.KeyChainSystemService
10-12 18:03:15.722   359   359 D SystemServerTiming: StartKeyChainSystemService took to complete: 0ms
10-12 18:03:15.722   359   359 I SystemServer: StartSchedulingPolicyService
10-12 18:03:15.724   359   359 D SystemServerTiming: StartSchedulingPolicyService took to complete: 1ms
10-12 18:03:15.724   359   359 I SystemServer: StartTelecomLoaderService
10-12 18:03:15.724   359   359 I SystemServiceManager: Starting com.android.server.telecom.TelecomLoaderService
10-12 18:03:15.725   359   359 D SystemServerTiming: StartTelecomLoaderService took to complete: 1ms
10-12 18:03:15.725   359   359 I SystemServer: StartTelephonyRegistry
10-12 18:03:15.729   359   359 D SystemServerTiming: StartTelephonyRegistry took to complete: 4ms
10-12 18:03:15.729   359   359 I SystemServer: StartEntropyMixer
10-12 18:03:15.733   359   399 I Zygote  : Process: zygote socket zygote opened, supported ABIS: armeabi-v7a,armeabi
10-12 18:03:15.734   359   359 W EntropyMixer: No existing entropy file -- first boot?
10-12 18:03:15.739   359   359 I EntropyMixer: Added HW RNG output to entropy pool
10-12 18:03:15.739   359   359 I EntropyMixer: Writing entropy...
10-12 18:03:15.744   359   399 E SystemServer: Unable to preload default resources
10-12 18:03:15.744   359   399 D SystemServerTimingAsync: SecondaryZygotePreload took to complete: 25ms
10-12 18:03:15.744   359   399 D SystemServerInitThreadPool: Finished executing SecondaryZygotePreload
10-12 18:03:15.783   359   359 D SystemServerTiming: StartEntropyMixer took to complete: 54ms
10-12 18:03:15.784   359   359 I SystemServer: Camera Service Proxy
10-12 18:03:15.784   359   359 I SystemServer: StartCameraServiceProxy
10-12 18:03:15.784   359   359 I SystemServiceManager: Starting com.android.server.camera.CameraServiceProxy
10-12 18:03:15.794   359   438 I ServiceThread: Enabled StrictMode logging for CameraService_proxy looper.
10-12 18:03:15.796   359   359 D SystemServerTiming: StartCameraServiceProxy took to complete: 12ms
10-12 18:03:15.796   359   359 I SystemServer: StartAccountManagerService
10-12 18:03:15.796   359   359 I SystemServiceManager: Starting com.android.server.accounts.AccountManagerService$Lifecycle
10-12 18:03:15.813   359   359 D SystemServerTiming: StartAccountManagerService took to complete: 17ms
10-12 18:03:15.813   359   359 I SystemServer: StartContentService
10-12 18:03:15.814   359   359 I SystemServiceManager: Starting com.android.server.content.ContentService$Lifecycle
10-12 18:03:15.823   359   359 D SystemServerTiming: StartContentService took to complete: 9ms
10-12 18:03:15.823   359   359 I SystemServer: InstallSystemProviders
10-12 18:03:15.897   209   371 W installd: Requested default storage /data/user_de/0/com.android.stk is not active; migrating from /data/data/com.android.stk
10-12 18:03:16.141   209   230 W installd: Requested default storage /data/user_de/0/com.android.cellbroadcastreceiver is not active; migrating from /data/data/com.android.cellbroadcastreceiver
10-12 18:03:16.303   359   359 I SettingsState: No settings state /data/system/users/0/settings_system.xml
10-12 18:03:16.324   359   359 I SettingsState: No settings state /data/system/users/0/settings_secure.xml
10-12 18:03:16.329   359   359 D SettingsProvider: Generated and saved new ANDROID_ID [a278eabbb0aeac09] for user 0
10-12 18:03:16.349   359   359 I SettingsState: No settings state /data/system/users/0/settings_global.xml
10-12 18:03:16.389   359   359 D SettingsProvider: Setting [] as Autofill Service for user 0
10-12 18:03:16.491   359   359 I SettingsState: No settings state /data/system/users/0/settings_ssaid.xml
10-12 18:03:16.509   359   359 D SystemServerTiming: InstallSystemProviders took to complete: 686ms
10-12 18:03:16.509   359   359 I SystemServer: StartVibratorService
10-12 18:03:16.512   168   168 W /system/bin/hwservicemanager: getTransportFromManifest: Cannot find entry android.hardware.vibrator@1.0::IVibrator in either framework or device manifest, using default transport.
10-12 18:03:16.528   359   359 I vndksupport: sphal namespace is not configured for this process. Loading /vendor/lib/hw/vibrator.default.so from the current namespace instead.
10-12 18:03:16.534   359   359 D         : Vibrator using timed_output
10-12 18:03:16.542   359   359 D SystemServerTiming: StartVibratorService took to complete: 33ms
10-12 18:03:16.542   359   359 I SystemServer: StartConsumerIrService
10-12 18:03:16.545   168   168 W /system/bin/hwservicemanager: getTransportFromManifest: Cannot find entry android.hardware.ir@1.0::IConsumerIr in either framework or device manifest, using default transport.
10-12 18:03:16.548   359   359 D SystemServerTiming: StartConsumerIrService took to complete: 5ms
10-12 18:03:16.548   359   359 I SystemServer: StartAlarmManagerService
10-12 18:03:16.548   359   359 I SystemServiceManager: Starting com.android.server.AlarmManagerService
10-12 18:03:16.552   359   359 D AlarmManagerService: Kernel timezone updated to 0 minutes west of GMT
10-12 18:03:16.569   359   359 D SystemServerTiming: StartAlarmManagerService took to complete: 20ms
10-12 18:03:16.569   359   359 I SystemServer: InitWatchdog
10-12 18:03:16.571   359   359 D SystemServerTiming: InitWatchdog took to complete: 2ms
10-12 18:03:16.571   359   359 I SystemServer: StartInputManagerService
10-12 18:03:16.573   359   359 I InputManager: Initializing input manager, mUseDevInputEventForAudioJack=true
10-12 18:03:16.576   359   359 D SystemServerTiming: StartInputManagerService took to complete: 5ms
10-12 18:03:16.576   359   359 I SystemServer: StartWindowManagerService
10-12 18:03:16.622   359   409 I WindowManager: No existing display settings /data/system/display_settings.xml; starting empty
10-12 18:03:16.744   359   359 D SystemServerTiming: StartWindowManagerService took to complete: 168ms
10-12 18:03:16.753   359   359 I SystemServer: StartVrManagerService
10-12 18:03:16.753   359   433 D SystemServerInitThreadPool: Started executing StartHidlServices
10-12 18:03:16.753   359   433 I SystemServer: StartHidlServices
10-12 18:03:16.753   359   359 I SystemServiceManager: Starting com.android.server.vr.VrManagerService
10-12 18:03:16.763   359   433 D SystemServerTiming: StartHidlServices took to complete: 10ms
10-12 18:03:16.763   359   433 D SystemServerInitThreadPool: Finished executing StartHidlServices
10-12 18:03:16.764   168   168 W /system/bin/hwservicemanager: getTransportFromManifest: Cannot find entry android.hardware.vr@1.0::IVr in either framework or device manifest, using default transport.
10-12 18:03:16.765   359   359 W VrManagerService: init_native: Could not open IVr interface
10-12 18:03:16.769   359   359 D SystemServerTiming: StartVrManagerService took to complete: 16ms
10-12 18:03:16.769   359   359 I SystemServer: SetWindowManagerService
10-12 18:03:16.797   359   359 D SystemServerTiming: SetWindowManagerService took to complete: 28ms
10-12 18:03:16.798   359   359 I SystemServer: StartInputManager
10-12 18:03:16.798   359   359 I InputManager: Starting input manager
10-12 18:03:16.811   359   453 D EventHub: No input device configuration file found for device 'pmic8xxx_pwrkey'.
10-12 18:03:16.815   359   453 W EventHub: Unable to disable kernel key repeat for /dev/input/event0: Function not implemented
10-12 18:03:16.815   359   453 I EventHub: New device: id=1, fd=99, path='/dev/input/event0', name='pmic8xxx_pwrkey', classes=0x1, configuration='', keyLayout='/system/usr/keylayout/pmic8xxx_pwrkey.kl', keyCharacterMap='/system/usr/keychars/pmic8xxx_pwrkey.kcm', builtinKeyboard=false, wakeMechanism=EVIOCSSUSPENDBLOCK, usingClockIoctl=true
10-12 18:03:16.816   359   453 D EventHub: No input device configuration file found for device 'keypad_8064'.
10-12 18:03:16.818   359   359 D SystemServerTiming: StartInputManager took to complete: 20ms
10-12 18:03:16.818   359   359 I SystemServer: DisplayManagerWindowManagerAndInputReady
10-12 18:03:16.819   359   359 D SystemServerTiming: DisplayManagerWindowManagerAndInputReady took to complete: 1ms
10-12 18:03:16.819   359   359 I SystemServer: StartBluetoothService
10-12 18:03:16.819   359   453 W EventHub: Unable to disable kernel key repeat for /dev/input/event1: Function not implemented
10-12 18:03:16.819   359   453 I EventHub: New device: id=2, fd=100, path='/dev/input/event1', name='keypad_8064', classes=0x1, configuration='', keyLayout='/system/usr/keylayout/keypad_8064.kl', keyCharacterMap='/system/usr/keychars/keypad_8064.kcm', builtinKeyboard=false, wakeMechanism=EVIOCSSUSPENDBLOCK, usingClockIoctl=true
10-12 18:03:16.820   359   453 D EventHub: No input device configuration file found for device 'apq8064-tabla-snd-card Headset Jack'.
10-12 18:03:16.820   359   453 I EventHub: New device: id=3, fd=101, path='/dev/input/event4', name='apq8064-tabla-snd-card Headset Jack', classes=0x80, configuration='', keyLayout='', keyCharacterMap='', builtinKeyboard=false, wakeMechanism=EVIOCSSUSPENDBLOCK, usingClockIoctl=true
10-12 18:03:16.820   359   453 D EventHub: No input device configuration file found for device 'apq8064-tabla-snd-card Button Jack'.
10-12 18:03:16.821   359   359 I SystemServiceManager: Starting com.android.server.BluetoothService
10-12 18:03:16.828   359   453 W EventHub: Unable to disable kernel key repeat for /dev/input/event3: Function not implemented
10-12 18:03:16.829   359   453 I EventHub: New device: id=4, fd=102, path='/dev/input/event3', name='apq8064-tabla-snd-card Button Jack', classes=0x1, configuration='', keyLayout='/system/usr/keylayout/apq8064-tabla-snd-card_Button_Jack.kl', keyCharacterMap='/system/usr/keychars/apq8064-tabla-snd-card_Button_Jack.kcm', builtinKeyboard=false, wakeMechanism=EVIOCSSUSPENDBLOCK, usingClockIoctl=true
10-12 18:03:16.829   359   453 D EventHub: No input device configuration file found for device 'hs_detect'.
10-12 18:03:16.831   359   453 W EventHub: Unable to disable kernel key repeat for /dev/input/event5: Function not implemented
10-12 18:03:16.832   359   453 I EventHub: New device: id=5, fd=103, path='/dev/input/event5', name='hs_detect', classes=0x81, configuration='', keyLayout='/system/usr/keylayout/hs_detect.kl', keyCharacterMap='/system/usr/keychars/hs_detect.kcm', builtinKeyboard=false, wakeMechanism=EVIOCSSUSPENDBLOCK, usingClockIoctl=true
10-12 18:03:16.833   359   453 I EventHub: New device: id=6, fd=104, path='/dev/input/event2', name='touch_dev', classes=0x14, configuration='/system/usr/idc/touch_dev.idc', keyLayout='', keyCharacterMap='', builtinKeyboard=false, wakeMechanism=EVIOCSSUSPENDBLOCK, usingClockIoctl=true
10-12 18:03:16.840   359   359 D BluetoothManagerService: Loading stored name and address
10-12 18:03:16.840   359   359 D BluetoothManagerService: Stored bluetooth Name=null,Address=null
10-12 18:03:16.841   359   359 D BluetoothManagerService: Bluetooth persisted state: 1
10-12 18:03:16.841   359   359 D BluetoothManagerService: Startup: Bluetooth persisted state is ON.
10-12 18:03:16.842   359   359 D SystemServerTiming: StartBluetoothService took to complete: 23ms
10-12 18:03:16.842   359   359 I SystemServer: IpConnectivityMetrics
10-12 18:03:16.843   359   359 I SystemServiceManager: Starting com.android.server.connectivity.IpConnectivityMetrics
10-12 18:03:16.847   359   359 D SystemServerTiming: IpConnectivityMetrics took to complete: 5ms
10-12 18:03:16.847   359   359 I SystemServer: PinnerService
10-12 18:03:16.847   359   359 I SystemServiceManager: Starting com.android.server.PinnerService
10-12 18:03:16.850   359   453 I InputReader: Device added: id=-1, name='Virtual', sources=0x00000301
10-12 18:03:16.851   359   453 I InputReader:   Touch device 'touch_dev' could not query the properties of its associated display.  The device will be inoperable until the display size becomes available.
10-12 18:03:16.851   359   453 I InputReader: Device added: id=6, name='touch_dev', sources=0x00001002
10-12 18:03:16.852   359   453 I InputReader: Device added: id=5, name='hs_detect', sources=0x80000101
10-12 18:03:16.852   359   453 I InputReader: Device added: id=4, name='apq8064-tabla-snd-card Button Jack', sources=0x00000101
10-12 18:03:16.852   359   453 I InputReader: Device added: id=3, name='apq8064-tabla-snd-card Headset Jack', sources=0x80000000
10-12 18:03:16.852   359   453 I InputReader: Device added: id=2, name='keypad_8064', sources=0x00000101
10-12 18:03:16.852   359   453 I InputReader: Device added: id=1, name='pmic8xxx_pwrkey', sources=0x00000101
10-12 18:03:16.854   359   359 D SystemServerTiming: PinnerService took to complete: 7ms
10-12 18:03:16.854   359   359 I SystemServer: StartInputMethodManagerLifecycle
10-12 18:03:16.854   359   359 I SystemServiceManager: Starting com.android.server.InputMethodManagerService$Lifecycle
10-12 18:03:16.879   209   209 W installd: Requested default storage /data/user_de/0/com.android.providers.blockednumber is not active; migrating from /data/data/com.android.providers.blockednumber
10-12 18:03:16.887   359   359 D SystemServerTiming: StartInputMethodManagerLifecycle took to complete: 33ms
10-12 18:03:16.887   359   359 I SystemServer: StartAccessibilityManagerService
10-12 18:03:16.895   359   359 D SystemServerTiming: StartAccessibilityManagerService took to complete: 7ms
10-12 18:03:16.895   359   359 I SystemServer: MakeDisplayReady
10-12 18:03:16.897   359   359 I ActivityManager: Config changes=5df8 {1.0 ?mcc?mnc [en_US] ldltr sw384dp w384dp h640dp 320dpi nrml long port ?uimode ?night -touch -keyb/h/h -nav/h appBounds=Rect(0, 0 - 768, 1280) s.2}
10-12 18:03:16.903   359   400 I UsageStatsDatabase: Upgrading from version 0 to 3
10-12 18:03:16.903   359   359 I ActivityManager: Override config changes=40007dfc {1.0 ?mcc?mnc [en_US] ldltr sw384dp w384dp h640dp 320dpi nrml long port ?uimode ?night -touch -keyb/h/h -nav/h appBounds=Rect(0, 0 - 768, 1280) s.2} for displayId=0
10-12 18:03:16.903   359   400 I UsageStatsDatabase: Deleting all usage stats files
10-12 18:03:16.914   359   400 I UsageStatsService: User[0] Rollover scheduled @ 2017-10-13 18:03:16(1507917796898)
10-12 18:03:16.915   359   400 D UsageStatsService: Initializing defaults for system apps on user 0
10-12 18:03:16.918   359   453 I InputReader: Reconfiguring input devices.  changes=0x00000004
10-12 18:03:16.918   359   453 I InputReader: Device reconfigured: id=6, name='touch_dev', size 768x1280, orientation 0, mode 1, display id 0
10-12 18:03:16.919   359   453 I InputReader: Reconfiguring input devices.  changes=0x00000004
10-12 18:03:16.920   359   359 I ActivityManager: Config changes=508 {1.0 ?mcc?mnc [en_US] ldltr sw384dp w384dp h568dp 320dpi nrml port ?uimode ?night finger -keyb/h/h -nav/h appBounds=Rect(0, 0 - 768, 1184) s.3}
10-12 18:03:16.936   359   359 I ActivityManager: Override config changes=508 {1.0 ?mcc?mnc [en_US] ldltr sw384dp w384dp h568dp 320dpi nrml port ?uimode ?night finger -keyb/h/h -nav/h appBounds=Rect(0, 0 - 768, 1184) s.3} for displayId=0
10-12 18:03:16.937   359   400 E AppIdleHistory: Unable to read app idle file for user 0
10-12 18:03:16.945   359   359 D SystemServerTiming: MakeDisplayReady took to complete: 49ms
10-12 18:03:16.945   359   359 I SystemServer: StartStorageManagerService
10-12 18:03:16.946   359   359 I SystemServiceManager: Starting com.android.server.StorageManagerService$Lifecycle
10-12 18:03:16.947   359   453 I InputReader: Reconfiguring input devices.  changes=0x00000004
10-12 18:03:16.956   209   385 W installd: Requested default storage /data/user_de/0/com.android.emergency is not active; migrating from /data/data/com.android.emergency
10-12 18:03:16.974   359   359 D SystemServerTiming: StartStorageManagerService took to complete: 29ms
10-12 18:03:16.974   359   359 I SystemServer: StartStorageStatsService
10-12 18:03:16.975   359   359 I SystemServiceManager: Starting com.android.server.usage.StorageStatsService$Lifecycle
10-12 18:03:16.976   359   454 D StorageManagerService: Thinking about init, mSystemReady=false, mDaemonConnected=true
10-12 18:03:16.976   359   454 D StorageManagerService: Thinking about reset, mSystemReady=false, mDaemonConnected=true
10-12 18:03:16.979   359   454 D StorageManagerService: Thinking about init, mSystemReady=false, mDaemonConnected=true
10-12 18:03:16.979   359   454 D StorageManagerService: Thinking about reset, mSystemReady=false, mDaemonConnected=true
10-12 18:03:16.980   359   454 D CryptdConnector: SND -> {1 cryptfs getfield SystemLocale}
10-12 18:03:16.982   359   456 D CryptdConnector: RCV <- {200 1 -1}
10-12 18:03:16.988   359   454 W StorageManagerService: No primary storage mounted!
10-12 18:03:16.988   359   454 D VoldConnector: SND -> {1 asec list}
10-12 18:03:16.991   359   455 D VoldConnector: RCV <- {200 1 asec operation succeeded}
10-12 18:03:16.993   359   454 I PackageManager: No secure containers found
10-12 18:03:16.997   209   209 W installd: Requested default storage /data/user_de/0/com.android.bluetooth is not active; migrating from /data/data/com.android.bluetooth
10-12 18:03:17.006   359   359 D SystemServerTiming: StartStorageStatsService took to complete: 32ms
10-12 18:03:17.007   359   359 I SystemServer: StartUiModeManager
10-12 18:03:17.010   359   359 I SystemServiceManager: Starting com.android.server.UiModeManagerService
10-12 18:03:17.022   359   434 D SystemServerInitThreadPool: Started executing UiModeManager.onStart
10-12 18:03:17.022   359   434 I ActivityManager: Config changes=200 {1.0 ?mcc?mnc [en_US] ldltr sw384dp w384dp h568dp 320dpi nrml port finger -keyb/h/h -nav/h appBounds=Rect(0, 0 - 768, 1184) s.4}
10-12 18:03:17.023   359   359 D SystemServerTiming: StartUiModeManager took to complete: 15ms
10-12 18:03:17.024   359   359 I SystemServer: UpdatePackagesIfNeeded
10-12 18:03:17.100   359   434 I ActivityManager: Override config changes=200 {1.0 ?mcc?mnc [en_US] ldltr sw384dp w384dp h568dp 320dpi nrml port finger -keyb/h/h -nav/h appBounds=Rect(0, 0 - 768, 1184) s.4} for displayId=0
10-12 18:03:17.102   359   454 W StorageManagerService: No primary storage defined yet; hacking together a stub
10-12 18:03:17.110   359   434 D SystemServerInitThreadPool: Finished executing UiModeManager.onStart
10-12 18:03:17.113   359   454 W StorageManagerService: No primary storage mounted!
10-12 18:03:17.113   359   454 D VoldConnector: SND -> {2 asec list}
10-12 18:03:17.114   359   455 D VoldConnector: RCV <- {200 2 asec operation succeeded}
10-12 18:03:17.168   359   430 D SystemServerTimingAsync: AppDataPrepare took to complete: 2019ms
10-12 18:03:17.168   359   430 I PackageManager: Deferred reconcileAppsData finished 65 packages
10-12 18:03:17.168   359   430 D SystemServerInitThreadPool: Finished executing prepareAppData
10-12 18:03:17.173   359   359 I PackageManager.DexOptimizer: Running dexopt (dexoptNeeded=1) on: /system/priv-app/TelephonyProvider/TelephonyProvider.apk pkg=com.android.providers.telephony isa=arm dexoptFlags=boot_complete,public target-filter=quicken oatDir=null sharedLibraries=null
10-12 18:03:17.222   457   457 I dex2oat : /system/bin/dex2oat --input-vdex-fd=-1 --output-vdex-fd=9 --compiler-filter=quicken --classpath-dir=/system/priv-app/TelephonyProvider
10-12 18:03:17.555   457   457 I dex2oat : dex2oat took 334.533ms (367.828ms cpu) (threads: 4) arena alloc=53KB (55144B) java alloc=106KB (108992B) native alloc=1232KB (1261960B) free=2MB (2408056B)
10-12 18:03:17.570   359   359 I PackageManager.DexOptimizer: Running dexopt (dexoptNeeded=1) on: /system/priv-app/MmsService/MmsService.apk pkg=com.android.mms.service isa=arm dexoptFlags=boot_complete,public target-filter=quicken oatDir=null sharedLibraries=null
10-12 18:03:17.698   462   462 I dex2oat : /system/bin/dex2oat --input-vdex-fd=-1 --output-vdex-fd=9 --compiler-filter=quicken --classpath-dir=/system/priv-app/MmsService
10-12 18:03:17.963   462   462 I dex2oat : dex2oat took 268.524ms (254.119ms cpu) (threads: 4) arena alloc=13KB (13576B) java alloc=82KB (84456B) native alloc=1447KB (1482160B) free=2MB (2187856B)
10-12 18:03:17.972   359   359 I PackageManager.DexOptimizer: Running dexopt (dexoptNeeded=1) on: /system/priv-app/DefaultContainerService/DefaultContainerService.apk pkg=com.android.defcontainer isa=arm dexoptFlags=boot_complete,public target-filter=quicken oatDir=null sharedLibraries=null
10-12 18:03:18.021   469   469 I dex2oat : /system/bin/dex2oat --input-vdex-fd=-1 --output-vdex-fd=9 --compiler-filter=quicken --classpath-dir=/system/priv-app/DefaultContainerService
10-12 18:03:18.139   469   469 I dex2oat : dex2oat took 119.720ms (91.857ms cpu) (threads: 4) arena alloc=5KB (5416B) java alloc=65KB (67440B) native alloc=1207KB (1236160B) free=1864KB (1909568B)
10-12 18:03:18.158   359   359 I PackageManager.DexOptimizer: Running dexopt (dexoptNeeded=1) on: /system/priv-app/SettingsProvider/SettingsProvider.apk pkg=com.android.providers.settings isa=arm dexoptFlags=boot_complete,public target-filter=quicken oatDir=null sharedLibraries=null
10-12 18:03:18.206   474   474 I dex2oat : /system/bin/dex2oat --input-vdex-fd=-1 --output-vdex-fd=9 --compiler-filter=quicken --classpath-dir=/system/priv-app/SettingsProvider
10-12 18:03:18.394   474   474 I dex2oat : dex2oat took 188.934ms (242.950ms cpu) (threads: 4) arena alloc=150KB (154208B) java alloc=67KB (69584B) native alloc=1388KB (1421552B) free=2MB (2248464B)
10-12 18:03:18.403   359   359 I PackageManager.DexOptimizer: Running dexopt (dexoptNeeded=1) on: /system/priv-app/InputDevices/InputDevices.apk pkg=com.android.inputdevices isa=arm dexoptFlags=boot_complete,public target-filter=quicken oatDir=null sharedLibraries=null
10-12 18:03:18.405   479   479 W dex2oat : type=1400 audit(0.0:38): avc: granted { getattr } for path="/vendor" dev="rootfs" ino=5775 scontext=u:r:dex2oat:s0 tcontext=u:object_r:rootfs:s0 tclass=lnk_file
10-12 18:03:18.546   479   479 I dex2oat : /system/bin/dex2oat --input-vdex-fd=-1 --output-vdex-fd=9 --compiler-filter=quicken --classpath-dir=/system/priv-app/InputDevices
10-12 18:03:18.748   479   479 I dex2oat : dex2oat took 205.078ms (152.099ms cpu) (threads: 4) arena alloc=736B (736B) java alloc=16KB (16704B) native alloc=981KB (1005552B) free=1578KB (1615888B)
10-12 18:03:18.766   359   359 I PackageManager.DexOptimizer: Running dexopt (dexoptNeeded=1) on: /system/app/ExtShared/ExtShared.apk pkg=android.ext.shared isa=arm dexoptFlags=boot_complete,public target-filter=quicken oatDir=null sharedLibraries=null
10-12 18:03:18.921   484   484 I dex2oat : /system/bin/dex2oat --input-vdex-fd=-1 --output-vdex-fd=9 --compiler-filter=quicken --classpath-dir=/system/app/ExtShared
10-12 18:03:19.114   484   484 I dex2oat : dex2oat took 199.523ms (155.883ms cpu) (threads: 4) arena alloc=3KB (3072B) java alloc=64KB (65552B) native alloc=982KB (1005688B) free=1577KB (1615752B)
10-12 18:03:19.134   359   359 I PackageManager.DexOptimizer: Running dexopt (dexoptNeeded=1) on: /system/priv-app/Telecom/Telecom.apk pkg=com.android.server.telecom isa=arm dexoptFlags=boot_complete,public target-filter=quicken oatDir=null sharedLibraries=null
10-12 18:03:19.136   489   489 W dex2oat : type=1400 audit(0.0:40): avc: granted { getattr } for path="/vendor" dev="rootfs" ino=5775 scontext=u:r:dex2oat:s0 tcontext=u:object_r:rootfs:s0 tclass=lnk_file
10-12 18:03:19.192   489   489 I dex2oat : /system/bin/dex2oat --input-vdex-fd=-1 --output-vdex-fd=9 --compiler-filter=quicken --classpath-dir=/system/priv-app/Telecom
10-12 18:03:19.822   489   489 I dex2oat : dex2oat took 630.798ms (1.146s cpu) (threads: 4) arena alloc=6KB (6472B) java alloc=531KB (544736B) native alloc=1737KB (1778704B) free=2MB (2415600B)
10-12 18:03:19.834   359   359 I PackageManager.DexOptimizer: Running dexopt (dexoptNeeded=1) on: /system/priv-app/Dialer/Dialer.apk pkg=com.android.dialer isa=arm dexoptFlags=boot_complete,public target-filter=quicken oatDir=null sharedLibraries=null
10-12 18:03:19.882   494   494 I dex2oat : /system/bin/dex2oat --input-vdex-fd=-1 --output-vdex-fd=9 --compiler-filter=quicken --classpath-dir=/system/priv-app/Dialer
10-12 18:03:21.298   494   497 W dex2oat : Class android.support.v4.content.ModernAsyncTask failed lock verification and will run slower.
10-12 18:03:21.298   494   497 W dex2oat : Common causes for lock verification issues are non-optimized dex code
