--------- beginning of main
10-12 18:00:06.463   166   166 W auditd  : type=2000 audit(0.0:1): initialized
10-12 18:00:07.560   166   166 I auditd  : type=1403 audit(0.0:2): policy loaded auid=4294967295 ses=4294967295
10-12 18:00:08.340   152   152 W e2fsck  : type=1400 audit(0.0:3): avc: granted { getattr } for path="/vendor" dev="rootfs" ino=5775 scontext=u:r:fsck:s0 tcontext=u:object_r:rootfs:s0 tclass=lnk_file
10-12 18:00:08.430   157   157 W e2fsck  : type=1400 audit(0.0:4): avc: granted { getattr } for path="/vendor" dev="rootfs" ino=5775 scontext=u:r:fsck:s0 tcontext=u:object_r:rootfs:s0 tclass=lnk_file
10-12 18:00:08.500   162   162 W e2fsck  : type=1400 audit(0.0:5): avc: granted { getattr } for path="/vendor" dev="rootfs" ino=5775 scontext=u:r:fsck:s0 tcontext=u:object_r:rootfs:s0 tclass=lnk_file
10-12 18:00:08.520   162   162 I e2fsck  : type=1400 audit(0.0:6): avc: denied { read } for name="mmcblk0p20" dev="tmpfs" ino=8521 scontext=u:r:fsck:s0 tcontext=u:object_r:block_device:s0 tclass=blk_file permissive=1
10-12 18:00:08.520   162   162 I e2fsck  : type=1400 audit(0.0:7): avc: denied { open } for name="mmcblk0p20" dev="tmpfs" ino=8521 scontext=u:r:fsck:s0 tcontext=u:object_r:block_device:s0 tclass=blk_file permissive=1
10-12 18:00:08.520   162   162 I e2fsck  : type=1400 audit(0.0:8): avc: denied { write } for name="mmcblk0p20" dev="tmpfs" ino=8521 scontext=u:r:fsck:s0 tcontext=u:object_r:block_device:s0 tclass=blk_file permissive=1
10-12 18:00:08.520   162   162 I e2fsck  : type=1400 audit(0.0:9): avc: denied { ioctl } for path="/dev/block/mmcblk0p20" dev="tmpfs" ino=8521 ioctlcmd=127c scontext=u:r:fsck:s0 tcontext=u:object_r:block_device:s0 tclass=blk_file permissive=1
10-12 18:00:08.647     0   169 I SELinux : SELinux: Loaded service_contexts from:
10-12 18:00:08.651     0   169 I SELinux :     /vndservice_contexts
10-12 18:00:08.667     0   167 I SELinux : SELinux: Loaded service_contexts from:
10-12 18:00:08.669     0   167 I SELinux :     /plat_service_contexts
10-12 18:00:08.669     0   167 I SELinux :     /nonplat_service_contexts
10-12 18:00:08.728   168   168 E hwservicemanager: BINDER_SET_INHERIT_FIFO_PRIO failed with error -1
--------- beginning of system
10-12 18:00:08.840   175   175 I vold    : Vold 3.0 (the awakening) firing up
10-12 18:00:08.841   175   175 V vold    : Detected support for: exfat ext4 f2fs ntfs vfat
10-12 18:00:08.846   175   175 I vold    : [libfs_mgr]fs_mgr_read_fstab_dt(): failed to read fstab from dt
10-12 18:00:08.856   175   181 D vold    : e4crypt_init_user0
10-12 18:00:08.856   175   181 D vold    : e4crypt_prepare_user_storage for volume null, user 0, serial 0, flags 1
10-12 18:00:08.856   175   181 D vold    : Preparing: /data/system/users/0
10-12 18:00:08.857   175   181 D vold    : Preparing: /data/misc/profiles/cur/0
10-12 18:00:08.857   175   181 D vold    : Preparing: /data/system_de/0
10-12 18:00:08.857   175   181 D vold    : Preparing: /data/misc_de/0
10-12 18:00:08.857   175   181 D vold    : Preparing: /data/user_de/0
10-12 18:00:08.858   175   181 D vold    : e4crypt_unlock_user_key 0 serial=0 token_present=0
10-12 18:00:08.858   175   181 E vold    : Failed to chmod /data/system_ce/0: No such file or directory
10-12 18:00:08.858   175   181 E vold    : Failed to chmod /data/misc_ce/0: No such file or directory
10-12 18:00:08.884   182   182 I /system/bin/tzdatacheck: timezone distro dir /data/misc/zoneinfo/current does not exist. No action required.
10-12 18:00:09.361   188   188 W netd    : type=1400 audit(0.0:10): avc: granted { getattr } for path="/vendor" dev="rootfs" ino=5775 scontext=u:r:netd:s0 tcontext=u:object_r:rootfs:s0 tclass=lnk_file
10-12 18:00:09.444   192   192 I ServiceManagement: Removing namespace from process name android.hardware.configstore@1.0-service to configstore@1.0.
10-12 18:00:09.457   197   197 I lowmemorykiller: Using in-kernel low memory killer interface
10-12 18:00:09.469   191   191 I ServiceManagement: Removing namespace from process name android.hidl.allocator@1.0-service to allocator@1.0-s.
10-12 18:00:09.476   188   188 I Netd    : Netd 1.0 starting
10-12 18:00:09.476   188   188 D TetherController: Setting IP forward enable = 0
10-12 18:00:09.515   194   194 I ServiceManagement: Removing namespace from process name android.hardware.usb@1.0-service to usb@1.0-service.
10-12 18:00:09.517   205   205 I bdAddrLoader: option : f=/persist/bluetooth/.bdaddr
10-12 18:00:09.518   205   205 I bdAddrLoader: option : h
10-12 18:00:09.518   205   205 I bdAddrLoader: option : x
10-12 18:00:09.518   205   205 I bdAddrLoader: Read From /persist/bluetooth/.bdaddr by Path type(0x11), Data type (0x21)
10-12 18:00:09.521   210   210 W keystore: type=1400 audit(0.0:11): avc: granted { getattr } for path="/vendor" dev="rootfs" ino=5775 scontext=u:r:keystore:s0 tcontext=u:object_r:rootfs:s0 tclass=lnk_file
10-12 18:00:09.521   211   211 W iptables-restor: type=1400 audit(0.0:12): avc: granted { getattr } for path="/vendor" dev="rootfs" ino=5775 scontext=u:r:netd:s0 tcontext=u:object_r:rootfs:s0 tclass=lnk_file
10-12 18:00:09.522   194   194 I android.hardware.usb@1.0-service: USB HAL Ready.
10-12 18:00:09.539   205   205 I bdAddrLoader: Output Data type(0x22), bPrintout(1), bPath((null))
10-12 18:00:09.539   205   205 I bdAddrLoader: Loaded Data type(0x21)
10-12 18:00:09.539   205   205 I bdAddrLoader: hex_to_ascii() - converted Data (10683FDBCC67)
10-12 18:00:09.563   209   209 I installd: installd firing up
10-12 18:00:09.567   168   168 W /system/bin/hwservicemanager: getTransportFromManifest: Cannot find entry android.hardware.health@1.0::IHealth in either framework or device manifest, using default transport.
10-12 18:00:09.570   195   195 I android.hardware.wifi@1.0-service: Wifi Hal is starting up...
10-12 18:00:09.570   195   195 I ServiceManagement: Removing namespace from process name android.hardware.wifi@1.0-service to wifi@1.0-servic.
10-12 18:00:09.591   223   223 W ip6tables-resto: type=1400 audit(0.0:13): avc: granted { getattr } for path="/vendor" dev="rootfs" ino=5775 scontext=u:r:netd:s0 tcontext=u:object_r:rootfs:s0 tclass=lnk_file
10-12 18:00:09.611   226   226 W iptables: type=1400 audit(0.0:14): avc: granted { getattr } for path="/vendor" dev="rootfs" ino=5775 scontext=u:r:netd:s0 tcontext=u:object_r:rootfs:s0 tclass=lnk_file
10-12 18:00:09.631   227   227 W ip6tables: type=1400 audit(0.0:15): avc: granted { getattr } for path="/vendor" dev="rootfs" ino=5775 scontext=u:r:netd:s0 tcontext=u:object_r:rootfs:s0 tclass=lnk_file
10-12 18:00:09.641   228   228 W iptables: type=1400 audit(0.0:16): avc: granted { getattr } for path="/vendor" dev="rootfs" ino=5775 scontext=u:r:netd:s0 tcontext=u:object_r:rootfs:s0 tclass=lnk_file
10-12 18:00:09.661   229   229 W ip6tables: type=1400 audit(0.0:17): avc: granted { getattr } for path="/vendor" dev="rootfs" ino=5775 scontext=u:r:netd:s0 tcontext=u:object_r:rootfs:s0 tclass=lnk_file
10-12 18:00:09.681   233   233 W iptables: type=1400 audit(0.0:18): avc: granted { getattr } for path="/vendor" dev="rootfs" ino=5775 scontext=u:r:netd:s0 tcontext=u:object_r:rootfs:s0 tclass=lnk_file
10-12 18:00:09.681   193   193 I vndksupport: sphal namespace is not configured for this process. Loading /vendor/lib/hw/nfc_nci.bcm2079x.default.so from the current namespace instead.
10-12 18:00:09.711   237   237 W ip6tables: type=1400 audit(0.0:19): avc: granted { getattr } for path="/vendor" dev="rootfs" ino=5775 scontext=u:r:netd:s0 tcontext=u:object_r:rootfs:s0 tclass=lnk_file
10-12 18:00:09.732   193   193 D NfcNciHal: nfc_open: enter; name=nci
10-12 18:00:09.732   193   193 D NfcNciHal: HaiInitializeLibrary: enter
10-12 18:00:09.732   193   193 E NfcNciHal: HaiInitializeLibrary: ver=NFCDROID-AOSP_M_00.01 nfa=NFA_PI_1.03.66+
10-12 18:00:09.732   193   193 D NfcNciHal: readConfig Opened base config /etc/libnfc-brcm.conf
10-12 18:00:09.738   220   220 I wificond: wificond is starting up...
10-12 18:00:09.741   239   239 W iptables: type=1400 audit(0.0:20): avc: granted { getattr } for path="/vendor" dev="rootfs" ino=5775 scontext=u:r:netd:s0 tcontext=u:object_r:rootfs:s0 tclass=lnk_file
10-12 18:00:09.761   240   240 W ip6tables: type=1400 audit(0.0:21): avc: granted { getattr } for path="/vendor" dev="rootfs" ino=5775 scontext=u:r:netd:s0 tcontext=u:object_r:rootfs:s0 tclass=lnk_file
10-12 18:00:09.763   193   193 D NfcNciHal: find found APPL_TRACE_LEVEL=(0x1)
10-12 18:00:09.763   234   234 I /system/bin/tombstoned: tombstoned successfully initialized
10-12 18:00:09.763   193   193 I USERIAL_LINUX: USERIAL_Init
10-12 18:00:09.763   193   193 I BrcmNfcNfa: HAL_NfcInitialize (): NFC_HAL_TASK id=0
10-12 18:00:09.765   193   193 I ServiceManagement: Removing namespace from process name android.hardware.nfc@1.0-service to nfc@1.0-service.
10-12 18:00:09.771   193   193 I android.hardware.nfc@1.0-service: Registration complete for android.hardware.nfc@1.0::INfc/default.
10-12 18:00:09.781   245   245 W iptables: type=1400 audit(0.0:22): avc: granted { getattr } for path="/vendor" dev="rootfs" ino=5775 scontext=u:r:netd:s0 tcontext=u:object_r:rootfs:s0 tclass=lnk_file
10-12 18:00:09.801   246   246 W ip6tables: type=1400 audit(0.0:23): avc: granted { getattr } for path="/vendor" dev="rootfs" ino=5775 scontext=u:r:netd:s0 tcontext=u:object_r:rootfs:s0 tclass=lnk_file
10-12 18:00:09.821   247   247 W iptables: type=1400 audit(0.0:24): avc: granted { getattr } for path="/vendor" dev="rootfs" ino=5775 scontext=u:r:netd:s0 tcontext=u:object_r:rootfs:s0 tclass=lnk_file
10-12 18:00:09.861   248   248 W ip6tables: type=1400 audit(0.0:25): avc: granted { getattr } for path="/vendor" dev="rootfs" ino=5775 scontext=u:r:netd:s0 tcontext=u:object_r:rootfs:s0 tclass=lnk_file
10-12 18:00:09.866   232   232 I gatekeeperd: Starting gatekeeperd...
10-12 18:00:09.871   168   168 W /system/bin/hwservicemanager: getTransportFromManifest: Cannot find entry android.hardware.gatekeeper@1.0::IGatekeeper in either framework or device manifest, using default transport.
10-12 18:00:09.874   232   232 W gatekeeperd: falling back to software GateKeeper
10-12 18:00:09.875   232   232 I gatekeeperd: cold boot: clearing state
10-12 18:00:09.891   249   249 W iptables: type=1400 audit(0.0:26): avc: granted { getattr } for path="/vendor" dev="rootfs" ino=5775 scontext=u:r:netd:s0 tcontext=u:object_r:rootfs:s0 tclass=lnk_file
10-12 18:00:09.902   244   244 I WifiUtil: Intf0MacAddress=000AF58989FF
10-12 18:00:09.902   244   244 E WifiUtil: Change Intf0MacAddress=E892A4983175
10-12 18:00:09.928   168   168 W /system/bin/hwservicemanager: getTransportFromManifest: Cannot find entry android.hardware.keymaster@3.0::IKeymasterDevice in either framework or device manifest, using default transport.
10-12 18:00:09.931   250   250 W ip6tables: type=1400 audit(0.0:27): avc: granted { getattr } for path="/vendor" dev="rootfs" ino=5775 scontext=u:r:netd:s0 tcontext=u:object_r:rootfs:s0 tclass=lnk_file
10-12 18:00:09.954   188   188 I Netd    : Creating child chains: 459.9ms
10-12 18:00:09.955   188   188 I Netd    : Setting up OEM hooks: 0.2ms
10-12 18:00:09.960   210   210 I android.hardware.keymaster@3.0-impl: Fetching keymaster device name default
10-12 18:00:09.967   188   188 I Netd    : Setting up FirewallController hooks: 12.4ms
10-12 18:00:09.971   188   188 I Netd    : Setting up NatController hooks: 4.2ms
10-12 18:00:09.975   188   188 I Netd    : Setting up BandwidthController hooks: 4.0ms
10-12 18:00:09.975   188   188 I Netd    : Setting up IdletimerController hooks: 0.1ms
10-12 18:00:09.983   188   188 I Netd    : Disabling bandwidth control: 7.3ms
10-12 18:00:09.986   210   210 I android.hardware.keymaster@3.0-impl: Found keymaster0 module Keymaster QCOM HAL, version 3
10-12 18:00:09.987   188   188 I Netd    : Initializing RouteController: 4.6ms
10-12 18:00:09.989   188   188 D MDnsDS  : MDnsSdListener::Hander starting up
10-12 18:00:09.991   188   188 I Netd    : Registering NetdNativeService: 1.3ms
10-12 18:00:09.991   188   188 I Netd    : Starting CommandListener: 0.2ms
10-12 18:00:09.992   210   210 D QCOMKeyMaster: keymaster app is loaded
10-12 18:00:09.992   210   210 D QCOMKeyMaster: keymaster app got loaded at attempt number 0
10-12 18:00:09.992   210   210 D QSEECOMAPI: : QSEECom_start_app sb_length = 0x2000
10-12 18:00:09.992   210   210 D QSEECOMAPI: : App is not loaded in QSEE
10-12 18:00:09.992   188   188 I Netd    : Netd started in 516ms
10-12 18:00:09.994   244   244 I WifiUtil: We don't need to write the default value for NvFilelds
10-12 18:00:09.999   188   256 D MDnsDS  : MDnsSdListener starting to monitor
10-12 18:00:09.999   188   256 D MDnsDS  : Going to poll with pollCount 1
10-12 18:00:10.000   213   213 I mediaserver: ServiceManager: 0xb1d974a0
10-12 18:00:10.074   210   210 D QSEECOMAPI: : Loaded image: APP id = 1
10-12 18:00:10.074   210   210 D android.hardware.keymaster@3.0-impl: Wrapping keymaster0 module Keymaster QCOM HAL with SoftKeymasterDevice
10-12 18:00:10.170   168   168 W /system/bin/hwservicemanager: getTransportFromManifest: Cannot find entry android.hardware.configstore@1.0::ISurfaceFlingerConfigs in either framework or device manifest, using default transport.
10-12 18:00:10.185   198   198 I /system/bin/surfaceflinger: android::hardware::configstore::V1_0::ISurfaceFlingerConfigs::maxFrameBufferAcquiredBuffers retrieved: 2 (default)
10-12 18:00:10.186   168   168 W /system/bin/hwservicemanager: getTransportFromManifest: Cannot find entry android.hardware.configstore@1.0::ISurfaceFlingerConfigs in either framework or device manifest, using default transport.
10-12 18:00:10.187   198   198 I /system/bin/surfaceflinger: android::hardware::configstore::V1_0::ISurfaceFlingerConfigs::startGraphicsAllocatorService retrieved: 0
10-12 18:00:10.190   198   198 I SurfaceFlinger: SurfaceFlinger is starting
10-12 18:00:10.191   168   168 W /system/bin/hwservicemanager: getTransportFromManifest: Cannot find entry android.hardware.configstore@1.0::ISurfaceFlingerConfigs in either framework or device manifest, using default transport.
10-12 18:00:10.193   198   198 I /system/bin/surfaceflinger: android::hardware::configstore::V1_0::ISurfaceFlingerConfigs::vsyncEventPhaseOffsetNs retrieved: 1000000 (default)
10-12 18:00:10.194   168   168 W /system/bin/hwservicemanager: getTransportFromManifest: Cannot find entry android.hardware.configstore@1.0::ISurfaceFlingerConfigs in either framework or device manifest, using default transport.
10-12 18:00:10.195   198   198 I /system/bin/surfaceflinger: android::hardware::configstore::V1_0::ISurfaceFlingerConfigs::vsyncSfEventPhaseOffsetNs retrieved: 1000000 (default)
10-12 18:00:10.196   168   168 W /system/bin/hwservicemanager: getTransportFromManifest: Cannot find entry android.hardware.configstore@1.0::ISurfaceFlingerConfigs in either framework or device manifest, using default transport.
10-12 18:00:10.197   198   198 I /system/bin/surfaceflinger: android::hardware::configstore::V1_0::ISurfaceFlingerConfigs::maxVirtualDisplaySize retrieved: 0 (default)
10-12 18:00:10.198   168   168 W /system/bin/hwservicemanager: getTransportFromManifest: Cannot find entry android.hardware.configstore@1.0::ISurfaceFlingerConfigs in either framework or device manifest, using default transport.
10-12 18:00:10.199   198   198 I /system/bin/surfaceflinger: android::hardware::configstore::V1_0::ISurfaceFlingerConfigs::hasSyncFramework retrieved: 1
10-12 18:00:10.200   168   168 W /system/bin/hwservicemanager: getTransportFromManifest: Cannot find entry android.hardware.configstore@1.0::ISurfaceFlingerConfigs in either framework or device manifest, using default transport.
10-12 18:00:10.201   198   198 I /system/bin/surfaceflinger: android::hardware::configstore::V1_0::ISurfaceFlingerConfigs::useContextPriority retrieved: 0 (default)
10-12 18:00:10.202   168   168 W /system/bin/hwservicemanager: getTransportFromManifest: Cannot find entry android.hardware.configstore@1.0::ISurfaceFlingerConfigs in either framework or device manifest, using default transport.
10-12 18:00:10.203   198   198 I /system/bin/surfaceflinger: android::hardware::configstore::V1_0::ISurfaceFlingerConfigs::presentTimeOffsetFromVSyncNs retrieved: 0
10-12 18:00:10.204   168   168 W /system/bin/hwservicemanager: getTransportFromManifest: Cannot find entry android.hardware.configstore@1.0::ISurfaceFlingerConfigs in either framework or device manifest, using default transport.
10-12 18:00:10.211   198   198 I /system/bin/surfaceflinger: android::hardware::configstore::V1_0::ISurfaceFlingerConfigs::useHwcForRGBtoYUV retrieved: 0
10-12 18:00:10.211   198   198 I /system/bin/surfaceflinger: android::hardware::configstore::V1_0::ISurfaceFlingerConfigs::maxFrameBufferAcquiredBuffers retrieved: 2 (default)
10-12 18:00:10.218   198   198 I SurfaceFlinger: Enabling HWC virtual displays
10-12 18:00:10.218   198   198 I SurfaceFlinger: Disabling Triple Buffering
10-12 18:00:10.218   198   198 I SurfaceFlinger: SurfaceFlinger's main thread ready to run. Initializing graphics H/W...
10-12 18:00:10.220   198   198 I vndksupport: sphal namespace is not configured for this process. Loading /vendor/lib/egl/libEGL_adreno.so from the current namespace instead.
10-12 18:00:10.239   198   198 D libEGL  : loaded /vendor/lib/egl/libEGL_adreno.so
10-12 18:00:10.240   198   198 I vndksupport: sphal namespace is not configured for this process. Loading /vendor/lib/egl/libGLESv1_CM_adreno.so from the current namespace instead.
10-12 18:00:10.245   198   198 D libEGL  : loaded /vendor/lib/egl/libGLESv1_CM_adreno.so
10-12 18:00:10.269   198   198 I vndksupport: sphal namespace is not configured for this process. Loading /vendor/lib/egl/libGLESv2_adreno.so from the current namespace instead.
10-12 18:00:10.354   198   198 D libEGL  : loaded /vendor/lib/egl/libGLESv2_adreno.so
10-12 18:00:10.428   221   221 I /vendor/bin/hw/android.hardware.media.omx@1.0-service: mediacodecservice starting
10-12 18:00:10.429   198   198 I Adreno-EGL: <qeglDrvAPI_eglInitialize:379>: QUALCOMM Build: 09/02/15, 76f806e, Ibddc658e36
10-12 18:00:10.430   221   221 W /vendor/bin/hw/android.hardware.media.omx@1.0-service: Could not read additional policy file '/vendor/etc/seccomp_policy/mediacodec.policy'
10-12 18:00:10.431   221   221 W /vendor/bin/hw/android.hardware.media.omx@1.0-service: libminijail[221]: allowing syscall: clock_gettime
10-12 18:00:10.431   221   221 W /vendor/bin/hw/android.hardware.media.omx@1.0-service: libminijail[221]: allowing syscall: connect
10-12 18:00:10.431   221   221 W /vendor/bin/hw/android.hardware.media.omx@1.0-service: libminijail[221]: allowing syscall: fcntl64
10-12 18:00:10.431   221   221 W /vendor/bin/hw/android.hardware.media.omx@1.0-service: libminijail[221]: allowing syscall: socket
10-12 18:00:10.431   221   221 W /vendor/bin/hw/android.hardware.media.omx@1.0-service: libminijail[221]: allowing syscall: writev
10-12 18:00:10.432   221   221 W /vendor/bin/hw/android.hardware.media.omx@1.0-service: libminijail[221]: logging seccomp filter failures
10-12 18:00:10.433   198   198 I vndksupport: sphal namespace is not configured for this process. Loading /vendor/lib/hw/gralloc.msm8960.so from the current namespace instead.
10-12 18:00:10.433   221   221 I /vendor/bin/hw/android.hardware.media.omx@1.0-service: Non-Treble OMX service created.
10-12 18:00:10.457   198   198 I qdgralloc: using (fd=13)
10-12 18:00:10.457   198   198 I qdgralloc: id           = msmfb44_80601
10-12 18:00:10.457   198   198 I qdgralloc: xres         = 768 px
10-12 18:00:10.457   198   198 I qdgralloc: yres         = 1280 px
10-12 18:00:10.457   198   198 I qdgralloc: xres_virtual = 768 px
10-12 18:00:10.457   198   198 I qdgralloc: yres_virtual = 3840 px
10-12 18:00:10.457   198   198 I qdgralloc: bpp          = 32
10-12 18:00:10.457   198   198 I qdgralloc: r            = 24:8
10-12 18:00:10.457   198   198 I qdgralloc: g            = 16:8
10-12 18:00:10.457   198   198 I qdgralloc: b            =  8:8
10-12 18:00:10.457   198   198 I qdgralloc: width        = 122 mm (159.895081 dpi)
10-12 18:00:10.457   198   198 I qdgralloc: height       = 203 mm (160.157639 dpi)
10-12 18:00:10.457   198   198 I qdgralloc: refresh rate = 60.00 Hz
10-12 18:00:10.457   198   198 D qdutils : DEBUG_CALC_FPS: 0
10-12 18:00:10.457   198   198 D qdutils : period: 10
10-12 18:00:10.457   198   198 D qdutils : ignorethresh_us: 500000
10-12 18:00:10.457   198   198 D qdutils : DEBUG_CALC_FPS: 0
10-12 18:00:10.457   198   198 D qdutils : period: 10
10-12 18:00:10.457   198   198 D qdutils : ignorethresh_us: 500000
10-12 18:00:10.467   198   198 I vndksupport: sphal namespace is not configured for this process. Loading /vendor/lib/hw/hwcomposer.msm8960.so from the current namespace instead.
10-12 18:00:10.624   215   215 I mediametrics: ServiceManager: 0xa8917520
10-12 18:00:10.624   215   215 D MediaAnalyticsService: MediaAnalyticsService created
10-12 18:00:10.624   215   215 D MediaAnalyticsService: MediaAnalyticsService::newSummarizerSet
10-12 18:00:10.713   219   282 I /system/bin/storaged: storaged: Start
10-12 18:00:10.793   198   198 D qdoverlay: initoverlay:: opening the device:: /dev/graphics/fb0
10-12 18:00:10.793   198   198 D qdoverlay: initoverlay:: opening the device:: /dev/graphics/fb1
10-12 18:00:10.794   198   198 D qdoverlay: initoverlay:: opening the device:: /dev/graphics/fb2
10-12 18:00:10.797   206   206 I FastMixerState: sMaxFastTracks = 8
10-12 18:00:10.799   206   206 I audioserver: ServiceManager: 0xaf7974a0
10-12 18:00:10.800   206   206 W BatteryNotifier: batterystats service unavailable!
10-12 18:00:10.802   168   168 W /system/bin/hwservicemanager: getTransportFromManifest: Cannot find entry android.hardware.audio@2.0::IDevicesFactory in either framework or device manifest, using default transport.
10-12 18:00:10.813   214   214 V MediaUtils: physMem: 1923502080
10-12 18:00:10.813   214   214 V MediaUtils: requested limit: 384700400
10-12 18:00:10.813   214   214 V MediaUtils: actual limit: 384700400
10-12 18:00:10.813   214   214 V MediaUtils: original limits: 4294967295/4294967295
10-12 18:00:10.813   214   214 V MediaUtils: new limits: 384700400/4294967295
10-12 18:00:10.813   214   214 I vndksupport: sphal namespace is not configured for this process. Loading libutils.so from the current namespace instead.
10-12 18:00:10.815   214   214 W /system/bin/mediaextractor: Could not read additional policy file '/vendor/etc/seccomp_policy/mediaextractor.policy'
10-12 18:00:10.815   214   214 W /system/bin/mediaextractor: libminijail[214]: allowing syscall: clock_gettime
10-12 18:00:10.815   214   214 W /system/bin/mediaextractor: libminijail[214]: allowing syscall: connect
10-12 18:00:10.815   214   214 W /system/bin/mediaextractor: libminijail[214]: allowing syscall: fcntl64
10-12 18:00:10.815   214   214 W /system/bin/mediaextractor: libminijail[214]: allowing syscall: socket
10-12 18:00:10.815   214   214 W /system/bin/mediaextractor: libminijail[214]: allowing syscall: writev
10-12 18:00:10.816   214   214 W /system/bin/mediaextractor: libminijail[214]: logging seccomp filter failures
10-12 18:00:10.817   168   168 W /system/bin/hwservicemanager: getTransportFromManifest: Cannot find entry android.hardware.audio.effect@2.0::IEffectsFactory in either framework or device manifest, using default transport.
10-12 18:00:10.824   198   198 D qdoverlay: initoverlay:: opening the device:: /dev/graphics/fb0
10-12 18:00:10.824   198   198 D qdoverlay: initoverlay:: opening the device:: /dev/graphics/fb1
10-12 18:00:10.824   198   198 D qdoverlay: initoverlay:: opening the device:: /dev/graphics/fb2
10-12 18:00:10.832   207   207 I cameraserver: ServiceManager: 0xa60974e0
10-12 18:00:10.833   207   207 I CameraService: CameraService started (pid=207)
10-12 18:00:10.833   207   207 I CameraService: CameraService process starting
10-12 18:00:10.834   207   207 W BatteryNotifier: batterystats service unavailable!
10-12 18:00:10.834   207   207 W BatteryNotifier: batterystats service unavailable!
10-12 18:00:10.837   168   168 W /system/bin/hwservicemanager: getTransportFromManifest: Cannot find entry android.hardware.camera.provider@2.4::ICameraProvider in either framework or device manifest, using default transport.
10-12 18:00:10.846   206   206 I AudioFlinger: Using default 3000 mSec as standby time.
10-12 18:00:10.850   216   216 I mediaserver: ServiceManager: 0xa7297540
10-12 18:00:10.851   216   216 W BatteryNotifier: batterystats service unavailable!
10-12 18:00:10.853   206   206 I APM::ConfigParsingUtils: loadAudioPolicyConfig() loaded /system/etc/audio_policy.conf
10-12 18:00:10.854   206   206 I vndksupport: sphal namespace is not configured for this process. Loading /vendor/lib/hw/audio.primary.msm8960.so from the current namespace instead.
10-12 18:00:10.856   198   198 I qdhwcomposer: Initializing Qualcomm Hardware Composer
10-12 18:00:10.856   198   198 I qdhwcomposer: MDP version: 440
10-12 18:00:10.856   198   198 D qdhwcomposer: connectPPDaemon: CABL is disabled
10-12 18:00:10.856   198   198 I SurfaceFlinger: Using composer version 1.2
10-12 18:00:10.856   198   198 I qdhwcomposer: hwc_registerProcs
10-12 18:00:10.856   198   198 I qdhwcomposer: Initializing UEVENT Thread
10-12 18:00:10.856   198   198 I qdhwcomposer: Initializing VSYNC Thread
10-12 18:00:10.856   198   198 D qdhwcomposer: hwc_getDisplayAttributes disp = 0, width = 768
10-12 18:00:10.856   198   198 D qdhwcomposer: hwc_getDisplayAttributes disp = 0, height = 1280
10-12 18:00:10.864   198   198 I SurfaceFlinger: EGL information:
10-12 18:00:10.864   198   198 I SurfaceFlinger: vendor    : Android
10-12 18:00:10.864   198   198 I SurfaceFlinger: version   : 1.4 Android META-EGL
10-12 18:00:10.864   198   198 I SurfaceFlinger: extensions: EGL_KHR_get_all_proc_addresses EGL_ANDROID_presentation_time EGL_KHR_swap_buffers_with_damage EGL_ANDROID_get_native_client_buffer EGL_ANDROID_front_buffer_auto_refresh EGL_ANDROID_get_frame_timestamps EGL_KHR_image EGL_KHR_image_base EGL_KHR_lock_surface EGL_KHR_gl_colorspace EGL_KHR_gl_texture_2D_image EGL_KHR_gl_texture_3D_image EGL_KHR_gl_texture_cubemap_image EGL_KHR_gl_renderbuffer_image EGL_KHR_fence_sync EGL_KHR_create_context EGL_EXT_create_context_robustness EGL_ANDROID_image_native_buffer EGL_KHR_wait_sync EGL_ANDROID_recordable EGL_KHR_partial_update EGL_IMG_context_priority 
10-12 18:00:10.864   198   198 I SurfaceFlinger: Client API: OpenGL_ES
10-12 18:00:10.864   198   198 I SurfaceFlinger: EGLSurface: 8-8-8-8, config=0x5
10-12 18:00:10.865   198   198 I SurfaceFlinger: OpenGL ES informations:
10-12 18:00:10.865   198   198 I SurfaceFlinger: vendor    : Qualcomm
10-12 18:00:10.865   198   198 I SurfaceFlinger: renderer  : Adreno (TM) 320
10-12 18:00:10.865   198   198 I SurfaceFlinger: version   : OpenGL ES 3.0 V@127.0 AU@  (GIT@Ibddc658e36)
10-12 18:00:10.865   198   198 I SurfaceFlinger: extensions: GL_AMD_compressed_ATC_texture GL_AMD_performance_monitor GL_AMD_program_binary_Z400 GL_EXT_debug_label GL_EXT_debug_marker GL_EXT_discard_framebuffer GL_EXT_robustness GL_EXT_texture_format_BGRA8888 GL_EXT_texture_type_2_10_10_10_REV GL_NV_fence GL_OES_compressed_ETC1_RGB8_texture GL_OES_depth_texture GL_OES_depth24 GL_OES_EGL_image GL_OES_EGL_sync GL_OES_EGL_image_external GL_OES_element_index_uint GL_OES_fbo_render_mipmap GL_OES_fragment_precision_high GL_OES_get_program_binary GL_OES_packed_depth_stencil GL_OES_depth_texture_cube_map GL_OES_rgb8_rgba8 GL_OES_standard_derivatives GL_OES_texture_3D GL_OES_texture_float GL_OES_texture_half_float GL_OES_texture_half_float_linear GL_OES_texture_npot GL_OES_vertex_half_float GL_OES_vertex_type_10_10_10_2 GL_OES_vertex_array_object GL_QCOM_alpha_test GL_QCOM_binning_control GL_QCOM_driver_control GL_QCOM_perfmon_global_mode GL_QCOM_extended_get GL_QCOM_extended_get2 GL_QCOM_tiled_rendering GL_QCOM_writeonly_rendering GL_EXT_sRGB GL_EXT_sRGB_write_con
10-12 18:00:10.865   198   198 I SurfaceFlinger: GL_MAX_TEXTURE_SIZE = 4096
10-12 18:00:10.865   198   198 I SurfaceFlinger: GL_MAX_VIEWPORT_DIMS = 4096
10-12 18:00:10.867   207   207 I QCameraHAL: Handle base =0x0xa5a68068
10-12 18:00:10.867   207   207 I QCameraHAL: getCameraInfo: numOfCameras = 2
10-12 18:00:10.867   207   207 I QCameraHAL: Handle [0]=0x0xa5a68068
10-12 18:00:10.867   207   207 I QCameraHAL: Camera sensor 0 info:
10-12 18:00:10.867   207   207 I QCameraHAL: camera_id: 0
10-12 18:00:10.867   207   207 I QCameraHAL: modes_supported: 1
10-12 18:00:10.867   207   207 I QCameraHAL: position: 0
10-12 18:00:10.867   207   207 I QCameraHAL: sensor_mount_angle: 90
10-12 18:00:10.867   207   207 I QCameraHAL: Handle [1]=0x0xa5a680a8
10-12 18:00:10.867   207   207 I QCameraHAL: Camera sensor 1 info:
10-12 18:00:10.867   207   207 I QCameraHAL: camera_id: 1
10-12 18:00:10.867   207   207 I QCameraHAL: modes_supported: 1
10-12 18:00:10.867   207   207 I QCameraHAL: position: 1
10-12 18:00:10.867   207   207 I QCameraHAL: sensor_mount_angle: 270
10-12 18:00:10.868   207   207 I CamProvider@2.4-impl: Loaded "Qcamera" camera module
10-12 18:00:10.868   207   207 I CamProvider@2.4-impl: setUpVendorTags: No vendor tags defined for this device.
10-12 18:00:10.868   207   207 I QCameraHAL: Handle base =0x0xa5a68068
10-12 18:00:10.868   207   207 I QCameraHAL: getCameraInfo: numOfCameras = 2
10-12 18:00:10.868   207   207 I QCameraHAL: Handle [0]=0x0xa5a68068
10-12 18:00:10.868   207   207 I QCameraHAL: Camera sensor 0 info:
10-12 18:00:10.868   207   207 I QCameraHAL: camera_id: 0
10-12 18:00:10.868   207   207 I QCameraHAL: modes_supported: 1
10-12 18:00:10.868   207   207 I QCameraHAL: position: 0
10-12 18:00:10.868   206   206 D audio_hw_primary: adev_open: enter
10-12 18:00:10.868   207   207 I QCameraHAL: sensor_mount_angle: 90
10-12 18:00:10.868   207   207 I QCameraHAL: Handle [1]=0x0xa5a680a8
10-12 18:00:10.868   207   207 I QCameraHAL: Camera sensor 1 info:
10-12 18:00:10.868   207   207 I QCameraHAL: camera_id: 1
10-12 18:00:10.868   207   207 I QCameraHAL: modes_supported: 1
10-12 18:00:10.868   207   207 I QCameraHAL: position: 1
10-12 18:00:10.868   207   207 I QCameraHAL: sensor_mount_angle: 270
10-12 18:00:10.870   207   207 I CameraProviderManager: Connecting to new camera provider: legacy/0, isRemote? 0
10-12 18:00:10.870   207   207 I CameraProviderManager: Enumerating new camera device: device@1.0/legacy/0
10-12 18:00:10.870   207   207 I QCameraHAL: Handle base =0x0xa5a68068
10-12 18:00:10.870   207   207 I QCameraHAL: getCameraInfo: numOfCameras = 2
10-12 18:00:10.870   207   207 I QCameraHAL: Handle [0]=0x0xa5a68068
10-12 18:00:10.870   207   207 I QCameraHAL: Camera sensor 0 info:
10-12 18:00:10.870   207   207 I QCameraHAL: camera_id: 0
10-12 18:00:10.870   207   207 I QCameraHAL: modes_supported: 1
10-12 18:00:10.870   207   207 I QCameraHAL: position: 0
10-12 18:00:10.870   207   207 I QCameraHAL: sensor_mount_angle: 90
10-12 18:00:10.870   207   207 I QCameraHAL: Handle [1]=0x0xa5a680a8
10-12 18:00:10.870   207   207 I QCameraHAL: Camera sensor 1 info:
10-12 18:00:10.870   207   207 I QCameraHAL: camera_id: 1
10-12 18:00:10.870   207   207 I QCameraHAL: modes_supported: 1
10-12 18:00:10.870   207   207 I QCameraHAL: position: 1
10-12 18:00:10.870   207   207 I QCameraHAL: sensor_mount_angle: 270
10-12 18:00:10.871   198   198 I SurfaceFlinger: EGL information:
10-12 18:00:10.871   198   198 I SurfaceFlinger: vendor    : Android
10-12 18:00:10.871   198   198 I SurfaceFlinger: version   : 1.4 Android META-EGL
10-12 18:00:10.871   198   198 I SurfaceFlinger: extensions: EGL_KHR_get_all_proc_addresses EGL_ANDROID_presentation_time EGL_KHR_swap_buffers_with_damage EGL_ANDROID_get_native_client_buffer EGL_ANDROID_front_buffer_auto_refresh EGL_ANDROID_get_frame_timestamps EGL_KHR_image EGL_KHR_image_base EGL_KHR_lock_surface EGL_KHR_gl_colorspace EGL_KHR_gl_texture_2D_image EGL_KHR_gl_texture_3D_image EGL_KHR_gl_texture_cubemap_image EGL_KHR_gl_renderbuffer_image EGL_KHR_fence_sync EGL_KHR_create_context EGL_EXT_create_context_robustness EGL_ANDROID_image_native_buffer EGL_KHR_wait_sync EGL_ANDROID_recordable EGL_KHR_partial_update EGL_IMG_context_priority 
10-12 18:00:10.871   198   198 I SurfaceFlinger: Client API: OpenGL_ES
10-12 18:00:10.871   198   198 I SurfaceFlinger: EGLSurface: 8-8-8-8, config=0x5
10-12 18:00:10.871   198   198 W Adreno-EGL: <qeglDrvAPI_eglGetConfigAttrib:607>: EGL_BAD_ATTRIBUTE
10-12 18:00:10.872   198   198 I vndksupport: sphal namespace is not configured for this process. Loading /vendor/lib/hw/gralloc.msm8960.so from the current namespace instead.
10-12 18:00:10.873   207   207 I CamDev@1.0-impl: Opening camera 0
10-12 18:00:10.874   207   207 E mm-libcamera2: mm_camera_open:  opened, break out while loop
10-12 18:00:10.874   207   207 E mm-libcamera2: mm_camera_open: cannot open control fd of 'video0' Errno = 22
10-12 18:00:10.874   207   207 E QCameraHWI: startCamera: cam_ops_open failed: id = 0
10-12 18:00:10.874   207   207 I QCameraHWI: ~QCameraHardwareInterface First stop the polling threads before deleting instances
10-12 18:00:10.874   207   207 E CamDev@1.0-impl: Could not open camera 0: -19
10-12 18:00:10.874   207   207 E CameraProviderManager: DeviceInfo1: Unable to open camera device 0 to check for a flash unit: INTERNAL_ERROR
10-12 18:00:10.874   207   207 I CameraProviderManager: Enumerating new camera device: device@1.0/legacy/1
10-12 18:00:10.874   207   207 I QCameraHAL: Handle base =0x0xa5a68068
10-12 18:00:10.875   207   207 I QCameraHAL: getCameraInfo: numOfCameras = 2
10-12 18:00:10.875   207   207 I QCameraHAL: Handle [0]=0x0xa5a68068
10-12 18:00:10.875   207   207 I QCameraHAL: Camera sensor 0 info:
10-12 18:00:10.875   207   207 I QCameraHAL: camera_id: 0
10-12 18:00:10.875   207   207 I QCameraHAL: modes_supported: 1
10-12 18:00:10.875   207   207 I QCameraHAL: position: 0
10-12 18:00:10.875   207   207 I QCameraHAL: sensor_mount_angle: 90
10-12 18:00:10.875   207   207 I QCameraHAL: Handle [1]=0x0xa5a680a8
10-12 18:00:10.875   207   207 I QCameraHAL: Camera sensor 1 info:
10-12 18:00:10.875   207   207 I QCameraHAL: camera_id: 1
10-12 18:00:10.875   207   207 I QCameraHAL: modes_supported: 1
10-12 18:00:10.875   207   207 I QCameraHAL: position: 1
10-12 18:00:10.875   207   207 I QCameraHAL: sensor_mount_angle: 270
10-12 18:00:10.877   207   207 I CamDev@1.0-impl: Opening camera 1
10-12 18:00:10.878   207   207 E mm-libcamera2: mm_camera_open:  opened, break out while loop
10-12 18:00:10.878   207   207 E mm-libcamera2: mm_camera_open: cannot open control fd of 'video2' Errno = 22
10-12 18:00:10.878   207   207 E QCameraHWI: startCamera: cam_ops_open failed: id = 1
10-12 18:00:10.878   207   207 I QCameraHWI: ~QCameraHardwareInterface First stop the polling threads before deleting instances
10-12 18:00:10.878   207   207 E CamDev@1.0-impl: Could not open camera 1: -19
10-12 18:00:10.878   207   207 E CameraProviderManager: DeviceInfo1: Unable to open camera device 1 to check for a flash unit: INTERNAL_ERROR
10-12 18:00:10.878   207   207 I CameraProviderManager: Camera provider legacy/0 ready with 2 camera devices
10-12 18:00:10.878   207   207 I CameraHardwareInterface: Opening camera 0
10-12 18:00:10.879   207   207 I CamDev@1.0-impl: Opening camera 0
10-12 18:00:10.879   207   207 E mm-libcamera2: mm_camera_open:  opened, break out while loop
10-12 18:00:10.879   207   207 E mm-libcamera2: mm_camera_open: cannot open control fd of 'video0' Errno = 22
10-12 18:00:10.879   207   207 E QCameraHWI: startCamera: cam_ops_open failed: id = 0
10-12 18:00:10.879   207   207 I QCameraHWI: ~QCameraHardwareInterface First stop the polling threads before deleting instances
10-12 18:00:10.879   207   207 E CamDev@1.0-impl: Could not open camera 0: -19
10-12 18:00:10.880   207   207 E CameraHardwareInterface: initialize: openSession failed! Function not implemented (-38)
10-12 18:00:10.880   207   207 E CameraFlashlight: connectCameraDevice: initializing camera 0 failed
10-12 18:00:10.880   207   207 I CameraHardwareInterface: Destroying camera 0
10-12 18:00:10.880   207   207 E CameraFlashlight: findFlashUnits: failed to check if camera 0 has a flash unit. Function not implemented (-38)
10-12 18:00:10.880   207   207 I CameraHardwareInterface: Opening camera 1
10-12 18:00:10.880   207   207 I CamDev@1.0-impl: Opening camera 1
10-12 18:00:10.880   207   207 E mm-libcamera2: mm_camera_open:  opened, break out while loop
10-12 18:00:10.880   207   207 E mm-libcamera2: mm_camera_open: cannot open control fd of 'video2' Errno = 22
10-12 18:00:10.880   207   207 E QCameraHWI: startCamera: cam_ops_open failed: id = 1
10-12 18:00:10.881   207   207 I QCameraHWI: ~QCameraHardwareInterface First stop the polling threads before deleting instances
10-12 18:00:10.881   207   207 E CamDev@1.0-impl: Could not open camera 1: -19
10-12 18:00:10.881   207   207 E CameraHardwareInterface: initialize: openSession failed! Function not implemented (-38)
10-12 18:00:10.881   207   207 E CameraFlashlight: connectCameraDevice: initializing camera 1 failed
10-12 18:00:10.881   207   207 I CameraHardwareInterface: Destroying camera 1
10-12 18:00:10.881   207   207 E CameraFlashlight: findFlashUnits: failed to check if camera 1 has a flash unit. Function not implemented (-38)
10-12 18:00:10.881   207   207 I CameraService: onDeviceStatusChanged: Status changed for cameraId=0, newStatus=1
10-12 18:00:10.881   207   207 E CameraService: onDeviceStatusChanged: State transition to the same status 0x1 not allowed
10-12 18:00:10.881   207   207 I CameraService: onDeviceStatusChanged: Status changed for cameraId=1, newStatus=1
10-12 18:00:10.881   207   207 E CameraService: onDeviceStatusChanged: State transition to the same status 0x1 not allowed
10-12 18:00:10.937   206   206 E audio_route: unknown enum value string Off for ctl TTY Mode
10-12 18:00:10.974   206   206 D ACDB-LOADER: ACDB -> ACDB_CMD_INITIALIZE
10-12 18:00:10.975   206   206 E         : [ACDB RTC]->rtc init done!->result [0]
10-12 18:00:10.975   206   206 D Diag_Lib: actp_diag_init: call diag init function with AEAE7665
10-12 18:00:10.975   206   206 E Diag_Lib:  Diag_LSM_Init: Failed to open handle to diag driver, error = 2
10-12 18:00:10.975   206   206 E Diag_Lib: actp_diag_init: diag init failed
10-12 18:00:10.975   206   206 E         : [ACDB ACPH]->actp diag init done!
10-12 18:00:10.975   206   206 D ACDB-LOADER: No existing ION info in ACDB driver
10-12 18:00:10.975   206   206 D ACDB-LOADER: ACDB -> ION_IOC_ALLOC
10-12 18:00:10.975   206   206 D ACDB-LOADER: ACDB -> ION_IOC_SHARE
10-12 18:00:10.975   206   206 D ACDB-LOADER: ACDB -> MMAP ADDR
10-12 18:00:10.975   206   206 D ACDB-LOADER: ACDB -> register MEM to ACDB driver: 0xb0ade000
10-12 18:00:10.975   206   206 D ACDB-LOADER: ACDB -> send_asm_topology
10-12 18:00:10.975   206   206 D ACDB-LOADER: ACDB -> ACDB_CMD_GET_AUDPROC_STREAM_TOPOLOGY_ID
10-12 18:00:10.975   206   206 D ACDB-LOADER: send mbhc data
10-12 18:00:10.984   206   206 D ACDB-LOADER: send tabla anc data
10-12 18:00:10.984   206   206 D ACDB-LOADER: ACDB -> ACDB_CMD_GET_ANC_SETTING
10-12 18:00:10.985   206   206 D ACDB-LOADER: done with conversion, anc config size is 148
10-12 18:00:10.985   206   206 D ACDB-LOADER: ACDB -> ACDB_CMD_GET_ANC_SETTING
10-12 18:00:10.985   206   206 D ACDB-LOADER: done with conversion, anc config size is 148
10-12 18:00:10.985   206   206 D ACDB-LOADER: ACDB -> ACDB_CMD_GET_ANC_SETTING
10-12 18:00:10.985   206   206 D ACDB-LOADER: done with conversion, anc config size is 148
10-12 18:00:10.985   206   206 D ACDB-LOADER: ACDB -> ACDB_CMD_GET_ANC_SETTING
10-12 18:00:10.985   206   206 D ACDB-LOADER: done with conversion, anc config size is 148
10-12 18:00:10.985   206   206 D ACDB-LOADER: ACDB -> ACDB_CMD_GET_ANC_SETTING
10-12 18:00:10.985   206   206 D ACDB-LOADER: done with conversion, anc config size is 74
10-12 18:00:10.985   206   206 D ACDB-LOADER: ACDB -> ACDB_CMD_GET_ANC_SETTING
10-12 18:00:10.985   206   206 D ACDB-LOADER: done with conversion, anc config size is 74
10-12 18:00:10.985   206   206 D ACDB-LOADER: ACDB -> init done!
10-12 18:00:11.004   206   206 D         : csd_client_init
10-12 18:00:11.004   206   206 E         : csd_client_service_init: Invalid rx device 0, setting to handset
10-12 18:00:11.004   206   206 E         : csd_client_service_init: Invalid tx device 0, setting to handset
10-12 18:00:11.005   206   206 E Diag_Lib:  Diag_LSM_Init: Failed to open handle to diag driver, error = 2
10-12 18:00:11.116   198   198 D SurfaceFlinger: shader cache generated - 24 shaders in 239.313828 ms
10-12 18:00:11.117   198   198 D SurfaceFlinger: Set power mode=2, type=0 flinger=0xae9d1000
10-12 18:00:11.142   189   189 D AndroidRuntime: >>>>>> START com.android.internal.os.ZygoteInit uid 0 <<<<<<
10-12 18:00:11.216   189   189 I zygote  : option[0]=-Xzygote
10-12 18:00:11.216   189   189 I zygote  : option[1]=-Xstacktracefile:/data/anr/traces.txt
10-12 18:00:11.216   189   189 I zygote  : option[2]=exit
10-12 18:00:11.216   189   189 I zygote  : option[3]=vfprintf
10-12 18:00:11.216   189   189 I zygote  : option[4]=sensitiveThread
10-12 18:00:11.216   189   189 I zygote  : option[5]=-verbose:gc
10-12 18:00:11.216   189   189 I zygote  : option[6]=-Xms8m
10-12 18:00:11.216   189   189 I zygote  : option[7]=-Xmx512m
10-12 18:00:11.216   189   189 I zygote  : option[8]=-XX:HeapGrowthLimit=192m
10-12 18:00:11.216   189   189 I zygote  : option[9]=-XX:HeapMinFree=512k
10-12 18:00:11.216   189   189 I zygote  : option[10]=-XX:HeapMaxFree=8m
10-12 18:00:11.216   189   189 I zygote  : option[11]=-XX:HeapTargetUtilization=0.75
10-12 18:00:11.216   189   189 I zygote  : option[12]=-Xusejit:true
10-12 18:00:11.216   189   189 I zygote  : option[13]=-Xjitsaveprofilinginfo
10-12 18:00:11.216   189   189 I zygote  : option[14]=-agentlib:jdwp=transport=dt_android_adb,suspend=n,server=y
10-12 18:00:11.216   189   189 I zygote  : option[15]=-Xlockprofthreshold:500
10-12 18:00:11.216   189   189 I zygote  : option[16]=-Ximage-compiler-option
10-12 18:00:11.216   189   189 I zygote  : option[17]=--runtime-arg
10-12 18:00:11.217   189   189 I zygote  : option[18]=-Ximage-compiler-option
10-12 18:00:11.217   189   189 I zygote  : option[19]=-Xms64m
10-12 18:00:11.217   189   189 I zygote  : option[20]=-Ximage-compiler-option
10-12 18:00:11.217   189   189 I zygote  : option[21]=--runtime-arg
10-12 18:00:11.217   189   189 I zygote  : option[22]=-Ximage-compiler-option
10-12 18:00:11.217   189   189 I zygote  : option[23]=-Xmx64m
10-12 18:00:11.217   189   189 I zygote  : option[24]=-Ximage-compiler-option
10-12 18:00:11.217   189   189 I zygote  : option[25]=--image-classes=/system/etc/preloaded-classes
10-12 18:00:11.217   189   189 I zygote  : option[26]=-Ximage-compiler-option
10-12 18:00:11.217   189   189 I zygote  : option[27]=--compiled-classes=/system/etc/compiled-classes
10-12 18:00:11.217   189   189 I zygote  : option[28]=-Xcompiler-option
10-12 18:00:11.217   189   189 I zygote  : option[29]=--runtime-arg
10-12 18:00:11.217   189   189 I zygote  : option[30]=-Xcompiler-option
10-12 18:00:11.217   189   189 I zygote  : option[31]=-Xms64m
10-12 18:00:11.217   189   189 I zygote  : option[32]=-Xcompiler-option
10-12 18:00:11.217   189   189 I zygote  : option[33]=--runtime-arg
10-12 18:00:11.217   189   189 I zygote  : option[34]=-Xcompiler-option
10-12 18:00:11.217   189   189 I zygote  : option[35]=-Xmx512m
10-12 18:00:11.217   189   189 I zygote  : option[36]=-Ximage-compiler-option
10-12 18:00:11.217   189   189 I zygote  : option[37]=--instruction-set-variant=krait
10-12 18:00:11.217   189   189 I zygote  : option[38]=-Xcompiler-option
10-12 18:00:11.217   189   189 I zygote  : option[39]=--instruction-set-variant=krait
10-12 18:00:11.217   189   189 I zygote  : option[40]=-Ximage-compiler-option
10-12 18:00:11.217   189   189 I zygote  : option[41]=--instruction-set-features=default
10-12 18:00:11.217   189   189 I zygote  : option[42]=-Xcompiler-option
10-12 18:00:11.217   189   189 I zygote  : option[43]=--instruction-set-features=default
10-12 18:00:11.217   189   189 I zygote  : option[44]=-Duser.locale=en-US
10-12 18:00:11.217   189   189 I zygote  : option[45]=--cpu-abilist=armeabi-v7a,armeabi
10-12 18:00:11.218   189   189 I zygote  : option[46]=-Xfingerprint:google/occam/mako:5.1.1/LMY48M/2167285:user/release-keys
10-12 18:00:11.226   168   168 W /system/bin/hwservicemanager: getTransportFromManifest: Cannot find entry android.hardware.graphics.mapper@2.0::IMapper in either framework or device manifest, using default transport.
10-12 18:00:11.231   198   198 I vndksupport: sphal namespace is not configured for this process. Loading /vendor/lib/hw/gralloc.msm8960.so from the current namespace instead.
10-12 18:00:11.237   198   198 I vndksupport: sphal namespace is not configured for this process. Loading /vendor/lib/hw/gralloc.msm8960.so from the current namespace instead.
10-12 18:00:11.246   189   189 I zygote  : Pruning dalvik-cache since we are generating an image and will need to recompile
10-12 18:00:11.246   189   189 I zygote  : Using an offset of 0xffb5f000 from default art base address of 0x70000000
10-12 18:00:11.246   189   189 I zygote  : GenerateImage: /system/bin/dex2oat --image=/data/dalvik-cache/arm/system@framework@boot.art --dex-file=/system/framework/core-oj.jar --dex-file=/system/framework/core-libart.jar --dex-file=/system/framework/conscrypt.jar --dex-file=/system/framework/okhttp.jar --dex-file=/system/framework/legacy-test.jar --dex-file=/system/framework/bouncycastle.jar --dex-file=/system/framework/ext.jar --dex-file=/system/framework/framework.jar --dex-file=/system/framework/telephony-common.jar --dex-file=/system/framework/voip-common.jar --dex-file=/system/framework/ims-common.jar --dex-file=/system/framework/apache-xml.jar --dex-file=/system/framework/org.apache.http.legacy.boot.jar --dex-file=/system/framework/android.hidl.base-V1.0-java.jar --dex-file=/system/framework/android.hidl.manager-V1.0-java.jar --oat-file=/data/dalvik-cache/arm/system@framework@boot.oat --instruction-set=arm --instruction-set-features=div,atomic_ldrd_strd,-armv8a --base=0x6fb5f000 --runtime-arg -Xms64m --runtime-arg -Xmx64m --image-classes=/syste
10-12 18:00:11.325   314   314 W dex2oat : Using default instruction set features for ARM CPU variant (default) using conservative defaults
10-12 18:00:11.326   314   314 I dex2oat : /system/bin/dex2oat --image=/data/dalvik-cache/arm/system@framework@boot.art --dex-file=/system/framework/core-oj.jar --dex-file=/system/framework/core-libart.jar --dex-file=/system/framework/conscrypt.jar --dex-file=/system/framework/okhttp.jar --dex-file=/system/framework/legacy-test.jar --dex-file=/system/framework/bouncycastle.jar --dex-file=/system/framework/ext.jar --dex-file=/system/framework/framework.jar --dex-file=/system/framework/telephony-common.jar --dex-file=/system/framework/voip-common.jar --dex-file=/system/framework/ims-common.jar --dex-file=/system/framework/apache-xml.jar --dex-file=/system/framework/org.apache.http.legacy.boot.jar --dex-file=/system/framework/android.hidl.base-V1.0-java.jar --dex-file=/system/framework/android.hidl.manager-V1.0-java.jar --oat-file=/data/dalvik-cache/arm/system@framework@boot.oat --instruction-set=arm --instruction-set-features=div,atomic_ldrd_strd,-armv8a --base=0x6fb5f000 --runtime-arg -Xms64m --runtime-arg -Xmx64m --image-classes=/system/etc/preloaded
10-12 18:00:11.411   314   314 I dex2oat : setting boot class path to /system/framework/core-oj.jar:/system/framework/core-libart.jar:/system/framework/conscrypt.jar:/system/framework/okhttp.jar:/system/framework/legacy-test.jar:/system/framework/bouncycastle.jar:/system/framework/ext.jar:/system/framework/framework.jar:/system/framework/telephony-common.jar:/system/framework/voip-common.jar:/system/framework/ims-common.jar:/system/framework/apache-xml.jar:/system/framework/org.apache.http.legacy.boot.jar:/system/framework/android.hidl.base-V1.0-java.jar:/system/framework/android.hidl.manager-V1.0-java.jar
10-12 18:00:12.222   311   318 I vndksupport: sphal namespace is not configured for this process. Loading /vendor/lib/egl/libEGL_adreno.so from the current namespace instead.
10-12 18:00:12.230   311   318 D libEGL  : loaded /vendor/lib/egl/libEGL_adreno.so
10-12 18:00:12.236   311   318 I vndksupport: sphal namespace is not configured for this process. Loading /vendor/lib/egl/libGLESv1_CM_adreno.so from the current namespace instead.
10-12 18:00:12.240   311   318 D libEGL  : loaded /vendor/lib/egl/libGLESv1_CM_adreno.so
10-12 18:00:12.340   311   318 I vndksupport: sphal namespace is not configured for this process. Loading /vendor/lib/egl/libGLESv2_adreno.so from the current namespace instead.
10-12 18:00:12.372   311   318 D libEGL  : loaded /vendor/lib/egl/libGLESv2_adreno.so
10-12 18:00:12.481   311   318 I Adreno-EGL: <qeglDrvAPI_eglInitialize:379>: QUALCOMM Build: 09/02/15, 76f806e, Ibddc658e36
10-12 18:00:12.487   311   318 W Adreno-EGL: <qeglDrvAPI_eglGetConfigAttrib:607>: EGL_BAD_ATTRIBUTE
10-12 18:00:12.490   311   318 I vndksupport: sphal namespace is not configured for this process. Loading /vendor/lib/hw/gralloc.msm8960.so from the current namespace instead.
10-12 18:00:13.386   311   318 D BootAnimation: BootAnimationShownTiming start time: 7772ms
10-12 18:00:14.029   168   168 W /system/bin/hwservicemanager: getTransportFromManifest: Cannot find entry android.hardware.graphics.mapper@2.0::IMapper in either framework or device manifest, using default transport.
10-12 18:00:14.037   311   318 I vndksupport: sphal namespace is not configured for this process. Loading /vendor/lib/hw/gralloc.msm8960.so from the current namespace instead.
