10-12 18:03:21.298   494   497 W dex2oat : and incorrect proguard optimizations.
10-12 18:03:21.336   494   499 W dex2oat : Class android.support.v4.util.SimpleArrayMap failed lock verification and will run slower.
10-12 18:03:21.338   494   494 W dex2oat : Class android.support.v4.util.ArraySet failed lock verification and will run slower.
10-12 18:03:21.650   494   498 W dex2oat : Class com.android.dialer.backup.VoicemailInfo failed lock verification and will run slower.
10-12 18:03:21.657   494   498 W dex2oat : Class com.android.dialer.callcomposer.CallComposerContact failed lock verification and will run slower.
10-12 18:03:21.677   494   499 W dex2oat : Class com.android.dialer.calldetails.CallDetailsEntries failed lock verification and will run slower.
10-12 18:03:21.679   494   494 W dex2oat : Class com.android.dialer.calldetails.CallDetailsEntries$CallDetailsEntry failed lock verification and will run slower.
10-12 18:03:21.681   494   498 W dex2oat : Class com.android.dialer.callintent.CallSpecificAppData failed lock verification and will run slower.
10-12 18:03:21.685   494   494 W dex2oat : Class com.android.dialer.common.concurrent.AsyncTaskExecutors failed lock verification and will run slower.
10-12 18:03:21.699   494   498 W dex2oat : Class com.android.dialer.enrichedcall.historyquery.proto.HistoryResult failed lock verification and will run slower.
10-12 18:03:21.880   494   497 W dex2oat : Class com.bumptech.glide.Glide failed lock verification and will run slower.
10-12 18:03:22.821   494   494 I dex2oat : dex2oat took 2.940s (5.394s cpu) (threads: 4) arena alloc=9KB (9544B) java alloc=3MB (3445264B) native alloc=5MB (5624000B) free=2MB (2764608B)
10-12 18:03:22.842   359   359 I PackageManager.DexOptimizer: Running dexopt (dexoptNeeded=1) on: /system/priv-app/ExtServices/ExtServices.apk pkg=android.ext.services isa=arm dexoptFlags=boot_complete,public target-filter=quicken oatDir=null sharedLibraries=null
10-12 18:03:22.934   501   501 I dex2oat : /system/bin/dex2oat --input-vdex-fd=-1 --output-vdex-fd=9 --compiler-filter=quicken --classpath-dir=/system/priv-app/ExtServices
10-12 18:03:23.121   501   501 I dex2oat : dex2oat took 189.117ms (153.625ms cpu) (threads: 4) arena alloc=8KB (9016B) java alloc=70KB (72312B) native alloc=1327KB (1358936B) free=1744KB (1786792B)
10-12 18:03:23.133   359   359 I PackageManager.DexOptimizer: Running dexopt (dexoptNeeded=1) on: /system/priv-app/PackageInstaller/PackageInstaller.apk pkg=com.android.packageinstaller isa=arm dexoptFlags=boot_complete,public target-filter=quicken oatDir=null sharedLibraries=null
10-12 18:03:23.139   506   506 W dex2oat : type=1400 audit(0.0:43): avc: granted { getattr } for path="/vendor" dev="rootfs" ino=5775 scontext=u:r:dex2oat:s0 tcontext=u:object_r:rootfs:s0 tclass=lnk_file
10-12 18:03:23.216   506   506 I dex2oat : /system/bin/dex2oat --input-vdex-fd=-1 --output-vdex-fd=9 --compiler-filter=quicken --classpath-dir=/system/priv-app/PackageInstaller
10-12 18:03:25.221   506   506 I dex2oat : dex2oat took 2.006s (4.127s cpu) (threads: 4) arena alloc=15KB (15728B) java alloc=2042KB (2091528B) native alloc=2MB (2945256B) free=2MB (2297624B)
10-12 18:03:25.270   359   359 I PackageManager.DexOptimizer: Running dexopt (dexoptNeeded=1) on: /system/priv-app/ProxyHandler/ProxyHandler.apk pkg=com.android.proxyhandler isa=arm dexoptFlags=boot_complete,public target-filter=quicken oatDir=null sharedLibraries=null
10-12 18:03:25.282   511   511 W dex2oat : type=1400 audit(0.0:44): avc: granted { getattr } for path="/vendor" dev="rootfs" ino=5775 scontext=u:r:dex2oat:s0 tcontext=u:object_r:rootfs:s0 tclass=lnk_file
10-12 18:03:25.432   511   511 I dex2oat : /system/bin/dex2oat --input-vdex-fd=-1 --output-vdex-fd=9 --compiler-filter=quicken --classpath-dir=/system/priv-app/ProxyHandler
10-12 18:03:25.767   511   511 I dex2oat : dex2oat took 339.355ms (295.166ms cpu) (threads: 4) arena alloc=25KB (25864B) java alloc=65KB (67448B) native alloc=1289KB (1320256B) free=2MB (2349760B)
10-12 18:03:25.799   359   359 I PackageManager.DexOptimizer: Running dexopt (dexoptNeeded=1) on: /system/app/LatinIME/LatinIME.apk pkg=com.android.inputmethod.latin isa=arm dexoptFlags=boot_complete,public target-filter=quicken oatDir=null sharedLibraries=null
10-12 18:03:25.812   516   516 W dex2oat : type=1400 audit(0.0:45): avc: granted { getattr } for path="/vendor" dev="rootfs" ino=5775 scontext=u:r:dex2oat:s0 tcontext=u:object_r:rootfs:s0 tclass=lnk_file
10-12 18:03:25.958   516   516 I dex2oat : /system/bin/dex2oat --input-vdex-fd=-1 --output-vdex-fd=9 --compiler-filter=quicken --classpath-dir=/system/app/LatinIME
10-12 18:03:27.895   516   516 I dex2oat : dex2oat took 1.940s (3.609s cpu) (threads: 4) arena alloc=309KB (317336B) java alloc=742KB (760528B) native alloc=1793KB (1836768B) free=3MB (3406112B)
10-12 18:03:27.939   359   359 I PackageManager.DexOptimizer: Running dexopt (dexoptNeeded=1) on: /system/priv-app/Settings/Settings.apk pkg=com.android.settings isa=arm dexoptFlags=boot_complete,public target-filter=quicken oatDir=null sharedLibraries=null
10-12 18:03:27.944   522   522 W dex2oat : type=1400 audit(0.0:46): avc: granted { getattr } for path="/vendor" dev="rootfs" ino=5775 scontext=u:r:dex2oat:s0 tcontext=u:object_r:rootfs:s0 tclass=lnk_file
10-12 18:03:28.112   522   522 I dex2oat : /system/bin/dex2oat --input-vdex-fd=-1 --output-vdex-fd=9 --compiler-filter=quicken --classpath-dir=/system/priv-app/Settings
10-12 18:03:37.340   522   522 I dex2oat : dex2oat took 9.232s (19.353s cpu) (threads: 4) arena alloc=6KB (6216B) java alloc=5MB (5768632B) native alloc=5MB (6261800B) free=3MB (3175384B)
10-12 18:03:37.389   359   359 I PackageManager.DexOptimizer: Running dexopt (dexoptNeeded=1) on: /system/priv-app/TeleService/TeleService.apk pkg=com.android.phone isa=arm dexoptFlags=boot_complete,public target-filter=quicken oatDir=null sharedLibraries=null
10-12 18:03:37.403   528   528 W dex2oat : type=1400 audit(0.0:47): avc: granted { getattr } for path="/vendor" dev="rootfs" ino=5775 scontext=u:r:dex2oat:s0 tcontext=u:object_r:rootfs:s0 tclass=lnk_file
10-12 18:03:37.494   528   528 I dex2oat : /system/bin/dex2oat --input-vdex-fd=-1 --output-vdex-fd=9 --compiler-filter=quicken --classpath-dir=/system/priv-app/TeleService
10-12 18:03:38.527   528   528 I dex2oat : dex2oat took 1.035s (1.927s cpu) (threads: 4) arena alloc=8KB (8664B) java alloc=1090KB (1116496B) native alloc=2MB (2515112B) free=2MB (2203480B)
10-12 18:03:38.542   359   359 I PackageManager.DexOptimizer: Running dexopt (dexoptNeeded=1) on: /system/priv-app/Shell/Shell.apk pkg=com.android.shell isa=arm dexoptFlags=boot_complete,public target-filter=quicken oatDir=null sharedLibraries=null
10-12 18:03:38.592   534   534 I dex2oat : /system/bin/dex2oat --input-vdex-fd=-1 --output-vdex-fd=9 --compiler-filter=quicken --classpath-dir=/system/priv-app/Shell
10-12 18:03:38.799   534   534 I dex2oat : dex2oat took 207.733ms (252.929ms cpu) (threads: 4) arena alloc=16KB (17312B) java alloc=133KB (137048B) native alloc=1331KB (1363480B) free=2MB (2306536B)
10-12 18:03:38.808   359   359 I PackageManager.DexOptimizer: Running dexopt (dexoptNeeded=1) on: /system/priv-app/FusedLocation/FusedLocation.apk pkg=com.android.location.fused isa=arm dexoptFlags=boot_complete,public target-filter=quicken oatDir=null sharedLibraries=/system/framework/com.android.location.provider.jar
10-12 18:03:38.865   539   539 I dex2oat : /system/bin/dex2oat --input-vdex-fd=-1 --output-vdex-fd=9 --compiler-filter=quicken --classpath-dir=/system/priv-app/FusedLocation
10-12 18:03:39.021   539   539 I dex2oat : dex2oat took 156.738ms (116.363ms cpu) (threads: 4) arena alloc=3KB (3912B) java alloc=66KB (67648B) native alloc=1346KB (1378424B) free=2MB (2291592B)
10-12 18:03:39.031   359   359 I PackageManager.DexOptimizer: Running dexopt (dexoptNeeded=1) on: /system/priv-app/SystemUI/SystemUI.apk pkg=com.android.systemui isa=arm dexoptFlags=boot_complete,public target-filter=quicken oatDir=null sharedLibraries=null
10-12 18:03:39.035   544   544 W dex2oat : type=1400 audit(0.0:50): avc: granted { getattr } for path="/vendor" dev="rootfs" ino=5775 scontext=u:r:dex2oat:s0 tcontext=u:object_r:rootfs:s0 tclass=lnk_file
10-12 18:03:39.114   544   544 I dex2oat : /system/bin/dex2oat --input-vdex-fd=-1 --output-vdex-fd=9 --compiler-filter=quicken --classpath-dir=/system/priv-app/SystemUI
10-12 18:03:43.729   544   544 I dex2oat : dex2oat took 4.616s (8.984s cpu) (threads: 4) arena alloc=7KB (7320B) java alloc=5MB (5589400B) native alloc=6MB (6993752B) free=2MB (2967720B)
10-12 18:03:43.802   359   359 I PackageManager.DexOptimizer: Running dexopt (dexoptNeeded=1) on: /system/priv-app/CalendarProvider/CalendarProvider.apk pkg=com.android.providers.calendar isa=arm dexoptFlags=boot_complete,public target-filter=quicken oatDir=null sharedLibraries=/system/framework/android.test.runner.jar
10-12 18:03:43.820   550   550 W dex2oat : type=1400 audit(0.0:51): avc: granted { getattr } for path="/vendor" dev="rootfs" ino=5775 scontext=u:r:dex2oat:s0 tcontext=u:object_r:rootfs:s0 tclass=lnk_file
10-12 18:03:43.967   550   550 I dex2oat : /system/bin/dex2oat --input-vdex-fd=-1 --output-vdex-fd=9 --compiler-filter=quicken --classpath-dir=/system/priv-app/CalendarProvider
10-12 18:03:45.139   550   550 I dex2oat : dex2oat took 1.175s (2.095s cpu) (threads: 4) arena alloc=5KB (5968B) java alloc=332KB (340976B) native alloc=1287KB (1318872B) free=2MB (2351144B)
10-12 18:03:45.173   359   359 I PackageManager.DexOptimizer: Running dexopt (dexoptNeeded=1) on: /system/priv-app/MediaProvider/MediaProvider.apk pkg=com.android.providers.media isa=arm dexoptFlags=boot_complete,public target-filter=quicken oatDir=null sharedLibraries=null
10-12 18:03:45.181   555   555 W dex2oat : type=1400 audit(0.0:52): avc: granted { getattr } for path="/vendor" dev="rootfs" ino=5775 scontext=u:r:dex2oat:s0 tcontext=u:object_r:rootfs:s0 tclass=lnk_file
10-12 18:03:45.339   555   555 I dex2oat : /system/bin/dex2oat --input-vdex-fd=-1 --output-vdex-fd=9 --compiler-filter=quicken --classpath-dir=/system/priv-app/MediaProvider
10-12 18:03:45.945   555   555 I dex2oat : dex2oat took 610.656ms (735.870ms cpu) (threads: 4) arena alloc=96KB (98408B) java alloc=89KB (91616B) native alloc=1462KB (1497760B) free=2MB (2172256B)
10-12 18:03:45.986   359   359 I PackageManager.DexOptimizer: Running dexopt (dexoptNeeded=1) on: /system/priv-app/WallpaperCropper/WallpaperCropper.apk pkg=com.android.wallpapercropper isa=arm dexoptFlags=boot_complete,public target-filter=quicken oatDir=null sharedLibraries=null
10-12 18:03:46.002   560   560 W dex2oat : type=1400 audit(0.0:53): avc: granted { getattr } for path="/vendor" dev="rootfs" ino=5775 scontext=u:r:dex2oat:s0 tcontext=u:object_r:rootfs:s0 tclass=lnk_file
10-12 18:03:46.155   560   560 I dex2oat : /system/bin/dex2oat --input-vdex-fd=-1 --output-vdex-fd=9 --compiler-filter=quicken --classpath-dir=/system/priv-app/WallpaperCropper
10-12 18:03:46.766   560   560 I dex2oat : dex2oat took 615.295ms (952.514ms cpu) (threads: 4) arena alloc=4KB (4496B) java alloc=145KB (149136B) native alloc=1407KB (1441640B) free=1664KB (1704088B)
10-12 18:03:46.799   359   359 I PackageManager.DexOptimizer: Running dexopt (dexoptNeeded=1) on: /system/priv-app/Launcher2/Launcher2.apk pkg=com.android.launcher isa=arm dexoptFlags=boot_complete,public target-filter=quicken oatDir=null sharedLibraries=null
10-12 18:03:46.813   565   565 W dex2oat : type=1400 audit(0.0:54): avc: granted { getattr } for path="/vendor" dev="rootfs" ino=5775 scontext=u:r:dex2oat:s0 tcontext=u:object_r:rootfs:s0 tclass=lnk_file
10-12 18:03:46.958   565   565 I dex2oat : /system/bin/dex2oat --input-vdex-fd=-1 --output-vdex-fd=9 --compiler-filter=quicken --classpath-dir=/system/priv-app/Launcher2
10-12 18:03:48.646   565   565 I dex2oat : dex2oat took 1.691s (2.922s cpu) (threads: 4) arena alloc=9KB (9280B) java alloc=719KB (736488B) native alloc=1386KB (1419408B) free=2MB (2250608B)
10-12 18:03:48.684   359   359 I PackageManager.DexOptimizer: Running dexopt (dexoptNeeded=1) on: /system/priv-app/DocumentsUI/DocumentsUI.apk pkg=com.android.documentsui isa=arm dexoptFlags=boot_complete,public target-filter=quicken oatDir=null sharedLibraries=null
10-12 18:03:48.694   571   571 W dex2oat : type=1400 audit(0.0:55): avc: granted { getattr } for path="/vendor" dev="rootfs" ino=5775 scontext=u:r:dex2oat:s0 tcontext=u:object_r:rootfs:s0 tclass=lnk_file
10-12 18:03:48.848   571   571 I dex2oat : /system/bin/dex2oat --input-vdex-fd=-1 --output-vdex-fd=9 --compiler-filter=quicken --classpath-dir=/system/priv-app/DocumentsUI
10-12 18:03:51.999   571   571 I dex2oat : dex2oat took 3.156s (6.296s cpu) (threads: 4) arena alloc=6KB (6352B) java alloc=1826KB (1870288B) native alloc=2MB (3028544B) free=2MB (2214336B)
10-12 18:03:52.020   359   359 I PackageManager.DexOptimizer: Running dexopt (dexoptNeeded=1) on: /system/priv-app/ExternalStorageProvider/ExternalStorageProvider.apk pkg=com.android.externalstorage isa=arm dexoptFlags=boot_complete,public target-filter=quicken oatDir=null sharedLibraries=null
10-12 18:03:52.098   576   576 I dex2oat : /system/bin/dex2oat --input-vdex-fd=-1 --output-vdex-fd=9 --compiler-filter=quicken --classpath-dir=/system/priv-app/ExternalStorageProvider
10-12 18:03:52.280   576   576 I dex2oat : dex2oat took 183.837ms (165.130ms cpu) (threads: 4) arena alloc=10KB (10392B) java alloc=67KB (69544B) native alloc=1364KB (1397728B) free=1707KB (1748000B)
10-12 18:03:52.292   359   359 I PackageManager.DexOptimizer: Running dexopt (dexoptNeeded=1) on: /system/app/HTMLViewer/HTMLViewer.apk pkg=com.android.htmlviewer isa=arm dexoptFlags=boot_complete,public target-filter=quicken oatDir=null sharedLibraries=null
10-12 18:03:52.358   581   581 I dex2oat : /system/bin/dex2oat --input-vdex-fd=-1 --output-vdex-fd=9 --compiler-filter=quicken --classpath-dir=/system/app/HTMLViewer
10-12 18:03:52.511   581   581 I dex2oat : dex2oat took 153.839ms (122.070ms cpu) (threads: 4) arena alloc=9KB (9752B) java alloc=88KB (90472B) native alloc=1181KB (1210200B) free=1378KB (1411240B)
10-12 18:03:52.520   359   359 I PackageManager.DexOptimizer: Running dexopt (dexoptNeeded=1) on: /system/app/CompanionDeviceManager/CompanionDeviceManager.apk pkg=com.android.companiondevicemanager isa=arm dexoptFlags=boot_complete,public target-filter=quicken oatDir=null sharedLibraries=null
10-12 18:03:52.590   586   586 I dex2oat : /system/bin/dex2oat --input-vdex-fd=-1 --output-vdex-fd=9 --compiler-filter=quicken --classpath-dir=/system/app/CompanionDeviceManager
10-12 18:03:52.745   586   586 I dex2oat : dex2oat took 156.616ms (137.481ms cpu) (threads: 4) arena alloc=5KB (6112B) java alloc=67KB (69112B) native alloc=1197KB (1226744B) free=1874KB (1918984B)
10-12 18:03:52.756   359   359 I PackageManager.DexOptimizer: Running dexopt (dexoptNeeded=1) on: /system/app/QuickSearchBox/QuickSearchBox.apk pkg=com.android.quicksearchbox isa=arm dexoptFlags=boot_complete,public target-filter=quicken oatDir=null sharedLibraries=null
10-12 18:03:52.819   591   591 I dex2oat : /system/bin/dex2oat --input-vdex-fd=-1 --output-vdex-fd=9 --compiler-filter=quicken --classpath-dir=/system/app/QuickSearchBox
10-12 18:03:53.240   591   591 I dex2oat : dex2oat took 422.241ms (708.679ms cpu) (threads: 4) arena alloc=8KB (9208B) java alloc=430KB (440640B) native alloc=1287KB (1318896B) free=2MB (2351120B)
10-12 18:03:53.253   359   359 I PackageManager.DexOptimizer: Running dexopt (dexoptNeeded=1) on: /system/priv-app/DownloadProvider/DownloadProvider.apk pkg=com.android.providers.downloads isa=arm dexoptFlags=boot_complete,public target-filter=quicken oatDir=null sharedLibraries=null
10-12 18:03:53.299   597   597 I dex2oat : /system/bin/dex2oat --input-vdex-fd=-1 --output-vdex-fd=9 --compiler-filter=quicken --classpath-dir=/system/priv-app/DownloadProvider
10-12 18:03:53.678   597   597 I dex2oat : dex2oat took 379.486ms (605.987ms cpu) (threads: 4) arena alloc=7KB (7312B) java alloc=286KB (292944B) native alloc=1241KB (1271408B) free=2MB (2398608B)
10-12 18:03:53.689   359   359 I PackageManager.DexOptimizer: Running dexopt (dexoptNeeded=1) on: /system/app/messaging/messaging.apk pkg=com.android.messaging isa=arm dexoptFlags=boot_complete,public target-filter=quicken oatDir=null sharedLibraries=null
10-12 18:03:53.747   602   602 I dex2oat : /system/bin/dex2oat --input-vdex-fd=-1 --output-vdex-fd=9 --compiler-filter=quicken --classpath-dir=/system/app/messaging
10-12 18:03:56.252   602   602 I dex2oat : dex2oat took 2.506s (5.005s cpu) (threads: 4) arena alloc=115KB (118064B) java alloc=3MB (3487256B) native alloc=5MB (5921656B) free=2MB (2466952B)
10-12 18:03:56.273   359   359 I PackageManager.DexOptimizer: Running dexopt (dexoptNeeded=1) on: /system/app/DownloadProviderUi/DownloadProviderUi.apk pkg=com.android.providers.downloads.ui isa=arm dexoptFlags=boot_complete,public target-filter=quicken oatDir=null sharedLibraries=null
10-12 18:03:56.318   607   607 I dex2oat : /system/bin/dex2oat --input-vdex-fd=-1 --output-vdex-fd=9 --compiler-filter=quicken --classpath-dir=/system/app/DownloadProviderUi
10-12 18:03:56.430   607   607 I dex2oat : dex2oat took 112.915ms (93.292ms cpu) (threads: 4) arena alloc=14KB (14880B) java alloc=64KB (66152B) native alloc=1159KB (1187360B) free=1912KB (1958368B)
10-12 18:03:56.439   359   359 I PackageManager.DexOptimizer: Running dexopt (dexoptNeeded=1) on: /system/app/PacProcessor/PacProcessor.apk pkg=com.android.pacprocessor isa=arm dexoptFlags=boot_complete,public target-filter=quicken oatDir=null sharedLibraries=null
10-12 18:03:56.442   612   612 W dex2oat : type=1400 audit(0.0:63): avc: granted { getattr } for path="/vendor" dev="rootfs" ino=5775 scontext=u:r:dex2oat:s0 tcontext=u:object_r:rootfs:s0 tclass=lnk_file
10-12 18:03:56.489   612   612 I dex2oat : /system/bin/dex2oat --input-vdex-fd=-1 --output-vdex-fd=9 --compiler-filter=quicken --classpath-dir=/system/app/PacProcessor
10-12 18:03:56.600   612   612 I dex2oat : dex2oat took 111.877ms (85.906ms cpu) (threads: 4) arena alloc=5KB (5312B) java alloc=49KB (50960B) native alloc=1179KB (1208264B) free=1892KB (1937464B)
10-12 18:03:56.608   359   359 I PackageManager.DexOptimizer: Running dexopt (dexoptNeeded=1) on: /system/app/CertInstaller/CertInstaller.apk pkg=com.android.certinstaller isa=arm dexoptFlags=boot_complete,public target-filter=quicken oatDir=null sharedLibraries=null
10-12 18:03:56.612   617   617 W dex2oat : type=1400 audit(0.0:64): avc: granted { getattr } for path="/vendor" dev="rootfs" ino=5775 scontext=u:r:dex2oat:s0 tcontext=u:object_r:rootfs:s0 tclass=lnk_file
10-12 18:03:56.663   617   617 I dex2oat : /system/bin/dex2oat --input-vdex-fd=-1 --output-vdex-fd=9 --compiler-filter=quicken --classpath-dir=/system/app/CertInstaller
10-12 18:03:56.922   617   617 I dex2oat : dex2oat took 259.124ms (266.540ms cpu) (threads: 4) arena alloc=10KB (10400B) java alloc=84KB (86088B) native alloc=1347KB (1379424B) free=2MB (2290592B)
10-12 18:03:56.948   359   359 I PackageManager.DexOptimizer: Running dexopt (dexoptNeeded=1) on: /system/priv-app/CarrierConfig/CarrierConfig.apk pkg=com.android.carrierconfig isa=arm dexoptFlags=boot_complete,public target-filter=quicken oatDir=null sharedLibraries=null
10-12 18:03:56.952   622   622 W dex2oat : type=1400 audit(0.0:65): avc: granted { getattr } for path="/vendor" dev="rootfs" ino=5775 scontext=u:r:dex2oat:s0 tcontext=u:object_r:rootfs:s0 tclass=lnk_file
10-12 18:03:57.046   622   622 I dex2oat : /system/bin/dex2oat --input-vdex-fd=-1 --output-vdex-fd=9 --compiler-filter=quicken --classpath-dir=/system/priv-app/CarrierConfig
10-12 18:03:57.263   622   622 I dex2oat : dex2oat took 219.177ms (169.158ms cpu) (threads: 4) arena alloc=5KB (6088B) java alloc=51KB (52544B) native alloc=1152KB (1180064B) free=1407KB (1441376B)
10-12 18:03:57.292   359   359 I PackageManager.DexOptimizer: Running dexopt (dexoptNeeded=1) on: /system/priv-app/Contacts/Contacts.apk pkg=com.android.contacts isa=arm dexoptFlags=boot_complete,public target-filter=quicken oatDir=null sharedLibraries=null
10-12 18:03:57.303   627   627 W dex2oat : type=1400 audit(0.0:66): avc: granted { getattr } for path="/vendor" dev="rootfs" ino=5775 scontext=u:r:dex2oat:s0 tcontext=u:object_r:rootfs:s0 tclass=lnk_file
10-12 18:03:57.435   627   627 I dex2oat : /system/bin/dex2oat --input-vdex-fd=-1 --output-vdex-fd=9 --compiler-filter=quicken --classpath-dir=/system/priv-app/Contacts
10-12 18:04:04.799   627   627 I dex2oat : dex2oat took 7.366s (15.846s cpu) (threads: 4) arena alloc=115KB (118280B) java alloc=3MB (3360568B) native alloc=5MB (5516568B) free=2MB (2872040B)
10-12 18:04:04.862   359   359 I PackageManager.DexOptimizer: Running dexopt (dexoptNeeded=1) on: /system/app/Camera2/Camera2.apk pkg=com.android.camera2 isa=arm dexoptFlags=boot_complete,public target-filter=quicken oatDir=null sharedLibraries=null
10-12 18:04:04.870   634   634 W dex2oat : type=1400 audit(0.0:67): avc: granted { getattr } for path="/vendor" dev="rootfs" ino=5775 scontext=u:r:dex2oat:s0 tcontext=u:object_r:rootfs:s0 tclass=lnk_file
10-12 18:04:05.020   634   634 I dex2oat : /system/bin/dex2oat --input-vdex-fd=-1 --output-vdex-fd=9 --compiler-filter=quicken --classpath-dir=/system/app/Camera2
10-12 18:04:07.353   634   634 I dex2oat : dex2oat took 2.337s (4.137s cpu) (threads: 4) arena alloc=5KB (5128B) java alloc=1446KB (1480712B) native alloc=3MB (3203016B) free=2MB (2564152B)
10-12 18:04:07.366   359   359 I PackageManager.DexOptimizer: Running dexopt (dexoptNeeded=1) on: /system/app/EasterEgg/EasterEgg.apk pkg=com.android.egg isa=arm dexoptFlags=boot_complete,public target-filter=quicken oatDir=null sharedLibraries=null
10-12 18:04:07.412   639   639 I dex2oat : /system/bin/dex2oat --input-vdex-fd=-1 --output-vdex-fd=9 --compiler-filter=quicken --classpath-dir=/system/app/EasterEgg
10-12 18:04:07.709   359   404 E BluetoothAdapter: Bluetooth binder is null
10-12 18:04:07.712   359   404 E BatteryStatsService: no controller energy info supplied
10-12 18:04:07.716   359   404 E KernelUidCpuFreqTimeReader: Failed to read /proc/uid_time_in_state: java.io.FileNotFoundException: /proc/uid_time_in_state (No such file or directory)
10-12 18:04:07.719   359   404 W KernelMemoryBandwidthStats: No kernel memory bandwidth stats available
10-12 18:04:07.816   639   639 I dex2oat : dex2oat took 405.181ms (541.961ms cpu) (threads: 4) arena alloc=5KB (5360B) java alloc=241KB (247552B) native alloc=1247KB (1277928B) free=2MB (2392088B)
10-12 18:04:07.826   359   359 I PackageManager.DexOptimizer: Running dexopt (dexoptNeeded=1) on: /system/priv-app/MtpDocumentsProvider/MtpDocumentsProvider.apk pkg=com.android.mtp isa=arm dexoptFlags=boot_complete,public target-filter=quicken oatDir=null sharedLibraries=null
10-12 18:04:07.873   644   644 I dex2oat : /system/bin/dex2oat --input-vdex-fd=-1 --output-vdex-fd=9 --compiler-filter=quicken --classpath-dir=/system/priv-app/MtpDocumentsProvider
10-12 18:04:08.024   644   644 I dex2oat : dex2oat took 152.679ms (149.322ms cpu) (threads: 4) arena alloc=19KB (20416B) java alloc=68KB (70296B) native alloc=1394KB (1428024B) free=1677KB (1717704B)
10-12 18:04:08.034   359   359 I PackageManager.DexOptimizer: Running dexopt (dexoptNeeded=1) on: /system/app/NfcNci/NfcNci.apk pkg=com.android.nfc isa=arm dexoptFlags=boot_complete,public target-filter=quicken oatDir=null sharedLibraries=null
10-12 18:04:08.083   650   650 I dex2oat : /system/bin/dex2oat --input-vdex-fd=-1 --output-vdex-fd=9 --compiler-filter=quicken --classpath-dir=/system/app/NfcNci
10-12 18:04:09.054   650   650 I dex2oat : dex2oat took 972.717ms (1.850s cpu) (threads: 4) arena alloc=13KB (13720B) java alloc=942KB (964712B) native alloc=2MB (2606040B) free=3MB (3161128B)
10-12 18:04:09.068   359   359 I PackageManager.DexOptimizer: Running dexopt (dexoptNeeded=1) on: /system/app/Stk/Stk.apk pkg=com.android.stk isa=arm dexoptFlags=boot_complete,public target-filter=quicken oatDir=null sharedLibraries=null
10-12 18:04:09.113   655   655 I dex2oat : /system/bin/dex2oat --input-vdex-fd=-1 --output-vdex-fd=9 --compiler-filter=quicken --classpath-dir=/system/app/Stk
10-12 18:04:09.268   655   655 I dex2oat : dex2oat took 156.066ms (163.787ms cpu) (threads: 4) arena alloc=8KB (8224B) java alloc=118KB (121736B) native alloc=1425KB (1459912B) free=1646KB (1685816B)
10-12 18:04:09.277   359   359 I PackageManager.DexOptimizer: Running dexopt (dexoptNeeded=1) on: /system/priv-app/BackupRestoreConfirmation/BackupRestoreConfirmation.apk pkg=com.android.backupconfirm isa=arm dexoptFlags=boot_complete,public target-filter=quicken oatDir=null sharedLibraries=null
10-12 18:04:09.322   660   660 I dex2oat : /system/bin/dex2oat --input-vdex-fd=-1 --output-vdex-fd=9 --compiler-filter=quicken --classpath-dir=/system/priv-app/BackupRestoreConfirmation
10-12 18:04:09.433   660   660 I dex2oat : dex2oat took 112.243ms (87.829ms cpu) (threads: 4) arena alloc=10KB (10696B) java alloc=64KB (66048B) native alloc=1170KB (1199000B) free=1901KB (1946728B)
10-12 18:04:09.441   359   359 I PackageManager.DexOptimizer: Running dexopt (dexoptNeeded=1) on: /system/priv-app/Provision/Provision.apk pkg=com.android.provision isa=arm dexoptFlags=boot_complete,public target-filter=quicken oatDir=null sharedLibraries=null
10-12 18:04:09.490   665   665 I dex2oat : /system/bin/dex2oat --input-vdex-fd=-1 --output-vdex-fd=9 --compiler-filter=quicken --classpath-dir=/system/priv-app/Provision
10-12 18:04:09.622   665   665 I dex2oat : dex2oat took 132.720ms (91.278ms cpu) (threads: 4) arena alloc=2200B (2200B) java alloc=16KB (16784B) native alloc=1042KB (1067456B) free=1517KB (1553984B)
10-12 18:04:09.634   359   359 I PackageManager.DexOptimizer: Running dexopt (dexoptNeeded=1) on: /system/priv-app/StatementService/StatementService.apk pkg=com.android.statementservice isa=arm dexoptFlags=boot_complete,public target-filter=quicken oatDir=null sharedLibraries=null
10-12 18:04:09.635   670   670 W dex2oat : type=1400 audit(0.0:74): avc: granted { getattr } for path="/vendor" dev="rootfs" ino=5775 scontext=u:r:dex2oat:s0 tcontext=u:object_r:rootfs:s0 tclass=lnk_file
10-12 18:04:09.691   670   670 I dex2oat : /system/bin/dex2oat --input-vdex-fd=-1 --output-vdex-fd=9 --compiler-filter=quicken --classpath-dir=/system/priv-app/StatementService
10-12 18:04:09.864   670   670 I dex2oat : dex2oat took 174.072ms (173.553ms cpu) (threads: 4) arena alloc=5KB (5472B) java alloc=66KB (67904B) native alloc=1431KB (1465384B) free=2MB (2204632B)
10-12 18:04:09.873   359   359 I PackageManager.DexOptimizer: Running dexopt (dexoptNeeded=1) on: /system/app/Calendar/Calendar.apk pkg=com.android.calendar isa=arm dexoptFlags=boot_complete,public target-filter=quicken oatDir=null sharedLibraries=null
10-12 18:04:09.875   675   675 W dex2oat : type=1400 audit(0.0:75): avc: granted { getattr } for path="/vendor" dev="rootfs" ino=5775 scontext=u:r:dex2oat:s0 tcontext=u:object_r:rootfs:s0 tclass=lnk_file
10-12 18:04:09.925   675   675 I dex2oat : /system/bin/dex2oat --input-vdex-fd=-1 --output-vdex-fd=9 --compiler-filter=quicken --classpath-dir=/system/app/Calendar
10-12 18:04:10.640   675   675 I dex2oat : dex2oat took 716.247ms (1.312s cpu) (threads: 4) arena alloc=13KB (13728B) java alloc=1060KB (1085912B) native alloc=1747KB (1789864B) free=2MB (2404440B)
10-12 18:04:10.651   359   359 I PackageManager.DexOptimizer: Running dexopt (dexoptNeeded=1) on: /system/priv-app/SharedStorageBackup/SharedStorageBackup.apk pkg=com.android.sharedstoragebackup isa=arm dexoptFlags=boot_complete,public target-filter=quicken oatDir=null sharedLibraries=null
10-12 18:04:10.697   680   680 I dex2oat : /system/bin/dex2oat --input-vdex-fd=-1 --output-vdex-fd=9 --compiler-filter=quicken --classpath-dir=/system/priv-app/SharedStorageBackup
10-12 18:04:10.808   680   680 I dex2oat : dex2oat took 112.487ms (81.604ms cpu) (threads: 4) arena alloc=15KB (15432B) java alloc=51KB (52512B) native alloc=1168KB (1196768B) free=1903KB (1948960B)
10-12 18:04:10.816   359   359 I PackageManager.DexOptimizer: Running dexopt (dexoptNeeded=1) on: /system/app/PrintSpooler/PrintSpooler.apk pkg=com.android.printspooler isa=arm dexoptFlags=boot_complete,public target-filter=quicken oatDir=null sharedLibraries=null
10-12 18:04:10.862   685   685 I dex2oat : /system/bin/dex2oat --input-vdex-fd=-1 --output-vdex-fd=9 --compiler-filter=quicken --classpath-dir=/system/app/PrintSpooler
10-12 18:04:11.107   206   206 E QMI_FW  : QMUXD: WARNING qmi_qmux_if_pwr_up_init failed! rc=-1
10-12 18:04:11.279   685   685 I dex2oat : dex2oat took 418.029ms (732.879ms cpu) (threads: 4) arena alloc=80KB (82920B) java alloc=390KB (399568B) native alloc=1337KB (1369512B) free=2MB (2824792B)
10-12 18:04:11.289   359   359 I PackageManager.DexOptimizer: Running dexopt (dexoptNeeded=1) on: /system/app/BasicDreams/BasicDreams.apk pkg=com.android.dreams.basic isa=arm dexoptFlags=boot_complete,public target-filter=quicken oatDir=null sharedLibraries=null
10-12 18:04:11.338   690   690 I dex2oat : /system/bin/dex2oat --input-vdex-fd=-1 --output-vdex-fd=9 --compiler-filter=quicken --classpath-dir=/system/app/BasicDreams
10-12 18:04:11.451   690   690 I dex2oat : dex2oat took 114.898ms (88.623ms cpu) (threads: 4) arena alloc=8KB (8864B) java alloc=67KB (68768B) native alloc=1218KB (1247296B) free=1853KB (1898432B)
10-12 18:04:11.460   359   359 I PackageManager.DexOptimizer: Running dexopt (dexoptNeeded=1) on: /system/app/webview/webview.apk pkg=com.android.webview isa=arm dexoptFlags=boot_complete,public target-filter=quicken oatDir=null sharedLibraries=null
10-12 18:04:11.505   695   695 I dex2oat : /system/bin/dex2oat --input-vdex-fd=-1 --output-vdex-fd=9 --compiler-filter=quicken --classpath-dir=/system/app/webview
10-12 18:04:12.472   695   695 I dex2oat : dex2oat took 967.651ms (1.837s cpu) (threads: 4) arena alloc=7KB (7288B) java alloc=1381KB (1414624B) native alloc=2MB (2600256B) free=3MB (3166912B)
10-12 18:04:12.486   359   359 I PackageManager.DexOptimizer: Running dexopt (dexoptNeeded=1) on: /system/app/BuiltInPrintService/BuiltInPrintService.apk pkg=com.android.bips isa=arm dexoptFlags=boot_complete,public target-filter=quicken oatDir=null sharedLibraries=null
10-12 18:04:12.532   700   700 I dex2oat : /system/bin/dex2oat --input-vdex-fd=-1 --output-vdex-fd=9 --compiler-filter=quicken --classpath-dir=/system/app/BuiltInPrintService
10-12 18:04:12.700   700   700 I dex2oat : dex2oat took 168.518ms (187.133ms cpu) (threads: 4) arena alloc=6KB (6376B) java alloc=102KB (105312B) native alloc=1340KB (1372376B) free=2MB (2297640B)
10-12 18:04:12.709   359   359 I PackageManager.DexOptimizer: Running dexopt (dexoptNeeded=1) on: /system/priv-app/MusicFX/MusicFX.apk pkg=com.android.musicfx isa=arm dexoptFlags=boot_complete,public target-filter=quicken oatDir=null sharedLibraries=null
10-12 18:04:12.759   705   705 I dex2oat : /system/bin/dex2oat --input-vdex-fd=-1 --output-vdex-fd=9 --compiler-filter=quicken --classpath-dir=/system/priv-app/MusicFX
10-12 18:04:12.940   705   705 I dex2oat : dex2oat took 181.854ms (163.848ms cpu) (threads: 4) arena alloc=39KB (40376B) java alloc=101KB (103520B) native alloc=1337KB (1369504B) free=1734KB (1776224B)
10-12 18:04:12.950   359   359 I PackageManager.DexOptimizer: Running dexopt (dexoptNeeded=1) on: /system/priv-app/CellBroadcastReceiver/CellBroadcastReceiver.apk pkg=com.android.cellbroadcastreceiver isa=arm dexoptFlags=boot_complete,public target-filter=quicken oatDir=null sharedLibraries=null
10-12 18:04:13.004   711   711 I dex2oat : /system/bin/dex2oat --input-vdex-fd=-1 --output-vdex-fd=9 --compiler-filter=quicken --classpath-dir=/system/priv-app/CellBroadcastReceiver
10-12 18:04:13.164   711   711 I dex2oat : dex2oat took 161.865ms (185.485ms cpu) (threads: 4) arena alloc=25KB (26568B) java alloc=142KB (146112B) native alloc=1395KB (1428760B) free=2MB (2241256B)
10-12 18:04:13.174   359   359 I PackageManager.DexOptimizer: Running dexopt (dexoptNeeded=1) on: /system/priv-app/OneTimeInitializer/OneTimeInitializer.apk pkg=com.android.onetimeinitializer isa=arm dexoptFlags=boot_complete,public target-filter=quicken oatDir=null sharedLibraries=null
10-12 18:04:13.225   716   716 I dex2oat : /system/bin/dex2oat --input-vdex-fd=-1 --output-vdex-fd=9 --compiler-filter=quicken --classpath-dir=/system/priv-app/OneTimeInitializer
10-12 18:04:13.360   716   716 I dex2oat : dex2oat took 135.803ms (124.603ms cpu) (threads: 4) arena alloc=16KB (16576B) java alloc=65KB (67368B) native alloc=1345KB (1377760B) free=2MB (2292256B)
10-12 18:04:13.369   359   359 I PackageManager.DexOptimizer: Running dexopt (dexoptNeeded=1) on: /system/app/KeyChain/KeyChain.apk pkg=com.android.keychain isa=arm dexoptFlags=boot_complete,public target-filter=quicken oatDir=null sharedLibraries=null
10-12 18:04:13.464   721   721 I dex2oat : /system/bin/dex2oat --input-vdex-fd=-1 --output-vdex-fd=9 --compiler-filter=quicken --classpath-dir=/system/app/KeyChain
10-12 18:04:13.696   721   721 I dex2oat : dex2oat took 233.642ms (225.433ms cpu) (threads: 4) arena alloc=4KB (4960B) java alloc=67KB (69008B) native alloc=1329KB (1361200B) free=2MB (2308816B)
10-12 18:04:13.718   359   359 I PackageManager.DexOptimizer: Running dexopt (dexoptNeeded=1) on: /system/app/PrintRecommendationService/PrintRecommendationService.apk pkg=com.android.printservice.recommendation isa=arm dexoptFlags=boot_complete,public target-filter=quicken oatDir=null sharedLibraries=null
10-12 18:04:13.719   726   726 W dex2oat : type=1400 audit(0.0:85): avc: granted { getattr } for path="/vendor" dev="rootfs" ino=5775 scontext=u:r:dex2oat:s0 tcontext=u:object_r:rootfs:s0 tclass=lnk_file
10-12 18:04:13.832   726   726 I dex2oat : /system/bin/dex2oat --input-vdex-fd=-1 --output-vdex-fd=9 --compiler-filter=quicken --classpath-dir=/system/app/PrintRecommendationService
10-12 18:04:14.151   726   726 I dex2oat : dex2oat took 322.814ms (350.158ms cpu) (threads: 4) arena alloc=10KB (10264B) java alloc=69KB (70672B) native alloc=1406KB (1440056B) free=1665KB (1705672B)
10-12 18:04:14.176   359   359 I PackageManager.DexOptimizer: Running dexopt (dexoptNeeded=1) on: /system/priv-app/Gallery2/Gallery2.apk pkg=com.android.gallery3d isa=arm dexoptFlags=boot_complete,public target-filter=quicken oatDir=null sharedLibraries=null
10-12 18:04:14.179   731   731 W dex2oat : type=1400 audit(0.0:86): avc: granted { getattr } for path="/vendor" dev="rootfs" ino=5775 scontext=u:r:dex2oat:s0 tcontext=u:object_r:rootfs:s0 tclass=lnk_file
10-12 18:04:14.316   731   731 I dex2oat : /system/bin/dex2oat --input-vdex-fd=-1 --output-vdex-fd=9 --compiler-filter=quicken --classpath-dir=/system/priv-app/Gallery2
10-12 18:04:18.051   731   731 I dex2oat : dex2oat took 3.738s (7.630s cpu) (threads: 4) arena alloc=13KB (14008B) java alloc=1669KB (1709056B) native alloc=3MB (3537480B) free=2MB (2753976B)
10-12 18:04:18.099   359   359 I PackageManager.DexOptimizer: Running dexopt (dexoptNeeded=1) on: /system/priv-app/CallLogBackup/CallLogBackup.apk pkg=com.android.calllogbackup isa=arm dexoptFlags=boot_complete,public target-filter=quicken oatDir=null sharedLibraries=null
10-12 18:04:18.113   737   737 W dex2oat : type=1400 audit(0.0:87): avc: granted { getattr } for path="/vendor" dev="rootfs" ino=5775 scontext=u:r:dex2oat:s0 tcontext=u:object_r:rootfs:s0 tclass=lnk_file
10-12 18:04:18.262   737   737 I dex2oat : /system/bin/dex2oat --input-vdex-fd=-1 --output-vdex-fd=9 --compiler-filter=quicken --classpath-dir=/system/priv-app/CallLogBackup
10-12 18:04:18.618   737   737 I dex2oat : dex2oat took 359.588ms (298.309ms cpu) (threads: 4) arena alloc=6KB (6624B) java alloc=65KB (67448B) native alloc=1190KB (1218784B) free=2MB (2451232B)
10-12 18:04:18.646   359   359 I PackageManager.DexOptimizer: Running dexopt (dexoptNeeded=1) on: /system/app/CarrierDefaultApp/CarrierDefaultApp.apk pkg=com.android.carrierdefaultapp isa=arm dexoptFlags=boot_complete,public target-filter=quicken oatDir=null sharedLibraries=null
10-12 18:04:18.654   742   742 W dex2oat : type=1400 audit(0.0:88): avc: granted { getattr } for path="/vendor" dev="rootfs" ino=5775 scontext=u:r:dex2oat:s0 tcontext=u:object_r:rootfs:s0 tclass=lnk_file
10-12 18:04:18.809   742   742 I dex2oat : /system/bin/dex2oat --input-vdex-fd=-1 --output-vdex-fd=9 --compiler-filter=quicken --classpath-dir=/system/app/CarrierDefaultApp
10-12 18:04:19.180   742   742 I dex2oat : dex2oat took 375.305ms (372.558ms cpu) (threads: 4) arena alloc=13KB (13904B) java alloc=90KB (92480B) native alloc=1335KB (1367160B) free=1736KB (1778568B)
10-12 18:04:19.210   359   359 I PackageManager.DexOptimizer: Running dexopt (dexoptNeeded=1) on: /system/app/PicoTts/PicoTts.apk pkg=com.svox.pico isa=arm dexoptFlags=boot_complete,public target-filter=quicken oatDir=null sharedLibraries=null
10-12 18:04:19.214   747   747 W dex2oat : type=1400 audit(0.0:89): avc: granted { getattr } for path="/vendor" dev="rootfs" ino=5775 scontext=u:r:dex2oat:s0 tcontext=u:object_r:rootfs:s0 tclass=lnk_file
10-12 18:04:19.373   747   747 I dex2oat : /system/bin/dex2oat --input-vdex-fd=-1 --output-vdex-fd=9 --compiler-filter=quicken --classpath-dir=/system/app/PicoTts
10-12 18:04:19.721   747   747 I dex2oat : dex2oat took 351.959ms (335.784ms cpu) (threads: 4) arena alloc=10KB (10392B) java alloc=89KB (91384B) native alloc=1216KB (1245480B) free=1855KB (1900248B)
10-12 18:04:19.748   359   359 I PackageManager.DexOptimizer: Running dexopt (dexoptNeeded=1) on: /system/app/Browser2/Browser2.apk pkg=org.chromium.webview_shell isa=arm dexoptFlags=boot_complete,public target-filter=quicken oatDir=null sharedLibraries=/system/framework/android.test.runner.jar
10-12 18:04:19.755   752   752 W dex2oat : type=1400 audit(0.0:90): avc: granted { getattr } for path="/vendor" dev="rootfs" ino=5775 scontext=u:r:dex2oat:s0 tcontext=u:object_r:rootfs:s0 tclass=lnk_file
10-12 18:04:19.907   752   752 I dex2oat : /system/bin/dex2oat --input-vdex-fd=-1 --output-vdex-fd=9 --compiler-filter=quicken --classpath-dir=/system/app/Browser2
10-12 18:04:20.316   752   752 I dex2oat : dex2oat took 413.299ms (432.495ms cpu) (threads: 4) arena alloc=5KB (5800B) java alloc=106KB (108776B) native alloc=1338KB (1370864B) free=2MB (2299152B)
10-12 18:04:20.346   359   359 I PackageManager.DexOptimizer: Running dexopt (dexoptNeeded=1) on: /system/priv-app/ManagedProvisioning/ManagedProvisioning.apk pkg=com.android.managedprovisioning isa=arm dexoptFlags=boot_complete,public target-filter=quicken oatDir=null sharedLibraries=null
10-12 18:04:20.355   757   757 W dex2oat : type=1400 audit(0.0:91): avc: granted { getattr } for path="/vendor" dev="rootfs" ino=5775 scontext=u:r:dex2oat:s0 tcontext=u:object_r:rootfs:s0 tclass=lnk_file
10-12 18:04:20.511   757   757 I dex2oat : /system/bin/dex2oat --input-vdex-fd=-1 --output-vdex-fd=9 --compiler-filter=quicken --classpath-dir=/system/priv-app/ManagedProvisioning
10-12 18:04:21.390   757   757 I dex2oat : dex2oat took 883.972ms (1.483s cpu) (threads: 4) arena alloc=5KB (5368B) java alloc=414KB (424720B) native alloc=1253KB (1283136B) free=2MB (2386880B)
10-12 18:04:21.425   359   359 I PackageManager.DexOptimizer: Running dexopt (dexoptNeeded=1) on: /system/app/PhotoTable/PhotoTable.apk pkg=com.android.dreams.phototable isa=arm dexoptFlags=boot_complete,public target-filter=quicken oatDir=null sharedLibraries=null
10-12 18:04:21.436   762   762 W dex2oat : type=1400 audit(0.0:92): avc: granted { getattr } for path="/vendor" dev="rootfs" ino=5775 scontext=u:r:dex2oat:s0 tcontext=u:object_r:rootfs:s0 tclass=lnk_file
10-12 18:04:21.583   762   762 I dex2oat : /system/bin/dex2oat --input-vdex-fd=-1 --output-vdex-fd=9 --compiler-filter=quicken --classpath-dir=/system/app/PhotoTable
10-12 18:04:22.042   762   762 I dex2oat : dex2oat took 463.409ms (570.739ms cpu) (threads: 4) arena alloc=6KB (6696B) java alloc=102KB (104744B) native alloc=1440KB (1475304B) free=2MB (2194712B)
10-12 18:04:22.070   359   359 I PackageManager.DexOptimizer: Running dexopt (dexoptNeeded=1) on: /system/app/WAPPushManager/WAPPushManager.apk pkg=com.android.smspush isa=arm dexoptFlags=boot_complete,public target-filter=quicken oatDir=null sharedLibraries=null
10-12 18:04:22.077   767   767 W dex2oat : type=1400 audit(0.0:93): avc: granted { getattr } for path="/vendor" dev="rootfs" ino=5775 scontext=u:r:dex2oat:s0 tcontext=u:object_r:rootfs:s0 tclass=lnk_file
10-12 18:04:22.236   767   767 I dex2oat : /system/bin/dex2oat --input-vdex-fd=-1 --output-vdex-fd=9 --compiler-filter=quicken --classpath-dir=/system/app/WAPPushManager
10-12 18:04:22.632   767   767 I dex2oat : dex2oat took 400.848ms (378.631ms cpu) (threads: 4) arena alloc=23KB (24352B) java alloc=83KB (85488B) native alloc=1345KB (1377888B) free=2MB (2292128B)
10-12 18:04:22.665   359   359 I PackageManager.DexOptimizer: Running dexopt (dexoptNeeded=1) on: /system/app/LiveWallpapersPicker/LiveWallpapersPicker.apk pkg=com.android.wallpaper.livepicker isa=arm dexoptFlags=boot_complete,public target-filter=quicken oatDir=null sharedLibraries=null
10-12 18:04:22.678   772   772 W dex2oat : type=1400 audit(0.0:94): avc: granted { getattr } for path="/vendor" dev="rootfs" ino=5775 scontext=u:r:dex2oat:s0 tcontext=u:object_r:rootfs:s0 tclass=lnk_file
10-12 18:04:22.834   772   772 I dex2oat : /system/bin/dex2oat --input-vdex-fd=-1 --output-vdex-fd=9 --compiler-filter=quicken --classpath-dir=/system/app/LiveWallpapersPicker
10-12 18:04:25.842   772   772 I dex2oat : dex2oat took 3.012s (6.368s cpu) (threads: 4) arena alloc=2840B (2840B) java alloc=1518KB (1554952B) native alloc=2MB (2532984B) free=2MB (2185608B)
10-12 18:04:25.888   359   359 I PackageManager.DexOptimizer: Running dexopt (dexoptNeeded=1) on: /system/priv-app/Tag/Tag.apk pkg=com.android.apps.tag isa=arm dexoptFlags=boot_complete,public target-filter=quicken oatDir=null sharedLibraries=null
10-12 18:04:25.901   778   778 W dex2oat : type=1400 audit(0.0:95): avc: granted { getattr } for path="/vendor" dev="rootfs" ino=5775 scontext=u:r:dex2oat:s0 tcontext=u:object_r:rootfs:s0 tclass=lnk_file
10-12 18:04:26.048   778   778 I dex2oat : /system/bin/dex2oat --input-vdex-fd=-1 --output-vdex-fd=9 --compiler-filter=quicken --classpath-dir=/system/priv-app/Tag
10-12 18:04:27.049   778   778 I dex2oat : dex2oat took 1.005s (1.678s cpu) (threads: 4) arena alloc=8KB (8688B) java alloc=278KB (285216B) native alloc=1231KB (1260952B) free=2MB (2409064B)
10-12 18:04:27.080   359   359 I PackageManager.DexOptimizer: Running dexopt (dexoptNeeded=1) on: /system/app/SpareParts/SpareParts.apk pkg=com.android.spare_parts isa=arm dexoptFlags=boot_complete,public target-filter=quicken oatDir=null sharedLibraries=null
10-12 18:04:27.092   783   783 W dex2oat : type=1400 audit(0.0:96): avc: granted { getattr } for path="/vendor" dev="rootfs" ino=5775 scontext=u:r:dex2oat:s0 tcontext=u:object_r:rootfs:s0 tclass=lnk_file
10-12 18:04:27.240   783   783 I dex2oat : /system/bin/dex2oat --input-vdex-fd=-1 --output-vdex-fd=9 --compiler-filter=quicken --classpath-dir=/system/app/SpareParts
10-12 18:04:27.568   783   783 I dex2oat : dex2oat took 331.756ms (289.947ms cpu) (threads: 4) arena alloc=3KB (3856B) java alloc=65KB (67008B) native alloc=1174KB (1202888B) free=1897KB (1942840B)
10-12 18:04:27.597   359   359 I PackageManager.DexOptimizer: Running dexopt (dexoptNeeded=1) on: /system/priv-app/StorageManager/StorageManager.apk pkg=com.android.storagemanager isa=arm dexoptFlags=boot_complete,public target-filter=quicken oatDir=null sharedLibraries=null
10-12 18:04:27.622   788   788 W dex2oat : type=1400 audit(0.0:97): avc: granted { getattr } for path="/vendor" dev="rootfs" ino=5775 scontext=u:r:dex2oat:s0 tcontext=u:object_r:rootfs:s0 tclass=lnk_file
10-12 18:04:27.778   788   788 I dex2oat : /system/bin/dex2oat --input-vdex-fd=-1 --output-vdex-fd=9 --compiler-filter=quicken --classpath-dir=/system/priv-app/StorageManager
10-12 18:04:28.600   359   404 E BluetoothAdapter: Bluetooth binder is null
10-12 18:04:28.600   359   404 E BatteryStatsService: no controller energy info supplied
10-12 18:04:28.609   359   404 E KernelUidCpuFreqTimeReader: Failed to read /proc/uid_time_in_state: java.io.FileNotFoundException: /proc/uid_time_in_state (No such file or directory)
10-12 18:04:30.942   788   788 I dex2oat : dex2oat took 3.168s (6.653s cpu) (threads: 4) arena alloc=6KB (6624B) java alloc=1472KB (1507456B) native alloc=2MB (2618088B) free=2MB (2624792B)
10-12 18:04:30.992   359   359 I PackageManager.DexOptimizer: Running dexopt (dexoptNeeded=1) on: /system/app/OpenWnn/OpenWnn.apk pkg=jp.co.omronsoft.openwnn isa=arm dexoptFlags=boot_complete,public target-filter=quicken oatDir=null sharedLibraries=null
10-12 18:04:30.996   794   794 W dex2oat : type=1400 audit(0.0:98): avc: granted { getattr } for path="/vendor" dev="rootfs" ino=5775 scontext=u:r:dex2oat:s0 tcontext=u:object_r:rootfs:s0 tclass=lnk_file
10-12 18:04:31.158   794   794 I dex2oat : /system/bin/dex2oat --input-vdex-fd=-1 --output-vdex-fd=9 --compiler-filter=quicken --classpath-dir=/system/app/OpenWnn
10-12 18:04:31.743   794   794 I dex2oat : dex2oat took 588.958ms (924.285ms cpu) (threads: 4) arena alloc=9KB (9352B) java alloc=260KB (266904B) native alloc=1300KB (1331680B) free=2MB (2338336B)
10-12 18:04:31.760   359   359 I PackageManager.DexOptimizer: Running dexopt (dexoptNeeded=1) on: /system/app/BookmarkProvider/BookmarkProvider.apk pkg=com.android.bookmarkprovider isa=arm dexoptFlags=boot_complete,public target-filter=quicken oatDir=null sharedLibraries=null
10-12 18:04:31.816   799   799 I dex2oat : /system/bin/dex2oat --input-vdex-fd=-1 --output-vdex-fd=9 --compiler-filter=quicken --classpath-dir=/system/app/BookmarkProvider
10-12 18:04:31.947   799   799 I dex2oat : dex2oat took 133.148ms (101.776ms cpu) (threads: 4) arena alloc=864B (864B) java alloc=16KB (16984B) native alloc=1164KB (1192768B) free=1395KB (1428672B)
10-12 18:04:31.959   359   359 I PackageManager.DexOptimizer: Running dexopt (dexoptNeeded=1) on: /system/app/ExactCalculator/ExactCalculator.apk pkg=com.android.calculator2 isa=arm dexoptFlags=boot_complete,public target-filter=quicken oatDir=null sharedLibraries=null
10-12 18:04:32.008   804   804 I dex2oat : /system/bin/dex2oat --input-vdex-fd=-1 --output-vdex-fd=9 --compiler-filter=quicken --classpath-dir=/system/app/ExactCalculator
10-12 18:04:32.739   804   804 I dex2oat : dex2oat took 732.788ms (1.111s cpu) (threads: 4) arena alloc=13KB (14056B) java alloc=447KB (458072B) native alloc=1394KB (1428176B) free=2MB (2766128B)
10-12 18:04:32.754   359   359 I PackageManager.DexOptimizer: Running dexopt (dexoptNeeded=1) on: /system/priv-app/VpnDialogs/VpnDialogs.apk pkg=com.android.vpndialogs isa=arm dexoptFlags=boot_complete,public target-filter=quicken oatDir=null sharedLibraries=null
10-12 18:04:32.757   809   809 W dex2oat : type=1400 audit(0.0:101): avc: granted { getattr } for path="/vendor" dev="rootfs" ino=5775 scontext=u:r:dex2oat:s0 tcontext=u:object_r:rootfs:s0 tclass=lnk_file
10-12 18:04:32.831   809   809 I dex2oat : /system/bin/dex2oat --input-vdex-fd=-1 --output-vdex-fd=9 --compiler-filter=quicken --classpath-dir=/system/priv-app/VpnDialogs
10-12 18:04:32.955   809   809 I dex2oat : dex2oat took 125.213ms (94.909ms cpu) (threads: 4) arena alloc=7KB (7744B) java alloc=49KB (50320B) native alloc=1154KB (1182352B) free=1405KB (1439088B)
10-12 18:04:32.965   359   359 I PackageManager.DexOptimizer: Running dexopt (dexoptNeeded=1) on: /system/app/Email/Email.apk pkg=com.android.email isa=arm dexoptFlags=boot_complete,public target-filter=quicken oatDir=null sharedLibraries=null
10-12 18:04:33.013   815   815 I dex2oat : /system/bin/dex2oat --input-vdex-fd=-1 --output-vdex-fd=9 --compiler-filter=quicken --classpath-dir=/system/app/Email
10-12 18:04:35.580   815   815 I dex2oat : dex2oat took 2.568s (5.204s cpu) (threads: 4) arena alloc=576KB (590464B) java alloc=3MB (3338440B) native alloc=4MB (4780976B) free=2MB (2559056B)
10-12 18:04:35.606   359   359 I PackageManager.DexOptimizer: Running dexopt (dexoptNeeded=1) on: /system/app/Music/Music.apk pkg=com.android.music isa=arm dexoptFlags=boot_complete,public target-filter=quicken oatDir=null sharedLibraries=null
10-12 18:04:35.695   820   820 I dex2oat : /system/bin/dex2oat --input-vdex-fd=-1 --output-vdex-fd=9 --compiler-filter=quicken --classpath-dir=/system/app/Music
10-12 18:04:36.061   820   820 I dex2oat : dex2oat took 368.988ms (521.148ms cpu) (threads: 4) arena alloc=3KB (3992B) java alloc=324KB (332304B) native alloc=1251KB (1281944B) free=1820KB (1863784B)
10-12 18:04:36.071   359   359 I PackageManager.DexOptimizer: Running dexopt (dexoptNeeded=1) on: /system/app/WallpaperBackup/WallpaperBackup.apk pkg=com.android.wallpaperbackup isa=arm dexoptFlags=boot_complete,public target-filter=quicken oatDir=null sharedLibraries=null
10-12 18:04:36.131   825   825 I dex2oat : /system/bin/dex2oat --input-vdex-fd=-1 --output-vdex-fd=9 --compiler-filter=quicken --classpath-dir=/system/app/WallpaperBackup
10-12 18:04:36.243   825   825 I dex2oat : dex2oat took 113.250ms (86.090ms cpu) (threads: 4) arena alloc=7KB (7960B) java alloc=17KB (17976B) native alloc=988KB (1012640B) free=1571KB (1608800B)
10-12 18:04:36.255   359   359 I PackageManager.DexOptimizer: Running dexopt (dexoptNeeded=1) on: /system/priv-app/BlockedNumberProvider/BlockedNumberProvider.apk pkg=com.android.providers.blockednumber isa=arm dexoptFlags=boot_complete,public target-filter=quicken oatDir=null sharedLibraries=null
10-12 18:04:36.306   830   830 I dex2oat : /system/bin/dex2oat --input-vdex-fd=-1 --output-vdex-fd=9 --compiler-filter=quicken --classpath-dir=/system/priv-app/BlockedNumberProvider
