10-23 17:37:12.665   950   961 W dex2oat : Class com.android.dialer.common.concurrent.AsyncTaskExecutors failed lock verification and will run slower.
10-23 17:37:12.678   950   962 W dex2oat : Class com.android.dialer.enrichedcall.historyquery.proto.HistoryResult failed lock verification and will run slower.
10-23 17:37:12.888   950   961 W dex2oat : Class com.bumptech.glide.Glide failed lock verification and will run slower.
10-23 17:37:13.965   950   950 I dex2oat : dex2oat took 3.440s (6.590s cpu) (threads: 4) arena alloc=8KB (9144B) java alloc=3MB (3428880B) native alloc=5MB (5452096B) free=1331KB (1363648B)
10-23 17:37:13.990   976   976 W dex2oat : type=1400 audit(0.0:60): avc: granted { getattr } for path="/vendor" dev="rootfs" ino=4769 scontext=u:r:dex2oat:s0 tcontext=u:object_r:rootfs:s0 tclass=lnk_file
10-23 17:37:14.045   976   976 I dex2oat : /system/bin/dex2oat --input-vdex-fd=-1 --output-vdex-fd=9 --compiler-filter=quicken --classpath-dir=/system/priv-app/ExtServices
10-23 17:37:14.185   976   976 I dex2oat : dex2oat took 141.021ms (110.748ms cpu) (threads: 4) arena alloc=7KB (7168B) java alloc=70KB (72312B) native alloc=629KB (644888B) free=906KB (927976B)
10-23 17:37:14.200   981   981 W dex2oat : type=1400 audit(0.0:61): avc: granted { getattr } for path="/vendor" dev="rootfs" ino=4769 scontext=u:r:dex2oat:s0 tcontext=u:object_r:rootfs:s0 tclass=lnk_file
10-23 17:37:14.255   981   981 I dex2oat : /system/bin/dex2oat --input-vdex-fd=-1 --output-vdex-fd=9 --compiler-filter=quicken --classpath-dir=/system/priv-app/PackageInstaller
10-23 17:37:15.646   994   994 E Diag_Lib:  Diag_LSM_Init: Failed to open handle to diag driver, error = 2
10-23 17:37:15.646   994   994 E Sensors : sns_fsa_la.c(386):fsa: fflush failed, 9
10-23 17:37:15.646   994   994 E Sensors : sns_fsa_la.c(386):fsa: fflush failed, 9
10-23 17:37:15.673   994   996 W Sensors : sns_smr_la.c(446):smr_la: smr_apps_la_thread_main is starting, fd=10, sns_smr.en_rx_msg_ptr=b61529d4
10-23 17:37:15.683   994   996 W Sensors : sns_smr_la.c(467):smr_la: poll return revents: 0x1/ffffffff errno: 0
10-23 17:37:15.684   994   996 W Sensors : sns_main.c(1430):sns_main_exit called
10-23 17:37:15.684   994   996 E Sensors : error connecting error -1 Connection refused
10-23 17:37:15.974   981   981 I dex2oat : dex2oat took 1.721s (2.869s cpu) (threads: 4) arena alloc=7KB (8040B) java alloc=2042KB (2091528B) native alloc=2MB (2761696B) free=1399KB (1432608B)
10-23 17:37:15.982  1001  1001 W dex2oat : type=1400 audit(0.0:62): avc: granted { getattr } for path="/vendor" dev="rootfs" ino=4769 scontext=u:r:dex2oat:s0 tcontext=u:object_r:rootfs:s0 tclass=lnk_file
10-23 17:37:16.042  1001  1001 I dex2oat : /system/bin/dex2oat --input-vdex-fd=-1 --output-vdex-fd=9 --compiler-filter=quicken --classpath-dir=/system/priv-app/ProxyHandler
10-23 17:37:16.172  1006  1006 W dex2oat : type=1400 audit(0.0:63): avc: granted { getattr } for path="/vendor" dev="rootfs" ino=4769 scontext=u:r:dex2oat:s0 tcontext=u:object_r:rootfs:s0 tclass=lnk_file
10-23 17:37:16.174  1001  1001 I dex2oat : dex2oat took 133.392ms (98.022ms cpu) (threads: 4) arena alloc=21KB (22096B) java alloc=65KB (67448B) native alloc=628KB (643888B) free=907KB (928976B)
10-23 17:37:16.237  1006  1006 I dex2oat : /system/bin/dex2oat --input-vdex-fd=-1 --output-vdex-fd=9 --compiler-filter=quicken --classpath-dir=/system/app/LatinIME
10-23 17:37:16.993  1006  1006 I dex2oat : dex2oat took 757.232ms (1.332s cpu) (threads: 4) arena alloc=182KB (186408B) java alloc=742KB (760528B) native alloc=1558KB (1595656B) free=2025KB (2074360B)
10-23 17:37:17.003  1021  1021 W dex2oat : type=1400 audit(0.0:64): avc: granted { getattr } for path="/vendor" dev="rootfs" ino=4769 scontext=u:r:dex2oat:s0 tcontext=u:object_r:rootfs:s0 tclass=lnk_file
10-23 17:37:17.064  1021  1021 I dex2oat : /system/bin/dex2oat --input-vdex-fd=-1 --output-vdex-fd=9 --compiler-filter=quicken --classpath-dir=/system/priv-app/Settings
10-23 17:37:20.279   211   291 D ThermalDaemon: Sensor 'tsens_tz_sensor10' - alarm raised 1 at 66.0 degC
10-23 17:37:20.646  1040  1040 E Diag_Lib:  Diag_LSM_Init: Failed to open handle to diag driver, error = 2
10-23 17:37:20.646  1040  1040 E Sensors : sns_fsa_la.c(386):fsa: fflush failed, 9
10-23 17:37:20.646  1040  1040 E Sensors : sns_fsa_la.c(386):fsa: fflush failed, 9
10-23 17:37:20.673  1040  1042 W Sensors : sns_smr_la.c(446):smr_la: smr_apps_la_thread_main is starting, fd=10, sns_smr.en_rx_msg_ptr=ad4c29d4
10-23 17:37:20.694  1040  1042 W Sensors : sns_smr_la.c(467):smr_la: poll return revents: 0x1/ffffffff errno: 0
10-23 17:37:20.694  1040  1042 W Sensors : sns_main.c(1430):sns_main_exit called
10-23 17:37:20.695  1040  1042 E Sensors : error connecting error -1 Connection refused
10-23 17:37:20.725  1021  1021 I dex2oat : dex2oat took 3.662s (6.967s cpu) (threads: 4) arena alloc=7KB (7432B) java alloc=5MB (5850944B) native alloc=6MB (6313056B) free=1514KB (1551264B)
10-23 17:37:20.746  1045  1045 W dex2oat : type=1400 audit(0.0:65): avc: granted { getattr } for path="/vendor" dev="rootfs" ino=4769 scontext=u:r:dex2oat:s0 tcontext=u:object_r:rootfs:s0 tclass=lnk_file
10-23 17:37:20.750   637   637 I chatty  : uid=1000 system_server expire 10 lines
10-23 17:37:20.806  1045  1045 I dex2oat : /system/bin/dex2oat --input-vdex-fd=-1 --output-vdex-fd=9 --compiler-filter=quicken --classpath-dir=/system/priv-app/LineageSettingsProvider
10-23 17:37:21.363  1045  1045 I dex2oat : dex2oat took 558.776ms (187.225ms cpu) (threads: 4) arena alloc=16KB (17224B) java alloc=65KB (67048B) native alloc=673KB (690112B) free=1374KB (1407040B)
10-23 17:37:21.367  1052  1052 W dex2oat : type=1400 audit(0.0:66): avc: granted { getattr } for path="/vendor" dev="rootfs" ino=4769 scontext=u:r:dex2oat:s0 tcontext=u:object_r:rootfs:s0 tclass=lnk_file
10-23 17:37:21.427  1052  1052 I dex2oat : /system/bin/dex2oat --input-vdex-fd=-1 --output-vdex-fd=9 --compiler-filter=quicken --classpath-dir=/system/priv-app/TeleService
10-23 17:37:22.958  1052  1052 I dex2oat : dex2oat took 1.532s (1.866s cpu) (threads: 4) arena alloc=8KB (8664B) java alloc=1090KB (1116504B) native alloc=2MB (2293504B) free=1344KB (1376512B)
10-23 17:37:22.978  1070  1070 W dex2oat : type=1400 audit(0.0:67): avc: granted { getattr } for path="/vendor" dev="rootfs" ino=4769 scontext=u:r:dex2oat:s0 tcontext=u:object_r:rootfs:s0 tclass=lnk_file
10-23 17:37:23.028  1070  1070 I dex2oat : /system/bin/dex2oat --input-vdex-fd=-1 --output-vdex-fd=9 --compiler-filter=quicken --classpath-dir=/system/priv-app/Shell
10-23 17:37:23.431  1070  1070 I dex2oat : dex2oat took 404.571ms (310.485ms cpu) (threads: 4) arena alloc=13KB (14104B) java alloc=117KB (120664B) native alloc=724KB (741592B) free=1835KB (1879848B)
10-23 17:37:23.439  1083  1083 W dex2oat : type=1400 audit(0.0:68): avc: granted { getattr } for path="/vendor" dev="rootfs" ino=4769 scontext=u:r:dex2oat:s0 tcontext=u:object_r:rootfs:s0 tclass=lnk_file
10-23 17:37:23.492  1083  1083 I dex2oat : /system/bin/dex2oat --input-vdex-fd=-1 --output-vdex-fd=9 --compiler-filter=quicken --classpath-dir=/system/priv-app/FusedLocation
10-23 17:37:23.681  1083  1083 I dex2oat : dex2oat took 191.101ms (102.844ms cpu) (threads: 4) arena alloc=5KB (5424B) java alloc=50KB (51264B) native alloc=630KB (645360B) free=1417KB (1451792B)
10-23 17:37:23.689  1092  1092 W dex2oat : type=1400 audit(0.0:69): avc: granted { getattr } for path="/vendor" dev="rootfs" ino=4769 scontext=u:r:dex2oat:s0 tcontext=u:object_r:rootfs:s0 tclass=lnk_file
10-23 17:37:23.750  1092  1092 I dex2oat : /system/bin/dex2oat --input-vdex-fd=-1 --output-vdex-fd=9 --compiler-filter=quicken --classpath-dir=/system/priv-app/SystemUI
10-23 17:37:25.279   211   291 D ThermalDaemon: Sensor 'tsens_tz_sensor10' - alarm cleared 1 at 57.0 degC
10-23 17:37:25.280   211   281 D ThermalDaemon: Sensor 'tsens_tz_sensor1' - alarm cleared 1 at 57.0 degC
10-23 17:37:25.284   211   286 D ThermalDaemon: Sensor 'tsens_tz_sensor5' - alarm cleared 1 at 56.0 degC
10-23 17:37:25.288   211   290 D ThermalDaemon: Sensor 'tsens_tz_sensor9' - alarm cleared 1 at 56.0 degC
10-23 17:37:25.650  1105  1105 E Diag_Lib:  Diag_LSM_Init: Failed to open handle to diag driver, error = 2
10-23 17:37:25.650  1105  1105 E Sensors : sns_fsa_la.c(386):fsa: fflush failed, 9
10-23 17:37:25.651  1105  1105 E Sensors : sns_fsa_la.c(386):fsa: fflush failed, 9
10-23 17:37:25.690  1105  1107 W Sensors : sns_smr_la.c(446):smr_la: smr_apps_la_thread_main is starting, fd=10, sns_smr.en_rx_msg_ptr=b39359d4
10-23 17:37:25.701  1105  1107 W Sensors : sns_smr_la.c(467):smr_la: poll return revents: 0x1/ffffffff errno: 0
10-23 17:37:25.702  1105  1107 W Sensors : sns_main.c(1430):sns_main_exit called
10-23 17:37:25.702  1105  1107 E Sensors : error connecting error -1 Connection refused
10-23 17:37:28.008  1092  1092 I dex2oat : dex2oat took 4.260s (7.995s cpu) (threads: 4) arena alloc=8KB (9152B) java alloc=5MB (5688440B) native alloc=6MB (6861728B) free=1491KB (1526880B)
10-23 17:37:28.033  1115  1115 W dex2oat : type=1400 audit(0.0:70): avc: granted { getattr } for path="/vendor" dev="rootfs" ino=4769 scontext=u:r:dex2oat:s0 tcontext=u:object_r:rootfs:s0 tclass=lnk_file
10-23 17:37:28.090  1115  1115 I dex2oat : /system/bin/dex2oat --input-vdex-fd=-1 --output-vdex-fd=9 --compiler-filter=quicken --classpath-dir=/system/priv-app/CalendarProvider
10-23 17:37:28.596  1115  1115 I dex2oat : dex2oat took 508.941ms (756.866ms cpu) (threads: 4) arena alloc=8KB (8688B) java alloc=332KB (340976B) native alloc=1067KB (1092632B) free=980KB (1004520B)
10-23 17:37:28.604  1128  1128 W dex2oat : type=1400 audit(0.0:71): avc: granted { getattr } for path="/vendor" dev="rootfs" ino=4769 scontext=u:r:dex2oat:s0 tcontext=u:object_r:rootfs:s0 tclass=lnk_file
10-23 17:37:28.656  1128  1128 I dex2oat : /system/bin/dex2oat --input-vdex-fd=-1 --output-vdex-fd=9 --compiler-filter=quicken --classpath-dir=/system/priv-app/MediaProvider
10-23 17:37:28.916  1128  1128 I dex2oat : dex2oat took 261.474ms (245.635ms cpu) (threads: 4) arena alloc=98KB (101336B) java alloc=105KB (108000B) native alloc=686KB (703440B) free=1361KB (1393712B)
10-23 17:37:28.924  1137  1137 W dex2oat : type=1400 audit(0.0:72): avc: granted { getattr } for path="/vendor" dev="rootfs" ino=4769 scontext=u:r:dex2oat:s0 tcontext=u:object_r:rootfs:s0 tclass=lnk_file
10-23 17:37:28.983  1137  1137 I dex2oat : /system/bin/dex2oat --input-vdex-fd=-1 --output-vdex-fd=9 --compiler-filter=quicken --classpath-dir=/system/priv-app/WallpaperCropper
10-23 17:37:29.302  1137  1137 I dex2oat : dex2oat took 321.685ms (367.126ms cpu) (threads: 4) arena alloc=4KB (4496B) java alloc=161KB (165520B) native alloc=747KB (765632B) free=1300KB (1331520B)
10-23 17:37:29.305  1150  1150 W dex2oat : type=1400 audit(0.0:73): avc: granted { getattr } for path="/vendor" dev="rootfs" ino=4769 scontext=u:r:dex2oat:s0 tcontext=u:object_r:rootfs:s0 tclass=lnk_file
10-23 17:37:29.363  1150  1150 I dex2oat : /system/bin/dex2oat --input-vdex-fd=-1 --output-vdex-fd=9 --compiler-filter=quicken --classpath-dir=/system/priv-app/DocumentsUI
10-23 17:37:30.280   211   281 D ThermalDaemon: Sensor 'tsens_tz_sensor1' - alarm raised 1 at 61.0 degC
10-23 17:37:30.284   211   286 D ThermalDaemon: Sensor 'tsens_tz_sensor5' - alarm raised 1 at 62.0 degC
10-23 17:37:30.288   211   290 D ThermalDaemon: Sensor 'tsens_tz_sensor9' - alarm raised 1 at 65.0 degC
10-23 17:37:30.650  1167  1167 E Diag_Lib:  Diag_LSM_Init: Failed to open handle to diag driver, error = 2
10-23 17:37:30.650  1167  1167 E Sensors : sns_fsa_la.c(386):fsa: fflush failed, 9
10-23 17:37:30.650  1167  1167 E Sensors : sns_fsa_la.c(386):fsa: fflush failed, 9
10-23 17:37:30.682  1167  1169 W Sensors : sns_smr_la.c(446):smr_la: smr_apps_la_thread_main is starting, fd=10, sns_smr.en_rx_msg_ptr=b1e4c9d4
10-23 17:37:30.694  1167  1169 W Sensors : sns_smr_la.c(467):smr_la: poll return revents: 0x1/ffffffff errno: 0
10-23 17:37:30.695  1167  1169 W Sensors : sns_main.c(1430):sns_main_exit called
10-23 17:37:30.695  1167  1169 E Sensors : error connecting error -1 Connection refused
10-23 17:37:31.102  1150  1150 I dex2oat : dex2oat took 1.740s (3.040s cpu) (threads: 4) arena alloc=6KB (6640B) java alloc=1826KB (1870288B) native alloc=2MB (2889408B) free=1274KB (1304896B)
10-23 17:37:31.116  1173  1173 W dex2oat : type=1400 audit(0.0:74): avc: granted { getattr } for path="/vendor" dev="rootfs" ino=4769 scontext=u:r:dex2oat:s0 tcontext=u:object_r:rootfs:s0 tclass=lnk_file
10-23 17:37:31.172  1173  1173 I dex2oat : /system/bin/dex2oat --input-vdex-fd=-1 --output-vdex-fd=9 --compiler-filter=quicken --classpath-dir=/system/priv-app/ExternalStorageProvider
10-23 17:37:31.321  1173  1173 I dex2oat : dex2oat took 150.848ms (112.670ms cpu) (threads: 4) arena alloc=7KB (7688B) java alloc=67KB (69544B) native alloc=636KB (651480B) free=899KB (921384B)
10-23 17:37:31.327  1182  1182 W dex2oat : type=1400 audit(0.0:75): avc: granted { getattr } for path="/vendor" dev="rootfs" ino=4769 scontext=u:r:dex2oat:s0 tcontext=u:object_r:rootfs:s0 tclass=lnk_file
10-23 17:37:31.329   637   637 I chatty  : uid=1000 system_server expire 11 lines
10-23 17:37:31.381  1182  1182 I dex2oat : /system/bin/dex2oat --input-vdex-fd=-1 --output-vdex-fd=9 --compiler-filter=quicken --classpath-dir=/system/app/HTMLViewer
10-23 17:37:31.509  1182  1182 I dex2oat : dex2oat took 129.730ms (100.158ms cpu) (threads: 4) arena alloc=9KB (9752B) java alloc=88KB (90472B) native alloc=627KB (642136B) free=908KB (930728B)
10-23 17:37:31.517  1187  1187 W dex2oat : type=1400 audit(0.0:76): avc: granted { getattr } for path="/vendor" dev="rootfs" ino=4769 scontext=u:r:dex2oat:s0 tcontext=u:object_r:rootfs:s0 tclass=lnk_file
10-23 17:37:31.576  1187  1187 I dex2oat : /system/bin/dex2oat --input-vdex-fd=-1 --output-vdex-fd=9 --compiler-filter=quicken --classpath-dir=/system/app/CompanionDeviceManager
10-23 17:37:31.745  1187  1187 I dex2oat : dex2oat took 172.058ms (114.105ms cpu) (threads: 4) arena alloc=3KB (3888B) java alloc=67KB (69112B) native alloc=636KB (651336B) free=899KB (921528B)
10-23 17:37:31.757  1192  1192 W dex2oat : type=1400 audit(0.0:77): avc: granted { getattr } for path="/vendor" dev="rootfs" ino=4769 scontext=u:r:dex2oat:s0 tcontext=u:object_r:rootfs:s0 tclass=lnk_file
10-23 17:37:31.833  1192  1192 I dex2oat : /system/bin/dex2oat --input-vdex-fd=-1 --output-vdex-fd=9 --compiler-filter=quicken --classpath-dir=/system/priv-app/DownloadProvider
10-23 17:37:32.276  1192  1192 I dex2oat : dex2oat took 444.824ms (635.284ms cpu) (threads: 4) arena alloc=8KB (8664B) java alloc=286KB (292936B) native alloc=1040KB (1065128B) free=1007KB (1032024B)
10-23 17:37:32.288  1205  1205 W dex2oat : type=1400 audit(0.0:78): avc: granted { getattr } for path="/vendor" dev="rootfs" ino=4769 scontext=u:r:dex2oat:s0 tcontext=u:object_r:rootfs:s0 tclass=lnk_file
10-23 17:37:32.339  1205  1205 I dex2oat : /system/bin/dex2oat --input-vdex-fd=-1 --output-vdex-fd=9 --compiler-filter=quicken --classpath-dir=/system/app/messaging
10-23 17:37:35.279   211   291 D ThermalDaemon: Sensor 'tsens_tz_sensor10' - alarm raised 1 at 66.0 degC
10-23 17:37:35.409  1205  1205 I dex2oat : dex2oat took 3.071s (5.885s cpu) (threads: 4) arena alloc=115KB (118216B) java alloc=3MB (3503640B) native alloc=5MB (5703752B) free=1597KB (1636280B)
10-23 17:37:35.421  1224  1224 W dex2oat : type=1400 audit(0.0:79): avc: granted { getattr } for path="/vendor" dev="rootfs" ino=4769 scontext=u:r:dex2oat:s0 tcontext=u:object_r:rootfs:s0 tclass=lnk_file
10-23 17:37:35.485  1224  1224 I dex2oat : /system/bin/dex2oat --input-vdex-fd=-1 --output-vdex-fd=9 --compiler-filter=quicken --classpath-dir=/system/app/Terminal
10-23 17:37:35.650  1226  1226 E Diag_Lib:  Diag_LSM_Init: Failed to open handle to diag driver, error = 2
10-23 17:37:35.650  1226  1226 E Sensors : sns_fsa_la.c(386):fsa: fflush failed, 9
10-23 17:37:35.651  1226  1226 E Sensors : sns_fsa_la.c(386):fsa: fflush failed, 9
10-23 17:37:35.682  1226  1228 W Sensors : sns_smr_la.c(446):smr_la: smr_apps_la_thread_main is starting, fd=10, sns_smr.en_rx_msg_ptr=ad3eb9d4
10-23 17:37:35.704  1226  1228 W Sensors : sns_smr_la.c(467):smr_la: poll return revents: 0x1/ffffffff errno: 0
10-23 17:37:35.704  1226  1228 W Sensors : sns_main.c(1430):sns_main_exit called
10-23 17:37:35.704  1226  1228 E Sensors : error connecting error -1 Connection refused
10-23 17:37:36.582  1224  1224 I dex2oat : dex2oat took 1.098s (1.780s cpu) (threads: 4) arena alloc=7KB (7504B) java alloc=784KB (803576B) native alloc=2014KB (2063056B) free=1569KB (1606960B)
10-23 17:37:36.592  1244  1244 W dex2oat : type=1400 audit(0.0:80): avc: granted { getattr } for path="/vendor" dev="rootfs" ino=4769 scontext=u:r:dex2oat:s0 tcontext=u:object_r:rootfs:s0 tclass=lnk_file
10-23 17:37:36.653  1244  1244 I dex2oat : /system/bin/dex2oat --input-vdex-fd=-1 --output-vdex-fd=9 --compiler-filter=quicken --classpath-dir=/system/app/DownloadProviderUi
10-23 17:37:36.794  1244  1244 I dex2oat : dex2oat took 143.127ms (110.443ms cpu) (threads: 4) arena alloc=14KB (14880B) java alloc=64KB (66152B) native alloc=630KB (645288B) free=905KB (927576B)
10-23 17:37:36.802  1253  1253 W dex2oat : type=1400 audit(0.0:81): avc: granted { getattr } for path="/vendor" dev="rootfs" ino=4769 scontext=u:r:dex2oat:s0 tcontext=u:object_r:rootfs:s0 tclass=lnk_file
10-23 17:37:36.878  1253  1253 I dex2oat : /system/bin/dex2oat --input-vdex-fd=-1 --output-vdex-fd=9 --compiler-filter=quicken --classpath-dir=/system/app/PacProcessor
10-23 17:37:36.997  1253  1253 I dex2oat : dex2oat took 120.574ms (88.500ms cpu) (threads: 4) arena alloc=3024B (3024B) java alloc=49KB (50960B) native alloc=649KB (664760B) free=886KB (908104B)
10-23 17:37:37.002  1258  1258 W dex2oat : type=1400 audit(0.0:82): avc: granted { getattr } for path="/vendor" dev="rootfs" ino=4769 scontext=u:r:dex2oat:s0 tcontext=u:object_r:rootfs:s0 tclass=lnk_file
10-23 17:37:37.065  1258  1258 I dex2oat : /system/bin/dex2oat --input-vdex-fd=-1 --output-vdex-fd=9 --compiler-filter=quicken --classpath-dir=/system/app/CertInstaller
10-23 17:37:37.238  1258  1258 I dex2oat : dex2oat took 174.041ms (142.669ms cpu) (threads: 4) arena alloc=10KB (10400B) java alloc=100KB (102472B) native alloc=648KB (664264B) free=1399KB (1432888B)
10-23 17:37:37.242  1263  1263 W dex2oat : type=1400 audit(0.0:83): avc: granted { getattr } for path="/vendor" dev="rootfs" ino=4769 scontext=u:r:dex2oat:s0 tcontext=u:object_r:rootfs:s0 tclass=lnk_file
10-23 17:37:37.300  1263  1263 I dex2oat : /system/bin/dex2oat --input-vdex-fd=-1 --output-vdex-fd=9 --compiler-filter=quicken --classpath-dir=/system/priv-app/CarrierConfig
10-23 17:37:37.423  1268  1268 W dex2oat : type=1400 audit(0.0:84): avc: granted { getattr } for path="/vendor" dev="rootfs" ino=4769 scontext=u:r:dex2oat:s0 tcontext=u:object_r:rootfs:s0 tclass=lnk_file
10-23 17:37:37.423  1263  1263 I dex2oat : dex2oat took 125.335ms (89.752ms cpu) (threads: 4) arena alloc=5KB (6088B) java alloc=19KB (19776B) native alloc=609KB (623720B) free=926KB (949144B)
10-23 17:37:37.491  1268  1268 I dex2oat : /system/bin/dex2oat --input-vdex-fd=-1 --output-vdex-fd=9 --compiler-filter=quicken --classpath-dir=/system/priv-app/Contacts
10-23 17:37:40.263  1268  1268 I dex2oat : dex2oat took 2.773s (5.749s cpu) (threads: 4) arena alloc=5KB (5448B) java alloc=3MB (3360568B) native alloc=5MB (5334536B) free=1446KB (1481208B)
10-23 17:37:40.285  1283  1283 W dex2oat : type=1400 audit(0.0:85): avc: granted { getattr } for path="/vendor" dev="rootfs" ino=4769 scontext=u:r:dex2oat:s0 tcontext=u:object_r:rootfs:s0 tclass=lnk_file
10-23 17:37:40.325   292   292 I thermald: type=1400 audit(0.0:86): avc: denied { search } for name="leds" dev="sysfs" ino=4639 scontext=u:r:thermald:s0 tcontext=u:object_r:sysfs_leds:s0 tclass=dir permissive=1
10-23 17:37:40.325   292   292 I thermald: type=1400 audit(0.0:87): avc: denied { read } for name="lcd-backlight" dev="sysfs" ino=8667 scontext=u:r:thermald:s0 tcontext=u:object_r:sysfs_leds:s0 tclass=lnk_file permissive=1
10-23 17:37:40.331   211   292 D ThermalDaemon: Sensor 'batt_therm' - alarm raised 3 at 38.0 degC
10-23 17:37:40.331   211   292 D ThermalDaemon: ACTION: LCD - Setting max LCD brightness to 192
10-23 17:37:40.344  1283  1283 I dex2oat : /system/bin/dex2oat --input-vdex-fd=-1 --output-vdex-fd=9 --compiler-filter=quicken --classpath-dir=/system/app/Camera2
10-23 17:37:40.656  1287  1287 E Diag_Lib:  Diag_LSM_Init: Failed to open handle to diag driver, error = 2
10-23 17:37:40.656  1287  1287 E Sensors : sns_fsa_la.c(386):fsa: fflush failed, 9
10-23 17:37:40.656  1287  1287 E Sensors : sns_fsa_la.c(386):fsa: fflush failed, 9
10-23 17:37:40.684  1287  1289 W Sensors : sns_smr_la.c(446):smr_la: smr_apps_la_thread_main is starting, fd=10, sns_smr.en_rx_msg_ptr=b4f0d9d4
10-23 17:37:40.690  1287  1289 W Sensors : sns_smr_la.c(467):smr_la: poll return revents: 0x1/ffffffff errno: 0
10-23 17:37:40.691  1287  1289 W Sensors : sns_main.c(1430):sns_main_exit called
10-23 17:37:40.691  1287  1289 E Sensors : error connecting error -1 Connection refused
10-23 17:37:42.021  1283  1283 I dex2oat : dex2oat took 1.678s (3.145s cpu) (threads: 4) arena alloc=5KB (5400B) java alloc=1462KB (1497096B) native alloc=2MB (3050504B) free=1628KB (1668088B)
10-23 17:37:42.037  1303  1303 W dex2oat : type=1400 audit(0.0:88): avc: granted { getattr } for path="/vendor" dev="rootfs" ino=4769 scontext=u:r:dex2oat:s0 tcontext=u:object_r:rootfs:s0 tclass=lnk_file
10-23 17:37:42.038   637   637 I chatty  : uid=1000 system_server expire 19 lines
10-23 17:37:42.092  1303  1303 I dex2oat : /system/bin/dex2oat --input-vdex-fd=-1 --output-vdex-fd=9 --compiler-filter=quicken --classpath-dir=/system/app/EasterEgg
10-23 17:37:42.604  1303  1303 I dex2oat : dex2oat took 513.763ms (654.724ms cpu) (threads: 4) arena alloc=5KB (5360B) java alloc=241KB (247552B) native alloc=1059KB (1084760B) free=988KB (1012392B)
10-23 17:37:42.618  1316  1316 W dex2oat : type=1400 audit(0.0:89): avc: granted { getattr } for path="/vendor" dev="rootfs" ino=4769 scontext=u:r:dex2oat:s0 tcontext=u:object_r:rootfs:s0 tclass=lnk_file
10-23 17:37:42.666  1316  1316 I dex2oat : /system/bin/dex2oat --input-vdex-fd=-1 --output-vdex-fd=9 --compiler-filter=quicken --classpath-dir=/system/priv-app/MtpDocumentsProvider
10-23 17:37:42.839  1316  1316 I dex2oat : dex2oat took 175.354ms (167.846ms cpu) (threads: 4) arena alloc=16KB (16392B) java alloc=68KB (70296B) native alloc=657KB (672824B) free=1390KB (1424328B)
10-23 17:37:42.848  1321  1321 W dex2oat : type=1400 audit(0.0:90): avc: granted { getattr } for path="/vendor" dev="rootfs" ino=4769 scontext=u:r:dex2oat:s0 tcontext=u:object_r:rootfs:s0 tclass=lnk_file
10-23 17:37:42.901  1321  1321 I dex2oat : /system/bin/dex2oat --input-vdex-fd=-1 --output-vdex-fd=9 --compiler-filter=quicken --classpath-dir=/system/app/NfcNci
10-23 17:37:44.076  1321  1321 I dex2oat : dex2oat took 1.176s (2.181s cpu) (threads: 4) arena alloc=12KB (13080B) java alloc=958KB (981096B) native alloc=2MB (2399576B) free=1752KB (1794728B)
10-23 17:37:44.089  1336  1336 W dex2oat : type=1400 audit(0.0:91): avc: granted { getattr } for path="/vendor" dev="rootfs" ino=4769 scontext=u:r:dex2oat:s0 tcontext=u:object_r:rootfs:s0 tclass=lnk_file
10-23 17:37:44.141  1336  1336 I dex2oat : /system/bin/dex2oat --input-vdex-fd=-1 --output-vdex-fd=9 --compiler-filter=quicken --classpath-dir=/system/app/Stk
10-23 17:37:44.372  1336  1336 I dex2oat : dex2oat took 233.367ms (191.986ms cpu) (threads: 4) arena alloc=8KB (8224B) java alloc=102KB (105352B) native alloc=670KB (686712B) free=1377KB (1410440B)
10-23 17:37:44.389  1345  1345 W dex2oat : type=1400 audit(0.0:92): avc: granted { getattr } for path="/vendor" dev="rootfs" ino=4769 scontext=u:r:dex2oat:s0 tcontext=u:object_r:rootfs:s0 tclass=lnk_file
10-23 17:37:44.458  1345  1345 I dex2oat : /system/bin/dex2oat --input-vdex-fd=-1 --output-vdex-fd=9 --compiler-filter=quicken --classpath-dir=/system/priv-app/BackupRestoreConfirmation
10-23 17:37:44.609  1345  1345 I dex2oat : dex2oat took 153.137ms (106.170ms cpu) (threads: 4) arena alloc=7KB (7336B) java alloc=48KB (49664B) native alloc=628KB (643152B) free=907KB (929712B)
10-23 17:37:44.620  1350  1350 W dex2oat : type=1400 audit(0.0:93): avc: granted { getattr } for path="/vendor" dev="rootfs" ino=4769 scontext=u:r:dex2oat:s0 tcontext=u:object_r:rootfs:s0 tclass=lnk_file
10-23 17:37:44.673  1350  1350 I dex2oat : /system/bin/dex2oat --input-vdex-fd=-1 --output-vdex-fd=9 --compiler-filter=quicken --classpath-dir=/system/priv-app/Provision
10-23 17:37:44.838  1350  1350 I dex2oat : dex2oat took 166.290ms (94.543ms cpu) (threads: 4) arena alloc=2200B (2200B) java alloc=32KB (33168B) native alloc=434KB (445392B) free=589KB (603184B)
10-23 17:37:44.850  1355  1355 W dex2oat : type=1400 audit(0.0:94): avc: granted { getattr } for path="/vendor" dev="rootfs" ino=4769 scontext=u:r:dex2oat:s0 tcontext=u:object_r:rootfs:s0 tclass=lnk_file
10-23 17:37:44.911  1355  1355 I dex2oat : /system/bin/dex2oat --input-vdex-fd=-1 --output-vdex-fd=9 --compiler-filter=quicken --classpath-dir=/system/priv-app/StatementService
10-23 17:37:45.083  1355  1355 I dex2oat : dex2oat took 174.041ms (149.078ms cpu) (threads: 4) arena alloc=4KB (4960B) java alloc=66KB (67904B) native alloc=658KB (674416B) free=1389KB (1422736B)
10-23 17:37:45.100  1364  1364 W dex2oat : type=1400 audit(0.0:95): avc: granted { getattr } for path="/vendor" dev="rootfs" ino=4769 scontext=u:r:dex2oat:s0 tcontext=u:object_r:rootfs:s0 tclass=lnk_file
10-23 17:37:45.149  1364  1364 I dex2oat : /system/bin/dex2oat --input-vdex-fd=-1 --output-vdex-fd=9 --compiler-filter=quicken --classpath-dir=/system/app/Calendar
10-23 17:37:45.656  1373  1373 E Diag_Lib:  Diag_LSM_Init: Failed to open handle to diag driver, error = 2
10-23 17:37:45.656  1373  1373 E Sensors : sns_fsa_la.c(386):fsa: fflush failed, 9
10-23 17:37:45.657  1373  1373 E Sensors : sns_fsa_la.c(386):fsa: fflush failed, 9
10-23 17:37:45.684  1373  1375 W Sensors : sns_smr_la.c(446):smr_la: smr_apps_la_thread_main is starting, fd=10, sns_smr.en_rx_msg_ptr=acaaa9d4
10-23 17:37:45.692  1373  1375 W Sensors : sns_smr_la.c(467):smr_la: poll return revents: 0x1/ffffffff errno: 0
10-23 17:37:45.692  1373  1375 W Sensors : sns_main.c(1430):sns_main_exit called
10-23 17:37:45.692  1373  1375 E Sensors : error connecting error -1 Connection refused
10-23 17:37:46.015  1364  1364 I dex2oat : dex2oat took 866.851ms (1.500s cpu) (threads: 4) arena alloc=19KB (19976B) java alloc=1060KB (1085912B) native alloc=1538KB (1575120B) free=1533KB (1570608B)
10-23 17:37:46.021  1378  1378 W dex2oat : type=1400 audit(0.0:96): avc: granted { getattr } for path="/vendor" dev="rootfs" ino=4769 scontext=u:r:dex2oat:s0 tcontext=u:object_r:rootfs:s0 tclass=lnk_file
10-23 17:37:46.078  1378  1378 I dex2oat : /system/bin/dex2oat --input-vdex-fd=-1 --output-vdex-fd=9 --compiler-filter=quicken --classpath-dir=/system/priv-app/SharedStorageBackup
10-23 17:37:46.198  1378  1378 I dex2oat : dex2oat took 121.948ms (94.451ms cpu) (threads: 4) arena alloc=15KB (15432B) java alloc=51KB (52512B) native alloc=626KB (641520B) free=909KB (931344B)
10-23 17:37:46.201  1387  1387 W dex2oat : type=1400 audit(0.0:97): avc: granted { getattr } for path="/vendor" dev="rootfs" ino=4769 scontext=u:r:dex2oat:s0 tcontext=u:object_r:rootfs:s0 tclass=lnk_file
10-23 17:37:46.261  1387  1387 I dex2oat : /system/bin/dex2oat --input-vdex-fd=-1 --output-vdex-fd=9 --compiler-filter=quicken --classpath-dir=/system/app/PrintSpooler
10-23 17:37:46.862  1400  1400 W dex2oat : type=1400 audit(0.0:98): avc: granted { getattr } for path="/vendor" dev="rootfs" ino=4769 scontext=u:r:dex2oat:s0 tcontext=u:object_r:rootfs:s0 tclass=lnk_file
10-23 17:37:46.862  1387  1387 I dex2oat : dex2oat took 602.661ms (911.010ms cpu) (threads: 4) arena alloc=80KB (82920B) java alloc=390KB (399568B) native alloc=1176KB (1204816B) free=1383KB (1416624B)
10-23 17:37:46.926  1400  1400 I dex2oat : /system/bin/dex2oat --input-vdex-fd=-1 --output-vdex-fd=9 --compiler-filter=quicken --classpath-dir=/system/priv-app/Trebuchet
10-23 17:37:48.055  1400  1400 I dex2oat : dex2oat took 1.132s (2.154s cpu) (threads: 4) arena alloc=4KB (4944B) java alloc=1223KB (1252440B) native alloc=2MB (2116872B) free=1004KB (1028856B)
10-23 17:37:48.063  1417  1417 W dex2oat : type=1400 audit(0.0:99): avc: granted { getattr } for path="/vendor" dev="rootfs" ino=4769 scontext=u:r:dex2oat:s0 tcontext=u:object_r:rootfs:s0 tclass=lnk_file
10-23 17:37:48.121  1417  1417 I dex2oat : /system/bin/dex2oat --input-vdex-fd=-1 --output-vdex-fd=9 --compiler-filter=quicken --classpath-dir=/system/app/BasicDreams
10-23 17:37:48.260  1417  1417 I dex2oat : dex2oat took 139.892ms (98.297ms cpu) (threads: 4) arena alloc=7KB (7208B) java alloc=67KB (68768B) native alloc=630KB (645632B) free=905KB (927232B)
10-23 17:37:48.263  1426  1426 W dex2oat : type=1400 audit(0.0:100): avc: granted { getattr } for path="/vendor" dev="rootfs" ino=4769 scontext=u:r:dex2oat:s0 tcontext=u:object_r:rootfs:s0 tclass=lnk_file
10-23 17:37:48.324  1426  1426 I dex2oat : /system/bin/dex2oat --input-vdex-fd=-1 --output-vdex-fd=9 --compiler-filter=quicken --classpath-dir=/system/app/webview
10-23 17:37:49.457  1426  1426 I dex2oat : dex2oat took 1.133s (2.192s cpu) (threads: 4) arena alloc=8KB (9112B) java alloc=1381KB (1414624B) native alloc=2MB (2473048B) free=2MB (2245544B)
10-23 17:37:49.464  1439  1439 W dex2oat : type=1400 audit(0.0:101): avc: granted { getattr } for path="/vendor" dev="rootfs" ino=4769 scontext=u:r:dex2oat:s0 tcontext=u:object_r:rootfs:s0 tclass=lnk_file
10-23 17:37:49.528  1439  1439 I dex2oat : /system/bin/dex2oat --input-vdex-fd=-1 --output-vdex-fd=9 --compiler-filter=quicken --classpath-dir=/system/app/BuiltInPrintService
10-23 17:37:49.743  1439  1439 I dex2oat : dex2oat took 217.712ms (209.960ms cpu) (threads: 4) arena alloc=6KB (6328B) java alloc=102KB (105312B) native alloc=720KB (737640B) free=1839KB (1883800B)
10-23 17:37:49.755  1448  1448 W dex2oat : type=1400 audit(0.0:102): avc: granted { getattr } for path="/vendor" dev="rootfs" ino=4769 scontext=u:r:dex2oat:s0 tcontext=u:object_r:rootfs:s0 tclass=lnk_file
10-23 17:37:49.834  1448  1448 I dex2oat : /system/bin/dex2oat --input-vdex-fd=-1 --output-vdex-fd=9 --compiler-filter=quicken --classpath-dir=/system/priv-app/CellBroadcastReceiver
10-23 17:37:50.092  1448  1448 I dex2oat : dex2oat took 261.505ms (184.173ms cpu) (threads: 4) arena alloc=26KB (26648B) java alloc=158KB (162504B) native alloc=669KB (686048B) free=1378KB (1411104B)
10-23 17:37:50.095  1461  1461 W dex2oat : type=1400 audit(0.0:103): avc: granted { getattr } for path="/vendor" dev="rootfs" ino=4769 scontext=u:r:dex2oat:s0 tcontext=u:object_r:rootfs:s0 tclass=lnk_file
10-23 17:37:50.155  1461  1461 I dex2oat : /system/bin/dex2oat --input-vdex-fd=-1 --output-vdex-fd=9 --compiler-filter=quicken --classpath-dir=/system/priv-app/OneTimeInitializer
10-23 17:37:50.297  1461  1461 I dex2oat : dex2oat took 143.218ms (125.427ms cpu) (threads: 4) arena alloc=16KB (16576B) java alloc=81KB (83752B) native alloc=642KB (657832B) free=893KB (915032B)
10-23 17:37:50.305  1466  1466 W dex2oat : type=1400 audit(0.0:104): avc: granted { getattr } for path="/vendor" dev="rootfs" ino=4769 scontext=u:r:dex2oat:s0 tcontext=u:object_r:rootfs:s0 tclass=lnk_file
10-23 17:37:50.360  1466  1466 I dex2oat : /system/bin/dex2oat --input-vdex-fd=-1 --output-vdex-fd=9 --compiler-filter=quicken --classpath-dir=/system/app/KeyChain
10-23 17:37:50.520  1466  1466 I dex2oat : dex2oat took 162.811ms (125.793ms cpu) (threads: 4) arena alloc=9KB (9848B) java alloc=67KB (69008B) native alloc=642KB (658216B) free=893KB (914648B)
10-23 17:37:50.525  1473  1473 W dex2oat : type=1400 audit(0.0:105): avc: granted { getattr } for path="/vendor" dev="rootfs" ino=4769 scontext=u:r:dex2oat:s0 tcontext=u:object_r:rootfs:s0 tclass=lnk_file
10-23 17:37:50.584  1473  1473 I dex2oat : /system/bin/dex2oat --input-vdex-fd=-1 --output-vdex-fd=9 --compiler-filter=quicken --classpath-dir=/system/app/PrintRecommendationService
10-23 17:37:50.654  1475  1475 E Diag_Lib:  Diag_LSM_Init: Failed to open handle to diag driver, error = 2
10-23 17:37:50.654  1475  1475 E Sensors : sns_fsa_la.c(386):fsa: fflush failed, 9
10-23 17:37:50.655  1475  1475 E Sensors : sns_fsa_la.c(386):fsa: fflush failed, 9
10-23 17:37:50.682  1475  1477 W Sensors : sns_smr_la.c(446):smr_la: smr_apps_la_thread_main is starting, fd=10, sns_smr.en_rx_msg_ptr=af4819d4
10-23 17:37:50.688  1475  1477 W Sensors : sns_smr_la.c(467):smr_la: poll return revents: 0x1/ffffffff errno: 0
10-23 17:37:50.688  1475  1477 W Sensors : sns_main.c(1430):sns_main_exit called
10-23 17:37:50.688  1475  1477 E Sensors : error connecting error -1 Connection refused
10-23 17:37:50.746  1473  1473 I dex2oat : dex2oat took 164.184ms (145.935ms cpu) (threads: 4) arena alloc=12KB (13016B) java alloc=69KB (70664B) native alloc=651KB (666720B) free=884KB (906144B)
10-23 17:37:50.756  1483  1483 W dex2oat : type=1400 audit(0.0:106): avc: granted { getattr } for path="/vendor" dev="rootfs" ino=4769 scontext=u:r:dex2oat:s0 tcontext=u:object_r:rootfs:s0 tclass=lnk_file
10-23 17:37:50.808  1483  1483 I dex2oat : /system/bin/dex2oat --input-vdex-fd=-1 --output-vdex-fd=9 --compiler-filter=quicken --classpath-dir=/system/app/Gallery2
10-23 17:37:52.466  1483  1483 I dex2oat : dex2oat took 1.659s (3.216s cpu) (threads: 4) arena alloc=13KB (14008B) java alloc=1668KB (1708752B) native alloc=3MB (3369392B) free=1317KB (1349200B)
10-23 17:37:52.477  1502  1502 W dex2oat : type=1400 audit(0.0:107): avc: granted { getattr } for path="/vendor" dev="rootfs" ino=4769 scontext=u:r:dex2oat:s0 tcontext=u:object_r:rootfs:s0 tclass=lnk_file
10-23 17:37:52.482   637   637 I chatty  : uid=1000 system_server expire 12 lines
10-23 17:37:52.551  1502  1502 I dex2oat : /system/bin/dex2oat --input-vdex-fd=-1 --output-vdex-fd=9 --compiler-filter=quicken --classpath-dir=/system/priv-app/CallLogBackup
10-23 17:37:52.708  1502  1502 I dex2oat : dex2oat took 161.956ms (120.208ms cpu) (threads: 4) arena alloc=6KB (6624B) java alloc=49KB (51064B) native alloc=621KB (636296B) free=1426KB (1460856B)
10-23 17:37:52.717  1507  1507 W dex2oat : type=1400 audit(0.0:108): avc: granted { getattr } for path="/vendor" dev="rootfs" ino=4769 scontext=u:r:dex2oat:s0 tcontext=u:object_r:rootfs:s0 tclass=lnk_file
10-23 17:37:52.797  1507  1507 I dex2oat : /system/bin/dex2oat --input-vdex-fd=-1 --output-vdex-fd=9 --compiler-filter=quicken --classpath-dir=/system/app/CarrierDefaultApp
10-23 17:37:52.960  1507  1507 I dex2oat : dex2oat took 164.337ms (119.903ms cpu) (threads: 4) arena alloc=12KB (13304B) java alloc=90KB (92480B) native alloc=639KB (655248B) free=896KB (917616B)
10-23 17:37:52.968  1512  1512 W dex2oat : type=1400 audit(0.0:109): avc: granted { getattr } for path="/vendor" dev="rootfs" ino=4769 scontext=u:r:dex2oat:s0 tcontext=u:object_r:rootfs:s0 tclass=lnk_file
10-23 17:37:53.029  1512  1512 I dex2oat : /system/bin/dex2oat --input-vdex-fd=-1 --output-vdex-fd=9 --compiler-filter=quicken --classpath-dir=/system/app/PicoTts
10-23 17:37:53.176  1512  1512 I dex2oat : dex2oat took 149.658ms (111.755ms cpu) (threads: 4) arena alloc=3KB (3936B) java alloc=89KB (91384B) native alloc=658KB (673920B) free=1389KB (1423232B)
10-23 17:37:53.188  1517  1517 W dex2oat : type=1400 audit(0.0:110): avc: granted { getattr } for path="/vendor" dev="rootfs" ino=4769 scontext=u:r:dex2oat:s0 tcontext=u:object_r:rootfs:s0 tclass=lnk_file
10-23 17:37:53.243  1517  1517 I dex2oat : /system/bin/dex2oat --input-vdex-fd=-1 --output-vdex-fd=9 --compiler-filter=quicken --classpath-dir=/system/app/Jelly
10-23 17:37:54.441  1517  1517 I dex2oat : dex2oat took 1.199s (2.262s cpu) (threads: 4) arena alloc=8KB (8360B) java alloc=1390KB (1424360B) native alloc=2MB (2343560B) free=1295KB (1326456B)
10-23 17:37:54.459  1530  1530 W dex2oat : type=1400 audit(0.0:111): avc: granted { getattr } for path="/vendor" dev="rootfs" ino=4769 scontext=u:r:dex2oat:s0 tcontext=u:object_r:rootfs:s0 tclass=lnk_file
10-23 17:37:54.507  1530  1530 I dex2oat : /system/bin/dex2oat --input-vdex-fd=-1 --output-vdex-fd=9 --compiler-filter=quicken --classpath-dir=/system/priv-app/ManagedProvisioning
10-23 17:37:54.929  1530  1530 I dex2oat : dex2oat took 424.407ms (509.063ms cpu) (threads: 4) arena alloc=5KB (5368B) java alloc=414KB (424720B) native alloc=991KB (1015600B) free=1056KB (1081552B)
10-23 17:37:54.940  1547  1547 W dex2oat : type=1400 audit(0.0:112): avc: granted { getattr } for path="/vendor" dev="rootfs" ino=4769 scontext=u:r:dex2oat:s0 tcontext=u:object_r:rootfs:s0 tclass=lnk_file
10-23 17:37:54.991  1547  1547 I dex2oat : /system/bin/dex2oat --input-vdex-fd=-1 --output-vdex-fd=9 --compiler-filter=quicken --classpath-dir=/system/app/PhotoTable
10-23 17:37:55.182  1547  1547 I dex2oat : dex2oat took 193.023ms (190.246ms cpu) (threads: 4) arena alloc=6KB (6632B) java alloc=118KB (121136B) native alloc=675KB (691424B) free=1884KB (1930016B)
10-23 17:37:55.190  1554  1554 W dex2oat : type=1400 audit(0.0:113): avc: granted { getattr } for path="/vendor" dev="rootfs" ino=4769 scontext=u:r:dex2oat:s0 tcontext=u:object_r:rootfs:s0 tclass=lnk_file
10-23 17:37:55.251  1554  1554 I dex2oat : /system/bin/dex2oat --input-vdex-fd=-1 --output-vdex-fd=9 --compiler-filter=quicken --classpath-dir=/system/app/WAPPushManager
10-23 17:37:55.417  1554  1554 I dex2oat : dex2oat took 168.395ms (127.563ms cpu) (threads: 4) arena alloc=17KB (18352B) java alloc=67KB (69104B) native alloc=643KB (658560B) free=892KB (914304B)
10-23 17:37:55.430  1559  1559 W dex2oat : type=1400 audit(0.0:114): avc: granted { getattr } for path="/vendor" dev="rootfs" ino=4769 scontext=u:r:dex2oat:s0 tcontext=u:object_r:rootfs:s0 tclass=lnk_file
10-23 17:37:55.480  1559  1559 I dex2oat : /system/bin/dex2oat --input-vdex-fd=-1 --output-vdex-fd=9 --compiler-filter=quicken --classpath-dir=/system/app/LiveWallpapersPicker
10-23 17:37:55.658  1561  1561 E Diag_Lib:  Diag_LSM_Init: Failed to open handle to diag driver, error = 2
10-23 17:37:55.658  1561  1561 E Sensors : sns_fsa_la.c(386):fsa: fflush failed, 9
10-23 17:37:55.658  1561  1561 E Sensors : sns_fsa_la.c(386):fsa: fflush failed, 9
10-23 17:37:55.683  1561  1563 W Sensors : sns_smr_la.c(446):smr_la: smr_apps_la_thread_main is starting, fd=10, sns_smr.en_rx_msg_ptr=acd2c9d4
10-23 17:37:55.688  1561  1563 W Sensors : sns_smr_la.c(467):smr_la: poll return revents: 0x1/ffffffff errno: 0
10-23 17:37:55.689  1561  1563 W Sensors : sns_main.c(1430):sns_main_exit called
10-23 17:37:55.689  1561  1563 E Sensors : error connecting error -1 Connection refused
10-23 17:37:56.679  1559  1559 I dex2oat : dex2oat took 1.200s (2.301s cpu) (threads: 4) arena alloc=8KB (8728B) java alloc=1534KB (1571336B) native alloc=2MB (2349120B) free=1289KB (1320896B)
10-23 17:37:56.681  1579  1579 W dex2oat : type=1400 audit(0.0:115): avc: granted { getattr } for path="/vendor" dev="rootfs" ino=4769 scontext=u:r:dex2oat:s0 tcontext=u:object_r:rootfs:s0 tclass=lnk_file
10-23 17:37:56.745  1579  1579 I dex2oat : /system/bin/dex2oat --input-vdex-fd=-1 --output-vdex-fd=9 --compiler-filter=quicken --classpath-dir=/system/priv-app/Tag
10-23 17:37:57.197  1579  1579 I dex2oat : dex2oat took 454.589ms (561.065ms cpu) (threads: 4) arena alloc=9KB (9336B) java alloc=278KB (285216B) native alloc=1030KB (1054944B) free=1529KB (1566496B)
10-23 17:37:57.202  1596  1596 W dex2oat : type=1400 audit(0.0:116): avc: granted { getattr } for path="/vendor" dev="rootfs" ino=4769 scontext=u:r:dex2oat:s0 tcontext=u:object_r:rootfs:s0 tclass=lnk_file
10-23 17:37:57.264  1596  1596 I dex2oat : /system/bin/dex2oat --input-vdex-fd=-1 --output-vdex-fd=9 --compiler-filter=quicken --classpath-dir=/system/priv-app/StorageManager
10-23 17:37:58.551  1596  1596 I dex2oat : dex2oat took 1.289s (2.387s cpu) (threads: 4) arena alloc=5KB (5816B) java alloc=1488KB (1523840B) native alloc=2MB (2419400B) free=1221KB (1250616B)
10-23 17:37:58.563  1613  1613 W dex2oat : type=1400 audit(0.0:117): avc: granted { getattr } for path="/vendor" dev="rootfs" ino=4769 scontext=u:r:dex2oat:s0 tcontext=u:object_r:rootfs:s0 tclass=lnk_file
10-23 17:37:58.622  1613  1613 I dex2oat : /system/bin/dex2oat --input-vdex-fd=-1 --output-vdex-fd=9 --compiler-filter=quicken --classpath-dir=/system/app/BookmarkProvider
10-23 17:37:58.742  1613  1613 I dex2oat : dex2oat took 122.375ms (84.655ms cpu) (threads: 4) arena alloc=864B (864B) java alloc=16KB (16984B) native alloc=590KB (605096B) free=945KB (967768B)
10-23 17:37:58.743  1622  1622 W dex2oat : type=1400 audit(0.0:118): avc: granted { getattr } for path="/vendor" dev="rootfs" ino=4769 scontext=u:r:dex2oat:s0 tcontext=u:object_r:rootfs:s0 tclass=lnk_file
10-23 17:37:58.811  1622  1622 I dex2oat : /system/bin/dex2oat --input-vdex-fd=-1 --output-vdex-fd=9 --compiler-filter=quicken --classpath-dir=/system/priv-app/Eleven
10-23 17:38:00.657  1635  1635 E Diag_Lib:  Diag_LSM_Init: Failed to open handle to diag driver, error = 2
10-23 17:38:00.657  1635  1635 E Sensors : sns_fsa_la.c(386):fsa: fflush failed, 9
10-23 17:38:00.658  1635  1635 E Sensors : sns_fsa_la.c(386):fsa: fflush failed, 9
10-23 17:38:00.683  1635  1637 W Sensors : sns_smr_la.c(446):smr_la: smr_apps_la_thread_main is starting, fd=10, sns_smr.en_rx_msg_ptr=b09409d4
10-23 17:38:00.698  1635  1637 W Sensors : sns_smr_la.c(467):smr_la: poll return revents: 0x1/ffffffff errno: 0
10-23 17:38:00.698  1635  1637 W Sensors : sns_main.c(1430):sns_main_exit called
10-23 17:38:00.698  1635  1637 E Sensors : error connecting error -1 Connection refused
10-23 17:38:02.751  1622  1622 I dex2oat : dex2oat took 3.941s (6.694s cpu) (threads: 4) arena alloc=8KB (9136B) java alloc=2MB (2889024B) native alloc=5MB (6194664B) free=1630KB (1669656B)
10-23 17:38:02.774   637   637 I chatty  : uid=1000 system_server expire 11 lines
10-23 17:38:02.777  1645  1645 W dex2oat : type=1400 audit(0.0:119): avc: granted { getattr } for path="/vendor" dev="rootfs" ino=4769 scontext=u:r:dex2oat:s0 tcontext=u:object_r:rootfs:s0 tclass=lnk_file
10-23 17:38:02.828  1645  1645 I dex2oat : /system/bin/dex2oat --input-vdex-fd=-1 --output-vdex-fd=9 --compiler-filter=quicken --classpath-dir=/system/app/ExactCalculator
10-23 17:38:03.751  1645  1645 I dex2oat : dex2oat took 925.933ms (970.550ms cpu) (threads: 4) arena alloc=16KB (16960B) java alloc=431KB (441688B) native alloc=1210KB (1239304B) free=1349KB (1382136B)
10-23 17:38:03.758  1662  1662 W dex2oat : type=1400 audit(0.0:120): avc: granted { getattr } for path="/vendor" dev="rootfs" ino=4769 scontext=u:r:dex2oat:s0 tcontext=u:object_r:rootfs:s0 tclass=lnk_file
10-23 17:38:03.818  1662  1662 I dex2oat : /system/bin/dex2oat --input-vdex-fd=-1 --output-vdex-fd=9 --compiler-filter=quicken --classpath-dir=/system/priv-app/LineageParts
10-23 17:38:05.526  1662  1662 I dex2oat : dex2oat took 1.710s (2.354s cpu) (threads: 4) arena alloc=5KB (5256B) java alloc=1534KB (1570904B) native alloc=2MB (2448648B) free=1192KB (1221368B)
10-23 17:38:05.550  1677  1677 W dex2oat : type=1400 audit(0.0:121): avc: granted { getattr } for path="/vendor" dev="rootfs" ino=4769 scontext=u:r:dex2oat:s0 tcontext=u:object_r:rootfs:s0 tclass=lnk_file
10-23 17:38:05.605  1677  1677 I dex2oat : /system/bin/dex2oat --input-vdex-fd=-1 --output-vdex-fd=9 --compiler-filter=quicken --classpath-dir=/system/priv-app/VpnDialogs
10-23 17:38:05.662  1679  1679 E Diag_Lib:  Diag_LSM_Init: Failed to open handle to diag driver, error = 2
10-23 17:38:05.662  1679  1679 E Sensors : sns_fsa_la.c(386):fsa: fflush failed, 9
10-23 17:38:05.662  1679  1679 E Sensors : sns_fsa_la.c(386):fsa: fflush failed, 9
10-23 17:38:05.693  1679  1681 W Sensors : sns_smr_la.c(446):smr_la: smr_apps_la_thread_main is starting, fd=10, sns_smr.en_rx_msg_ptr=b14829d4
10-23 17:38:05.698  1679  1681 W Sensors : sns_smr_la.c(467):smr_la: poll return revents: 0x1/ffffffff errno: 0
10-23 17:38:05.698  1679  1681 W Sensors : sns_main.c(1430):sns_main_exit called
10-23 17:38:05.699  1679  1681 E Sensors : error connecting error -1 Connection refused
10-23 17:38:05.741  1677  1677 I dex2oat : dex2oat took 138.214ms (102.600ms cpu) (threads: 4) arena alloc=7KB (7744B) java alloc=49KB (50320B) native alloc=619KB (634808B) free=916KB (938056B)
10-23 17:38:05.750  1687  1687 W dex2oat : type=1400 audit(0.0:122): avc: granted { getattr } for path="/vendor" dev="rootfs" ino=4769 scontext=u:r:dex2oat:s0 tcontext=u:object_r:rootfs:s0 tclass=lnk_file
10-23 17:38:05.808  1687  1687 I dex2oat : /system/bin/dex2oat --input-vdex-fd=-1 --output-vdex-fd=9 --compiler-filter=quicken --classpath-dir=/system/app/Email
10-23 17:38:08.649  1687  1687 I dex2oat : dex2oat took 2.844s (5.684s cpu) (threads: 4) arena alloc=579KB (592896B) java alloc=3MB (3338448B) native alloc=4MB (4762760B) free=1492KB (1528696B)
10-23 17:38:08.663  1706  1706 W dex2oat : type=1400 audit(0.0:123): avc: granted { getattr } for path="/vendor" dev="rootfs" ino=4769 scontext=u:r:dex2oat:s0 tcontext=u:object_r:rootfs:s0 tclass=lnk_file
10-23 17:38:08.728  1706  1706 I dex2oat : /system/bin/dex2oat --input-vdex-fd=-1 --output-vdex-fd=9 --compiler-filter=quicken --classpath-dir=/system/app/WallpaperBackup
10-23 17:38:08.889  1706  1706 I dex2oat : dex2oat took 164.093ms (118.225ms cpu) (threads: 4) arena alloc=7KB (7960B) java alloc=17KB (17976B) native alloc=454KB (465344B) free=569KB (583232B)
10-23 17:38:08.893  1711  1711 W dex2oat : type=1400 audit(0.0:124): avc: granted { getattr } for path="/vendor" dev="rootfs" ino=4769 scontext=u:r:dex2oat:s0 tcontext=u:object_r:rootfs:s0 tclass=lnk_file
10-23 17:38:08.956  1711  1711 I dex2oat : /system/bin/dex2oat --input-vdex-fd=-1 --output-vdex-fd=9 --compiler-filter=quicken --classpath-dir=/system/priv-app/BlockedNumberProvider
10-23 17:38:09.370  1711  1711 I dex2oat : dex2oat took 416.625ms (607.025ms cpu) (threads: 4) arena alloc=8KB (8424B) java alloc=265KB (272328B) native alloc=1018KB (1042816B) free=1029KB (1054336B)
10-23 17:38:09.374  1724  1724 W dex2oat : type=1400 audit(0.0:125): avc: granted { getattr } for path="/vendor" dev="rootfs" ino=4769 scontext=u:r:dex2oat:s0 tcontext=u:object_r:rootfs:s0 tclass=lnk_file
10-23 17:38:09.434  1724  1724 I dex2oat : /system/bin/dex2oat --input-vdex-fd=-1 --output-vdex-fd=9 --compiler-filter=quicken --classpath-dir=/system/app/UserDictionaryProvider
10-23 17:38:09.565  1724  1724 I dex2oat : dex2oat took 132.873ms (101.379ms cpu) (threads: 4) arena alloc=11KB (11424B) java alloc=66KB (67928B) native alloc=631KB (646640B) free=904KB (926224B)
10-23 17:38:09.574  1733  1733 W dex2oat : type=1400 audit(0.0:126): avc: granted { getattr } for path="/vendor" dev="rootfs" ino=4769 scontext=u:r:dex2oat:s0 tcontext=u:object_r:rootfs:s0 tclass=lnk_file
10-23 17:38:09.627  1733  1733 I dex2oat : /system/bin/dex2oat --input-vdex-fd=-1 --output-vdex-fd=9 --compiler-filter=quicken --classpath-dir=/system/priv-app/EmergencyInfo
10-23 17:38:10.556  1733  1733 I dex2oat : dex2oat took 930.786ms (1.407s cpu) (threads: 4) arena alloc=6KB (6904B) java alloc=1056KB (1082344B) native alloc=1581KB (1619696B) free=978KB (1001744B)
10-23 17:38:10.565  1746  1746 W dex2oat : type=1400 audit(0.0:127): avc: granted { getattr } for path="/vendor" dev="rootfs" ino=4769 scontext=u:r:dex2oat:s0 tcontext=u:object_r:rootfs:s0 tclass=lnk_file
10-23 17:38:10.626  1746  1746 I dex2oat : /system/bin/dex2oat --input-vdex-fd=-1 --output-vdex-fd=9 --compiler-filter=quicken --classpath-dir=/system/app/DeskClock
10-23 17:38:10.660  1748  1748 E Diag_Lib:  Diag_LSM_Init: Failed to open handle to diag driver, error = 2
10-23 17:38:10.660  1748  1748 E Sensors : sns_fsa_la.c(386):fsa: fflush failed, 9
10-23 17:38:10.661  1748  1748 E Sensors : sns_fsa_la.c(386):fsa: fflush failed, 9
10-23 17:38:10.693  1748  1752 W Sensors : sns_smr_la.c(446):smr_la: smr_apps_la_thread_main is starting, fd=10, sns_smr.en_rx_msg_ptr=a9c3c9d4
10-23 17:38:10.703  1748  1752 W Sensors : sns_smr_la.c(467):smr_la: poll return revents: 0x1/ffffffff errno: 0
10-23 17:38:10.704  1748  1752 W Sensors : sns_main.c(1430):sns_main_exit called
10-23 17:38:10.704  1748  1752 E Sensors : error connecting error -1 Connection refused
10-23 17:38:12.179  1746  1746 I dex2oat : dex2oat took 1.555s (3.016s cpu) (threads: 4) arena alloc=4KB (5064B) java alloc=1927KB (1973608B) native alloc=2MB (2842912B) free=1319KB (1351392B)
10-23 17:38:12.197  1772  1772 W dex2oat : type=1400 audit(0.0:128): avc: granted { getattr } for path="/vendor" dev="rootfs" ino=4769 scontext=u:r:dex2oat:s0 tcontext=u:object_r:rootfs:s0 tclass=lnk_file
10-23 17:38:12.250  1772  1772 I dex2oat : /system/bin/dex2oat --input-vdex-fd=-1 --output-vdex-fd=9 --compiler-filter=quicken --classpath-dir=/system/app/BluetoothMidiService
10-23 17:38:12.391  1772  1772 I dex2oat : dex2oat took 143.341ms (110.687ms cpu) (threads: 4) arena alloc=29KB (30400B) java alloc=33KB (34600B) native alloc=631KB (647120B) free=904KB (925744B)
10-23 17:38:12.407  1777  1777 W dex2oat : type=1400 audit(0.0:129): avc: granted { getattr } for path="/vendor" dev="rootfs" ino=4769 scontext=u:r:dex2oat:s0 tcontext=u:object_r:rootfs:s0 tclass=lnk_file
10-23 17:38:12.463  1777  1777 I dex2oat : /system/bin/dex2oat --input-vdex-fd=-1 --output-vdex-fd=9 --compiler-filter=quicken --classpath-dir=/system/app/Bluetooth
10-23 17:38:14.533  1777  1777 I dex2oat : dex2oat took 2.071s (4.005s cpu) (threads: 4) arena alloc=4KB (4376B) java alloc=1364KB (1397376B) native alloc=3MB (3956792B) free=1767KB (1810376B)
