10-23 17:38:19.628  1932  1932 D NetworkController.WifiSignalController: Registered score cache
10-23 17:38:19.629   229  1977 E OMXNodeInstance: getExtensionIndex(0xb3198ea0:google.h264.decoder, OMX.google.android.index.configureVideoTunnelMode) ERROR: UnsupportedIndex(0x8000101a)
10-23 17:38:19.629   229   229 E OMXNodeInstance: getExtensionIndex(0xb3198ea0:google.h264.decoder, OMX.google.android.index.enableAndroidNativeBuffers) ERROR: UnsupportedIndex(0x8000101a)
10-23 17:38:19.633   229  1977 I OMXMaster: makeComponentInstance(OMX.google.hevc.decoder) in android.hardwar process
10-23 17:38:19.645  1964  1964 I /system/bin/webview_zygote32: option[0]=-Xzygote
10-23 17:38:19.646  1964  1964 I /system/bin/webview_zygote32: option[1]=-Xstacktracefile:/data/anr/traces.txt
10-23 17:38:19.646  1964  1964 I /system/bin/webview_zygote32: option[2]=exit
10-23 17:38:19.646  1964  1964 I /system/bin/webview_zygote32: option[3]=vfprintf
10-23 17:38:19.646  1964  1964 I /system/bin/webview_zygote32: option[4]=sensitiveThread
10-23 17:38:19.646  1964  1964 I /system/bin/webview_zygote32: option[5]=-verbose:gc
10-23 17:38:19.646  1964  1964 I /system/bin/webview_zygote32: option[6]=-Xms8m
10-23 17:38:19.646  1964  1964 I /system/bin/webview_zygote32: option[7]=-Xmx512m
10-23 17:38:19.646  1964  1964 I /system/bin/webview_zygote32: option[8]=-XX:HeapGrowthLimit=192m
10-23 17:38:19.646  1964  1964 I /system/bin/webview_zygote32: option[9]=-XX:HeapMinFree=512k
10-23 17:38:19.646  1964  1964 I /system/bin/webview_zygote32: option[10]=-XX:HeapMaxFree=8m
10-23 17:38:19.646  1964  1964 I /system/bin/webview_zygote32: option[11]=-XX:HeapTargetUtilization=0.75
10-23 17:38:19.646  1964  1964 I /system/bin/webview_zygote32: option[12]=-Xusejit:true
10-23 17:38:19.646  1964  1964 I /system/bin/webview_zygote32: option[13]=-Xjitsaveprofilinginfo
10-23 17:38:19.646  1964  1964 I /system/bin/webview_zygote32: option[14]=-agentlib:jdwp=transport=dt_android_adb,suspend=n,server=y
10-23 17:38:19.646  1964  1964 I /system/bin/webview_zygote32: option[15]=-Xlockprofthreshold:500
10-23 17:38:19.646  1964  1964 I /system/bin/webview_zygote32: option[16]=-Ximage-compiler-option
10-23 17:38:19.646  1964  1964 I /system/bin/webview_zygote32: option[17]=--runtime-arg
10-23 17:38:19.646  1964  1964 I /system/bin/webview_zygote32: option[18]=-Ximage-compiler-option
10-23 17:38:19.647  1964  1964 I /system/bin/webview_zygote32: option[19]=-Xms64m
10-23 17:38:19.647  1964  1964 I /system/bin/webview_zygote32: option[20]=-Ximage-compiler-option
10-23 17:38:19.647  1964  1964 I /system/bin/webview_zygote32: option[21]=--runtime-arg
10-23 17:38:19.647  1964  1964 I /system/bin/webview_zygote32: option[22]=-Ximage-compiler-option
10-23 17:38:19.647  1964  1964 I /system/bin/webview_zygote32: option[23]=-Xmx64m
10-23 17:38:19.647  1964  1964 I /system/bin/webview_zygote32: option[24]=-Ximage-compiler-option
10-23 17:38:19.647  1964  1964 I /system/bin/webview_zygote32: option[25]=--image-classes=/system/etc/preloaded-classes
10-23 17:38:19.647  1964  1964 I /system/bin/webview_zygote32: option[26]=-Ximage-compiler-option
10-23 17:38:19.647  1964  1964 I /system/bin/webview_zygote32: option[27]=--compiled-classes=/system/etc/compiled-classes
10-23 17:38:19.647  1964  1964 I /system/bin/webview_zygote32: option[28]=-Xcompiler-option
10-23 17:38:19.647  1964  1964 I /system/bin/webview_zygote32: option[29]=--runtime-arg
10-23 17:38:19.647  1964  1964 I /system/bin/webview_zygote32: option[30]=-Xcompiler-option
10-23 17:38:19.647  1964  1964 I /system/bin/webview_zygote32: option[31]=-Xms64m
10-23 17:38:19.647  1964  1964 I /system/bin/webview_zygote32: option[32]=-Xcompiler-option
10-23 17:38:19.647  1964  1964 I /system/bin/webview_zygote32: option[33]=--runtime-arg
10-23 17:38:19.647  1964  1964 I /system/bin/webview_zygote32: option[34]=-Xcompiler-option
10-23 17:38:19.647  1964  1964 I /system/bin/webview_zygote32: option[35]=-Xmx512m
10-23 17:38:19.647  1964  1964 I /system/bin/webview_zygote32: option[36]=-Ximage-compiler-option
10-23 17:38:19.648  1964  1964 I /system/bin/webview_zygote32: option[37]=--instruction-set-variant=krait
10-23 17:38:19.648  1964  1964 I /system/bin/webview_zygote32: option[38]=-Xcompiler-option
10-23 17:38:19.648  1964  1964 I /system/bin/webview_zygote32: option[39]=--instruction-set-variant=krait
10-23 17:38:19.648  1964  1964 I /system/bin/webview_zygote32: option[40]=-Ximage-compiler-option
10-23 17:38:19.648  1964  1964 I /system/bin/webview_zygote32: option[41]=--instruction-set-features=default
10-23 17:38:19.648  1964  1964 I /system/bin/webview_zygote32: option[42]=-Xcompiler-option
10-23 17:38:19.648  1964  1964 I /system/bin/webview_zygote32: option[43]=--instruction-set-features=default
10-23 17:38:19.648  1964  1964 I /system/bin/webview_zygote32: option[44]=-Duser.locale=en-US
10-23 17:38:19.648  1964  1964 I /system/bin/webview_zygote32: option[45]=--cpu-abilist=armeabi-v7a,armeabi
10-23 17:38:19.648  1964  1964 I /system/bin/webview_zygote32: option[46]=-Xfingerprint:google/lineage_mako/mako:8.0.0/OPR6.170623.012/616334b6d8:userdebug/test-keys
10-23 17:38:19.655  1915  2040 I LatinIME:LogUtils: Dictionary info: dictionary = main:en ; version = 54 ; date = 1414726273
10-23 17:38:19.665   229  1977 E OMXNodeInstance: getExtensionIndex(0xb3198ea0:google.hevc.decoder, OMX.google.android.index.configureVideoTunnelMode) ERROR: UnsupportedIndex(0x8000101a)
10-23 17:38:19.666   229   229 E OMXNodeInstance: getExtensionIndex(0xb3198ea0:google.hevc.decoder, OMX.google.android.index.enableAndroidNativeBuffers) ERROR: UnsupportedIndex(0x8000101a)
10-23 17:38:19.673   229  1977 I OMXMaster: makeComponentInstance(OMX.google.vp8.decoder) in android.hardwar process
10-23 17:38:19.697  2114  2149 D OpenGLRenderer: HWUI GL Pipeline
10-23 17:38:19.697   229   271 E OMXNodeInstance: getExtensionIndex(0xb3198ea0:google.vp8.decoder, OMX.google.android.index.configureVideoTunnelMode) ERROR: UnsupportedIndex(0x8000101a)
10-23 17:38:19.697   229  1977 E OMXNodeInstance: getExtensionIndex(0xb3198ea0:google.vp8.decoder, OMX.google.android.index.enableAndroidNativeBuffers) ERROR: UnsupportedIndex(0x8000101a)
10-23 17:38:19.699  1915  2040 I LatinIME:LogUtils: Dictionary info: dictionary = main:en ; version = 54 ; date = 1414726273
10-23 17:38:19.704   229   271 I OMXMaster: makeComponentInstance(OMX.google.vp9.decoder) in android.hardwar process
10-23 17:38:19.738  1915  2040 I LatinIME:LogUtils: Dictionary info: dictionary = main:en ; version = 54 ; date = 1414726273
10-23 17:38:19.739   229   271 E OMXNodeInstance: getExtensionIndex(0xb3198ea0:google.vp9.decoder, OMX.google.android.index.configureVideoTunnelMode) ERROR: UnsupportedIndex(0x8000101a)
10-23 17:38:19.739   229  1977 E OMXNodeInstance: getExtensionIndex(0xb3198ea0:google.vp9.decoder, OMX.google.android.index.enableAndroidNativeBuffers) ERROR: UnsupportedIndex(0x8000101a)
10-23 17:38:19.755   229   271 I OMXMaster: makeComponentInstance(OMX.google.h263.encoder) in android.hardwar process
10-23 17:38:19.757  1915  2040 I LatinIME:LogUtils: Dictionary info: dictionary = main:en ; version = 54 ; date = 1414726273
10-23 17:38:19.760   229   271 I SoftMPEG4Encoder: Construct SoftMPEG4Encoder
10-23 17:38:19.763   419   419 W OMXUtils: do not know color format 0x7f000789 = 2130708361
10-23 17:38:19.764   229   271 E OMXNodeInstance: getConfig(0xb3198ea0:google.h263.encoder, ConfigAndroidIntraRefresh(0x6f60000a)) ERROR: Undefined(0x80001001)
10-23 17:38:19.772  2114  2149 I Adreno-EGL: <qeglDrvAPI_eglInitialize:379>: QUALCOMM Build: 09/02/15, 76f806e, Ibddc658e36
10-23 17:38:19.777  2114  2149 I OpenGLRenderer: Initialized EGL, version 1.4
10-23 17:38:19.777  2114  2149 D OpenGLRenderer: Swap behavior 1
10-23 17:38:19.788   229  1977 I OMXMaster: makeComponentInstance(OMX.google.h264.encoder) in android.hardwar process
10-23 17:38:19.795  1932  1932 D StatusBar: disable<e i a s b h r c s q >
10-23 17:38:19.797   637  2105 I StatusBarManagerService: registerStatusBar bar=com.android.internal.statusbar.IStatusBar$Stub$Proxy@249a73f
10-23 17:38:19.798  2114  2149 W Adreno-EGL: <qeglDrvAPI_eglGetConfigAttrib:607>: EGL_BAD_ATTRIBUTE
10-23 17:38:19.801  2114  2149 I vndksupport: sphal namespace is not configured for this process. Loading /vendor/lib/hw/gralloc.msm8960.so from the current namespace instead.
10-23 17:38:19.811   419   419 W OMXUtils: do not know color format 0x7f000789 = 2130708361
10-23 17:38:19.821  1915  2040 I LatinIME:LogUtils: Dictionary info: dictionary = main:en ; version = 54 ; date = 1414726273
10-23 17:38:19.827   229   271 I OMXMaster: makeComponentInstance(OMX.google.mpeg4.encoder) in android.hardwar process
10-23 17:38:19.829   229   271 I SoftMPEG4Encoder: Construct SoftMPEG4Encoder
10-23 17:38:19.832   419   419 W OMXUtils: do not know color format 0x7f000789 = 2130708361
10-23 17:38:19.833   229   271 E OMXNodeInstance: getConfig(0xb3198ea0:google.mpeg4.encoder, ConfigAndroidIntraRefresh(0x6f60000a)) ERROR: Undefined(0x80001001)
10-23 17:38:19.840   229  1977 I OMXMaster: makeComponentInstance(OMX.google.vp8.encoder) in android.hardwar process
10-23 17:38:19.846   637  2175 I Telecom : BluetoothRouteManager: getBluetoothAudioConnectedDevice: no headset service available.
10-23 17:38:19.856   637   637 I Telecom : SystemStateProvider: Registering car mode receiver: android.content.IntentFilter@35a9b72: TS.init@AAA
10-23 17:38:19.858   419   419 W OMXUtils: do not know color format 0x7f000789 = 2130708361
10-23 17:38:19.859   229   229 E OMXNodeInstance: getConfig(0xb3198ea0:google.vp8.encoder, ConfigAndroidIntraRefresh(0x6f60000a)) ERROR: Undefined(0x80001001)
10-23 17:38:19.861   168   168 W /system/bin/hwservicemanager: getTransportFromManifest: Cannot find entry android.hardware.graphics.mapper@2.0::IMapper in either framework or device manifest, using default transport.
10-23 17:38:19.866  2114  2149 I vndksupport: sphal namespace is not configured for this process. Loading /vendor/lib/hw/gralloc.msm8960.so from the current namespace instead.
10-23 17:38:19.870  1915  2040 I LatinIME:LogUtils: Dictionary info: dictionary = main:en ; version = 54 ; date = 1414726273
10-23 17:38:19.871   229   271 I OMXMaster: makeComponentInstance(OMX.google.vp9.encoder) in android.hardwar process
10-23 17:38:19.881   637   759 W KeyguardServiceDelegate: onScreenTurningOn(): no keyguard service!
10-23 17:38:19.882   637   767 I chatty  : uid=1000(system) android.display expire 5 lines
10-23 17:38:19.882   419   419 W OMXUtils: do not know color format 0x7f000789 = 2130708361
10-23 17:38:19.883   229   271 E OMXNodeInstance: getConfig(0xb3198ea0:google.vp9.encoder, ConfigAndroidIntraRefresh(0x6f60000a)) ERROR: Undefined(0x80001001)
10-23 17:38:19.887   637   827 I WindowManager: Screen frozen for +391ms due to Window{d8d88b0 u0 com.android.settings/com.android.settings.FallbackHome}
10-23 17:38:19.897  1915  2040 I LatinIME:LogUtils: Dictionary info: dictionary = main:en ; version = 54 ; date = 1414726273
10-23 17:38:19.902   637  2185 I Telecom : Logging.Events: Non-call EVENT: AUDIO_ROUTE, Entering state QuiescentEarpieceRoute
10-23 17:38:19.908   419   419 W MediaCodecList: unable to open media codecs configuration xml file: /data/misc/media/media_codecs_profiling_results.xml
10-23 17:38:19.912   229   271 I OMXMaster: makeComponentInstance(OMX.google.vorbis.decoder) in android.hardwar process
10-23 17:38:19.913  1915  2040 I LatinIME:LogUtils: Dictionary info: dictionary = main:en ; version = 54 ; date = 1414726273
10-23 17:38:19.916   229   229 I OMXMaster: makeComponentInstance(OMX.google.vorbis.decoder) in android.hardwar process
10-23 17:38:19.917   637  2188 I Telecom : CallAudioModeStateMachine: Message received: null.: TS.init->CAMSM.pM_1@AAA
10-23 17:38:19.918   229  1977 E OMXNodeInstance: getConfig(0xb3198ea0:google.vorbis.decoder, ConfigAndroidVendorExtension(0x6f100004)) ERROR: Undefined(0x80001001)
10-23 17:38:19.919   637   637 I Telecom : MissedCallNotifierImpl: Boot not yet complete -- call log db may not be available. Deferring loading until boot complete.: TS.init@AAA
10-23 17:38:19.923   229   229 E OMXNodeInstance: getConfig(0xb3198f60:google.vorbis.decoder, ConfigAndroidVendorExtension(0x6f100004)) ERROR: Undefined(0x80001001)
10-23 17:38:19.937   637   637 I Telecom : Class: TelecomSystem.INSTANCE being set
10-23 17:38:19.938   637   637 W ContextImpl: Calling a method in the system process without a qualified user: android.app.ContextImpl.startService:1460 android.content.ContextWrapper.startService:644 com.android.server.telecom.components.TelecomService.initializeTelecomSystem:165 com.android.server.telecom.components.TelecomService.onBind:60 android.app.ActivityThread.handleBindService:3431 
10-23 17:38:19.966   219   900 D installd: Found storage mount /dev/fuse at /mnt/runtime/default/emulated
10-23 17:38:19.968   637   637 D BluetoothManagerService: BluetoothServiceConnection: com.android.bluetooth.btservice.AdapterService
10-23 17:38:19.972   637   766 D BluetoothManagerService: MESSAGE_BLUETOOTH_SERVICE_CONNECTED: 1
10-23 17:38:19.974   637   766 D BluetoothManagerService: Broadcasting onBluetoothServiceUp() to 2 receivers.
10-23 17:38:19.974   637   766 I chatty  : uid=1000(system) android.io expire 5 lines
10-23 17:38:19.975  1884  1898 D BluetoothAdapter: onBluetoothServiceUp: com.android.bluetooth.btservice.AdapterService$AdapterServiceBinder@96981a3
10-23 17:38:19.976  1884  1898 D BluetoothAdapterService: enable() - Enable called with quiet mode status =  false
10-23 17:38:19.976  1884  1976 D BluetoothAdapterState: Current state: OFF, message: 0
10-23 17:38:19.977  1884  1976 D BluetoothAdapterProperties: Setting state to 14
10-23 17:38:19.977  1884  1976 I BluetoothAdapterState: Bluetooth adapter state changed: 10-> 14
10-23 17:38:19.977  1884  1976 D BluetoothAdapterService: updateAdapterState() - Broadcasting state to 1 receivers.
10-23 17:38:19.977   637   766 D BluetoothManagerService: MESSAGE_GET_NAME_AND_ADDRESS
10-23 17:38:19.977  1884  1976 D BluetoothAdapterService: BleOnProcessStart()
10-23 17:38:19.979  1884  1976 D BluetoothAdapterService: BleOnProcessStart() - Make Bond State Machine
10-23 17:38:19.979  1884  1976 D BluetoothBondStateMachine: make
10-23 17:38:19.982   208   208 I adbd    : Calling send_auth_request...
10-23 17:38:19.983  1884  2201 I BluetoothBondStateMachine: StableState(): Entering Off State
10-23 17:38:19.984   637   766 D BluetoothManagerService: MESSAGE_BLUETOOTH_STATE_CHANGE: OFF > BLE_TURNING_ON
10-23 17:38:19.984   637   766 D BluetoothManagerService: Sending BLE State Change: OFF > BLE_TURNING_ON
10-23 17:38:19.989  1884  1976 D BluetoothAdapterService: setProfileServiceState() - Starting service com.android.bluetooth.gatt.GattService
10-23 17:38:19.997  1884  1976 I BluetoothAdapterState: Entering PendingCommandState
10-23 17:38:19.998  1884  1884 I BtGatt.JNI: classInitNative(L893): classInitNative: Success!
10-23 17:38:20.004  1884  1884 D BtGatt.DebugUtils: handleDebugAction() action=null
10-23 17:38:20.004  1884  1884 D BluetoothAdapterService: getAdapterService() - returning com.android.bluetooth.btservice.AdapterService@7027246
10-23 17:38:20.005  1884  1884 D BtGatt.GattService: Received start request. Starting profile...
10-23 17:38:20.005  1884  1884 I bt_btif : get_profile_interface: id = gatt
10-23 17:38:20.007  1884  1884 D BluetoothAdapterService: getAdapterService() - returning com.android.bluetooth.btservice.AdapterService@7027246
10-23 17:38:20.029   208   208 I adbd    : Calling send_auth_request...
10-23 17:38:20.034   637  2200 D UsbDebuggingManager: Received public key: QAAAAO0FDaob4BULZ9MKwSBZZBiLzTdBjQ51fqJ3qKLQeqxppES64k83CFqyaNWwrwJUp5XPr2rUF3xjJhrMu8LvC6d4tTP1ZWBDsZ7iHFNfp72aG743hmL7Jb7k5lkmpYnDAdIfXkIXI9rvzNqANvtypW+ao+nrcgbZPVnkVEoGDvkNukbNvUmlEzpWNOnyQV4SITqXyZUIJqRdOkpHHNikhcDWizsjEm98wiSqA/ilO0Xqm73TWVD2VlKFOF49KITR8dOc27sX7QGAu+9i78/tE7cbWKQdtjMTx3uumFDGer1nTeogVXaPAbpyXKk0NbzpzDDWUxyFBl6YTSUtJZ9dFeun76yVuc1nLiBO33gQd1Wit0FF458DuWjzWtS2KvrABMGZ3zyRD0kP43rRHIrJnFv3Sy0ijRYDbYtUucmVYjVcolrH+S+PzJwNconM+03HaNK42zaX5TYEf5DDMjlPDsLr4yqBSai0vsA356eKM3I/w6s5ZWg+Yp4J/BAcx32/FG4zxHAsCWH95UIZXTuw2mECuOcm8hotuMfLztApLc0cGcQcn5QvigxjFJhmQaER9irqBIg1GHV5Xd7waPbghKrdgWx4r+Wudj6/NEi7ba+/bcvOZU1D1LXNegz7bEV6K7+VfKOeX/mk7skF8CWTNHPAzyEsSGjHLKyVdPOszk7FV5pUMwEAAQA= unknown@unknown
10-23 17:38:20.038   637   765 I ActivityManager: START u0 {flg=0x10000000 cmp=com.android.systemui/.usb.UsbDebuggingActivity (has extras)} from uid 1000
10-23 17:38:20.039  1884  1884 D BluetoothAdapterService: getAdapterService() - returning com.android.bluetooth.btservice.AdapterService@7027246
10-23 17:38:20.039  1884  1884 D BluetoothAdapterService: getAdapterService() - returning com.android.bluetooth.btservice.AdapterService@7027246
10-23 17:38:20.040  1884  1884 D BluetoothAdapterService: handleMessage() - Message: 1
10-23 17:38:20.040  1884  1884 D BluetoothAdapterService: handleMessage() - MESSAGE_PROFILE_SERVICE_STATE_CHANGED
10-23 17:38:20.040  1884  1884 D BluetoothAdapterService: processProfileServiceStateChanged() - serviceName=com.android.bluetooth.gatt.GattService isTurningOn=false isTurningOff=false isBleTurningOn=true isBleTurningOff=false
10-23 17:38:20.040  1884  1884 D BluetoothAdapterService: GattService is started
10-23 17:38:20.041  1884  1976 V BluetoothAdapterState: PendingCommand - transient state(s): isBleTurningOn
10-23 17:38:20.041  1884  1976 D BluetoothAdapterState: Current state: PENDING_COMMAND, message: 4
10-23 17:38:20.044  1884  1976 I bt_btif : enable: start restricted = 0
10-23 17:38:20.044  1884  1978 I bt_stack_manager: event_start_up_stack is bringing up the stack
10-23 17:38:20.044  1884  1978 I bt_core_module: module_start_up Starting module "btif_config_module"
10-23 17:38:20.044  1884  1978 I bt_core_module: module_start_up Started module "btif_config_module"
10-23 17:38:20.044  1884  1978 I bt_core_module: module_start_up Starting module "btsnoop_module"
10-23 17:38:20.045  1884  1978 I bt_core_module: module_start_up Started module "btsnoop_module"
10-23 17:38:20.045  1884  1978 I bt_core_module: module_start_up Starting module "hci_module"
10-23 17:38:20.045  1884  1978 I bt_hci  : hci_module_start_up
10-23 17:38:20.050  1884  2205 I bt_osi_thread: run_thread: thread id 2205, thread name hci_thread started
10-23 17:38:20.051  1884  2205 I bt_hci  : hci_initialize
10-23 17:38:20.052  1884  1978 D bt_hci  : hci_module_start_up starting async portion
10-23 17:38:20.057   168   168 W /system/bin/hwservicemanager: getTransportFromManifest: Cannot find entry android.hardware.bluetooth@1.0::IBluetoothHci in either framework or device manifest, using default transport.
10-23 17:38:20.073  1884  2205 I bt_hci  : hci_initialize: IBluetoothHci::getService() returned 0xa4d47130 (local)
10-23 17:38:20.074  1884  2205 I android.hardware.bluetooth@1.0-impl: BluetoothHci::initialize()
10-23 17:38:20.077  1884  2205 I bt_vendor: bt-vendor : init
10-23 17:38:20.077  1884  2205 D android.hardware.bluetooth@1.0-impl: Open vendor library loaded
10-23 17:38:20.077  1884  2205 I bt_hwcfg: Starting hciattach daemon
10-23 17:38:20.077  1884  2205 I bt_hwcfg: try to set true
10-23 17:38:20.088   637   637 V WiredAccessoryManager: notifyWiredAccessoryChanged: when=0 bits= mask=54
10-23 17:38:20.088   637   637 V WiredAccessoryManager: newName=h2w newState=0 headsetState=0 prev headsetState=0
10-23 17:38:20.088   637   637 V WiredAccessoryManager: init()
10-23 17:38:20.097   229  1977 I OMXMaster: makeComponentInstance(OMX.google.vorbis.decoder) in android.hardwar process
10-23 17:38:20.116  1932  2210 I SecurityController: could not bind to KeyChainService
10-23 17:38:20.119   229   229 E OMXNodeInstance: getConfig(0xb3198ea0:google.vorbis.decoder, ConfigAndroidVendorExtension(0x6f100004)) ERROR: Undefined(0x80001001)
10-23 17:38:20.126   229   271 I OMXMaster: makeComponentInstance(OMX.google.vorbis.decoder) in android.hardwar process
10-23 17:38:20.129   229   229 E OMXNodeInstance: getConfig(0xb3198f60:google.vorbis.decoder, ConfigAndroidVendorExtension(0x6f100004)) ERROR: Undefined(0x80001001)
10-23 17:38:20.176   637   755 I ActivityManager: user 0 is still locked. Cannot load recents
10-23 17:38:20.191  1932  1932 I CameraManagerGlobal: Connecting to camera service
10-23 17:38:20.197   215   503 I CameraService: CameraService::connect call (PID -1 "cameraserver", camera ID 0) for HAL version default and Camera API version 1
10-23 17:38:20.199   215   503 I CameraService: onTorchStatusChangedLocked: Torch status changed for cameraId=0, newStatus=0
10-23 17:38:20.206   419   419 D NuPlayerDriver: NuPlayerDriver(0xadf271c0) created, clientPid(215)
10-23 17:38:20.231   214   320 W DeviceHAL: Device 0xabaca000 set_mic_mute: Function not implemented
10-23 17:38:20.231   214   320 W DeviceHAL: Device 0xaadef000 set_mic_mute: Function not implemented
10-23 17:38:20.231   214   320 W DeviceHAL: Device 0xaa9d4080 set_mic_mute: Function not implemented
10-23 17:38:20.247   229   229 I OMXMaster: makeComponentInstance(OMX.google.vorbis.decoder) in android.hardwar process
10-23 17:38:20.251   229   271 E OMXNodeInstance: getConfig(0xb3198ea0:google.vorbis.decoder, ConfigAndroidVendorExtension(0x6f100004)) ERROR: Undefined(0x80001001)
10-23 17:38:20.259   419  2223 D NuPlayerDriver: notifyListener_l(0xadf271c0), (1, 0, 0, -1), loop setting(0, 0)
10-23 17:38:20.261   419   428 D NuPlayerDriver: NuPlayerDriver(0xadf272a0) created, clientPid(215)
10-23 17:38:20.297   419  2232 D NuPlayerDriver: notifyListener_l(0xadf272a0), (1, 0, 0, -1), loop setting(0, 0)
10-23 17:38:20.299   419   428 D NuPlayerDriver: NuPlayerDriver(0xadf27380) created, clientPid(215)
10-23 17:38:20.313   637   758 I SyncManager: Got SyncJobService instance.
10-23 17:38:20.318  1932  1949 I zygote  : Background concurrent copying GC freed 4768(838KB) AllocSpace objects, 2(40KB) LOS objects, 49% free, 1657KB/3MB, paused 335us total 119.201ms
10-23 17:38:20.339   229  1977 I OMXMaster: makeComponentInstance(OMX.google.vorbis.decoder) in android.hardwar process
10-23 17:38:20.340   637   637 D ConditionProviders.SCP: onSubscribe condition://android/schedule?days=1.2.3.4.5&start=22.0&end=7.0&exitAtAlarm=false
10-23 17:38:20.341   419  2235 D NuPlayerDriver: notifyListener_l(0xadf27380), (1, 0, 0, -1), loop setting(0, 0)
10-23 17:38:20.341   637   637 D ConditionProviders.SCP: setRegistered true
10-23 17:38:20.342   637   637 D ConditionProviders.SCP: notifyCondition condition://android/schedule?days=1.2.3.4.5&start=22.0&end=7.0&exitAtAlarm=false STATE_FALSE reason=!meetsSchedule
10-23 17:38:20.344   637   637 D ConditionProviders.SCP: Scheduling evaluate for Mon Oct 23 22:00:00 GMT+00:00 2017 (1508796000000), in +9h51m39s659ms, now=Mon Oct 23 12:08:20 GMT+00:00 2017 (1508760500341)
10-23 17:38:20.346   637   637 D ConditionProviders.SCP: onSubscribe condition://android/schedule?days=6.7&start=23.30&end=10.0&exitAtAlarm=false
10-23 17:38:20.346   637   637 D ConditionProviders.SCP: notifyCondition condition://android/schedule?days=6.7&start=23.30&end=10.0&exitAtAlarm=false STATE_FALSE reason=!meetsSchedule
10-23 17:38:20.346   215   503 I CameraHardwareInterface: Opening camera 0
10-23 17:38:20.347   215   503 I CamDev@1.0-impl: Opening camera 0
10-23 17:38:20.349   637   637 D ConditionProviders.SCP: notifyCondition condition://android/schedule?days=1.2.3.4.5&start=22.0&end=7.0&exitAtAlarm=false STATE_FALSE reason=!meetsSchedule
10-23 17:38:20.349   229   229 E OMXNodeInstance: getConfig(0xb3198f60:google.vorbis.decoder, ConfigAndroidVendorExtension(0x6f100004)) ERROR: Undefined(0x80001001)
10-23 17:38:20.349   637   637 D ConditionProviders.SCP: Scheduling evaluate for Mon Oct 23 22:00:00 GMT+00:00 2017 (1508796000000), in +9h51m39s654ms, now=Mon Oct 23 12:08:20 GMT+00:00 2017 (1508760500346)
10-23 17:38:20.358   228   228 I wificond: New interface event callback registered
10-23 17:38:20.359   196   196 E WifiHAL : wifi_get_gscan_capabilities: GSCAN is not supported by driver
10-23 17:38:20.371   637  1860 E ActivityThread: Failed to find provider info for com.android.calendar
10-23 17:38:20.380   637  1860 E ActivityThread: Failed to find provider info for com.android.calendar
10-23 17:38:20.392   229  1977 I OMXMaster: makeComponentInstance(OMX.google.vorbis.decoder) in android.hardwar process
10-23 17:38:20.398   229   271 E OMXNodeInstance: getConfig(0xb3198ea0:google.vorbis.decoder, ConfigAndroidVendorExtension(0x6f100004)) ERROR: Undefined(0x80001001)
10-23 17:38:20.407   637   637 I Telecom : WiredHeadsetManager: ACTION_HEADSET_PLUG event, plugged in: false, : WHC.oADA@AAE
10-23 17:38:20.451   637   637 I Telecom : PhoneAccountRegistrar: SimCallManager queried, returning: null: TSI.gSCM@AAM
10-23 17:38:20.481   637   637 D ZenLog  : disable_effects: -1|android|32|null|1000,booleanState
10-23 17:38:20.482   637   637 D ZenLog  : disable_effects: -1|android|26|null|1000,booleanState
10-23 17:38:20.500  2257  2257 I mako-bluetooth: /system/etc/init.mako.bt.sh: Transport : smd
10-23 17:38:20.525   637   637 D AutofillManagerService: Autofill restriction did not change for user 0: null
10-23 17:38:20.532  2263  2263 I mako-bluetooth: /system/etc/init.mako.bt.sh: DUTADDR : 
10-23 17:38:20.532   637   637 D ZenLog  : config: conditionChanged,ZenModeConfig[user=0,allowCalls=true,allowRepeatCallers=false,allowMessages=false,allowCallsFrom=contacts,allowMessagesFrom=contacts,allowReminders=true,allowEvents=true,allowWhenScreenOff=true,allowWhenScreenOn=true,automaticRules={45a73431c57e497fa269c140a04e765d=ZenRule[enabled=false,snoozing=false,name=Weeknight,zenMode=ZEN_MODE_ALARMS,conditionId=condition://android/schedule?days=1.2.3.4.5&start=22.0&end=7.0&exitAtAlarm=false,condition=Condition[id=condition://android/schedule?days=1.2.3.4.5&start=22.0&end=7.0&exitAtAlarm=false,summary=...,line1=...,line2=...,icon=0,state=STATE_FALSE,flags=2],component=ComponentInfo{android/com.android.server.notification.ScheduleConditionProvider},id=45a73431c57e497fa269c140a04e765d,creationTime=1508760496579,enabler=null], a7ae524c7d314e02a50dcf499ba9e26f=ZenRule[enabled=false,snoozing=false,name=Event,zenMode=ZEN_MODE_ALARMS,conditionId=condition://android/event?userId=-10000&calendar=&reply=1,condition=null,component=ComponentInfo{android/com.android.server.notification.EventConditionProvider},id=a7ae524c7d314e02a50dcf499ba9e26f,creationTime=1508760496580,enabler=null], 6dce78899dd149e6af50a6803f10932b=ZenRule[enabled=false,snoozing=false,name=Weekend,zenMode=ZEN_MODE_ALARMS,conditionId=condition://android/schedule?days=6.7&start=23.30&end=10.0&exitAtAlarm=false,condition=null,component=ComponentInfo{android/com.android.server.notification.ScheduleConditionProvider},id=6dce78899dd149e6af50a6803f10932b,creationTime=1508760496579,enabler=null]},manualRule=null],Diff[automaticRule[45a73431c57e497fa269c140a04e765d].condition:null->Condition[id=condition://android/schedule?days=1.2.3.4.5&start=22.0&end=7.0&exitAtAlarm=false,summary=...,line1=...,line2=...,icon=0,state=STATE_FALSE,flags=2]]
10-23 17:38:20.535   637   637 D ZenLog  : config: conditionChanged,ZenModeConfig[user=0,allowCalls=true,allowRepeatCallers=false,allowMessages=false,allowCallsFrom=contacts,allowMessagesFrom=contacts,allowReminders=true,allowEvents=true,allowWhenScreenOff=true,allowWhenScreenOn=true,automaticRules={45a73431c57e497fa269c140a04e765d=ZenRule[enabled=false,snoozing=false,name=Weeknight,zenMode=ZEN_MODE_ALARMS,conditionId=condition://android/schedule?days=1.2.3.4.5&start=22.0&end=7.0&exitAtAlarm=false,condition=Condition[id=condition://android/schedule?days=1.2.3.4.5&start=22.0&end=7.0&exitAtAlarm=false,summary=...,line1=...,line2=...,icon=0,state=STATE_FALSE,flags=2],component=ComponentInfo{android/com.android.server.notification.ScheduleConditionProvider},id=45a73431c57e497fa269c140a04e765d,creationTime=1508760496579,enabler=null], a7ae524c7d314e02a50dcf499ba9e26f=ZenRule[enabled=false,snoozing=false,name=Event,zenMode=ZEN_MODE_ALARMS,conditionId=condition://android/event?userId=-10000&calendar=&reply=1,condition=null,component=ComponentInfo{android/com.android.server.notification.EventConditionProvider},id=a7ae524c7d314e02a50dcf499ba9e26f,creationTime=1508760496580,enabler=null], 6dce78899dd149e6af50a6803f10932b=ZenRule[enabled=false,snoozing=false,name=Weekend,zenMode=ZEN_MODE_ALARMS,conditionId=condition://android/schedule?days=6.7&start=23.30&end=10.0&exitAtAlarm=false,condition=Condition[id=condition://android/schedule?days=6.7&start=23.30&end=10.0&exitAtAlarm=false,summary=...,line1=...,line2=...,icon=0,state=STATE_FALSE,flags=2],component=ComponentInfo{android/com.android.server.notification.ScheduleConditionProvider},id=6dce78899dd149e6af50a6803f10932b,creationTime=1508760496579,enabler=null]},manualRule=null],Diff[automaticRule[6dce78899dd149e6af50a6803f10932b].condition:null->Condition[id=condition://android/schedule?days=6.7&start=23.30&end=10.0&exitAtAlarm=false,summary=...,line1=...,line2=...,icon=0,state=STATE_FALSE,flags=2]]
10-23 17:38:20.539   229  1977 I OMXMaster: makeComponentInstance(OMX.google.vorbis.decoder) in android.hardwar process
10-23 17:38:20.543   229   229 E OMXNodeInstance: getConfig(0xb3198ea0:google.vorbis.decoder, ConfigAndroidVendorExtension(0x6f100004)) ERROR: Undefined(0x80001001)
10-23 17:38:20.545   637   637 D ZenLog  : config: conditionChanged,ZenModeConfig[user=0,allowCalls=true,allowRepeatCallers=false,allowMessages=false,allowCallsFrom=contacts,allowMessagesFrom=contacts,allowReminders=true,allowEvents=true,allowWhenScreenOff=true,allowWhenScreenOn=true,automaticRules={45a73431c57e497fa269c140a04e765d=ZenRule[enabled=false,snoozing=false,name=Weeknight,zenMode=ZEN_MODE_ALARMS,conditionId=condition://android/schedule?days=1.2.3.4.5&start=22.0&end=7.0&exitAtAlarm=false,condition=Condition[id=condition://android/schedule?days=1.2.3.4.5&start=22.0&end=7.0&exitAtAlarm=false,summary=...,line1=...,line2=...,icon=0,state=STATE_FALSE,flags=2],component=ComponentInfo{android/com.android.server.notification.ScheduleConditionProvider},id=45a73431c57e497fa269c140a04e765d,creationTime=1508760496579,enabler=null], a7ae524c7d314e02a50dcf499ba9e26f=ZenRule[enabled=false,snoozing=false,name=Event,zenMode=ZEN_MODE_ALARMS,conditionId=condition://android/event?userId=-10000&calendar=&reply=1,condition=Condition[id=condition://android/event?userId=-10000&calendar=&reply=1,summary=...,line1=...,line2=...,icon=0,state=STATE_FALSE,flags=2],component=ComponentInfo{android/com.android.server.notification.EventConditionProvider},id=a7ae524c7d314e02a50dcf499ba9e26f,creationTime=1508760496580,enabler=null], 6dce78899dd149e6af50a6803f10932b=ZenRule[enabled=false,snoozing=false,name=Weekend,zenMode=ZEN_MODE_ALARMS,conditionId=condition://android/schedule?days=6.7&start=23.30&end=10.0&exitAtAlarm=false,condition=Condition[id=condition://android/schedule?days=6.7&start=23.30&end=10.0&exitAtAlarm=false,summary=...,line1=...,line2=...,icon=0,state=STATE_FALSE,flags=2],component=ComponentInfo{android/com.android.server.notification.ScheduleConditionProvider},id=6dce78899dd149e6af50a6803f10932b,creationTime=1508760496579,enabler=null]},manualRule=null],Diff[automaticRule[a7ae524c7d314e02a50dcf499ba9e26f].condition:null->Condition[id=condition://android/event?userId=-10000&calendar=&reply=1,summary=...,line1=...,line2=...,icon=0,state=STATE_FALSE,flags=2]]
10-23 17:38:20.550   637   637 D ZenLog  : set_zen_mode: off,conditionChanged
10-23 17:38:20.563   637   637 I chatty  : uid=1000 system_server identical 1 line
10-23 17:38:20.573  2268  2268 I bdAddrLoader: option : f=/persist/bluetooth/.bdaddr
10-23 17:38:20.578  2268  2268 I bdAddrLoader: option : h
10-23 17:38:20.578  2268  2268 I bdAddrLoader: option : x
10-23 17:38:20.578  2268  2268 I bdAddrLoader: Read From /persist/bluetooth/.bdaddr by Path type(0x11), Data type (0x21)
10-23 17:38:20.578  2268  2268 I bdAddrLoader: Output Data type(0x22), bPrintout(1), bPath((null))
10-23 17:38:20.578  2268  2268 I bdAddrLoader: Loaded Data type(0x21)
10-23 17:38:20.578  2268  2268 I bdAddrLoader: hex_to_ascii() - converted Data (10683FDBCC67)
10-23 17:38:20.628   229   229 I OMXMaster: makeComponentInstance(OMX.google.vorbis.decoder) in android.hardwar process
10-23 17:38:20.633   637   637 D ZenLog  : set_zen_mode: off,conditionChanged
10-23 17:38:20.636   229   271 E OMXNodeInstance: getConfig(0xb3198ea0:google.vorbis.decoder, ConfigAndroidVendorExtension(0x6f100004)) ERROR: Undefined(0x80001001)
10-23 17:38:20.667  2277  2277 E Diag_Lib:  Diag_LSM_Init: Failed to open handle to diag driver, error = 2
10-23 17:38:20.667  2277  2277 E Sensors : sns_fsa_la.c(386):fsa: fflush failed, 9
10-23 17:38:20.668  2277  2277 E Sensors : sns_fsa_la.c(386):fsa: fflush failed, 9
10-23 17:38:20.681  2281  2281 I mako-bluetooth: /system/etc/init.mako.bt.sh: BDADDR: 10:68:3F:DB:CC:67
10-23 17:38:20.694  2277  2284 W Sensors : sns_smr_la.c(446):smr_la: smr_apps_la_thread_main is starting, fd=10, sns_smr.en_rx_msg_ptr=a731c9d4
10-23 17:38:20.708  2277  2284 W Sensors : sns_smr_la.c(467):smr_la: poll return revents: 0x1/ffffffff errno: 0
10-23 17:38:20.708  2277  2284 W Sensors : sns_main.c(1430):sns_main_exit called
10-23 17:38:20.708  2277  2284 E Sensors : error connecting error -1 Connection refused
10-23 17:38:20.710  2282  2282 I mako-bluetooth: /system/etc/init.mako.bt.sh: Power Class: Ignored. Default(1) used (1-CLASS1/2-CLASS2/3-CUSTOM)
10-23 17:38:20.725  2068  2068 I chatty  : uid=1001(radio) com.android.phone expire 343 lines
10-23 17:38:20.728   637  1858 I chatty  : uid=1000(system) notification-sq expire 1 line
10-23 17:38:20.736  2287  2287 I mako-bluetooth: /system/etc/init.mako.bt.sh: Power Class: To override, Before turning BT ON; setprop qcom.bt.dev_power_class <1 or 2 or 3>
10-23 17:38:21.342  2293  2293 I mako-bluetooth: /system/etc/init.mako.bt.sh: Bluetooth QSoC firmware download succeeded,  10:68:3F:DB:CC:67 smd
10-23 17:38:21.386   245   245 E libsensor1: sensor1_open: Error in connect() errno=2 No such file or directory
10-23 17:38:21.386   245   245 E mm-camera: Failed to open sensor1 port
10-23 17:38:21.391  1884  2205 I bt_hwcfg: bluetooth satus is on
10-23 17:38:21.394  1884  2205 I bt_userial_vendor: Done intiailizing UART
10-23 17:38:21.394  1884  2205 I bt_userial_vendor: Done intiailizing UART
10-23 17:38:21.395  1884  2205 I bt_vendor: Bluetooth Firmware and smd is initialized
10-23 17:38:21.395  1884  2205 D android.hardware.bluetooth@1.0-impl: OnFirmwareConfigured result: 0
10-23 17:38:21.395  1884  2205 I android.hardware.bluetooth@1.0-impl: Firmware configured in 0.000s
10-23 17:38:21.395  1884  2205 I android.hardware.bluetooth@1.0-impl: OnFirmwareConfigured: lpm_timeout_ms 0
10-23 17:38:21.395  1884  2205 D android.hardware.bluetooth@1.0-impl: low_power_mode_cb result: 0
10-23 17:38:21.395  1884  2205 D android.hardware.bluetooth@1.0-impl: OnFirmwareConfigured Calling StartLowPowerWatchdog()
10-23 17:38:21.395  1884  2205 I bt_hci  : event_finish_startup
10-23 17:38:21.395  1884  1978 I bt_core_module: module_start_up Started module "hci_module"
10-23 17:38:21.403  1884  2298 I bt_osi_thread: run_thread: thread id 2298, thread name bt_workqueue started
10-23 17:38:21.403  1884  2298 I bt_btu  : btu_task pending for preload complete event
10-23 17:38:21.403  1884  2298 I bt_btu_task: Bluetooth chip preload is complete
10-23 17:38:21.403  1884  2298 I bt_btu  : btu_task received preload complete event
10-23 17:38:21.406  1884  2298 E bt_att  : gatt_profile_db_init:  gatt_if=1
10-23 17:38:21.409  1884  2303 I bt_osi_thread: run_thread: thread id 2303, thread name module_wrapper started
10-23 17:38:21.409  1884  2303 I bt_core_module: module_start_up Starting module "controller_module"
10-23 17:38:21.414  2295  2295 I mako-bluetooth: /system/etc/init.mako.bt.sh: start bluetooth smd transport
10-23 17:38:21.438   245  2296 E mm-camera: sensor_load_chromatix: libchromatix_imx111_preview.so: 30
10-23 17:38:21.474  1884  2297 D bt_hci  : get_waiting_command VS event found treat it as valid 0xffff
10-23 17:38:21.475  1884  2303 E bt_hci  : read_command_complete_header: return status - 0x1
10-23 17:38:21.493  1884  2303 I bt_core_module: module_start_up Started module "controller_module"
10-23 17:38:21.494  1884  2303 W bt_osi_thread: run_thread: thread id 2303, thread name module_wrapper exited
10-23 17:38:21.494  1884  2298 W bt_btm  : btm_decode_ext_features_page: feature page 1 ignored
10-23 17:38:21.494  1884  2298 W bt_btm  : btm_decode_ext_features_page: feature page 2 ignored
10-23 17:38:21.494  1884  2298 I bt_btm_sec: BTM_SecRegister p_cb_info->p_le_callback == 0x0x96910e21
10-23 17:38:21.494  1884  2298 I bt_btm_sec: BTM_SecRegister btm_cb.api.p_le_callback = 0x0x96910e21 
10-23 17:38:21.495  1884  2298 I bt_stack: [INFO:ble_advertiser_hci_interface.cc(698)] Legacy advertising will be in use
10-23 17:38:21.510  1884  1991 E bt_btif_storage: btif_storage_get_adapter_property: Controller ready!
10-23 17:38:21.510  1884  1991 I bt_btif_storage: btif_storage_get_adapter_property service_mask:0x20000000
10-23 17:38:21.511  1884  1991 D BluetoothAdapterProperties: Address is:10:68:3F:DB:CC:67
10-23 17:38:21.512   637   637 D BluetoothManagerService: Bluetooth Adapter address changed to 10:68:3F:DB:CC:67
10-23 17:38:21.513   637   637 D BluetoothManagerService: Stored Bluetoothaddress: 10:68:3F:DB:CC:67
10-23 17:38:21.513  1884  1991 D BluetoothAdapterProperties: Name is: Nexus 4
10-23 17:38:21.514   637   637 D BluetoothManagerService: Bluetooth Adapter name changed to Nexus 4
10-23 17:38:21.514  1884  1991 D BluetoothAdapterProperties: Scan Mode:20
10-23 17:38:21.514  1884  1991 D BluetoothAdapterProperties: Discoverable Timeout:120
10-23 17:38:21.514   637   637 D BluetoothManagerService: Stored Bluetooth name: Nexus 4
10-23 17:38:21.514  1884  1991 W bt_btif : btif_enable_bluetooth_evt: Saving the Adapter Address
10-23 17:38:21.515  1884  1991 D BluetoothAdapterProperties: Address is:10:68:3F:DB:CC:67
10-23 17:38:21.516   637   637 D BluetoothManagerService: Bluetooth Adapter address changed to 10:68:3F:DB:CC:67
10-23 17:38:21.517   637   637 D BluetoothManagerService: Stored Bluetoothaddress: 10:68:3F:DB:CC:67
10-23 17:38:21.518  1884  2305 I bt_osi_thread: run_thread: thread id 2305, thread name btif_sock started
10-23 17:38:21.522  1884  1991 D bt_bte_conf: Device ID record 1 : primary
10-23 17:38:21.522  1884  1991 D bt_bte_conf:   vendorId            = 000f
10-23 17:38:21.522  1884  1991 D bt_bte_conf:   vendorIdSource      = 0001
10-23 17:38:21.522  1884  1991 D bt_bte_conf:   product             = 1200
10-23 17:38:21.522  1884  1991 D bt_bte_conf:   version             = 1436
10-23 17:38:21.522  1884  1991 D bt_bte_conf:   clientExecutableURL = 
10-23 17:38:21.522  1884  1991 D bt_bte_conf:   serviceDescription  = 
10-23 17:38:21.522  1884  1991 D bt_bte_conf:   documentationURL    = 
10-23 17:38:21.522  1884  1991 D bt_bte_conf: bte_load_did_conf no section named DID2.
10-23 17:38:21.522  1884  1978 I bt_stack_manager: event_start_up_stack finished
10-23 17:38:21.523  1884  1976 V BluetoothAdapterState: PendingCommand - transient state(s): isBleTurningOn
10-23 17:38:21.523  1884  1976 D BluetoothAdapterState: Current state: PENDING_COMMAND, message: 3
10-23 17:38:21.523  1884  1976 D BluetoothAdapterProperties: Setting state to 15
10-23 17:38:21.523  1884  1976 I BluetoothAdapterState: Bluetooth adapter state changed: 14-> 15
10-23 17:38:21.523  1884  1976 D BluetoothAdapterService: updateAdapterState() - Broadcasting state to 1 receivers.
10-23 17:38:21.523   637   766 D BluetoothManagerService: MESSAGE_BLUETOOTH_STATE_CHANGE: BLE_TURNING_ON > BLE_ON
10-23 17:38:21.523   637   766 D BluetoothManagerService: Bluetooth is in LE only mode
10-23 17:38:21.524   637   766 D BluetoothManagerService: Binding Bluetooth GATT service
10-23 17:38:21.525  1884  1976 I BluetoothAdapterState: Entering BleOnState
10-23 17:38:21.525   637   766 D BluetoothManagerService: Sending BLE State Change: BLE_TURNING_ON > BLE_ON
10-23 17:38:21.525   637   637 D BluetoothManagerService: BluetoothServiceConnection: com.android.bluetooth.gatt.GattService
10-23 17:38:21.525   637   766 D BluetoothManagerService: MESSAGE_BLUETOOTH_SERVICE_CONNECTED: 2
10-23 17:38:21.526   637   766 D BluetoothManagerService: BluetoothGatt Service is Up
10-23 17:38:21.527  1884  1976 D BluetoothAdapterState: Current state: BLE ON, message: 1
10-23 17:38:21.528  1884  1976 D BluetoothAdapterProperties: Setting state to 11
10-23 17:38:21.528  1884  1976 I BluetoothAdapterState: Bluetooth adapter state changed: 15-> 11
10-23 17:38:21.528  1884  1976 D BluetoothAdapterService: updateAdapterState() - Broadcasting state to 1 receivers.
10-23 17:38:21.528   637   766 D BluetoothManagerService: Persisting Bluetooth Setting: 1
10-23 17:38:21.528   637   766 D BluetoothManagerService: MESSAGE_BLUETOOTH_STATE_CHANGE: BLE_ON > TURNING_ON
10-23 17:38:21.528   637   766 D BluetoothManagerService: Sending BLE State Change: BLE_ON > TURNING_ON
10-23 17:38:21.529  1884  1976 D BluetoothAdapterService: startCoreServices()
10-23 17:38:21.529  1884  1976 D BluetoothAdapterService: setProfileServiceState() - Starting service com.android.bluetooth.hfp.HeadsetService
10-23 17:38:21.531  1884  1976 D BluetoothAdapterService: setProfileServiceState() - Starting service com.android.bluetooth.a2dp.A2dpService
10-23 17:38:21.534  1884  1976 D BluetoothAdapterService: setProfileServiceState() - Starting service com.android.bluetooth.hid.HidService
10-23 17:38:21.534  1884  1884 D BluetoothAdapterService: getAdapterService() - returning com.android.bluetooth.btservice.AdapterService@7027246
10-23 17:38:21.535  1884  1884 D HeadsetService: Received start request. Starting profile...
10-23 17:38:21.536  2296  2296 I mm-qcamera-daem: type=1400 audit(0.0:141): avc: denied { execmod } for path="/system/lib/libmmcamera_faceproc.so" dev="mmcblk0p21" ino=1385 scontext=u:r:camera:s0 tcontext=u:object_r:system_file:s0 tclass=file permissive=1
10-23 17:38:21.536   637   637 I Telecom : : - Got BluetoothHeadset: com.android.server.telecom.BluetoothHeadsetProxy@e3a878f: BMSL.oSC@AAQ
10-23 17:38:21.537  1884  1976 D BluetoothAdapterService: setProfileServiceState() - Starting service com.android.bluetooth.hdp.HealthService
10-23 17:38:21.538  1884  1884 I BluetoothHeadsetServiceJni: classInitNative: succeeds
10-23 17:38:21.539  1884  1884 D HeadsetStateMachine: make
10-23 17:38:21.540  1884  1976 D BluetoothAdapterService: setProfileServiceState() - Starting service com.android.bluetooth.pan.PanService
10-23 17:38:21.542   245  2296 W linker  : "/system/lib/libmmcamera_faceproc.so" has text relocations. This is wasting memory and prevents security hardening. Please fix.
10-23 17:38:21.543  1884  1976 D BluetoothAdapterService: setProfileServiceState() - Starting service com.android.bluetooth.map.BluetoothMapService
10-23 17:38:21.546  1884  1976 D BluetoothAdapterService: setProfileServiceState() - Starting service com.android.bluetooth.opp.BluetoothOppService
10-23 17:38:21.548  1884  1976 D BluetoothAdapterService: setProfileServiceState() - Starting service com.android.bluetooth.pbap.BluetoothPbapService
10-23 17:38:21.550  1884  1976 I BluetoothAdapterState: Entering PendingCommandState
10-23 17:38:21.551   245  2296 E mm-camera: vfe_ops_init: E
10-23 17:38:21.557  1884  1884 D HeadsetStateMachine: max_hf_connections = 1
10-23 17:38:21.557  1884  1884 D HeadsetStateMachine: in-band_ringing_support = false
10-23 17:38:21.557   245  2296 E mm-camera: vfe_legacy_stats_buffer_init: AEC_STATS_BUFNUM
10-23 17:38:21.557  1884  1884 I bt_btif : get_profile_interface: id = handsfree
10-23 17:38:21.558  1884  1991 I bt_btif_storage: btif_storage_get_adapter_property service_mask:0x20000040
10-23 17:38:21.558   245  2296 E mm-camera: vfe_legacy_stats_buffer_init: AEC_STATS_BUFNUM
10-23 17:38:21.559  1884  1991 E bt_btif : btif_hf_upstreams_evt: Invalid index 59705
10-23 17:38:21.560   245  2296 E mm-camera: mctl_init_stats_proc_info: snap_max_line_cnt =30096
10-23 17:38:21.562  1884  1884 D BluetoothAdapterService: getAdapterService() - returning com.android.bluetooth.btservice.AdapterService@7027246
10-23 17:38:21.566   503   503 I Binder:215_1: type=1400 audit(0.0:142): avc: denied { execmod } for path="/system/lib/libmorpho_noise_reduction.so" dev="mmcblk0p21" ino=1398 scontext=u:r:cameraserver:s0 tcontext=u:object_r:system_file:s0 tclass=file permissive=1
10-23 17:38:21.570  1884  1884 D BluetoothAdapterService: getAdapterService() - returning com.android.bluetooth.btservice.AdapterService@7027246
10-23 17:38:21.572  1884  1884 D A2dpService: Received start request. Starting profile...
10-23 17:38:21.573  1884  1884 I BluetoothAvrcpServiceJni: classInitNative: succeeds
10-23 17:38:21.573  1884  1884 V Avrcp   : make
10-23 17:38:21.575  1884  1884 I bt_btif : get_profile_interface: id = avrcp
10-23 17:38:21.576   215   503 W linker  : "/system/lib/libmorpho_noise_reduction.so" has text relocations. This is wasting memory and prevents security hardening. Please fix.
10-23 17:38:21.576   215   503 I CameraHardwareInterface: Destroying camera 0
10-23 17:38:21.580   215   503 E mm-libcamera2: PROFILE HAL: stopPreview(): E: 1508760501.580211982
10-23 17:38:21.581   215   503 I CamDev@1.0-impl: Closing camera 0
10-23 17:38:21.581   215   503 I QCameraHWI: ~QCameraHardwareInterface First stop the polling threads before deleting instances
10-23 17:38:21.583   245  2296 E mm-camera: config_shutdown_pp Camera not in streaming mode. Returning. 
10-23 17:38:21.584   245  2296 E mm-camera: vfe_ops_deinit: E
10-23 17:38:21.589   637  2105 I chatty  : uid=1000(system) Binder:637_6 expire 1 line
10-23 17:38:21.591  1884  1884 V Avrcp   : initMediaPlayerInfoList: 0 controllers
10-23 17:38:21.592  1884  1884 I BluetoothA2dpServiceJni: classInitNative: succeeds
10-23 17:38:21.592  1884  1884 D A2dpStateMachine: make
10-23 17:38:21.594  1884  1884 I bt_btif : get_profile_interface: id = a2dp
10-23 17:38:21.594  1884  2316 I bt_osi_thread: run_thread: thread id 2316, thread name btif_a2dp_source started
10-23 17:38:21.595  1884  1991 I bt_btif_storage: btif_storage_get_adapter_property service_mask:0x20000048
10-23 17:38:21.595  1884  2298 I bt_bta_av: AVRCP version used for sdp: "avrcp14"
10-23 17:38:21.595  1884  1991 E bt_btif : btif_sm_dispatch : Invalid handle
10-23 17:38:21.595  1884  1884 D a2dp_codec: init
10-23 17:38:21.595  1884  1884 D a2dp_codec: createCodec: codec SBC
10-23 17:38:21.595  1884  1884 I a2dp_codec: init: updated SBC codec priority to 1001
10-23 17:38:21.595  1884  1884 D a2dp_codec: createCodec: codec AAC
10-23 17:38:21.595  1884  1884 I a2dp_codec: init: updated AAC codec priority to 2001
10-23 17:38:21.596  1884  1884 D a2dp_codec: createCodec: codec aptX
10-23 17:38:21.596  1884  1991 E bt_btif : btif_sm_dispatch : Invalid handle
10-23 17:38:21.596  1884  1884 E a2dp_vendor_aptx_encoder: A2DP_VendorLoadEncoderAptx: cannot open aptX encoder library libaptX_encoder.so: dlopen failed: library "libaptX_encoder.so" not found
10-23 17:38:21.596  1884  1884 E a2dp_vendor_aptx: init: cannot load the encoder
10-23 17:38:21.596  1884  1884 D a2dp_codec: createCodec: codec aptX-HD
10-23 17:38:21.597  1884  1884 E a2dp_vendor_aptx_hd_encoder: A2DP_VendorLoadEncoderAptxHd: cannot open aptX-HD encoder library libaptXHD_encoder.so: dlopen failed: library "libaptXHD_encoder.so" not found
10-23 17:38:21.597  1884  1884 E a2dp_vendor_aptx_hd: init: cannot load the encoder
10-23 17:38:21.597  1884  1884 D a2dp_codec: createCodec: codec LDAC
10-23 17:38:21.599   215   503 I CameraService: onTorchStatusChangedLocked: Torch status changed for cameraId=0, newStatus=1
10-23 17:38:21.600   215   503 I CameraService: onTorchStatusChangedLocked: Torch status changed for cameraId=0, newStatus=1
10-23 17:38:21.600   215   503 I CameraService: disconnect: Disconnected client for camera 0 for PID 215
10-23 17:38:21.603   419   428 D NuPlayerDriver: reset(0xadf271c0) at state 4
10-23 17:38:21.603   419   428 D NuPlayerDriver: notifyListener_l(0xadf271c0), (8, 0, 0, -1), loop setting(0, 0)
10-23 17:38:21.604   419  2223 D NuPlayerDriver: notifyResetComplete(0xadf271c0)
10-23 17:38:21.606   419   428 D NuPlayerDriver: reset(0xadf272a0) at state 4
10-23 17:38:21.606   419   428 D NuPlayerDriver: notifyListener_l(0xadf272a0), (8, 0, 0, -1), loop setting(0, 0)
10-23 17:38:21.607   419  2232 D NuPlayerDriver: notifyResetComplete(0xadf272a0)
10-23 17:38:21.608  1884  1884 I a2dp_codec: init: updated LDAC codec priority to 5001
10-23 17:38:21.608   419  2023 D NuPlayerDriver: reset(0xadf27380) at state 4
10-23 17:38:21.608  1884  1884 D a2dp_codec: createCodec: codec SBC SINK
10-23 17:38:21.608  1884  1884 I a2dp_codec: init: initialized Source codec LDAC
10-23 17:38:21.608   419  2023 D NuPlayerDriver: notifyListener_l(0xadf27380), (8, 0, 0, -1), loop setting(0, 0)
10-23 17:38:21.608  1884  1884 I a2dp_codec: init: initialized Source codec AAC
10-23 17:38:21.608  1884  1884 I a2dp_codec: init: initialized Source codec SBC
10-23 17:38:21.608  1884  1884 I a2dp_codec: init: initialized Sink codec SBC(Sink)
10-23 17:38:21.608   419  2235 D NuPlayerDriver: notifyResetComplete(0xadf27380)
10-23 17:38:21.608  1884  1991 I BluetoothA2dpServiceJni: bta2dp_audio_config_callback
10-23 17:38:21.609  1884  1991 D A2dpStateMachine: A2DP Codec Config: null->{codecName:SBC,mCodecType:0,mCodecPriority:0,mSampleRate:0x0(NONE),mBitsPerSample:0x0(NONE),mChannelMode:0x0(NONE),mCodecSpecific1:0,mCodecSpecific2:0,mCodecSpecific3:0,mCodecSpecific4:0}
