10-23 17:36:57.198   637   637 I PackageManager: /system/priv-app/BackupRestoreConfirmation changed; collecting certs
10-23 17:36:57.225   637   637 I PackageManager: /system/priv-app/BlockedNumberProvider changed; collecting certs
10-23 17:36:57.249   637   637 E PackageManager: Adding duplicate user id: 10001 name=com.android.providers.blockednumber
10-23 17:36:57.252   637   637 I PackageManager: /system/priv-app/CallLogBackup changed; collecting certs
10-23 17:36:57.260   637   637 E PackageManager: Adding duplicate user id: 10001 name=com.android.calllogbackup
10-23 17:36:57.271   637   637 I PackageManager: /system/priv-app/CalendarProvider changed; collecting certs
10-23 17:36:57.300   637   637 E PackageManager: Adding duplicate user id: 10002 name=com.android.providers.calendar
10-23 17:36:57.304   637   637 I PackageManager: /system/priv-app/CarrierConfig changed; collecting certs
10-23 17:36:57.328   637   781 W PackageParser: No actions in intent filter at /system/priv-app/Contacts/Contacts.apk Binary XML file line #443
10-23 17:36:57.334   637   637 I PackageManager: /system/priv-app/CtsShimPrivPrebuilt changed; collecting certs
10-23 17:36:57.346   637   637 I PackageManager: /system/priv-app/CellBroadcastReceiver changed; collecting certs
10-23 17:36:57.435   637   647 I chatty  : uid=1000(system) HeapTaskDaemon expire 1 line
10-23 17:36:57.446   637   637 I PackageManager: /system/priv-app/ContactsProvider changed; collecting certs
10-23 17:36:57.468   637   637 E PackageManager: Adding duplicate user id: 10001 name=com.android.providers.contacts
10-23 17:36:57.472   637   637 I PackageManager: /system/priv-app/DefaultContainerService changed; collecting certs
10-23 17:36:57.487   637   637 I PackageManager: /system/priv-app/Contacts changed; collecting certs
10-23 17:36:57.687   637   637 I PackageManager: /system/priv-app/DownloadProvider changed; collecting certs
10-23 17:36:57.702   637   637 E PackageManager: Adding duplicate user id: 10008 name=com.android.providers.downloads
10-23 17:36:57.706   637   637 I PackageManager: /system/priv-app/EmergencyInfo changed; collecting certs
10-23 17:36:57.732   637   637 E PackageManager: Adding duplicate user id: 10009 name=com.android.emergency
10-23 17:36:57.735   637   637 I PackageManager: /system/priv-app/Eleven changed; collecting certs
10-23 17:36:57.835   637   637 I PackageManager: /system/priv-app/DocumentsUI changed; collecting certs
10-23 17:36:57.887   637   637 I PackageManager: /system/priv-app/ExtServices changed; collecting certs
10-23 17:36:57.894   637   637 I PackageManager: /system/priv-app/FusedLocation changed; collecting certs
10-23 17:36:57.901   637   637 E PackageManager: Adding duplicate shared id: 1000 name=com.android.location.fused
10-23 17:36:57.906   637   637 I PackageManager: /system/priv-app/ExternalStorageProvider changed; collecting certs
10-23 17:36:57.913   637   637 I PackageManager: /system/priv-app/InputDevices changed; collecting certs
10-23 17:36:57.922   637   637 E PackageManager: Adding duplicate shared id: 1000 name=com.android.inputdevices
10-23 17:36:57.926   637   637 I PackageManager: /system/priv-app/Dialer changed; collecting certs
10-23 17:36:57.979   637   778 W PackageParser: Ignoring duplicate uses-permissions/uses-permissions-sdk-m: android.permission.INSTALL_GRANT_RUNTIME_PERMISSIONS in package: com.android.shell at: Binary XML file line #105
10-23 17:36:58.198   637   637 I PackageManager: /system/priv-app/LineageSettingsProvider changed; collecting certs
10-23 17:36:58.206   637   637 E PackageManager: Adding duplicate shared id: 1000 name=org.lineageos.lineagesettings
10-23 17:36:58.212   637   637 I PackageManager: /system/priv-app/ManagedProvisioning changed; collecting certs
10-23 17:36:58.256   637   637 I PackageManager: /system/priv-app/MmsService changed; collecting certs
10-23 17:36:58.272   637   637 E PackageManager: Adding duplicate shared id: 1001 name=com.android.mms.service
10-23 17:36:58.276   637   637 I PackageManager: /system/priv-app/MediaProvider changed; collecting certs
10-23 17:36:58.299   637   637 E PackageManager: Adding duplicate user id: 10008 name=com.android.providers.media
10-23 17:36:58.304   637   637 I PackageManager: /system/priv-app/LineageParts changed; collecting certs
10-23 17:36:58.469   637   637 E PackageManager: Adding duplicate shared id: 1000 name=org.lineageos.lineageparts
10-23 17:36:58.480   637   637 I PackageManager: /system/priv-app/MtpDocumentsProvider changed; collecting certs
10-23 17:36:58.496   637   637 E PackageManager: Adding duplicate user id: 10008 name=com.android.mtp
10-23 17:36:58.497   637   778 W PackageParser: Ignoring duplicate uses-permissions/uses-permissions-sdk-m: android.permission.CONFIGURE_WIFI_DISPLAY in package: com.android.systemui at: Binary XML file line #125
10-23 17:36:58.504   637   637 I PackageManager: /system/priv-app/OneTimeInitializer changed; collecting certs
10-23 17:36:58.516   637   637 I PackageManager: /system/priv-app/PackageInstaller changed; collecting certs
10-23 17:36:58.701   637   637 I PackageManager: /system/priv-app/Provision changed; collecting certs
10-23 17:36:58.707   637   637 I PackageManager: /system/priv-app/ProxyHandler changed; collecting certs
10-23 17:36:58.715   637   637 I PackageManager: /system/priv-app/SharedStorageBackup changed; collecting certs
10-23 17:36:58.721   637   637 I PackageManager: /system/priv-app/SettingsProvider changed; collecting certs
10-23 17:36:58.723   458   458 E kickstart: ERROR: function: use_wakelock:551 Failed to open wake lock file /sys/power/wake_lock: Permission denied
10-23 17:36:58.730   637   637 E PackageManager: Adding duplicate shared id: 1000 name=com.android.providers.settings
10-23 17:36:58.733   637   637 I PackageManager: /system/priv-app/Shell changed; collecting certs
10-23 17:36:58.741   637   637 E PackageManager: Adding duplicate shared id: 2000 name=com.android.shell
10-23 17:36:58.744   637   637 I PackageManager: /system/priv-app/StatementService changed; collecting certs
10-23 17:36:58.751   637   637 I PackageManager: /system/priv-app/StorageManager changed; collecting certs
10-23 17:36:58.844   637   637 I PackageManager: /system/priv-app/Tag changed; collecting certs
10-23 17:36:58.856   637   637 I PackageManager: /system/priv-app/TeleService changed; collecting certs
10-23 17:36:58.929   458   458 E kickstart: Received file "/dev/block/platform/msm_sdcc.1/by-name/m9kefs2"
10-23 17:36:58.929   458   458 E kickstart: 786432 bytes transferred in 0.198s (3.79 MBps)
10-23 17:36:58.930   458   458 E kickstart: Successfully downloaded files from target 
10-23 17:36:58.930   458   458 E kickstart: ERROR: function: use_wakelock:551 Failed to open wake lock file /sys/power/wake_unlock: Permission denied
10-23 17:36:58.931   458   458 E kickstart: Sahara protocol completed
10-23 17:36:59.082   637   637 E PackageManager: Adding duplicate shared id: 1001 name=com.android.phone
10-23 17:36:59.086   637   637 I PackageManager: /system/priv-app/SystemUI changed; collecting certs
10-23 17:36:59.355   637   637 E PackageManager: Adding duplicate user id: 10024 name=com.android.systemui
10-23 17:36:59.365   637   637 I PackageManager: /system/priv-app/TelephonyProvider changed; collecting certs
10-23 17:36:59.374   637   637 E PackageManager: Adding duplicate shared id: 1001 name=com.android.providers.telephony
10-23 17:36:59.382   637   637 I PackageManager: /system/priv-app/Telecom changed; collecting certs
10-23 17:36:59.467   637   637 E PackageManager: Adding duplicate shared id: 1000 name=com.android.server.telecom
10-23 17:36:59.470   637   637 I PackageManager: /system/priv-app/Trebuchet changed; collecting certs
10-23 17:36:59.505   637   637 I PackageManager: /system/priv-app/Settings changed; collecting certs
10-23 17:37:00.177   637   637 E PackageManager: Adding duplicate shared id: 1000 name=com.android.settings
10-23 17:37:00.186   637   637 I PackageManager: /system/priv-app/VpnDialogs changed; collecting certs
10-23 17:37:00.197   637   637 I PackageManager: /system/priv-app/WallpaperCropper changed; collecting certs
10-23 17:37:00.249   637   637 I PackageManager: /system/app/BookmarkProvider changed; collecting certs
10-23 17:37:00.263   637   637 I PackageManager: /system/app/BasicDreams changed; collecting certs
10-23 17:37:00.263   637   796 W PackageParser: Ignoring duplicate uses-permissions/uses-permissions-sdk-m: android.permission.READ_CONTACTS in package: com.android.bluetooth at: Binary XML file line #61
10-23 17:37:00.268   637   796 W PackageParser: No actions in intent filter at /system/app/Bluetooth/Bluetooth.apk Binary XML file line #218
10-23 17:37:00.275   637   637 I PackageManager: /system/app/BluetoothMidiService changed; collecting certs
10-23 17:37:00.293   637   637 I PackageManager: /system/app/BuiltInPrintService changed; collecting certs
10-23 17:37:00.315   637   637 I PackageManager: /system/app/Bluetooth changed; collecting certs
10-23 17:37:00.338   637   796 W PackageParser: No actions in intent filter at /system/app/CarrierDefaultApp/CarrierDefaultApp.apk Binary XML file line #49
10-23 17:37:00.370   637   637 E PackageManager: Adding duplicate shared id: 1002 name=com.android.bluetooth
10-23 17:37:00.384   637   637 I PackageManager: /system/app/CaptivePortalLogin changed; collecting certs
10-23 17:37:00.394   637   637 I PackageManager: /system/app/CarrierDefaultApp changed; collecting certs
10-23 17:37:00.402   637   637 I PackageManager: /system/app/Camera2 changed; collecting certs
10-23 17:37:00.528   637   637 I PackageManager: /system/app/Calendar changed; collecting certs
10-23 17:37:00.596   637   637 I PackageManager: /system/app/CtsShimPrebuilt changed; collecting certs
10-23 17:37:00.599   637   798 W PackageParser: Ignoring duplicate uses-permissions/uses-permissions-sdk-m: android.permission.WRITE_CONTACTS in package: com.android.email at: Binary XML file line #40
10-23 17:37:00.602   637   637 I PackageManager: /system/app/CompanionDeviceManager changed; collecting certs
10-23 17:37:00.610   637   637 I PackageManager: /system/app/CertInstaller changed; collecting certs
10-23 17:37:00.624   637   637 I PackageManager: /system/app/EasterEgg changed; collecting certs
10-23 17:37:00.644   807   807 E Diag_Lib:  Diag_LSM_Init: Failed to open handle to diag driver, error = 2
10-23 17:37:00.644   807   807 E Sensors : sns_fsa_la.c(386):fsa: fflush failed, 9
10-23 17:37:00.645   807   807 E Sensors : sns_fsa_la.c(386):fsa: fflush failed, 9
10-23 17:37:00.650   637   795 W PackageParser: Ignoring duplicate uses-permissions/uses-permissions-sdk-m: android.permission.CHANGE_WIFI_STATE in package: com.android.nfc at: Binary XML file line #47
10-23 17:37:00.650   637   795 W PackageParser: Ignoring duplicate uses-permissions/uses-permissions-sdk-m: android.permission.ACCESS_WIFI_STATE in package: com.android.nfc at: Binary XML file line #48
10-23 17:37:00.651   637   637 I PackageManager: /system/app/DownloadProviderUi changed; collecting certs
10-23 17:37:00.664   637   637 E PackageManager: Adding duplicate user id: 10008 name=com.android.providers.downloads.ui
10-23 17:37:00.669   637   637 I PackageManager: /system/app/Development changed; collecting certs
10-23 17:37:00.674   807   809 W Sensors : sns_smr_la.c(446):smr_la: smr_apps_la_thread_main is starting, fd=10, sns_smr.en_rx_msg_ptr=b276a9d4
10-23 17:37:00.683   637   637 I PackageManager: /system/app/ExtShared changed; collecting certs
10-23 17:37:00.686   807   809 W Sensors : sns_smr_la.c(467):smr_la: poll return revents: 0x1/ffffffff errno: 0
10-23 17:37:00.686   807   809 W Sensors : sns_main.c(1430):sns_main_exit called
10-23 17:37:00.687   807   809 E Sensors : error connecting error -1 Connection refused
10-23 17:37:00.695   637   637 I PackageManager: /system/app/DeskClock changed; collecting certs
10-23 17:37:00.790   637   637 I PackageManager: /system/app/ExactCalculator changed; collecting certs
10-23 17:37:00.807   637   637 I PackageManager: /system/app/HTMLViewer changed; collecting certs
10-23 17:37:00.814   637   637 I PackageManager: /system/app/KeyChain changed; collecting certs
10-23 17:37:00.821   637   637 E PackageManager: Adding duplicate shared id: 1000 name=com.android.keychain
10-23 17:37:00.824   637   637 I PackageManager: /system/app/Jelly changed; collecting certs
10-23 17:37:00.854   637   637 I PackageManager: /system/app/Gallery2 changed; collecting certs
10-23 17:37:00.987   637   637 I PackageManager: /system/app/Email changed; collecting certs
10-23 17:37:01.139   637   637 I PackageManager: /system/app/LiveWallpapersPicker changed; collecting certs
10-23 17:37:01.176   637   637 I PackageManager: /system/app/NfcNci changed; collecting certs
10-23 17:37:01.217   637   637 E PackageManager: Adding duplicate shared id: 1027 name=com.android.nfc
10-23 17:37:01.232   637   637 I PackageManager: /system/app/PacProcessor changed; collecting certs
10-23 17:37:01.238   637   637 I PackageManager: /system/app/PhotoTable changed; collecting certs
10-23 17:37:01.257   637   637 I PackageManager: /system/app/PicoTts changed; collecting certs
10-23 17:37:01.265   637   637 I PackageManager: /system/app/PrintRecommendationService changed; collecting certs
10-23 17:37:01.271   637   637 I PackageManager: /system/app/PrintSpooler changed; collecting certs
10-23 17:37:01.291   637   637 I PackageManager: /system/app/LatinIME changed; collecting certs
10-23 17:37:01.719   637   637 I PackageManager: /system/app/Stk changed; collecting certs
10-23 17:37:01.726   637   637 E PackageManager: Adding duplicate shared id: 1001 name=com.android.stk
10-23 17:37:01.730   637   637 I PackageManager: /system/app/Terminal changed; collecting certs
10-23 17:37:01.754   637   637 I PackageManager: /system/app/UserDictionaryProvider changed; collecting certs
10-23 17:37:01.758   637   637 E PackageManager: Adding duplicate user id: 10001 name=com.android.providers.userdictionary
10-23 17:37:01.761   637   637 I PackageManager: /system/app/WAPPushManager changed; collecting certs
10-23 17:37:01.769   637   637 I PackageManager: /system/app/WallpaperBackup changed; collecting certs
10-23 17:37:01.773   637   637 E PackageManager: Adding duplicate shared id: 1000 name=com.android.wallpaperbackup
10-23 17:37:01.776   637   637 I PackageManager: /system/app/WallpaperPicker changed; collecting certs
10-23 17:37:01.787   637   637 I PackageManager: /system/app/messaging changed; collecting certs
10-23 17:37:01.975   637   637 I PackageManager: /system/app/webview changed; collecting certs
10-23 17:37:03.668   637   637 I PackageManager: Time to scan packages: 7.115 seconds
10-23 17:37:03.684   637   637 V PackageManager: reconcileAppsData for null u0 0x3 migrateAppData=true
10-23 17:37:03.691   219   299 I SELinux : SELinux: Loaded file_contexts
10-23 17:37:03.706   219   219 W installd: Requested default storage /data/user_de/0/com.android.providers.telephony is not active; migrating from /data/data/com.android.providers.telephony
10-23 17:37:03.740   219   299 W installd: Requested default storage /data/user_de/0/com.android.defcontainer is not active; migrating from /data/data/com.android.defcontainer
10-23 17:37:03.758   219   299 W installd: Requested default storage /data/user_de/0/android is not active; migrating from /data/data/android
10-23 17:37:03.775   219   649 W installd: Requested default storage /data/user_de/0/com.android.providers.settings is not active; migrating from /data/data/com.android.providers.settings
10-23 17:37:03.791   219   664 W installd: Requested default storage /data/user_de/0/com.android.inputdevices is not active; migrating from /data/data/com.android.inputdevices
10-23 17:37:03.809   219   219 W installd: Requested default storage /data/user_de/0/android.ext.shared is not active; migrating from /data/data/android.ext.shared
10-23 17:37:03.826   219   299 W installd: Requested default storage /data/user_de/0/com.android.server.telecom is not active; migrating from /data/data/com.android.server.telecom
10-23 17:37:03.857   219   664 W installd: Requested default storage /data/user_de/0/android.ext.services is not active; migrating from /data/data/android.ext.services
10-23 17:37:03.875   219   219 W installd: Requested default storage /data/user_de/0/com.android.packageinstaller is not active; migrating from /data/data/com.android.packageinstaller
10-23 17:37:03.893   219   299 W installd: Requested default storage /data/user_de/0/com.android.proxyhandler is not active; migrating from /data/data/com.android.proxyhandler
10-23 17:37:03.911   219   299 W installd: Requested default storage /data/user_de/0/com.android.inputmethod.latin is not active; migrating from /data/data/com.android.inputmethod.latin
10-23 17:37:03.929   219   299 W installd: Requested default storage /data/user_de/0/com.android.settings is not active; migrating from /data/data/com.android.settings
10-23 17:37:03.945   219   649 W installd: Requested default storage /data/user_de/0/org.lineageos.lineagesettings is not active; migrating from /data/data/org.lineageos.lineagesettings
10-23 17:37:03.975   219   219 W installd: Requested default storage /data/user_de/0/com.android.phone is not active; migrating from /data/data/com.android.phone
10-23 17:37:03.993   219   299 W installd: Requested default storage /data/user_de/0/com.android.shell is not active; migrating from /data/data/com.android.shell
10-23 17:37:04.010   219   649 W installd: Requested default storage /data/user_de/0/com.android.location.fused is not active; migrating from /data/data/com.android.location.fused
10-23 17:37:04.027   219   664 W installd: Requested default storage /data/user_de/0/com.android.systemui is not active; migrating from /data/data/com.android.systemui
10-23 17:37:04.035   637   637 V PackageManager: reconcileAppsData finished 20 packages
10-23 17:37:04.036   637   637 V PackageManager: Disabling com.google.android.gsf/com.google.android.gsf.update.SystemUpdateActivity
10-23 17:37:04.036   637   637 W PackageManager: Unable to disable com.google.android.gsf/com.google.android.gsf.update.SystemUpdateActivity
10-23 17:37:04.036   637   816 D SystemServerInitThreadPool: Started executing prepareAppData
10-23 17:37:04.036   637   637 V PackageManager: Disabling com.google.android.gsf/com.google.android.gsf.update.SystemUpdateService$Receiver
10-23 17:37:04.036   637   637 W PackageManager: Unable to disable com.google.android.gsf/com.google.android.gsf.update.SystemUpdateService$Receiver
10-23 17:37:04.036   637   637 V PackageManager: Disabling com.google.android.gsf/com.google.android.gsf.update.SystemUpdateService$SecretCodeReceiver
10-23 17:37:04.036   637   637 W PackageManager: Unable to disable com.google.android.gsf/com.google.android.gsf.update.SystemUpdateService$SecretCodeReceiver
10-23 17:37:04.036   637   637 V PackageManager: Disabling com.google.android.gsf/com.google.android.gsf.update.SystemUpdateServiceReceiver
10-23 17:37:04.036   637   637 W PackageManager: Unable to disable com.google.android.gsf/com.google.android.gsf.update.SystemUpdateServiceReceiver
10-23 17:37:04.036   637   637 V PackageManager: Disabling com.google.android.gms/com.google.android.gms.update.SystemUpdateActivity
10-23 17:37:04.036   637   637 W PackageManager: Unable to disable com.google.android.gms/com.google.android.gms.update.SystemUpdateActivity
10-23 17:37:04.036   637   637 V PackageManager: Disabling com.google.android.gms/com.google.android.gms.update.SystemUpdateService$Receiver
10-23 17:37:04.036   637   637 W PackageManager: Unable to disable com.google.android.gms/com.google.android.gms.update.SystemUpdateService$Receiver
10-23 17:37:04.036   637   637 V PackageManager: Disabling com.google.android.gms/com.google.android.gms.update.SystemUpdateService$ActiveReceiver
10-23 17:37:04.036   637   637 W PackageManager: Unable to disable com.google.android.gms/com.google.android.gms.update.SystemUpdateService$ActiveReceiver
10-23 17:37:04.037   637   637 V PackageManager: Disabling com.google.android.gms/com.google.android.gms.update.SystemUpdateService$SecretCodeReceiver
10-23 17:37:04.037   637   637 W PackageManager: Unable to disable com.google.android.gms/com.google.android.gms.update.SystemUpdateService$SecretCodeReceiver
10-23 17:37:04.037   637   637 V PackageManager: Disabling com.google.android.gms/com.google.android.gms.update.SystemUpdateServiceReceiver
10-23 17:37:04.037   637   637 W PackageManager: Unable to disable com.google.android.gms/com.google.android.gms.update.SystemUpdateServiceReceiver
10-23 17:37:04.037   637   637 V PackageManager: Enabling com.google.android.gsf/com.google.android.gsf.update.SystemUpdateService
10-23 17:37:04.037   637   637 W PackageManager: Unable to enable com.google.android.gsf/com.google.android.gsf.update.SystemUpdateService
10-23 17:37:04.037   637   637 V PackageManager: Enabling com.google.android.gms/com.google.android.gms.update.SystemUpdateService
10-23 17:37:04.037   637   637 W PackageManager: Unable to enable com.google.android.gms/com.google.android.gms.update.SystemUpdateService
10-23 17:37:04.038   219   299 W installd: Ignoring /data/data/com.android.defcontainer/lib with unexpected GID 0 instead of 10006
10-23 17:37:04.039   219   299 W installd: Ignoring /data/data/com.android.inputmethod.latin/lib with unexpected GID 0 instead of 10054
10-23 17:37:04.040   219   299 W installd: Ignoring /data/user_de/0/com.android.defcontainer/lib with unexpected GID 0 instead of 10006
10-23 17:37:04.042   219   299 W installd: Ignoring /data/user_de/0/com.android.inputmethod.latin/lib with unexpected GID 0 instead of 10054
10-23 17:37:04.043   637   816 D SystemServerTimingAsync: AppDataFixup took to complete: 7ms
10-23 17:37:04.189   637   637 D PackageManager: Ephemeral resolver not found with new action; try old one
10-23 17:37:04.189   637   637 D PackageManager: Ephemeral resolver NOT found; no matching intent filters
10-23 17:37:04.189   637   637 D PackageManager: Ephemeral installer not found with new action; try old one
10-23 17:37:04.189   637   637 D PackageManager: Clear ephemeral installer activity
10-23 17:37:04.317   637   637 D SystemServerTiming: StartPackageManagerService took to complete: 7829ms
10-23 17:37:04.317   637   637 I SystemServer: StartOtaDexOptService
10-23 17:37:04.318   637   637 D OTADexopt: No upgrade, skipping A/B artifacts check.
10-23 17:37:04.318   637   637 D SystemServerTiming: StartOtaDexOptService took to complete: 2ms
10-23 17:37:04.318   637   637 I SystemServer: StartUserManagerService
10-23 17:37:04.319   637   637 I SystemServiceManager: Starting com.android.server.pm.UserManagerService$LifeCycle
10-23 17:37:04.320   637   637 D SystemServerTiming: StartUserManagerService took to complete: 1ms
10-23 17:37:04.320   637   637 I SystemServer: InitAttributerCache
10-23 17:37:04.321   637   637 D SystemServerTiming: InitAttributerCache took to complete: 0ms
10-23 17:37:04.321   637   637 I SystemServer: SetSystemProcess
10-23 17:37:04.334   201   201 I lowmemorykiller: ActivityManager connected
10-23 17:37:04.336   637   637 D SystemServerTiming: SetSystemProcess took to complete: 15ms
10-23 17:37:04.337   637   827 I ServiceThread: Enabled StrictMode logging for android.anim looper.
10-23 17:37:04.338   637   637 I SystemServer: StartOverlayManagerService
10-23 17:37:04.341   637   637 D SystemServerTiming: StartOverlayManagerService took to complete: 3ms
10-23 17:37:04.341   637   828 D SystemServerInitThreadPool: Started executing Init OverlayManagerService
10-23 17:37:04.342   637   637 I SystemServer: StartDropBoxManager
10-23 17:37:04.343   637   829 D SystemServerInitThreadPool: Started executing StartSensorService
10-23 17:37:04.343   637   637 I SystemServiceManager: Starting com.android.server.DropBoxManagerService
10-23 17:37:04.343   637   829 I chatty  : uid=1000 system_server expire 12 lines
10-23 17:37:04.345   168   168 W /system/bin/hwservicemanager: getTransportFromManifest: Cannot find entry android.hardware.sensors@1.0::ISensors in either framework or device manifest, using default transport.
10-23 17:37:04.345   637   637 D SystemServerTiming: StartDropBoxManager took to complete: 3ms
10-23 17:37:04.346   637   637 I SystemServer: StartBatteryService
10-23 17:37:04.346   637   637 I SystemServiceManager: Starting com.android.server.BatteryService
10-23 17:37:04.360   637   828 D SystemServerInitThreadPool: Finished executing Init OverlayManagerService
10-23 17:37:04.362   637   755 I chatty  : uid=1000(system) Binder:637_1 expire 1 line
10-23 17:37:04.362   637   637 D SystemServerTiming: StartBatteryService took to complete: 16ms
10-23 17:37:04.362   637   637 I SystemServer: StartUsageService
10-23 17:37:04.363   637   637 I SystemServiceManager: Starting com.android.server.usage.UsageStatsService
10-23 17:37:04.418   637   637 W SystemServiceManager: Service com.android.server.usage.UsageStatsService took 53 ms in onStart
10-23 17:37:04.418   637   637 D SystemServerTiming: StartUsageService took to complete: 56ms
10-23 17:37:04.418   637   637 I SystemServer: StartWebViewUpdateService
10-23 17:37:04.418   637   637 I SystemServiceManager: Starting com.android.server.webkit.WebViewUpdateService
10-23 17:37:04.426   637   637 D SystemServerTiming: StartWebViewUpdateService took to complete: 9ms
10-23 17:37:04.428   637   637 I SystemServer: StartKeyAttestationApplicationIdProviderService
10-23 17:37:04.428   637   757 D SystemServerInitThreadPool: Started executing SecondaryZygotePreload
10-23 17:37:04.428   637   757 I SystemServer: SecondaryZygotePreload
10-23 17:37:04.429   637   757 I chatty  : uid=1000 system_server expire 1 line
10-23 17:37:04.430   637   637 D SystemServerTiming: StartKeyAttestationApplicationIdProviderService took to complete: 2ms
10-23 17:37:04.430   637   637 I SystemServer: StartKeyChainSystemService
10-23 17:37:04.430   637   637 I SystemServiceManager: Starting com.android.server.security.KeyChainSystemService
10-23 17:37:04.431   637   637 D SystemServerTiming: StartKeyChainSystemService took to complete: 1ms
10-23 17:37:04.431   637   637 I SystemServer: StartSchedulingPolicyService
10-23 17:37:04.434   637   637 D SystemServerTiming: StartSchedulingPolicyService took to complete: 3ms
10-23 17:37:04.434   637   637 I SystemServer: StartTelecomLoaderService
10-23 17:37:04.434   637   637 I SystemServiceManager: Starting com.android.server.telecom.TelecomLoaderService
10-23 17:37:04.435   637   637 D SystemServerTiming: StartTelecomLoaderService took to complete: 1ms
10-23 17:37:04.435   637   637 I SystemServer: StartTelephonyRegistry
10-23 17:37:04.440   637   757 E SystemServer: Unable to preload default resources
10-23 17:37:04.440   637   757 D SystemServerTimingAsync: SecondaryZygotePreload took to complete: 12ms
10-23 17:37:04.440   637   757 D SystemServerInitThreadPool: Finished executing SecondaryZygotePreload
10-23 17:37:04.440   637   637 D SystemServerTiming: StartTelephonyRegistry took to complete: 4ms
10-23 17:37:04.440   637   637 I SystemServer: StartEntropyMixer
10-23 17:37:04.442   637   637 W EntropyMixer: No existing entropy file -- first boot?
10-23 17:37:04.444   637   637 I EntropyMixer: Added HW RNG output to entropy pool
10-23 17:37:04.444   637   637 I EntropyMixer: Writing entropy...
10-23 17:37:04.473   637   637 D SystemServerTiming: StartEntropyMixer took to complete: 32ms
10-23 17:37:04.473   637   637 I SystemServer: Camera Service Proxy
10-23 17:37:04.473   637   637 I SystemServer: StartCameraServiceProxy
10-23 17:37:04.474   637   637 I SystemServiceManager: Starting com.android.server.camera.CameraServiceProxy
10-23 17:37:04.476   637   834 I ServiceThread: Enabled StrictMode logging for CameraService_proxy looper.
10-23 17:37:04.477   637   637 D SystemServerTiming: StartCameraServiceProxy took to complete: 4ms
10-23 17:37:04.477   637   637 I SystemServer: StartAccountManagerService
10-23 17:37:04.478   637   637 I SystemServiceManager: Starting com.android.server.accounts.AccountManagerService$Lifecycle
10-23 17:37:04.490   637   637 D SystemServerTiming: StartAccountManagerService took to complete: 12ms
10-23 17:37:04.490   637   637 I SystemServer: StartContentService
10-23 17:37:04.491   637   637 I SystemServiceManager: Starting com.android.server.content.ContentService$Lifecycle
10-23 17:37:04.494   637   637 D SystemServerTiming: StartContentService took to complete: 4ms
10-23 17:37:04.494   637   637 I SystemServer: InstallSystemProviders
10-23 17:37:04.610   219   299 W installd: Requested default storage /data/user_de/0/com.android.stk is not active; migrating from /data/data/com.android.stk
10-23 17:37:04.637   637   637 D ActivityThread: Loading provider settings: com.android.providers.settings.SettingsProvider
10-23 17:37:04.841   219   649 W installd: Requested default storage /data/user_de/0/com.android.cellbroadcastreceiver is not active; migrating from /data/data/com.android.cellbroadcastreceiver
10-23 17:37:04.971   637   637 I SettingsState: No settings state /data/system/users/0/settings_system.xml
10-23 17:37:05.006   637   637 I SettingsState: No settings state /data/system/users/0/settings_secure.xml
10-23 17:37:05.013   637   637 D SettingsProvider: Generated and saved new ANDROID_ID [565fce4eafb3778] for user 0
10-23 17:37:05.042   637   637 I SettingsState: No settings state /data/system/users/0/settings_global.xml
10-23 17:37:05.092   637   637 D SettingsProvider: Setting [] as Autofill Service for user 0
10-23 17:37:05.197   637   637 I SettingsState: No settings state /data/system/users/0/settings_ssaid.xml
10-23 17:37:05.278   211   291 D ThermalDaemon: Sensor 'tsens_tz_sensor10' - alarm cleared 1 at 57.0 degC
10-23 17:37:05.283   637   637 I SettingsState: No settings state /data/system/users/0/settings_ssaid.xml
10-23 17:37:05.317   219   649 W installd: Requested default storage /data/user_de/0/org.lineageos.lineageparts is not active; migrating from /data/data/org.lineageos.lineageparts
10-23 17:37:05.366   167   167 E ServiceManager: add_service('settings',36) uid=1000 - ALREADY REGISTERED, OVERRIDE
10-23 17:37:05.366   167   167 I ServiceManager: service 'settings' died
10-23 17:37:05.372   637   637 D SystemServerTiming: InstallSystemProviders took to complete: 878ms
10-23 17:37:05.372   637   637 I SystemServer: StartVibratorService
10-23 17:37:05.374   168   168 W /system/bin/hwservicemanager: getTransportFromManifest: Cannot find entry android.hardware.vibrator@1.0::IVibrator in either framework or device manifest, using default transport.
10-23 17:37:05.378   637   637 D SystemServerTiming: StartVibratorService took to complete: 6ms
10-23 17:37:05.378   637   637 I SystemServer: StartConsumerIrService
10-23 17:37:05.380   168   168 W /system/bin/hwservicemanager: getTransportFromManifest: Cannot find entry android.hardware.ir@1.0::IConsumerIr in either framework or device manifest, using default transport.
10-23 17:37:05.382   637   637 D SystemServerTiming: StartConsumerIrService took to complete: 4ms
10-23 17:37:05.383   637   637 I SystemServer: StartAlarmManagerService
10-23 17:37:05.383   637   637 I SystemServiceManager: Starting com.android.server.AlarmManagerService
10-23 17:37:05.393   637   637 D SystemServerTiming: StartAlarmManagerService took to complete: 10ms
10-23 17:37:05.393   637   637 I SystemServer: InitWatchdog
10-23 17:37:05.394   637   637 D SystemServerTiming: InitWatchdog took to complete: 1ms
10-23 17:37:05.394   637   637 I SystemServer: StartInputManagerService
10-23 17:37:05.397   637   637 I InputManager: Initializing input manager, mUseDevInputEventForAudioJack=true
10-23 17:37:05.398   219   299 W installd: Requested default storage /data/user_de/0/com.android.providers.blockednumber is not active; migrating from /data/data/com.android.providers.blockednumber
10-23 17:37:05.399   637   637 D SystemServerTiming: StartInputManagerService took to complete: 5ms
10-23 17:37:05.403   637   637 I SystemServer: StartWindowManagerService
10-23 17:37:05.454   219   818 W installd: Requested default storage /data/user_de/0/com.android.emergency is not active; migrating from /data/data/com.android.emergency
10-23 17:37:05.507   219   818 W installd: Requested default storage /data/user_de/0/com.android.bluetooth is not active; migrating from /data/data/com.android.bluetooth
10-23 17:37:05.561   637   816 D SystemServerTimingAsync: AppDataPrepare took to complete: 1518ms
10-23 17:37:05.561   637   816 I PackageManager: Deferred reconcileAppsData finished 64 packages
10-23 17:37:05.561   637   816 D SystemServerInitThreadPool: Finished executing prepareAppData
10-23 17:37:05.644   848   848 E Diag_Lib:  Diag_LSM_Init: Failed to open handle to diag driver, error = 2
10-23 17:37:05.644   848   848 E Sensors : sns_fsa_la.c(386):fsa: fflush failed, 9
10-23 17:37:05.645   848   848 E Sensors : sns_fsa_la.c(386):fsa: fflush failed, 9
10-23 17:37:05.672   848   852 W Sensors : sns_smr_la.c(446):smr_la: smr_apps_la_thread_main is starting, fd=10, sns_smr.en_rx_msg_ptr=b15b79d4
10-23 17:37:05.677   848   852 W Sensors : sns_smr_la.c(467):smr_la: poll return revents: 0x1/ffffffff errno: 0
10-23 17:37:05.677   848   852 W Sensors : sns_main.c(1430):sns_main_exit called
10-23 17:37:05.677   848   852 E Sensors : error connecting error -1 Connection refused
10-23 17:37:06.433   637   846 I chatty  : uid=1000 system-server-i expire 2 lines
10-23 17:37:07.507   637   829 D SystemServerTimingAsync: StartSensorService took to complete: 3165ms
10-23 17:37:07.508   637   829 D SystemServerInitThreadPool: Finished executing StartSensorService
10-23 17:37:07.545   637   767 I WindowManager: No existing display settings /data/system/display_settings.xml; starting empty
10-23 17:37:07.809   637   760 W WindowManager: Could not instantiate device key handler /system/priv-app/LineageParts/LineageParts.apk from class org.lineageos.lineageparts.gestures.KeyHandler
10-23 17:37:07.809   637   760 W WindowManager: java.lang.ClassNotFoundException: Didn't find class "org.lineageos.lineageparts.gestures.KeyHandler" on path: DexPathList[[zip file "/system/priv-app/LineageParts/LineageParts.apk"],nativeLibraryDirectories=[/system/lib, /system/vendor/lib]]
10-23 17:37:07.809   637   760 W WindowManager: 	at dalvik.system.BaseDexClassLoader.findClass(BaseDexClassLoader.java:93)
10-23 17:37:07.809   637   760 W WindowManager: 	at java.lang.ClassLoader.loadClass(ClassLoader.java:379)
10-23 17:37:07.809   637   760 W WindowManager: 	at java.lang.ClassLoader.loadClass(ClassLoader.java:312)
10-23 17:37:07.809   637   760 W WindowManager: 	at com.android.server.policy.PhoneWindowManager.init(PhoneWindowManager.java:2153)
10-23 17:37:07.809   637   760 W WindowManager: 	at com.android.server.wm.WindowManagerService$3.run(WindowManagerService.java:992)
10-23 17:37:07.809   637   760 W WindowManager: 	at android.os.Handler$BlockingRunnable.run(Handler.java:809)
10-23 17:37:07.809   637   760 W WindowManager: 	at android.os.Handler.handleCallback(Handler.java:789)
10-23 17:37:07.809   637   760 W WindowManager: 	at android.os.Handler.dispatchMessage(Handler.java:98)
10-23 17:37:07.809   637   760 W WindowManager: 	at android.os.Looper.loop(Looper.java:164)
10-23 17:37:07.809   637   760 W WindowManager: 	at android.os.HandlerThread.run(HandlerThread.java:65)
10-23 17:37:07.809   637   760 W WindowManager: 	at com.android.server.ServiceThread.run(ServiceThread.java:46)
10-23 17:37:07.809   637   760 W WindowManager: 	at com.android.server.UiThread.run(UiThread.java:42)
10-23 17:37:07.809   637   760 W Looper  : Dispatch took 219ms on android.ui, h=Handler (android.os.Handler) {974a51} cb=android.os.Handler$BlockingRunnable@4b582b6 msg=0
10-23 17:37:07.813   637   637 D SystemServerTiming: StartWindowManagerService took to complete: 2410ms
10-23 17:37:07.815   637   828 D SystemServerInitThreadPool: Started executing StartHidlServices
10-23 17:37:07.815   637   637 I SystemServer: StartVrManagerService
10-23 17:37:07.815   637   828 I SystemServer: StartHidlServices
10-23 17:37:07.815   637   637 I SystemServiceManager: Starting com.android.server.vr.VrManagerService
10-23 17:37:07.821   168   168 W /system/bin/hwservicemanager: getTransportFromManifest: Cannot find entry android.hardware.vr@1.0::IVr in either framework or device manifest, using default transport.
10-23 17:37:07.826   637   637 I chatty  : uid=1000 system_server expire 14 lines
10-23 17:37:07.827   637   637 D SystemServerTiming: StartHidlServices took to complete: 12ms
10-23 17:37:07.827   637   637 I SystemServer: SetWindowManagerService
10-23 17:37:07.831   637   828 D SystemServerTiming: SetWindowManagerService took to complete: 3ms
10-23 17:37:07.831   637   828 D SystemServerInitThreadPool: Finished executing StartHidlServices
10-23 17:37:07.842   637   637 D SystemServerTiming: StartVrManagerService took to complete: 27ms
10-23 17:37:07.842   637   637 I SystemServer: StartInputManager
10-23 17:37:07.842   637   637 I InputManager: Starting input manager
10-23 17:37:07.846   637   637 D SystemServerTiming: StartInputManager took to complete: 4ms
10-23 17:37:07.846   637   637 I SystemServer: DisplayManagerWindowManagerAndInputReady
10-23 17:37:07.846   637   637 D SystemServerTiming: DisplayManagerWindowManagerAndInputReady took to complete: 0ms
10-23 17:37:07.846   637   637 I SystemServer: StartBluetoothService
10-23 17:37:07.846   637   637 I SystemServiceManager: Starting com.android.server.BluetoothService
10-23 17:37:07.850   637   637 D BluetoothManagerService: Loading stored name and address
10-23 17:37:07.851   637   637 D BluetoothManagerService: Stored bluetooth Name=null,Address=null
10-23 17:37:07.851   637   637 D BluetoothManagerService: Bluetooth persisted state: 1
10-23 17:37:07.851   637   637 D BluetoothManagerService: Startup: Bluetooth persisted state is ON.
10-23 17:37:07.851   637   637 D SystemServerTiming: StartBluetoothService took to complete: 6ms
10-23 17:37:07.851   637   877 I chatty  : uid=1000(system) InputReader expire 28 lines
10-23 17:37:07.854   637   637 I SystemServer: IpConnectivityMetrics
10-23 17:37:07.854   637   637 I SystemServiceManager: Starting com.android.server.connectivity.IpConnectivityMetrics
10-23 17:37:07.858   637   637 D SystemServerTiming: IpConnectivityMetrics took to complete: 4ms
10-23 17:37:07.858   637   637 I SystemServer: PinnerService
10-23 17:37:07.858   637   637 I SystemServiceManager: Starting com.android.server.PinnerService
10-23 17:37:07.861   637   637 D SystemServerTiming: PinnerService took to complete: 3ms
10-23 17:37:07.861   637   637 I SystemServer: StartInputMethodManagerLifecycle
10-23 17:37:07.861   637   637 I SystemServiceManager: Starting com.android.server.InputMethodManagerService$Lifecycle
10-23 17:37:07.905   637   637 D SystemServerTiming: StartInputMethodManagerLifecycle took to complete: 44ms
10-23 17:37:07.905   637   637 I SystemServer: StartAccessibilityManagerService
10-23 17:37:07.912   637   637 D SystemServerTiming: StartAccessibilityManagerService took to complete: 7ms
10-23 17:37:07.912   637   637 I SystemServer: MakeDisplayReady
10-23 17:37:07.914   637   637 I ActivityManager: Config changes=5df8 {1.0 ?mcc?mnc [en_US] ldltr sw384dp w384dp h640dp 320dpi nrml long port ?uimode ?night -touch -keyb/h/h -nav/h appBounds=Rect(0, 0 - 768, 1280) s.2}
10-23 17:37:07.918   637   758 I UsageStatsDatabase: Upgrading from version 0 to 3
10-23 17:37:07.918   637   758 I UsageStatsDatabase: Deleting all usage stats files
10-23 17:37:07.923   637   637 I ActivityManager: Override config changes=40007dfc {1.0 ?mcc?mnc [en_US] ldltr sw384dp w384dp h640dp 320dpi nrml long port ?uimode ?night -touch -keyb/h/h -nav/h appBounds=Rect(0, 0 - 768, 1280) s.2} for displayId=0
10-23 17:37:07.924   637   758 I UsageStatsService: User[0] Rollover scheduled @ 2017-10-24 12:07:07(1508846827914)
10-23 17:37:07.924   637   758 D UsageStatsService: Initializing defaults for system apps on user 0
10-23 17:37:07.928   637   758 E AppIdleHistory: Unable to read app idle file for user 0
10-23 17:37:07.939   637   637 I ActivityManager: Config changes=508 {1.0 ?mcc?mnc [en_US] ldltr sw384dp w384dp h568dp 320dpi nrml port ?uimode ?night finger -keyb/h/h -nav/h appBounds=Rect(0, 0 - 768, 1184) s.3}
10-23 17:37:07.945   637   637 I ActivityManager: Override config changes=508 {1.0 ?mcc?mnc [en_US] ldltr sw384dp w384dp h568dp 320dpi nrml port ?uimode ?night finger -keyb/h/h -nav/h appBounds=Rect(0, 0 - 768, 1184) s.3} for displayId=0
10-23 17:37:07.951   637   637 D SystemServerTiming: MakeDisplayReady took to complete: 38ms
10-23 17:37:07.951   637   637 I SystemServer: StartStorageManagerService
10-23 17:37:07.951   637   637 I SystemServiceManager: Starting com.android.server.StorageManagerService$Lifecycle
10-23 17:37:07.964   637   637 D SystemServerTiming: StartStorageManagerService took to complete: 14ms
10-23 17:37:07.964   637   637 I SystemServer: StartStorageStatsService
10-23 17:37:07.965   637   637 I SystemServiceManager: Starting com.android.server.usage.StorageStatsService$Lifecycle
10-23 17:37:07.965   637   878 D StorageManagerService: Thinking about init, mSystemReady=false, mDaemonConnected=true
10-23 17:37:07.965   637   878 D StorageManagerService: Thinking about reset, mSystemReady=false, mDaemonConnected=true
10-23 17:37:07.966   637   878 D StorageManagerService: Thinking about init, mSystemReady=false, mDaemonConnected=true
10-23 17:37:07.966   637   878 D StorageManagerService: Thinking about reset, mSystemReady=false, mDaemonConnected=true
10-23 17:37:07.966   637   878 D CryptdConnector: SND -> {1 cryptfs getfield SystemLocale}
10-23 17:37:07.968   637   880 D CryptdConnector: RCV <- {200 1 -1}
10-23 17:37:07.970   637   878 W StorageManagerService: No primary storage mounted!
10-23 17:37:07.970   637   878 D VoldConnector: SND -> {1 asec list}
10-23 17:37:07.971   637   879 D VoldConnector: RCV <- {200 1 asec operation succeeded}
10-23 17:37:07.972   637   878 I chatty  : uid=1000(system) StorageManagerS expire 3 lines
10-23 17:37:07.975   637   637 D SystemServerTiming: StartStorageStatsService took to complete: 10ms
10-23 17:37:07.975   637   637 I SystemServer: StartUiModeManager
10-23 17:37:07.976   637   637 I SystemServiceManager: Starting com.android.server.UiModeManagerService
10-23 17:37:07.980   637   757 D SystemServerInitThreadPool: Started executing UiModeManager.onStart
10-23 17:37:07.980   637   757 I ActivityManager: Config changes=200 {1.0 ?mcc?mnc [en_US] ldltr sw384dp w384dp h568dp 320dpi nrml port finger -keyb/h/h -nav/h appBounds=Rect(0, 0 - 768, 1184) s.4}
10-23 17:37:07.991   637   637 D SystemServerTiming: StartUiModeManager took to complete: 16ms
10-23 17:37:07.991   637   637 I SystemServer: UpdatePackagesIfNeeded
10-23 17:37:08.074   885   885 W dex2oat : type=1400 audit(0.0:52): avc: granted { getattr } for path="/vendor" dev="rootfs" ino=4769 scontext=u:r:dex2oat:s0 tcontext=u:object_r:rootfs:s0 tclass=lnk_file
10-23 17:37:08.077   637   757 I ActivityManager: Override config changes=200 {1.0 ?mcc?mnc [en_US] ldltr sw384dp w384dp h568dp 320dpi nrml port finger -keyb/h/h -nav/h appBounds=Rect(0, 0 - 768, 1184) s.4} for displayId=0
10-23 17:37:08.080   637   878 W StorageManagerService: No primary storage mounted!
10-23 17:37:08.080   637   878 D VoldConnector: SND -> {2 asec list}
10-23 17:37:08.082   637   879 D VoldConnector: RCV <- {200 2 asec operation succeeded}
10-23 17:37:08.083   637   757 D SystemServerInitThreadPool: Finished executing UiModeManager.onStart
10-23 17:37:08.134   885   885 I dex2oat : /system/bin/dex2oat --input-vdex-fd=-1 --output-vdex-fd=9 --compiler-filter=quicken --classpath-dir=/system/priv-app/TelephonyProvider
10-23 17:37:08.373   885   885 I dex2oat : dex2oat took 240.570ms (281.982ms cpu) (threads: 4) arena alloc=46KB (47864B) java alloc=90KB (92608B) native alloc=694KB (711024B) free=1353KB (1386128B)
10-23 17:37:08.374   894   894 W dex2oat : type=1400 audit(0.0:53): avc: granted { getattr } for path="/vendor" dev="rootfs" ino=4769 scontext=u:r:dex2oat:s0 tcontext=u:object_r:rootfs:s0 tclass=lnk_file
10-23 17:37:08.434   894   894 I dex2oat : /system/bin/dex2oat --input-vdex-fd=-1 --output-vdex-fd=9 --compiler-filter=quicken --classpath-dir=/system/priv-app/MmsService
10-23 17:37:08.604   899   899 W dex2oat : type=1400 audit(0.0:54): avc: granted { getattr } for path="/vendor" dev="rootfs" ino=4769 scontext=u:r:dex2oat:s0 tcontext=u:object_r:rootfs:s0 tclass=lnk_file
10-23 17:37:08.605   894   894 I dex2oat : dex2oat took 171.875ms (172.332ms cpu) (threads: 4) arena alloc=15KB (16368B) java alloc=66KB (68072B) native alloc=659KB (675312B) free=1388KB (1421840B)
10-23 17:37:08.665   899   899 I dex2oat : /system/bin/dex2oat --input-vdex-fd=-1 --output-vdex-fd=9 --compiler-filter=quicken --classpath-dir=/system/priv-app/DefaultContainerService
10-23 17:37:08.801   899   899 I dex2oat : dex2oat took 138.336ms (102.325ms cpu) (threads: 4) arena alloc=5KB (5416B) java alloc=65KB (67440B) native alloc=637KB (652520B) free=898KB (920344B)
10-23 17:37:08.805   905   905 W dex2oat : type=1400 audit(0.0:55): avc: granted { getattr } for path="/vendor" dev="rootfs" ino=4769 scontext=u:r:dex2oat:s0 tcontext=u:object_r:rootfs:s0 tclass=lnk_file
10-23 17:37:08.870   905   905 I dex2oat : /system/bin/dex2oat --input-vdex-fd=-1 --output-vdex-fd=9 --compiler-filter=quicken --classpath-dir=/system/priv-app/SettingsProvider
10-23 17:37:09.172   905   905 I dex2oat : dex2oat took 304.260ms (380.340ms cpu) (threads: 4) arena alloc=148KB (152400B) java alloc=84KB (86048B) native alloc=720KB (738216B) free=1839KB (1883224B)
10-23 17:37:09.195   922   922 W dex2oat : type=1400 audit(0.0:56): avc: granted { getattr } for path="/vendor" dev="rootfs" ino=4769 scontext=u:r:dex2oat:s0 tcontext=u:object_r:rootfs:s0 tclass=lnk_file
10-23 17:37:09.258   922   922 I dex2oat : /system/bin/dex2oat --input-vdex-fd=-1 --output-vdex-fd=9 --compiler-filter=quicken --classpath-dir=/system/priv-app/InputDevices
10-23 17:37:09.374   922   922 I dex2oat : dex2oat took 116.821ms (84.655ms cpu) (threads: 4) arena alloc=736B (736B) java alloc=16KB (16704B) native alloc=426KB (436680B) free=597KB (611896B)
10-23 17:37:09.385   931   931 W dex2oat : type=1400 audit(0.0:57): avc: granted { getattr } for path="/vendor" dev="rootfs" ino=4769 scontext=u:r:dex2oat:s0 tcontext=u:object_r:rootfs:s0 tclass=lnk_file
10-23 17:37:09.443   931   931 I dex2oat : /system/bin/dex2oat --input-vdex-fd=-1 --output-vdex-fd=9 --compiler-filter=quicken --classpath-dir=/system/app/ExtShared
10-23 17:37:09.574   931   931 I dex2oat : dex2oat took 132.720ms (89.721ms cpu) (threads: 4) arena alloc=3KB (3072B) java alloc=32KB (32784B) native alloc=426KB (436952B) free=1109KB (1135912B)
10-23 17:37:09.585   936   936 W dex2oat : type=1400 audit(0.0:58): avc: granted { getattr } for path="/vendor" dev="rootfs" ino=4769 scontext=u:r:dex2oat:s0 tcontext=u:object_r:rootfs:s0 tclass=lnk_file
10-23 17:37:09.681   936   936 I dex2oat : /system/bin/dex2oat --input-vdex-fd=-1 --output-vdex-fd=9 --compiler-filter=quicken --classpath-dir=/system/priv-app/Telecom
10-23 17:37:10.460   936   936 I dex2oat : dex2oat took 781.188ms (1.163s cpu) (threads: 4) arena alloc=7KB (7272B) java alloc=531KB (544744B) native alloc=1491KB (1527568B) free=1580KB (1618160B)
10-23 17:37:10.476   950   950 W dex2oat : type=1400 audit(0.0:59): avc: granted { getattr } for path="/vendor" dev="rootfs" ino=4769 scontext=u:r:dex2oat:s0 tcontext=u:object_r:rootfs:s0 tclass=lnk_file
10-23 17:37:10.526   950   950 I dex2oat : /system/bin/dex2oat --input-vdex-fd=-1 --output-vdex-fd=9 --compiler-filter=quicken --classpath-dir=/system/priv-app/Dialer
10-23 17:37:10.645   954   954 E Diag_Lib:  Diag_LSM_Init: Failed to open handle to diag driver, error = 2
10-23 17:37:10.645   954   954 E Sensors : sns_fsa_la.c(386):fsa: fflush failed, 9
10-23 17:37:10.646   954   954 E Sensors : sns_fsa_la.c(386):fsa: fflush failed, 9
10-23 17:37:10.673   954   956 W Sensors : sns_smr_la.c(446):smr_la: smr_apps_la_thread_main is starting, fd=10, sns_smr.en_rx_msg_ptr=aa98d9d4
10-23 17:37:10.677   954   956 W Sensors : sns_smr_la.c(467):smr_la: poll return revents: 0x1/ffffffff errno: 0
10-23 17:37:10.678   954   956 W Sensors : sns_main.c(1430):sns_main_exit called
10-23 17:37:10.678   954   956 E Sensors : error connecting error -1 Connection refused
10-23 17:37:12.213   950   962 W dex2oat : Class android.support.v4.content.ModernAsyncTask failed lock verification and will run slower.
10-23 17:37:12.213   950   962 W dex2oat : Common causes for lock verification issues are non-optimized dex code
10-23 17:37:12.213   950   962 W dex2oat : and incorrect proguard optimizations.
10-23 17:37:12.256   950   950 W dex2oat : Class android.support.v4.util.SimpleArrayMap failed lock verification and will run slower.
10-23 17:37:12.257   950   963 W dex2oat : Class android.support.v4.util.ArraySet failed lock verification and will run slower.
10-23 17:37:12.622   950   963 W dex2oat : Class com.android.dialer.backup.VoicemailInfo failed lock verification and will run slower.
10-23 17:37:12.631   950   962 W dex2oat : Class com.android.dialer.callcomposer.CallComposerContact failed lock verification and will run slower.
10-23 17:37:12.655   950   961 W dex2oat : Class com.android.dialer.calldetails.CallDetailsEntries failed lock verification and will run slower.
10-23 17:37:12.657   950   963 W dex2oat : Class com.android.dialer.calldetails.CallDetailsEntries$CallDetailsEntry failed lock verification and will run slower.
10-23 17:37:12.660   950   962 W dex2oat : Class com.android.dialer.callintent.CallSpecificAppData failed lock verification and will run slower.
