--------- beginning of system
10-23 17:35:00.966   175   175 I vold    : Vold 3.0 (the awakening) firing up
10-23 17:35:00.967   175   175 V vold    : Detected support for: exfat ext4 f2fs ntfs vfat
10-23 17:35:00.975   175   175 I vold    : [libfs_mgr]fs_mgr_read_fstab_dt(): failed to read fstab from dt
10-23 17:35:00.983   175   181 D vold    : e4crypt_init_user0
10-23 17:35:00.983   175   181 D vold    : e4crypt_prepare_user_storage for volume null, user 0, serial 0, flags 1
10-23 17:35:00.983   175   181 D vold    : Preparing: /data/system/users/0
10-23 17:35:00.984   175   181 D vold    : Preparing: /data/misc/profiles/cur/0
10-23 17:35:00.984   175   181 D vold    : Preparing: /data/system_de/0
10-23 17:35:00.984   175   181 D vold    : Preparing: /data/misc_de/0
10-23 17:35:00.984   175   181 D vold    : Preparing: /data/user_de/0
10-23 17:35:00.985   175   181 D vold    : e4crypt_unlock_user_key 0 serial=0 token_present=0
10-23 17:35:00.985   175   181 E vold    : Failed to chmod /data/system_ce/0: No such file or directory
10-23 17:35:00.985   175   181 E vold    : Failed to chmod /data/misc_ce/0: No such file or directory
10-23 17:35:04.816   196   196 I android.hardware.wifi@1.0-service: Wifi Hal is starting up...
10-23 17:35:05.298   219   219 I installd: installd firing up
10-23 17:35:05.394   228   228 I wificond: wificond is starting up...
10-23 17:35:05.740   227   357 I /system/bin/storaged: storaged: Start
--------- beginning of main
10-23 17:35:08.723   395   413 I vndksupport: sphal namespace is not configured for this process. Loading /vendor/lib/hw/gralloc.msm8960.so from the current namespace instead.
10-23 17:35:08.835   410   410 E kickstart: 105696 bytes transferred in 0.160s (0.63 MBps)
10-23 17:35:08.835   410   410 E kickstart: ERROR: function: use_wakelock:551 Failed to open wake lock file /sys/power/wake_unlock: Permission denied
10-23 17:35:08.835   410   410 E kickstart: ERROR: function: use_wakelock:551 Failed to open wake lock file /sys/power/wake_lock: Permission denied
10-23 17:35:08.839   410   410 E kickstart: Requested ID 22, file "/firmware/image/sbl2.mbn"
10-23 17:35:09.331   410   410 E kickstart: 242376 bytes transferred in 0.492s (0.47 MBps)
10-23 17:35:09.331   410   410 E kickstart: ERROR: function: use_wakelock:551 Failed to open wake lock file /sys/power/wake_unlock: Permission denied
10-23 17:35:09.343   410   410 E kickstart: ERROR: function: use_wakelock:551 Failed to open wake lock file /sys/power/wake_lock: Permission denied
10-23 17:35:09.347   410   410 E kickstart: Requested ID 12, file "/firmware/image/dsp2.mbn"
10-23 17:35:09.512   420   420 I chatty  : uid=0(root) /system/bin/sensors.qcom expire 3 lines
10-23 17:35:09.543   420   426 I chatty  : uid=0(root) /system/bin/sensors.qcom expire 4 lines
10-23 17:35:09.890   419   419 I mediaserver: ServiceManager: 0xadf0e540
10-23 17:35:09.890   419   419 W BatteryNotifier: batterystats service unavailable!
10-23 17:35:10.179   210   210 I chatty  : uid=0(root) /system/bin/netmgrd expire 3 lines
10-23 17:35:10.282   211   288 I chatty  : uid=0(root) /system/bin/thermald expire 1 line
10-23 17:35:12.527   410   410 E kickstart: 32137174 bytes transferred in 3.180s (9.64 MBps)
10-23 17:35:12.527   410   410 E kickstart: ERROR: function: use_wakelock:551 Failed to open wake lock file /sys/power/wake_unlock: Permission denied
10-23 17:35:12.543   410   410 E kickstart: ERROR: function: use_wakelock:551 Failed to open wake lock file /sys/power/wake_lock: Permission denied
10-23 17:35:12.547   410   410 E kickstart: Requested ID 28, file "/firmware/image/dsp3.mbn"
10-23 17:35:13.123   410   410 E kickstart: 6334186 bytes transferred in 0.576s (10.49 MBps)
10-23 17:35:13.123   410   410 E kickstart: ERROR: function: use_wakelock:551 Failed to open wake lock file /sys/power/wake_unlock: Permission denied
10-23 17:35:13.124   410   410 E kickstart: ERROR: function: use_wakelock:551 Failed to open wake lock file /sys/power/wake_lock: Permission denied
10-23 17:35:13.133   410   410 E kickstart: Requested ID 8, file "/firmware/image/dsp1.mbn"
10-23 17:35:13.399   410   410 E kickstart: 2688527 bytes transferred in 0.266s (9.66 MBps)
10-23 17:35:13.399   410   410 E kickstart: ERROR: function: use_wakelock:551 Failed to open wake lock file /sys/power/wake_unlock: Permission denied
10-23 17:35:13.400   410   410 E kickstart: ERROR: function: use_wakelock:551 Failed to open wake lock file /sys/power/wake_lock: Permission denied
10-23 17:35:13.403   410   410 E kickstart: Requested ID 16, file "/data/qcks/efs1.bin"
10-23 17:35:13.471   410   410 E kickstart: 786472 bytes transferred in 0.068s (11.07 MBps)
10-23 17:35:13.471   410   410 E kickstart: ERROR: function: use_wakelock:551 Failed to open wake lock file /sys/power/wake_unlock: Permission denied
10-23 17:35:13.472   410   410 E kickstart: ERROR: function: use_wakelock:551 Failed to open wake lock file /sys/power/wake_lock: Permission denied
10-23 17:35:13.475   410   410 E kickstart: Requested ID 17, file "/data/qcks/efs2.bin"
10-23 17:35:13.551   410   410 E kickstart: 786472 bytes transferred in 0.075s (9.93 MBps)
10-23 17:35:13.551   410   410 E kickstart: ERROR: function: use_wakelock:551 Failed to open wake lock file /sys/power/wake_unlock: Permission denied
10-23 17:35:13.551   410   410 E kickstart: ERROR: function: use_wakelock:551 Failed to open wake lock file /sys/power/wake_lock: Permission denied
10-23 17:35:13.555   410   410 E kickstart: Requested ID 20, file "/data/qcks/efs3.bin"
10-23 17:35:13.619   410   410 E kickstart: 786472 bytes transferred in 0.064s (11.78 MBps)
10-23 17:35:13.619   410   410 E kickstart: ERROR: function: use_wakelock:551 Failed to open wake lock file /sys/power/wake_unlock: Permission denied
10-23 17:35:13.620   410   410 E kickstart: ERROR: function: use_wakelock:551 Failed to open wake lock file /sys/power/wake_lock: Permission denied
10-23 17:35:13.623   410   410 E kickstart: Requested ID 29, file "/data/qcks/acdb.bin"
10-23 17:35:13.783   410   410 E kickstart: 2097192 bytes transferred in 0.160s (12.49 MBps)
10-23 17:35:13.783   410   410 E kickstart: ERROR: function: use_wakelock:551 Failed to open wake lock file /sys/power/wake_unlock: Permission denied
10-23 17:35:13.783   410   410 E kickstart: ERROR: function: use_wakelock:551 Failed to open wake lock file /sys/power/wake_lock: Permission denied
10-23 17:35:13.787   410   410 E kickstart: Requested ID 6, file "/firmware/image/apps.mbn"
10-23 17:35:14.039   410   410 E kickstart: 2630368 bytes transferred in 0.252s (9.96 MBps)
10-23 17:35:14.039   410   410 E kickstart: ERROR: function: use_wakelock:551 Failed to open wake lock file /sys/power/wake_unlock: Permission denied
10-23 17:35:14.039   410   410 E kickstart: Sahara protocol completed
10-23 17:35:14.039   410   410 E kickstart: Removing linked list of input files
10-23 17:35:14.039   410   410 E kickstart: Removing linked list of input files
10-23 17:35:14.041   199   199 I kickstart-qcks: RetCode = 0
10-23 17:35:14.041   199   199 E kickstart-qcks: Sahara transfer completed successfully
10-23 17:35:14.041   199   199 E kickstart-qcks: Spawning efsks
10-23 17:35:14.073   441   441 I kickstart-efsks: EFS_TTY='/dev/efs_hsic_bridge'
10-23 17:35:14.073   441   441 I kickstart-efsks: Parsing 'where to save memorydump' options
10-23 17:35:14.073   441   441 I kickstart-efsks: PathToSaveFiles='/dev/block/platform/msm_sdcc.1/by-name/'
10-23 17:35:14.073   441   441 I kickstart-efsks: EFSKS parameters
10-23 17:35:14.073   441   441 I kickstart-efsks: EFS_TTY='/dev/efs_hsic_bridge'
10-23 17:35:14.073   441   441 I kickstart-efsks: ks_path='/system/bin/ks'
10-23 17:35:14.073   441   441 I kickstart-efsks: PathToSaveFiles='/dev/block/platform/msm_sdcc.1/by-name/'
10-23 17:35:14.073   441   441 I kickstart-efsks: RX_Timeout=-1
10-23 17:35:14.073   441   441 E kickstart-efsks: File '/dev/efs_hsic_bridge' was not found
10-23 17:35:14.073   441   441 E kickstart-efsks: /dev/efs_hsic_bridge does not exist.
10-23 17:35:14.486   446   446 I chatty  : uid=0(root) /system/bin/sensors.qcom expire 3 lines
10-23 17:35:14.512   446   448 I chatty  : uid=0(root) /system/bin/sensors.qcom expire 4 lines
10-23 17:35:15.274   211   291 I chatty  : uid=0(root) /system/bin/thermald expire 1 line
10-23 17:35:15.281   211   289 I chatty  : uid=0(root) /system/bin/thermald expire 1 line
10-23 17:35:15.281   211   290 I chatty  : uid=0(root) /system/bin/thermald expire 1 line
10-23 17:35:15.623   215   215 E QCameraHWI: startCamera: cam_ops_open failed: id = 0
10-23 17:35:15.623   215   215 I QCameraHWI: ~QCameraHardwareInterface First stop the polling threads before deleting instances
10-23 17:35:15.623   215   215 E CamDev@1.0-impl: Could not open camera 0: -19
10-23 17:35:15.623   215   215 E CameraProviderManager: DeviceInfo1: Unable to open camera device 0 to check for a flash unit: INTERNAL_ERROR
10-23 17:35:15.623   215   215 I CameraProviderManager: Enumerating new camera device: device@1.0/legacy/1
10-23 17:35:15.624   215   215 I QCameraHAL: Handle base =0x0xb1cb9068
10-23 17:35:15.624   215   215 I QCameraHAL: getCameraInfo: numOfCameras = 2
10-23 17:35:15.624   215   215 I QCameraHAL: Handle [0]=0x0xb1cb9068
10-23 17:35:15.624   215   215 I QCameraHAL: Camera sensor 0 info:
10-23 17:35:15.624   215   215 I QCameraHAL: camera_id: 0
10-23 17:35:15.624   215   215 I QCameraHAL: modes_supported: 1
10-23 17:35:15.624   215   215 I QCameraHAL: position: 0
10-23 17:35:15.624   215   215 I QCameraHAL: sensor_mount_angle: 90
10-23 17:35:15.624   215   215 I QCameraHAL: Handle [1]=0x0xb1cb90ac
10-23 17:35:15.624   215   215 I QCameraHAL: Camera sensor 1 info:
10-23 17:35:15.624   215   215 I QCameraHAL: camera_id: 1
10-23 17:35:15.624   215   215 I QCameraHAL: modes_supported: 1
10-23 17:35:15.624   215   215 I QCameraHAL: position: 1
10-23 17:35:15.624   215   215 I QCameraHAL: sensor_mount_angle: 270
10-23 17:35:15.628   215   215 I CamDev@1.0-impl: Opening camera 1
10-23 17:35:15.735   388   388 I chatty  : uid=0(root) /system/bin/dex2oat expire 1 line
10-23 17:35:15.735   388   438 I chatty  : uid=0(root) /system/bin/dex2oat expire 1 line
10-23 17:35:15.735   388   439 I chatty  : uid=0(root) /system/bin/dex2oat expire 1 line
10-23 17:35:15.735   388   440 I chatty  : uid=0(root) /system/bin/dex2oat expire 1 line
10-23 17:35:15.735   388   388 I chatty  : uid=0(root) /system/bin/dex2oat expire 1 line
10-23 17:35:16.074   441   441 E kickstart-efsks: RUNNING: '/system/bin/ks -m -w /dev/block/platform/msm_sdcc.1/by-name/ -p /dev/efs_hsic_bridge -t -1 -l'
10-23 17:35:16.140   458   458 E kickstart: ERROR: function: use_wakelock:551 Failed to open wake lock file /sys/power/wake_lock: Permission denied
10-23 17:35:16.141   458   458 E kickstart: ERROR: function: use_wakelock:551 Failed to open wake lock file /sys/power/wake_unlock: Permission denied
10-23 17:35:16.187   210   210 I chatty  : uid=0(root) /system/bin/netmgrd expire 1 line
10-23 17:35:16.666   245   245 E libsensor1: sensor1_open: Error in connect() errno=2 No such file or directory
10-23 17:35:16.666   245   245 E mm-camera: Failed to open sensor1 port
10-23 17:35:16.739   245   460 E mm-camera: sensor_load_chromatix: libchromatix_imx119_preview.so: 30
10-23 17:35:16.751   245   460 W linker  : "/system/lib/libmmcamera_faceproc.so" has text relocations. This is wasting memory and prevents security hardening. Please fix.
10-23 17:35:16.785   460   460 I mm-qcamera-daem: type=1400 audit(0.0:33): avc: denied { execmod } for path="/system/lib/libmmcamera_faceproc.so" dev="mmcblk0p21" ino=1385 scontext=u:r:camera:s0 tcontext=u:object_r:system_file:s0 tclass=file permissive=1
10-23 17:35:16.813   245   460 E mm-camera: vfe_ops_init: E
10-23 17:35:16.819   245   460 E mm-camera: vfe_legacy_stats_buffer_init: AEC_STATS_BUFNUM
10-23 17:35:16.820   245   460 E mm-camera: vfe_legacy_stats_buffer_init: AEC_STATS_BUFNUM
10-23 17:35:16.821   245   460 E mm-camera: mctl_init_stats_proc_info: snap_max_line_cnt =25776
10-23 17:35:16.825   215   215 I cameraserver: type=1400 audit(0.0:34): avc: denied { execmod } for path="/system/lib/libmmjpeg.so" dev="mmcblk0p21" ino=1393 scontext=u:r:cameraserver:s0 tcontext=u:object_r:system_file:s0 tclass=file permissive=1
10-23 17:35:16.839   215   215 W linker  : "/system/lib/libmmjpeg.so" has text relocations. This is wasting memory and prevents security hardening. Please fix.
10-23 17:35:16.844   215   215 W linker  : "/system/lib/libmorpho_noise_reduction.so" has text relocations. This is wasting memory and prevents security hardening. Please fix.
10-23 17:35:16.846   215   215 I CamDev@1.0-impl: Closing camera 1
10-23 17:35:16.846   215   215 I QCameraHWI: ~QCameraHardwareInterface First stop the polling threads before deleting instances
10-23 17:35:16.848   245   460 E mm-camera: config_shutdown_pp Camera not in streaming mode. Returning. 
10-23 17:35:16.851   245   460 E mm-camera: vfe_ops_deinit: E
10-23 17:35:16.859   215   215 I CameraProviderManager: Camera provider legacy/0 ready with 2 camera devices
10-23 17:35:16.861   215   215 I CameraHardwareInterface: Opening camera 0
10-23 17:35:16.862   215   215 I CamDev@1.0-impl: Opening camera 0
10-23 17:35:17.259   211   275 I chatty  : uid=0(root) /system/bin/thermald expire 2 lines
10-23 17:35:17.259   211   276 I chatty  : uid=0(root) /system/bin/thermald expire 3 lines
10-23 17:35:17.260   211   277 I chatty  : uid=0(root) /system/bin/thermald expire 4 lines
10-23 17:35:17.306   211   275 I chatty  : uid=0(root) /system/bin/thermald expire 1 line
10-23 17:35:17.324   211   276 I chatty  : uid=0(root) /system/bin/thermald expire 2 lines
10-23 17:35:17.356   210   210 I chatty  : uid=0(root) /system/bin/netmgrd expire 2 lines
10-23 17:35:17.393   211   277 I chatty  : uid=0(root) /system/bin/thermald expire 3 lines
10-23 17:35:17.418   211   276 I chatty  : uid=0(root) /system/bin/thermald expire 2 lines
10-23 17:35:17.964   245   245 E libsensor1: sensor1_open: Error in connect() errno=2 No such file or directory
10-23 17:35:17.964   245   245 E mm-camera: Failed to open sensor1 port
10-23 17:35:18.041   245   482 E mm-camera: sensor_load_chromatix: libchromatix_imx111_preview.so: 30
10-23 17:35:18.257   482   482 I mm-qcamera-daem: type=1400 audit(0.0:37): avc: denied { execmod } for path="/system/lib/libmmcamera_faceproc.so" dev="mmcblk0p21" ino=1385 scontext=u:r:camera:s0 tcontext=u:object_r:system_file:s0 tclass=file permissive=1
10-23 17:35:18.264   245   482 W linker  : "/system/lib/libmmcamera_faceproc.so" has text relocations. This is wasting memory and prevents security hardening. Please fix.
10-23 17:35:18.275   245   482 E mm-camera: vfe_ops_init: E
10-23 17:35:18.279   245   482 E mm-camera: vfe_legacy_stats_buffer_init: AEC_STATS_BUFNUM
10-23 17:35:18.280   245   482 E mm-camera: vfe_legacy_stats_buffer_init: AEC_STATS_BUFNUM
10-23 17:35:18.281   245   482 E mm-camera: mctl_init_stats_proc_info: snap_max_line_cnt =30096
10-23 17:35:18.295   215   215 W linker  : "/system/lib/libmorpho_noise_reduction.so" has text relocations. This is wasting memory and prevents security hardening. Please fix.
10-23 17:35:18.298   215   215 E QCameraHWI: setPreviewWindow: mPreviewWindow = 0x0xb223c2c4, mStreamDisplay = 0x0xb225c000
10-23 17:35:18.306   215   215 E mm-libcamera2: PROFILE HAL: stopPreview(): E: 1508760318.306377755
10-23 17:35:18.306   215   215 E QCameraHWI: setPreviewWindow:Received Setting NULL preview window
10-23 17:35:18.306   215   215 E QCameraHWI: setPreviewWindow: mPreviewWindow = 0x0x0, mStreamDisplay = 0x0xb225c000
10-23 17:35:18.306   215   215 W QCameraHWI_Preview:  Setting NULL preview window 
10-23 17:35:18.306   215   215 I CamDev@1.0-impl: Closing camera 0
10-23 17:35:18.306   215   215 I QCameraHWI: ~QCameraHardwareInterface First stop the polling threads before deleting instances
10-23 17:35:18.308   245   482 E mm-camera: config_shutdown_pp Camera not in streaming mode. Returning. 
10-23 17:35:18.310   245   482 E mm-camera: vfe_ops_deinit: E
10-23 17:35:18.322   215   215 I CameraHardwareInterface: Opening camera 1
10-23 17:35:18.322   215   215 I CamDev@1.0-impl: Opening camera 1
10-23 17:35:19.393   245   245 E libsensor1: sensor1_open: Error in connect() errno=2 No such file or directory
10-23 17:35:19.393   245   245 E mm-camera: Failed to open sensor1 port
10-23 17:35:19.571   245   492 E mm-camera: sensor_load_chromatix: libchromatix_imx119_preview.so: 30
10-23 17:35:19.618   245   492 W linker  : "/system/lib/libmmcamera_faceproc.so" has text relocations. This is wasting memory and prevents security hardening. Please fix.
10-23 17:35:19.638   245   492 E mm-camera: vfe_ops_init: E
10-23 17:35:19.643   245   492 E mm-camera: vfe_legacy_stats_buffer_init: AEC_STATS_BUFNUM
10-23 17:35:19.643   245   492 E mm-camera: vfe_legacy_stats_buffer_init: AEC_STATS_BUFNUM
10-23 17:35:19.645   245   492 E mm-camera: mctl_init_stats_proc_info: snap_max_line_cnt =25776
10-23 17:35:19.655   215   215 W linker  : "/system/lib/libmorpho_noise_reduction.so" has text relocations. This is wasting memory and prevents security hardening. Please fix.
10-23 17:35:19.657   215   215 E QCameraHWI: setPreviewWindow: mPreviewWindow = 0x0xb223c3a4, mStreamDisplay = 0x0xb225c000
10-23 17:35:19.657   215   215 E mm-libcamera2: PROFILE HAL: stopPreview(): E: 1508760319.657787668
10-23 17:35:19.657   215   215 E QCameraHWI: setPreviewWindow:Received Setting NULL preview window
10-23 17:35:19.657   215   215 E QCameraHWI: setPreviewWindow: mPreviewWindow = 0x0x0, mStreamDisplay = 0x0xb225c000
10-23 17:35:19.657   215   215 W QCameraHWI_Preview:  Setting NULL preview window 
10-23 17:35:19.658   215   215 I CamDev@1.0-impl: Closing camera 1
10-23 17:35:19.658   215   215 I QCameraHWI: ~QCameraHardwareInterface First stop the polling threads before deleting instances
10-23 17:35:19.689   245   492 E mm-camera: config_shutdown_pp Camera not in streaming mode. Returning. 
10-23 17:35:19.695   245   492 E mm-camera: vfe_ops_deinit: E
10-23 17:35:19.834   493   493 I chatty  : uid=0(root) /system/bin/sensors.qcom expire 3 lines
10-23 17:35:19.846   215   215 I CameraService: onDeviceStatusChanged: Status changed for cameraId=0, newStatus=1
10-23 17:35:19.846   215   215 E CameraService: onDeviceStatusChanged: State transition to the same status 0x1 not allowed
10-23 17:35:19.846   215   215 I CameraService: onDeviceStatusChanged: Status changed for cameraId=1, newStatus=1
10-23 17:35:19.846   215   215 E CameraService: onDeviceStatusChanged: State transition to the same status 0x1 not allowed
10-23 17:35:19.875   493   504 I chatty  : uid=0(root) /system/bin/sensors.qcom expire 4 lines
10-23 17:35:20.274   211   281 I chatty  : uid=0(root) /system/bin/thermald expire 1 line
10-23 17:35:20.281   211   286 I chatty  : uid=0(root) /system/bin/thermald expire 1 line
10-23 17:35:20.282   211   285 I chatty  : uid=0(root) /system/bin/thermald expire 1 line
10-23 17:35:20.600   388   388 I chatty  : uid=0(root) /system/bin/dex2oat expire 2 lines
10-23 17:35:20.600   388   440 I chatty  : uid=0(root) /system/bin/dex2oat expire 1 line
10-23 17:35:20.600   388   439 I chatty  : uid=0(root) /system/bin/dex2oat expire 1 line
10-23 17:35:20.600   388   438 I chatty  : uid=0(root) /system/bin/dex2oat expire 1 line
10-23 17:35:24.484   518   518 I chatty  : uid=0(root) /system/bin/sensors.qcom expire 3 lines
10-23 17:35:24.513   518   520 I chatty  : uid=0(root) /system/bin/sensors.qcom expire 4 lines
10-23 17:35:25.274   211   281 I chatty  : uid=0(root) /system/bin/thermald expire 1 line
10-23 17:35:25.275   211   291 I chatty  : uid=0(root) /system/bin/thermald expire 1 line
10-23 17:35:25.281   211   286 I chatty  : uid=0(root) /system/bin/thermald expire 1 line
10-23 17:35:25.281   211   289 I chatty  : uid=0(root) /system/bin/thermald expire 1 line
10-23 17:35:25.282   211   290 I chatty  : uid=0(root) /system/bin/thermald expire 1 line
10-23 17:35:25.283   211   285 I chatty  : uid=0(root) /system/bin/thermald expire 1 line
10-23 17:35:29.486   527   527 I chatty  : uid=0(root) /system/bin/sensors.qcom expire 3 lines
10-23 17:35:29.513   527   529 I chatty  : uid=0(root) /system/bin/sensors.qcom expire 4 lines
10-23 17:35:30.281   211   289 I chatty  : uid=0(root) /system/bin/thermald expire 1 line
10-23 17:35:30.283   211   288 I chatty  : uid=0(root) /system/bin/thermald expire 1 line
10-23 17:35:34.492   533   533 I chatty  : uid=0(root) /system/bin/sensors.qcom expire 3 lines
10-23 17:35:34.522   533   535 I chatty  : uid=0(root) /system/bin/sensors.qcom expire 4 lines
10-23 17:35:35.282   211   289 I chatty  : uid=0(root) /system/bin/thermald expire 1 line
10-23 17:35:35.283   211   288 I chatty  : uid=0(root) /system/bin/thermald expire 1 line
10-23 17:35:39.488   542   542 I chatty  : uid=0(root) /system/bin/sensors.qcom expire 3 lines
10-23 17:35:39.513   542   544 I chatty  : uid=0(root) /system/bin/sensors.qcom expire 4 lines
10-23 17:35:40.282   211   289 I chatty  : uid=0(root) /system/bin/thermald expire 1 line
10-23 17:35:40.283   211   288 I chatty  : uid=0(root) /system/bin/thermald expire 1 line
10-23 17:35:44.491   549   549 I chatty  : uid=0(root) /system/bin/sensors.qcom expire 3 lines
10-23 17:35:44.523   549   551 I chatty  : uid=0(root) /system/bin/sensors.qcom expire 4 lines
10-23 17:35:45.850   388   388 I chatty  : uid=0(root) /system/bin/dex2oat expire 6 lines
10-23 17:35:50.275   211   281 I chatty  : uid=0(root) /system/bin/thermald expire 1 line
10-23 17:35:50.275   211   291 I chatty  : uid=0(root) /system/bin/thermald expire 1 line
10-23 17:35:50.282   211   286 I chatty  : uid=0(root) /system/bin/thermald expire 1 line
10-23 17:35:50.283   211   288 I chatty  : uid=0(root) /system/bin/thermald expire 1 line
10-23 17:35:50.286   211   290 I chatty  : uid=0(root) /system/bin/thermald expire 1 line
10-23 17:35:50.286   211   285 I chatty  : uid=0(root) /system/bin/thermald expire 1 line
10-23 17:35:50.288   292   292 I chatty  : uid=0(root) /system/bin/thermald expire 3 lines
10-23 17:35:50.294   211   292 I chatty  : uid=0(root) /system/bin/thermald expire 3 lines
10-23 17:35:51.520   562   562 I chatty  : uid=0(root) /system/bin/sensors.qcom expire 3 lines
10-23 17:35:51.812   562   564 I chatty  : uid=0(root) /system/bin/sensors.qcom expire 4 lines
10-23 17:35:54.795   567   567 I chatty  : uid=0(root) /system/bin/sensors.qcom expire 3 lines
10-23 17:35:54.823   567   569 I chatty  : uid=0(root) /system/bin/sensors.qcom expire 4 lines
10-23 17:35:55.235   388   440 I chatty  : uid=0(root) /system/bin/dex2oat expire 1 line
10-23 17:35:58.646   388   388 I chatty  : uid=0(root) /system/bin/dex2oat expire 1 line
10-23 17:36:01.697   573   573 I chatty  : uid=0(root) /system/bin/sensors.qcom expire 3 lines
10-23 17:36:01.901   573   575 I chatty  : uid=0(root) /system/bin/sensors.qcom expire 4 lines
10-23 17:36:02.951   388   440 I chatty  : uid=0(root) /system/bin/dex2oat expire 3 lines
10-23 17:36:04.371   388   438 I chatty  : uid=0(root) /system/bin/dex2oat expire 1 line
10-23 17:36:05.276   211   287 I chatty  : uid=0(root) /system/bin/thermald expire 1 line
10-23 17:36:05.283   211   283 I chatty  : uid=0(root) /system/bin/thermald expire 1 line
10-23 17:36:05.293   292   292 I chatty  : uid=0(root) /system/bin/thermald expire 1 line
10-23 17:36:05.298   211   292 I chatty  : uid=0(root) /system/bin/thermald expire 8 lines
10-23 17:36:05.820   208   208 I adbd    : Calling send_auth_request...
10-23 17:36:05.956   208   208 I adbd    : Calling send_auth_request...
10-23 17:36:05.984   208   208 E adbd    : Client not connected
10-23 17:36:06.590   590   590 I chatty  : uid=0(root) /system/bin/sensors.qcom expire 3 lines
10-23 17:36:06.792   590   592 I chatty  : uid=0(root) /system/bin/sensors.qcom expire 4 lines
10-23 17:36:07.900   388   439 I chatty  : uid=0(root) /system/bin/dex2oat expire 1 line
10-23 17:36:10.137   388   438 I chatty  : uid=0(root) /system/bin/dex2oat expire 1 line
10-23 17:36:10.629   595   595 I chatty  : uid=0(root) /system/bin/sensors.qcom expire 3 lines
10-23 17:36:10.837   595   597 I chatty  : uid=0(root) /system/bin/sensors.qcom expire 4 lines
10-23 17:36:11.086   388   438 I chatty  : uid=0(root) /system/bin/dex2oat expire 1 line
10-23 17:36:13.670   388   388 I chatty  : uid=0(root) /system/bin/dex2oat expire 1 line
10-23 17:36:13.670   388   440 I chatty  : uid=0(root) /system/bin/dex2oat expire 1 line
10-23 17:36:13.670   388   438 I chatty  : uid=0(root) /system/bin/dex2oat expire 1 line
10-23 17:36:13.670   388   439 I chatty  : uid=0(root) /system/bin/dex2oat expire 1 line
10-23 17:36:13.670   388   388 W dex2oat : Skipping class android.hidl.base.V1_0.IBase$Stub from /system/framework/android.hidl.base-V1.0-java.jar previously found in /system/framework/telephony-common.jar
10-23 17:36:15.632   610   610 E Diag_Lib:  Diag_LSM_Init: Failed to open handle to diag driver, error = 2
10-23 17:36:15.633   610   610 E Sensors : sns_fsa_la.c(386):fsa: fflush failed, 9
10-23 17:36:15.633   610   610 E Sensors : sns_fsa_la.c(386):fsa: fflush failed, 9
10-23 17:36:15.663   610   612 W Sensors : sns_smr_la.c(446):smr_la: smr_apps_la_thread_main is starting, fd=10, sns_smr.en_rx_msg_ptr=afda99d4
10-23 17:36:15.769   610   612 W Sensors : sns_smr_la.c(467):smr_la: poll return revents: 0x1/ffffffff errno: 0
10-23 17:36:15.770   610   612 W Sensors : sns_main.c(1430):sns_main_exit called
10-23 17:36:15.770   610   612 E Sensors : error connecting error -1 Connection refused
10-23 17:36:16.966   388   388 I dex2oat : Explicit concurrent copying GC freed 40208(4MB) AllocSpace objects, 0(0B) LOS objects, 63% free, 3MB/9MB, paused 61us total 129.486ms
10-23 17:36:20.276   211   291 D ThermalDaemon: Sensor 'tsens_tz_sensor10' - alarm cleared 1 at 57.0 degC
10-23 17:36:20.277   211   287 D ThermalDaemon: Sensor 'tsens_tz_sensor6' - alarm cleared 1 at 55.0 degC
10-23 17:36:20.283   211   286 D ThermalDaemon: Sensor 'tsens_tz_sensor5' - alarm cleared 1 at 57.0 degC
10-23 17:36:20.284   211   283 D ThermalDaemon: Sensor 'tsens_tz_sensor3' - alarm cleared 1 at 56.0 degC
10-23 17:36:20.286   211   290 D ThermalDaemon: Sensor 'tsens_tz_sensor9' - alarm cleared 1 at 56.0 degC
10-23 17:36:20.636   615   615 E Diag_Lib:  Diag_LSM_Init: Failed to open handle to diag driver, error = 2
10-23 17:36:20.636   615   615 E Sensors : sns_fsa_la.c(386):fsa: fflush failed, 9
10-23 17:36:20.636   615   615 E Sensors : sns_fsa_la.c(386):fsa: fflush failed, 9
10-23 17:36:20.664   615   617 W Sensors : sns_smr_la.c(446):smr_la: smr_apps_la_thread_main is starting, fd=10, sns_smr.en_rx_msg_ptr=b38119d4
10-23 17:36:20.675   615   617 W Sensors : sns_smr_la.c(467):smr_la: poll return revents: 0x1/ffffffff errno: 0
10-23 17:36:20.676   615   617 W Sensors : sns_main.c(1430):sns_main_exit called
10-23 17:36:20.676   615   617 E Sensors : error connecting error -1 Connection refused
10-23 17:36:25.276   211   281 D ThermalDaemon: Sensor 'tsens_tz_sensor1' - alarm cleared 1 at 56.0 degC
10-23 17:36:25.287   211   285 D ThermalDaemon: Sensor 'tsens_tz_sensor4' - alarm cleared 1 at 57.0 degC
10-23 17:36:25.400   388   388 I dex2oat : dex2oat took 79.074s (162.301s cpu) (threads: 4) arena alloc=27MB (28590456B) java alloc=3MB (3615416B) native alloc=75MB (79413912B) free=13MB (13647208B)
10-23 17:36:25.634   624   624 E Diag_Lib:  Diag_LSM_Init: Failed to open handle to diag driver, error = 2
10-23 17:36:25.634   624   624 E Sensors : sns_fsa_la.c(386):fsa: fflush failed, 9
10-23 17:36:25.635   624   624 E Sensors : sns_fsa_la.c(386):fsa: fflush failed, 9
10-23 17:36:25.663   624   631 W Sensors : sns_smr_la.c(446):smr_la: smr_apps_la_thread_main is starting, fd=10, sns_smr.en_rx_msg_ptr=ade119d4
10-23 17:36:25.669   624   631 W Sensors : sns_smr_la.c(467):smr_la: poll return revents: 0x1/ffffffff errno: 0
10-23 17:36:25.669   624   631 W Sensors : sns_main.c(1430):sns_main_exit called
10-23 17:36:25.669   624   631 E Sensors : error connecting error -1 Connection refused
10-23 17:36:25.715   190   190 I SamplingProfilerIntegration: Profiling disabled.
10-23 17:36:25.715   190   190 D Zygote  : begin preload
10-23 17:36:25.715   190   190 I Zygote  : Installing ICU cache reference pinning...
10-23 17:36:25.715   190   190 I Zygote  : Preloading ICU data...
10-23 17:36:25.753   190   190 D Zygote32Timing: BeginIcuCachePinning took to complete: 39ms
10-23 17:36:25.754   190   190 I Zygote  : Preloading classes...
10-23 17:36:26.494   190   190 E ActivityRecognitionHardware: activity_recognition HAL is deprecated. class_init is effectively a no-op
10-23 17:36:26.540   190   190 I zygote  : Thread[1,tid=190,Native,Thread*=0xb05bc000,peer=0x12c01c68,"main"] recursive attempt to load library "/system/lib/libmedia_jni.so"
10-23 17:36:26.540   190   190 D MtpDeviceJNI: register_android_mtp_MtpDevice
10-23 17:36:26.540   190   190 I zygote  : Thread[1,tid=190,Native,Thread*=0xb05bc000,peer=0x12c01c68,"main"] recursive attempt to load library "/system/lib/libmedia_jni.so"
10-23 17:36:26.541   190   190 I zygote  : Thread[1,tid=190,Native,Thread*=0xb05bc000,peer=0x12c01c68,"main"] recursive attempt to load library "/system/lib/libmedia_jni.so"
10-23 17:36:26.852   190   190 I System  : Loaded time zone names for "" in 127ms (126ms in ICU)
10-23 17:36:26.910   190   190 I System  : Loaded time zone names for "en_US" in 57ms (56ms in ICU)
10-23 17:36:26.933   190   190 I Zygote  : ...preloaded 4570 classes in 1179ms.
10-23 17:36:26.933   190   190 I zygote  : VMRuntime.preloadDexCaches starting
10-23 17:36:27.121   190   190 I zygote  : VMRuntime.preloadDexCaches strings total=306985 before=2818 after=2818
10-23 17:36:27.122   190   190 I zygote  : VMRuntime.preloadDexCaches types total=26193 before=2675 after=3315
10-23 17:36:27.122   190   190 I zygote  : VMRuntime.preloadDexCaches fields total=124042 before=2154 after=1211
10-23 17:36:27.122   190   190 I zygote  : VMRuntime.preloadDexCaches methods total=220047 before=87657 after=87755
10-23 17:36:27.122   190   190 I zygote  : VMRuntime.preloadDexCaches finished
10-23 17:36:27.122   190   190 D Zygote32Timing: PreloadClasses took to complete: 1368ms
10-23 17:36:27.390   190   190 I Zygote  : Preloading resources...
10-23 17:36:27.440   190   190 W Resources: Preloaded drawable resource #0x1080264 (android:drawable/dialog_background_material) that varies with configuration!!
10-23 17:36:27.451   190   190 W Resources: Preloaded color resource #0x10600de (android:color/material_grey_800) that varies with configuration!!
10-23 17:36:27.451   190   190 W Resources: Preloaded drawable resource #0x10802d1 (android:drawable/floating_popup_background_dark) that varies with configuration!!
10-23 17:36:27.619   190   190 I Zygote  : ...preloaded 114 resources in 229ms.
10-23 17:36:27.630   190   190 W Resources: Preloaded color resource #0x1060036 (android:color/background_cache_hint_selector_material_dark) that varies with configuration!!
10-23 17:36:27.633   190   190 W Resources: Preloaded color resource #0x1060053 (android:color/btn_default_material_dark) that varies with configuration!!
10-23 17:36:27.636   190   190 I Zygote  : ...preloaded 41 resources in 17ms.
10-23 17:36:27.636   190   190 D Zygote32Timing: PreloadResources took to complete: 514ms
10-23 17:36:27.636   190   190 I vndksupport: sphal namespace is not configured for this process. Loading /vendor/lib/egl/libEGL_adreno.so from the current namespace instead.
10-23 17:36:27.641   190   190 D libEGL  : loaded /vendor/lib/egl/libEGL_adreno.so
10-23 17:36:27.642   190   190 I vndksupport: sphal namespace is not configured for this process. Loading /vendor/lib/egl/libGLESv1_CM_adreno.so from the current namespace instead.
10-23 17:36:27.644   190   190 D libEGL  : loaded /vendor/lib/egl/libGLESv1_CM_adreno.so
10-23 17:36:27.673   190   190 I vndksupport: sphal namespace is not configured for this process. Loading /vendor/lib/egl/libGLESv2_adreno.so from the current namespace instead.
10-23 17:36:27.689   190   190 D libEGL  : loaded /vendor/lib/egl/libGLESv2_adreno.so
10-23 17:36:27.722   190   190 I Zygote  : Preloading shared libraries...
10-23 17:36:27.756   190   190 I Zygote  : Uninstalled ICU cache reference pinning...
10-23 17:36:27.759   190   190 I Zygote  : Installed AndroidKeyStoreProvider in 3ms.
10-23 17:36:27.777   190   190 I Zygote  : Warmed up JCA providers in 18ms.
10-23 17:36:27.777   190   190 D Zygote  : end preload
10-23 17:36:27.777   190   190 D Zygote32Timing: ZygotePreload took to complete: 2062ms
10-23 17:36:27.825   190   190 I zygote  : Explicit concurrent copying GC freed 32091(1718KB) AllocSpace objects, 4(104KB) LOS objects, 59% free, 1058KB/2MB, paused 701us total 47.363ms
10-23 17:36:27.867   190   190 I zygote  : Explicit concurrent copying GC freed 6057(221KB) AllocSpace objects, 0(0B) LOS objects, 63% free, 869KB/2MB, paused 213us total 29.571ms
10-23 17:36:27.867   190   190 D Zygote32Timing: PostZygoteInitGC took to complete: 89ms
10-23 17:36:27.867   190   190 D Zygote32Timing: ZygoteInit took to complete: 2152ms
10-23 17:36:27.868   190   190 I         : seccomp disabled by setenforce 0
10-23 17:36:27.954   190   190 I Zygote  : System server process 637 has been created
10-23 17:36:27.961   190   190 I Zygote  : Accepting command socket connections
10-23 17:36:27.985   648   648 W dex2oat : type=1400 audit(0.0:42): avc: granted { getattr } for path="/vendor" dev="rootfs" ino=4769 scontext=u:r:dex2oat:s0 tcontext=u:object_r:rootfs:s0 tclass=lnk_file
10-23 17:36:28.046   648   648 I dex2oat : /system/bin/dex2oat --input-vdex-fd=-1 --output-vdex-fd=8 --compiler-filter=speed --classpath-dir=/system/framework
10-23 17:36:29.221   648   648 I dex2oat : dex2oat took 1.176s (3.001s cpu) (threads: 4) arena alloc=1377KB (1410912B) java alloc=237KB (242840B) native alloc=2MB (2178568B) free=3MB (3588600B)
10-23 17:36:29.226   663   663 W dex2oat : type=1400 audit(0.0:43): avc: granted { getattr } for path="/vendor" dev="rootfs" ino=4769 scontext=u:r:dex2oat:s0 tcontext=u:object_r:rootfs:s0 tclass=lnk_file
10-23 17:36:29.286   663   663 I dex2oat : /system/bin/dex2oat --input-vdex-fd=-1 --output-vdex-fd=8 --compiler-filter=speed --classpath-dir=/system/framework
10-23 17:36:29.519   663   663 I dex2oat : dex2oat took 234.527ms (203.002ms cpu) (threads: 4) arena alloc=77KB (79384B) java alloc=48KB (49168B) native alloc=544KB (557520B) free=1503KB (1539632B)
10-23 17:36:29.526   673   673 W dex2oat : type=1400 audit(0.0:44): avc: granted { getattr } for path="/vendor" dev="rootfs" ino=4769 scontext=u:r:dex2oat:s0 tcontext=u:object_r:rootfs:s0 tclass=lnk_file
10-23 17:36:29.585   673   673 I dex2oat : /system/bin/dex2oat --input-vdex-fd=-1 --output-vdex-fd=8 --compiler-filter=speed --classpath-dir=/system/framework
10-23 17:36:30.276   211   291 D ThermalDaemon: Sensor 'tsens_tz_sensor10' - alarm raised 1 at 65.0 degC
10-23 17:36:30.635   675   675 E Diag_Lib:  Diag_LSM_Init: Failed to open handle to diag driver, error = 2
10-23 17:36:30.635   675   675 E Sensors : sns_fsa_la.c(386):fsa: fflush failed, 9
10-23 17:36:30.635   675   675 E Sensors : sns_fsa_la.c(386):fsa: fflush failed, 9
10-23 17:36:30.663   675   677 W Sensors : sns_smr_la.c(446):smr_la: smr_apps_la_thread_main is starting, fd=10, sns_smr.en_rx_msg_ptr=ad2279d4
10-23 17:36:30.673   675   677 W Sensors : sns_smr_la.c(467):smr_la: poll return revents: 0x1/ffffffff errno: 0
10-23 17:36:30.673   675   677 W Sensors : sns_main.c(1430):sns_main_exit called
10-23 17:36:30.674   675   677 E Sensors : error connecting error -1 Connection refused
10-23 17:36:35.276   211   281 D ThermalDaemon: Sensor 'tsens_tz_sensor1' - alarm raised 1 at 62.0 degC
10-23 17:36:35.283   211   286 D ThermalDaemon: Sensor 'tsens_tz_sensor5' - alarm raised 1 at 64.0 degC
10-23 17:36:35.287   211   290 D ThermalDaemon: Sensor 'tsens_tz_sensor9' - alarm raised 1 at 68.0 degC
10-23 17:36:35.287   211   285 D ThermalDaemon: Sensor 'tsens_tz_sensor4' - alarm raised 1 at 61.0 degC
10-23 17:36:35.512   673   681 W dex2oat : Compilation of void com.android.server.SystemServer.startOtherServices() took 411.804ms
10-23 17:36:35.658   691   691 E Diag_Lib:  Diag_LSM_Init: Failed to open handle to diag driver, error = 2
10-23 17:36:35.659   691   691 E Sensors : sns_fsa_la.c(386):fsa: fflush failed, 9
10-23 17:36:35.659   691   691 E Sensors : sns_fsa_la.c(386):fsa: fflush failed, 9
10-23 17:36:35.700   691   693 W Sensors : sns_smr_la.c(446):smr_la: smr_apps_la_thread_main is starting, fd=10, sns_smr.en_rx_msg_ptr=a93fd9d4
10-23 17:36:35.722   691   693 W Sensors : sns_smr_la.c(467):smr_la: poll return revents: 0x1/ffffffff errno: 0
10-23 17:36:35.722   691   693 W Sensors : sns_main.c(1430):sns_main_exit called
10-23 17:36:35.722   691   693 E Sensors : error connecting error -1 Connection refused
10-23 17:36:37.227   673   681 W dex2oat : Compilation of void com.android.server.am.BroadcastQueue.processNextBroadcast(boolean) took 107.269ms
10-23 17:36:37.360   673   682 W dex2oat : Compilation of void com.android.server.am.ActivityManagerService.dumpApplicationMemoryUsage(java.io.FileDescriptor, java.io.PrintWriter, java.lang.String, java.lang.String[], boolean, java.io.PrintWriter) took 161.926ms
10-23 17:36:40.640   696   696 E Diag_Lib:  Diag_LSM_Init: Failed to open handle to diag driver, error = 2
10-23 17:36:40.641   696   696 E Sensors : sns_fsa_la.c(386):fsa: fflush failed, 9
10-23 17:36:40.641   696   696 E Sensors : sns_fsa_la.c(386):fsa: fflush failed, 9
10-23 17:36:40.700   696   698 W Sensors : sns_smr_la.c(446):smr_la: smr_apps_la_thread_main is starting, fd=10, sns_smr.en_rx_msg_ptr=a77b59d4
10-23 17:36:40.722   696   698 W Sensors : sns_smr_la.c(467):smr_la: poll return revents: 0x1/ffffffff errno: 0
10-23 17:36:40.722   696   698 W Sensors : sns_main.c(1430):sns_main_exit called
10-23 17:36:40.722   696   698 E Sensors : error connecting error -1 Connection refused
10-23 17:36:42.531   673   673 W dex2oat : Compilation of void com.android.server.pm.DefaultPermissionGrantPolicy.grantDefaultSystemHandlerPermissions(int) took 127.593ms
10-23 17:36:42.949   673   673 W dex2oat : Compilation of void com.android.server.pm.PackageManagerService.<init>(android.content.Context, com.android.server.pm.Installer, boolean, boolean) took 147.094ms
10-23 17:36:43.250   673   673 W dex2oat : Compilation of void com.android.server.pm.PackageManagerService.commitPackageSettings(android.content.pm.PackageParser$Package, com.android.server.pm.PackageSetting, android.os.UserHandle, int, boolean) took 100.158ms
10-23 17:36:43.802   673   673 W dex2oat : Compilation of void com.android.server.pm.PackageManagerService.installPackageLI(com.android.server.pm.PackageManagerService$InstallArgs, com.android.server.pm.PackageManagerService$PackageInstalledInfo) took 103.118ms
10-23 17:36:44.877   673   673 W dex2oat : Compilation of void com.android.server.pm.PackageManagerService.dump(java.io.FileDescriptor, java.io.PrintWriter, java.lang.String[]) took 195.587ms
10-23 17:36:45.285   211   283 D ThermalDaemon: Sensor 'tsens_tz_sensor3' - alarm raised 1 at 61.0 degC
10-23 17:36:45.645   701   701 E Diag_Lib:  Diag_LSM_Init: Failed to open handle to diag driver, error = 2
10-23 17:36:45.646   701   701 E Sensors : sns_fsa_la.c(386):fsa: fflush failed, 9
10-23 17:36:45.648   701   701 E Sensors : sns_fsa_la.c(386):fsa: fflush failed, 9
10-23 17:36:45.710   701   703 W Sensors : sns_smr_la.c(446):smr_la: smr_apps_la_thread_main is starting, fd=10, sns_smr.en_rx_msg_ptr=aaa989d4
10-23 17:36:45.732   701   703 W Sensors : sns_smr_la.c(467):smr_la: poll return revents: 0x1/ffffffff errno: 0
10-23 17:36:45.732   701   703 W Sensors : sns_main.c(1430):sns_main_exit called
10-23 17:36:45.732   701   703 E Sensors : error connecting error -1 Connection refused
10-23 17:36:49.190   673   673 I dex2oat : dex2oat took 19.607s (57.011s cpu) (threads: 4) arena alloc=10MB (10671920B) java alloc=2MB (2570960B) native alloc=28MB (29438944B) free=15MB (16698400B)
10-23 17:36:49.226   711   711 W dex2oat : type=1400 audit(0.0:45): avc: granted { getattr } for path="/vendor" dev="rootfs" ino=4769 scontext=u:r:dex2oat:s0 tcontext=u:object_r:rootfs:s0 tclass=lnk_file
10-23 17:36:49.287   711   711 I dex2oat : /system/bin/dex2oat --input-vdex-fd=-1 --output-vdex-fd=8 --compiler-filter=speed --classpath-dir=/system/framework
10-23 17:36:50.285   211   283 D ThermalDaemon: Sensor 'tsens_tz_sensor3' - alarm cleared 1 at 57.0 degC
10-23 17:36:50.594   711   711 I dex2oat : dex2oat took 1.309s (1.126s cpu) (threads: 4) arena alloc=413KB (423432B) java alloc=64KB (65960B) native alloc=1162KB (1190320B) free=1397KB (1431120B)
10-23 17:36:50.607   724   724 W dex2oat : type=1400 audit(0.0:46): avc: granted { getattr } for path="/vendor" dev="rootfs" ino=4769 scontext=u:r:dex2oat:s0 tcontext=u:object_r:rootfs:s0 tclass=lnk_file
10-23 17:36:50.638   725   725 E Diag_Lib:  Diag_LSM_Init: Failed to open handle to diag driver, error = 2
10-23 17:36:50.639   725   725 E Sensors : sns_fsa_la.c(386):fsa: fflush failed, 9
10-23 17:36:50.639   725   725 E Sensors : sns_fsa_la.c(386):fsa: fflush failed, 9
10-23 17:36:50.663   725   727 W Sensors : sns_smr_la.c(446):smr_la: smr_apps_la_thread_main is starting, fd=10, sns_smr.en_rx_msg_ptr=a8a929d4
10-23 17:36:50.664   724   724 I dex2oat : /system/bin/dex2oat --input-vdex-fd=-1 --output-vdex-fd=8 --compiler-filter=speed --classpath-dir=/system/framework
10-23 17:36:50.667   725   727 W Sensors : sns_smr_la.c(467):smr_la: poll return revents: 0x1/ffffffff errno: 0
10-23 17:36:50.668   725   727 W Sensors : sns_main.c(1430):sns_main_exit called
10-23 17:36:50.668   725   727 E Sensors : error connecting error -1 Connection refused
10-23 17:36:53.282   724   737 W dex2oat : Compilation of java.lang.String android.hardware.wifi.supplicant.V1_0.ISupplicantStaIfaceCallback$ReasonCode.dumpBitfield(int) took 118.743ms
10-23 17:36:53.363   724   736 W dex2oat : Compilation of java.lang.String android.hardware.wifi.supplicant.V1_0.ISupplicantStaIfaceCallback$StatusCode.dumpBitfield(int) took 176.696ms
10-23 17:36:55.640   748   748 E Diag_Lib:  Diag_LSM_Init: Failed to open handle to diag driver, error = 2
10-23 17:36:55.640   748   748 E Sensors : sns_fsa_la.c(386):fsa: fflush failed, 9
10-23 17:36:55.642   748   748 E Sensors : sns_fsa_la.c(386):fsa: fflush failed, 9
10-23 17:36:55.673   748   750 W Sensors : sns_smr_la.c(446):smr_la: smr_apps_la_thread_main is starting, fd=10, sns_smr.en_rx_msg_ptr=a95ba9d4
10-23 17:36:55.681   748   750 W Sensors : sns_smr_la.c(467):smr_la: poll return revents: 0x1/ffffffff errno: 0
10-23 17:36:55.681   748   750 W Sensors : sns_main.c(1430):sns_main_exit called
10-23 17:36:55.681   748   750 E Sensors : error connecting error -1 Connection refused
10-23 17:36:55.704   724   724 I dex2oat : dex2oat took 5.040s (12.716s cpu) (threads: 4) arena alloc=9MB (9760352B) java alloc=573KB (587688B) native alloc=6MB (6664480B) free=14MB (14831328B)
10-23 17:36:55.712   637   637 I chatty  : uid=1000 system_server expire 84 lines
10-23 17:36:55.757   637   637 I SystemServer: InitBeforeStartServices
10-23 17:36:55.757   637   637 W SystemServer: Timezone not set; setting to GMT.
10-23 17:36:55.767   637   637 I SystemServer: Entered the Android system server!
10-23 17:36:56.079   637   637 D SystemServerTiming: InitBeforeStartServices took to complete: 323ms
10-23 17:36:56.080   637   637 I SystemServer: StartServices
10-23 17:36:56.080   637   637 I SystemServer: Reading configuration...
10-23 17:36:56.080   637   637 I SystemServer: ReadingSystemConfig
10-23 17:36:56.081   637   637 D SystemServerTiming: ReadingSystemConfig took to complete: 1ms
10-23 17:36:56.081   637   637 I SystemServer: StartInstaller
10-23 17:36:56.082   637   757 D SystemServerInitThreadPool: Started executing ReadingSystemConfig
10-23 17:36:56.082   637   637 I SystemServiceManager: Starting com.android.server.pm.Installer
10-23 17:36:56.084   637   637 D SystemServerTiming: StartInstaller took to complete: 3ms
10-23 17:36:56.084   637   637 I SystemServer: DeviceIdentifiersPolicyService
10-23 17:36:56.085   637   637 I SystemServiceManager: Starting com.android.server.os.DeviceIdentifiersPolicyService
10-23 17:36:56.086   637   637 D SystemServerTiming: DeviceIdentifiersPolicyService took to complete: 1ms
10-23 17:36:56.086   637   637 I SystemServer: StartActivityManager
10-23 17:36:56.087   637   637 I SystemServiceManager: Starting com.android.server.am.ActivityManagerService$Lifecycle
10-23 17:36:56.126   637   637 I ActivityManager: Memory class: 192
10-23 17:36:56.128   637   759 I ServiceThread: Enabled StrictMode logging for ActivityManager looper.
10-23 17:36:56.132   637   760 I ServiceThread: Enabled StrictMode logging for android.ui looper.
10-23 17:36:56.150   637   757 D SystemServerInitThreadPool: Finished executing ReadingSystemConfig
10-23 17:36:56.181   637   637 D BatteryStatsImpl: Reading daily items from /data/system/batterystats-daily.xml
10-23 17:36:56.311   168   168 W /system/bin/hwservicemanager: getTransportFromManifest: Cannot find entry android.hardware.memtrack@1.0::IMemtrack in either framework or device manifest, using default transport.
10-23 17:36:56.327   637   637 I AppOps  : No existing app ops /data/system/appops.xml; starting empty
10-23 17:36:56.348   637   637 I IntentFirewall: Read new rules (A:0 B:0 S:0)
10-23 17:36:56.367   637   767 I ServiceThread: Enabled StrictMode logging for android.display looper.
10-23 17:36:56.395   637   637 D AppOps  : AppOpsService published
10-23 17:36:56.396   637   637 D SystemServerTiming: StartActivityManager took to complete: 309ms
10-23 17:36:56.396   637   637 I SystemServer: StartPowerManager
10-23 17:36:56.396   637   637 I SystemServiceManager: Starting com.android.server.power.PowerManagerService
10-23 17:36:56.404   637   769 I ServiceThread: Enabled StrictMode logging for PowerManagerService looper.
10-23 17:36:56.410   168   168 W /system/bin/hwservicemanager: getTransportFromManifest: Cannot find entry android.hardware.power@1.0::IPower in either framework or device manifest, using default transport.
10-23 17:36:56.426   212   231 E ANDR-PERF-LOCK: Failed to reset optimization for resource: 4 level: 0
10-23 17:36:56.433   637   637 D SystemServerTiming: StartPowerManager took to complete: 37ms
10-23 17:36:56.433   637   637 I SystemServer: InitPowerManagement
10-23 17:36:56.435   637   637 D SystemServerTiming: InitPowerManagement took to complete: 3ms
10-23 17:36:56.435   637   637 I SystemServer: StartRecoverySystemService
10-23 17:36:56.436   637   637 I SystemServiceManager: Starting com.android.server.RecoverySystemService
10-23 17:36:56.438   637   637 D SystemServerTiming: StartRecoverySystemService took to complete: 2ms
10-23 17:36:56.439   637   637 V RescueParty: Disabled because of active USB connection
10-23 17:36:56.439   637   637 I SystemServer: StartLightsService
10-23 17:36:56.439   637   637 I SystemServiceManager: Starting com.android.server.lights.LightsService
10-23 17:36:56.440   637   637 D SystemServerTiming: StartLightsService took to complete: 1ms
10-23 17:36:56.440   637   637 I SystemServer: StartDisplayManager
10-23 17:36:56.445   637   637 I SystemServiceManager: Starting com.android.server.display.DisplayManagerService
10-23 17:36:56.453   637   637 D SystemServerTiming: StartDisplayManager took to complete: 12ms
10-23 17:36:56.453   637   637 I SystemServer: WaitForDisplay
10-23 17:36:56.453   637   637 I SystemServiceManager: Starting phase 100
10-23 17:36:56.462   637   767 I DisplayManagerService: Display device added: DisplayDeviceInfo{"Built-in Screen": uniqueId="local:0", 768 x 1280, modeId 1, defaultModeId 1, supportedModes [{id=1, width=768, height=1280, fps=60.0}], colorMode 0, supportedColorModes [0], HdrCapabilities android.view.Display$HdrCapabilities@a69d6308, density 320, 159.895 x 160.157 dpi, appVsyncOff 1000000, presDeadline 16666667, touch INTERNAL, rotation 0, type BUILT_IN, state UNKNOWN, FLAG_DEFAULT_DISPLAY, FLAG_ROTATES_WITH_CONTENT, FLAG_SECURE, FLAG_SUPPORTS_PROTECTED_BUFFERS}
10-23 17:36:56.463   202   202 I chatty  : uid=1000(system) /system/bin/surfaceflinger expire 2 lines
10-23 17:36:56.465   168   168 W /system/bin/hwservicemanager: getTransportFromManifest: Cannot find entry android.hardware.light@2.0::ILight in either framework or device manifest, using default transport.
10-23 17:36:56.479   637   767 I chatty  : uid=1000(system) android.display expire 8 lines
10-23 17:36:56.487   637   637 D SystemServerTiming: WaitForDisplay took to complete: 34ms
10-23 17:36:56.487   637   767 I DisplayManagerService: Display device changed state: "Built-in Screen", ON
10-23 17:36:56.488   637   637 I SystemServer: StartPackageManagerService
10-23 17:36:56.511   637   637 W FileUtils: Failed to chmod(/data/system/packages.list): android.system.ErrnoException: chmod failed: ENOENT (No such file or directory)
10-23 17:36:56.542   637   637 D SELinuxMMAC: Using policy file /system/etc/selinux/plat_mac_permissions.xml
10-23 17:36:56.545   637   637 D SELinuxMMAC: Using policy file /vendor/etc/selinux/nonplat_mac_permissions.xml
10-23 17:36:56.549   637   637 I PackageManager: No settings file; creating initial state
10-23 17:36:56.587   637   637 I PackageManager: /system/framework/org.lineageos.platform-res.apk changed; collecting certs
10-23 17:36:56.611   637   637 E PackageManager: Adding duplicate shared id: 1000 name=lineageos.platform
10-23 17:36:56.682   637   637 I PackageManager: /system/framework/framework-res.apk changed; collecting certs
10-23 17:36:57.164   637   637 E PackageManager: Adding duplicate shared id: 1000 name=android
