10-16 23:39:40.419  4556  4556 W StatusBar: 	at com.android.systemui.statusbar.phone.StatusBar.createAndAddWindows(StatusBar.java:3661)
10-16 23:39:40.419  4556  4556 W StatusBar: 	at com.android.systemui.statusbar.phone.StatusBar.start(StatusBar.java:882)
10-16 23:39:40.419  4556  4556 W StatusBar: 	at com.android.systemui.SystemBars.createStatusBarFromConfig(SystemBars.java:71)
10-16 23:39:40.419  4556  4556 W StatusBar: 	at com.android.systemui.SystemBars.start(SystemBars.java:42)
10-16 23:39:40.419  4556  4556 W StatusBar: 	at com.android.systemui.SystemUIApplication.startServicesIfNeeded(SystemUIApplication.java:208)
10-16 23:39:40.419  4556  4556 W StatusBar: 	at com.android.systemui.SystemUIApplication.startServicesIfNeeded(SystemUIApplication.java:163)
10-16 23:39:40.419  4556  4556 W StatusBar: 	at com.android.systemui.SystemUIService.onCreate(SystemUIService.java:33)
10-16 23:39:40.419  4556  4556 W StatusBar: 	at android.app.ActivityThread.handleCreateService(ActivityThread.java:3404)
10-16 23:39:40.419  4556  4556 W StatusBar: 	at android.app.ActivityThread.-wrap4(Unknown Source:0)
10-16 23:39:40.419  4556  4556 W StatusBar: 	at android.app.ActivityThread$H.handleMessage(ActivityThread.java:1683)
10-16 23:39:40.419  4556  4556 W StatusBar: 	at android.os.Handler.dispatchMessage(Handler.java:105)
10-16 23:39:40.419  4556  4556 W StatusBar: 	at android.os.Looper.loop(Looper.java:164)
10-16 23:39:40.419  4556  4556 W StatusBar: 	at android.app.ActivityThread.main(ActivityThread.java:6541)
10-16 23:39:40.419  4556  4556 W StatusBar: 	at java.lang.reflect.Method.invoke(Native Method)
10-16 23:39:40.419  4556  4556 W StatusBar: 	at com.android.internal.os.Zygote$MethodAndArgsCaller.run(Zygote.java:240)
10-16 23:39:40.419  4556  4556 W StatusBar: 	at com.android.internal.os.ZygoteInit.main(ZygoteInit.java:767)
10-16 23:39:40.422  4556  4556 W StatusBar: isKeyguardSecure() called before startKeyguard(), returning false
10-16 23:39:40.422  4556  4556 W StatusBar: java.lang.Throwable
10-16 23:39:40.422  4556  4556 W StatusBar: 	at com.android.systemui.statusbar.phone.StatusBar.isKeyguardSecure(StatusBar.java:7393)
10-16 23:39:40.422  4556  4556 W StatusBar: 	at com.android.systemui.statusbar.phone.StatusBar.isCameraAllowedByAdmin(StatusBar.java:5244)
10-16 23:39:40.422  4556  4556 W StatusBar: 	at com.android.systemui.statusbar.phone.KeyguardBottomAreaView$DefaultRightButton.getIcon(KeyguardBottomAreaView.java:894)
10-16 23:39:40.422  4556  4556 W StatusBar: 	at com.android.systemui.statusbar.phone.KeyguardBottomAreaView.updateCameraVisibility(KeyguardBottomAreaView.java:382)
10-16 23:39:40.422  4556  4556 W StatusBar: 	at com.android.systemui.statusbar.phone.KeyguardBottomAreaView.setUserSetupComplete(KeyguardBottomAreaView.java:354)
10-16 23:39:40.422  4556  4556 W StatusBar: 	at com.android.systemui.statusbar.phone.StatusBar.makeStatusBarView(StatusBar.java:1174)
10-16 23:39:40.422  4556  4556 W StatusBar: 	at com.android.systemui.statusbar.phone.StatusBar.addStatusBarWindow(StatusBar.java:3665)
10-16 23:39:40.422  4556  4556 W StatusBar: 	at com.android.systemui.statusbar.phone.StatusBar.createAndAddWindows(StatusBar.java:3661)
10-16 23:39:40.422  4556  4556 W StatusBar: 	at com.android.systemui.statusbar.phone.StatusBar.start(StatusBar.java:882)
10-16 23:39:40.422  4556  4556 W StatusBar: 	at com.android.systemui.SystemBars.createStatusBarFromConfig(SystemBars.java:71)
10-16 23:39:40.422  4556  4556 W StatusBar: 	at com.android.systemui.SystemBars.start(SystemBars.java:42)
10-16 23:39:40.422  4556  4556 W StatusBar: 	at com.android.systemui.SystemUIApplication.startServicesIfNeeded(SystemUIApplication.java:208)
10-16 23:39:40.422  4556  4556 W StatusBar: 	at com.android.systemui.SystemUIApplication.startServicesIfNeeded(SystemUIApplication.java:163)
10-16 23:39:40.422  4556  4556 W StatusBar: 	at com.android.systemui.SystemUIService.onCreate(SystemUIService.java:33)
10-16 23:39:40.422  4556  4556 W StatusBar: 	at android.app.ActivityThread.handleCreateService(ActivityThread.java:3404)
10-16 23:39:40.422  4556  4556 W StatusBar: 	at android.app.ActivityThread.-wrap4(Unknown Source:0)
10-16 23:39:40.422  4556  4556 W StatusBar: 	at android.app.ActivityThread$H.handleMessage(ActivityThread.java:1683)
10-16 23:39:40.422  4556  4556 W StatusBar: 	at android.os.Handler.dispatchMessage(Handler.java:105)
10-16 23:39:40.422  4556  4556 W StatusBar: 	at android.os.Looper.loop(Looper.java:164)
10-16 23:39:40.422  4556  4556 W StatusBar: 	at android.app.ActivityThread.main(ActivityThread.java:6541)
10-16 23:39:40.422  4556  4556 W StatusBar: 	at java.lang.reflect.Method.invoke(Native Method)
10-16 23:39:40.422  4556  4556 W StatusBar: 	at com.android.internal.os.Zygote$MethodAndArgsCaller.run(Zygote.java:240)
10-16 23:39:40.422  4556  4556 W StatusBar: 	at com.android.internal.os.ZygoteInit.main(ZygoteInit.java:767)
10-16 23:39:40.455  4700  4700 D MccTable: updateMccMncConfiguration mccmnc='40422' fromServiceState=false
10-16 23:39:40.457  4700  4700 D MccTable: updateMccMncConfiguration defaultMccMnc=
10-16 23:39:40.457  4700  4700 D MccTable: updateMccMncConfiguration: mcc=404, mnc=22
10-16 23:39:40.457  4700  4700 D MccTable: updateMccMncConfiguration updateConfig config={0.0 404mcc22mnc ?localeList ?layoutDir ?swdp ?wdp ?hdp ?density ?lsize ?long ?ldr ?wideColorGamut ?orien ?uimode ?night ?touch ?keyb/?/? ?nav/?}
10-16 23:39:40.458  4375  4676 I ActivityManager: Config changes=3 {1.0 404mcc22mnc [en_US] ldltr sw384dp w384dp h568dp 320dpi nrml port finger -keyb/v/h -nav/h appBounds=Rect(0, 0 - 768, 1184) s.5}
10-16 23:39:40.479  4375  4676 I ActivityManager: Override config changes=3 {1.0 404mcc22mnc [en_US] ldltr sw384dp w384dp h568dp 320dpi nrml port finger -keyb/v/h -nav/h appBounds=Rect(0, 0 - 768, 1184) s.5} for displayId=0
10-16 23:39:40.598  4556  4556 W StatusBar: isKeyguardSecure() called before startKeyguard(), returning false
10-16 23:39:40.598  4556  4556 W StatusBar: java.lang.Throwable
10-16 23:39:40.598  4556  4556 W StatusBar: 	at com.android.systemui.statusbar.phone.StatusBar.isKeyguardSecure(StatusBar.java:7393)
10-16 23:39:40.598  4556  4556 W StatusBar: 	at com.android.systemui.statusbar.phone.StatusBar.isCameraAllowedByAdmin(StatusBar.java:5244)
10-16 23:39:40.598  4556  4556 W StatusBar: 	at com.android.systemui.statusbar.phone.KeyguardBottomAreaView$DefaultRightButton.getIcon(KeyguardBottomAreaView.java:894)
10-16 23:39:40.598  4556  4556 W StatusBar: 	at com.android.systemui.statusbar.phone.KeyguardBottomAreaView.updateCameraVisibility(KeyguardBottomAreaView.java:382)
10-16 23:39:40.598  4556  4556 W StatusBar: 	at com.android.systemui.statusbar.phone.KeyguardBottomAreaView.setUserSetupComplete(KeyguardBottomAreaView.java:354)
10-16 23:39:40.598  4556  4556 W StatusBar: 	at com.android.systemui.statusbar.phone.StatusBar$2.onUserSetupChanged(StatusBar.java:541)
10-16 23:39:40.598  4556  4556 W StatusBar: 	at com.android.systemui.statusbar.policy.DeviceProvisionedControllerImpl.addCallback(DeviceProvisionedControllerImpl.java:69)
10-16 23:39:40.598  4556  4556 W StatusBar: 	at com.android.systemui.statusbar.policy.DeviceProvisionedControllerImpl.addCallback(DeviceProvisionedControllerImpl.java:63)
10-16 23:39:40.598  4556  4556 W StatusBar: 	at com.android.systemui.statusbar.phone.StatusBar.makeStatusBarView(StatusBar.java:1262)
10-16 23:39:40.598  4556  4556 W StatusBar: 	at com.android.systemui.statusbar.phone.StatusBar.addStatusBarWindow(StatusBar.java:3665)
10-16 23:39:40.598  4556  4556 W StatusBar: 	at com.android.systemui.statusbar.phone.StatusBar.createAndAddWindows(StatusBar.java:3661)
10-16 23:39:40.598  4556  4556 W StatusBar: 	at com.android.systemui.statusbar.phone.StatusBar.start(StatusBar.java:882)
10-16 23:39:40.598  4556  4556 W StatusBar: 	at com.android.systemui.SystemBars.createStatusBarFromConfig(SystemBars.java:71)
10-16 23:39:40.598  4556  4556 W StatusBar: 	at com.android.systemui.SystemBars.start(SystemBars.java:42)
10-16 23:39:40.598  4556  4556 W StatusBar: 	at com.android.systemui.SystemUIApplication.startServicesIfNeeded(SystemUIApplication.java:208)
10-16 23:39:40.598  4556  4556 W StatusBar: 	at com.android.systemui.SystemUIApplication.startServicesIfNeeded(SystemUIApplication.java:163)
10-16 23:39:40.598  4556  4556 W StatusBar: 	at com.android.systemui.SystemUIService.onCreate(SystemUIService.java:33)
10-16 23:39:40.598  4556  4556 W StatusBar: 	at android.app.ActivityThread.handleCreateService(ActivityThread.java:3404)
10-16 23:39:40.598  4556  4556 W StatusBar: 	at android.app.ActivityThread.-wrap4(Unknown Source:0)
10-16 23:39:40.598  4556  4556 W StatusBar: 	at android.app.ActivityThread$H.handleMessage(ActivityThread.java:1683)
10-16 23:39:40.598  4556  4556 W StatusBar: 	at android.os.Handler.dispatchMessage(Handler.java:105)
10-16 23:39:40.598  4556  4556 W StatusBar: 	at android.os.Looper.loop(Looper.java:164)
10-16 23:39:40.598  4556  4556 W StatusBar: 	at android.app.ActivityThread.main(ActivityThread.java:6541)
10-16 23:39:40.598  4556  4556 W StatusBar: 	at java.lang.reflect.Method.invoke(Native Method)
10-16 23:39:40.598  4556  4556 W StatusBar: 	at com.android.internal.os.Zygote$MethodAndArgsCaller.run(Zygote.java:240)
10-16 23:39:40.598  4556  4556 W StatusBar: 	at com.android.internal.os.ZygoteInit.main(ZygoteInit.java:767)
10-16 23:39:40.681  4700  4700 I TelecomFramework: PstnIncomingCallNotifier: Unregistering: Handler (com.android.internal.telephony.GsmCdmaPhone) {8daee13}
10-16 23:39:40.693  4375  4922 I Telecom : PhoneAccountRegistrar: Modify account: [ComponentInfo{com.android.phone/com.android.services.telephony.TelephonyConnectionService}, [e0184adedf913b076626646d3f52c3b49c39ad6d], UserHandle{0}]: TSI.rPA@ABA
10-16 23:39:40.696  4700  4700 I TelecomFramework: AccountEntry: Registered phoneAccount: [[ ] PhoneAccount: ComponentInfo{com.android.phone/com.android.services.telephony.TelephonyConnectionService}, [e0184adedf913b076626646d3f52c3b49c39ad6d], UserHandle{0} Capabilities: CallProvider MultiUser PlaceEmerg SimSub  Audio Routes: BESW Schemes: tel voicemail  Extras: null GroupId: [da39a3ee5e6b4b0d3255bfef95601890afd80709]] with handle: ComponentInfo{com.android.phone/com.android.services.telephony.TelephonyConnectionService}, [e0184adedf913b076626646d3f52c3b49c39ad6d], UserHandle{0}
10-16 23:39:40.697  4700  4700 I TelecomFramework: PstnIncomingCallNotifier: Registering: Handler (com.android.internal.telephony.GsmCdmaPhone) {8daee13}
10-16 23:39:40.702  4700  4700 I TelecomFramework: PstnPhoneCapabilitiesNotifier: handleVideoCapabilitesChanged. Video capability - false
10-16 23:39:40.713  4375  4386 I Telecom : PhoneAccountRegistrar: Modify account: [ComponentInfo{com.android.phone/com.android.services.telephony.TelephonyConnectionService}, [e0184adedf913b076626646d3f52c3b49c39ad6d], UserHandle{0}]: TSI.rPA@ABM
10-16 23:39:40.733  4700  4700 D MccTable: updateMccMncConfiguration mccmnc='40422' fromServiceState=true
10-16 23:39:40.736  4700  4700 D MccTable: updateMccMncConfiguration defaultMccMnc=
10-16 23:39:40.736  4700  4700 D MccTable: updateMccMncConfiguration: mcc=404, mnc=22
10-16 23:39:40.736  4700  4700 D MccTable: WIFI_COUNTRY_CODE set to in
10-16 23:39:40.736  4375  4387 I WifiService: WifiService trying to set country code to in with persist set to false
10-16 23:39:40.758  4700  4700 I TelecomFramework: PstnIncomingCallNotifier: Unregistering: Handler (com.android.internal.telephony.GsmCdmaPhone) {8daee13}
10-16 23:39:40.767  4375  4922 I Telecom : PhoneAccountRegistrar: Modify account: [ComponentInfo{com.android.phone/com.android.services.telephony.TelephonyConnectionService}, [e0184adedf913b076626646d3f52c3b49c39ad6d], UserHandle{0}]: TSI.rPA@ABQ
10-16 23:39:40.773  4700  4700 I TelecomFramework: AccountEntry: Registered phoneAccount: [[ ] PhoneAccount: ComponentInfo{com.android.phone/com.android.services.telephony.TelephonyConnectionService}, [e0184adedf913b076626646d3f52c3b49c39ad6d], UserHandle{0} Capabilities: CallProvider MultiUser PlaceEmerg SimSub  Audio Routes: BESW Schemes: tel voicemail  Extras: null GroupId: [da39a3ee5e6b4b0d3255bfef95601890afd80709]] with handle: ComponentInfo{com.android.phone/com.android.services.telephony.TelephonyConnectionService}, [e0184adedf913b076626646d3f52c3b49c39ad6d], UserHandle{0}
10-16 23:39:40.773  4700  4700 I TelecomFramework: PstnIncomingCallNotifier: Registering: Handler (com.android.internal.telephony.GsmCdmaPhone) {8daee13}
10-16 23:39:40.780  4700  4700 I TelecomFramework: PstnPhoneCapabilitiesNotifier: handleVideoCapabilitesChanged. Video capability - false
10-16 23:39:40.789  4556  4913 E ActivityThread: Failed to find provider info for com.android.contacts
10-16 23:39:40.792  4375  4676 I Telecom : PhoneAccountRegistrar: Modify account: [ComponentInfo{com.android.phone/com.android.services.telephony.TelephonyConnectionService}, [e0184adedf913b076626646d3f52c3b49c39ad6d], UserHandle{0}]: TSI.rPA@ABc
10-16 23:39:40.813  4375  4604 E PowerManagerService: Failed to read last_reboot_reason file
10-16 23:39:40.813  4375  4604 E PowerManagerService: java.io.FileNotFoundException: /data/misc/reboot/last_reboot_reason (No such file or directory)
10-16 23:39:40.813  4375  4604 E PowerManagerService: 	at java.io.FileInputStream.open0(Native Method)
10-16 23:39:40.813  4375  4604 E PowerManagerService: 	at java.io.FileInputStream.open(FileInputStream.java:200)
10-16 23:39:40.813  4375  4604 E PowerManagerService: 	at java.io.FileInputStream.<init>(FileInputStream.java:150)
10-16 23:39:40.813  4375  4604 E PowerManagerService: 	at java.io.FileReader.<init>(FileReader.java:72)
10-16 23:39:40.813  4375  4604 E PowerManagerService: 	at com.android.server.power.PowerManagerService.getLastShutdownReasonInternal(PowerManagerService.java:4831)
10-16 23:39:40.813  4375  4604 E PowerManagerService: 	at com.android.server.power.PowerManagerService$BinderService.getLastShutdownReason(PowerManagerService.java:4570)
10-16 23:39:40.813  4375  4604 E PowerManagerService: 	at android.os.IPowerManager$Stub.onTransact(IPowerManager.java:302)
10-16 23:39:40.813  4375  4604 E PowerManagerService: 	at android.os.Binder.execTransact(Binder.java:674)
10-16 23:39:40.844  4700  4700 D MccTable: updateMccMncConfiguration mccmnc='40422' fromServiceState=false
10-16 23:39:40.845  4700  4700 D MccTable: updateMccMncConfiguration defaultMccMnc=40422
10-16 23:39:40.845  4700  4700 D MccTable: updateMccMncConfiguration: mcc=404, mnc=22
10-16 23:39:40.845  4700  4700 D MccTable: updateMccMncConfiguration updateConfig config={0.0 404mcc22mnc ?localeList ?layoutDir ?swdp ?wdp ?hdp ?density ?lsize ?long ?ldr ?wideColorGamut ?orien ?uimode ?night ?touch ?keyb/?/? ?nav/?}
10-16 23:39:40.875  4375  4676 D CryptdConnector: SND -> {3 cryptfs getpw}
10-16 23:39:40.876   171   177 D VoldCryptCmdListener: cryptfs getpw
10-16 23:39:40.876  4375  4488 D CryptdConnector: RCV <- {200 3 -1}
10-16 23:39:40.877  4375  4676 D CryptdConnector: SND -> {4 cryptfs clearpw}
10-16 23:39:40.877   171   177 D VoldCryptCmdListener: cryptfs clearpw
10-16 23:39:40.877  4375  4488 D CryptdConnector: RCV <- {200 4 0}
10-16 23:39:40.879  4556  4959 E ActivityThread: Failed to find provider info for com.android.contacts
10-16 23:39:40.922  4375  4390 I ActivityManager: Start proc 5129:com.android.cellbroadcastreceiver/u0a5 for broadcast com.android.cellbroadcastreceiver/.CellBroadcastReceiver
10-16 23:39:41.033  4556  4556 E ActivityThread: Failed to find provider info for org.omnirom.omnijaws.provider
10-16 23:39:41.041  4556  4556 I chatty  : uid=10025(u0_a25) com.android.systemui identical 5 lines
10-16 23:39:41.043  4556  4556 E ActivityThread: Failed to find provider info for org.omnirom.omnijaws.provider
10-16 23:39:41.068  4700  4700 D MccTable: updateMccMncConfiguration mccmnc='40422' fromServiceState=false
10-16 23:39:41.069  4700  4700 D MccTable: updateMccMncConfiguration defaultMccMnc=40422
10-16 23:39:41.070  4700  4700 D MccTable: updateMccMncConfiguration: mcc=404, mnc=22
10-16 23:39:41.070  4700  4700 D MccTable: updateMccMncConfiguration updateConfig config={0.0 404mcc22mnc ?localeList ?layoutDir ?swdp ?wdp ?hdp ?density ?lsize ?long ?ldr ?wideColorGamut ?orien ?uimode ?night ?touch ?keyb/?/? ?nav/?}
10-16 23:39:41.157  4700  4700 I TelecomFramework: PstnIncomingCallNotifier: Unregistering: Handler (com.android.internal.telephony.GsmCdmaPhone) {8daee13}
10-16 23:39:41.196  4375  4386 I Telecom : PhoneAccountRegistrar: New phone account registered: [[ ] PhoneAccount: ComponentInfo{com.android.phone/com.android.services.telephony.TelephonyConnectionService}, [26c54c33e876414d14ea2f016634d88ca51e9dac], UserHandle{0} Capabilities: CallProvider MultiUser PlaceEmerg SimSub  Audio Routes: BESW Schemes: tel voicemail  Extras: null GroupId: [da39a3ee5e6b4b0d3255bfef95601890afd80709]]: TSI.rPA@ABk
10-16 23:39:41.202  4375  4386 I Telecom : CallsManager: Sending phone-account ComponentInfo{com.android.phone/com.android.services.telephony.TelephonyConnectionService}, [26c54c33e876414d14ea2f016634d88ca51e9dac], UserHandle{0} registered intent as user: TSI.rPA@ABk
10-16 23:39:41.202  4375  4386 I Telecom : CallsManager: Sending phone-account registered intent to default dialer: TSI.rPA@ABk
10-16 23:39:41.204  4700  4700 I TelecomFramework: AccountEntry: Registered phoneAccount: [[ ] PhoneAccount: ComponentInfo{com.android.phone/com.android.services.telephony.TelephonyConnectionService}, [26c54c33e876414d14ea2f016634d88ca51e9dac], UserHandle{0} Capabilities: CallProvider MultiUser PlaceEmerg SimSub  Audio Routes: BESW Schemes: tel voicemail  Extras: null GroupId: [da39a3ee5e6b4b0d3255bfef95601890afd80709]] with handle: ComponentInfo{com.android.phone/com.android.services.telephony.TelephonyConnectionService}, [26c54c33e876414d14ea2f016634d88ca51e9dac], UserHandle{0}
10-16 23:39:41.204  4700  4700 I TelecomFramework: PstnIncomingCallNotifier: Registering: Handler (com.android.internal.telephony.GsmCdmaPhone) {8daee13}
10-16 23:39:41.207  4700  4700 I TelecomFramework: TelecomAccountRegistry: Unregistering phone account ComponentInfo{com.android.phone/com.android.services.telephony.TelephonyConnectionService}, [e0184adedf913b076626646d3f52c3b49c39ad6d], UserHandle{0}.
10-16 23:39:41.212  4375  4386 I Telecom : CallsManager: Sending phone-account ComponentInfo{com.android.phone/com.android.services.telephony.TelephonyConnectionService}, [e0184adedf913b076626646d3f52c3b49c39ad6d], UserHandle{0} unregistered intent as user: TSI.uPA@ABs
10-16 23:39:41.212  4375  4386 I Telecom : CallsManager: Sending phone-account unregistered intent to default dialer: TSI.uPA@ABs
10-16 23:39:41.265  4556  4913 E ActivityThread: Failed to find provider info for com.android.contacts
10-16 23:39:41.378  4375  4493 D WifiService: New client listening to asynchronous messages
10-16 23:39:41.455  4700  4700 I TelecomFramework: PstnIncomingCallNotifier: Unregistering: Handler (com.android.internal.telephony.GsmCdmaPhone) {8daee13}
10-16 23:39:41.479  4375  4387 I Telecom : PhoneAccountRegistrar: Modify account: [ComponentInfo{com.android.phone/com.android.services.telephony.TelephonyConnectionService}, [26c54c33e876414d14ea2f016634d88ca51e9dac], UserHandle{0}]: TSI.rPA@AB0
10-16 23:39:41.483  4700  4700 I TelecomFramework: AccountEntry: Registered phoneAccount: [[ ] PhoneAccount: ComponentInfo{com.android.phone/com.android.services.telephony.TelephonyConnectionService}, [26c54c33e876414d14ea2f016634d88ca51e9dac], UserHandle{0} Capabilities: CallProvider MultiUser PlaceEmerg SimSub  Audio Routes: BESW Schemes: tel voicemail  Extras: null GroupId: [da39a3ee5e6b4b0d3255bfef95601890afd80709]] with handle: ComponentInfo{com.android.phone/com.android.services.telephony.TelephonyConnectionService}, [26c54c33e876414d14ea2f016634d88ca51e9dac], UserHandle{0}
10-16 23:39:41.483  4700  4700 I TelecomFramework: PstnIncomingCallNotifier: Registering: Handler (com.android.internal.telephony.GsmCdmaPhone) {8daee13}
10-16 23:39:41.508  4700  4700 I TelecomFramework: PstnIncomingCallNotifier: Unregistering: Handler (com.android.internal.telephony.GsmCdmaPhone) {8daee13}
10-16 23:39:41.529  4375  4386 I Telecom : PhoneAccountRegistrar: Modify account: [ComponentInfo{com.android.phone/com.android.services.telephony.TelephonyConnectionService}, [26c54c33e876414d14ea2f016634d88ca51e9dac], UserHandle{0}]: TSI.rPA@ACA
10-16 23:39:41.534  4700  4700 I TelecomFramework: AccountEntry: Registered phoneAccount: [[ ] PhoneAccount: ComponentInfo{com.android.phone/com.android.services.telephony.TelephonyConnectionService}, [26c54c33e876414d14ea2f016634d88ca51e9dac], UserHandle{0} Capabilities: CallProvider MultiUser PlaceEmerg SimSub  Audio Routes: BESW Schemes: tel voicemail  Extras: null GroupId: [da39a3ee5e6b4b0d3255bfef95601890afd80709]] with handle: ComponentInfo{com.android.phone/com.android.services.telephony.TelephonyConnectionService}, [26c54c33e876414d14ea2f016634d88ca51e9dac], UserHandle{0}
10-16 23:39:41.534  4700  4700 I TelecomFramework: PstnIncomingCallNotifier: Registering: Handler (com.android.internal.telephony.GsmCdmaPhone) {8daee13}
10-16 23:39:41.561  4375  4387 I ActivityManager: Start proc 5160:com.android.carrierconfig/u0a3 for service com.android.carrierconfig/.DefaultCarrierConfigService
10-16 23:39:41.571  4700  4700 I TelecomFramework: PstnPhoneCapabilitiesNotifier: handleVideoCapabilitesChanged. Video capability - false
10-16 23:39:41.602  4700  4700 I TelecomFramework: PstnIncomingCallNotifier: Unregistering: Handler (com.android.internal.telephony.GsmCdmaPhone) {8daee13}
10-16 23:39:41.624  4375  4676 I Telecom : PhoneAccountRegistrar: Modify account: [ComponentInfo{com.android.phone/com.android.services.telephony.TelephonyConnectionService}, [26c54c33e876414d14ea2f016634d88ca51e9dac], UserHandle{0}]: TSI.rPA@ACM
10-16 23:39:41.629  4700  4700 I TelecomFramework: AccountEntry: Registered phoneAccount: [[ ] PhoneAccount: ComponentInfo{com.android.phone/com.android.services.telephony.TelephonyConnectionService}, [26c54c33e876414d14ea2f016634d88ca51e9dac], UserHandle{0} Capabilities: CallProvider MultiUser PlaceEmerg SimSub  Audio Routes: BESW Schemes: tel voicemail  Extras: null GroupId: [da39a3ee5e6b4b0d3255bfef95601890afd80709]] with handle: ComponentInfo{com.android.phone/com.android.services.telephony.TelephonyConnectionService}, [26c54c33e876414d14ea2f016634d88ca51e9dac], UserHandle{0}
10-16 23:39:41.630  4700  4700 I TelecomFramework: PstnIncomingCallNotifier: Registering: Handler (com.android.internal.telephony.GsmCdmaPhone) {8daee13}
10-16 23:39:41.660  4700  4700 I TelecomFramework: PstnIncomingCallNotifier: Unregistering: Handler (com.android.internal.telephony.GsmCdmaPhone) {8daee13}
10-16 23:39:41.683  4375  4604 I Telecom : PhoneAccountRegistrar: Modify account: [ComponentInfo{com.android.phone/com.android.services.telephony.TelephonyConnectionService}, [26c54c33e876414d14ea2f016634d88ca51e9dac], UserHandle{0}]: TSI.rPA@ACY
10-16 23:39:41.687  4700  4700 I TelecomFramework: AccountEntry: Registered phoneAccount: [[ ] PhoneAccount: ComponentInfo{com.android.phone/com.android.services.telephony.TelephonyConnectionService}, [26c54c33e876414d14ea2f016634d88ca51e9dac], UserHandle{0} Capabilities: CallProvider MultiUser PlaceEmerg SimSub  Audio Routes: BESW Schemes: tel voicemail  Extras: null GroupId: [da39a3ee5e6b4b0d3255bfef95601890afd80709]] with handle: ComponentInfo{com.android.phone/com.android.services.telephony.TelephonyConnectionService}, [26c54c33e876414d14ea2f016634d88ca51e9dac], UserHandle{0}
10-16 23:39:41.687  4700  4700 I TelecomFramework: PstnIncomingCallNotifier: Registering: Handler (com.android.internal.telephony.GsmCdmaPhone) {8daee13}
10-16 23:39:41.708  4700  4700 I TelecomFramework: PstnPhoneCapabilitiesNotifier: handleVideoCapabilitesChanged. Video capability - false
10-16 23:39:41.708  4700  4700 I chatty  : uid=1001(radio) com.android.phone identical 1 line
10-16 23:39:41.708  4700  4700 I TelecomFramework: PstnPhoneCapabilitiesNotifier: handleVideoCapabilitesChanged. Video capability - false
10-16 23:39:41.721  4375  4390 I ActivityManager: Start proc 5180:com.android.dialer/u0a16 for broadcast com.android.dialer/.app.voicemail.LegacyVoicemailNotificationReceiver
10-16 23:39:41.747  4700  4700 D MccTable: updateMccMncConfiguration mccmnc='' fromServiceState=true
10-16 23:39:41.748  4700  4700 D MccTable: WIFI_COUNTRY_CODE set to 
10-16 23:39:41.748  4375  4922 I WifiService: WifiService trying to set country code to  with persist set to false
10-16 23:39:41.768  4700  4700 I TelecomFramework: PstnPhoneCapabilitiesNotifier: handleVideoCapabilitesChanged. Video capability - false
10-16 23:39:41.795  4375  4386 I Telecom : PhoneAccountRegistrar: Modify account: [ComponentInfo{com.android.phone/com.android.services.telephony.TelephonyConnectionService}, [26c54c33e876414d14ea2f016634d88ca51e9dac], UserHandle{0}(lbl:  -> Idea)(desc:  -> Idea)]: TSI.rPA@ACs
10-16 23:39:41.950  4700  4700 I TelecomFramework: PstnIncomingCallNotifier: Unregistering: Handler (com.android.internal.telephony.GsmCdmaPhone) {8daee13}
10-16 23:39:41.976  4375  4387 I Telecom : PhoneAccountRegistrar: Modify account: [ComponentInfo{com.android.phone/com.android.services.telephony.TelephonyConnectionService}, [26c54c33e876414d14ea2f016634d88ca51e9dac], UserHandle{0}]: TSI.rPA@ACw
10-16 23:39:41.980  4700  4700 I TelecomFramework: AccountEntry: Registered phoneAccount: [[ ] PhoneAccount: ComponentInfo{com.android.phone/com.android.services.telephony.TelephonyConnectionService}, [26c54c33e876414d14ea2f016634d88ca51e9dac], UserHandle{0} Capabilities: CallProvider MultiUser PlaceEmerg SimSub  Audio Routes: BESW Schemes: tel voicemail  Extras: null GroupId: [da39a3ee5e6b4b0d3255bfef95601890afd80709]] with handle: ComponentInfo{com.android.phone/com.android.services.telephony.TelephonyConnectionService}, [26c54c33e876414d14ea2f016634d88ca51e9dac], UserHandle{0}
10-16 23:39:41.980  4700  4700 I TelecomFramework: PstnIncomingCallNotifier: Registering: Handler (com.android.internal.telephony.GsmCdmaPhone) {8daee13}
10-16 23:39:42.026  4375  4375 D ConditionProviders.SCP: onReceive android.intent.action.TIME_SET
10-16 23:39:42.036  4375  4390 I ActivityManager: Start proc 5202:com.android.deskclock/u0a42 for broadcast com.android.deskclock/.AlarmInitReceiver
10-16 23:39:42.037  4375  4375 D ConditionProviders.SCP: notifyCondition condition://android/schedule?days=6.7&start=23.30&end=10.0&exitAtAlarm=false STATE_FALSE reason=!meetsSchedule
10-16 23:39:42.038  4375  4375 D ConditionProviders.SCP: notifyCondition condition://android/schedule?days=1.2.3.4.5&start=22.0&end=7.0&exitAtAlarm=false STATE_TRUE reason=meetsSchedule
10-16 23:39:42.039  4375  4375 D ConditionProviders.SCP: Scheduling evaluate for Tue Oct 17 07:00:00 GMT+05:30 2017 (1508203800000), in +7h20m17s974ms, now=Mon Oct 16 23:39:42 GMT+05:30 2017 (1508177382026)
10-16 23:39:42.039  4375  4375 E AlarmManager: RTC Alarm: 0 null android ScheduleConditionProvider.EVALUATE
10-16 23:39:42.040  4375  4509 E ActivityThread: Failed to find provider info for com.android.calendar
10-16 23:39:42.040  4375  4509 E ActivityThread: Failed to find provider info for com.android.calendar
10-16 23:39:42.041  4375  4509 E AlarmManager: RTC Alarm: 0 null android EventConditionProvider.EVALUATE
10-16 23:39:42.060  4700  4700 I TelecomFramework: PstnPhoneCapabilitiesNotifier: handleVideoCapabilitesChanged. Video capability - false
10-16 23:39:42.077  4375  4375 I Telecom : PhoneAccountRegistrar: SimCallManager queried, returning: null: TSI.gSCMFU@AC8
10-16 23:39:42.093  4700  4700 D MccTable: updateMccMncConfiguration mccmnc='40422' fromServiceState=true
10-16 23:39:42.094  4375  4386 I Telecom : PhoneAccountRegistrar: Modify account: [ComponentInfo{com.android.phone/com.android.services.telephony.TelephonyConnectionService}, [26c54c33e876414d14ea2f016634d88ca51e9dac], UserHandle{0}]: TSI.rPA@ADA
10-16 23:39:42.104  4700  4700 D MccTable: updateMccMncConfiguration defaultMccMnc=40422
10-16 23:39:42.104  4700  4700 D MccTable: updateMccMncConfiguration: mcc=404, mnc=22
10-16 23:39:42.105  4700  4700 D MccTable: WIFI_COUNTRY_CODE set to in
10-16 23:39:42.105  4375  4676 I WifiService: WifiService trying to set country code to in with persist set to false
10-16 23:39:42.165  4700  4700 I TelecomFramework: PstnIncomingCallNotifier: Unregistering: Handler (com.android.internal.telephony.GsmCdmaPhone) {8daee13}
10-16 23:39:42.210  4375  4831 I Telecom : PhoneAccountRegistrar: Modify account: [ComponentInfo{com.android.phone/com.android.services.telephony.TelephonyConnectionService}, [26c54c33e876414d14ea2f016634d88ca51e9dac], UserHandle{0}(lbl: Idea -> )(desc: Idea -> )]: TSI.rPA@ADM
10-16 23:39:42.215  4700  4700 I TelecomFramework: AccountEntry: Registered phoneAccount: [[ ] PhoneAccount: ComponentInfo{com.android.phone/com.android.services.telephony.TelephonyConnectionService}, [26c54c33e876414d14ea2f016634d88ca51e9dac], UserHandle{0} Capabilities: CallProvider MultiUser PlaceEmerg SimSub  Audio Routes: BESW Schemes: tel voicemail  Extras: null GroupId: [da39a3ee5e6b4b0d3255bfef95601890afd80709]] with handle: ComponentInfo{com.android.phone/com.android.services.telephony.TelephonyConnectionService}, [26c54c33e876414d14ea2f016634d88ca51e9dac], UserHandle{0}
10-16 23:39:42.215  4700  4700 I TelecomFramework: PstnIncomingCallNotifier: Registering: Handler (com.android.internal.telephony.GsmCdmaPhone) {8daee13}
10-16 23:39:42.221  4700  4700 I TelecomFramework: PstnIncomingCallNotifier: Unregistering: Handler (com.android.internal.telephony.GsmCdmaPhone) {8daee13}
10-16 23:39:42.250  4375  4831 I Telecom : PhoneAccountRegistrar: Modify account: [ComponentInfo{com.android.phone/com.android.services.telephony.TelephonyConnectionService}, [26c54c33e876414d14ea2f016634d88ca51e9dac], UserHandle{0}]: TSI.rPA@ADY
10-16 23:39:42.254  4700  4700 I TelecomFramework: AccountEntry: Registered phoneAccount: [[ ] PhoneAccount: ComponentInfo{com.android.phone/com.android.services.telephony.TelephonyConnectionService}, [26c54c33e876414d14ea2f016634d88ca51e9dac], UserHandle{0} Capabilities: CallProvider MultiUser PlaceEmerg SimSub  Audio Routes: BESW Schemes: tel voicemail  Extras: null GroupId: [da39a3ee5e6b4b0d3255bfef95601890afd80709]] with handle: ComponentInfo{com.android.phone/com.android.services.telephony.TelephonyConnectionService}, [26c54c33e876414d14ea2f016634d88ca51e9dac], UserHandle{0}
10-16 23:39:42.254  4700  4700 I TelecomFramework: PstnIncomingCallNotifier: Registering: Handler (com.android.internal.telephony.GsmCdmaPhone) {8daee13}
10-16 23:39:42.313  4700  4700 I TelecomFramework: PstnPhoneCapabilitiesNotifier: handleVideoCapabilitesChanged. Video capability - false
10-16 23:39:42.313  4700  4700 I TelecomFramework: PstnPhoneCapabilitiesNotifier: handleVideoCapabilitesChanged. Video capability - false
10-16 23:39:42.368  4375  4387 I Telecom : PhoneAccountRegistrar: Modify account: [ComponentInfo{com.android.phone/com.android.services.telephony.TelephonyConnectionService}, [26c54c33e876414d14ea2f016634d88ca51e9dac], UserHandle{0}]: TSI.rPA@ADk
10-16 23:39:42.442  4375  4393 E BatteryStatsService: no controller energy info supplied
10-16 23:39:42.442  4375  4393 E BatteryStatsService: no controller energy info supplied
10-16 23:39:42.455  4375  4393 E KernelUidCpuFreqTimeReader: Failed to read /proc/uid_time_in_state: java.io.FileNotFoundException: /proc/uid_time_in_state (No such file or directory)
10-16 23:39:42.459  4375  4393 E BatteryStatsService: modem info is invalid: ModemActivityInfo{ mTimestamp=0 mSleepTimeMs=0 mIdleTimeMs=0 mTxTimeMs[]=[0, 0, 0, 0, 0] mRxTimeMs=0 mEnergyUsed=0}
10-16 23:39:42.611  4375  4398 I WindowManager: ******* TELLING SURFACE FLINGER WE ARE BOOTED!
10-16 23:39:42.785  5243  5243 F libc    : CANNOT LINK EXECUTABLE "/system/bin/mm-qcamera-daemon": "/system/lib/libmmjpeg.so" has text relocations
10-16 23:39:42.786  5243  5243 F libc    : Fatal signal 6 (SIGABRT), code -6 in tid 5243 (mm-qcamera-daem)
10-16 23:39:42.832  5243  5243 F libc    : failed to resend signal during crash: Operation not permitted
10-16 23:39:47.802  5267  5267 F libc    : CANNOT LINK EXECUTABLE "/system/bin/mm-qcamera-daemon": "/system/lib/libmmjpeg.so" has text relocations
10-16 23:39:47.802  5267  5267 F libc    : Fatal signal 6 (SIGABRT), code -6 in tid 5267 (mm-qcamera-daem)
10-16 23:39:47.842  5267  5267 F libc    : failed to resend signal during crash: Operation not permitted
10-16 23:39:49.612  4375  4398 I SystemServiceManager: Starting phase 1000
10-16 23:39:49.621  4375  4396 I UsbDeviceManager: Setting USB config to adb
10-16 23:39:49.643  4375  4398 D ActivityManager: Finishing user boot 0
10-16 23:39:49.644  4375  4398 I ActivityManager: User 0 state changed from BOOTING to RUNNING_LOCKED
10-16 23:39:49.647  4375  4398 I ActivityManager: User 0 state changed from RUNNING_LOCKED to RUNNING_UNLOCKING
10-16 23:39:49.648  4375  4398 D CryptdConnector: SND -> {5 cryptfs prepare_user_storage ! 0 0 2}
10-16 23:39:49.649   171   177 D vold    : e4crypt_prepare_user_storage for volume null, user 0, serial 0, flags 2
10-16 23:39:49.649   171   177 D vold    : Preparing: /data/system_ce/0
10-16 23:39:49.649   171   177 D vold    : Preparing: /data/misc_ce/0
10-16 23:39:49.650   171   177 D vold    : Preparing: /data/media/0
10-16 23:39:49.650   171   177 D vold    : Preparing: /data/data
10-16 23:39:49.650  4375  4488 D CryptdConnector: RCV <- {200 5 Command succeeded}
10-16 23:39:49.653  4375  4398 V UserDataPreparer: Found /data/user/0 with serial number 0
10-16 23:39:49.655  4375  4398 V UserDataPreparer: Found /data/system_ce/0 with serial number 0
10-16 23:39:49.656  4375  4398 V PackageManager: reconcileAppsData for null u0 0x2 migrateAppData=false
10-16 23:39:49.829  4375  4396 I UsbDeviceManager: Setting USB config to mtp,adb
10-16 23:39:49.832  4375  4398 V PackageManager: reconcileAppsData finished 77 packages
10-16 23:39:49.832  4375  4390 I SystemServiceManager: Calling onUnlockUser u0
10-16 23:39:49.832  4375  4390 D BluetoothManagerService: User 0 unlocked
10-16 23:39:49.833  4375  4390 D StorageManagerService: onUnlockUser 0
10-16 23:39:49.833  4375  4390 D VoldConnector: SND -> {6 volume user_started 0}
10-16 23:39:49.833  4375  4397 D BluetoothManagerService: MESSAGE_USER_UNLOCKED
10-16 23:39:49.836   171   176 D vold    : Linking /storage/emulated/0 to /mnt/user/0/primary
10-16 23:39:49.836  4375  4487 D VoldConnector: RCV <- {200 6 Command succeeded}
10-16 23:39:49.846  4375  4486 D StorageManagerService: Volume emulated broadcasting mounted to UserHandle{0}
10-16 23:39:49.849  4375  4503 D ConnectivityService: Got NetworkFactory Messenger for WIFI
10-16 23:39:49.850  4375  4503 D ConnectivityService: Got NetworkFactory Messenger for WIFI_UT
10-16 23:39:49.918  4375  4390 V BackupManagerService: No ancestral data
10-16 23:39:49.946  4375  4831 I ActivityManager: Start proc 5313:android.process.media/u0a9 for broadcast com.android.providers.downloads/.DownloadReceiver
10-16 23:39:49.957  4375  4390 V BackupManagerService: Starting with transport com.google.android.gms/.backup.BackupTransportService
10-16 23:39:49.958  4375  4390 D BackupTransportManager: Binding to transport: android/com.android.internal.backup.LocalTransportService
10-16 23:39:49.960  4375  4390 I BackupManagerService: Backup enabled => false
10-16 23:39:49.962  4375  4390 W SystemServiceManager: Service com.android.server.backup.BackupManagerService$Lifecycle took 95 ms in onUnlockUser 
10-16 23:39:49.976  4375  5295 V KeyValueBackupJob: Scheduling k/v pass in 242 minutes
10-16 23:39:49.978  4375  4375 D BackupTransportManager: Bound to transport: android/com.android.internal.backup.LocalTransportService
10-16 23:39:50.004  4375  4390 W VoiceInteractionManagerService: no available voice interaction services found for user 0
10-16 23:39:50.004  4375  4390 W VoiceInteractionManagerService: no available voice recognition services found for user 0
10-16 23:39:50.008  4375  4390 I ActivityManager: Loading recents for user 0 into memory.
10-16 23:39:50.016  4375  5295 I BackupManagerService: Found stale backup journal, scheduling
10-16 23:39:50.026  4375  4390 I ActivityManager: Start proc 5335:com.android.nfc/1027 for added application com.android.nfc
10-16 23:39:50.029  4375  4390 I ActivityManager: User 0 state changed from RUNNING_UNLOCKING to RUNNING_UNLOCKED
10-16 23:39:50.030  4375  4390 I ActivityManager: Sending BOOT_COMPLETE user #0
10-16 23:39:50.121  4375  4922 I ActivityManager: Start proc 5363:com.android.smspush/u0a53 for service com.android.smspush/.WapPushManager
10-16 23:39:50.132  4375  4676 I ActivityManager: START u0 {act=android.intent.action.MAIN cat=[android.intent.category.HOME] flg=0x10000100 cmp=com.android.launcher3/.Launcher} from uid 0
10-16 23:39:50.189  4375  4390 I ActivityManager: Start proc 5387:com.android.launcher3/u0a13 for activity com.android.launcher3/.Launcher
10-16 23:39:50.457  4375  4831 I ActivityManager: Start proc 5437:com.android.launcher3:wallpaper_chooser/u0a13 for service com.android.launcher3/.dynamicui.ColorExtractionService
10-16 23:39:50.468  4375  5434 W BootReceiver: boot_fs_shutdown, string not found
10-16 23:39:50.469  4375  5434 I BootReceiver: Checking for fsck errors
10-16 23:39:50.474  4375  5434 I BootReceiver: Copying /data/tombstones/tombstone_00 to DropBox (SYSTEM_TOMBSTONE)
10-16 23:39:50.500  4375  5434 I BootReceiver: Copying /data/tombstones/tombstone_01 to DropBox (SYSTEM_TOMBSTONE)
10-16 23:39:50.502  4375  4387 I ActivityManager: Start proc 5451:android.process.acore/u0a1 for content provider com.android.providers.contacts/.CallLogProvider
10-16 23:39:50.505  4375  5434 I BootReceiver: Copying /data/tombstones/tombstone_06 to DropBox (SYSTEM_TOMBSTONE)
10-16 23:39:50.509  4375  5434 I BootReceiver: Copying /data/tombstones/tombstone_07 to DropBox (SYSTEM_TOMBSTONE)
10-16 23:39:50.514  4375  5434 I BootReceiver: Copying /data/tombstones/tombstone_08 to DropBox (SYSTEM_TOMBSTONE)
10-16 23:39:50.522  4375  5434 I BootReceiver: Copying /data/tombstones/tombstone_09 to DropBox (SYSTEM_TOMBSTONE)
10-16 23:39:50.755  4375  4390 W ActivityManager: Activity pause timeout for ActivityRecord{18c3e5d u0 com.android.launcher3/.Launcher t9}
10-16 23:39:50.942  4375  4375 I Telecom : DefaultDialerCache: Refreshing default dialer for user 0: now com.android.dialer: DDC.oR@AEM
10-16 23:39:50.966  4375  4831 I ActivityManager: Start proc 5490:com.android.calendar/u0a32 for broadcast com.android.calendar/.alerts.AlertReceiver
10-16 23:39:50.991  4375  4375 I Telecom : PhoneAccountRegistrar: SimCallManager queried, returning: null: TSI.gSCMFU@AEU
10-16 23:39:51.126  4375  4604 I ActivityManager: Start proc 5513:com.android.contacts/u0a7 for broadcast com.android.contacts/.interactions.OnBootOrUpgradeReceiver
10-16 23:39:51.166  4375  4386 I ActivityManager: Start proc 5527:com.android.providers.calendar/u0a2 for content provider com.android.providers.calendar/.CalendarProvider2
10-16 23:39:51.234  4375  4389 I ActivityManager: Start proc 5547:com.android.printspooler/u0a51 for service com.android.printspooler/.model.PrintSpoolerService
10-16 23:39:51.363  4375  4922 I ActivityManager: Start proc 5570:com.android.managedprovisioning/u0a14 for broadcast com.android.managedprovisioning/.preprovisioning.BootReminder
10-16 23:39:51.426  4375  4389 I ActivityManager: Start proc 5585:com.android.keychain/1000 for service com.android.keychain/.KeyChainService
10-16 23:39:51.487  4375  4922 I ActivityManager: Start proc 5601:com.android.messaging/u0a54 for broadcast com.android.messaging/.receiver.BootAndPackageReplacedReceiver
10-16 23:39:51.633  4375  4922 I ActivityManager: Start proc 5625:com.android.onetimeinitializer/u0a17 for broadcast com.android.onetimeinitializer/.OneTimeInitializerReceiver
10-16 23:39:51.676  4375  4387 D MmsServiceBroker: getCarrierConfigValues() by com.android.messaging
10-16 23:39:51.677  4375  4387 W MmsServiceBroker: MmsService not connected. Try connecting...
10-16 23:39:51.677  4375  4375 I MmsServiceBroker: Connecting to MmsService
10-16 23:39:51.677  4375  4375 W ContextImpl: Calling a method in the system process without a qualified user: android.app.ContextImpl.bindService:1540 com.android.server.MmsServiceBroker.tryConnecting:241 com.android.server.MmsServiceBroker.-wrap3:0 com.android.server.MmsServiceBroker$1.handleMessage:83 android.os.Handler.dispatchMessage:105 
10-16 23:39:51.698  4375  4375 I MmsServiceBroker: MmsService connected
10-16 23:39:51.761  4375  4604 I ActivityManager: Start proc 5651:com.android.packageinstaller/u0a20 for broadcast com.android.packageinstaller/.TemporaryFileManager
10-16 23:39:51.769  4375  5369 D MmsServiceBroker: getCarrierConfigValues() by com.android.messaging
10-16 23:39:51.815  4375  5369 D MmsServiceBroker: getCarrierConfigValues() by com.android.messaging
10-16 23:39:51.964  4375  4922 E AlarmManager: RTC Alarm: 2 null com.android.providers.calendar com.android.providers.calendar.intent.CalendarProvider2
10-16 23:39:52.045  4375  5369 I ActivityManager: Start proc 5674:org.omnirom.omnijaws/u0a45 for broadcast org.omnirom.omnijaws/.SystemReceiver
10-16 23:39:52.115  4375  4436 I ActivityManager: Finished processing BOOT_COMPLETED for u0
10-16 23:39:52.795  5696  5696 F libc    : CANNOT LINK EXECUTABLE "/system/bin/mm-qcamera-daemon": "/system/lib/libmmjpeg.so" has text relocations
10-16 23:39:52.795  5696  5696 F libc    : Fatal signal 6 (SIGABRT), code -6 in tid 5696 (mm-qcamera-daem)
10-16 23:39:52.837  5696  5696 F libc    : failed to resend signal during crash: Operation not permitted
10-16 23:39:52.841  4375  4395 I BootReceiver: Copying /data/tombstones/tombstone_02 to DropBox (SYSTEM_TOMBSTONE)
10-16 23:39:57.684  5777  5777 F libc    : CANNOT LINK EXECUTABLE "/system/bin/mm-qcamera-daemon": "/system/lib/libmmjpeg.so" has text relocations
10-16 23:39:57.684  5777  5777 F libc    : Fatal signal 6 (SIGABRT), code -6 in tid 5777 (mm-qcamera-daem)
10-16 23:39:57.724  5777  5777 F libc    : failed to resend signal during crash: Operation not permitted
10-16 23:39:57.728  4375  4395 I BootReceiver: Copying /data/tombstones/tombstone_03 to DropBox (SYSTEM_TOMBSTONE)
10-16 23:39:59.585  4375  4387 I ActivityManager: START u0 {act=android.intent.action.MAIN cat=[android.intent.category.LAUNCHER] flg=0x10200000 cmp=com.android.settings/.Settings bnds=[201,880][384,1100]} from uid 10013
10-16 23:40:00.490  4375  5378 D ConnectivityService: registerNetworkAgent NetworkAgentInfo{ ni{[type: MOBILE[HSPA+], state: CONNECTED/CONNECTED, reason: connected, extra: internet, failover: false, available: true, roaming: false, metered: true]}  network{100}  nethandle{429513165534}  lp{{InterfaceName: rmnet_usb0 LinkAddresses: [10.98.162.116/30,]  Routes: [0.0.0.0/0 -> 10.98.162.117 rmnet_usb0,] DnsAddresses: [112.110.249.193,112.110.249.199,] Domains: null MTU: 1358 TcpBufferSizes: 40778,244668,734003,16777,100663,301990}}  nc{[ Transports: CELLULAR Capabilities: SUPL&INTERNET&NOT_RESTRICTED&TRUSTED&NOT_VPN LinkUpBandwidth>=5898Kbps LinkDnBandwidth>=14336Kbps Specifier: <1>]}  Score{10}  everValidated{false}  lastValidated{false}  created{false} lingering{false} explicitlySelected{false} acceptUnvalidated{false} everCaptivePortalDetected{false} lastCaptivePortalDetected{false} }
10-16 23:40:00.492  4375  4503 D ConnectivityService: NetworkAgentInfo [MOBILE (HSPA+) - 100] EVENT_NETWORK_INFO_CHANGED, going from null to CONNECTED
10-16 23:40:00.493  4375  4503 D ConnectivityService: Adding iface rmnet_usb0 to network 100
10-16 23:40:00.507  4375  4503 D ConnectivityService: Setting DNS servers for network 100 to [/112.110.249.193, /112.110.249.199]
10-16 23:40:00.543  4375  4503 D ConnectivityService: Switching to new default network: NetworkAgentInfo{ ni{[type: MOBILE[HSPA+], state: CONNECTED/CONNECTED, reason: connected, extra: internet, failover: false, available: true, roaming: false, metered: true]}  network{100}  nethandle{429513165534}  lp{{InterfaceName: rmnet_usb0 LinkAddresses: [10.98.162.116/30,]  Routes: [0.0.0.0/0 -> 10.98.162.117 rmnet_usb0,] DnsAddresses: [112.110.249.193,112.110.249.199,] Domains: null MTU: 1358 TcpBufferSizes: 40778,244668,734003,16777,100663,301990}}  nc{[ Transports: CELLULAR Capabilities: SUPL&INTERNET&NOT_RESTRICTED&TRUSTED&NOT_VPN&FOREGROUND LinkUpBandwidth>=5898Kbps LinkDnBandwidth>=14336Kbps Specifier: <1>]}  Score{10}  everValidated{false}  lastValidated{false}  created{true} lingering{false} explicitlySelected{false} acceptUnvalidated{false} everCaptivePortalDetected{false} lastCaptivePortalDetected{false} }
10-16 23:40:00.657  4375  4503 D ConnectivityService: Sending CONNECTED broadcast for type 0 NetworkAgentInfo [MOBILE (HSPA+) - 100] isDefaultNetwork=true
10-16 23:40:00.694  4375  4676 E BatteryStatsService: no controller energy info supplied
10-16 23:40:00.694  4375  4676 E BatteryStatsService: no controller energy info supplied
10-16 23:40:00.704  4375  4676 E KernelUidCpuFreqTimeReader: Failed to read /proc/uid_time_in_state: java.io.FileNotFoundException: /proc/uid_time_in_state (No such file or directory)
10-16 23:40:00.707  4375  4676 E BatteryStatsService: modem info is invalid: ModemActivityInfo{ mTimestamp=0 mSleepTimeMs=0 mIdleTimeMs=0 mTxTimeMs[]=[0, 0, 0, 0, 0] mRxTimeMs=0 mEnergyUsed=0}
10-16 23:40:01.695  4375  4491 E NetdConnector: NDC Command {29 bandwidth setiquota rmnet_usb0 9223372036854775807} took too long (551ms)
10-16 23:40:02.442  4375  4503 D ConnectivityService: NetworkAgentInfo [MOBILE (HSPA+) - 100] validation passed
10-16 23:40:02.689  5872  5872 F libc    : CANNOT LINK EXECUTABLE "/system/bin/mm-qcamera-daemon": "/system/lib/libmmjpeg.so" has text relocations
10-16 23:40:02.689  5872  5872 F libc    : Fatal signal 6 (SIGABRT), code -6 in tid 5872 (mm-qcamera-daem)
10-16 23:40:02.732  5872  5872 F libc    : failed to resend signal during crash: Operation not permitted
10-16 23:40:02.735  4375  4395 I BootReceiver: Copying /data/tombstones/tombstone_04 to DropBox (SYSTEM_TOMBSTONE)
10-16 23:40:03.158  4375  4436 I ActivityManager: START u0 {flg=0x8000 cmp=com.android.settings/.Settings$SoundSettingsActivity (has extras)} from uid 1000
10-16 23:40:03.293  4375  4436 E UserRestrictionsUtils: Unknown restriction: null
10-16 23:40:03.294  4375  4387 E UserRestrictionsUtils: Unknown restriction: null
10-16 23:40:03.295  4375  4386 E UserRestrictionsUtils: Unknown restriction: null
10-16 23:40:03.296  4375  4831 E UserRestrictionsUtils: Unknown restriction: null
10-16 23:40:03.300  4375  4922 E UserRestrictionsUtils: Unknown restriction: null
10-16 23:40:03.316  4375  5369 E UserRestrictionsUtils: Unknown restriction: null
10-16 23:40:05.276  4375  4390 I ActivityManager: Waited long enough for: ServiceRecord{446c63a u0 com.android.providers.media/.MediaScannerService}
10-16 23:40:05.765  4375  4397 I ActivityManager: Start proc 5928:android.ext.services/u0a10 for service android.ext.services/.storage.CacheQuotaServiceImpl
10-16 23:40:06.030  4375  4390 I ActivityManager: Waited long enough for: ServiceRecord{63b6e87 u0 com.android.calendar/.alerts.InitAlarmsService}
10-16 23:40:06.566  4375  4831 I ActivityManager: START u0 {act=android.intent.action.RINGTONE_PICKER cmp=com.android.providers.media/.RingtonePickerActivity (has extras)} from uid 1000
10-16 23:40:07.686  5968  5968 F libc    : CANNOT LINK EXECUTABLE "/system/bin/mm-qcamera-daemon": "/system/lib/libmmjpeg.so" has text relocations
10-16 23:40:07.686  5968  5968 F libc    : Fatal signal 6 (SIGABRT), code -6 in tid 5968 (mm-qcamera-daem)
10-16 23:40:07.727  5968  5968 F libc    : failed to resend signal during crash: Operation not permitted
10-16 23:40:07.730  4375  4395 I BootReceiver: Copying /data/tombstones/tombstone_05 to DropBox (SYSTEM_TOMBSTONE)
10-16 23:40:12.718  6113  6113 F libc    : CANNOT LINK EXECUTABLE "/system/bin/mm-qcamera-daemon": "/system/lib/libmmjpeg.so" has text relocations
10-16 23:40:12.718  6113  6113 F libc    : Fatal signal 6 (SIGABRT), code -6 in tid 6113 (mm-qcamera-daem)
10-16 23:40:12.773  6113  6113 F libc    : failed to resend signal during crash: Operation not permitted
10-16 23:40:12.779  4375  4395 I BootReceiver: Copying /data/tombstones/tombstone_06 to DropBox (SYSTEM_TOMBSTONE)
10-16 23:40:14.316  4375  4676 I ActivityManager: START u0 {act=android.intent.action.RINGTONE_PICKER cmp=com.android.providers.media/.RingtonePickerActivity (has extras)} from uid 1000
10-16 23:40:17.696  6273  6273 F libc    : CANNOT LINK EXECUTABLE "/system/bin/mm-qcamera-daemon": "/system/lib/libmmjpeg.so" has text relocations
10-16 23:40:17.696  6273  6273 F libc    : Fatal signal 6 (SIGABRT), code -6 in tid 6273 (mm-qcamera-daem)
10-16 23:40:17.738  6273  6273 F libc    : failed to resend signal during crash: Operation not permitted
10-16 23:40:17.742  4375  4395 I BootReceiver: Copying /data/tombstones/tombstone_07 to DropBox (SYSTEM_TOMBSTONE)
10-16 23:40:21.051  4375  5383 E AlarmManager: RTC Alarm: 2 null com.android.providers.calendar com.android.providers.calendar.intent.CalendarProvider2
10-16 23:40:22.700  6404  6404 F libc    : CANNOT LINK EXECUTABLE "/system/bin/mm-qcamera-daemon": "/system/lib/libmmjpeg.so" has text relocations
10-16 23:40:22.700  6404  6404 F libc    : Fatal signal 6 (SIGABRT), code -6 in tid 6404 (mm-qcamera-daem)
10-16 23:40:22.773  6404  6404 F libc    : failed to resend signal during crash: Operation not permitted
10-16 23:40:22.776  4375  4395 I BootReceiver: Copying /data/tombstones/tombstone_08 to DropBox (SYSTEM_TOMBSTONE)
10-16 23:40:27.050  4375  4391 D AutofillManagerService: onBackKeyPressed()
10-16 23:40:27.689  6575  6575 F libc    : CANNOT LINK EXECUTABLE "/system/bin/mm-qcamera-daemon": "/system/lib/libmmjpeg.so" has text relocations
