10-01 16:48:28.409   492   492 D SystemServerTiming: StartRecoverySystemService took to complete: 2ms
10-01 16:48:28.410   492   492 V RescueParty: Disabled because of active USB connection
10-01 16:48:28.410   492   492 I SystemServer: StartLightsService
10-01 16:48:28.410   492   492 I SystemServiceManager: Starting com.android.server.lights.LightsService
10-01 16:48:28.411   492   492 D SystemServerTiming: StartLightsService took to complete: 1ms
10-01 16:48:28.411   492   492 I SystemServer: StartDisplayManager
10-01 16:48:28.412   492   492 I SystemServiceManager: Starting com.android.server.display.DisplayManagerService
10-01 16:48:28.421   492   492 D SystemServerTiming: StartDisplayManager took to complete: 10ms
10-01 16:48:28.421   492   492 I SystemServer: WaitForDisplay
10-01 16:48:28.421   492   492 I SystemServiceManager: Starting phase 100
10-01 16:48:28.427   492   515 I DisplayManagerService: Display device added: DisplayDeviceInfo{"Built-in Screen": uniqueId="local:0", 768 x 1280, modeId 1, defaultModeId 1, supportedModes [{id=1, width=768, height=1280, fps=60.0}], colorMode 0, supportedColorModes [0], HdrCapabilities android.view.Display$HdrCapabilities@a69d6308, density 320, 159.895 x 160.157 dpi, appVsyncOff 1000000, presDeadline 16666667, touch INTERNAL, rotation 0, type BUILT_IN, state UNKNOWN, FLAG_DEFAULT_DISPLAY, FLAG_ROTATES_WITH_CONTENT, FLAG_SECURE, FLAG_SUPPORTS_PROTECTED_BUFFERS}
10-01 16:48:28.429   196   196 D SurfaceFlinger: Set power mode=2, type=0 flinger=0xaf7b6000
10-01 16:48:28.429   196   196 D SurfaceFlinger: Screen type=0 is already mode=2
10-01 16:48:28.430   164   164 W /system/bin/hwservicemanager: getTransportFromManifest: Cannot find entry android.hardware.light@2.0::ILight in either framework or device manifest, using default transport.
10-01 16:48:28.443   492   515 I vndksupport: sphal namespace is not configured for this process. Loading /vendor/lib/hw/lights.msm8960.so from the current namespace instead.
10-01 16:48:28.447   492   515 I vndksupport: sphal namespace is not configured for this process. Loading /vendor/lib/hw/lights.msm8960.so from the current namespace instead.
10-01 16:48:28.449   492   515 E light   : light_open lights keyboard failed: -22
10-01 16:48:28.449   492   515 E light   : Light passthrough failed to load legacy HAL.
10-01 16:48:28.450   492   515 I vndksupport: sphal namespace is not configured for this process. Loading /vendor/lib/hw/lights.msm8960.so from the current namespace instead.
10-01 16:48:28.452   492   515 E light   : light_open lights buttons failed: -22
10-01 16:48:28.452   492   515 E light   : Light passthrough failed to load legacy HAL.
10-01 16:48:28.453   492   515 I vndksupport: sphal namespace is not configured for this process. Loading /vendor/lib/hw/lights.msm8960.so from the current namespace instead.
10-01 16:48:28.455   492   515 E light   : light_open lights battery failed: -22
10-01 16:48:28.455   492   515 E light   : Light passthrough failed to load legacy HAL.
10-01 16:48:28.455   492   515 I vndksupport: sphal namespace is not configured for this process. Loading /vendor/lib/hw/lights.msm8960.so from the current namespace instead.
10-01 16:48:28.458   492   515 I chatty  : uid=1000(system) android.display identical 1 line
10-01 16:48:28.461   492   515 I vndksupport: sphal namespace is not configured for this process. Loading /vendor/lib/hw/lights.msm8960.so from the current namespace instead.
10-01 16:48:28.463   492   515 E light   : light_open lights bluetooth failed: -22
10-01 16:48:28.463   492   515 E light   : Light passthrough failed to load legacy HAL.
10-01 16:48:28.464   492   515 I vndksupport: sphal namespace is not configured for this process. Loading /vendor/lib/hw/lights.msm8960.so from the current namespace instead.
10-01 16:48:28.466   492   515 E light   : light_open lights wifi failed: -22
10-01 16:48:28.466   492   515 E light   : Light passthrough failed to load legacy HAL.
10-01 16:48:28.471   492   492 D SystemServerTiming: WaitForDisplay took to complete: 50ms
10-01 16:48:28.471   492   515 I DisplayManagerService: Display device changed state: "Built-in Screen", ON
10-01 16:48:28.473   492   492 I SystemServer: StartPackageManagerService
10-01 16:48:28.557   492   492 D SELinuxMMAC: Using policy file /system/etc/selinux/plat_mac_permissions.xml
10-01 16:48:28.563   492   492 D SELinuxMMAC: Using policy file /vendor/etc/selinux/nonplat_mac_permissions.xml
10-01 16:48:28.766   492   492 D PackageManager: No files in app dir /vendor/overlay
10-01 16:48:28.935   492   502 I zygote  : Background concurrent copying GC freed 4894(448KB) AllocSpace objects, 7(328KB) LOS objects, 42% free, 3MB/5MB, paused 732us total 100.097ms
10-01 16:48:29.028   492   492 D PackageManager: No files in app dir /system/vendor/app
10-01 16:48:29.028   492   492 D PackageManager: No files in app dir /oem/app
10-01 16:48:29.031   492   492 D PackageManager: No files in app dir /data/app
10-01 16:48:29.031   492   492 D PackageManager: No files in app dir /data/app-private
10-01 16:48:29.037   492   492 E PackageManager: updateAllSharedLibrariesLPw failed: Package com.android.dialer requires unavailable shared library com.qualcomm.qti.smartsearch; failing!
10-01 16:48:29.039   492   492 I PackageManager: Time to scan packages: 0.273 seconds
10-01 16:48:29.046   492   492 V PackageManager: Disabling com.google.android.gsf/com.google.android.gsf.update.SystemUpdateActivity
10-01 16:48:29.046   492   492 W PackageManager: Unable to disable com.google.android.gsf/com.google.android.gsf.update.SystemUpdateActivity
10-01 16:48:29.046   492   492 V PackageManager: Disabling com.google.android.gsf/com.google.android.gsf.update.SystemUpdateService$Receiver
10-01 16:48:29.047   492   492 W PackageManager: Unable to disable com.google.android.gsf/com.google.android.gsf.update.SystemUpdateService$Receiver
10-01 16:48:29.047   492   492 V PackageManager: Disabling com.google.android.gsf/com.google.android.gsf.update.SystemUpdateService$SecretCodeReceiver
10-01 16:48:29.047   492   492 W PackageManager: Unable to disable com.google.android.gsf/com.google.android.gsf.update.SystemUpdateService$SecretCodeReceiver
10-01 16:48:29.047   492   492 V PackageManager: Disabling com.google.android.gms/com.google.android.gms.update.SystemUpdateActivity
10-01 16:48:29.047   492   492 W PackageManager: Unable to disable com.google.android.gms/com.google.android.gms.update.SystemUpdateActivity
10-01 16:48:29.047   492   492 V PackageManager: Disabling com.google.android.gms/com.google.android.gms.update.SystemUpdateService$Receiver
10-01 16:48:29.047   492   492 W PackageManager: Unable to disable com.google.android.gms/com.google.android.gms.update.SystemUpdateService$Receiver
10-01 16:48:29.047   492   492 V PackageManager: Disabling com.google.android.gms/com.google.android.gms.update.SystemUpdateService$ActiveReceiver
10-01 16:48:29.047   492   492 W PackageManager: Unable to disable com.google.android.gms/com.google.android.gms.update.SystemUpdateService$ActiveReceiver
10-01 16:48:29.047   492   492 V PackageManager: Disabling com.google.android.gms/com.google.android.gms.update.SystemUpdateService$SecretCodeReceiver
10-01 16:48:29.047   492   492 W PackageManager: Unable to disable com.google.android.gms/com.google.android.gms.update.SystemUpdateService$SecretCodeReceiver
10-01 16:48:29.048   492   492 V PackageManager: Enabling com.google.android.gsf/com.google.android.gsf.update.SystemUpdateService
10-01 16:48:29.048   492   492 W PackageManager: Unable to enable com.google.android.gsf/com.google.android.gsf.update.SystemUpdateService
10-01 16:48:29.048   492   492 V PackageManager: Enabling com.google.android.gms/com.google.android.gms.update.SystemUpdateService
10-01 16:48:29.048   492   492 W PackageManager: Unable to enable com.google.android.gms/com.google.android.gms.update.SystemUpdateService
10-01 16:48:29.048   492   492 V PackageManager: reconcileAppsData for null u0 0x3 migrateAppData=true
10-01 16:48:29.256   492   492 V PackageManager: reconcileAppsData finished 18 packages
10-01 16:48:29.258   492   533 D SystemServerInitThreadPool: Started executing prepareAppData
10-01 16:48:29.263   210   362 W installd: Ignoring /data/data/com.android.defcontainer/lib with unexpected GID 0 instead of 10006
10-01 16:48:29.266   210   362 W installd: Ignoring /data/data/com.android.inputmethod.latin/lib with unexpected GID 0 instead of 10051
10-01 16:48:29.275   210   362 W installd: Ignoring /data/data/com.android.terminal/lib with unexpected GID 0 instead of 10053
10-01 16:48:29.276   210   362 W installd: Ignoring /data/data/com.android.pacprocessor/lib with unexpected GID 0 instead of 10047
10-01 16:48:29.277   210   362 W installd: Ignoring /data/data/com.android.camera2/lib with unexpected GID 0 instead of 10036
10-01 16:48:29.278   210   362 W installd: Ignoring /data/data/com.android.nfc/lib with unexpected GID 0 instead of 1027
10-01 16:48:29.281   210   362 W installd: Ignoring /data/data/com.android.printspooler/lib with unexpected GID 0 instead of 10052
10-01 16:48:29.281   210   362 W installd: Ignoring /data/data/com.android.webview/lib with unexpected GID 0 instead of 10055
10-01 16:48:29.282   210   362 W installd: Ignoring /data/data/com.android.bips/lib with unexpected GID 0 instead of 10031
10-01 16:48:29.284   210   362 W installd: Ignoring /data/data/com.android.gallery3d/lib with unexpected GID 0 instead of 10044
10-01 16:48:29.285   210   362 W installd: Ignoring /data/data/com.svox.pico/lib with unexpected GID 0 instead of 10049
10-01 16:48:29.291   210   362 W installd: Ignoring /data/user_de/0/com.android.defcontainer/lib with unexpected GID 0 instead of 10006
10-01 16:48:29.294   210   362 W installd: Ignoring /data/user_de/0/com.android.inputmethod.latin/lib with unexpected GID 0 instead of 10051
10-01 16:48:29.309   492   533 D SystemServerTimingAsync: AppDataFixup took to complete: 50ms
10-01 16:48:29.395   492   492 E PackageManager: There should probably be a verifier, but, none were found
10-01 16:48:29.403   492   492 D PackageManager: Ephemeral resolver not found with new action; try old one
10-01 16:48:29.403   492   492 D PackageManager: Ephemeral resolver NOT found; no matching intent filters
10-01 16:48:29.404   492   492 D PackageManager: Ephemeral installer not found with new action; try old one
10-01 16:48:29.404   492   492 D PackageManager: Clear ephemeral installer activity
10-01 16:48:29.570   492   492 I zygote  : Explicit concurrent copying GC freed 38154(2007KB) AllocSpace objects, 22(844KB) LOS objects, 42% free, 2MB/3MB, paused 366us total 146.881ms
10-01 16:48:29.575   492   492 D FallbackCategoryProvider: Found 1 fallback categories
10-01 16:48:29.581   492   492 D SystemServerTiming: StartPackageManagerService took to complete: 1107ms
10-01 16:48:29.581   492   492 I SystemServer: StartOtaDexOptService
10-01 16:48:29.585   492   492 D OTADexopt: No upgrade, skipping A/B artifacts check.
10-01 16:48:29.585   492   492 D SystemServerTiming: StartOtaDexOptService took to complete: 4ms
10-01 16:48:29.585   492   492 I SystemServer: StartUserManagerService
10-01 16:48:29.585   492   492 I SystemServiceManager: Starting com.android.server.pm.UserManagerService$LifeCycle
10-01 16:48:29.588   492   492 D SystemServerTiming: StartUserManagerService took to complete: 3ms
10-01 16:48:29.588   492   492 I SystemServer: InitAttributerCache
10-01 16:48:29.589   492   492 D SystemServerTiming: InitAttributerCache took to complete: 0ms
10-01 16:48:29.589   492   492 I SystemServer: SetSystemProcess
10-01 16:48:29.596   535   535 I init    : type=1400 audit(0.0:81): avc: denied { execute_no_trans } for path="/system/vendor/bin/hw/rild" dev="mmcblk0p21" ino=1610 scontext=u:r:init:s0 tcontext=u:object_r:system_file:s0 tclass=file permissive=1
10-01 16:48:29.624   195   195 I lowmemorykiller: ActivityManager connected
10-01 16:48:29.625   492   492 D SystemServerTiming: SetSystemProcess took to complete: 36ms
10-01 16:48:29.629   492   536 I ServiceThread: Enabled StrictMode logging for android.anim looper.
10-01 16:48:29.629   492   492 I SystemServer: StartOverlayManagerService
10-01 16:48:29.637   492   492 D SystemServerTiming: StartOverlayManagerService took to complete: 8ms
10-01 16:48:29.638   492   537 D SystemServerInitThreadPool: Started executing Init OverlayManagerService
10-01 16:48:29.640   492   492 I SystemServer: StartDropBoxManager
10-01 16:48:29.641   492   492 I SystemServiceManager: Starting com.android.server.DropBoxManagerService
10-01 16:48:29.645   492   492 D SystemServerTiming: StartDropBoxManager took to complete: 5ms
10-01 16:48:29.645   492   492 I SystemServer: StartBatteryService
10-01 16:48:29.646   492   492 I SystemServiceManager: Starting com.android.server.BatteryService
10-01 16:48:29.658   492   538 D SystemServerInitThreadPool: Started executing StartSensorService
10-01 16:48:29.659   492   538 D SensorService: nuSensorService starting...
10-01 16:48:29.662   164   164 W /system/bin/hwservicemanager: getTransportFromManifest: Cannot find entry android.hardware.sensors@1.0::ISensors in either framework or device manifest, using default transport.
10-01 16:48:29.679   492   492 D SystemServerTiming: StartBatteryService took to complete: 34ms
10-01 16:48:29.679   492   492 I SystemServer: StartUsageService
10-01 16:48:29.680   492   503 E LightsService: Light requested not available on this device. 3
10-01 16:48:29.682   492   492 I SystemServiceManager: Starting com.android.server.usage.UsageStatsService
10-01 16:48:29.699   492   492 D SystemServerTiming: StartUsageService took to complete: 20ms
10-01 16:48:29.700   492   492 I SystemServer: StartWebViewUpdateService
10-01 16:48:29.705   492   492 I SystemServiceManager: Starting com.android.server.webkit.WebViewUpdateService
10-01 16:48:29.710   492   538 I vndksupport: sphal namespace is not configured for this process. Loading /vendor/lib/hw/sensors.msm8960.so from the current namespace instead.
10-01 16:48:29.730   492   492 D SystemServerTiming: StartWebViewUpdateService took to complete: 30ms
10-01 16:48:29.734   492   505 D SystemServerInitThreadPool: Started executing SecondaryZygotePreload
10-01 16:48:29.735   492   505 I SystemServer: SecondaryZygotePreload
10-01 16:48:29.738   492   505 I Zygote  : Process: zygote socket zygote opened, supported ABIS: armeabi-v7a,armeabi
10-01 16:48:29.739   492   492 I SystemServer: StartKeyAttestationApplicationIdProviderService
10-01 16:48:29.742   492   537 D SystemServerInitThreadPool: Finished executing Init OverlayManagerService
10-01 16:48:29.743   492   492 D SystemServerTiming: StartKeyAttestationApplicationIdProviderService took to complete: 3ms
10-01 16:48:29.743   492   492 I SystemServer: StartKeyChainSystemService
10-01 16:48:29.743   492   492 I SystemServiceManager: Starting com.android.server.security.KeyChainSystemService
10-01 16:48:29.745   492   492 D SystemServerTiming: StartKeyChainSystemService took to complete: 2ms
10-01 16:48:29.746   492   492 I SystemServer: StartSchedulingPolicyService
10-01 16:48:29.748   492   492 D SystemServerTiming: StartSchedulingPolicyService took to complete: 2ms
10-01 16:48:29.748   492   492 I SystemServer: StartTelecomLoaderService
10-01 16:48:29.749   492   505 E SystemServer: Unable to preload default resources
10-01 16:48:29.750   492   505 D SystemServerTimingAsync: SecondaryZygotePreload took to complete: 14ms
10-01 16:48:29.750   492   505 D SystemServerInitThreadPool: Finished executing SecondaryZygotePreload
10-01 16:48:29.750   492   492 I SystemServiceManager: Starting com.android.server.telecom.TelecomLoaderService
10-01 16:48:29.763   492   492 D SystemServerTiming: StartTelecomLoaderService took to complete: 15ms
10-01 16:48:29.763   492   492 I SystemServer: StartTelephonyRegistry
10-01 16:48:29.777   492   492 D SystemServerTiming: StartTelephonyRegistry took to complete: 14ms
10-01 16:48:29.777   492   492 I SystemServer: StartEntropyMixer
10-01 16:48:29.785   492   492 I EntropyMixer: Added HW RNG output to entropy pool
10-01 16:48:29.792   492   492 I EntropyMixer: Writing entropy...
10-01 16:48:29.808   492   492 D SystemServerTiming: StartEntropyMixer took to complete: 31ms
10-01 16:48:29.808   492   492 I SystemServer: Camera Service Proxy
10-01 16:48:29.808   492   492 I SystemServer: StartCameraServiceProxy
10-01 16:48:29.809   492   492 I SystemServiceManager: Starting com.android.server.camera.CameraServiceProxy
10-01 16:48:29.814   492   541 I ServiceThread: Enabled StrictMode logging for CameraService_proxy looper.
10-01 16:48:29.816   492   492 D SystemServerTiming: StartCameraServiceProxy took to complete: 8ms
10-01 16:48:29.816   492   492 I SystemServer: StartAccountManagerService
10-01 16:48:29.817   492   492 I SystemServiceManager: Starting com.android.server.accounts.AccountManagerService$Lifecycle
10-01 16:48:29.839   492   492 D SystemServerTiming: StartAccountManagerService took to complete: 23ms
10-01 16:48:29.839   492   492 I SystemServer: StartContentService
10-01 16:48:29.840   492   492 I SystemServiceManager: Starting com.android.server.content.ContentService$Lifecycle
10-01 16:48:29.847   492   492 D SystemServerTiming: StartContentService took to complete: 8ms
10-01 16:48:29.848   492   492 I SystemServer: InstallSystemProviders
10-01 16:48:30.037   492   492 I SettingsState: No settings state /data/system/users/0/settings_ssaid.xml
10-01 16:48:30.067   492   492 V RescueParty: Disabled because of active USB connection
10-01 16:48:30.067   492   492 D SystemServerTiming: InstallSystemProviders took to complete: 219ms
10-01 16:48:30.068   492   492 I SystemServer: StartVibratorService
10-01 16:48:30.072   164   164 W /system/bin/hwservicemanager: getTransportFromManifest: Cannot find entry android.hardware.vibrator@1.0::IVibrator in either framework or device manifest, using default transport.
10-01 16:48:30.094   492   492 I vndksupport: sphal namespace is not configured for this process. Loading /vendor/lib/hw/vibrator.default.so from the current namespace instead.
10-01 16:48:30.099   492   492 D         : Vibrator using timed_output
10-01 16:48:30.107   492   492 D SystemServerTiming: StartVibratorService took to complete: 39ms
10-01 16:48:30.108   492   492 I SystemServer: StartConsumerIrService
10-01 16:48:30.110   164   164 W /system/bin/hwservicemanager: getTransportFromManifest: Cannot find entry android.hardware.ir@1.0::IConsumerIr in either framework or device manifest, using default transport.
10-01 16:48:30.114   492   492 D SystemServerTiming: StartConsumerIrService took to complete: 6ms
10-01 16:48:30.114   492   492 I SystemServer: StartAlarmManagerService
10-01 16:48:30.114   492   492 I SystemServiceManager: Starting com.android.server.AlarmManagerService
10-01 16:48:30.126   492   492 D AlarmManagerService: Kernel timezone updated to 0 minutes west of GMT
10-01 16:48:30.138   492   492 D SystemServerTiming: StartAlarmManagerService took to complete: 24ms
10-01 16:48:30.138   492   492 I SystemServer: InitWatchdog
10-01 16:48:30.139   492   492 D SystemServerTiming: InitWatchdog took to complete: 1ms
10-01 16:48:30.140   492   492 I SystemServer: StartInputManagerService
10-01 16:48:30.141   492   492 I InputManager: Initializing input manager, mUseDevInputEventForAudioJack=true
10-01 16:48:30.144   492   492 D SystemServerTiming: StartInputManagerService took to complete: 4ms
10-01 16:48:30.144   492   492 I SystemServer: StartWindowManagerService
10-01 16:48:30.497   210   378 W installd: Requested default storage /data/user_de/0/com.android.providers.blockednumber is not active; migrating from /data/data/com.android.providers.blockednumber
10-01 16:48:30.577   210   362 W installd: Requested default storage /data/user_de/0/com.android.emergency is not active; migrating from /data/data/com.android.emergency
10-01 16:48:30.693   210   378 W installd: Requested default storage /data/user_de/0/com.android.bluetooth is not active; migrating from /data/data/com.android.bluetooth
10-01 16:48:30.779   492   538 E libsensor1: sensor1_open: Error in connect() errno=2 No such file or directory
10-01 16:48:30.780   492   538 E sensor_reg: sensor_reg_sensor1_open: sensor1_open returned 11
10-01 16:48:30.780   492   538 E qcom_sensors_hal: hal_init: Error in sensor_reg_open(): -1
10-01 16:48:30.781   492   538 F system_server: Sensors.cpp:98] Check failed: getHalDeviceVersion() >= ((((1) & 0xff) << 24) | (((3) & 0xff) << 16) | ((1) & 0xffff)) (getHalDeviceVersion()=16777217, ((((1) & 0xff) << 24) | (((3) & 0xff) << 16) | ((1) & 0xffff))=16973825) 
10-01 16:48:30.783   492   538 F libc    : Fatal signal 6 (SIGABRT), code -6 in tid 538 (system-server-i)
10-01 16:48:30.809   492   533 D SystemServerTimingAsync: AppDataPrepare took to complete: 1500ms
10-01 16:48:30.810   492   533 I PackageManager: Deferred reconcileAppsData finished 60 packages
10-01 16:48:30.810   492   533 D SystemServerInitThreadPool: Finished executing prepareAppData
10-01 16:48:31.031   549   549 I crash_dump32: obtaining output fd from tombstoned
10-01 16:48:31.032   223   223 I /system/bin/tombstoned: received crash request for pid 492
10-01 16:48:31.034   549   549 I crash_dump32: performing dump of process 492 (target tid = 538)
10-01 16:48:31.034   492   538 F libc    : failed to resend signal during crash: Operation not permitted
10-01 16:48:31.036   549   549 E DEBUG   : unexpected waitpid response: n=538, status=00000100
10-01 16:48:31.039   223   223 W /system/bin/tombstoned: crash socket received short read of length 0 (expected 8)
10-01 16:48:31.080   163   163 I ServiceManager: service 'content' died
10-01 16:48:31.081   163   163 I ServiceManager: service 'settings' died
10-01 16:48:31.081   163   163 I ServiceManager: service 'vibrator' died
10-01 16:48:31.081   163   163 I ServiceManager: service 'consumer_ir' died
10-01 16:48:31.081   163   163 I ServiceManager: service 'alarm' died
10-01 16:48:31.081   163   163 I ServiceManager: service 'package' died
10-01 16:48:31.081   163   163 I ServiceManager: service 'otadexopt' died
10-01 16:48:31.081   163   163 I ServiceManager: service 'user' died
10-01 16:48:31.081   163   163 I ServiceManager: service 'activity' died
10-01 16:48:31.081   163   163 I ServiceManager: service 'procstats' died
10-01 16:48:31.081   163   163 I ServiceManager: service 'meminfo' died
10-01 16:48:31.081   163   163 I ServiceManager: service 'gfxinfo' died
10-01 16:48:31.082   163   163 I ServiceManager: service 'dbinfo' died
10-01 16:48:31.082   163   163 I ServiceManager: service 'cpuinfo' died
10-01 16:48:31.082   163   163 I ServiceManager: service 'permission' died
10-01 16:48:31.082   163   163 I ServiceManager: service 'processinfo' died
10-01 16:48:31.082   163   163 I ServiceManager: service 'dropbox' died
10-01 16:48:31.082   163   163 I ServiceManager: service 'battery' died
10-01 16:48:31.082   163   163 I ServiceManager: service 'usagestats' died
10-01 16:48:31.082   163   163 I ServiceManager: service 'webviewupdate' died
10-01 16:48:31.082   163   163 I ServiceManager: service 'overlay' died
10-01 16:48:31.082   163   163 I ServiceManager: service 'sec_key_att_app_id_provider' died
10-01 16:48:31.083   163   163 I ServiceManager: service 'scheduling_policy' died
10-01 16:48:31.083   163   163 I ServiceManager: service 'telephony.registry' died
10-01 16:48:31.083   163   163 I ServiceManager: service 'media.camera.proxy' died
10-01 16:48:31.083   163   163 I ServiceManager: service 'account' died
10-01 16:48:31.083   163   163 I ServiceManager: service 'display' died
10-01 16:48:31.083   163   163 I ServiceManager: service 'device_identifiers' died
10-01 16:48:31.083   163   163 I ServiceManager: service 'batterystats' died
10-01 16:48:31.083   163   163 I ServiceManager: service 'appops' died
10-01 16:48:31.084   163   163 I ServiceManager: service 'power' died
10-01 16:48:31.084   163   163 I ServiceManager: service 'recovery' died
10-01 16:48:31.093   195   195 I lowmemorykiller: ActivityManager disconnected
10-01 16:48:31.093   195   195 I lowmemorykiller: Closing Activity Manager data connection
10-01 16:48:31.118   440   440 I Zygote  : Process 492 exited cleanly (1)
10-01 16:48:31.118   440   440 E Zygote  : Exit zygote because system server (492) has terminated
10-01 16:48:31.192   163   163 I ServiceManager: service 'media.audio_flinger' died
10-01 16:48:31.219   163   163 I ServiceManager: service 'media.camera' died
10-01 16:48:31.249   163   163 I ServiceManager: service 'media.player' died
10-01 16:48:31.249   163   163 I ServiceManager: service 'media.resource_manager' died
10-01 16:48:31.260   163   163 I ServiceManager: service 'netd' died
10-01 16:48:31.278   163   163 I ServiceManager: service 'wificond' died
10-01 16:48:31.368   554   554 W netd    : type=1400 audit(0.0:82): avc: granted { getattr } for path="/vendor" dev="rootfs" ino=4768 scontext=u:r:netd:s0 tcontext=u:object_r:rootfs:s0 tclass=lnk_file
10-01 16:48:31.498   555   555 I wificond: wificond is starting up...
10-01 16:48:31.568   554   554 I Netd    : Netd 1.0 starting
10-01 16:48:31.569   554   554 D TetherController: Setting IP forward enable = 0
10-01 16:48:31.598   556   556 W iptables-restor: type=1400 audit(0.0:83): avc: granted { getattr } for path="/vendor" dev="rootfs" ino=4768 scontext=u:r:netd:s0 tcontext=u:object_r:rootfs:s0 tclass=lnk_file
10-01 16:48:31.648   557   557 W ip6tables-resto: type=1400 audit(0.0:84): avc: granted { getattr } for path="/vendor" dev="rootfs" ino=4768 scontext=u:r:netd:s0 tcontext=u:object_r:rootfs:s0 tclass=lnk_file
10-01 16:48:31.708   558   558 W iptables: type=1400 audit(0.0:85): avc: granted { getattr } for path="/vendor" dev="rootfs" ino=4768 scontext=u:r:netd:s0 tcontext=u:object_r:rootfs:s0 tclass=lnk_file
10-01 16:48:31.798   559   559 W ip6tables: type=1400 audit(0.0:86): avc: granted { getattr } for path="/vendor" dev="rootfs" ino=4768 scontext=u:r:netd:s0 tcontext=u:object_r:rootfs:s0 tclass=lnk_file
10-01 16:48:31.898   560   560 W iptables: type=1400 audit(0.0:87): avc: granted { getattr } for path="/vendor" dev="rootfs" ino=4768 scontext=u:r:netd:s0 tcontext=u:object_r:rootfs:s0 tclass=lnk_file
10-01 16:48:31.988   561   561 W ip6tables: type=1400 audit(0.0:88): avc: granted { getattr } for path="/vendor" dev="rootfs" ino=4768 scontext=u:r:netd:s0 tcontext=u:object_r:rootfs:s0 tclass=lnk_file
10-01 16:48:32.088   562   562 W iptables: type=1400 audit(0.0:89): avc: granted { getattr } for path="/vendor" dev="rootfs" ino=4768 scontext=u:r:netd:s0 tcontext=u:object_r:rootfs:s0 tclass=lnk_file
10-01 16:48:32.188   563   563 W ip6tables: type=1400 audit(0.0:90): avc: granted { getattr } for path="/vendor" dev="rootfs" ino=4768 scontext=u:r:netd:s0 tcontext=u:object_r:rootfs:s0 tclass=lnk_file
10-01 16:48:32.299   564   564 W iptables: type=1400 audit(0.0:91): avc: granted { getattr } for path="/vendor" dev="rootfs" ino=4768 scontext=u:r:netd:s0 tcontext=u:object_r:rootfs:s0 tclass=lnk_file
10-01 16:48:32.399   565   565 W ip6tables: type=1400 audit(0.0:92): avc: granted { getattr } for path="/vendor" dev="rootfs" ino=4768 scontext=u:r:netd:s0 tcontext=u:object_r:rootfs:s0 tclass=lnk_file
10-01 16:48:32.499   552   552 I cameraserver: ServiceManager: 0xa998e500
10-01 16:48:32.501   552   552 I CameraService: CameraService started (pid=552)
10-01 16:48:32.501   552   552 I CameraService: CameraService process starting
10-01 16:48:32.501   552   552 W BatteryNotifier: batterystats service unavailable!
10-01 16:48:32.501   552   552 W BatteryNotifier: batterystats service unavailable!
10-01 16:48:32.508   164   164 W /system/bin/hwservicemanager: getTransportFromManifest: Cannot find entry android.hardware.camera.provider@2.4::ICameraProvider in either framework or device manifest, using default transport.
10-01 16:48:32.556   552   552 E CamProvider@2.4-impl: Could not load camera HAL module: -2 (No such file or directory)
10-01 16:48:32.556   552   552 E CamProvider@2.4-impl: HIDL_FETCH_ICameraProvider: camera provider init failed!
10-01 16:48:32.559   569   569 W ip6tables: type=1400 audit(0.0:94): avc: granted { getattr } for path="/vendor" dev="rootfs" ino=4768 scontext=u:r:netd:s0 tcontext=u:object_r:rootfs:s0 tclass=lnk_file
10-01 16:48:32.574   553   553 I mediaserver: ServiceManager: 0xab58e560
10-01 16:48:32.576   553   553 W BatteryNotifier: batterystats service unavailable!
10-01 16:48:32.596   551   551 I FastMixerState: sMaxFastTracks = 8
10-01 16:48:32.599   551   551 I audioserver: ServiceManager: 0xa940e4c0
10-01 16:48:32.600   551   551 W BatteryNotifier: batterystats service unavailable!
10-01 16:48:32.605   164   164 W /system/bin/hwservicemanager: getTransportFromManifest: Cannot find entry android.hardware.audio@2.0::IDevicesFactory in either framework or device manifest, using default transport.
10-01 16:48:32.626   164   164 W /system/bin/hwservicemanager: getTransportFromManifest: Cannot find entry android.hardware.audio.effect@2.0::IEffectsFactory in either framework or device manifest, using default transport.
10-01 16:48:32.650   551   551 I AudioFlinger: Using default 3000 mSec as standby time.
10-01 16:48:32.656   551   551 I APM::ConfigParsingUtils: loadAudioPolicyConfig() loaded /system/etc/audio_policy.conf
10-01 16:48:32.659   551   551 I vndksupport: sphal namespace is not configured for this process. Loading /vendor/lib/hw/audio.primary.msm8960.so from the current namespace instead.
10-01 16:48:32.672   551   551 D audio_hw_primary: adev_open: enter
10-01 16:48:32.719   582   582 W iptables: type=1400 audit(0.0:97): avc: granted { getattr } for path="/vendor" dev="rootfs" ino=4768 scontext=u:r:netd:s0 tcontext=u:object_r:rootfs:s0 tclass=lnk_file
10-01 16:48:32.759   583   583 W ip6tables: type=1400 audit(0.0:98): avc: granted { getattr } for path="/vendor" dev="rootfs" ino=4768 scontext=u:r:netd:s0 tcontext=u:object_r:rootfs:s0 tclass=lnk_file
10-01 16:48:32.814   554   554 I Netd    : Creating child chains: 1215.8ms
10-01 16:48:32.815   554   554 I Netd    : Setting up OEM hooks: 0.3ms
10-01 16:48:32.817   551   551 E audio_route: unknown enum value string Off for ctl TTY Mode
10-01 16:48:32.843   554   554 I Netd    : Setting up FirewallController hooks: 28.3ms
10-01 16:48:32.857   554   554 I Netd    : Setting up NatController hooks: 14.6ms
10-01 16:48:32.870   554   554 I Netd    : Setting up BandwidthController hooks: 12.3ms
10-01 16:48:32.870   554   554 I Netd    : Setting up IdletimerController hooks: 0.1ms
10-01 16:48:32.870   551   551 D ACDB-LOADER: ACDB -> ACDB_CMD_INITIALIZE
10-01 16:48:32.871   551   551 E         : [ACDB RTC]->rtc init done!->result [0]
10-01 16:48:32.871   551   551 D Diag_Lib: actp_diag_init: call diag init function with A872F4D9
10-01 16:48:32.871   551   551 E Diag_Lib:  Diag_LSM_Init: Failed to open handle to diag driver, error = 2
10-01 16:48:32.871   551   551 E Diag_Lib: actp_diag_init: diag init failed
10-01 16:48:32.871   551   551 E         : [ACDB ACPH]->actp diag init done!
10-01 16:48:32.872   551   551 D ACDB-LOADER: No existing ION info in ACDB driver
10-01 16:48:32.872   551   551 D ACDB-LOADER: ACDB -> ION_IOC_ALLOC
10-01 16:48:32.872   551   551 D ACDB-LOADER: ACDB -> ION_IOC_SHARE
10-01 16:48:32.872   551   551 D ACDB-LOADER: ACDB -> MMAP ADDR
10-01 16:48:32.872   551   551 D ACDB-LOADER: ACDB -> register MEM to ACDB driver: 0xaa163000
10-01 16:48:32.873   551   551 D ACDB-LOADER: ACDB -> send_asm_topology
10-01 16:48:32.873   551   551 D ACDB-LOADER: ACDB -> ACDB_CMD_GET_AUDPROC_STREAM_TOPOLOGY_ID
10-01 16:48:32.873   551   551 D ACDB-LOADER: send mbhc data
10-01 16:48:32.900   554   554 I Netd    : Disabling bandwidth control: 30.2ms
10-01 16:48:32.906   554   554 E Netd    : Error adding route 0.0.0.0/0 -> (null) dummy0 to table 1002: File exists
10-01 16:48:32.926   554   554 I Netd    : Initializing RouteController: 26.2ms
10-01 16:48:32.928   551   551 D ACDB-LOADER: send tabla anc data
10-01 16:48:32.928   551   551 D ACDB-LOADER: ACDB -> ACDB_CMD_GET_ANC_SETTING
10-01 16:48:32.929   551   551 D ACDB-LOADER: done with conversion, anc config size is 148
10-01 16:48:32.929   551   551 D ACDB-LOADER: ACDB -> ACDB_CMD_GET_ANC_SETTING
10-01 16:48:32.929   551   551 D ACDB-LOADER: done with conversion, anc config size is 148
10-01 16:48:32.929   551   551 D ACDB-LOADER: ACDB -> ACDB_CMD_GET_ANC_SETTING
10-01 16:48:32.929   551   551 D ACDB-LOADER: done with conversion, anc config size is 148
10-01 16:48:32.929   551   551 D ACDB-LOADER: ACDB -> ACDB_CMD_GET_ANC_SETTING
10-01 16:48:32.929   551   551 D ACDB-LOADER: done with conversion, anc config size is 148
10-01 16:48:32.930   551   551 D ACDB-LOADER: ACDB -> ACDB_CMD_GET_ANC_SETTING
10-01 16:48:32.930   551   551 D ACDB-LOADER: done with conversion, anc config size is 74
10-01 16:48:32.930   551   551 D ACDB-LOADER: ACDB -> ACDB_CMD_GET_ANC_SETTING
10-01 16:48:32.930   551   551 D ACDB-LOADER: done with conversion, anc config size is 74
10-01 16:48:32.930   551   551 D ACDB-LOADER: ACDB -> init done!
10-01 16:48:32.931   554   554 D MDnsDS  : MDnsSdListener::Hander starting up
10-01 16:48:32.931   554   589 D MDnsDS  : MDnsSdListener starting to monitor
10-01 16:48:32.931   554   589 D MDnsDS  : Going to poll with pollCount 1
10-01 16:48:32.934   554   554 I Netd    : Registering NetdNativeService: 2.5ms
10-01 16:48:32.935   554   554 I Netd    : Starting CommandListener: 0.5ms
10-01 16:48:32.935   554   554 I Netd    : Netd started in 1368ms
10-01 16:48:32.945   551   551 D         : csd_client_init
10-01 16:48:32.945   551   551 E         : csd_client_service_init: Invalid rx device 0, setting to handset
10-01 16:48:32.945   551   551 E         : csd_client_service_init: Invalid tx device 0, setting to handset
10-01 16:48:32.946   551   551 E Diag_Lib:  Diag_LSM_Init: Failed to open handle to diag driver, error = 2
10-01 16:48:33.888   550   550 D AndroidRuntime: >>>>>> START com.android.internal.os.ZygoteInit uid 0 <<<<<<
10-01 16:48:33.913   550   550 I zygote  : option[0]=-Xzygote
10-01 16:48:33.913   550   550 I zygote  : option[1]=-Xstacktracefile:/data/anr/traces.txt
10-01 16:48:33.913   550   550 I zygote  : option[2]=exit
10-01 16:48:33.913   550   550 I zygote  : option[3]=vfprintf
10-01 16:48:33.913   550   550 I zygote  : option[4]=sensitiveThread
10-01 16:48:33.913   550   550 I zygote  : option[5]=-verbose:gc
10-01 16:48:33.913   550   550 I zygote  : option[6]=-Xms8m
10-01 16:48:33.913   550   550 I zygote  : option[7]=-Xmx512m
10-01 16:48:33.913   550   550 I zygote  : option[8]=-XX:HeapGrowthLimit=192m
10-01 16:48:33.914   550   550 I zygote  : option[9]=-XX:HeapMinFree=512k
10-01 16:48:33.914   550   550 I zygote  : option[10]=-XX:HeapMaxFree=8m
10-01 16:48:33.914   550   550 I zygote  : option[11]=-XX:HeapTargetUtilization=0.75
10-01 16:48:33.914   550   550 I zygote  : option[12]=-Xusejit:true
10-01 16:48:33.914   550   550 I zygote  : option[13]=-Xjitsaveprofilinginfo
10-01 16:48:33.914   550   550 I zygote  : option[14]=-agentlib:jdwp=transport=dt_android_adb,suspend=n,server=y
10-01 16:48:33.914   550   550 I zygote  : option[15]=-Ximage-compiler-option
10-01 16:48:33.914   550   550 I zygote  : option[16]=--runtime-arg
10-01 16:48:33.914   550   550 I zygote  : option[17]=-Ximage-compiler-option
10-01 16:48:33.915   550   550 I zygote  : option[18]=-Xms64m
10-01 16:48:33.915   550   550 I zygote  : option[19]=-Ximage-compiler-option
10-01 16:48:33.915   550   550 I zygote  : option[20]=--runtime-arg
10-01 16:48:33.915   550   550 I zygote  : option[21]=-Ximage-compiler-option
10-01 16:48:33.915   550   550 I zygote  : option[22]=-Xmx64m
10-01 16:48:33.915   550   550 I zygote  : option[23]=-Ximage-compiler-option
10-01 16:48:33.915   550   550 I zygote  : option[24]=--image-classes=/system/etc/preloaded-classes
10-01 16:48:33.915   550   550 I zygote  : option[25]=-Ximage-compiler-option
10-01 16:48:33.915   550   550 I zygote  : option[26]=--compiled-classes=/system/etc/compiled-classes
10-01 16:48:33.916   550   550 I zygote  : option[27]=-Xcompiler-option
10-01 16:48:33.916   550   550 I zygote  : option[28]=--runtime-arg
10-01 16:48:33.916   550   550 I zygote  : option[29]=-Xcompiler-option
10-01 16:48:33.916   550   550 I zygote  : option[30]=-Xms64m
10-01 16:48:33.916   550   550 I zygote  : option[31]=-Xcompiler-option
10-01 16:48:33.916   550   550 I zygote  : option[32]=--runtime-arg
10-01 16:48:33.916   550   550 I zygote  : option[33]=-Xcompiler-option
10-01 16:48:33.916   550   550 I zygote  : option[34]=-Xmx512m
10-01 16:48:33.916   550   550 I zygote  : option[35]=-Ximage-compiler-option
10-01 16:48:33.916   550   550 I zygote  : option[36]=--instruction-set-variant=krait
10-01 16:48:33.917   550   550 I zygote  : option[37]=-Xcompiler-option
10-01 16:48:33.917   550   550 I zygote  : option[38]=--instruction-set-variant=krait
10-01 16:48:33.917   550   550 I zygote  : option[39]=-Ximage-compiler-option
10-01 16:48:33.917   550   550 I zygote  : option[40]=--instruction-set-features=default
10-01 16:48:33.917   550   550 I zygote  : option[41]=-Xcompiler-option
10-01 16:48:33.917   550   550 I zygote  : option[42]=--instruction-set-features=default
10-01 16:48:33.917   550   550 I zygote  : option[43]=-Duser.locale=en-US
10-01 16:48:33.917   550   550 I zygote  : option[44]=--cpu-abilist=armeabi-v7a,armeabi
10-01 16:48:33.917   550   550 I zygote  : option[45]=-Xfingerprint:google/nitrogen_mako/mako:8.0.0/OPR6.170623.017/217:userdebug/test-keys
10-01 16:48:34.446   550   550 I SamplingProfilerIntegration: Profiling disabled.
10-01 16:48:34.446   550   550 D Zygote  : begin preload
10-01 16:48:34.446   550   550 I Zygote  : Installing ICU cache reference pinning...
10-01 16:48:34.446   550   550 I Zygote  : Preloading ICU data...
10-01 16:48:34.487   550   550 D Zygote32Timing: BeginIcuCachePinning took to complete: 41ms
10-01 16:48:34.487   550   550 I Zygote  : Preloading classes...
10-01 16:48:35.266   550   550 E ActivityRecognitionHardware: activity_recognition HAL is deprecated. class_init is effectively a no-op
10-01 16:48:35.327   550   550 I zygote  : Thread[1,tid=550,Native,Thread*=0xa6ebc000,peer=0x12c01c70,"main"] recursive attempt to load library "/system/lib/libmedia_jni.so"
10-01 16:48:35.328   550   550 D MtpDeviceJNI: register_android_mtp_MtpDevice
10-01 16:48:35.329   550   550 I zygote  : Thread[1,tid=550,Native,Thread*=0xa6ebc000,peer=0x12c01c70,"main"] recursive attempt to load library "/system/lib/libmedia_jni.so"
10-01 16:48:35.330   550   550 I zygote  : Thread[1,tid=550,Native,Thread*=0xa6ebc000,peer=0x12c01c70,"main"] recursive attempt to load library "/system/lib/libmedia_jni.so"
10-01 16:48:35.924   550   550 I System  : Loaded time zone names for "" in 245ms (242ms in ICU)
10-01 16:48:36.051   550   550 I System  : Loaded time zone names for "en_US" in 126ms (123ms in ICU)
10-01 16:48:36.093   550   550 I Zygote  : ...preloaded 4570 classes in 1606ms.
10-01 16:48:36.094   550   550 I zygote  : VMRuntime.preloadDexCaches starting
10-01 16:48:36.403   550   550 I zygote  : VMRuntime.preloadDexCaches strings total=306838 before=2835 after=2835
10-01 16:48:36.403   550   550 I zygote  : VMRuntime.preloadDexCaches types total=26185 before=2672 after=3316
10-01 16:48:36.404   550   550 I zygote  : VMRuntime.preloadDexCaches fields total=124018 before=2165 after=1217
10-01 16:48:36.404   550   550 I zygote  : VMRuntime.preloadDexCaches methods total=219959 before=87650 after=87748
10-01 16:48:36.404   550   550 I zygote  : VMRuntime.preloadDexCaches finished
10-01 16:48:36.404   550   550 D Zygote32Timing: PreloadClasses took to complete: 1917ms
10-01 16:48:36.509   550   550 I Zygote  : Preloading resources...
10-01 16:48:36.584   550   550 W Resources: Preloaded drawable resource #0x1080257 (android:drawable/dialog_background_material) that varies with configuration!!
10-01 16:48:36.599   550   550 W Resources: Preloaded color resource #0x10600de (android:color/material_grey_800) that varies with configuration!!
10-01 16:48:36.600   550   550 W Resources: Preloaded drawable resource #0x10802b0 (android:drawable/floating_popup_background_dark) that varies with configuration!!
10-01 16:48:36.895   550   550 I Zygote  : ...preloaded 114 resources in 386ms.
10-01 16:48:36.919   550   550 W Resources: Preloaded color resource #0x1060036 (android:color/background_cache_hint_selector_material_dark) that varies with configuration!!
10-01 16:48:36.921   550   550 W Resources: Preloaded color resource #0x1060053 (android:color/btn_default_material_dark) that varies with configuration!!
10-01 16:48:36.927   550   550 I Zygote  : ...preloaded 41 resources in 32ms.
10-01 16:48:36.928   550   550 D Zygote32Timing: PreloadResources took to complete: 523ms
10-01 16:48:36.929   550   550 I vndksupport: sphal namespace is not configured for this process. Loading /vendor/lib/egl/libEGL_adreno.so from the current namespace instead.
10-01 16:48:36.939   550   550 D libEGL  : loaded /vendor/lib/egl/libEGL_adreno.so
10-01 16:48:36.941   550   550 I vndksupport: sphal namespace is not configured for this process. Loading /vendor/lib/egl/libGLESv1_CM_adreno.so from the current namespace instead.
10-01 16:48:36.946   550   550 D libEGL  : loaded /vendor/lib/egl/libGLESv1_CM_adreno.so
10-01 16:48:37.009   550   550 I vndksupport: sphal namespace is not configured for this process. Loading /vendor/lib/egl/libGLESv2_adreno.so from the current namespace instead.
10-01 16:48:37.040   550   550 D libEGL  : loaded /vendor/lib/egl/libGLESv2_adreno.so
10-01 16:48:37.110   550   550 I Zygote  : Preloading shared libraries...
10-01 16:48:37.166   550   550 I Zygote  : Uninstalled ICU cache reference pinning...
10-01 16:48:37.172   550   550 I Zygote  : Installed AndroidKeyStoreProvider in 6ms.
10-01 16:48:37.211   550   550 I Zygote  : Warmed up JCA providers in 39ms.
10-01 16:48:37.211   550   550 D Zygote  : end preload
10-01 16:48:37.211   550   550 D Zygote32Timing: ZygotePreload took to complete: 2765ms
10-01 16:48:37.307   550   550 I zygote  : Explicit concurrent copying GC freed 32090(1719KB) AllocSpace objects, 4(104KB) LOS objects, 59% free, 1058KB/2MB, paused 1.464ms total 95.184ms
10-01 16:48:37.388   550   550 I zygote  : Explicit concurrent copying GC freed 6057(221KB) AllocSpace objects, 0(0B) LOS objects, 63% free, 869KB/2MB, paused 427us total 64.361ms
10-01 16:48:37.389   550   550 D Zygote32Timing: PostZygoteInitGC took to complete: 177ms
10-01 16:48:37.389   550   550 D Zygote32Timing: ZygoteInit took to complete: 2944ms
10-01 16:48:37.391   550   550 I         : seccomp disabled by setenforce 0
10-01 16:48:37.583   550   550 I Zygote  : System server process 602 has been created
10-01 16:48:37.590   550   550 I Zygote  : Accepting command socket connections
10-01 16:48:37.644   602   602 W system_server: type=1400 audit(0.0:100): avc: granted { execute } for path="/data/dalvik-cache/arm/system@framework@services.jar@classes.dex" dev="mmcblk0p23" ino=496790 scontext=u:r:system_server:s0 tcontext=u:object_r:dalvikcache_data_file:s0 tclass=file
10-01 16:48:37.664   602   602 W system_server: type=1400 audit(0.0:101): avc: granted { execute } for path="/data/dalvik-cache/arm/system@framework@ethernet-service.jar@classes.dex" dev="mmcblk0p23" ino=496792 scontext=u:r:system_server:s0 tcontext=u:object_r:dalvikcache_data_file:s0 tclass=file
10-01 16:48:37.708   602   602 I SystemServer: InitBeforeStartServices
10-01 16:48:37.708   602   602 I SystemServer: Entered the Android system server!
10-01 16:48:38.212   602   602 D SystemServerTiming: InitBeforeStartServices took to complete: 504ms
10-01 16:48:38.212   602   602 I SystemServer: StartServices
10-01 16:48:38.213   602   602 I SystemServer: Reading configuration...
10-01 16:48:38.213   602   602 I SystemServer: ReadingSystemConfig
10-01 16:48:38.215   602   602 D SystemServerTiming: ReadingSystemConfig took to complete: 2ms
10-01 16:48:38.215   602   602 I SystemServer: StartInstaller
10-01 16:48:38.216   602   615 D SystemServerInitThreadPool: Started executing ReadingSystemConfig
10-01 16:48:38.216   602   602 I SystemServiceManager: Starting com.android.server.pm.Installer
10-01 16:48:38.222   602   602 D SystemServerTiming: StartInstaller took to complete: 7ms
10-01 16:48:38.222   602   602 I SystemServer: DeviceIdentifiersPolicyService
10-01 16:48:38.222   602   602 I SystemServiceManager: Starting com.android.server.os.DeviceIdentifiersPolicyService
10-01 16:48:38.225   602   602 D SystemServerTiming: DeviceIdentifiersPolicyService took to complete: 3ms
10-01 16:48:38.225   602   602 I SystemServer: StartActivityManager
10-01 16:48:38.225   602   602 I SystemServiceManager: Starting com.android.server.am.ActivityManagerService$Lifecycle
10-01 16:48:38.288   602   615 D SystemServerInitThreadPool: Finished executing ReadingSystemConfig
10-01 16:48:38.302   602   602 I ActivityManager: Memory class: 192
10-01 16:48:38.305   602   617 I ServiceThread: Enabled StrictMode logging for ActivityManager looper.
10-01 16:48:38.308   602   618 I ServiceThread: Enabled StrictMode logging for android.ui looper.
10-01 16:48:38.404   602   602 D BatteryStatsImpl: Reading daily items from /data/system/batterystats-daily.xml
10-01 16:48:38.659   164   164 W /system/bin/hwservicemanager: getTransportFromManifest: Cannot find entry android.hardware.memtrack@1.0::IMemtrack in either framework or device manifest, using default transport.
10-01 16:48:38.666   602   602 I vndksupport: sphal namespace is not configured for this process. Loading /vendor/lib/hw/memtrack.msm8960.so from the current namespace instead.
10-01 16:48:38.675   602   602 I AppOps  : No existing app ops /data/system/appops.xml; starting empty
10-01 16:48:38.692   602   602 I IntentFirewall: Read new rules (A:0 B:0 S:0)
10-01 16:48:38.709   602   625 I ServiceThread: Enabled StrictMode logging for android.display looper.
10-01 16:48:38.710   602   602 W system_server: failed to remove /acct/uid_1047/pid_552: Device or resource busy
10-01 16:48:38.710   602   602 W system_server: failed to remove /acct/uid_1047: Permission denied
10-01 16:48:38.711   602   602 W system_server: failed to remove /acct/uid_1041/pid_551: Device or resource busy
10-01 16:48:38.711   602   602 W system_server: failed to remove /acct/uid_1041: Permission denied
10-01 16:48:38.711   602   602 W system_server: failed to remove /acct/uid_1003/pid_304: Device or resource busy
10-01 16:48:38.711   602   602 W system_server: failed to remove /acct/uid_1003: Permission denied
10-01 16:48:38.711   602   602 W system_server: failed to remove /acct/uid_1058/pid_223: Device or resource busy
10-01 16:48:38.711   602   602 W system_server: failed to remove /acct/uid_1058: Permission denied
10-01 16:48:38.712   602   602 W system_server: failed to remove /acct/uid_1046/pid_219: Device or resource busy
10-01 16:48:38.712   602   602 W system_server: failed to remove /acct/uid_1046: Permission denied
10-01 16:48:38.712   602   602 W system_server: failed to remove /acct/uid_1040/pid_213: Device or resource busy
10-01 16:48:38.712   602   602 W system_server: failed to remove /acct/uid_1040: Permission denied
10-01 16:48:38.712   602   602 W system_server: failed to remove /acct/uid_1013/pid_553: Device or resource busy
10-01 16:48:38.713   602   602 W system_server: failed to remove /acct/uid_1013/pid_214: Device or resource busy
10-01 16:48:38.713   602   602 W system_server: failed to remove /acct/uid_1013/pid_212: Device or resource busy
10-01 16:48:38.713   602   602 W system_server: failed to remove /acct/uid_1013: Permission denied
10-01 16:48:38.713   602   602 W system_server: failed to remove /acct/uid_1017/pid_211: Device or resource busy
10-01 16:48:38.713   602   602 W system_server: failed to remove /acct/uid_1017: Permission denied
10-01 16:48:38.713   602   602 W system_server: failed to remove /acct/uid_1019/pid_206: Device or resource busy
10-01 16:48:38.713   602   602 W system_server: failed to remove /acct/uid_1019: Permission denied
10-01 16:48:38.714   602   602 W system_server: failed to remove /acct/uid_1002: Permission denied
10-01 16:48:38.714   602   602 W system_server: failed to remove /acct/uid_2000/pid_201: Device or resource busy
10-01 16:48:38.714   602   602 W system_server: failed to remove /acct/uid_2000: Permission denied
10-01 16:48:38.714   602   602 W system_server: failed to remove /acct/uid_1010/pid_555: Device or resource busy
10-01 16:48:38.714   602   602 W system_server: failed to remove /acct/uid_1010/pid_192: Device or resource busy
10-01 16:48:38.714   602   602 W system_server: failed to remove /acct/uid_1010: Permission denied
10-01 16:48:38.715   602   602 W system_server: failed to remove /acct/uid_0/pid_554: Device or resource busy
10-01 16:48:38.715   602   602 W system_server: failed to remove /acct/uid_0/pid_550: Device or resource busy
10-01 16:48:38.715   602   602 W system_server: failed to remove /acct/uid_0/pid_217: Device or resource busy
10-01 16:48:38.715   602   602 W system_server: failed to remove /acct/uid_0/pid_210: Device or resource busy
10-01 16:48:38.715   602   602 W system_server: failed to remove /acct/uid_0/pid_202: Device or resource busy
10-01 16:48:38.715   602   602 W system_server: failed to remove /acct/uid_0/pid_195: Device or resource busy
10-01 16:48:38.715   602   602 W system_server: failed to remove /acct/uid_0/pid_194: Device or resource busy
10-01 16:48:38.716   602   602 W system_server: failed to remove /acct/uid_0/pid_193: Device or resource busy
10-01 16:48:38.716   602   602 W system_server: failed to remove /acct/uid_0/pid_171: Device or resource busy
10-01 16:48:38.716   602   602 W system_server: failed to remove /acct/uid_0: Permission denied
