10-03 09:45:46.978   185   185 I zygote  : option[40]=-Ximage-compiler-option
10-03 09:45:46.978   185   185 I zygote  : option[41]=--instruction-set-features=default
10-03 09:45:46.978   185   185 I zygote  : option[42]=-Xcompiler-option
10-03 09:45:46.978   185   185 I zygote  : option[43]=--instruction-set-features=default
10-03 09:45:46.978   185   185 I zygote  : option[44]=-Duser.locale=en-US
10-03 09:45:46.978   185   185 I zygote  : option[45]=--cpu-abilist=armeabi-v7a,armeabi
10-03 09:45:46.978   185   185 I zygote  : option[46]=-Xfingerprint:google/occam/mako:5.1.1/LMY48T/2237560:user/release-keys
10-03 09:45:46.984   194   194 I kickstart-qcks: Combining Header1 with RAW EFS1 partition
10-03 09:45:46.984   194   194 I kickstart-qcks: Running cat /firmware/image/efs1.mbn /data/qcks/temp.dump > /data/qcks/efs1.bin
10-03 09:45:46.992   164   164 W /system/bin/hwservicemanager: getTransportFromManifest: Cannot find entry android.hardware.graphics.mapper@2.0::IMapper in either framework or device manifest, using default transport.
10-03 09:45:46.997   197   197 I vndksupport: sphal namespace is not configured for this process. Loading /vendor/lib/hw/gralloc.msm8960.so from the current namespace instead.
10-03 09:45:47.042   197   197 I vndksupport: sphal namespace is not configured for this process. Loading /vendor/lib/hw/gralloc.msm8960.so from the current namespace instead.
10-03 09:45:47.043   185   185 I zygote  : Pruning dalvik-cache since we are generating an image and will need to recompile
10-03 09:45:47.044   185   185 I zygote  : Using an offset of 0xff5eb000 from default art base address of 0x70000000
10-03 09:45:47.044   185   185 I zygote  : GenerateImage: /system/bin/dex2oat --image=/data/dalvik-cache/arm/system@framework@boot.art --dex-file=/system/framework/core-oj.jar --dex-file=/system/framework/core-libart.jar --dex-file=/system/framework/conscrypt.jar --dex-file=/system/framework/okhttp.jar --dex-file=/system/framework/legacy-test.jar --dex-file=/system/framework/bouncycastle.jar --dex-file=/system/framework/ext.jar --dex-file=/system/framework/framework.jar --dex-file=/system/framework/telephony-common.jar --dex-file=/system/framework/voip-common.jar --dex-file=/system/framework/ims-common.jar --dex-file=/system/framework/apache-xml.jar --dex-file=/system/framework/org.apache.http.legacy.boot.jar --dex-file=/system/framework/android.hidl.base-V1.0-java.jar --dex-file=/system/framework/android.hidl.manager-V1.0-java.jar --oat-file=/data/dalvik-cache/arm/system@framework@boot.oat --instruction-set=arm --instruction-set-features=div,atomic_ldrd_strd,-armv8a --base=0x6f5eb000 --runtime-arg -Xms64m --runtime-arg -Xmx64m --image-classes=/syste
10-03 09:45:47.136   194   194 I kickstart-qcks: Reading RAW EFS2 partition
10-03 09:45:47.136   194   194 I kickstart-qcks: Running dd if=/dev/block/platform/msm_sdcc.1/by-name/m9kefs2 of=/data/qcks/temp.dump bs=1024 count=3072
10-03 09:45:47.142   386   386 W dex2oat : Using default instruction set features for ARM CPU variant (default) using conservative defaults
10-03 09:45:47.144   386   386 I dex2oat : /system/bin/dex2oat --image=/data/dalvik-cache/arm/system@framework@boot.art --dex-file=/system/framework/core-oj.jar --dex-file=/system/framework/core-libart.jar --dex-file=/system/framework/conscrypt.jar --dex-file=/system/framework/okhttp.jar --dex-file=/system/framework/legacy-test.jar --dex-file=/system/framework/bouncycastle.jar --dex-file=/system/framework/ext.jar --dex-file=/system/framework/framework.jar --dex-file=/system/framework/telephony-common.jar --dex-file=/system/framework/voip-common.jar --dex-file=/system/framework/ims-common.jar --dex-file=/system/framework/apache-xml.jar --dex-file=/system/framework/org.apache.http.legacy.boot.jar --dex-file=/system/framework/android.hidl.base-V1.0-java.jar --dex-file=/system/framework/android.hidl.manager-V1.0-java.jar --oat-file=/data/dalvik-cache/arm/system@framework@boot.oat --instruction-set=arm --instruction-set-features=div,atomic_ldrd_strd,-armv8a --base=0x6f5eb000 --runtime-arg -Xms64m --runtime-arg -Xmx64m --image-classes=/system/etc/preloaded
10-03 09:45:47.219   194   194 I kickstart-qcks: Combining Header2 with RAW EFS2 partition
10-03 09:45:47.219   194   194 I kickstart-qcks: Running cat /firmware/image/efs2.mbn /data/qcks/temp.dump > /data/qcks/efs2.bin
10-03 09:45:47.251   386   386 I dex2oat : setting boot class path to /system/framework/core-oj.jar:/system/framework/core-libart.jar:/system/framework/conscrypt.jar:/system/framework/okhttp.jar:/system/framework/legacy-test.jar:/system/framework/bouncycastle.jar:/system/framework/ext.jar:/system/framework/framework.jar:/system/framework/telephony-common.jar:/system/framework/voip-common.jar:/system/framework/ims-common.jar:/system/framework/apache-xml.jar:/system/framework/org.apache.http.legacy.boot.jar:/system/framework/android.hidl.base-V1.0-java.jar:/system/framework/android.hidl.manager-V1.0-java.jar
10-03 09:45:47.272   194   194 I kickstart-qcks: Reading RAW EFS3 partition
10-03 09:45:47.272   194   194 I kickstart-qcks: Running dd if=/dev/block/platform/msm_sdcc.1/by-name/m9kefs3 of=/data/qcks/temp.dump bs=1024 count=3072
10-03 09:45:47.315   194   194 I kickstart-qcks: Combining Header3 with RAW EFS3 partition
10-03 09:45:47.315   194   194 I kickstart-qcks: Running cat /firmware/image/efs3.mbn /data/qcks/temp.dump > /data/qcks/efs3.bin
10-03 09:45:47.378   194   194 I kickstart-qcks: Combining ACDB Header with ACDB binary
10-03 09:45:47.378   194   194 I kickstart-qcks: Running cat /firmware/image/acdb.mbn /firmware/image/mdm_acdb.img > /data/qcks/acdb.bin
10-03 09:45:47.759   194   194 I kickstart-qcks: Loading Sahara images
10-03 09:45:47.759   194   194 I kickstart-qcks: Testing if port "/dev/ks_hsic_bridge" exists
10-03 09:45:47.759   194   194 E kickstart-qcks: RUNNING:	/vendor/bin/ks  -w /data/tombstones/mdm/ -p /dev/ks_hsic_bridge -r 21 -s 2:/firmware/image/amss.mbn -s 6:/firmware/image/apps.mbn -s 8:/firmware/image/dsp1.mbn -s 11:/firmware/image/osbl.mbn -s 12:/firmware/image/dsp2.mbn -s 21:/firmware/image/sbl1.mbn -s 22:/firmware/image/sbl2.mbn -s 23:/firmware/image/rpm.mbn -s 28:/firmware/image/dsp3.mbn -s 16:/data/qcks/efs1.bin -s 17:/data/qcks/efs2.bin -s 20:/data/qcks/efs3.bin -s 29:/data/qcks/acdb.bin
10-03 09:45:47.860   406   406 E kickstart: Wrote to /sys/power/wake_lock
10-03 09:45:47.864   406   406 E kickstart: Requested ID 21, file "/firmware/image/sbl1.mbn"
10-03 09:45:48.051   380   409 I vndksupport: sphal namespace is not configured for this process. Loading /vendor/lib/egl/libEGL_adreno.so from the current namespace instead.
10-03 09:45:48.055   380   409 D libEGL  : loaded /vendor/lib/egl/libEGL_adreno.so
10-03 09:45:48.060   380   409 I vndksupport: sphal namespace is not configured for this process. Loading /vendor/lib/egl/libGLESv1_CM_adreno.so from the current namespace instead.
10-03 09:45:48.062   380   409 D libEGL  : loaded /vendor/lib/egl/libGLESv1_CM_adreno.so
10-03 09:45:48.094   380   409 I vndksupport: sphal namespace is not configured for this process. Loading /vendor/lib/egl/libGLESv2_adreno.so from the current namespace instead.
10-03 09:45:48.106   380   409 D libEGL  : loaded /vendor/lib/egl/libGLESv2_adreno.so
10-03 09:45:48.128   406   406 E kickstart: 117700 bytes transferred in 0.264s (0.43 MBps)
10-03 09:45:48.128   406   406 E kickstart: Wrote to /sys/power/wake_unlock
10-03 09:45:48.149   380   409 I Adreno-EGL: <qeglDrvAPI_eglInitialize:379>: QUALCOMM Build: 10/21/15, 369a2ea, I96aee987eb
10-03 09:45:48.151   380   409 W Adreno-EGL: <qeglDrvAPI_eglGetConfigAttrib:607>: EGL_BAD_ATTRIBUTE
10-03 09:45:48.152   380   409 I vndksupport: sphal namespace is not configured for this process. Loading /vendor/lib/hw/gralloc.msm8960.so from the current namespace instead.
10-03 09:45:48.233   380   409 D BootAnimation: BootAnimationShownTiming start time: 9643ms
10-03 09:45:48.300   406   406 E kickstart: Wrote to /sys/power/wake_lock
10-03 09:45:48.304   406   406 E kickstart: Requested ID 23, file "/firmware/image/rpm.mbn"
10-03 09:45:48.356   406   406 E kickstart: 105696 bytes transferred in 0.052s (1.94 MBps)
10-03 09:45:48.356   406   406 E kickstart: Wrote to /sys/power/wake_unlock
10-03 09:45:48.356   406   406 E kickstart: Wrote to /sys/power/wake_lock
10-03 09:45:48.360   406   406 E kickstart: Requested ID 22, file "/firmware/image/sbl2.mbn"
10-03 09:45:48.386   164   164 W /system/bin/hwservicemanager: getTransportFromManifest: Cannot find entry android.hardware.graphics.mapper@2.0::IMapper in either framework or device manifest, using default transport.
10-03 09:45:48.389   380   409 I vndksupport: sphal namespace is not configured for this process. Loading /vendor/lib/hw/gralloc.msm8960.so from the current namespace instead.
10-03 09:45:48.396   406   406 E kickstart: 242376 bytes transferred in 0.036s (6.45 MBps)
10-03 09:45:48.396   406   406 E kickstart: Wrote to /sys/power/wake_unlock
10-03 09:45:48.408   406   406 E kickstart: Wrote to /sys/power/wake_lock
10-03 09:45:48.412   406   406 E kickstart: Requested ID 12, file "/firmware/image/dsp2.mbn"
10-03 09:45:49.806   420   420 E android.hardware.nfc@1.0-impl: hw_get_module nfc_nci failed: -2
10-03 09:45:49.807   420   420 E android.hardware.nfc@1.0-impl: Passthrough failed to load legacy HAL.
10-03 09:45:49.807   420   420 E android.hardware.nfc@1.0-service: Could not get passthrough implementation for android.hardware.nfc@1.0::INfc/default.
10-03 09:45:50.009   421   421 E linker  : "/system/vendor/lib/libmmjpeg.so" has text relocations
10-03 09:45:50.010   421   421 F libc    : CANNOT LINK EXECUTABLE "/vendor/bin/mm-qcamera-daemon": "/system/vendor/lib/libmmjpeg.so" has text relocations
10-03 09:45:50.010   421   421 F libc    : Fatal signal 6 (SIGABRT), code -6 in tid 421 (mm-qcamera-daem)
10-03 09:45:50.052   424   424 I crash_dump32: obtaining output fd from tombstoned
10-03 09:45:50.053   247   247 I /system/bin/tombstoned: received crash request for pid 421
10-03 09:45:50.054   424   424 I crash_dump32: performing dump of process 421 (target tid = 421)
10-03 09:45:50.054   421   421 F libc    : failed to resend signal during crash: Operation not permitted
10-03 09:45:50.054   424   424 E DEBUG   : unexpected waitpid response: n=421, status=00000100
10-03 09:45:50.055   247   247 W /system/bin/tombstoned: crash socket received short read of length 0 (expected 8)
10-03 09:45:50.231   206   279 D ThermalDaemon: Sensor 'tsens_tz_sensor7' - alarm raised 1 at 62.0 degC
10-03 09:45:50.232   206   280 D ThermalDaemon: Sensor 'tsens_tz_sensor8' - alarm raised 1 at 61.0 degC
10-03 09:45:52.192   406   406 E kickstart: 32137174 bytes transferred in 3.780s (8.11 MBps)
10-03 09:45:52.192   406   406 E kickstart: Wrote to /sys/power/wake_unlock
10-03 09:45:52.208   406   406 E kickstart: Wrote to /sys/power/wake_lock
10-03 09:45:52.212   406   406 E kickstart: Requested ID 28, file "/firmware/image/dsp3.mbn"
10-03 09:45:52.741   406   406 E kickstart: 6334186 bytes transferred in 0.529s (11.41 MBps)
10-03 09:45:52.742   406   406 E kickstart: Wrote to /sys/power/wake_unlock
10-03 09:45:52.743   406   406 E kickstart: Wrote to /sys/power/wake_lock
10-03 09:45:52.746   406   406 E kickstart: Requested ID 8, file "/firmware/image/dsp1.mbn"
10-03 09:45:53.016   406   406 E kickstart: 2688527 bytes transferred in 0.269s (9.52 MBps)
10-03 09:45:53.016   406   406 E kickstart: Wrote to /sys/power/wake_unlock
10-03 09:45:53.017   406   406 E kickstart: Wrote to /sys/power/wake_lock
10-03 09:45:53.020   406   406 E kickstart: Requested ID 16, file "/data/qcks/efs1.bin"
10-03 09:45:53.084   406   406 E kickstart: 786472 bytes transferred in 0.064s (11.79 MBps)
10-03 09:45:53.084   406   406 E kickstart: Wrote to /sys/power/wake_unlock
10-03 09:45:53.085   406   406 E kickstart: Wrote to /sys/power/wake_lock
10-03 09:45:53.088   406   406 E kickstart: Requested ID 17, file "/data/qcks/efs2.bin"
10-03 09:45:53.152   406   406 E kickstart: 786472 bytes transferred in 0.064s (11.77 MBps)
10-03 09:45:53.152   406   406 E kickstart: Wrote to /sys/power/wake_unlock
10-03 09:45:53.153   406   406 E kickstart: Wrote to /sys/power/wake_lock
10-03 09:45:53.159   406   406 E kickstart: Requested ID 20, file "/data/qcks/efs3.bin"
10-03 09:45:53.224   406   406 E kickstart: 786472 bytes transferred in 0.064s (11.64 MBps)
10-03 09:45:53.224   406   406 E kickstart: Wrote to /sys/power/wake_unlock
10-03 09:45:53.225   406   406 E kickstart: Wrote to /sys/power/wake_lock
10-03 09:45:53.228   406   406 E kickstart: Requested ID 29, file "/data/qcks/acdb.bin"
10-03 09:45:53.380   406   406 E kickstart: 2097192 bytes transferred in 0.152s (13.19 MBps)
10-03 09:45:53.380   406   406 E kickstart: Wrote to /sys/power/wake_unlock
10-03 09:45:53.380   406   406 E kickstart: Wrote to /sys/power/wake_lock
10-03 09:45:53.384   406   406 E kickstart: Requested ID 6, file "/firmware/image/apps.mbn"
10-03 09:45:53.616   406   406 E kickstart: 2630368 bytes transferred in 0.232s (10.82 MBps)
10-03 09:45:53.616   406   406 E kickstart: Wrote to /sys/power/wake_unlock
10-03 09:45:53.616   406   406 E kickstart: Sahara protocol completed
10-03 09:45:53.617   406   406 E kickstart: Removing linked list of input files
10-03 09:45:53.618   406   406 E kickstart: Removing linked list of input files
10-03 09:45:53.621   194   194 I kickstart-qcks: RetCode = 0
10-03 09:45:53.621   194   194 E kickstart-qcks: Sahara transfer completed successfully
10-03 09:45:53.622   194   194 E kickstart-qcks: Spawning efsks
10-03 09:45:53.683   426   426 I kickstart-efsks: EFS_TTY='/dev/efs_hsic_bridge'
10-03 09:45:53.683   426   426 I kickstart-efsks: Parsing 'where to save memorydump' options
10-03 09:45:53.683   426   426 I kickstart-efsks: PathToSaveFiles='/dev/block/platform/msm_sdcc.1/by-name/'
10-03 09:45:53.683   426   426 I kickstart-efsks: EFSKS parameters
10-03 09:45:53.683   426   426 I kickstart-efsks: EFS_TTY='/dev/efs_hsic_bridge'
10-03 09:45:53.683   426   426 I kickstart-efsks: ks_path='/vendor/bin/ks'
10-03 09:45:53.683   426   426 I kickstart-efsks: PathToSaveFiles='/dev/block/platform/msm_sdcc.1/by-name/'
10-03 09:45:53.683   426   426 I kickstart-efsks: RX_Timeout=-1
10-03 09:45:53.683   426   426 E kickstart-efsks: File '/dev/efs_hsic_bridge' was not found
10-03 09:45:53.683   426   426 E kickstart-efsks: /dev/efs_hsic_bridge does not exist.
10-03 09:45:54.909   440   440 E android.hardware.nfc@1.0-impl: hw_get_module nfc_nci failed: -2
10-03 09:45:54.909   440   440 E android.hardware.nfc@1.0-impl: Passthrough failed to load legacy HAL.
10-03 09:45:54.909   440   440 E android.hardware.nfc@1.0-service: Could not get passthrough implementation for android.hardware.nfc@1.0::INfc/default.
10-03 09:45:55.058   441   441 E linker  : "/system/vendor/lib/libmmjpeg.so" has text relocations
10-03 09:45:55.059   441   441 F libc    : CANNOT LINK EXECUTABLE "/vendor/bin/mm-qcamera-daemon": "/system/vendor/lib/libmmjpeg.so" has text relocations
10-03 09:45:55.059   441   441 F libc    : Fatal signal 6 (SIGABRT), code -6 in tid 441 (mm-qcamera-daem)
10-03 09:45:55.091   444   444 I crash_dump32: obtaining output fd from tombstoned
10-03 09:45:55.092   247   247 I /system/bin/tombstoned: received crash request for pid 441
10-03 09:45:55.093   444   444 I crash_dump32: performing dump of process 441 (target tid = 441)
10-03 09:45:55.093   441   441 F libc    : failed to resend signal during crash: Operation not permitted
10-03 09:45:55.095   247   247 W /system/bin/tombstoned: crash socket received short read of length 0 (expected 8)
10-03 09:45:55.124   386   386 W dex2oat : Skipping class android.hidl.base.V1_0.DebugInfo$Architecture from /system/framework/android.hidl.base-V1.0-java.jar previously found in /system/framework/telephony-common.jar
10-03 09:45:55.124   386   428 W dex2oat : Skipping class android.hidl.base.V1_0.IBase from /system/framework/android.hidl.base-V1.0-java.jar previously found in /system/framework/telephony-common.jar
10-03 09:45:55.124   386   429 W dex2oat : Skipping class android.hidl.base.V1_0.DebugInfo from /system/framework/android.hidl.base-V1.0-java.jar previously found in /system/framework/telephony-common.jar
10-03 09:45:55.124   386   427 W dex2oat : Skipping class android.hidl.base.V1_0.IBase$Proxy from /system/framework/android.hidl.base-V1.0-java.jar previously found in /system/framework/telephony-common.jar
10-03 09:45:55.124   386   386 W dex2oat : Skipping class android.hidl.base.V1_0.IBase$Stub from /system/framework/android.hidl.base-V1.0-java.jar previously found in /system/framework/telephony-common.jar
10-03 09:45:55.232   206   282 D ThermalDaemon: Sensor 'tsens_tz_sensor10' - alarm raised 1 at 65.0 degC
10-03 09:45:55.236   206   281 D ThermalDaemon: Sensor 'tsens_tz_sensor9' - alarm raised 1 at 64.0 degC
10-03 09:45:55.679   205   205 E Diag_Lib:  Diag_LSM_Init: Failed to open handle to diag driver, error = 2
10-03 09:45:55.683   426   426 E kickstart-efsks: RUNNING: '/vendor/bin/ks -m -w /dev/block/platform/msm_sdcc.1/by-name/ -p /dev/efs_hsic_bridge -t -1 -l'
10-03 09:45:55.830   445   445 E kickstart: Wrote to /sys/power/wake_lock
10-03 09:45:55.836   445   445 E kickstart: Wrote to /sys/power/wake_unlock
10-03 09:45:57.223   206   264 E QMI_FW  : QMUXD: Service_id=24 not found over conn_id=0
10-03 09:45:57.223   206   265 E QMI_FW  : QMUXD: Service_id=24 not found over conn_id=0
10-03 09:45:57.223   206   266 E QMI_FW  : QMUXD: Service_id=23 not found over conn_id=0
10-03 09:45:57.241   206   264 E QMI_FW  : QMUXD: Service_id=24 not found over conn_id=0
10-03 09:45:57.242   206   265 D ThermalDaemon: qmi: Instance id 25 for fusion TMD
10-03 09:45:57.242   206   265 E QMI_FW  : QMUXD: Service_id=24 not found over conn_id=0
10-03 09:45:57.260   206   266 D ThermalDaemon: qmi: Instance id 25 for fusion TS
10-03 09:45:57.261   206   264 E QMI_FW  : QMUXD: Service_id=24 not found over conn_id=0
10-03 09:45:57.261   206   266 E QMI_FW  : QMUXD: Service_id=23 not found over conn_id=0
10-03 09:45:57.284   206   265 E QMI_FW  : QMUXD: Service_id=24 not found over conn_id=0
10-03 09:45:57.284   206   266 E QMI_FW  : QMUXD: Service_id=23 not found over conn_id=0
10-03 09:45:57.340   206   265 E QMI_FW  : QMUXD: Service_id=24 not found over conn_id=0
10-03 09:45:57.340   206   266 E QMI_FW  : QMUXD: Service_id=23 not found over conn_id=0
10-03 09:45:57.353   206   265 E QMI_FW  : QMUXD: Service_id=24 not found over conn_id=0
10-03 09:45:57.360   206   266 E QMI_FW  : QMUXD: Service_id=23 not found over conn_id=0
10-03 09:45:57.384   206   265 D ThermalDaemon: Fusion modem thermal mitigation available.
10-03 09:45:57.392   206   266 D ThermalDaemon: Modem thermal sensor service available.
10-03 09:45:57.511   210   210 E QMI_FW  : QMUXD: Service_id=20 not found over conn_id=0
10-03 09:45:57.552   210   210 I chatty  : uid=1041(audioserver) /system/bin/audioserver identical 3 lines
10-03 09:45:57.561   210   210 E QMI_FW  : QMUXD: Service_id=20 not found over conn_id=0
10-03 09:45:57.652   210   210 E ext_speaker: open_speaker_bundle: DLOPEN failed for /vendor/lib/soundfx/libspeakerbundle.so
10-03 09:45:57.653   210   210 W audio_hw_primary: adev_open: DLOPEN failed for /vendor/lib/soundfx/libqcomvisualizer.so
10-03 09:45:57.653   210   210 W audio_hw_primary: adev_open: DLOPEN failed for /vendor/lib/soundfx/libqcompostprocbundle.so
10-03 09:45:57.654   210   210 W audio_hw_primary: adev_open: DLOPEN failed for libadm.so
10-03 09:45:57.654   210   210 E audio_hw_utils: audio_extn_utils_send_default_app_type_cfg: Could not get ctl for mixer cmd - App Type Config
10-03 09:45:57.654   210   210 D audio_hw_primary: adev_open: exit
10-03 09:45:57.654   210   210 W DeviceHAL: Device 0xb12df300 get_master_volume: Function not implemented
10-03 09:45:57.654   210   210 W DeviceHAL: Device 0xb12df300 get_master_mute: Function not implemented
10-03 09:45:57.654   210   210 W DeviceHAL: Device 0xb12df300 set_master_volume: Function not implemented
10-03 09:45:57.654   210   210 W DeviceHAL: Device 0xb12df300 set_master_mute: Function not implemented
10-03 09:45:57.654   210   210 I AudioFlinger: loadHwModule() Loaded primary audio interface, handle 10
10-03 09:45:57.654   210   210 I AudioFlinger: openOutput() this 0xb12bd000, module 10 Device 2, SamplingRate 48000, Format 0x000001, Channels 3, flags 2
10-03 09:45:57.662   210   210 I AudioFlinger: HAL output buffer size 240 frames, normal sink buffer size 960 frames
10-03 09:45:57.663   164   164 W /system/bin/hwservicemanager: getTransportFromManifest: Cannot find entry android.hardware.audio.effect@2.0::IEffectsFactory in either framework or device manifest, using default transport.
10-03 09:45:57.763   210   210 E voice_processing: init: can't find /system/lib/soundfx/libqcomvoiceprocessingdescriptors.so
10-03 09:45:57.801   210   210 I BufferProvider: found effect "Multichannel Downmix To Stereo" from The Android Open Source Project
10-03 09:45:57.802   210   210 I AudioFlinger: Using module 10 as the primary audio interface
10-03 09:45:57.802   210   210 W AudioFlinger: moveEffects() bad srcOutput 0
10-03 09:45:57.803   210   460 I AudioFlinger: AudioFlinger's thread 0xb0324e00 tid=460 ready to run
10-03 09:45:57.803   210   460 W AudioFlinger: no wake lock to update, system not ready yet
10-03 09:45:57.803   210   460 D audio_hw_primary: out_set_parameters: enter: usecase(1: low-latency-playback) kvpairs: routing=2
10-03 09:45:57.804   210   460 W AudioFlinger: no wake lock to update, system not ready yet
10-03 09:45:57.805   210   210 I AudioFlinger: openOutput() this 0xb12bd000, module 10 Device 2, SamplingRate 48000, Format 0x000001, Channels 3, flags 8
10-03 09:45:57.855   210   210 I AudioFlinger: HAL output buffer size 960 frames, normal sink buffer size 960 frames
10-03 09:45:57.878   210   462 I AudioFlinger: AudioFlinger's thread 0xafc17f40 tid=462 ready to run
10-03 09:45:57.878   210   462 W AudioFlinger: no wake lock to update, system not ready yet
10-03 09:45:57.878   210   462 D audio_hw_primary: out_set_parameters: enter: usecase(0: deep-buffer-playback) kvpairs: routing=2
10-03 09:45:57.879   210   462 W AudioFlinger: no wake lock to update, system not ready yet
10-03 09:45:57.882   210   464 I AudioFlinger: AudioFlinger's thread 0xafb912c0 tid=464 ready to run
10-03 09:45:58.045   210   210 I bt_a2dp_hw: adev_open:  adev_open in A2dp_hw module
10-03 09:45:58.045   210   210 I AudioFlinger: loadHwModule() Loaded a2dp audio interface, handle 18
10-03 09:45:58.046   210   210 I vndksupport: sphal namespace is not configured for this process. Loading /vendor/lib/hw/audio.usb.default.so from the current namespace instead.
10-03 09:45:58.050   210   210 I AudioFlinger: loadHwModule() Loaded usb audio interface, handle 26
10-03 09:45:58.051   210   210 I vndksupport: sphal namespace is not configured for this process. Loading /vendor/lib/hw/audio.r_submix.default.so from the current namespace instead.
10-03 09:45:58.053   210   210 I r_submix: adev_open(name=audio_hw_if)
10-03 09:45:58.054   210   210 I r_submix: adev_init_check()
10-03 09:45:58.054   210   210 W DeviceHAL: Device 0xafb91c00 set_master_mute: Function not implemented
10-03 09:45:58.054   210   210 I AudioFlinger: loadHwModule() Loaded r_submix audio interface, handle 34
10-03 09:45:58.054   210   210 D r_submix: adev_open_input_stream(addr=0)
10-03 09:45:58.054   210   210 D r_submix: submix_audio_device_create_pipe_l(addr=0, idx=9)
10-03 09:45:58.054   210   210 D r_submix:   now using address 0 for route 9
10-03 09:45:58.055   210   468 I AudioFlinger: AudioFlinger's thread 0xafbaf8c0 tid=468 ready to run
10-03 09:45:58.056   210   210 I RadioService: RadioService
10-03 09:45:58.057   210   210 I RadioService: onFirstRef
10-03 09:45:58.057   164   164 W /system/bin/hwservicemanager: getTransportFromManifest: Cannot find entry android.hardware.broadcastradio@1.0::IBroadcastRadioFactory in either framework or device manifest, using default transport.
10-03 09:45:58.058   210   210 E RadioService: could not read implementation properties
10-03 09:45:58.059   164   164 W /system/bin/hwservicemanager: getTransportFromManifest: Cannot find entry android.hardware.soundtrigger@2.0::ISoundTriggerHw in either framework or device manifest, using default transport.
10-03 09:45:58.060   210   210 E SoundTriggerHwService: could not read implementation properties
10-03 09:45:58.061   210   468 D r_submix: adev_close_input_stream()
10-03 09:45:58.061   210   468 D r_submix: submix_audio_device_release_pipe_l(idx=9) addr=0
10-03 09:45:58.061   210   468 D r_submix: submix_audio_device_destroy_pipe_l(): pipe destroyed
10-03 09:45:58.232   226   311 E Diag_Lib:  Diag_LSM_Init: Failed to open handle to diag driver, error = 2
10-03 09:45:59.779   386   428 W dex2oat : Skipping class android.hidl.base.V1_0.IBase from /system/framework/android.hidl.base-V1.0-java.jar previously found in /system/framework/telephony-common.jar
10-03 09:45:59.779   386   427 W dex2oat : Skipping class android.hidl.base.V1_0.DebugInfo from /system/framework/android.hidl.base-V1.0-java.jar previously found in /system/framework/telephony-common.jar
10-03 09:45:59.780   386   429 W dex2oat : Skipping class android.hidl.base.V1_0.IBase$Stub from /system/framework/android.hidl.base-V1.0-java.jar previously found in /system/framework/telephony-common.jar
10-03 09:45:59.780   386   428 W dex2oat : Skipping class android.hidl.base.V1_0.IBase$Proxy from /system/framework/android.hidl.base-V1.0-java.jar previously found in /system/framework/telephony-common.jar
10-03 09:45:59.780   386   386 W dex2oat : Skipping class android.hidl.base.V1_0.DebugInfo$Architecture from /system/framework/android.hidl.base-V1.0-java.jar previously found in /system/framework/telephony-common.jar
10-03 09:45:59.810   475   475 E android.hardware.nfc@1.0-impl: hw_get_module nfc_nci failed: -2
10-03 09:45:59.810   475   475 E android.hardware.nfc@1.0-impl: Passthrough failed to load legacy HAL.
10-03 09:45:59.810   475   475 E android.hardware.nfc@1.0-service: Could not get passthrough implementation for android.hardware.nfc@1.0::INfc/default.
10-03 09:46:00.099   476   476 E linker  : "/system/vendor/lib/libmmjpeg.so" has text relocations
10-03 09:46:00.102   476   476 F libc    : CANNOT LINK EXECUTABLE "/vendor/bin/mm-qcamera-daemon": "/system/vendor/lib/libmmjpeg.so" has text relocations
10-03 09:46:00.102   476   476 F libc    : Fatal signal 6 (SIGABRT), code -6 in tid 476 (mm-qcamera-daem)
10-03 09:46:00.154   483   483 I crash_dump32: obtaining output fd from tombstoned
10-03 09:46:00.155   247   247 I /system/bin/tombstoned: received crash request for pid 476
10-03 09:46:00.155   483   483 I crash_dump32: performing dump of process 476 (target tid = 476)
10-03 09:46:00.156   476   476 F libc    : failed to resend signal during crash: Operation not permitted
10-03 09:46:00.156   483   483 E DEBUG   : unexpected waitpid response: n=476, status=00000100
10-03 09:46:00.157   247   247 W /system/bin/tombstoned: crash socket received short read of length 0 (expected 8)
10-03 09:46:00.231   206   273 D ThermalDaemon: Sensor 'tsens_tz_sensor1' - alarm raised 1 at 62.0 degC
10-03 09:46:00.232   206   276 D ThermalDaemon: Sensor 'tsens_tz_sensor4' - alarm raised 1 at 61.0 degC
10-03 09:46:04.852   484   484 E android.hardware.nfc@1.0-impl: hw_get_module nfc_nci failed: -2
10-03 09:46:04.852   484   484 E android.hardware.nfc@1.0-impl: Passthrough failed to load legacy HAL.
10-03 09:46:04.852   484   484 E android.hardware.nfc@1.0-service: Could not get passthrough implementation for android.hardware.nfc@1.0::INfc/default.
10-03 09:46:05.068   485   485 E linker  : "/system/vendor/lib/libmmjpeg.so" has text relocations
10-03 09:46:05.069   485   485 F libc    : CANNOT LINK EXECUTABLE "/vendor/bin/mm-qcamera-daemon": "/system/vendor/lib/libmmjpeg.so" has text relocations
10-03 09:46:05.069   485   485 F libc    : Fatal signal 6 (SIGABRT), code -6 in tid 485 (mm-qcamera-daem)
10-03 09:46:05.101   488   488 I crash_dump32: obtaining output fd from tombstoned
10-03 09:46:05.102   247   247 I /system/bin/tombstoned: received crash request for pid 485
10-03 09:46:05.103   488   488 I crash_dump32: performing dump of process 485 (target tid = 485)
10-03 09:46:05.103   485   485 F libc    : failed to resend signal during crash: Operation not permitted
10-03 09:46:05.105   247   247 W /system/bin/tombstoned: crash socket received short read of length 0 (expected 8)
10-03 09:46:05.231   206   273 D ThermalDaemon: Sensor 'tsens_tz_sensor1' - alarm cleared 1 at 55.0 degC
10-03 09:46:05.233   283   283 W thermald: type=1400 audit(0.0:28): avc: granted { dac_override } for capability=1 scontext=u:r:thermald:s0 tcontext=u:r:thermald:s0 tclass=capability
10-03 09:46:05.233   206   282 D ThermalDaemon: Sensor 'tsens_tz_sensor10' - alarm cleared 1 at 55.0 degC
10-03 09:46:05.237   206   281 D ThermalDaemon: Sensor 'tsens_tz_sensor9' - alarm cleared 1 at 54.0 degC
10-03 09:46:05.243   206   283 D ThermalDaemon: Sensor 'batt_therm' - alarm raised 1 at 36.0 degC
10-03 09:46:05.244   206   283 D ThermalDaemon: ACTION: LCD - Setting max LCD brightness to 240
10-03 09:46:05.245   206   283 D ThermalDaemon: Setting curr LCD brightness to 255
10-03 09:46:09.839   490   490 E android.hardware.nfc@1.0-impl: hw_get_module nfc_nci failed: -2
10-03 09:46:09.839   490   490 E android.hardware.nfc@1.0-impl: Passthrough failed to load legacy HAL.
10-03 09:46:09.839   490   490 E android.hardware.nfc@1.0-service: Could not get passthrough implementation for android.hardware.nfc@1.0::INfc/default.
10-03 09:46:10.099   495   495 E linker  : "/system/vendor/lib/libmmjpeg.so" has text relocations
10-03 09:46:10.102   495   495 F libc    : CANNOT LINK EXECUTABLE "/vendor/bin/mm-qcamera-daemon": "/system/vendor/lib/libmmjpeg.so" has text relocations
10-03 09:46:10.102   495   495 F libc    : Fatal signal 6 (SIGABRT), code -6 in tid 495 (mm-qcamera-daem)
10-03 09:46:10.188   500   500 I crash_dump32: obtaining output fd from tombstoned
10-03 09:46:10.189   247   247 I /system/bin/tombstoned: received crash request for pid 495
10-03 09:46:10.190   500   500 I crash_dump32: performing dump of process 495 (target tid = 495)
10-03 09:46:10.190   495   495 F libc    : failed to resend signal during crash: Operation not permitted
10-03 09:46:10.192   247   247 W /system/bin/tombstoned: crash socket received short read of length 0 (expected 8)
10-03 09:46:10.232   206   279 D ThermalDaemon: Sensor 'tsens_tz_sensor7' - alarm cleared 1 at 55.0 degC
10-03 09:46:10.233   206   276 D ThermalDaemon: Sensor 'tsens_tz_sensor4' - alarm cleared 1 at 57.0 degC
10-03 09:46:14.849   501   501 E android.hardware.nfc@1.0-impl: hw_get_module nfc_nci failed: -2
10-03 09:46:14.849   501   501 E android.hardware.nfc@1.0-impl: Passthrough failed to load legacy HAL.
10-03 09:46:14.854   501   501 E android.hardware.nfc@1.0-service: Could not get passthrough implementation for android.hardware.nfc@1.0::INfc/default.
10-03 09:46:15.080   502   502 E linker  : "/system/vendor/lib/libmmjpeg.so" has text relocations
10-03 09:46:15.083   502   502 F libc    : CANNOT LINK EXECUTABLE "/vendor/bin/mm-qcamera-daemon": "/system/vendor/lib/libmmjpeg.so" has text relocations
10-03 09:46:15.083   502   502 F libc    : Fatal signal 6 (SIGABRT), code -6 in tid 502 (mm-qcamera-daem)
10-03 09:46:15.113   505   505 I crash_dump32: obtaining output fd from tombstoned
10-03 09:46:15.113   247   247 I /system/bin/tombstoned: received crash request for pid 502
10-03 09:46:15.114   505   505 I crash_dump32: performing dump of process 502 (target tid = 502)
10-03 09:46:15.114   502   502 F libc    : failed to resend signal during crash: Operation not permitted
10-03 09:46:15.116   247   247 W /system/bin/tombstoned: crash socket received short read of length 0 (expected 8)
10-03 09:46:15.232   206   279 D ThermalDaemon: Sensor 'tsens_tz_sensor7' - alarm raised 1 at 60.0 degC
10-03 09:46:19.854   506   506 E android.hardware.nfc@1.0-impl: hw_get_module nfc_nci failed: -2
10-03 09:46:19.854   506   506 E android.hardware.nfc@1.0-impl: Passthrough failed to load legacy HAL.
10-03 09:46:19.854   506   506 E android.hardware.nfc@1.0-service: Could not get passthrough implementation for android.hardware.nfc@1.0::INfc/default.
10-03 09:46:20.079   507   507 E linker  : "/system/vendor/lib/libmmjpeg.so" has text relocations
10-03 09:46:20.081   507   507 F libc    : CANNOT LINK EXECUTABLE "/vendor/bin/mm-qcamera-daemon": "/system/vendor/lib/libmmjpeg.so" has text relocations
10-03 09:46:20.081   507   507 F libc    : Fatal signal 6 (SIGABRT), code -6 in tid 507 (mm-qcamera-daem)
10-03 09:46:20.112   510   510 I crash_dump32: obtaining output fd from tombstoned
10-03 09:46:20.113   247   247 I /system/bin/tombstoned: received crash request for pid 507
10-03 09:46:20.114   510   510 I crash_dump32: performing dump of process 507 (target tid = 507)
10-03 09:46:20.114   507   507 F libc    : failed to resend signal during crash: Operation not permitted
10-03 09:46:20.115   247   247 W /system/bin/tombstoned: crash socket received short read of length 0 (expected 8)
10-03 09:46:20.692   386   386 W dex2oat : Skipping class android.hidl.base.V1_0.DebugInfo$Architecture from /system/framework/android.hidl.base-V1.0-java.jar previously found in /system/framework/telephony-common.jar
10-03 09:46:20.692   386   386 W dex2oat : Skipping class android.hidl.base.V1_0.DebugInfo from /system/framework/android.hidl.base-V1.0-java.jar previously found in /system/framework/telephony-common.jar
10-03 09:46:20.692   386   386 W dex2oat : Skipping class android.hidl.base.V1_0.IBase from /system/framework/android.hidl.base-V1.0-java.jar previously found in /system/framework/telephony-common.jar
10-03 09:46:20.692   386   386 W dex2oat : Skipping class android.hidl.base.V1_0.IBase$Proxy from /system/framework/android.hidl.base-V1.0-java.jar previously found in /system/framework/telephony-common.jar
10-03 09:46:20.692   386   386 W dex2oat : Skipping class android.hidl.base.V1_0.IBase$Stub from /system/framework/android.hidl.base-V1.0-java.jar previously found in /system/framework/telephony-common.jar
10-03 09:46:21.140   386   386 I dex2oat : Explicit concurrent copying GC freed 57862(7MB) AllocSpace objects, 0(0B) LOS objects, 46% free, 7MB/13MB, paused 122us total 202.178ms
10-03 09:46:21.636   386   386 W dex2oat : Compilation of java.lang.String java.lang.Object.toString() took 230.682ms
10-03 09:46:25.232   206   273 D ThermalDaemon: Sensor 'tsens_tz_sensor1' - alarm raised 1 at 62.0 degC
10-03 09:46:25.233   206   277 D ThermalDaemon: Sensor 'tsens_tz_sensor5' - alarm raised 1 at 66.0 degC
10-03 09:46:25.233   206   276 D ThermalDaemon: Sensor 'tsens_tz_sensor4' - alarm raised 1 at 62.0 degC
10-03 09:46:25.234   206   282 D ThermalDaemon: Sensor 'tsens_tz_sensor10' - alarm raised 1 at 72.0 degC
10-03 09:46:25.237   206   281 D ThermalDaemon: Sensor 'tsens_tz_sensor9' - alarm raised 1 at 71.0 degC
10-03 09:46:26.326   520   520 E linker  : "/system/vendor/lib/libmmjpeg.so" has text relocations
10-03 09:46:26.327   520   520 F libc    : CANNOT LINK EXECUTABLE "/vendor/bin/mm-qcamera-daemon": "/system/vendor/lib/libmmjpeg.so" has text relocations
10-03 09:46:26.327   520   520 F libc    : Fatal signal 6 (SIGABRT), code -6 in tid 520 (mm-qcamera-daem)
10-03 09:46:26.345   519   519 E android.hardware.nfc@1.0-impl: hw_get_module nfc_nci failed: -2
10-03 09:46:26.345   519   519 E android.hardware.nfc@1.0-impl: Passthrough failed to load legacy HAL.
10-03 09:46:26.346   519   519 E android.hardware.nfc@1.0-service: Could not get passthrough implementation for android.hardware.nfc@1.0::INfc/default.
10-03 09:46:26.360   523   523 I crash_dump32: obtaining output fd from tombstoned
10-03 09:46:26.361   247   247 I /system/bin/tombstoned: received crash request for pid 520
10-03 09:46:26.361   523   523 I crash_dump32: performing dump of process 520 (target tid = 520)
10-03 09:46:26.361   520   520 F libc    : failed to resend signal during crash: Operation not permitted
10-03 09:46:26.364   247   247 W /system/bin/tombstoned: crash socket received short read of length 0 (expected 8)
10-03 09:46:29.569   386   428 I dex2oat : Method exceeds compiler instruction limit: 25337 in void org.ccil.cowan.tagsoup.HTMLSchema.<init>()
10-03 09:46:32.170   525   525 E linker  : "/system/vendor/lib/libmmjpeg.so" has text relocations
10-03 09:46:32.171   525   525 F libc    : CANNOT LINK EXECUTABLE "/vendor/bin/mm-qcamera-daemon": "/system/vendor/lib/libmmjpeg.so" has text relocations
10-03 09:46:32.171   525   525 F libc    : Fatal signal 6 (SIGABRT), code -6 in tid 525 (mm-qcamera-daem)
10-03 09:46:32.861   524   524 E android.hardware.nfc@1.0-impl: hw_get_module nfc_nci failed: -2
10-03 09:46:32.861   524   524 E android.hardware.nfc@1.0-impl: Passthrough failed to load legacy HAL.
10-03 09:46:32.861   524   524 E android.hardware.nfc@1.0-service: Could not get passthrough implementation for android.hardware.nfc@1.0::INfc/default.
10-03 09:46:32.932   386   386 W dex2oat : Compilation of boolean android.content.pm.IPackageManager$Stub.onTransact(int, android.os.Parcel, android.os.Parcel, int) took 186.981ms
10-03 09:46:33.752   528   528 I crash_dump32: obtaining output fd from tombstoned
10-03 09:46:33.753   247   247 I /system/bin/tombstoned: received crash request for pid 525
10-03 09:46:33.753   528   528 I crash_dump32: performing dump of process 525 (target tid = 525)
10-03 09:46:33.754   525   525 F libc    : failed to resend signal during crash: Operation not permitted
10-03 09:46:33.755   247   247 W /system/bin/tombstoned: crash socket received short read of length 0 (expected 8)
10-03 09:46:35.232   206   275 D ThermalDaemon: Sensor 'tsens_tz_sensor3' - alarm raised 1 at 62.0 degC
10-03 09:46:35.233   206   278 D ThermalDaemon: Sensor 'tsens_tz_sensor6' - alarm raised 1 at 62.0 degC
10-03 09:46:35.242   283   283 W thermald: type=1400 audit(0.0:29): avc: granted { dac_override } for capability=1 scontext=u:r:thermald:s0 tcontext=u:r:thermald:s0 tclass=capability
10-03 09:46:35.252   206   283 D ThermalDaemon: Sensor 'batt_therm' - alarm raised 2 at 37.1 degC
10-03 09:46:35.253   206   283 D ThermalDaemon: ACTION: CPU - Setting CPU[0] to 1296000
10-03 09:46:35.253   206   283 D ThermalDaemon: ACTION: CPU - Setting CPU[1] to 1296000
10-03 09:46:35.253   206   283 D ThermalDaemon: ACTION: CPU - Setting CPU[2] to 1296000
10-03 09:46:35.254   206   283 D ThermalDaemon: ACTION: CPU - Setting CPU[3] to 1296000
10-03 09:46:35.254   206   283 D ThermalDaemon: ACTION: GPU - Setting GPU[0] to 325000000
10-03 09:46:35.256   206   283 D ThermalDaemon: ACTION: LCD - Setting max LCD brightness to 215
10-03 09:46:35.256   206   283 D ThermalDaemon: Setting curr LCD brightness to 255
10-03 09:46:36.738   529   529 E linker  : "/system/vendor/lib/libmmjpeg.so" has text relocations
10-03 09:46:36.791   529   529 F libc    : CANNOT LINK EXECUTABLE "/vendor/bin/mm-qcamera-daemon": "/system/vendor/lib/libmmjpeg.so" has text relocations
10-03 09:46:36.817   530   530 E android.hardware.nfc@1.0-impl: hw_get_module nfc_nci failed: -2
10-03 09:46:36.818   530   530 E android.hardware.nfc@1.0-impl: Passthrough failed to load legacy HAL.
10-03 09:46:36.818   530   530 E android.hardware.nfc@1.0-service: Could not get passthrough implementation for android.hardware.nfc@1.0::INfc/default.
10-03 09:46:37.066   529   529 F libc    : Fatal signal 6 (SIGABRT), code -6 in tid 529 (mm-qcamera-daem)
10-03 09:46:37.157   386   429 W dex2oat : Compilation of void android.os.BatteryStats.dumpCheckinLocked(android.content.Context, java.io.PrintWriter, int, int, boolean) took 238.616ms
10-03 09:46:37.281   533   533 I crash_dump32: obtaining output fd from tombstoned
10-03 09:46:37.282   247   247 I /system/bin/tombstoned: received crash request for pid 529
10-03 09:46:37.282   533   533 I crash_dump32: performing dump of process 529 (target tid = 529)
10-03 09:46:37.283   529   529 F libc    : failed to resend signal during crash: Operation not permitted
10-03 09:46:37.285   247   247 W /system/bin/tombstoned: crash socket received short read of length 0 (expected 8)
10-03 09:46:37.730   386   429 W dex2oat : Compilation of void android.os.BatteryStats.dumpLocked(android.content.Context, java.io.PrintWriter, java.lang.String, int, int, boolean) took 543.853ms
10-03 09:46:41.138   386   428 W dex2oat : Compilation of void android.view.ViewRootImpl.performTraversals() took 113.342ms
10-03 09:46:41.877   386   427 W dex2oat : Compilation of void android.widget.TextView.<init>(android.content.Context, android.util.AttributeSet, int, int) took 135.925ms
10-03 09:46:42.611   538   538 E linker  : "/system/vendor/lib/libmmjpeg.so" has text relocations
10-03 09:46:42.612   538   538 F libc    : CANNOT LINK EXECUTABLE "/vendor/bin/mm-qcamera-daemon": "/system/vendor/lib/libmmjpeg.so" has text relocations
10-03 09:46:42.612   538   538 F libc    : Fatal signal 6 (SIGABRT), code -6 in tid 538 (mm-qcamera-daem)
10-03 09:46:44.022   386   427 W dex2oat : Compilation of boolean com.android.internal.telephony.ITelephony$Stub.onTransact(int, android.os.Parcel, android.os.Parcel, int) took 110.443ms
10-03 09:46:44.720   542   542 I crash_dump32: obtaining output fd from tombstoned
10-03 09:46:44.722   247   247 I /system/bin/tombstoned: received crash request for pid 538
10-03 09:46:44.723   542   542 I crash_dump32: performing dump of process 538 (target tid = 538)
10-03 09:46:44.724   538   538 F libc    : failed to resend signal during crash: Operation not permitted
10-03 09:46:44.726   247   247 W /system/bin/tombstoned: crash socket received short read of length 0 (expected 8)
10-03 09:46:44.730   539   539 E android.hardware.nfc@1.0-impl: hw_get_module nfc_nci failed: -2
10-03 09:46:44.730   539   539 E android.hardware.nfc@1.0-impl: Passthrough failed to load legacy HAL.
10-03 09:46:44.730   539   539 E android.hardware.nfc@1.0-service: Could not get passthrough implementation for android.hardware.nfc@1.0::INfc/default.
10-03 09:46:46.549   543   543 E linker  : "/system/vendor/lib/libmmjpeg.so" has text relocations
10-03 09:46:46.570   543   543 F libc    : CANNOT LINK EXECUTABLE "/vendor/bin/mm-qcamera-daemon": "/system/vendor/lib/libmmjpeg.so" has text relocations
10-03 09:46:46.570   543   543 F libc    : Fatal signal 6 (SIGABRT), code -6 in tid 543 (mm-qcamera-daem)
10-03 09:46:46.604   544   544 E android.hardware.nfc@1.0-impl: hw_get_module nfc_nci failed: -2
10-03 09:46:46.604   544   544 E android.hardware.nfc@1.0-impl: Passthrough failed to load legacy HAL.
10-03 09:46:46.605   544   544 E android.hardware.nfc@1.0-service: Could not get passthrough implementation for android.hardware.nfc@1.0::INfc/default.
10-03 09:46:46.630   547   547 I crash_dump32: obtaining output fd from tombstoned
10-03 09:46:46.631   386   429 W dex2oat : Compilation of void com.android.internal.telephony.uicc.UiccCard.dispose() took 116.851ms
10-03 09:46:46.632   247   247 I /system/bin/tombstoned: received crash request for pid 543
10-03 09:46:46.633   547   547 I crash_dump32: performing dump of process 543 (target tid = 543)
10-03 09:46:46.633   543   543 F libc    : failed to resend signal during crash: Operation not permitted
10-03 09:46:46.636   247   247 W /system/bin/tombstoned: crash socket received short read of length 0 (expected 8)
10-03 09:46:47.425   386   386 W dex2oat : Skipping class android.hidl.base.V1_0.DebugInfo$Architecture from /system/framework/android.hidl.base-V1.0-java.jar previously found in /system/framework/telephony-common.jar
10-03 09:46:47.425   386   428 W dex2oat : Skipping class android.hidl.base.V1_0.IBase$Proxy from /system/framework/android.hidl.base-V1.0-java.jar previously found in /system/framework/telephony-common.jar
10-03 09:46:47.425   386   386 W dex2oat : Skipping class android.hidl.base.V1_0.IBase$Stub from /system/framework/android.hidl.base-V1.0-java.jar previously found in /system/framework/telephony-common.jar
10-03 09:46:47.425   386   427 W dex2oat : Skipping class android.hidl.base.V1_0.DebugInfo from /system/framework/android.hidl.base-V1.0-java.jar previously found in /system/framework/telephony-common.jar
10-03 09:46:47.425   386   429 W dex2oat : Skipping class android.hidl.base.V1_0.IBase from /system/framework/android.hidl.base-V1.0-java.jar previously found in /system/framework/telephony-common.jar
10-03 09:46:49.979   386   386 I dex2oat : Explicit concurrent copying GC freed 40197(4MB) AllocSpace objects, 0(0B) LOS objects, 63% free, 3MB/9MB, paused 61us total 127.288ms
10-03 09:46:51.563   558   558 E linker  : "/system/vendor/lib/libmmjpeg.so" has text relocations
10-03 09:46:51.581   558   558 F libc    : CANNOT LINK EXECUTABLE "/vendor/bin/mm-qcamera-daemon": "/system/vendor/lib/libmmjpeg.so" has text relocations
10-03 09:46:51.581   558   558 F libc    : Fatal signal 6 (SIGABRT), code -6 in tid 558 (mm-qcamera-daem)
10-03 09:46:51.605   559   559 E android.hardware.nfc@1.0-impl: hw_get_module nfc_nci failed: -2
10-03 09:46:51.605   559   559 E android.hardware.nfc@1.0-impl: Passthrough failed to load legacy HAL.
10-03 09:46:51.605   559   559 E android.hardware.nfc@1.0-service: Could not get passthrough implementation for android.hardware.nfc@1.0::INfc/default.
10-03 09:46:51.634   566   566 I crash_dump32: obtaining output fd from tombstoned
10-03 09:46:51.634   247   247 I /system/bin/tombstoned: received crash request for pid 558
10-03 09:46:51.635   566   566 I crash_dump32: performing dump of process 558 (target tid = 558)
10-03 09:46:51.636   558   558 F libc    : failed to resend signal during crash: Operation not permitted
10-03 09:46:51.636   566   566 E DEBUG   : unexpected waitpid response: n=558, status=00000100
10-03 09:46:51.637   247   247 W /system/bin/tombstoned: crash socket received short read of length 0 (expected 8)
10-03 09:46:55.232   206   275 D ThermalDaemon: Sensor 'tsens_tz_sensor3' - alarm cleared 1 at 56.0 degC
10-03 09:46:55.233   206   277 D ThermalDaemon: Sensor 'tsens_tz_sensor5' - alarm cleared 1 at 57.0 degC
10-03 09:46:55.233   206   278 D ThermalDaemon: Sensor 'tsens_tz_sensor6' - alarm cleared 1 at 56.0 degC
10-03 09:46:55.234   206   282 D ThermalDaemon: Sensor 'tsens_tz_sensor10' - alarm cleared 1 at 57.0 degC
10-03 09:46:55.238   206   281 D ThermalDaemon: Sensor 'tsens_tz_sensor9' - alarm cleared 1 at 56.0 degC
10-03 09:46:56.570   570   570 E linker  : "/system/vendor/lib/libmmjpeg.so" has text relocations
10-03 09:46:56.572   570   570 F libc    : CANNOT LINK EXECUTABLE "/vendor/bin/mm-qcamera-daemon": "/system/vendor/lib/libmmjpeg.so" has text relocations
10-03 09:46:56.572   570   570 F libc    : Fatal signal 6 (SIGABRT), code -6 in tid 570 (mm-qcamera-daem)
10-03 09:46:56.599   571   571 E android.hardware.nfc@1.0-impl: hw_get_module nfc_nci failed: -2
10-03 09:46:56.599   571   571 E android.hardware.nfc@1.0-impl: Passthrough failed to load legacy HAL.
10-03 09:46:56.599   571   571 E android.hardware.nfc@1.0-service: Could not get passthrough implementation for android.hardware.nfc@1.0::INfc/default.
10-03 09:46:56.619   578   578 I crash_dump32: obtaining output fd from tombstoned
10-03 09:46:56.620   247   247 I /system/bin/tombstoned: received crash request for pid 570
10-03 09:46:56.621   578   578 I crash_dump32: performing dump of process 570 (target tid = 570)
10-03 09:46:56.621   570   570 F libc    : failed to resend signal during crash: Operation not permitted
10-03 09:46:56.624   247   247 W /system/bin/tombstoned: crash socket received short read of length 0 (expected 8)
10-03 09:46:57.632   386   386 I dex2oat : dex2oat took 70.497s (151.967s cpu) (threads: 4) arena alloc=26MB (27700544B) java alloc=3MB (3614792B) native alloc=75MB (79430784B) free=12MB (13630336B)
10-03 09:46:57.932   185   185 I SamplingProfilerIntegration: Profiling disabled.
10-03 09:46:57.932   185   185 D Zygote  : begin preload
10-03 09:46:57.932   185   185 I Zygote  : Installing ICU cache reference pinning...
10-03 09:46:57.932   185   185 I Zygote  : Preloading ICU data...
10-03 09:46:57.989   185   185 D Zygote32Timing: BeginIcuCachePinning took to complete: 57ms
10-03 09:46:57.989   185   185 I Zygote  : Preloading classes...
10-03 09:46:58.675   185   185 E ActivityRecognitionHardware: activity_recognition HAL is deprecated. class_init is effectively a no-op
10-03 09:46:58.718   185   185 I zygote  : Thread[1,tid=185,Native,Thread*=0xa7790000,peer=0x12c01c70,"main"] recursive attempt to load library "/system/lib/libmedia_jni.so"
10-03 09:46:58.718   185   185 D MtpDeviceJNI: register_android_mtp_MtpDevice
10-03 09:46:58.719   185   185 I zygote  : Thread[1,tid=185,Native,Thread*=0xa7790000,peer=0x12c01c70,"main"] recursive attempt to load library "/system/lib/libmedia_jni.so"
10-03 09:46:58.719   185   185 I zygote  : Thread[1,tid=185,Native,Thread*=0xa7790000,peer=0x12c01c70,"main"] recursive attempt to load library "/system/lib/libmedia_jni.so"
10-03 09:46:58.956   185   185 I System  : Loaded time zone names for "" in 102ms (101ms in ICU)
10-03 09:46:59.008   185   185 I System  : Loaded time zone names for "en_US" in 51ms (49ms in ICU)
10-03 09:46:59.023   185   185 I Zygote  : ...preloaded 4570 classes in 1034ms.
10-03 09:46:59.023   185   185 I zygote  : VMRuntime.preloadDexCaches starting
10-03 09:46:59.195   185   185 I zygote  : VMRuntime.preloadDexCaches strings total=306461 before=2831 after=2831
10-03 09:46:59.195   185   185 I zygote  : VMRuntime.preloadDexCaches types total=26176 before=2689 after=3314
10-03 09:46:59.195   185   185 I zygote  : VMRuntime.preloadDexCaches fields total=123807 before=2162 after=1211
