10-16 23:41:11.009  7252  7451 I ActivityManager: Start proc 8071:android.process.media/u0a9 for broadcast com.android.providers.downloads/.DownloadReceiver
10-16 23:41:11.025  7252  7252 D BackupTransportManager: Bound to transport: android/com.android.internal.backup.LocalTransportService
10-16 23:41:11.044  7252  7268 W VoiceInteractionManagerService: no available voice interaction services found for user 0
10-16 23:41:11.045  7252  7268 W VoiceInteractionManagerService: no available voice recognition services found for user 0
10-16 23:41:11.047  7252  7268 I ActivityManager: Loading recents for user 0 into memory.
10-16 23:41:11.069  7252  7268 I ActivityManager: Start proc 8096:com.android.nfc/1027 for added application com.android.nfc
10-16 23:41:11.070  7252  7268 V ActivityManager: Installing ContentProviderInfo{name=com.android.dialer.files className=android.support.v4.content.FileProvider}
10-16 23:41:11.071  7252  7268 V ActivityManager: Installing ContentProviderInfo{name=com.android.dialer.blocking.filterednumberprovider className=com.android.dialer.blocking.FilteredNumberProvider}
10-16 23:41:11.073  7252  7268 I ActivityManager: User 0 state changed from RUNNING_UNLOCKING to RUNNING_UNLOCKED
10-16 23:41:11.073  7252  7268 I ActivityManager: Sending BOOT_COMPLETE user #0
10-16 23:41:11.085  7252  8064 I BackupManagerService: Found stale backup journal, scheduling
10-16 23:41:11.112  7407  7407 D BluetoothOppFileProvider: Initialized
10-16 23:41:11.122  7587  7587 D FallbackHome: User unlocked and real home found; let's go!
10-16 23:41:11.134  7570  7570 D CarrierSvcBindHelper: Received android.intent.action.USER_UNLOCKED
10-16 23:41:11.141  7570  7570 D CarrierSvcBindHelper: No carrier app for: 0
10-16 23:41:11.148  7252  7252 I AccountManagerService: User 0 is unlocked - opening CE database
10-16 23:41:11.155  7252  7870 I ActivityManager: Start proc 8124:com.android.smspush/u0a53 for service com.android.smspush/.WapPushManager
10-16 23:41:11.184  7407  7407 D Avrcp   : User unlocked, initializing player lists
10-16 23:41:11.186  7407  7407 V Avrcp   : updatePlaybackState (1): -10(PlaybackState {state=0, position=-1, buffered position=0, speed=0.0, updated=396344, actions=0, custom actions=[], active item id=-1, error=null})
10-16 23:41:11.186  7407  7407 I Avrcp   : Skipping update due to invalid playback state
10-16 23:41:11.186  7407  7407 E Avrcp   : play status change -10
10-16 23:41:11.186  7407  7407 D Avrcp   : sendPlayPosNotificationRsp: Not registered or requesting.
10-16 23:41:11.217  7252  7263 I ActivityManager: START u0 {act=android.intent.action.MAIN cat=[android.intent.category.HOME] flg=0x10000100 cmp=com.android.launcher3/.Launcher} from uid 0
10-16 23:41:11.223  7252  7263 E BoostFramework: Exception java.lang.NullPointerException: Attempt to invoke virtual method 'java.lang.Object java.lang.reflect.Method.invoke(java.lang.Object, java.lang.Object[])' on a null object reference
10-16 23:41:11.236  7252  7252 D WifiService: resetting networks because SIM was loaded
10-16 23:41:11.258  7252  7268 I ActivityManager: Start proc 8152:com.android.launcher3/u0a13 for activity com.android.launcher3/.Launcher
10-16 23:41:11.264  7252  7268 W System  : ClassLoader referenced unknown path: /system/framework/QPerformance.jar
10-16 23:41:11.275  7252  7268 E BoostFramework: BoostFramework() : Exception_1 = java.lang.ClassNotFoundException: Didn't find class "com.qualcomm.qti.Performance" on path: DexPathList[[],nativeLibraryDirectories=[/system/lib, /system/vendor/lib]]
10-16 23:41:11.276  7252  7268 E BoostFramework: Exception java.lang.NullPointerException: Attempt to invoke virtual method 'java.lang.Object java.lang.reflect.Method.invoke(java.lang.Object, java.lang.Object[])' on a null object reference
10-16 23:41:11.288  8096  8096 I chatty  : uid=1027(nfc) com.android.nfc expire 13 lines
10-16 23:41:11.332  8071  8071 I d.process.media: type=1400 audit(0.0:299): avc: denied { write } for name="property_service" dev="tmpfs" ino=8314 scontext=u:r:priv_app:s0:c512,c768 tcontext=u:object_r:property_socket:s0 tclass=sock_file permissive=1
10-16 23:41:11.332  8071  8071 I d.process.media: type=1400 audit(0.0:300): avc: denied { connectto } for path="/dev/socket/property_service" scontext=u:r:priv_app:s0:c512,c768 tcontext=u:r:init:s0 tclass=unix_stream_socket permissive=1
10-16 23:41:11.435  7252  8179 I Adreno-EGL: <qeglDrvAPI_eglInitialize:379>: QUALCOMM Build: 09/02/15, 76f806e, Ibddc658e36
10-16 23:41:11.440  7252  8179 I OpenGLRenderer: Initialized EGL, version 1.4
10-16 23:41:11.440  7252  8179 D OpenGLRenderer: Swap behavior 1
10-16 23:41:11.443  8152  8152 V Launcher: LauncherAppState initiated
10-16 23:41:11.475  7252  8179 D OpenGLRenderer: HWUI GL Pipeline
10-16 23:41:11.494  7252  8179 I vndksupport: sphal namespace is not configured for this process. Loading /vendor/lib/hw/gralloc.msm8960.so from the current namespace instead.
10-16 23:41:11.495  7429  7443 I zygote  : Do full code cache collection, code=117KB, data=98KB
10-16 23:41:11.496  7429  7443 I zygote  : After code cache collection, code=74KB, data=56KB
10-16 23:41:11.512  8179  8179 I RenderThread: type=1400 audit(0.0:301): avc: denied { read write } for name="fb0" dev="tmpfs" ino=7323 scontext=u:r:system_server:s0 tcontext=u:object_r:graphics_device:s0 tclass=chr_file permissive=1
10-16 23:41:11.512  8179  8179 I RenderThread: type=1400 audit(0.0:302): avc: denied { open } for name="fb0" dev="tmpfs" ino=7323 scontext=u:r:system_server:s0 tcontext=u:object_r:graphics_device:s0 tclass=chr_file permissive=1
10-16 23:41:11.512  8179  8179 I RenderThread: type=1400 audit(0.0:303): avc: denied { ioctl } for path="/dev/graphics/fb0" dev="tmpfs" ino=7323 ioctlcmd=4602 scontext=u:r:system_server:s0 tcontext=u:object_r:graphics_device:s0 tclass=chr_file permissive=1
10-16 23:41:11.521  7252  8179 I vndksupport: sphal namespace is not configured for this process. Loading /vendor/lib/hw/gralloc.msm8960.so from the current namespace instead.
10-16 23:41:11.529  8071  8071 D MediaScannerReceiver: action: android.intent.action.MEDIA_MOUNTED path: /storage/emulated/0
10-16 23:41:11.591  7252  8194 I RecoverySystem: No recovery log file
10-16 23:41:11.600  7941  7941 I Dialer  : NonUiTaskBuilder.newThread - creating parallel thread
10-16 23:41:11.617  7252  8194 W BootReceiver: boot_fs_shutdown, string not found
10-16 23:41:11.618  7252  8194 I BootReceiver: Checking for fsck errors
10-16 23:41:11.619  7252  8194 I BootReceiver: Copying /data/tombstones/tombstone_04 to DropBox (SYSTEM_TOMBSTONE)
10-16 23:41:11.622  7252  7262 I zygote  : Background concurrent copying GC freed 31543(2MB) AllocSpace objects, 20(400KB) LOS objects, 42% free, 6MB/11MB, paused 427us total 353.576ms
10-16 23:41:11.627  7252  8194 I BootReceiver: Copying /data/tombstones/tombstone_05 to DropBox (SYSTEM_TOMBSTONE)
10-16 23:41:11.634  8096  8198 I chatty  : uid=1027(nfc) com.android.nfc expire 21 lines
10-16 23:41:11.634  7252  8194 I BootReceiver: Copying /data/tombstones/tombstone_06 to DropBox (SYSTEM_TOMBSTONE)
10-16 23:41:11.640  7252  8194 I BootReceiver: Copying /data/tombstones/tombstone_07 to DropBox (SYSTEM_TOMBSTONE)
10-16 23:41:11.651  7252  8194 I BootReceiver: Copying /data/tombstones/tombstone_08 to DropBox (SYSTEM_TOMBSTONE)
10-16 23:41:11.652  7252  7608 I ActivityManager: Start proc 8199:android.process.acore/u0a1 for content provider com.android.providers.contacts/.CallLogProvider
10-16 23:41:11.655  7252  8194 I BootReceiver: Copying /data/tombstones/tombstone_09 to DropBox (SYSTEM_TOMBSTONE)
10-16 23:41:11.675  8096  8208 I chatty  : uid=1027(nfc) com.android.nfc expire 1 line
10-16 23:41:11.675  8096  8207 I chatty  : uid=1027(nfc) com.android.nfc expire 1 line
10-16 23:41:11.833  7252  7268 W ActivityManager: Activity pause timeout for ActivityRecord{75d8533 u0 com.android.launcher3/.Launcher t12}
10-16 23:41:11.844  8152  8226 D OpenGLRenderer: HWUI GL Pipeline
10-16 23:41:11.845  8152  8183 D Launcher.Model: loadWorkspace: loading default favorites
10-16 23:41:11.869  8199  8199 I ContactsPerf: VoicemailContentProvider.onCreate start
10-16 23:41:11.901  8152  8226 I Adreno-EGL: <qeglDrvAPI_eglInitialize:379>: QUALCOMM Build: 09/02/15, 76f806e, Ibddc658e36
10-16 23:41:11.908  8152  8226 I OpenGLRenderer: Initialized EGL, version 1.4
10-16 23:41:11.908  8152  8226 D OpenGLRenderer: Swap behavior 1
10-16 23:41:11.929  8199  8199 I ContactsPerf: VoicemailContentProvider.onCreate finish
10-16 23:41:11.929  8152  8226 W Adreno-EGL: <qeglDrvAPI_eglGetConfigAttrib:607>: EGL_BAD_ATTRIBUTE
10-16 23:41:11.933  8152  8226 I vndksupport: sphal namespace is not configured for this process. Loading /vendor/lib/hw/gralloc.msm8960.so from the current namespace instead.
10-16 23:41:12.072  8199  8223 D ContactsDatabaseHelper: WAL enabled for contacts2.db: true
10-16 23:41:12.170  7941  7941 I Dialer  : DefaultVoicemailNotifier.updateVoicemailNotifications - update voicemail notifications successful
10-16 23:41:12.173  7252  7252 I Telecom : DefaultDialerCache: Refreshing default dialer for user 0: now com.android.dialer: DDC.oR@AEI
10-16 23:41:12.179  7570  7570 D CarrierConfigLoader: mHandler: 13 phoneId: 0
10-16 23:41:12.179  7570  7570 D CarrierConfigLoader: mHandler: 7 phoneId: 0
10-16 23:41:12.184  7570  7570 E CarrierConfigLoader: java.io.FileNotFoundException: /data/user_de/0/com.android.phone/files/carrierconfig-com.android.carrierconfig-89911100000304454896.xml (No such file or directory)
10-16 23:41:12.184  7570  7570 D CarrierConfigLoader: Binding to com.android.carrierconfig for phone 0
10-16 23:41:12.199  7252  7451 I ActivityManager: Start proc 8234:com.android.calendar/u0a32 for broadcast com.android.calendar/.alerts.AlertReceiver
10-16 23:41:12.204  7925  7925 D DefaultCarrierConfigService: Service created
10-16 23:41:12.205  7570  7570 D CarrierConfigLoader: Connected to config app: com.android.carrierconfig/com.android.carrierconfig.DefaultCarrierConfigService
10-16 23:41:12.205  7570  7570 D CarrierConfigLoader: mHandler: 3 phoneId: 0
10-16 23:41:12.206  7925  7938 D DefaultCarrierConfigService: Config being fetched
10-16 23:41:12.206  7925  7938 D DefaultCarrierConfigService: java.io.FileNotFoundException: carrier_config_40422.xml
10-16 23:41:12.209  7570  7570 D CarrierConfigLoader: mHandler: 5 phoneId: 0
10-16 23:41:12.228  7252  7252 I Telecom : PhoneAccountRegistrar: SimCallManager queried, returning: null: TSI.gSCMFU@AEQ
10-16 23:41:12.229  7570  7570 I ImsResolver: Received Carrier Config Changed for SubId: 1
10-16 23:41:12.246  8199  8223 I ContactLocale: AddressBook Labels [[en_US]]: [, A, B, C, D, E, F, G, H, I, J, K, L, M, N, O, P, Q, R, S, T, U, V, W, X, Y, Z, , , , , , , , , , , , , , , , , , , , , , , , , , , , , , , , , , , , , , , , , , , , , , , , , , , , , , , , , , , , , , , , , , , , , , , , , , , , , , , , , , , , , , , , , , , , , , , , , , , , , , , , , , , , , , , , , , , , , , , , , , , , , , , , , , , , , , , , , , , , , , , , , , , , , , , , , , , , , , , , , , , , , , , , , , , , , , , , , , , , , , , , , , , #, ]
10-16 23:41:12.259  7252  7267 I ActivityManager: Start proc 8246:com.android.printspooler/u0a51 for service com.android.printspooler/.model.PrintSpoolerService
10-16 23:41:12.317   162   162 I ServiceManager: service 'media.player' died
10-16 23:41:12.317   162   162 I ServiceManager: service 'media.resource_manager' died
10-16 23:41:12.364  8262  8262 E linker  : "/system/lib/libmmjpeg.so" has text relocations
10-16 23:41:12.364  8255  8255 I chatty  : uid=1027(nfc) expire 1 line
10-16 23:41:12.365  8262  8262 F libc    : CANNOT LINK EXECUTABLE "/system/bin/mm-qcamera-daemon": "/system/lib/libmmjpeg.so" has text relocations
10-16 23:41:12.365  8262  8262 F libc    : Fatal signal 6 (SIGABRT), code -6 in tid 8262 (mm-qcamera-daem)
10-16 23:41:12.369  8234  8234 D ExtensionsFactory: No custom extensions.
10-16 23:41:12.376  8199  8223 D ContactsDatabaseHelper: WAL enabled for profile.db: true
10-16 23:41:12.377  8234  8234 D AlertReceiver: onReceive: a=android.intent.action.BOOT_COMPLETED Intent { act=android.intent.action.BOOT_COMPLETED flg=0x9000010 cmp=com.android.calendar/.alerts.AlertReceiver (has extras) }
10-16 23:41:12.401  7252  7476 I ActivityManager: Start proc 8276:com.android.contacts/u0a7 for broadcast com.android.contacts/.interactions.OnBootOrUpgradeReceiver
10-16 23:41:12.412  8234  8274 D AlertService: 0 Action = android.intent.action.BOOT_COMPLETED
10-16 23:41:12.416  8234  8274 D AlertService: Scheduling next alarm with AlarmScheduler. sEventReminderReceived: null
10-16 23:41:12.439  8285  8285 I crash_dump32: obtaining output fd from tombstoned
10-16 23:41:12.440   232   232 I /system/bin/tombstoned: received crash request for pid 8262
10-16 23:41:12.442  7252  7451 I ActivityManager: Start proc 8291:com.android.providers.calendar/u0a2 for content provider com.android.providers.calendar/.CalendarProvider2
10-16 23:41:12.446  8285  8285 I crash_dump32: performing dump of process 8262 (target tid = 8262)
10-16 23:41:12.446  8262  8262 F libc    : failed to resend signal during crash: Operation not permitted
10-16 23:41:12.447  8285  8285 E DEBUG   : unexpected waitpid response: n=8262, status=00000100
10-16 23:41:12.448   232   232 W /system/bin/tombstoned: crash socket received short read of length 0 (expected 8)
10-16 23:41:12.451  7252  7279 I BootReceiver: Copying /data/tombstones/tombstone_00 to DropBox (SYSTEM_TOMBSTONE)
10-16 23:41:12.513  7252  7267 I ActivityManager: Start proc 8309:com.android.keychain/1000 for service com.android.keychain/.KeyChainService
10-16 23:41:12.530  7765  7765 I AlarmClock: AlarmInitReceiver android.intent.action.BOOT_COMPLETED
10-16 23:41:12.533  7252  7477 W Binder  : Outgoing transactions from this process must be FLAG_ONEWAY
10-16 23:41:12.533  7252  7477 W Binder  : java.lang.Throwable
10-16 23:41:12.533  7252  7477 W Binder  : 	at android.os.BinderProxy.transact(Binder.java:736)
10-16 23:41:12.533  7252  7477 W Binder  : 	at android.content.ContentProviderProxy.getType(ContentProviderNative.java:451)
10-16 23:41:12.533  7252  7477 W Binder  : 	at com.android.server.am.ActivityManagerService.getProviderMimeType(ActivityManagerService.java:12111)
10-16 23:41:12.533  7252  7477 W Binder  : 	at android.app.IActivityManager$Stub.onTransact(IActivityManager.java:1799)
10-16 23:41:12.533  7252  7477 W Binder  : 	at com.android.server.am.ActivityManagerService.onTransact(ActivityManagerService.java:2940)
10-16 23:41:12.533  7252  7477 W Binder  : 	at android.os.Binder.execTransact(Binder.java:674)
10-16 23:41:12.549  7765  7794 I AlarmClock: Fixing alarm instances
10-16 23:41:12.556  7765  7794 V AlarmClock: AlarmInitReceiver finished
10-16 23:41:12.573  7421  7421 I SystemBroadcastReceiver: Boot has been completed
10-16 23:41:12.573  7421  7421 I SystemBroadcastReceiver: toggleAppIcon() : FLAG_SYSTEM = true
10-16 23:41:12.603  7252  7870 I ActivityManager: Start proc 8331:com.android.managedprovisioning/u0a14 for broadcast com.android.managedprovisioning/.preprovisioning.BootReminder
10-16 23:41:12.608  8291  8291 I CalendarProvider2: Created com.android.providers.calendar.CalendarAlarmManager@c747e29(com.android.providers.calendar.CalendarProvider2@8c065ae)
10-16 23:41:12.619  8329  8329 I chatty  : uid=0(root) /system/bin/sensors.qcom expire 3 lines
10-16 23:41:12.648  8329  8349 I chatty  : uid=0(root) /system/bin/sensors.qcom expire 4 lines
10-16 23:41:12.659  8234  8274 D AlarmScheduler: No events found starting within 1 week.
10-16 23:41:12.733  7252  7477 I ActivityManager: Start proc 8355:com.android.messaging/u0a54 for broadcast com.android.messaging/.receiver.BootAndPackageReplacedReceiver
10-16 23:41:12.853  7252  7264 I ActivityManager: Start proc 8375:com.android.onetimeinitializer/u0a17 for broadcast com.android.onetimeinitializer/.OneTimeInitializerReceiver
10-16 23:41:12.862  8355  8355 I MessagingApp: Carrier config changed. Reloading MMS config.
10-16 23:41:12.875  8355  8373 W MessagingApp: canonicalizeMccMnc: invalid mccmnc:null ,null
10-16 23:41:12.890  8355  8374 I MessagingAppDataModel: Fixup: Send failed - 0 Download failed - 0
10-16 23:41:12.927  7252  7477 D MmsServiceBroker: getCarrierConfigValues() by com.android.messaging
10-16 23:41:12.927  7252  7477 W MmsServiceBroker: MmsService not connected. Try connecting...
10-16 23:41:12.927  7252  7252 I MmsServiceBroker: Connecting to MmsService
10-16 23:41:12.927  7252  7252 W ContextImpl: Calling a method in the system process without a qualified user: android.app.ContextImpl.bindService:1540 com.android.server.MmsServiceBroker.tryConnecting:241 com.android.server.MmsServiceBroker.-wrap3:0 com.android.server.MmsServiceBroker$1.handleMessage:83 android.os.Handler.dispatchMessage:105 
10-16 23:41:12.945  7570  7570 D MmsService: onCreate
10-16 23:41:12.950  7252  7252 I MmsServiceBroker: MmsService connected
10-16 23:41:12.950  7570  7570 I MmsService: MmsConfigManager receiver action: android.intent.action.SIM_STATE_CHANGED
10-16 23:41:12.951  7570  7988 D MmsService: getCarrierConfigValues
10-16 23:41:12.951  7570  7988 I MmsService: mms config for sub 1: null
10-16 23:41:12.951  7570  7570 I MmsService: MmsConfigManager receiver action: android.telephony.action.CARRIER_CONFIG_CHANGED
10-16 23:41:12.952  8355  8373 I MessagingApp: Carrier configs loaded: Bundle[{smsToMmsTextThreshold=-1, maxMessageTextSize=-1, recipientLimit=-1, maxImageHeight=480, maxMessageSize=307200, maxImageWidth=640, enabledMMS=true, enableMultipartSMS=true}] from resources+system for subId=1
10-16 23:41:12.954  7570  8399 I MmsService: MmsConfigManager loads in background mcc/mnc: 404/22
10-16 23:41:12.955  7421  7421 I LatinIME: Timeout waiting for dictionary load
10-16 23:41:12.956  7570  8400 I MmsService: MmsConfigManager loads in background mcc/mnc: 404/22
10-16 23:41:12.961  7570  8401 I MmsService: MmsConfigManager loads in background mcc/mnc: 404/22
10-16 23:41:12.969  8375  8375 V OneTimeInitializerReceiver: OneTimeInitializerReceiver.onReceive
10-16 23:41:12.981  8355  8380 W MessagingApp: canonicalizeMccMnc: invalid mccmnc:null ,null
10-16 23:41:12.997  7252  7608 D MmsServiceBroker: getCarrierConfigValues() by com.android.messaging
10-16 23:41:12.997  7570  7988 D MmsService: getCarrierConfigValues
10-16 23:41:12.998  7570  7988 I MmsService: mms config for sub 1: Bundle[{httpSocketTimeout=60000, aliasMinChars=2, smsToMmsTextThreshold=-1, enableSMSDeliveryReports=true, maxMessageTextSize=-1, supportMmsContentDisposition=true, enabledTransID=false, aliasEnabled=false, supportHttpCharsetHeader=false, allowAttachAudio=true, smsToMmsTextLengthThreshold=-1, recipientLimit=2147483647, uaProfTagName=x-wap-profile, aliasMaxChars=48, maxImageHeight=480, enableMMSDeliveryReports=false, userAgent=, mmsCloseConnection=false, config_cellBroadcastAppLinks=true, maxSubjectLength=40, httpParams=, enableGroupMms=true, emailGatewayNumber=, maxMessageSize=307200, naiSuffix=, enableMMSReadReports=false, maxImageWidth=640, uaProfUrl=, enabledMMS=true, enabledNotifyWapMMSC=false, sendMultipartSmsAsSeparateMessages=false, enableMultipartSMS=true}]
10-16 23:41:12.999  8355  8380 I MessagingApp: Carrier configs loaded: Bundle[{httpSocketTimeout=60000, aliasMinChars=2, smsToMmsTextThreshold=-1, enableSMSDeliveryReports=true, maxMessageTextSize=-1, supportMmsContentDisposition=true, enabledTransID=false, aliasEnabled=false, supportHttpCharsetHeader=false, allowAttachAudio=true, smsToMmsTextLengthThreshold=-1, recipientLimit=2147483647, uaProfTagName=x-wap-profile, aliasMaxChars=48, maxImageHeight=480, enableMMSDeliveryReports=false, userAgent=, mmsCloseConnection=false, config_cellBroadcastAppLinks=true, maxSubjectLength=40, httpParams=, enableGroupMms=true, emailGatewayNumber=, maxMessageSize=307200, naiSuffix=, enableMMSReadReports=false, maxImageWidth=640, uaProfUrl=, enabledMMS=true, enabledNotifyWapMMSC=false, sendMultipartSmsAsSeparateMessages=false, enableMultipartSMS=true}] from resources+system for subId=1
10-16 23:41:13.004  7252  7451 I ActivityManager: Start proc 8405:com.android.packageinstaller/u0a20 for broadcast com.android.packageinstaller/.TemporaryFileManager
10-16 23:41:13.033  8355  8384 W MessagingApp: canonicalizeMccMnc: invalid mccmnc:null ,null
10-16 23:41:13.042  8355  8417 I MessagingAppDataModel: SyncMessagesAction: Starting batch for messages from 1508177391601 to 1508177472819 (message update limit = 80, message scan limit = 4000)
10-16 23:41:13.045  7252  7451 D MmsServiceBroker: getCarrierConfigValues() by com.android.messaging
10-16 23:41:13.045  7570  7988 D MmsService: getCarrierConfigValues
10-16 23:41:13.046  7570  7988 I MmsService: mms config for sub 1: Bundle[{httpSocketTimeout=60000, aliasMinChars=2, smsToMmsTextThreshold=-1, enableSMSDeliveryReports=true, maxMessageTextSize=-1, supportMmsContentDisposition=true, enabledTransID=false, aliasEnabled=false, supportHttpCharsetHeader=false, allowAttachAudio=true, smsToMmsTextLengthThreshold=-1, recipientLimit=2147483647, uaProfTagName=x-wap-profile, aliasMaxChars=48, maxImageHeight=480, enableMMSDeliveryReports=false, userAgent=, mmsCloseConnection=false, config_cellBroadcastAppLinks=true, maxSubjectLength=40, httpParams=, enableGroupMms=true, emailGatewayNumber=, maxMessageSize=307200, naiSuffix=, enableMMSReadReports=false, maxImageWidth=640, uaProfUrl=, enabledMMS=true, enabledNotifyWapMMSC=false, sendMultipartSmsAsSeparateMessages=false, enableMultipartSMS=true}]
10-16 23:41:13.047  8355  8384 I MessagingApp: Carrier configs loaded: Bundle[{httpSocketTimeout=60000, aliasMinChars=2, smsToMmsTextThreshold=-1, enableSMSDeliveryReports=true, maxMessageTextSize=-1, supportMmsContentDisposition=true, enabledTransID=false, aliasEnabled=false, supportHttpCharsetHeader=false, allowAttachAudio=true, smsToMmsTextLengthThreshold=-1, recipientLimit=2147483647, uaProfTagName=x-wap-profile, aliasMaxChars=48, maxImageHeight=480, enableMMSDeliveryReports=false, userAgent=, mmsCloseConnection=false, config_cellBroadcastAppLinks=true, maxSubjectLength=40, httpParams=, enableGroupMms=true, emailGatewayNumber=, maxMessageSize=307200, naiSuffix=, enableMMSReadReports=false, maxImageWidth=640, uaProfUrl=, enabledMMS=true, enabledNotifyWapMMSC=false, sendMultipartSmsAsSeparateMessages=false, enableMultipartSMS=true}] from resources+system for subId=1
10-16 23:41:13.200  7570  7570 I VvmSimStateTracker: android.intent.action.BOOT_COMPLETED
10-16 23:41:13.212  7252  7477 E AlarmManager: RTC Alarm: 2 null com.android.providers.calendar com.android.providers.calendar.intent.CalendarProvider2
10-16 23:41:13.234  8071  8071 I d.process.media: type=1400 audit(0.0:304): avc: denied { write } for name="property_service" dev="tmpfs" ino=8314 scontext=u:r:priv_app:s0:c512,c768 tcontext=u:object_r:property_socket:s0 tclass=sock_file permissive=1
10-16 23:41:13.234  8071  8071 I d.process.media: type=1400 audit(0.0:305): avc: denied { connectto } for path="/dev/socket/property_service" scontext=u:r:priv_app:s0:c512,c768 tcontext=u:r:init:s0 tclass=unix_stream_socket permissive=1
10-16 23:41:13.245  8355  8423 I MessagingAppDataModel: SyncMessagesAction: All messages now in sync
10-16 23:41:13.307  7252  7262 I zygote  : Background concurrent copying GC freed 32558(3MB) AllocSpace objects, 22(492KB) LOS objects, 42% free, 5MB/9MB, paused 488us total 172.607ms
10-16 23:41:13.316  7252  7870 I ActivityManager: Start proc 8430:org.omnirom.omnijaws/u0a45 for broadcast org.omnirom.omnijaws/.SystemReceiver
10-16 23:41:13.388  7252  7476 I ActivityManager: Finished processing BOOT_COMPLETED for u0
10-16 23:41:13.399  7570  7570 I VvmSimStateTracker: android.intent.action.SIM_STATE_CHANGED
10-16 23:41:13.403  7883  7883 D CellBroadcastReceiver: onReceive Intent { act=android.telephony.action.CARRIER_CONFIG_CHANGED flg=0x5000010 cmp=com.android.cellbroadcastreceiver/.CellBroadcastReceiver (has extras) }
10-16 23:41:13.403  7883  7883 D CellBroadcastReceiver: Start Cell Broadcast configuration.
10-16 23:41:13.406  7883  7883 D CellBroadcastReceiver: Default interval 0 did not change.
10-16 23:41:13.407  7570  7570 D OtaspSimStateReceiver: Received intent: android.telephony.action.CARRIER_CONFIG_CHANGED
10-16 23:41:13.409  7570  7570 D OtaspSimStateReceiver: otasp activation not needed: no supported carrier
10-16 23:41:13.410  7883  8447 D CellBroadcastConfigService: Enable CellBroadcast on sub 1
10-16 23:41:13.411  7570  7570 I VvmSimStateTracker: android.telephony.action.CARRIER_CONFIG_CHANGED
10-16 23:41:13.416  7570  7570 I VvmSimStateTracker: Service connected on ComponentInfo{com.android.phone/com.android.services.telephony.TelephonyConnectionService}, [26c54c33e876414d14ea2f016634d88ca51e9dac], UserHandle{0}
10-16 23:41:13.430  7570  7570 I RemoteVvmTaskManager: Binding to ComponentInfo{com.android.dialer/com.android.voicemail.impl.OmtpService}
10-16 23:41:13.433  7570  7799 D IccSmsInterfaceManager: [IccSmsInterfaceManager] Calling setCdmaBroadcastConfig with 1 configurations
10-16 23:41:13.446  7570  8448 D SIP     : [SipPreferences] isReceivingCallsEnabled, option not set; use default value, exception: android.provider.Settings$SettingNotFoundException: sip_receive_calls
10-16 23:41:13.449  7941  7941 I Dialer  : VvmOmtpService - onCellServiceConnected
10-16 23:41:13.453  7570  7799 D IccSmsInterfaceManager: [IccSmsInterfaceManager] Failed to add cdma broadcast subscription for MID range 4096 to 4096 from client com.android.cellbroadcastreceiver
10-16 23:41:13.473  7570  7582 D IccSmsInterfaceManager: [IccSmsInterfaceManager] Calling setCdmaBroadcastConfig with 1 configurations
10-16 23:41:13.475  7941  7941 I Dialer  : VvmOmtpService - VVM not supported on ComponentInfo{com.android.phone/com.android.services.telephony.TelephonyConnectionService}, [26c54c33e876414d14ea2f016634d88ca51e9dac], UserHandle{0}
10-16 23:41:13.490  7570  7582 D IccSmsInterfaceManager: [IccSmsInterfaceManager] Failed to add cdma broadcast subscription for MID range 4097 to 4097 from client com.android.cellbroadcastreceiver
10-16 23:41:13.499  7570  7586 D IccSmsInterfaceManager: [IccSmsInterfaceManager] Calling setCdmaBroadcastConfig with 1 configurations
10-16 23:41:13.514  7570  7586 D IccSmsInterfaceManager: [IccSmsInterfaceManager] Failed to add cdma broadcast subscription for MID range 4098 to 4098 from client com.android.cellbroadcastreceiver
10-16 23:41:13.523  7570  7795 D IccSmsInterfaceManager: [IccSmsInterfaceManager] Calling setCdmaBroadcastConfig with 1 configurations
10-16 23:41:13.538  7570  7795 D IccSmsInterfaceManager: [IccSmsInterfaceManager] Failed to add cdma broadcast subscription for MID range 4099 to 4099 from client com.android.cellbroadcastreceiver
10-16 23:41:13.547  7570  7988 D IccSmsInterfaceManager: [IccSmsInterfaceManager] Failed to remove cdma broadcast subscription for MID range 4100 to 4100 from client com.android.cellbroadcastreceiver
10-16 23:41:13.555  7570  7955 D IccSmsInterfaceManager: [IccSmsInterfaceManager] Added GSM cell broadcast subscription for MID range 4352 to 4354 from client com.android.cellbroadcastreceiver
10-16 23:41:13.555  7570  7955 D IccSmsInterfaceManager: [IccSmsInterfaceManager] Calling setCellBroadcastActivation(true)
10-16 23:41:13.578  7570  7799 D IccSmsInterfaceManager: [IccSmsInterfaceManager] Added GSM cell broadcast subscription for MID range 4356 to 4356 from client com.android.cellbroadcastreceiver
10-16 23:41:13.578  7570  7799 D IccSmsInterfaceManager: [IccSmsInterfaceManager] Calling setCellBroadcastActivation(true)
10-16 23:41:13.602  7570  7918 D IccSmsInterfaceManager: [IccSmsInterfaceManager] Failed to remove GSM cell broadcast subscription for MID range 4355 to 4355 from client com.android.cellbroadcastreceiver
10-16 23:41:13.610  7570  7582 D IccSmsInterfaceManager: [IccSmsInterfaceManager] Added GSM cell broadcast subscription for MID range 4370 to 4370 from client com.android.cellbroadcastreceiver
10-16 23:41:13.610  7570  7582 D IccSmsInterfaceManager: [IccSmsInterfaceManager] Calling setCellBroadcastActivation(true)
10-16 23:41:13.634  7570  7586 D IccSmsInterfaceManager: [IccSmsInterfaceManager] Added GSM cell broadcast subscription for MID range 4371 to 4372 from client com.android.cellbroadcastreceiver
10-16 23:41:13.634  7570  7586 D IccSmsInterfaceManager: [IccSmsInterfaceManager] Calling setCellBroadcastActivation(true)
10-16 23:41:13.659  7570  7795 D IccSmsInterfaceManager: [IccSmsInterfaceManager] Added GSM cell broadcast subscription for MID range 4373 to 4378 from client com.android.cellbroadcastreceiver
10-16 23:41:13.659  7570  7795 D IccSmsInterfaceManager: [IccSmsInterfaceManager] Calling setCellBroadcastActivation(true)
10-16 23:41:13.682  7570  7988 D IccSmsInterfaceManager: [IccSmsInterfaceManager] Added GSM cell broadcast subscription for MID range 4379 to 4379 from client com.android.cellbroadcastreceiver
10-16 23:41:13.682  7570  7988 D IccSmsInterfaceManager: [IccSmsInterfaceManager] Calling setCellBroadcastActivation(true)
10-16 23:41:13.706  7570  7955 D IccSmsInterfaceManager: [IccSmsInterfaceManager] Failed to remove GSM cell broadcast subscription for MID range 4380 to 4382 from client com.android.cellbroadcastreceiver
10-16 23:41:13.715  7570  7799 D IccSmsInterfaceManager: [IccSmsInterfaceManager] Added GSM cell broadcast subscription for MID range 4383 to 4383 from client com.android.cellbroadcastreceiver
10-16 23:41:13.715  7570  7799 D IccSmsInterfaceManager: [IccSmsInterfaceManager] Calling setCellBroadcastActivation(true)
10-16 23:41:13.739  7570  7918 D IccSmsInterfaceManager: [IccSmsInterfaceManager] Added GSM cell broadcast subscription for MID range 4384 to 4385 from client com.android.cellbroadcastreceiver
10-16 23:41:13.739  7570  7918 D IccSmsInterfaceManager: [IccSmsInterfaceManager] Calling setCellBroadcastActivation(true)
10-16 23:41:13.762  7570  7582 D IccSmsInterfaceManager: [IccSmsInterfaceManager] Added GSM cell broadcast subscription for MID range 4386 to 4391 from client com.android.cellbroadcastreceiver
10-16 23:41:13.763  7570  7582 D IccSmsInterfaceManager: [IccSmsInterfaceManager] Calling setCellBroadcastActivation(true)
10-16 23:41:13.787  7570  7586 D IccSmsInterfaceManager: [IccSmsInterfaceManager] Added GSM cell broadcast subscription for MID range 4392 to 4392 from client com.android.cellbroadcastreceiver
10-16 23:41:13.787  7570  7586 D IccSmsInterfaceManager: [IccSmsInterfaceManager] Calling setCellBroadcastActivation(true)
10-16 23:41:13.811  7570  7795 D IccSmsInterfaceManager: [IccSmsInterfaceManager] Failed to remove GSM cell broadcast subscription for MID range 4393 to 4395 from client com.android.cellbroadcastreceiver
10-16 23:41:13.820  7570  7988 D IccSmsInterfaceManager: [IccSmsInterfaceManager] Failed to remove GSM cell broadcast subscription for MID range 50 to 50 from client com.android.cellbroadcastreceiver
10-16 23:41:13.917  8450  8450 I mediaserver: ServiceManager: 0xa8d8e560
10-16 23:41:14.588  7407  7407 D HeadsetPhoneState: sendDeviceStateChanged. mService=1 mSignal=4 mRoam=0 mBatteryCharge=4
10-16 23:41:16.918   207   283 I chatty  : uid=0(root) /system/bin/thermald expire 1 line
10-16 23:41:16.918   207   288 I chatty  : uid=0(root) /system/bin/thermald expire 1 line
10-16 23:41:16.919   207   279 I chatty  : uid=0(root) /system/bin/thermald expire 1 line
10-16 23:41:17.316   162   162 I ServiceManager: service 'media.player' died
10-16 23:41:17.316   162   162 I ServiceManager: service 'media.resource_manager' died
10-16 23:41:17.338  8476  8476 E linker  : "/system/lib/libmmjpeg.so" has text relocations
10-16 23:41:17.339  8475  8475 I chatty  : uid=1027(nfc) expire 1 line
10-16 23:41:17.339  8476  8476 F libc    : CANNOT LINK EXECUTABLE "/system/bin/mm-qcamera-daemon": "/system/lib/libmmjpeg.so" has text relocations
10-16 23:41:17.340  8476  8476 F libc    : Fatal signal 6 (SIGABRT), code -6 in tid 8476 (mm-qcamera-daem)
10-16 23:41:17.379  8479  8479 I crash_dump32: obtaining output fd from tombstoned
10-16 23:41:17.379   232   232 I /system/bin/tombstoned: received crash request for pid 8476
10-16 23:41:17.380  8479  8479 I crash_dump32: performing dump of process 8476 (target tid = 8476)
10-16 23:41:17.381  8476  8476 F libc    : failed to resend signal during crash: Operation not permitted
10-16 23:41:17.381  8479  8479 E DEBUG   : unexpected waitpid response: n=8476, status=00000100
10-16 23:41:17.382   232   232 W /system/bin/tombstoned: crash socket received short read of length 0 (expected 8)
10-16 23:41:17.384  7252  7279 I BootReceiver: Copying /data/tombstones/tombstone_01 to DropBox (SYSTEM_TOMBSTONE)
10-16 23:41:17.607  8483  8483 I chatty  : uid=0(root) /system/bin/sensors.qcom expire 3 lines
10-16 23:41:17.636  8483  8485 I chatty  : uid=0(root) /system/bin/sensors.qcom expire 4 lines
10-16 23:41:18.214  7252  7332 E LightsService: Light requested not available on this device. 2
10-16 23:41:18.915  8490  8490 I mediaserver: ServiceManager: 0xa6f0e560
10-16 23:41:20.970  7252  7608 D AlarmManagerService: Kernel timezone updated to -330 minutes west of GMT
10-16 23:41:20.973  7252  7263 D AlarmManagerService: Setting time of day to sec=1508177486
10-16 23:41:26.007  7252  7297 I vndksupport: sphal namespace is not configured for this process. Loading /vendor/lib/hw/gralloc.msm8960.so from the current namespace instead.
10-16 23:41:26.010  7252  7252 D ConditionProviders.SCP: onReceive android.intent.action.TIME_SET
10-16 23:41:26.011  7252  7252 D ConditionProviders.SCP: notifyCondition condition://android/schedule?days=6.7&start=23.30&end=10.0&exitAtAlarm=false STATE_FALSE reason=!meetsSchedule
10-16 23:41:26.012  7252  7252 D ConditionProviders.SCP: notifyCondition condition://android/schedule?days=1.2.3.4.5&start=22.0&end=7.0&exitAtAlarm=false STATE_TRUE reason=meetsSchedule
10-16 23:41:26.012  7252  7252 D ConditionProviders.SCP: Scheduling evaluate for Tue Oct 17 07:00:00 GMT+05:30 2017 (1508203800000), in +7h18m33s990ms, now=Mon Oct 16 23:41:26 GMT+05:30 2017 (1508177486010)
10-16 23:41:26.012  7252  7252 E AlarmManager: RTC Alarm: 0 null android ScheduleConditionProvider.EVALUATE
10-16 23:41:26.018  7252  7267 I UsageStatsService: Time changed in UsageStats by 4 seconds
10-16 23:41:26.018  7252  7267 I UsageStatsService: User[0] Flushing usage stats to disk
10-16 23:41:26.021  7252  7297 W Adreno-EGL: <qeglDrvAPI_eglQueryContext:4350>: EGL_BAD_ATTRIBUTE
10-16 23:41:26.028  7252  7476 E AlarmManager: RTC Alarm: 2 null com.android.providers.calendar com.android.providers.calendar.intent.CalendarProvider2
10-16 23:41:26.031  7765  7765 I AlarmClock: AlarmInitReceiver android.intent.action.TIME_SET
10-16 23:41:26.034  7407  7407 D HeadsetPhoneState: sendDeviceStateChanged. mService=1 mSignal=4 mRoam=0 mBatteryCharge=4
10-16 23:41:26.043  7765  7794 I AlarmClock: Fixing alarm instances
10-16 23:41:26.047  7570  7570 D ServiceStateProvider: subId=1
10-16 23:41:26.058  7765  7794 V AlarmClock: AlarmInitReceiver finished
10-16 23:41:26.068  7252  7267 I UsageStatsDatabase: Time changed by +4s851ms. files deleted: 0 files moved: 4
10-16 23:41:26.077  7765  7765 I DigitalWidgetProvider: onReceive: Intent { act=android.intent.action.TIME_SET flg=0x25200010 cmp=com.android.deskclock/com.android.alarmclock.DigitalAppWidgetProvider }
10-16 23:41:26.077  7252  7267 I UsageStatsService: User[0] Rollover scheduled @ 2017-10-17 23:41:02(1508263862594)
10-16 23:41:26.108  7570  7570 D TelephonyProvider: subIdString = 1 subId = 1
10-16 23:41:26.108  7252  7389 E AlarmManager: RTC Alarm: 0 null android EventConditionProvider.EVALUATE
10-16 23:41:26.168  7252  7297 I PowerManagerService: Going to sleep due to screen timeout (uid 1000)...
10-16 23:41:26.182  7252  7263 D AlarmManagerService: Kernel timezone updated to -330 minutes west of GMT
10-16 23:41:26.184  7252  7297 W Adreno-EGL: <qeglDrvAPI_eglGetConfigAttrib:607>: EGL_BAD_ATTRIBUTE
10-16 23:41:26.186  7252  7477 D AlarmManagerService: Setting time of day to sec=1508177486
10-16 23:41:26.246   224   224 E hw-IPCThreadState: binder thread pool (1 threads) starved for 286 ms
10-16 23:41:26.543  7252  7297 I DisplayPowerController: Blocking screen off
10-16 23:41:26.552  7252  7297 E libEGL  : call to OpenGL ES API with no current context (logged once per thread)
10-16 23:41:26.552  7252  7297 I DisplayPowerController: Unblocked screen off after 10 ms
10-16 23:41:26.569  7252  7297 E KernelUidCpuFreqTimeReader: Failed to read /proc/uid_time_in_state: java.io.FileNotFoundException: /proc/uid_time_in_state (No such file or directory)
10-16 23:41:26.586   208   236 I chatty  : uid=0(root) /system/bin/mpdecision expire 1 line
10-16 23:41:26.586   197   197 D SurfaceFlinger: Set power mode=0, type=0 flinger=0xacab6000
10-16 23:41:26.586  7252  7282 I DisplayManagerService: Display device changed state: "Built-in Screen", OFF
10-16 23:41:26.587  7252  7297 I DreamManagerService: Entering dreamland.
10-16 23:41:26.588  7252  7297 I PowerManagerService: Dozing...
10-16 23:41:26.590  7252  7280 I DreamController: Starting dream: name=ComponentInfo{com.android.systemui/com.android.systemui.doze.DozeService}, isTest=false, canDoze=true, userId=0
10-16 23:41:26.601  7252  7359 I InputReader: Reconfiguring input devices.  changes=0x00000004
10-16 23:41:26.627  7252  7252 E AlarmManager: RTC Alarm: 2 null android com.android.server.ACTION_TRIGGER_IDLE
10-16 23:41:26.717  8096  8198 I chatty  : uid=1027(nfc) com.android.nfc expire 7 lines
10-16 23:41:26.770  7252  7400 D SurfaceControl: Excessive delay in setPowerMode(): 183ms
10-16 23:41:26.821  7429  7429 D StatusBar: disable<e i a s b H R c s q >
10-16 23:41:26.870  7252  7252 E AlarmManager: RTC Alarm: 2 null android com.android.server.ACTION_TRIGGER_IDLE
10-16 23:41:26.965  7429  7462 I zygote  : Background concurrent copying GC freed 38545(4MB) AllocSpace objects, 147(2MB) LOS objects, 49% free, 4MB/8MB, paused 427us total 146ms
10-16 23:41:27.166   162   162 I ServiceManager: service 'media.player' died
10-16 23:41:27.167   162   162 I ServiceManager: service 'media.resource_manager' died
10-16 23:41:27.180  8544  8544 I chatty  : uid=1027(nfc) expire 1 line
10-16 23:41:27.191  8547  8547 E linker  : "/system/lib/libmmjpeg.so" has text relocations
10-16 23:41:27.192  8547  8547 F libc    : CANNOT LINK EXECUTABLE "/system/bin/mm-qcamera-daemon": "/system/lib/libmmjpeg.so" has text relocations
10-16 23:41:27.192  8547  8547 F libc    : Fatal signal 6 (SIGABRT), code -6 in tid 8547 (mm-qcamera-daem)
10-16 23:41:27.229  8550  8550 I crash_dump32: obtaining output fd from tombstoned
10-16 23:41:27.229   232   232 I /system/bin/tombstoned: received crash request for pid 8547
10-16 23:41:27.230  8550  8550 I crash_dump32: performing dump of process 8547 (target tid = 8547)
10-16 23:41:27.230  8547  8547 F libc    : failed to resend signal during crash: Operation not permitted
10-16 23:41:27.231  8550  8550 E DEBUG   : unexpected waitpid response: n=8547, status=00000100
10-16 23:41:27.232   232   232 W /system/bin/tombstoned: crash socket received short read of length 0 (expected 8)
10-16 23:41:27.234  7252  7279 I BootReceiver: Copying /data/tombstones/tombstone_02 to DropBox (SYSTEM_TOMBSTONE)
10-16 23:41:27.456  8551  8551 I chatty  : uid=0(root) /system/bin/sensors.qcom expire 3 lines
10-16 23:41:27.484  8551  8554 I chatty  : uid=0(root) /system/bin/sensors.qcom expire 4 lines
10-16 23:41:28.317  7407  7407 D HeadsetPhoneState: sendDeviceStateChanged. mService=1 mSignal=4 mRoam=0 mBatteryCharge=4
10-16 23:41:28.323  7570  7570 D ServiceStateProvider: subId=1
10-16 23:41:28.769  8562  8562 I mediaserver: ServiceManager: 0xaac8e560
10-16 23:41:29.106   453   453 I chatty  : uid=0(root) /system/bin/netmgrd expire 1 line
10-16 23:41:29.126  8566  8566 I chatty  : uid=0(root) /system/bin/netmgrd expire 3 lines
10-16 23:41:29.151   206  8566 I chatty  : uid=0(root) /system/bin/netmgrd expire 69 lines
10-16 23:41:29.186  8566  8566 I chatty  : uid=0(root) /system/bin/netmgrd expire 1 line
10-16 23:41:29.186   453   453 I chatty  : uid=0(root) /system/bin/netmgrd expire 1 line
10-16 23:41:29.186  8566  8566 I chatty  : uid=0(root) /system/bin/netmgrd expire 1 line
10-16 23:41:29.290  7252  7608 D ConnectivityService: registerNetworkAgent NetworkAgentInfo{ ni{[type: MOBILE[HSPA+], state: CONNECTED/CONNECTED, reason: connected, extra: internet, failover: false, available: true, roaming: false, metered: true]}  network{100}  nethandle{429513165534}  lp{{InterfaceName: rmnet_usb0 LinkAddresses: [10.113.213.131/29,]  Routes: [0.0.0.0/0 -> 10.113.213.129 rmnet_usb0,] DnsAddresses: [112.110.249.193,112.110.249.200,] Domains: null MTU: 1358 TcpBufferSizes: 40778,244668,734003,16777,100663,301990}}  nc{[ Transports: CELLULAR Capabilities: SUPL&INTERNET&NOT_RESTRICTED&TRUSTED&NOT_VPN LinkUpBandwidth>=5898Kbps LinkDnBandwidth>=14336Kbps Specifier: <1>]}  Score{10}  everValidated{false}  lastValidated{false}  created{false} lingering{false} explicitlySelected{false} acceptUnvalidated{false} everCaptivePortalDetected{false} lastCaptivePortalDetected{false} }
10-16 23:41:29.291  7252  7383 D ConnectivityService: NetworkAgentInfo [MOBILE (HSPA+) - 100] EVENT_NETWORK_INFO_CHANGED, going from null to CONNECTED
10-16 23:41:29.293  7252  7383 D ConnectivityService: Adding iface rmnet_usb0 to network 100
10-16 23:41:29.305  7252  7383 D ConnectivityService: Setting DNS servers for network 100 to [/112.110.249.193, /112.110.249.200]
10-16 23:41:29.335  7252  7383 D ConnectivityService: Switching to new default network: NetworkAgentInfo{ ni{[type: MOBILE[HSPA+], state: CONNECTED/CONNECTED, reason: connected, extra: internet, failover: false, available: true, roaming: false, metered: true]}  network{100}  nethandle{429513165534}  lp{{InterfaceName: rmnet_usb0 LinkAddresses: [10.113.213.131/29,]  Routes: [0.0.0.0/0 -> 10.113.213.129 rmnet_usb0,] DnsAddresses: [112.110.249.193,112.110.249.200,] Domains: null MTU: 1358 TcpBufferSizes: 40778,244668,734003,16777,100663,301990}}  nc{[ Transports: CELLULAR Capabilities: SUPL&INTERNET&NOT_RESTRICTED&TRUSTED&NOT_VPN&FOREGROUND LinkUpBandwidth>=5898Kbps LinkDnBandwidth>=14336Kbps Specifier: <1>]}  Score{10}  everValidated{false}  lastValidated{false}  created{true} lingering{false} explicitlySelected{false} acceptUnvalidated{false} everCaptivePortalDetected{false} lastCaptivePortalDetected{false} }
10-16 23:41:29.336  8578  8578 I chatty  : uid=0(root) /system/bin/iptables expire 1 line
10-16 23:41:29.366  8581  8581 I chatty  : uid=0(root) /system/bin/ip6tables expire 1 line
10-16 23:41:29.386  8583  8583 I chatty  : uid=0(root) /system/bin/iptables expire 1 line
10-16 23:41:29.389  7169  7217 I chatty  : uid=0(root) Binder:7169_2 expire 1 line
10-16 23:41:29.406  8584  8584 I chatty  : uid=0(root) /system/bin/ip6tables expire 1 line
10-16 23:41:29.433  7169  7217 I chatty  : uid=0(root) Binder:7169_2 expire 1 line
10-16 23:41:29.442  7252  7392 I GnssLocationProvider: WakeLock acquired by sendMessage(INJECT_NTP_TIME, 0, null)
10-16 23:41:29.442  7252  7392 I GnssLocationProvider: WakeLock acquired by sendMessage(DOWNLOAD_XTRA_DATA, 0, null)
10-16 23:41:29.442  7252  7392 I GnssLocationProvider: WakeLock acquired by sendMessage(UPDATE_NETWORK_STATE, 0, 100)
10-16 23:41:29.442  7252  7267 I GnssLocationProvider: WakeLock acquired by handleInjectNtpTime()
10-16 23:41:29.442  7252  7267 I GnssLocationProvider: WakeLock released by handleMessage(INJECT_NTP_TIME, 0, null)
10-16 23:41:29.443  7252  7383 D ConnectivityService: Sending CONNECTED broadcast for type 0 NetworkAgentInfo [MOBILE (HSPA+) - 100] isDefaultNetwork=true
10-16 23:41:29.443  7252  7267 I GnssLocationProvider: WakeLock acquired by handleDownloadXtraData()
10-16 23:41:29.451  7252  7267 I GnssLocationProvider: WakeLock released by handleMessage(DOWNLOAD_XTRA_DATA, 0, null)
10-16 23:41:29.451  7252  7267 I GnssLocationProvider: WakeLock released by handleMessage(UPDATE_NETWORK_STATE, 0, 100)
10-16 23:41:29.452  7252  7391 E GpsXtraDownloader: No XTRA servers were specified in the GPS configuration
10-16 23:41:29.452  7252  7391 I GnssLocationProvider: WakeLock acquired by sendMessage(DOWNLOAD_XTRA_DATA_FINISHED, 0, null)
10-16 23:41:29.453  7252  7267 I GnssLocationProvider: WakeLock released by handleMessage(DOWNLOAD_XTRA_DATA_FINISHED, 0, null)
10-16 23:41:29.534  7252  8577 D NetworkMonitor/NetworkAgentInfo [MOBILE (HSPA+) - 100]: PROBE_DNS connectivitycheck.gstatic.com 197ms OK 172.217.26.163
10-16 23:41:29.583  7252  8576 D NetworkMonitor/NetworkAgentInfo [MOBILE (HSPA+) - 100]: PROBE_DNS www.google.com 245ms OK 216.58.203.196
10-16 23:41:29.667  7252  8577 D NetworkMonitor/NetworkAgentInfo [MOBILE (HSPA+) - 100]: PROBE_HTTP http://connectivitycheck.gstatic.com/generate_204 time=119ms ret=204 request={User-Agent=[Mozilla/5.0 (X11; Linux x86_64) AppleWebKit/537.36 (KHTML, like Gecko) Chrome/52.0.2743.82 Safari/537.36]} headers={null=[HTTP/1.1 204 No Content], Content-Length=[0], Date=[Mon, 16 Oct 2017 18:11:30 GMT], X-Android-Received-Millis=[1508177489666], X-Android-Response-Source=[NETWORK 204], X-Android-Selected-Protocol=[http/1.1], X-Android-Sent-Millis=[1508177489610]}
10-16 23:41:29.869  7252  7754 D SntpClient: round trip: 270ms, clock offset: 1227ms
10-16 23:41:29.869  7252  7373 D SntpClient: round trip: 271ms, clock offset: 1230ms
10-16 23:41:29.871  7252  7754 I GnssLocationProvider: WakeLock acquired by sendMessage(INJECT_NTP_TIME_FINISHED, 0, null)
10-16 23:41:29.872  7252  7754 I GnssLocationProvider: WakeLock released by handleInjectNtpTime()
10-16 23:41:29.873  7252  7267 I GnssLocationProvider: WakeLock released by handleMessage(INJECT_NTP_TIME_FINISHED, 0, null)
10-16 23:41:29.887  8593  8593 I chatty  : uid=0(root) /system/bin/iptables expire 1 line
10-16 23:41:29.907  8594  8594 I chatty  : uid=0(root) /system/bin/ip6tables expire 1 line
10-16 23:41:29.927  8595  8595 I chatty  : uid=0(root) /system/bin/iptables expire 1 line
10-16 23:41:29.947  8596  8596 I chatty  : uid=0(root) expire 1 line
10-16 23:41:29.977  8597  8597 I chatty  : uid=0(root) /system/bin/iptables expire 1 line
10-16 23:41:30.007  8598  8598 I chatty  : uid=0(root) /system/bin/ip6tables expire 1 line
10-16 23:41:30.047  8607  8607 I chatty  : uid=0(root) /system/bin/iptables expire 1 line
10-16 23:41:30.053  7252  8576 D NetworkMonitor/NetworkAgentInfo [MOBILE (HSPA+) - 100]: PROBE_HTTPS https://www.google.com/generate_204 time=467ms ret=204 request={User-Agent=[Mozilla/5.0 (X11; Linux x86_64) AppleWebKit/537.36 (KHTML, like Gecko) Chrome/52.0.2743.82 Safari/537.36]} headers={null=[HTTP/1.1 204 No Content], Alt-Svc=[quic=":443"; ma=2592000; v="39,38,37,35"], Content-Length=[0], Date=[Mon, 16 Oct 2017 18:11:31 GMT], X-Android-Received-Millis=[1508177490053], X-Android-Response-Source=[NETWORK 204], X-Android-Selected-Protocol=[http/1.1], X-Android-Sent-Millis=[1508177489767]}
10-16 23:41:30.055  7252  7383 D ConnectivityService: NetworkAgentInfo [MOBILE (HSPA+) - 100] validation passed
10-16 23:41:30.067  8608  8608 I chatty  : uid=0(root) /system/bin/ip6tables expire 1 line
10-16 23:41:30.087  8609  8609 I chatty  : uid=0(root) /system/bin/iptables expire 1 line
10-16 23:41:30.107  8610  8610 I chatty  : uid=0(root) /system/bin/ip6tables expire 1 line
10-16 23:41:30.137  8611  8611 I chatty  : uid=0(root) /system/bin/iptables expire 1 line
10-16 23:41:30.157  8612  8612 I chatty  : uid=0(root) /system/bin/ip6tables expire 1 line
10-16 23:41:30.177  8613  8613 I chatty  : uid=0(root) /system/bin/iptables expire 1 line
10-16 23:41:30.197  8614  8614 I chatty  : uid=0(root) /system/bin/ip6tables expire 1 line
10-16 23:41:30.227  8615  8615 I chatty  : uid=0(root) /system/bin/iptables expire 1 line
10-16 23:41:30.247  8616  8616 I chatty  : uid=0(root) /system/bin/ip6tables expire 1 line
10-16 23:41:30.267  8617  8617 I chatty  : uid=0(root) /system/bin/iptables expire 1 line
10-16 23:41:30.297  8618  8618 I chatty  : uid=0(root) /system/bin/ip6tables expire 1 line
10-16 23:41:30.317  8621  8621 I chatty  : uid=0(root) /system/bin/iptables expire 1 line
10-16 23:41:30.337  8622  8622 I chatty  : uid=0(root) /system/bin/ip6tables expire 1 line
10-16 23:41:31.384  7252  7268 I ActivityManager: Waited long enough for: ServiceRecord{6962912 u0 com.android.providers.media/.MediaScannerService}
10-16 23:41:31.770   207   282 I chatty  : uid=0(root) /system/bin/thermald expire 1 line
10-16 23:41:32.168   162   162 I ServiceManager: service 'media.player' died
10-16 23:41:32.168   162   162 I ServiceManager: service 'media.resource_manager' died
10-16 23:41:32.182  8632  8632 I chatty  : uid=1027(nfc) expire 1 line
10-16 23:41:32.195  8633  8633 E linker  : "/system/lib/libmmjpeg.so" has text relocations
10-16 23:41:32.196  8633  8633 F libc    : CANNOT LINK EXECUTABLE "/system/bin/mm-qcamera-daemon": "/system/lib/libmmjpeg.so" has text relocations
10-16 23:41:32.196  8633  8633 F libc    : Fatal signal 6 (SIGABRT), code -6 in tid 8633 (mm-qcamera-daem)
10-16 23:41:32.234  8636  8636 I crash_dump32: obtaining output fd from tombstoned
10-16 23:41:32.235   232   232 I /system/bin/tombstoned: received crash request for pid 8633
10-16 23:41:32.236  8636  8636 I crash_dump32: performing dump of process 8633 (target tid = 8633)
10-16 23:41:32.236  8633  8633 F libc    : failed to resend signal during crash: Operation not permitted
10-16 23:41:32.236  8636  8636 E DEBUG   : unexpected waitpid response: n=8633, status=00000100
10-16 23:41:32.237   232   232 W /system/bin/tombstoned: crash socket received short read of length 0 (expected 8)
10-16 23:41:32.239  7252  7279 I BootReceiver: Copying /data/tombstones/tombstone_03 to DropBox (SYSTEM_TOMBSTONE)
