10-16 23:41:02.406  7897  7897 I crash_dump32: performing dump of process 7880 (target tid = 7880)
10-16 23:41:02.407  7880  7880 F libc    : failed to resend signal during crash: Operation not permitted
10-16 23:41:02.407  7897  7897 E DEBUG   : unexpected waitpid response: n=7880, status=00000100
10-16 23:41:02.409  7429  7429 I Choreographer: Skipped 70 frames!  The application may be doing too much work on its main thread.
10-16 23:41:02.420   232   232 W /system/bin/tombstoned: crash socket received short read of length 0 (expected 8)
10-16 23:41:02.468  7883  7883 D CellBroadcastReceiver: onReceive Intent { act=android.telephony.action.DEFAULT_SMS_SUBSCRIPTION_CHANGED flg=0x21000010 cmp=com.android.cellbroadcastreceiver/.CellBroadcastReceiver (has extras) }
10-16 23:41:02.472  7883  7883 D CellBroadcastReceiver: Start Cell Broadcast configuration.
10-16 23:41:02.482  7429  7635 W Adreno-EGL: <qeglDrvAPI_eglGetConfigAttrib:607>: EGL_BAD_ATTRIBUTE
10-16 23:41:02.483  7429  7635 I vndksupport: sphal namespace is not configured for this process. Loading /vendor/lib/hw/gralloc.msm8960.so from the current namespace instead.
10-16 23:41:02.483  7883  7883 D CellBroadcastReceiver: Default interval 0 did not change.
10-16 23:41:02.492  7883  7903 D CellBroadcastConfigService: Enable CellBroadcast on sub 1
10-16 23:41:02.498  7429  7429 D StatusBar: disable<e i a s b H R c s q >
10-16 23:41:02.516  7570  7570 D MccTable: updateMccMncConfiguration mccmnc='40422' fromServiceState=false
10-16 23:41:02.522  7570  7570 D MccTable: updateMccMncConfiguration defaultMccMnc=40422
10-16 23:41:02.522  7570  7570 D MccTable: updateMccMncConfiguration: mcc=404, mnc=22
10-16 23:41:02.522  7570  7570 D MccTable: updateMccMncConfiguration updateConfig config={0.0 404mcc22mnc ?localeList ?layoutDir ?swdp ?wdp ?hdp ?density ?lsize ?long ?ldr ?wideColorGamut ?orien ?uimode ?night ?touch ?keyb/?/? ?nav/?}
10-16 23:41:02.524  7407  7407 D HeadsetPhoneState: sendDeviceStateChanged. mService=0 mSignal=0 mRoam=0 mBatteryCharge=4
10-16 23:41:02.563  7906  7906 I chatty  : uid=0(root) /system/bin/sensors.qcom expire 3 lines
10-16 23:41:02.595  7906  7910 I chatty  : uid=0(root) /system/bin/sensors.qcom expire 4 lines
10-16 23:41:02.597  7429  7635 I vndksupport: sphal namespace is not configured for this process. Loading /vendor/lib/hw/gralloc.msm8960.so from the current namespace instead.
10-16 23:41:02.603  7429  7429 D BluetoothInputDevice: Proxy object connected
10-16 23:41:02.604  7429  7429 D HidProfile: Bluetooth service connected
10-16 23:41:02.607  7429  7429 D BluetoothPan: BluetoothPAN Proxy object connected
10-16 23:41:02.608  7429  7429 D PanProfile: Bluetooth service connected
10-16 23:41:02.608  7429  7429 D BluetoothMap: Proxy object connected
10-16 23:41:02.608  7429  7429 D MapProfile: Bluetooth service connected
10-16 23:41:02.609  7429  7429 D BluetoothMap: getConnectedDevices()
10-16 23:41:02.611  7429  7429 D BluetoothPbap: Proxy object connected
10-16 23:41:02.611  7429  7429 D PbapServerProfile: Bluetooth service connected
10-16 23:41:02.612  7429  7429 D BluetoothA2dp: Proxy object connected
10-16 23:41:02.616  7429  7429 D HeadsetProfile: Bluetooth service connected
10-16 23:41:02.619  7429  7429 W KeyguardUpdateMonitor: invalid subId in handleSimStateChange()
10-16 23:41:02.645  7570  7799 D IccSmsInterfaceManager: [IccSmsInterfaceManager] Calling setCdmaBroadcastConfig with 1 configurations
10-16 23:41:02.648  7407  7407 D HeadsetPhoneState: sendDeviceStateChanged. mService=0 mSignal=0 mRoam=0 mBatteryCharge=4
10-16 23:41:02.672  7570  7570 D CarrierConfigLoader: update config for phoneId: 0 simState: LOADED
10-16 23:41:02.672  7570  7570 D CarrierSvcBindHelper: update binding for phoneId: 0 simState: LOADED
10-16 23:41:02.697  7570  7570 I TelecomFramework: PstnPhoneCapabilitiesNotifier: handleVideoCapabilitesChanged. Video capability - false
10-16 23:41:02.697  7429  7429 I zygote  : Deoptimizing int com.android.systemui.volume.ConfigurableTexts.add(android.widget.TextView, int) due to JIT inline cache
10-16 23:41:02.724  7252  7263 I Telecom : PhoneAccountRegistrar: Modify account: [ComponentInfo{com.android.phone/com.android.services.telephony.TelephonyConnectionService}, [e0184adedf913b076626646d3f52c3b49c39ad6d], UserHandle{0}]: TSI.rPA@ABY
10-16 23:41:02.741  7570  7570 D TelephonyProvider: subIdString = 1 subId = 1
10-16 23:41:02.864  7407  7407 D HeadsetPhoneState: sendDeviceStateChanged. mService=0 mSignal=0 mRoam=0 mBatteryCharge=4
10-16 23:41:02.872  7429  7429 W KeyguardUpdateMonitor: invalid subId in handleServiceStateChange()
10-16 23:41:02.872  7429  7429 W KeyguardUpdateMonitor: invalid subId in handleSimStateChange()
10-16 23:41:02.872  7429  7429 W KeyguardUpdateMonitor: invalid subId in handleSimStateChange()
10-16 23:41:02.905  7407  7407 D HeadsetPhoneState: sendDeviceStateChanged. mService=0 mSignal=0 mRoam=0 mBatteryCharge=4
10-16 23:41:02.908  7429  7429 W KeyguardUpdateMonitor: invalid subId in handleServiceStateChange()
10-16 23:41:02.918  7429  7429 W StaticLayout: maxLineHeight should not be -1.  maxLines:2 lineCount:2
10-16 23:41:02.919  7429  7429 W StaticLayout: maxLineHeight should not be -1.  maxLines:2 lineCount:2
10-16 23:41:02.922  7429  7429 I zygote  : Deoptimizing void com.android.systemui.qs.tileimpl.QSIconViewImpl.onMeasure(int, int) due to JIT inline cache
10-16 23:41:02.927  7429  7429 W StaticLayout: maxLineHeight should not be -1.  maxLines:2 lineCount:2
10-16 23:41:02.927  7429  7429 W StaticLayout: maxLineHeight should not be -1.  maxLines:2 lineCount:2
10-16 23:41:02.929  7570  7570 D TelephonyProvider: subIdString = 1 subId = 1
10-16 23:41:02.942  7429  7429 W StaticLayout: maxLineHeight should not be -1.  maxLines:2 lineCount:2
10-16 23:41:02.945  7429  7429 I chatty  : uid=10025(u0_a25) com.android.systemui identical 2 lines
10-16 23:41:02.945  7429  7429 W StaticLayout: maxLineHeight should not be -1.  maxLines:2 lineCount:2
10-16 23:41:02.999  7429  7429 W Adreno-EGL: <qeglDrvAPI_eglGetConfigAttrib:607>: EGL_BAD_ATTRIBUTE
10-16 23:41:03.000  7429  7429 I vndksupport: sphal namespace is not configured for this process. Loading /vendor/lib/hw/gralloc.msm8960.so from the current namespace instead.
10-16 23:41:03.003  7570  7570 I TelecomFramework: PstnIncomingCallNotifier: Unregistering: Handler (com.android.internal.telephony.GsmCdmaPhone) {44ae9d2}
10-16 23:41:03.020  7429  7443 I zygote  : Do partial code cache collection, code=62KB, data=54KB
10-16 23:41:03.021  7429  7443 I zygote  : After code cache collection, code=60KB, data=53KB
10-16 23:41:03.022  7429  7443 I zygote  : Increasing code cache capacity to 256KB
10-16 23:41:03.035  7252  7264 I Telecom : PhoneAccountRegistrar: New phone account registered: [[ ] PhoneAccount: ComponentInfo{com.android.phone/com.android.services.telephony.TelephonyConnectionService}, [26c54c33e876414d14ea2f016634d88ca51e9dac], UserHandle{0} Capabilities: CallProvider MultiUser PlaceEmerg SimSub  Audio Routes: BESW Schemes: tel voicemail  Extras: null GroupId: [da39a3ee5e6b4b0d3255bfef95601890afd80709]]: TSI.rPA@ABc
10-16 23:41:03.043  7252  7264 I Telecom : CallsManager: Sending phone-account ComponentInfo{com.android.phone/com.android.services.telephony.TelephonyConnectionService}, [26c54c33e876414d14ea2f016634d88ca51e9dac], UserHandle{0} registered intent as user: TSI.rPA@ABc
10-16 23:41:03.051  7252  7264 I Telecom : CallsManager: Sending phone-account registered intent to default dialer: TSI.rPA@ABc
10-16 23:41:03.052  7570  7570 I TelecomFramework: AccountEntry: Registered phoneAccount: [[ ] PhoneAccount: ComponentInfo{com.android.phone/com.android.services.telephony.TelephonyConnectionService}, [26c54c33e876414d14ea2f016634d88ca51e9dac], UserHandle{0} Capabilities: CallProvider MultiUser PlaceEmerg SimSub  Audio Routes: BESW Schemes: tel voicemail  Extras: null GroupId: [da39a3ee5e6b4b0d3255bfef95601890afd80709]] with handle: ComponentInfo{com.android.phone/com.android.services.telephony.TelephonyConnectionService}, [26c54c33e876414d14ea2f016634d88ca51e9dac], UserHandle{0}
10-16 23:41:03.053  7570  7570 I TelecomFramework: PstnIncomingCallNotifier: Registering: Handler (com.android.internal.telephony.GsmCdmaPhone) {44ae9d2}
10-16 23:41:03.057  7570  7570 I TelecomFramework: TelecomAccountRegistry: Unregistering phone account ComponentInfo{com.android.phone/com.android.services.telephony.TelephonyConnectionService}, [e0184adedf913b076626646d3f52c3b49c39ad6d], UserHandle{0}.
10-16 23:41:03.062  7252  7476 I Telecom : CallsManager: Sending phone-account ComponentInfo{com.android.phone/com.android.services.telephony.TelephonyConnectionService}, [e0184adedf913b076626646d3f52c3b49c39ad6d], UserHandle{0} unregistered intent as user: TSI.uPA@ABk
10-16 23:41:03.062  7252  7476 I Telecom : CallsManager: Sending phone-account unregistered intent to default dialer: TSI.uPA@ABk
10-16 23:41:03.075  7429  7429 W Adreno-EGL: <qeglDrvAPI_eglGetConfigAttrib:607>: EGL_BAD_ATTRIBUTE
10-16 23:41:03.076  7429  7429 I vndksupport: sphal namespace is not configured for this process. Loading /vendor/lib/hw/gralloc.msm8960.so from the current namespace instead.
10-16 23:41:03.098  7570  7570 I TelecomFramework: PstnIncomingCallNotifier: Unregistering: Handler (com.android.internal.telephony.GsmCdmaPhone) {44ae9d2}
10-16 23:41:03.128  7252  7608 I Telecom : PhoneAccountRegistrar: Modify account: [ComponentInfo{com.android.phone/com.android.services.telephony.TelephonyConnectionService}, [26c54c33e876414d14ea2f016634d88ca51e9dac], UserHandle{0}]: TSI.rPA@ABs
10-16 23:41:03.133  7570  7570 I TelecomFramework: AccountEntry: Registered phoneAccount: [[ ] PhoneAccount: ComponentInfo{com.android.phone/com.android.services.telephony.TelephonyConnectionService}, [26c54c33e876414d14ea2f016634d88ca51e9dac], UserHandle{0} Capabilities: CallProvider MultiUser PlaceEmerg SimSub  Audio Routes: BESW Schemes: tel voicemail  Extras: null GroupId: [da39a3ee5e6b4b0d3255bfef95601890afd80709]] with handle: ComponentInfo{com.android.phone/com.android.services.telephony.TelephonyConnectionService}, [26c54c33e876414d14ea2f016634d88ca51e9dac], UserHandle{0}
10-16 23:41:03.134  7252  7282 I WindowManager: ******* TELLING SURFACE FLINGER WE ARE BOOTED!
10-16 23:41:03.134  7570  7570 I TelecomFramework: PstnIncomingCallNotifier: Registering: Handler (com.android.internal.telephony.GsmCdmaPhone) {44ae9d2}
10-16 23:41:03.134   197  3309 I SurfaceFlinger: Boot is finished (380901 ms)
10-16 23:41:03.141  7570  7799 D IccSmsInterfaceManager: [IccSmsInterfaceManager] Failed to add cdma broadcast subscription for MID range 4096 to 4096 from client com.android.cellbroadcastreceiver
10-16 23:41:03.151  7570  7918 D IccSmsInterfaceManager: [IccSmsInterfaceManager] Calling setCdmaBroadcastConfig with 1 configurations
10-16 23:41:03.153  7429  7429 W KeyguardUpdateMonitor: invalid subId in handleServiceStateChange()
10-16 23:41:03.153  7570  7570 I VvmSimStateTracker: android.intent.action.SIM_STATE_CHANGED
10-16 23:41:03.154  7570  7570 D CarrierConfigLoader: mHandler: 7 phoneId: 0
10-16 23:41:03.159  7570  7570 E CarrierConfigLoader: java.io.FileNotFoundException: /data/user_de/0/com.android.phone/files/carrierconfig-com.android.carrierconfig-89911100000304454896.xml (No such file or directory)
10-16 23:41:03.159  7570  7570 D CarrierConfigLoader: Binding to com.android.carrierconfig for phone 0
10-16 23:41:03.177  7252  7476 I ActivityManager: Start proc 7925:com.android.carrierconfig/u0a3 for service com.android.carrierconfig/.DefaultCarrierConfigService
10-16 23:41:03.181  7570  7570 D CarrierSvcBindHelper: mHandler: 0
10-16 23:41:03.181  7570  7570 D CarrierSvcBindHelper: Rebinding if necessary for phoneId: 0
10-16 23:41:03.185  7570  7570 D CarrierSvcBindHelper: No carrier app for: 0
10-16 23:41:03.221  7570  7570 I TelecomFramework: PstnIncomingCallNotifier: Unregistering: Handler (com.android.internal.telephony.GsmCdmaPhone) {44ae9d2}
10-16 23:41:03.235  7429  7429 D StatusBar: disable<e i a s b H R c s q >
10-16 23:41:03.253  7252  7451 I Telecom : PhoneAccountRegistrar: Modify account: [ComponentInfo{com.android.phone/com.android.services.telephony.TelephonyConnectionService}, [26c54c33e876414d14ea2f016634d88ca51e9dac], UserHandle{0}]: TSI.rPA@AB4
10-16 23:41:03.263  7570  7570 I TelecomFramework: AccountEntry: Registered phoneAccount: [[ ] PhoneAccount: ComponentInfo{com.android.phone/com.android.services.telephony.TelephonyConnectionService}, [26c54c33e876414d14ea2f016634d88ca51e9dac], UserHandle{0} Capabilities: CallProvider MultiUser PlaceEmerg SimSub  Audio Routes: BESW Schemes: tel voicemail  Extras: null GroupId: [da39a3ee5e6b4b0d3255bfef95601890afd80709]] with handle: ComponentInfo{com.android.phone/com.android.services.telephony.TelephonyConnectionService}, [26c54c33e876414d14ea2f016634d88ca51e9dac], UserHandle{0}
10-16 23:41:03.263  7570  7570 I TelecomFramework: PstnIncomingCallNotifier: Registering: Handler (com.android.internal.telephony.GsmCdmaPhone) {44ae9d2}
10-16 23:41:03.299  7570  7570 I TelecomFramework: PstnIncomingCallNotifier: Unregistering: Handler (com.android.internal.telephony.GsmCdmaPhone) {44ae9d2}
10-16 23:41:03.305  7925  7925 D DefaultCarrierConfigService: Service created
10-16 23:41:03.333  7252  7870 I Telecom : PhoneAccountRegistrar: Modify account: [ComponentInfo{com.android.phone/com.android.services.telephony.TelephonyConnectionService}, [26c54c33e876414d14ea2f016634d88ca51e9dac], UserHandle{0}]: TSI.rPA@ACE
10-16 23:41:03.337  7570  7570 I TelecomFramework: AccountEntry: Registered phoneAccount: [[ ] PhoneAccount: ComponentInfo{com.android.phone/com.android.services.telephony.TelephonyConnectionService}, [26c54c33e876414d14ea2f016634d88ca51e9dac], UserHandle{0} Capabilities: CallProvider MultiUser PlaceEmerg SimSub  Audio Routes: BESW Schemes: tel voicemail  Extras: null GroupId: [da39a3ee5e6b4b0d3255bfef95601890afd80709]] with handle: ComponentInfo{com.android.phone/com.android.services.telephony.TelephonyConnectionService}, [26c54c33e876414d14ea2f016634d88ca51e9dac], UserHandle{0}
10-16 23:41:03.337  7570  7570 I TelecomFramework: PstnIncomingCallNotifier: Registering: Handler (com.android.internal.telephony.GsmCdmaPhone) {44ae9d2}
10-16 23:41:03.340  7429  7429 I zygote  : Deoptimizing void com.android.systemui.statusbar.CommandQueue$H.handleMessage(android.os.Message) due to JIT inline cache
10-16 23:41:03.350  7570  7570 I NotificationMgr: updateMwi(): subId 1 update to false
10-16 23:41:03.360  7167  7167 I ServiceManager: Waiting for service media.player...
10-16 23:41:03.365  7570  7570 I TelecomFramework: PstnPhoneCapabilitiesNotifier: handleVideoCapabilitesChanged. Video capability - false
10-16 23:41:03.376  7252  7268 I ActivityManager: Start proc 7941:com.android.dialer/u0a16 for broadcast com.android.dialer/.app.voicemail.LegacyVoicemailNotificationReceiver
10-16 23:41:03.404  7407  7407 D HeadsetPhoneState: sendDeviceStateChanged. mService=0 mSignal=0 mRoam=0 mBatteryCharge=4
10-16 23:41:03.412  7407  7407 D HeadsetPhoneState: sendDeviceStateChanged. mService=0 mSignal=0 mRoam=0 mBatteryCharge=4
10-16 23:41:03.419  7570  7570 D ServiceStateProvider: subId=1
10-16 23:41:03.427  7570  7570 I TelecomFramework: PstnPhoneCapabilitiesNotifier: handleVideoCapabilitesChanged. Video capability - false
10-16 23:41:03.428  7570  7918 D IccSmsInterfaceManager: [IccSmsInterfaceManager] Failed to add cdma broadcast subscription for MID range 4097 to 4097 from client com.android.cellbroadcastreceiver
10-16 23:41:03.428  7570  7570 I chatty  : uid=1001(radio) com.android.phone identical 1 line
10-16 23:41:03.428  7570  7570 D CarrierConfigLoader: Connected to config app: com.android.carrierconfig/com.android.carrierconfig.DefaultCarrierConfigService
10-16 23:41:03.428  7570  7570 I TelecomFramework: PstnPhoneCapabilitiesNotifier: handleVideoCapabilitesChanged. Video capability - false
10-16 23:41:03.437  7570  7586 D IccSmsInterfaceManager: [IccSmsInterfaceManager] Calling setCdmaBroadcastConfig with 1 configurations
10-16 23:41:03.468  7252  7476 I Telecom : PhoneAccountRegistrar: Modify account: [ComponentInfo{com.android.phone/com.android.services.telephony.TelephonyConnectionService}, [26c54c33e876414d14ea2f016634d88ca51e9dac], UserHandle{0}]: TSI.rPA@ACY
10-16 23:41:03.493  7941  7941 I Dialer  : NonUiTaskBuilder.newThread - creating parallel thread
10-16 23:41:03.496  7941  7960 I Dialer  : BlockedNumbersAutoMigrator - not attempting auto-migrate: device is locked
10-16 23:41:03.500  7941  7941 I Dialer  : CallLogFramework.registerContentObservers - enter
10-16 23:41:03.505  7941  7941 I Dialer  : NonUiTaskBuilder.newThread - creating serial thread
10-16 23:41:03.511  7941  7941 I Dialer  : LegacyVoicemailNotificationReceiver.onReceive - received legacy voicemail notification
10-16 23:41:03.513  7941  7941 I Dialer  : LegacyVoicemailNotificationReceiver.onReceive - User locked, bypassing voicemail count check
10-16 23:41:03.513  7941  7941 I Dialer  : LegacyVoicemailNotificationReceiver.onReceive - clearing notification
10-16 23:41:03.525  7941  7941 I Dialer  : VoicemailNotifier - Clearing legacy voicemail notification
10-16 23:41:03.604  7570  7570 I TelecomFramework: PstnIncomingCallNotifier: Unregistering: Handler (com.android.internal.telephony.GsmCdmaPhone) {44ae9d2}
10-16 23:41:03.625  7252  7870 I Telecom : PhoneAccountRegistrar: Modify account: [ComponentInfo{com.android.phone/com.android.services.telephony.TelephonyConnectionService}, [26c54c33e876414d14ea2f016634d88ca51e9dac], UserHandle{0}]: TSI.rPA@ACc
10-16 23:41:03.628  7570  7570 I TelecomFramework: AccountEntry: Registered phoneAccount: [[ ] PhoneAccount: ComponentInfo{com.android.phone/com.android.services.telephony.TelephonyConnectionService}, [26c54c33e876414d14ea2f016634d88ca51e9dac], UserHandle{0} Capabilities: CallProvider MultiUser PlaceEmerg SimSub  Audio Routes: BESW Schemes: tel voicemail  Extras: null GroupId: [da39a3ee5e6b4b0d3255bfef95601890afd80709]] with handle: ComponentInfo{com.android.phone/com.android.services.telephony.TelephonyConnectionService}, [26c54c33e876414d14ea2f016634d88ca51e9dac], UserHandle{0}
10-16 23:41:03.628  7570  7570 I TelecomFramework: PstnIncomingCallNotifier: Registering: Handler (com.android.internal.telephony.GsmCdmaPhone) {44ae9d2}
10-16 23:41:03.633  7570  7570 D CarrierConfigLoader: mHandler: 3 phoneId: 0
10-16 23:41:03.635  7925  7938 D DefaultCarrierConfigService: Config being fetched
10-16 23:41:03.638  7925  7938 D DefaultCarrierConfigService: java.io.FileNotFoundException: carrier_config_40422.xml
10-16 23:41:03.642  7570  7586 D IccSmsInterfaceManager: [IccSmsInterfaceManager] Failed to add cdma broadcast subscription for MID range 4098 to 4098 from client com.android.cellbroadcastreceiver
10-16 23:41:03.652  7570  7799 D IccSmsInterfaceManager: [IccSmsInterfaceManager] Calling setCdmaBroadcastConfig with 1 configurations
10-16 23:41:03.657  7570  7570 I TelecomFramework: PstnPhoneCapabilitiesNotifier: handleVideoCapabilitesChanged. Video capability - false
10-16 23:41:03.677  7252  7263 I Telecom : PhoneAccountRegistrar: Modify account: [ComponentInfo{com.android.phone/com.android.services.telephony.TelephonyConnectionService}, [26c54c33e876414d14ea2f016634d88ca51e9dac], UserHandle{0}]: TSI.rPA@ACo
10-16 23:41:03.681  7570  7570 D CarrierConfigLoader: mHandler: 5 phoneId: 0
10-16 23:41:03.686  7570  7570 I ImsResolver: Received Carrier Config Changed for SubId: 1
10-16 23:41:03.686  7570  7799 D IccSmsInterfaceManager: [IccSmsInterfaceManager] Failed to add cdma broadcast subscription for MID range 4099 to 4099 from client com.android.cellbroadcastreceiver
10-16 23:41:03.687  7883  7883 D CellBroadcastReceiver: onReceive Intent { act=android.telephony.action.CARRIER_CONFIG_CHANGED flg=0x5000010 cmp=com.android.cellbroadcastreceiver/.CellBroadcastReceiver (has extras) }
10-16 23:41:03.688  7883  7883 D CellBroadcastReceiver: Start Cell Broadcast configuration.
10-16 23:41:03.689  7883  7883 D CellBroadcastReceiver: Default interval 0 did not change.
10-16 23:41:03.695  7252  7252 I Telecom : PhoneAccountRegistrar: SimCallManager queried, returning: null: TSI.gSCMFU@ACs
10-16 23:41:03.701  7570  7955 D IccSmsInterfaceManager: [IccSmsInterfaceManager] Failed to remove cdma broadcast subscription for MID range 4100 to 4100 from client com.android.cellbroadcastreceiver
10-16 23:41:03.707  7570  7570 D OtaspSimStateReceiver: Received intent: android.telephony.action.CARRIER_CONFIG_CHANGED
10-16 23:41:03.709  7570  7570 D OtaspSimStateReceiver: otasp activation not needed: no supported carrier
10-16 23:41:03.710  7570  7586 D IccSmsInterfaceManager: [IccSmsInterfaceManager] Calling setGsmBroadcastConfig with 1 configurations
10-16 23:41:03.730  7570  7570 I VvmSimStateTracker: android.telephony.action.CARRIER_CONFIG_CHANGED
10-16 23:41:03.738  7570  7586 D IccSmsInterfaceManager: [IccSmsInterfaceManager] Added GSM cell broadcast subscription for MID range 4352 to 4354 from client com.android.cellbroadcastreceiver
10-16 23:41:03.738  7570  7586 D IccSmsInterfaceManager: [IccSmsInterfaceManager] Calling setCellBroadcastActivation(true)
10-16 23:41:03.923  7959  7959 I mediaserver: ServiceManager: 0xb270e560
10-16 23:41:03.983  7570  7955 D IccSmsInterfaceManager: [IccSmsInterfaceManager] Calling setGsmBroadcastConfig with 2 configurations
10-16 23:41:04.006  7570  7955 D IccSmsInterfaceManager: [IccSmsInterfaceManager] Added GSM cell broadcast subscription for MID range 4356 to 4356 from client com.android.cellbroadcastreceiver
10-16 23:41:04.006  7570  7955 D IccSmsInterfaceManager: [IccSmsInterfaceManager] Calling setCellBroadcastActivation(true)
10-16 23:41:04.375  7959  7965 D NuPlayerDriver: NuPlayerDriver(0xb27271c0) created, clientPid(7167)
10-16 23:41:04.463  7570  7799 D IccSmsInterfaceManager: [IccSmsInterfaceManager] Failed to remove GSM cell broadcast subscription for MID range 4355 to 4355 from client com.android.cellbroadcastreceiver
10-16 23:41:04.472  7570  7586 D IccSmsInterfaceManager: [IccSmsInterfaceManager] Calling setGsmBroadcastConfig with 3 configurations
10-16 23:41:04.518  7959  7976 D NuPlayerDriver: notifyListener_l(0xb27271c0), (1, 0, 0, -1), loop setting(0, 0)
10-16 23:41:04.520  7959  7959 D NuPlayerDriver: NuPlayerDriver(0xb27272a0) created, clientPid(7167)
10-16 23:41:04.529  7407  7407 D HeadsetPhoneState: sendDeviceStateChanged. mService=0 mSignal=0 mRoam=0 mBatteryCharge=4
10-16 23:41:04.532  7407  7407 D HeadsetPhoneState: sendDeviceStateChanged. mService=0 mSignal=0 mRoam=0 mBatteryCharge=4
10-16 23:41:04.536  7570  7570 D ServiceStateProvider: subId=1
10-16 23:41:04.539  7570  7586 D IccSmsInterfaceManager: [IccSmsInterfaceManager] Added GSM cell broadcast subscription for MID range 4370 to 4370 from client com.android.cellbroadcastreceiver
10-16 23:41:04.539  7570  7586 D IccSmsInterfaceManager: [IccSmsInterfaceManager] Calling setCellBroadcastActivation(true)
10-16 23:41:04.554  7959  7989 D NuPlayerDriver: notifyListener_l(0xb27272a0), (1, 0, 0, -1), loop setting(0, 0)
10-16 23:41:04.555  7959  7965 D NuPlayerDriver: NuPlayerDriver(0xb2727380) created, clientPid(7167)
10-16 23:41:04.563  7570  7570 I TelecomFramework: PstnIncomingCallNotifier: Unregistering: Handler (com.android.internal.telephony.GsmCdmaPhone) {44ae9d2}
10-16 23:41:04.586  7959  7994 D NuPlayerDriver: notifyListener_l(0xb2727380), (1, 0, 0, -1), loop setting(0, 0)
10-16 23:41:04.599  7167  7167 I CameraHardwareInterface: Opening camera 0
10-16 23:41:04.600  7167  7167 I CamDev@1.0-impl: Opening camera 0
10-16 23:41:04.601  7167  7167 E QCameraHWI: startCamera: cam_ops_open failed: id = 0
10-16 23:41:04.601  7167  7167 I QCameraHWI: ~QCameraHardwareInterface First stop the polling threads before deleting instances
10-16 23:41:04.601  7167  7167 E CamDev@1.0-impl: Could not open camera 0: -19
10-16 23:41:04.601  7167  7167 E CameraHardwareInterface: initialize: openSession failed! Function not implemented (-38)
10-16 23:41:04.601  7167  7167 E CameraClient: initialize: Camera 0: unable to initialize device: Function not implemented (-38)
10-16 23:41:04.601  7167  7167 I CameraHardwareInterface: Destroying camera 0
10-16 23:41:04.601  7167  7167 E CameraService: connectHelper: Could not initialize client from HAL.
10-16 23:41:04.602  7959  7965 D NuPlayerDriver: reset(0xb27271c0) at state 4
10-16 23:41:04.602  7959  7965 D NuPlayerDriver: notifyListener_l(0xb27271c0), (8, 0, 0, -1), loop setting(0, 0)
10-16 23:41:04.602  7959  7976 D NuPlayerDriver: notifyResetComplete(0xb27271c0)
10-16 23:41:04.603  7959  7965 D NuPlayerDriver: reset(0xb27272a0) at state 4
10-16 23:41:04.604  7959  7965 D NuPlayerDriver: notifyListener_l(0xb27272a0), (8, 0, 0, -1), loop setting(0, 0)
10-16 23:41:04.604  7959  7989 D NuPlayerDriver: notifyResetComplete(0xb27272a0)
10-16 23:41:04.605  7959  7997 D NuPlayerDriver: reset(0xb2727380) at state 4
10-16 23:41:04.605  7959  7997 D NuPlayerDriver: notifyListener_l(0xb2727380), (8, 0, 0, -1), loop setting(0, 0)
10-16 23:41:04.605  7252  7264 I Telecom : PhoneAccountRegistrar: Modify account: [ComponentInfo{com.android.phone/com.android.services.telephony.TelephonyConnectionService}, [26c54c33e876414d14ea2f016634d88ca51e9dac], UserHandle{0}]: TSI.rPA@AC4
10-16 23:41:04.605  7959  7994 D NuPlayerDriver: notifyResetComplete(0xb2727380)
10-16 23:41:04.609  7167  7167 I CameraService: disconnect: Disconnected client for camera 0 for PID 7167
10-16 23:41:04.609  7167  7167 E CameraService: initializeShimMetadata: Error initializing shim metadata: Status(-8): '10: connectHelper:1394: Failed to initialize camera "0": Function not implemented (-38)'
10-16 23:41:04.610  7429  7557 E FlashlightController: Couldn't initialize.
10-16 23:41:04.610  7429  7557 E FlashlightController: android.hardware.camera2.CameraAccessException: CAMERA_ERROR (3): connectHelper:1394: Failed to initialize camera "0": Function not implemented (-38)
10-16 23:41:04.610  7429  7557 E FlashlightController: 	at android.hardware.camera2.CameraManager.throwAsPublicException(CameraManager.java:649)
10-16 23:41:04.610  7429  7557 E FlashlightController: 	at android.hardware.camera2.CameraManager.getCameraCharacteristics(CameraManager.java:242)
10-16 23:41:04.610  7429  7557 E FlashlightController: 	at com.android.systemui.statusbar.policy.FlashlightControllerImpl.getCameraId(FlashlightControllerImpl.java:146)
10-16 23:41:04.610  7429  7557 E FlashlightController: 	at com.android.systemui.statusbar.policy.FlashlightControllerImpl.tryInitCamera(FlashlightControllerImpl.java:72)
10-16 23:41:04.610  7429  7557 E FlashlightController: 	at com.android.systemui.statusbar.policy.FlashlightControllerImpl.addCallback(FlashlightControllerImpl.java:120)
10-16 23:41:04.610  7429  7557 E FlashlightController: 	at com.android.systemui.statusbar.policy.FlashlightControllerImpl.addCallback(FlashlightControllerImpl.java:117)
10-16 23:41:04.610  7429  7557 E FlashlightController: 	at com.android.systemui.qs.tiles.FlashlightTile.setListening(FlashlightTile.java:65)
10-16 23:41:04.610  7429  7557 E FlashlightController: 	at com.android.systemui.qs.tileimpl.QSTileImpl$H.handleMessage(QSTileImpl.java:426)
10-16 23:41:04.610  7429  7557 E FlashlightController: 	at android.os.Handler.dispatchMessage(Handler.java:105)
10-16 23:41:04.610  7429  7557 E FlashlightController: 	at android.os.Looper.loop(Looper.java:164)
10-16 23:41:04.610  7429  7557 E FlashlightController: 	at android.os.HandlerThread.run(HandlerThread.java:65)
10-16 23:41:04.610  7429  7557 E FlashlightController: Caused by: android.os.ServiceSpecificException: connectHelper:1394: Failed to initialize camera "0": Function not implemented (-38) (code 10)
10-16 23:41:04.610  7429  7557 E FlashlightController: 	at android.os.Parcel.readException(Parcel.java:1956)
10-16 23:41:04.610  7429  7557 E FlashlightController: 	at android.os.Parcel.readException(Parcel.java:1888)
10-16 23:41:04.610  7429  7557 E FlashlightController: 	at android.hardware.ICameraService$Stub$Proxy.getLegacyParameters(ICameraService.java:507)
10-16 23:41:04.610  7429  7557 E FlashlightController: 	at android.hardware.camera2.CameraManager.getCameraCharacteristics(CameraManager.java:230)
10-16 23:41:04.610  7429  7557 E FlashlightController: 	... 9 more
10-16 23:41:04.612  7570  7570 I TelecomFramework: AccountEntry: Registered phoneAccount: [[ ] PhoneAccount: ComponentInfo{com.android.phone/com.android.services.telephony.TelephonyConnectionService}, [26c54c33e876414d14ea2f016634d88ca51e9dac], UserHandle{0} Capabilities: CallProvider MultiUser PlaceEmerg SimSub  Audio Routes: BESW Schemes: tel voicemail  Extras: null GroupId: [da39a3ee5e6b4b0d3255bfef95601890afd80709]] with handle: ComponentInfo{com.android.phone/com.android.services.telephony.TelephonyConnectionService}, [26c54c33e876414d14ea2f016634d88ca51e9dac], UserHandle{0}
10-16 23:41:04.612  7570  7570 I TelecomFramework: PstnIncomingCallNotifier: Registering: Handler (com.android.internal.telephony.GsmCdmaPhone) {44ae9d2}
10-16 23:41:04.617  7570  7570 I TelecomFramework: PstnPhoneCapabilitiesNotifier: handleVideoCapabilitesChanged. Video capability - false
10-16 23:41:04.645  7252  7264 I Telecom : PhoneAccountRegistrar: Modify account: [ComponentInfo{com.android.phone/com.android.services.telephony.TelephonyConnectionService}, [26c54c33e876414d14ea2f016634d88ca51e9dac], UserHandle{0}]: TSI.rPA@ADE
10-16 23:41:04.676  7429  7429 E SignalClusterView: Unexpected subscription 1
10-16 23:41:04.676  7429  7429 E SignalClusterView: Unexpected subscription 1
10-16 23:41:04.935  7570  7795 D IccSmsInterfaceManager: [IccSmsInterfaceManager] Calling setGsmBroadcastConfig with 4 configurations
10-16 23:41:04.950  7570  7795 D IccSmsInterfaceManager: [IccSmsInterfaceManager] Added GSM cell broadcast subscription for MID range 4371 to 4372 from client com.android.cellbroadcastreceiver
10-16 23:41:04.950  7570  7795 D IccSmsInterfaceManager: [IccSmsInterfaceManager] Calling setCellBroadcastActivation(true)
10-16 23:41:05.549  7570  7570 D MccTable: updateMccMncConfiguration mccmnc='40422' fromServiceState=true
10-16 23:41:05.551  7407  7407 D HeadsetPhoneState: sendDeviceStateChanged. mService=0 mSignal=0 mRoam=0 mBatteryCharge=4
10-16 23:41:05.552  7570  7570 D MccTable: updateMccMncConfiguration defaultMccMnc=40422
10-16 23:41:05.552  7570  7570 D MccTable: updateMccMncConfiguration: mcc=404, mnc=22
10-16 23:41:05.552  7570  7570 D MccTable: WIFI_COUNTRY_CODE set to in
10-16 23:41:05.553  7252  7608 I WifiService: WifiService trying to set country code to in with persist set to false
10-16 23:41:05.570  7407  7407 D HeadsetPhoneState: sendDeviceStateChanged. mService=1 mSignal=0 mRoam=0 mBatteryCharge=4
10-16 23:41:05.575  7570  7570 D ServiceStateProvider: subId=1
10-16 23:41:05.623  7570  7570 I TelecomFramework: PstnIncomingCallNotifier: Unregistering: Handler (com.android.internal.telephony.GsmCdmaPhone) {44ae9d2}
10-16 23:41:05.653  7252  7608 I Telecom : PhoneAccountRegistrar: Modify account: [ComponentInfo{com.android.phone/com.android.services.telephony.TelephonyConnectionService}, [26c54c33e876414d14ea2f016634d88ca51e9dac], UserHandle{0}(lbl: Idea -> )(desc: Idea -> )]: TSI.rPA@ADI
10-16 23:41:05.657  7570  7570 I TelecomFramework: AccountEntry: Registered phoneAccount: [[ ] PhoneAccount: ComponentInfo{com.android.phone/com.android.services.telephony.TelephonyConnectionService}, [26c54c33e876414d14ea2f016634d88ca51e9dac], UserHandle{0} Capabilities: CallProvider MultiUser PlaceEmerg SimSub  Audio Routes: BESW Schemes: tel voicemail  Extras: null GroupId: [da39a3ee5e6b4b0d3255bfef95601890afd80709]] with handle: ComponentInfo{com.android.phone/com.android.services.telephony.TelephonyConnectionService}, [26c54c33e876414d14ea2f016634d88ca51e9dac], UserHandle{0}
10-16 23:41:05.657  7570  7570 I TelecomFramework: PstnIncomingCallNotifier: Registering: Handler (com.android.internal.telephony.GsmCdmaPhone) {44ae9d2}
10-16 23:41:05.661  7570  7570 I TelecomFramework: PstnIncomingCallNotifier: Unregistering: Handler (com.android.internal.telephony.GsmCdmaPhone) {44ae9d2}
10-16 23:41:05.682  7252  7476 I Telecom : PhoneAccountRegistrar: Modify account: [ComponentInfo{com.android.phone/com.android.services.telephony.TelephonyConnectionService}, [26c54c33e876414d14ea2f016634d88ca51e9dac], UserHandle{0}]: TSI.rPA@ADU
10-16 23:41:05.686  7570  7570 I TelecomFramework: AccountEntry: Registered phoneAccount: [[ ] PhoneAccount: ComponentInfo{com.android.phone/com.android.services.telephony.TelephonyConnectionService}, [26c54c33e876414d14ea2f016634d88ca51e9dac], UserHandle{0} Capabilities: CallProvider MultiUser PlaceEmerg SimSub  Audio Routes: BESW Schemes: tel voicemail  Extras: null GroupId: [da39a3ee5e6b4b0d3255bfef95601890afd80709]] with handle: ComponentInfo{com.android.phone/com.android.services.telephony.TelephonyConnectionService}, [26c54c33e876414d14ea2f016634d88ca51e9dac], UserHandle{0}
10-16 23:41:05.686  7570  7570 I TelecomFramework: PstnIncomingCallNotifier: Registering: Handler (com.android.internal.telephony.GsmCdmaPhone) {44ae9d2}
10-16 23:41:05.692  7570  7570 I VvmSimStateTracker: in service
10-16 23:41:05.692  7570  7570 I VvmSimStateTracker: Service connected on ComponentInfo{com.android.phone/com.android.services.telephony.TelephonyConnectionService}, [26c54c33e876414d14ea2f016634d88ca51e9dac], UserHandle{0}
10-16 23:41:05.730  7407  7407 D HeadsetPhoneState: sendDeviceStateChanged. mService=1 mSignal=4 mRoam=0 mBatteryCharge=4
10-16 23:41:05.730  7570  7570 I TelecomFramework: PstnPhoneCapabilitiesNotifier: handleVideoCapabilitesChanged. Video capability - false
10-16 23:41:05.730  7570  7570 I TelecomFramework: PstnPhoneCapabilitiesNotifier: handleVideoCapabilitesChanged. Video capability - false
10-16 23:41:05.751  7252  7477 I Telecom : PhoneAccountRegistrar: Modify account: [ComponentInfo{com.android.phone/com.android.services.telephony.TelephonyConnectionService}, [26c54c33e876414d14ea2f016634d88ca51e9dac], UserHandle{0}]: TSI.rPA@ADg
10-16 23:41:05.766  7570  7586 D IccSmsInterfaceManager: [IccSmsInterfaceManager] Calling setGsmBroadcastConfig with 4 configurations
10-16 23:41:05.771  7570  7570 I RemoteVvmTaskManager: Binding to ComponentInfo{com.android.dialer/com.android.voicemail.impl.OmtpService}
10-16 23:41:05.782  7570  7586 D IccSmsInterfaceManager: [IccSmsInterfaceManager] Added GSM cell broadcast subscription for MID range 4373 to 4378 from client com.android.cellbroadcastreceiver
10-16 23:41:05.782  7570  7586 D IccSmsInterfaceManager: [IccSmsInterfaceManager] Calling setCellBroadcastActivation(true)
10-16 23:41:05.783  7941  7941 I Dialer  : VvmOmtpService - onCellServiceConnected
10-16 23:41:05.786  7941  7941 I Dialer  : VoicemailModule.provideVoicemailClient - providing VoicemailClientImpl
10-16 23:41:05.787  7941  7941 I Dialer  : VvmOmtpService - onCellServiceConnected: user locked
10-16 23:41:06.072  7570  7795 D IccSmsInterfaceManager: [IccSmsInterfaceManager] Calling setGsmBroadcastConfig with 4 configurations
10-16 23:41:06.094  7570  7795 D IccSmsInterfaceManager: [IccSmsInterfaceManager] Added GSM cell broadcast subscription for MID range 4379 to 4379 from client com.android.cellbroadcastreceiver
10-16 23:41:06.094  7570  7795 D IccSmsInterfaceManager: [IccSmsInterfaceManager] Calling setCellBroadcastActivation(true)
10-16 23:41:06.378  7570  7582 D IccSmsInterfaceManager: [IccSmsInterfaceManager] Failed to remove GSM cell broadcast subscription for MID range 4380 to 4382 from client com.android.cellbroadcastreceiver
10-16 23:41:06.386  7570  7988 D IccSmsInterfaceManager: [IccSmsInterfaceManager] Calling setGsmBroadcastConfig with 4 configurations
10-16 23:41:06.406  7570  7988 D IccSmsInterfaceManager: [IccSmsInterfaceManager] Added GSM cell broadcast subscription for MID range 4383 to 4383 from client com.android.cellbroadcastreceiver
10-16 23:41:06.406  7570  7988 D IccSmsInterfaceManager: [IccSmsInterfaceManager] Calling setCellBroadcastActivation(true)
10-16 23:41:06.688  7570  7955 D IccSmsInterfaceManager: [IccSmsInterfaceManager] Calling setGsmBroadcastConfig with 5 configurations
10-16 23:41:06.703  7570  7955 D IccSmsInterfaceManager: [IccSmsInterfaceManager] Added GSM cell broadcast subscription for MID range 4384 to 4385 from client com.android.cellbroadcastreceiver
10-16 23:41:06.703  7570  7955 D IccSmsInterfaceManager: [IccSmsInterfaceManager] Calling setCellBroadcastActivation(true)
10-16 23:41:06.991  7570  7918 D IccSmsInterfaceManager: [IccSmsInterfaceManager] Calling setGsmBroadcastConfig with 5 configurations
10-16 23:41:07.014  7570  7918 D IccSmsInterfaceManager: [IccSmsInterfaceManager] Added GSM cell broadcast subscription for MID range 4386 to 4391 from client com.android.cellbroadcastreceiver
10-16 23:41:07.014  7570  7918 D IccSmsInterfaceManager: [IccSmsInterfaceManager] Calling setCellBroadcastActivation(true)
10-16 23:41:07.304  7570  7799 D IccSmsInterfaceManager: [IccSmsInterfaceManager] Calling setGsmBroadcastConfig with 5 configurations
10-16 23:41:07.312  7167  7737 W IMediaDeathNotifier: media server died
10-16 23:41:07.312   162   162 I ServiceManager: service 'media.player' died
10-16 23:41:07.312   162   162 I ServiceManager: service 'media.resource_manager' died
10-16 23:41:07.334  7570  7799 D IccSmsInterfaceManager: [IccSmsInterfaceManager] Added GSM cell broadcast subscription for MID range 4392 to 4392 from client com.android.cellbroadcastreceiver
10-16 23:41:07.334  7570  7799 D IccSmsInterfaceManager: [IccSmsInterfaceManager] Calling setCellBroadcastActivation(true)
10-16 23:41:07.347  8025  8025 E linker  : "/system/lib/libmmjpeg.so" has text relocations
10-16 23:41:07.348  8025  8025 F libc    : CANNOT LINK EXECUTABLE "/system/bin/mm-qcamera-daemon": "/system/lib/libmmjpeg.so" has text relocations
10-16 23:41:07.349  8025  8025 F libc    : Fatal signal 6 (SIGABRT), code -6 in tid 8025 (mm-qcamera-daem)
10-16 23:41:07.368  8024  8024 I chatty  : uid=1027(nfc) expire 1 line
10-16 23:41:07.392  8031  8031 I crash_dump32: obtaining output fd from tombstoned
10-16 23:41:07.392   232   232 I /system/bin/tombstoned: received crash request for pid 8025
10-16 23:41:07.393  8031  8031 I crash_dump32: performing dump of process 8025 (target tid = 8025)
10-16 23:41:07.394  8025  8025 F libc    : failed to resend signal during crash: Operation not permitted
10-16 23:41:07.394  8031  8031 E DEBUG   : unexpected waitpid response: n=8025, status=00000100
10-16 23:41:07.395   232   232 W /system/bin/tombstoned: crash socket received short read of length 0 (expected 8)
10-16 23:41:07.555  8033  8033 I chatty  : uid=0(root) /system/bin/sensors.qcom expire 3 lines
10-16 23:41:07.583  8033  8035 I chatty  : uid=0(root) /system/bin/sensors.qcom expire 4 lines
10-16 23:41:07.616  7570  7586 D IccSmsInterfaceManager: [IccSmsInterfaceManager] Failed to remove GSM cell broadcast subscription for MID range 4393 to 4395 from client com.android.cellbroadcastreceiver
10-16 23:41:07.630  7570  7795 D IccSmsInterfaceManager: [IccSmsInterfaceManager] Failed to remove GSM cell broadcast subscription for MID range 50 to 50 from client com.android.cellbroadcastreceiver
10-16 23:41:07.635  7883  7903 D CellBroadcastOtherChannelsManager: No additional channels configured. subId = 1
10-16 23:41:07.637  7883  7903 D CellBroadcastConfigService: Enable CellBroadcast on sub 1
10-16 23:41:07.661  7570  7586 D IccSmsInterfaceManager: [IccSmsInterfaceManager] Calling setCdmaBroadcastConfig with 1 configurations
10-16 23:41:07.679  7570  7586 D IccSmsInterfaceManager: [IccSmsInterfaceManager] Failed to add cdma broadcast subscription for MID range 4096 to 4096 from client com.android.cellbroadcastreceiver
10-16 23:41:07.689  7570  7955 D IccSmsInterfaceManager: [IccSmsInterfaceManager] Calling setCdmaBroadcastConfig with 1 configurations
10-16 23:41:07.702  7570  7955 D IccSmsInterfaceManager: [IccSmsInterfaceManager] Failed to add cdma broadcast subscription for MID range 4097 to 4097 from client com.android.cellbroadcastreceiver
10-16 23:41:07.726  7570  7582 D IccSmsInterfaceManager: [IccSmsInterfaceManager] Calling setCdmaBroadcastConfig with 1 configurations
10-16 23:41:07.742  7570  7582 D IccSmsInterfaceManager: [IccSmsInterfaceManager] Failed to add cdma broadcast subscription for MID range 4098 to 4098 from client com.android.cellbroadcastreceiver
10-16 23:41:07.751  7570  7988 D IccSmsInterfaceManager: [IccSmsInterfaceManager] Calling setCdmaBroadcastConfig with 1 configurations
10-16 23:41:07.766  7570  7988 D IccSmsInterfaceManager: [IccSmsInterfaceManager] Failed to add cdma broadcast subscription for MID range 4099 to 4099 from client com.android.cellbroadcastreceiver
10-16 23:41:07.776  7570  7795 D IccSmsInterfaceManager: [IccSmsInterfaceManager] Failed to remove cdma broadcast subscription for MID range 4100 to 4100 from client com.android.cellbroadcastreceiver
10-16 23:41:07.785  7570  7918 D IccSmsInterfaceManager: [IccSmsInterfaceManager] Added GSM cell broadcast subscription for MID range 4352 to 4354 from client com.android.cellbroadcastreceiver
10-16 23:41:07.785  7570  7918 D IccSmsInterfaceManager: [IccSmsInterfaceManager] Calling setCellBroadcastActivation(true)
10-16 23:41:07.806  7570  7799 D IccSmsInterfaceManager: [IccSmsInterfaceManager] Added GSM cell broadcast subscription for MID range 4356 to 4356 from client com.android.cellbroadcastreceiver
10-16 23:41:07.806  7570  7799 D IccSmsInterfaceManager: [IccSmsInterfaceManager] Calling setCellBroadcastActivation(true)
10-16 23:41:07.833  7570  7586 D IccSmsInterfaceManager: [IccSmsInterfaceManager] Failed to remove GSM cell broadcast subscription for MID range 4355 to 4355 from client com.android.cellbroadcastreceiver
10-16 23:41:07.841  7570  7955 D IccSmsInterfaceManager: [IccSmsInterfaceManager] Added GSM cell broadcast subscription for MID range 4370 to 4370 from client com.android.cellbroadcastreceiver
10-16 23:41:07.841  7570  7955 D IccSmsInterfaceManager: [IccSmsInterfaceManager] Calling setCellBroadcastActivation(true)
10-16 23:41:07.863  7570  7582 D IccSmsInterfaceManager: [IccSmsInterfaceManager] Added GSM cell broadcast subscription for MID range 4371 to 4372 from client com.android.cellbroadcastreceiver
10-16 23:41:07.863  7570  7582 D IccSmsInterfaceManager: [IccSmsInterfaceManager] Calling setCellBroadcastActivation(true)
10-16 23:41:07.889  7570  7988 D IccSmsInterfaceManager: [IccSmsInterfaceManager] Added GSM cell broadcast subscription for MID range 4373 to 4378 from client com.android.cellbroadcastreceiver
10-16 23:41:07.889  7570  7988 D IccSmsInterfaceManager: [IccSmsInterfaceManager] Calling setCellBroadcastActivation(true)
10-16 23:41:07.910  7570  7795 D IccSmsInterfaceManager: [IccSmsInterfaceManager] Added GSM cell broadcast subscription for MID range 4379 to 4379 from client com.android.cellbroadcastreceiver
10-16 23:41:07.910  7570  7795 D IccSmsInterfaceManager: [IccSmsInterfaceManager] Calling setCellBroadcastActivation(true)
10-16 23:41:07.936  7570  7918 D IccSmsInterfaceManager: [IccSmsInterfaceManager] Failed to remove GSM cell broadcast subscription for MID range 4380 to 4382 from client com.android.cellbroadcastreceiver
10-16 23:41:07.945  7570  7799 D IccSmsInterfaceManager: [IccSmsInterfaceManager] Added GSM cell broadcast subscription for MID range 4383 to 4383 from client com.android.cellbroadcastreceiver
10-16 23:41:07.946  7570  7799 D IccSmsInterfaceManager: [IccSmsInterfaceManager] Calling setCellBroadcastActivation(true)
10-16 23:41:07.968  7570  7586 D IccSmsInterfaceManager: [IccSmsInterfaceManager] Added GSM cell broadcast subscription for MID range 4384 to 4385 from client com.android.cellbroadcastreceiver
10-16 23:41:07.968  7570  7586 D IccSmsInterfaceManager: [IccSmsInterfaceManager] Calling setCellBroadcastActivation(true)
10-16 23:41:07.993  7570  7955 D IccSmsInterfaceManager: [IccSmsInterfaceManager] Added GSM cell broadcast subscription for MID range 4386 to 4391 from client com.android.cellbroadcastreceiver
10-16 23:41:07.993  7570  7955 D IccSmsInterfaceManager: [IccSmsInterfaceManager] Calling setCellBroadcastActivation(true)
10-16 23:41:08.023  7570  7582 D IccSmsInterfaceManager: [IccSmsInterfaceManager] Added GSM cell broadcast subscription for MID range 4392 to 4392 from client com.android.cellbroadcastreceiver
10-16 23:41:08.023  7570  7582 D IccSmsInterfaceManager: [IccSmsInterfaceManager] Calling setCellBroadcastActivation(true)
10-16 23:41:08.048  7570  7988 D IccSmsInterfaceManager: [IccSmsInterfaceManager] Failed to remove GSM cell broadcast subscription for MID range 4393 to 4395 from client com.android.cellbroadcastreceiver
10-16 23:41:08.057  7570  7795 D IccSmsInterfaceManager: [IccSmsInterfaceManager] Failed to remove GSM cell broadcast subscription for MID range 50 to 50 from client com.android.cellbroadcastreceiver
10-16 23:41:08.583  7407  7407 D HeadsetPhoneState: sendDeviceStateChanged. mService=1 mSignal=5 mRoam=0 mBatteryCharge=4
10-16 23:41:08.951  8040  8040 I mediaserver: ServiceManager: 0xb3e8e560
10-16 23:41:10.713  7252  7282 I SystemServiceManager: Starting phase 1000
10-16 23:41:10.725  7252  7297 I chatty  : uid=1000(system) PowerManagerSer expire 1 line
10-16 23:41:10.731  7252  7280 I UsbDeviceManager: Setting USB config to adb
10-16 23:41:10.736  7252  7282 D ActivityManager: Finishing user boot 0
10-16 23:41:10.736  7252  7282 I ActivityManager: User 0 state changed from BOOTING to RUNNING_LOCKED
10-16 23:41:10.738  7252  7282 I ActivityManager: User 0 state changed from RUNNING_LOCKED to RUNNING_UNLOCKING
10-16 23:41:10.738  7252  7282 D CryptdConnector: SND -> {5 cryptfs prepare_user_storage ! 0 0 2}
10-16 23:41:10.739   171   177 D vold    : e4crypt_prepare_user_storage for volume null, user 0, serial 0, flags 2
10-16 23:41:10.739   171   177 D vold    : Preparing: /data/system_ce/0
10-16 23:41:10.739   171   177 D vold    : Preparing: /data/misc_ce/0
10-16 23:41:10.739   171   177 D vold    : Preparing: /data/media/0
10-16 23:41:10.740   171   177 D vold    : Preparing: /data/data
10-16 23:41:10.740  7252  7370 D CryptdConnector: RCV <- {200 5 Command succeeded}
10-16 23:41:10.743  7252  7282 V UserDataPreparer: Found /data/user/0 with serial number 0
10-16 23:41:10.744  7252  7282 V UserDataPreparer: Found /data/system_ce/0 with serial number 0
10-16 23:41:10.745  7252  7282 V PackageManager: reconcileAppsData for null u0 0x2 migrateAppData=false
10-16 23:41:10.778  8047  8047 I chatty  : uid=0(root) /system/bin/bootstat expire 3 lines
10-16 23:41:10.825  8049  8049 I chatty  : uid=0(root) expire 2 lines
10-16 23:41:10.856  8050  8050 I chatty  : uid=0(root) /system/bin/bootstat expire 1 line
10-16 23:41:10.883  8054  8054 I chatty  : uid=0(root) /system/bin/bootstat expire 1 line
10-16 23:41:10.917  7252  7282 V PackageManager: reconcileAppsData finished 77 packages
10-16 23:41:10.918  7252  7268 I SystemServiceManager: Calling onUnlockUser u0
10-16 23:41:10.918  7252  7268 D BluetoothManagerService: User 0 unlocked
10-16 23:41:10.918  7252  7268 D StorageManagerService: onUnlockUser 0
10-16 23:41:10.918  7252  7268 D VoldConnector: SND -> {6 volume user_started 0}
10-16 23:41:10.919  7252  7281 D BluetoothManagerService: MESSAGE_USER_UNLOCKED
10-16 23:41:10.920  7765  7765 I AlarmClock: AlarmInitReceiver android.intent.action.LOCKED_BOOT_COMPLETED
10-16 23:41:10.922   171   176 D vold    : Linking /storage/emulated/0 to /mnt/user/0/primary
10-16 23:41:10.922  7252  7368 D VoldConnector: RCV <- {200 6 Command succeeded}
10-16 23:41:10.922  7252  7383 D ConnectivityService: Got NetworkFactory Messenger for WIFI
10-16 23:41:10.922  7252  7383 D ConnectivityService: Got NetworkFactory Messenger for WIFI_UT
10-16 23:41:10.923  7765  7794 I AlarmClock: Fixing alarm instances
10-16 23:41:10.923  7252  7376 D WIFI_UT : got request NetworkRequest [ REQUEST id=1, [ Capabilities: INTERNET&NOT_RESTRICTED&TRUSTED&NOT_VPN] ] with score 0
10-16 23:41:10.923  7252  7376 D WIFI_UT : got request NetworkRequest [ TRACK_DEFAULT id=3, [ Capabilities: INTERNET&NOT_RESTRICTED&TRUSTED&NOT_VPN] ] with score 0
10-16 23:41:10.923  7252  7376 D WIFI_UT : got request NetworkRequest [ BACKGROUND_REQUEST id=2, [ Transports: CELLULAR Capabilities: INTERNET&NOT_RESTRICTED&TRUSTED&NOT_VPN] ] with score 0
10-16 23:41:10.927  7252  7367 D StorageManagerService: Volume emulated broadcasting mounted to UserHandle{0}
10-16 23:41:10.932  7765  7794 V AlarmClock: AlarmInitReceiver finished
10-16 23:41:10.936  7252  7376 D WifiConfigStore: Reading from user store completed in 0 ms.
10-16 23:41:10.940  7252  7280 I UsbDeviceManager: Setting USB config to mtp,adb
10-16 23:41:10.950  7252  7268 I SELinux : SELinux: Loaded file_contexts
10-16 23:41:10.951  7421  7421 W InputAttributes: No editor info for this field. Bug?
10-16 23:41:10.963  7252  7267 W Searchables: No global search activity found
10-16 23:41:10.963  7252  7268 V BackupManagerService: No ancestral data
10-16 23:41:10.963  7941  7941 I Dialer  : NotificationChannelManager.initChannels - enter
10-16 23:41:10.971  7252  7376 D WifiConfigStore: Writing to stores completed in 32 ms.
10-16 23:41:10.983  7252  7268 V BackupManagerService: Starting with transport com.google.android.gms/.backup.BackupTransportService
10-16 23:41:10.984  7252  7268 D BackupTransportManager: Binding to transport: android/com.android.internal.backup.LocalTransportService
10-16 23:41:10.986  7252  7268 I BackupManagerService: Backup enabled => false
10-16 23:41:10.997  7252  8064 V KeyValueBackupJob: Scheduling k/v pass in 245 minutes
10-16 23:41:10.997  7252  7268 W SystemServiceManager: Service com.android.server.backup.BackupManagerService$Lifecycle took 60 ms in onUnlockUser 
