10-01 16:49:08.592   986   986 I vndksupport: sphal namespace is not configured for this process. Loading /vendor/lib/egl/libGLESv1_CM_adreno.so from the current namespace instead.
10-01 16:49:08.596   986   986 D libEGL  : loaded /vendor/lib/egl/libGLESv1_CM_adreno.so
10-01 16:49:08.655   986   986 I vndksupport: sphal namespace is not configured for this process. Loading /vendor/lib/egl/libGLESv2_adreno.so from the current namespace instead.
10-01 16:49:08.682   986   986 D libEGL  : loaded /vendor/lib/egl/libGLESv2_adreno.so
10-01 16:49:08.748   986   986 I Zygote  : Preloading shared libraries...
10-01 16:49:08.798   986   986 I Zygote  : Uninstalled ICU cache reference pinning...
10-01 16:49:08.804   986   986 I Zygote  : Installed AndroidKeyStoreProvider in 6ms.
10-01 16:49:08.838   986   986 I Zygote  : Warmed up JCA providers in 34ms.
10-01 16:49:08.838   986   986 D Zygote  : end preload
10-01 16:49:08.839   986   986 D Zygote32Timing: ZygotePreload took to complete: 2350ms
10-01 16:49:08.927   986   986 I zygote  : Explicit concurrent copying GC freed 32090(1719KB) AllocSpace objects, 4(104KB) LOS objects, 59% free, 1058KB/2MB, paused 1.342ms total 87.646ms
10-01 16:49:09.003   986   986 I zygote  : Explicit concurrent copying GC freed 6057(221KB) AllocSpace objects, 0(0B) LOS objects, 63% free, 869KB/2MB, paused 366us total 59.234ms
10-01 16:49:09.003   986   986 D Zygote32Timing: PostZygoteInitGC took to complete: 164ms
10-01 16:49:09.003   986   986 D Zygote32Timing: ZygoteInit took to complete: 2515ms
10-01 16:49:09.005   986   986 I         : seccomp disabled by setenforce 0
10-01 16:49:09.085   986   986 I Zygote  : System server process 1037 has been created
10-01 16:49:09.090   986   986 I Zygote  : Accepting command socket connections
10-01 16:49:09.134  1037  1037 W system_server: type=1400 audit(0.0:184): avc: granted { execute } for path="/data/dalvik-cache/arm/system@framework@services.jar@classes.dex" dev="mmcblk0p23" ino=496790 scontext=u:r:system_server:s0 tcontext=u:object_r:dalvikcache_data_file:s0 tclass=file
10-01 16:49:09.145  1037  1037 W system_server: type=1400 audit(0.0:185): avc: granted { execute } for path="/data/dalvik-cache/arm/system@framework@ethernet-service.jar@classes.dex" dev="mmcblk0p23" ino=496792 scontext=u:r:system_server:s0 tcontext=u:object_r:dalvikcache_data_file:s0 tclass=file
10-01 16:49:09.155  1037  1037 W system_server: type=1400 audit(0.0:186): avc: granted { execute } for path="/data/dalvik-cache/arm/system@framework@wifi-service.jar@classes.dex" dev="mmcblk0p23" ino=496794 scontext=u:r:system_server:s0 tcontext=u:object_r:dalvikcache_data_file:s0 tclass=file
10-01 16:49:09.189  1037  1037 I SystemServer: InitBeforeStartServices
10-01 16:49:09.190  1037  1037 I SystemServer: Entered the Android system server!
10-01 16:49:09.396  1037  1037 D SystemServerTiming: InitBeforeStartServices took to complete: 207ms
10-01 16:49:09.396  1037  1037 I SystemServer: StartServices
10-01 16:49:09.396  1037  1037 I SystemServer: Reading configuration...
10-01 16:49:09.396  1037  1037 I SystemServer: ReadingSystemConfig
10-01 16:49:09.398  1037  1037 D SystemServerTiming: ReadingSystemConfig took to complete: 1ms
10-01 16:49:09.398  1037  1037 I SystemServer: StartInstaller
10-01 16:49:09.398  1037  1037 I SystemServiceManager: Starting com.android.server.pm.Installer
10-01 16:49:09.399  1037  1050 D SystemServerInitThreadPool: Started executing ReadingSystemConfig
10-01 16:49:09.401  1037  1037 D SystemServerTiming: StartInstaller took to complete: 3ms
10-01 16:49:09.402  1037  1037 I SystemServer: DeviceIdentifiersPolicyService
10-01 16:49:09.402  1037  1037 I SystemServiceManager: Starting com.android.server.os.DeviceIdentifiersPolicyService
10-01 16:49:09.404  1037  1037 D SystemServerTiming: DeviceIdentifiersPolicyService took to complete: 1ms
10-01 16:49:09.404  1037  1037 I SystemServer: StartActivityManager
10-01 16:49:09.404  1037  1037 I SystemServiceManager: Starting com.android.server.am.ActivityManagerService$Lifecycle
10-01 16:49:09.435  1037  1037 I ActivityManager: Memory class: 192
10-01 16:49:09.443  1037  1052 I ServiceThread: Enabled StrictMode logging for ActivityManager looper.
10-01 16:49:09.449  1037  1053 I ServiceThread: Enabled StrictMode logging for android.ui looper.
10-01 16:49:09.480  1037  1050 D SystemServerInitThreadPool: Finished executing ReadingSystemConfig
10-01 16:49:09.492  1037  1037 D BatteryStatsImpl: Reading daily items from /data/system/batterystats-daily.xml
10-01 16:49:09.819   164   164 W /system/bin/hwservicemanager: getTransportFromManifest: Cannot find entry android.hardware.memtrack@1.0::IMemtrack in either framework or device manifest, using default transport.
10-01 16:49:09.826  1037  1037 I vndksupport: sphal namespace is not configured for this process. Loading /vendor/lib/hw/memtrack.msm8960.so from the current namespace instead.
10-01 16:49:09.837  1037  1037 I AppOps  : No existing app ops /data/system/appops.xml; starting empty
10-01 16:49:09.855  1037  1037 I IntentFirewall: Read new rules (A:0 B:0 S:0)
10-01 16:49:09.874  1037  1061 I ServiceThread: Enabled StrictMode logging for android.display looper.
10-01 16:49:09.875  1037  1037 W system_server: failed to remove /acct/uid_1047/pid_988: Device or resource busy
10-01 16:49:09.876  1037  1037 W system_server: failed to remove /acct/uid_1047: Permission denied
10-01 16:49:09.876  1037  1037 W system_server: failed to remove /acct/uid_1041/pid_987: Device or resource busy
10-01 16:49:09.876  1037  1037 W system_server: failed to remove /acct/uid_1041: Permission denied
10-01 16:49:09.876  1037  1037 W system_server: failed to remove /acct/uid_1003/pid_304: Device or resource busy
10-01 16:49:09.876  1037  1037 W system_server: failed to remove /acct/uid_1003: Permission denied
10-01 16:49:09.877  1037  1037 W system_server: failed to remove /acct/uid_1058/pid_223: Device or resource busy
10-01 16:49:09.877  1037  1037 W system_server: failed to remove /acct/uid_1058: Permission denied
10-01 16:49:09.877  1037  1037 W system_server: failed to remove /acct/uid_1046/pid_219: Device or resource busy
10-01 16:49:09.877  1037  1037 W system_server: failed to remove /acct/uid_1046: Permission denied
10-01 16:49:09.877  1037  1037 W system_server: failed to remove /acct/uid_1040/pid_213: Device or resource busy
10-01 16:49:09.877  1037  1037 W system_server: failed to remove /acct/uid_1040: Permission denied
10-01 16:49:09.878  1037  1037 W system_server: failed to remove /acct/uid_1013/pid_989: Device or resource busy
10-01 16:49:09.878  1037  1037 W system_server: failed to remove /acct/uid_1013/pid_214: Device or resource busy
10-01 16:49:09.878  1037  1037 W system_server: failed to remove /acct/uid_1013/pid_212: Device or resource busy
10-01 16:49:09.878  1037  1037 W system_server: failed to remove /acct/uid_1013: Permission denied
10-01 16:49:09.878  1037  1037 W system_server: failed to remove /acct/uid_1017/pid_211: Device or resource busy
10-01 16:49:09.878  1037  1037 W system_server: failed to remove /acct/uid_1017: Permission denied
10-01 16:49:09.879  1037  1037 W system_server: failed to remove /acct/uid_1019/pid_206: Device or resource busy
10-01 16:49:09.879  1037  1037 W system_server: failed to remove /acct/uid_1019: Permission denied
10-01 16:49:09.879  1037  1037 W system_server: failed to remove /acct/uid_1002: Permission denied
10-01 16:49:09.879  1037  1037 W system_server: failed to remove /acct/uid_2000/pid_201: Device or resource busy
10-01 16:49:09.879  1037  1037 W system_server: failed to remove /acct/uid_2000: Permission denied
10-01 16:49:09.880  1037  1037 W system_server: failed to remove /acct/uid_1010/pid_991: Device or resource busy
10-01 16:49:09.880  1037  1037 W system_server: failed to remove /acct/uid_1010/pid_192: Device or resource busy
10-01 16:49:09.880  1037  1037 W system_server: failed to remove /acct/uid_1010: Permission denied
10-01 16:49:09.880  1037  1037 W system_server: failed to remove /acct/uid_0/pid_990: Device or resource busy
10-01 16:49:09.880  1037  1037 W system_server: failed to remove /acct/uid_0/pid_986: Device or resource busy
10-01 16:49:09.881  1037  1037 W system_server: failed to remove /acct/uid_0/pid_217: Device or resource busy
10-01 16:49:09.881  1037  1037 W system_server: failed to remove /acct/uid_0/pid_210: Device or resource busy
10-01 16:49:09.881  1037  1037 W system_server: failed to remove /acct/uid_0/pid_202: Device or resource busy
10-01 16:49:09.881  1037  1037 W system_server: failed to remove /acct/uid_0/pid_195: Device or resource busy
10-01 16:49:09.881  1037  1037 W system_server: failed to remove /acct/uid_0/pid_194: Device or resource busy
10-01 16:49:09.881  1037  1037 W system_server: failed to remove /acct/uid_0/pid_193: Device or resource busy
10-01 16:49:09.881  1037  1037 W system_server: failed to remove /acct/uid_0/pid_171: Device or resource busy
10-01 16:49:09.881  1037  1037 W system_server: failed to remove /acct/uid_0: Permission denied
10-01 16:49:09.882  1037  1037 W system_server: failed to remove /acct/uid_1000/pid_222: Device or resource busy
10-01 16:49:09.882  1037  1037 W system_server: failed to remove /acct/uid_1000/pid_196: Device or resource busy
10-01 16:49:09.882  1037  1037 W system_server: failed to remove /acct/uid_1000/pid_191: Device or resource busy
10-01 16:49:09.882  1037  1037 W system_server: failed to remove /acct/uid_1000/pid_190: Device or resource busy
10-01 16:49:09.882  1037  1037 W system_server: failed to remove /acct/uid_1000/pid_189: Device or resource busy
10-01 16:49:09.882  1037  1037 W system_server: failed to remove /acct/uid_1000/pid_165: Device or resource busy
10-01 16:49:09.883  1037  1037 W system_server: failed to remove /acct/uid_1000/pid_164: Device or resource busy
10-01 16:49:09.883  1037  1037 W system_server: failed to remove /acct/uid_1000/pid_163: Device or resource busy
10-01 16:49:09.883  1037  1037 W system_server: failed to remove /acct/uid_1000: Permission denied
10-01 16:49:09.883  1037  1037 W system_server: failed to remove /acct/uid_1036/pid_162: Device or resource busy
10-01 16:49:09.883  1037  1037 W system_server: failed to remove /acct/uid_1036: Permission denied
10-01 16:49:09.891  1037  1037 D AppOps  : AppOpsService published
10-01 16:49:09.892  1037  1037 D SystemServerTiming: StartActivityManager took to complete: 488ms
10-01 16:49:09.892  1037  1037 I SystemServer: StartPowerManager
10-01 16:49:09.892  1037  1037 I SystemServiceManager: Starting com.android.server.power.PowerManagerService
10-01 16:49:09.896  1037  1063 I ServiceThread: Enabled StrictMode logging for PowerManagerService looper.
10-01 16:49:09.901   164   164 W /system/bin/hwservicemanager: getTransportFromManifest: Cannot find entry android.hardware.power@1.0::IPower in either framework or device manifest, using default transport.
10-01 16:49:09.917  1037  1037 I PowerHAL: power_init
10-01 16:49:09.922  1037  1037 I PowerManagerService-JNI: Loaded power HAL service
10-01 16:49:09.923  1037  1037 I libsuspend: Selected early suspend
10-01 16:49:09.923  1037  1037 I libsuspend: Starting early suspend unblocker thread
10-01 16:49:09.924  1037  1037 E PowerHAL: sync_thread: failed to send: No such file or directory
10-01 16:49:09.924  1037  1037 E PowerHAL: touch_boost: failed to send: No such file or directory
10-01 16:49:09.927  1037  1037 D SystemServerTiming: StartPowerManager took to complete: 35ms
10-01 16:49:09.927  1037  1037 I SystemServer: InitPowerManagement
10-01 16:49:09.931  1037  1037 D SystemServerTiming: InitPowerManagement took to complete: 4ms
10-01 16:49:09.931  1037  1037 I SystemServer: StartRecoverySystemService
10-01 16:49:09.931  1037  1037 I SystemServiceManager: Starting com.android.server.RecoverySystemService
10-01 16:49:09.934  1037  1037 D SystemServerTiming: StartRecoverySystemService took to complete: 3ms
10-01 16:49:09.936  1037  1037 V RescueParty: Disabled because of active USB connection
10-01 16:49:09.936  1037  1037 I SystemServer: StartLightsService
10-01 16:49:09.936  1037  1037 I SystemServiceManager: Starting com.android.server.lights.LightsService
10-01 16:49:09.938  1037  1037 D SystemServerTiming: StartLightsService took to complete: 2ms
10-01 16:49:09.938  1037  1037 I SystemServer: StartDisplayManager
10-01 16:49:09.939  1037  1037 I SystemServiceManager: Starting com.android.server.display.DisplayManagerService
10-01 16:49:09.947  1037  1037 D SystemServerTiming: StartDisplayManager took to complete: 9ms
10-01 16:49:09.947  1037  1037 I SystemServer: WaitForDisplay
10-01 16:49:09.947  1037  1037 I SystemServiceManager: Starting phase 100
10-01 16:49:09.956  1037  1061 I DisplayManagerService: Display device added: DisplayDeviceInfo{"Built-in Screen": uniqueId="local:0", 768 x 1280, modeId 1, defaultModeId 1, supportedModes [{id=1, width=768, height=1280, fps=60.0}], colorMode 0, supportedColorModes [0], HdrCapabilities android.view.Display$HdrCapabilities@a69d6308, density 320, 159.895 x 160.157 dpi, appVsyncOff 1000000, presDeadline 16666667, touch INTERNAL, rotation 0, type BUILT_IN, state UNKNOWN, FLAG_DEFAULT_DISPLAY, FLAG_ROTATES_WITH_CONTENT, FLAG_SECURE, FLAG_SUPPORTS_PROTECTED_BUFFERS}
10-01 16:49:09.959   196   196 D SurfaceFlinger: Set power mode=2, type=0 flinger=0xaf7b6000
10-01 16:49:09.960   196   196 D SurfaceFlinger: Screen type=0 is already mode=2
10-01 16:49:09.962   164   164 W /system/bin/hwservicemanager: getTransportFromManifest: Cannot find entry android.hardware.light@2.0::ILight in either framework or device manifest, using default transport.
10-01 16:49:09.968  1037  1061 I vndksupport: sphal namespace is not configured for this process. Loading /vendor/lib/hw/lights.msm8960.so from the current namespace instead.
10-01 16:49:09.970  1037  1061 I vndksupport: sphal namespace is not configured for this process. Loading /vendor/lib/hw/lights.msm8960.so from the current namespace instead.
10-01 16:49:09.970  1037  1061 E light   : light_open lights keyboard failed: -22
10-01 16:49:09.970  1037  1061 E light   : Light passthrough failed to load legacy HAL.
10-01 16:49:09.971  1037  1061 I vndksupport: sphal namespace is not configured for this process. Loading /vendor/lib/hw/lights.msm8960.so from the current namespace instead.
10-01 16:49:09.971  1037  1061 E light   : light_open lights buttons failed: -22
10-01 16:49:09.971  1037  1061 E light   : Light passthrough failed to load legacy HAL.
10-01 16:49:09.972  1037  1061 I vndksupport: sphal namespace is not configured for this process. Loading /vendor/lib/hw/lights.msm8960.so from the current namespace instead.
10-01 16:49:09.972  1037  1061 E light   : light_open lights battery failed: -22
10-01 16:49:09.972  1037  1061 E light   : Light passthrough failed to load legacy HAL.
10-01 16:49:09.973  1037  1061 I vndksupport: sphal namespace is not configured for this process. Loading /vendor/lib/hw/lights.msm8960.so from the current namespace instead.
10-01 16:49:09.973  1037  1061 I chatty  : uid=1000(system) android.display identical 1 line
10-01 16:49:09.974  1037  1061 I vndksupport: sphal namespace is not configured for this process. Loading /vendor/lib/hw/lights.msm8960.so from the current namespace instead.
10-01 16:49:09.975  1037  1061 E light   : light_open lights bluetooth failed: -22
10-01 16:49:09.975  1037  1061 E light   : Light passthrough failed to load legacy HAL.
10-01 16:49:09.975  1037  1061 I vndksupport: sphal namespace is not configured for this process. Loading /vendor/lib/hw/lights.msm8960.so from the current namespace instead.
10-01 16:49:09.976  1037  1061 E light   : light_open lights wifi failed: -22
10-01 16:49:09.976  1037  1061 E light   : Light passthrough failed to load legacy HAL.
10-01 16:49:09.978  1037  1037 D SystemServerTiming: WaitForDisplay took to complete: 31ms
10-01 16:49:09.978  1037  1061 I DisplayManagerService: Display device changed state: "Built-in Screen", ON
10-01 16:49:09.979  1037  1037 I SystemServer: StartPackageManagerService
10-01 16:49:10.060  1037  1037 D SELinuxMMAC: Using policy file /system/etc/selinux/plat_mac_permissions.xml
10-01 16:49:10.065  1037  1037 D SELinuxMMAC: Using policy file /vendor/etc/selinux/nonplat_mac_permissions.xml
10-01 16:49:10.271  1037  1037 D PackageManager: No files in app dir /vendor/overlay
10-01 16:49:10.499  1037  1037 D PackageManager: No files in app dir /system/vendor/app
10-01 16:49:10.499  1037  1037 D PackageManager: No files in app dir /oem/app
10-01 16:49:10.502  1037  1037 D PackageManager: No files in app dir /data/app
10-01 16:49:10.502  1037  1037 D PackageManager: No files in app dir /data/app-private
10-01 16:49:10.508  1037  1037 E PackageManager: updateAllSharedLibrariesLPw failed: Package com.android.dialer requires unavailable shared library com.qualcomm.qti.smartsearch; failing!
10-01 16:49:10.509  1037  1037 I PackageManager: Time to scan packages: 0.239 seconds
10-01 16:49:10.515  1037  1037 V PackageManager: Disabling com.google.android.gsf/com.google.android.gsf.update.SystemUpdateActivity
10-01 16:49:10.515  1037  1037 W PackageManager: Unable to disable com.google.android.gsf/com.google.android.gsf.update.SystemUpdateActivity
10-01 16:49:10.515  1037  1037 V PackageManager: Disabling com.google.android.gsf/com.google.android.gsf.update.SystemUpdateService$Receiver
10-01 16:49:10.515  1037  1037 W PackageManager: Unable to disable com.google.android.gsf/com.google.android.gsf.update.SystemUpdateService$Receiver
10-01 16:49:10.515  1037  1037 V PackageManager: Disabling com.google.android.gsf/com.google.android.gsf.update.SystemUpdateService$SecretCodeReceiver
10-01 16:49:10.515  1037  1037 W PackageManager: Unable to disable com.google.android.gsf/com.google.android.gsf.update.SystemUpdateService$SecretCodeReceiver
10-01 16:49:10.515  1037  1037 V PackageManager: Disabling com.google.android.gms/com.google.android.gms.update.SystemUpdateActivity
10-01 16:49:10.515  1037  1037 W PackageManager: Unable to disable com.google.android.gms/com.google.android.gms.update.SystemUpdateActivity
10-01 16:49:10.515  1037  1037 V PackageManager: Disabling com.google.android.gms/com.google.android.gms.update.SystemUpdateService$Receiver
10-01 16:49:10.515  1037  1037 W PackageManager: Unable to disable com.google.android.gms/com.google.android.gms.update.SystemUpdateService$Receiver
10-01 16:49:10.515  1037  1037 V PackageManager: Disabling com.google.android.gms/com.google.android.gms.update.SystemUpdateService$ActiveReceiver
10-01 16:49:10.515  1037  1037 W PackageManager: Unable to disable com.google.android.gms/com.google.android.gms.update.SystemUpdateService$ActiveReceiver
10-01 16:49:10.515  1037  1037 V PackageManager: Disabling com.google.android.gms/com.google.android.gms.update.SystemUpdateService$SecretCodeReceiver
10-01 16:49:10.515  1037  1037 W PackageManager: Unable to disable com.google.android.gms/com.google.android.gms.update.SystemUpdateService$SecretCodeReceiver
10-01 16:49:10.516  1037  1037 V PackageManager: Enabling com.google.android.gsf/com.google.android.gsf.update.SystemUpdateService
10-01 16:49:10.516  1037  1037 W PackageManager: Unable to enable com.google.android.gsf/com.google.android.gsf.update.SystemUpdateService
10-01 16:49:10.516  1037  1037 V PackageManager: Enabling com.google.android.gms/com.google.android.gms.update.SystemUpdateService
10-01 16:49:10.516  1037  1037 W PackageManager: Unable to enable com.google.android.gms/com.google.android.gms.update.SystemUpdateService
10-01 16:49:10.516  1037  1037 V PackageManager: reconcileAppsData for null u0 0x3 migrateAppData=true
10-01 16:49:10.578  1037  1047 I zygote  : Background concurrent copying GC freed 19150(1073KB) AllocSpace objects, 12(592KB) LOS objects, 42% free, 2MB/5MB, paused 579us total 141.662ms
10-01 16:49:10.745  1037  1037 V PackageManager: reconcileAppsData finished 18 packages
10-01 16:49:10.748  1037  1079 D SystemServerInitThreadPool: Started executing prepareAppData
10-01 16:49:10.752   210   232 W installd: Ignoring /data/data/com.android.defcontainer/lib with unexpected GID 0 instead of 10006
10-01 16:49:10.756   210   232 W installd: Ignoring /data/data/com.android.inputmethod.latin/lib with unexpected GID 0 instead of 10051
10-01 16:49:10.761   210   232 W installd: Ignoring /data/data/com.android.terminal/lib with unexpected GID 0 instead of 10053
10-01 16:49:10.762   210   232 W installd: Ignoring /data/data/com.android.pacprocessor/lib with unexpected GID 0 instead of 10047
10-01 16:49:10.764   210   232 W installd: Ignoring /data/data/com.android.camera2/lib with unexpected GID 0 instead of 10036
10-01 16:49:10.765   210   232 W installd: Ignoring /data/data/com.android.nfc/lib with unexpected GID 0 instead of 1027
10-01 16:49:10.767   210   232 W installd: Ignoring /data/data/com.android.printspooler/lib with unexpected GID 0 instead of 10052
10-01 16:49:10.768   210   232 W installd: Ignoring /data/data/com.android.webview/lib with unexpected GID 0 instead of 10055
10-01 16:49:10.768   210   232 W installd: Ignoring /data/data/com.android.bips/lib with unexpected GID 0 instead of 10031
10-01 16:49:10.770   210   232 W installd: Ignoring /data/data/com.android.gallery3d/lib with unexpected GID 0 instead of 10044
10-01 16:49:10.771   210   232 W installd: Ignoring /data/data/com.svox.pico/lib with unexpected GID 0 instead of 10049
10-01 16:49:10.777   210   232 W installd: Ignoring /data/data/com.android.bluetooth/lib with unexpected GID 0 instead of 1002
10-01 16:49:10.781   210   232 W installd: Ignoring /data/user_de/0/com.android.defcontainer/lib with unexpected GID 0 instead of 10006
10-01 16:49:10.784   210   232 W installd: Ignoring /data/user_de/0/com.android.inputmethod.latin/lib with unexpected GID 0 instead of 10051
10-01 16:49:10.801   210   232 W installd: Ignoring /data/user_de/0/com.android.bluetooth/lib with unexpected GID 0 instead of 1002
10-01 16:49:10.802  1037  1079 D SystemServerTimingAsync: AppDataFixup took to complete: 54ms
10-01 16:49:10.871  1037  1037 E PackageManager: There should probably be a verifier, but, none were found
10-01 16:49:10.877  1037  1037 D PackageManager: Ephemeral resolver not found with new action; try old one
10-01 16:49:10.878  1037  1037 D PackageManager: Ephemeral resolver NOT found; no matching intent filters
10-01 16:49:10.878  1037  1037 D PackageManager: Ephemeral installer not found with new action; try old one
10-01 16:49:10.879  1037  1037 D PackageManager: Clear ephemeral installer activity
10-01 16:49:11.024  1037  1037 I zygote  : Explicit concurrent copying GC freed 19206(1031KB) AllocSpace objects, 10(252KB) LOS objects, 42% free, 2MB/3MB, paused 335us total 128.723ms
10-01 16:49:11.028  1037  1037 D FallbackCategoryProvider: Found 1 fallback categories
10-01 16:49:11.031  1037  1037 D SystemServerTiming: StartPackageManagerService took to complete: 1052ms
10-01 16:49:11.032  1037  1037 I SystemServer: StartOtaDexOptService
10-01 16:49:11.033  1037  1037 D OTADexopt: No upgrade, skipping A/B artifacts check.
10-01 16:49:11.033  1037  1037 D SystemServerTiming: StartOtaDexOptService took to complete: 1ms
10-01 16:49:11.033  1037  1037 I SystemServer: StartUserManagerService
10-01 16:49:11.034  1037  1037 I SystemServiceManager: Starting com.android.server.pm.UserManagerService$LifeCycle
10-01 16:49:11.038  1037  1037 D SystemServerTiming: StartUserManagerService took to complete: 5ms
10-01 16:49:11.038  1037  1037 I SystemServer: InitAttributerCache
10-01 16:49:11.038  1037  1037 D SystemServerTiming: InitAttributerCache took to complete: 0ms
10-01 16:49:11.038  1037  1037 I SystemServer: SetSystemProcess
10-01 16:49:11.058   195   195 I lowmemorykiller: ActivityManager connected
10-01 16:49:11.059  1037  1037 D SystemServerTiming: SetSystemProcess took to complete: 21ms
10-01 16:49:11.061  1037  1081 I ServiceThread: Enabled StrictMode logging for android.anim looper.
10-01 16:49:11.061  1037  1037 I SystemServer: StartOverlayManagerService
10-01 16:49:11.064  1037  1037 D SystemServerTiming: StartOverlayManagerService took to complete: 3ms
10-01 16:49:11.065  1037  1037 I SystemServer: StartDropBoxManager
10-01 16:49:11.073  1037  1082 D SystemServerInitThreadPool: Started executing Init OverlayManagerService
10-01 16:49:11.073  1037  1083 D SystemServerInitThreadPool: Started executing StartSensorService
10-01 16:49:11.073  1037  1083 D SensorService: nuSensorService starting...
10-01 16:49:11.074  1037  1037 I SystemServiceManager: Starting com.android.server.DropBoxManagerService
10-01 16:49:11.076   164   164 W /system/bin/hwservicemanager: getTransportFromManifest: Cannot find entry android.hardware.sensors@1.0::ISensors in either framework or device manifest, using default transport.
10-01 16:49:11.078  1037  1037 D SystemServerTiming: StartDropBoxManager took to complete: 13ms
10-01 16:49:11.079  1037  1037 I SystemServer: StartBatteryService
10-01 16:49:11.082  1037  1037 I SystemServiceManager: Starting com.android.server.BatteryService
10-01 16:49:11.086  1037  1083 I vndksupport: sphal namespace is not configured for this process. Loading /vendor/lib/hw/sensors.msm8960.so from the current namespace instead.
10-01 16:49:11.099  1037  1049 E LightsService: Light requested not available on this device. 3
10-01 16:49:11.101  1037  1037 D SystemServerTiming: StartBatteryService took to complete: 22ms
10-01 16:49:11.101  1037  1037 I SystemServer: StartUsageService
10-01 16:49:11.102  1037  1037 I SystemServiceManager: Starting com.android.server.usage.UsageStatsService
10-01 16:49:11.116  1037  1037 D SystemServerTiming: StartUsageService took to complete: 15ms
10-01 16:49:11.116  1037  1037 I SystemServer: StartWebViewUpdateService
10-01 16:49:11.117  1037  1037 I SystemServiceManager: Starting com.android.server.webkit.WebViewUpdateService
10-01 16:49:11.121  1037  1082 D SystemServerInitThreadPool: Finished executing Init OverlayManagerService
10-01 16:49:11.126  1037  1037 D SystemServerTiming: StartWebViewUpdateService took to complete: 10ms
10-01 16:49:11.129  1037  1037 I SystemServer: StartKeyAttestationApplicationIdProviderService
10-01 16:49:11.129  1037  1050 D SystemServerInitThreadPool: Started executing SecondaryZygotePreload
10-01 16:49:11.129  1037  1050 I SystemServer: SecondaryZygotePreload
10-01 16:49:11.131  1037  1037 D SystemServerTiming: StartKeyAttestationApplicationIdProviderService took to complete: 2ms
10-01 16:49:11.131  1037  1037 I SystemServer: StartKeyChainSystemService
10-01 16:49:11.131  1037  1037 I SystemServiceManager: Starting com.android.server.security.KeyChainSystemService
10-01 16:49:11.132  1037  1050 I Zygote  : Process: zygote socket zygote opened, supported ABIS: armeabi-v7a,armeabi
10-01 16:49:11.132  1037  1037 D SystemServerTiming: StartKeyChainSystemService took to complete: 1ms
10-01 16:49:11.133  1037  1037 I SystemServer: StartSchedulingPolicyService
10-01 16:49:11.134  1037  1037 D SystemServerTiming: StartSchedulingPolicyService took to complete: 1ms
10-01 16:49:11.135  1037  1037 I SystemServer: StartTelecomLoaderService
10-01 16:49:11.135  1037  1037 I SystemServiceManager: Starting com.android.server.telecom.TelecomLoaderService
10-01 16:49:11.137  1037  1037 D SystemServerTiming: StartTelecomLoaderService took to complete: 2ms
10-01 16:49:11.137  1037  1037 I SystemServer: StartTelephonyRegistry
10-01 16:49:11.142  1037  1050 E SystemServer: Unable to preload default resources
10-01 16:49:11.143  1037  1050 D SystemServerTimingAsync: SecondaryZygotePreload took to complete: 13ms
10-01 16:49:11.143  1037  1050 D SystemServerInitThreadPool: Finished executing SecondaryZygotePreload
10-01 16:49:11.147  1037  1037 D SystemServerTiming: StartTelephonyRegistry took to complete: 9ms
10-01 16:49:11.147  1037  1037 I SystemServer: StartEntropyMixer
10-01 16:49:11.155  1037  1037 I EntropyMixer: Added HW RNG output to entropy pool
10-01 16:49:11.155  1037  1037 I EntropyMixer: Writing entropy...
10-01 16:49:11.171  1037  1037 D SystemServerTiming: StartEntropyMixer took to complete: 24ms
10-01 16:49:11.171  1037  1037 I SystemServer: Camera Service Proxy
10-01 16:49:11.172  1037  1037 I SystemServer: StartCameraServiceProxy
10-01 16:49:11.172  1037  1037 I SystemServiceManager: Starting com.android.server.camera.CameraServiceProxy
10-01 16:49:11.176  1037  1086 I ServiceThread: Enabled StrictMode logging for CameraService_proxy looper.
10-01 16:49:11.178  1037  1037 D SystemServerTiming: StartCameraServiceProxy took to complete: 6ms
10-01 16:49:11.178  1037  1037 I SystemServer: StartAccountManagerService
10-01 16:49:11.178  1037  1037 I SystemServiceManager: Starting com.android.server.accounts.AccountManagerService$Lifecycle
10-01 16:49:11.187  1037  1037 D SystemServerTiming: StartAccountManagerService took to complete: 9ms
10-01 16:49:11.188  1037  1037 I SystemServer: StartContentService
10-01 16:49:11.188  1037  1037 I SystemServiceManager: Starting com.android.server.content.ContentService$Lifecycle
10-01 16:49:11.191  1037  1037 D SystemServerTiming: StartContentService took to complete: 3ms
10-01 16:49:11.191  1037  1037 I SystemServer: InstallSystemProviders
10-01 16:49:11.317  1037  1037 I SettingsState: No settings state /data/system/users/0/settings_ssaid.xml
10-01 16:49:11.344  1037  1037 V RescueParty: Disabled because of active USB connection
10-01 16:49:11.344  1037  1037 D SystemServerTiming: InstallSystemProviders took to complete: 153ms
10-01 16:49:11.345  1037  1037 I SystemServer: StartVibratorService
10-01 16:49:11.348   164   164 W /system/bin/hwservicemanager: getTransportFromManifest: Cannot find entry android.hardware.vibrator@1.0::IVibrator in either framework or device manifest, using default transport.
10-01 16:49:11.361  1037  1037 I vndksupport: sphal namespace is not configured for this process. Loading /vendor/lib/hw/vibrator.default.so from the current namespace instead.
10-01 16:49:11.367  1037  1037 D         : Vibrator using timed_output
10-01 16:49:11.371  1037  1037 D SystemServerTiming: StartVibratorService took to complete: 26ms
10-01 16:49:11.371  1037  1037 I SystemServer: StartConsumerIrService
10-01 16:49:11.373   164   164 W /system/bin/hwservicemanager: getTransportFromManifest: Cannot find entry android.hardware.ir@1.0::IConsumerIr in either framework or device manifest, using default transport.
10-01 16:49:11.379  1037  1037 D SystemServerTiming: StartConsumerIrService took to complete: 8ms
10-01 16:49:11.379  1037  1037 I SystemServer: StartAlarmManagerService
10-01 16:49:11.379  1037  1037 I SystemServiceManager: Starting com.android.server.AlarmManagerService
10-01 16:49:11.386  1037  1037 D AlarmManagerService: Kernel timezone updated to 0 minutes west of GMT
10-01 16:49:11.396  1037  1037 D SystemServerTiming: StartAlarmManagerService took to complete: 17ms
10-01 16:49:11.396  1037  1037 I SystemServer: InitWatchdog
10-01 16:49:11.397  1037  1037 D SystemServerTiming: InitWatchdog took to complete: 1ms
10-01 16:49:11.397  1037  1037 I SystemServer: StartInputManagerService
10-01 16:49:11.399  1037  1037 I InputManager: Initializing input manager, mUseDevInputEventForAudioJack=true
10-01 16:49:11.401  1037  1037 D SystemServerTiming: StartInputManagerService took to complete: 4ms
10-01 16:49:11.401  1037  1037 I SystemServer: StartWindowManagerService
10-01 16:49:11.767  1037  1079 D SystemServerTimingAsync: AppDataPrepare took to complete: 964ms
10-01 16:49:11.767  1037  1079 I PackageManager: Deferred reconcileAppsData finished 60 packages
10-01 16:49:11.767  1037  1079 D SystemServerInitThreadPool: Finished executing prepareAppData
10-01 16:49:12.106  1037  1083 E libsensor1: sensor1_open: Error in connect() errno=2 No such file or directory
10-01 16:49:12.107  1037  1083 E sensor_reg: sensor_reg_sensor1_open: sensor1_open returned 11
10-01 16:49:12.107  1037  1083 E qcom_sensors_hal: hal_init: Error in sensor_reg_open(): -1
10-01 16:49:12.108  1037  1083 F system_server: Sensors.cpp:98] Check failed: getHalDeviceVersion() >= ((((1) & 0xff) << 24) | (((3) & 0xff) << 16) | ((1) & 0xffff)) (getHalDeviceVersion()=16777217, ((((1) & 0xff) << 24) | (((3) & 0xff) << 16) | ((1) & 0xffff))=16973825) 
10-01 16:49:12.109  1037  1083 F libc    : Fatal signal 6 (SIGABRT), code -6 in tid 1083 (system-server-i)
10-01 16:49:12.246  1093  1093 I crash_dump32: obtaining output fd from tombstoned
10-01 16:49:12.247   223   223 I /system/bin/tombstoned: received crash request for pid 1037
10-01 16:49:12.248  1093  1093 I crash_dump32: performing dump of process 1037 (target tid = 1083)
10-01 16:49:12.249  1037  1083 F libc    : failed to resend signal during crash: Operation not permitted
10-01 16:49:12.249  1093  1093 E DEBUG   : unexpected waitpid response: n=1083, status=00000100
10-01 16:49:12.251   223   223 W /system/bin/tombstoned: crash socket received short read of length 0 (expected 8)
10-01 16:49:12.285   163   163 I ServiceManager: service 'account' died
10-01 16:49:12.285   163   163 I ServiceManager: service 'content' died
10-01 16:49:12.285   163   163 I ServiceManager: service 'settings' died
10-01 16:49:12.285   163   163 I ServiceManager: service 'vibrator' died
10-01 16:49:12.286   163   163 I ServiceManager: service 'consumer_ir' died
10-01 16:49:12.286   163   163 I ServiceManager: service 'alarm' died
10-01 16:49:12.286   163   163 I ServiceManager: service 'package' died
10-01 16:49:12.286   163   163 I ServiceManager: service 'otadexopt' died
10-01 16:49:12.286   163   163 I ServiceManager: service 'user' died
10-01 16:49:12.286   163   163 I ServiceManager: service 'activity' died
10-01 16:49:12.286   163   163 I ServiceManager: service 'procstats' died
10-01 16:49:12.286   163   163 I ServiceManager: service 'meminfo' died
10-01 16:49:12.286   163   163 I ServiceManager: service 'gfxinfo' died
10-01 16:49:12.286   163   163 I ServiceManager: service 'dbinfo' died
10-01 16:49:12.286   163   163 I ServiceManager: service 'cpuinfo' died
10-01 16:49:12.286   163   163 I ServiceManager: service 'permission' died
10-01 16:49:12.287   163   163 I ServiceManager: service 'processinfo' died
10-01 16:49:12.287   163   163 I ServiceManager: service 'dropbox' died
10-01 16:49:12.287   163   163 I ServiceManager: service 'battery' died
10-01 16:49:12.287   163   163 I ServiceManager: service 'usagestats' died
10-01 16:49:12.287   163   163 I ServiceManager: service 'overlay' died
10-01 16:49:12.287   163   163 I ServiceManager: service 'webviewupdate' died
10-01 16:49:12.287   163   163 I ServiceManager: service 'sec_key_att_app_id_provider' died
10-01 16:49:12.287   163   163 I ServiceManager: service 'scheduling_policy' died
10-01 16:49:12.287   163   163 I ServiceManager: service 'telephony.registry' died
10-01 16:49:12.287   163   163 I ServiceManager: service 'media.camera.proxy' died
10-01 16:49:12.287   163   163 I ServiceManager: service 'device_identifiers' died
10-01 16:49:12.287   163   163 I ServiceManager: service 'batterystats' died
10-01 16:49:12.287   163   163 I ServiceManager: service 'appops' died
10-01 16:49:12.287   163   163 I ServiceManager: service 'power' died
10-01 16:49:12.288   163   163 I ServiceManager: service 'recovery' died
10-01 16:49:12.288   163   163 I ServiceManager: service 'display' died
10-01 16:49:12.310   195   195 I lowmemorykiller: ActivityManager disconnected
10-01 16:49:12.310   195   195 I lowmemorykiller: Closing Activity Manager data connection
10-01 16:49:12.348   986   986 I Zygote  : Process 1037 exited cleanly (1)
10-01 16:49:12.348   986   986 E Zygote  : Exit zygote because system server (1037) has terminated
10-01 16:49:12.417   163   163 I ServiceManager: service 'media.audio_flinger' died
10-01 16:49:12.430   163   163 I ServiceManager: service 'media.camera' died
10-01 16:49:12.450   163   163 I ServiceManager: service 'media.player' died
10-01 16:49:12.450   163   163 I ServiceManager: service 'media.resource_manager' died
10-01 16:49:12.460   163   163 I ServiceManager: service 'netd' died
10-01 16:49:12.479   163   163 I ServiceManager: service 'wificond' died
10-01 16:49:12.588  1098  1098 W netd    : type=1400 audit(0.0:187): avc: granted { getattr } for path="/vendor" dev="rootfs" ino=4768 scontext=u:r:netd:s0 tcontext=u:object_r:rootfs:s0 tclass=lnk_file
10-01 16:49:12.701  1099  1099 I wificond: wificond is starting up...
10-01 16:49:12.835  1098  1098 I Netd    : Netd 1.0 starting
10-01 16:49:12.836  1098  1098 D TetherController: Setting IP forward enable = 0
10-01 16:49:12.908  1100  1100 W iptables-restor: type=1400 audit(0.0:188): avc: granted { getattr } for path="/vendor" dev="rootfs" ino=4768 scontext=u:r:netd:s0 tcontext=u:object_r:rootfs:s0 tclass=lnk_file
10-01 16:49:12.998  1101  1101 W ip6tables-resto: type=1400 audit(0.0:189): avc: granted { getattr } for path="/vendor" dev="rootfs" ino=4768 scontext=u:r:netd:s0 tcontext=u:object_r:rootfs:s0 tclass=lnk_file
10-01 16:49:13.108  1102  1102 W iptables: type=1400 audit(0.0:190): avc: granted { getattr } for path="/vendor" dev="rootfs" ino=4768 scontext=u:r:netd:s0 tcontext=u:object_r:rootfs:s0 tclass=lnk_file
10-01 16:49:13.208  1103  1103 W ip6tables: type=1400 audit(0.0:191): avc: granted { getattr } for path="/vendor" dev="rootfs" ino=4768 scontext=u:r:netd:s0 tcontext=u:object_r:rootfs:s0 tclass=lnk_file
10-01 16:49:13.287  1095  1095 I FastMixerState: sMaxFastTracks = 8
10-01 16:49:13.290  1095  1095 I audioserver: ServiceManager: 0xacf0e4c0
10-01 16:49:13.291  1095  1095 W BatteryNotifier: batterystats service unavailable!
10-01 16:49:13.296   164   164 W /system/bin/hwservicemanager: getTransportFromManifest: Cannot find entry android.hardware.audio@2.0::IDevicesFactory in either framework or device manifest, using default transport.
10-01 16:49:13.314   164   164 W /system/bin/hwservicemanager: getTransportFromManifest: Cannot find entry android.hardware.audio.effect@2.0::IEffectsFactory in either framework or device manifest, using default transport.
10-01 16:49:13.329  1105  1105 W iptables: type=1400 audit(0.0:192): avc: granted { getattr } for path="/vendor" dev="rootfs" ino=4768 scontext=u:r:netd:s0 tcontext=u:object_r:rootfs:s0 tclass=lnk_file
10-01 16:49:13.342  1095  1095 I AudioFlinger: Using default 3000 mSec as standby time.
10-01 16:49:13.348  1095  1095 I APM::ConfigParsingUtils: loadAudioPolicyConfig() loaded /system/etc/audio_policy.conf
10-01 16:49:13.353  1095  1095 I vndksupport: sphal namespace is not configured for this process. Loading /vendor/lib/hw/audio.primary.msm8960.so from the current namespace instead.
10-01 16:49:13.369  1095  1095 D audio_hw_primary: adev_open: enter
10-01 16:49:13.409  1113  1113 W ip6tables: type=1400 audit(0.0:193): avc: granted { getattr } for path="/vendor" dev="rootfs" ino=4768 scontext=u:r:netd:s0 tcontext=u:object_r:rootfs:s0 tclass=lnk_file
10-01 16:49:13.479  1114  1114 W iptables: type=1400 audit(0.0:194): avc: granted { getattr } for path="/vendor" dev="rootfs" ino=4768 scontext=u:r:netd:s0 tcontext=u:object_r:rootfs:s0 tclass=lnk_file
10-01 16:49:13.539  1095  1095 E audio_route: unknown enum value string Off for ctl TTY Mode
10-01 16:49:13.596  1095  1095 D ACDB-LOADER: ACDB -> ACDB_CMD_INITIALIZE
10-01 16:49:13.596  1095  1095 E         : [ACDB RTC]->rtc init done!->result [0]
10-01 16:49:13.596  1095  1095 D Diag_Lib: actp_diag_init: call diag init function with AC22D4D9
10-01 16:49:13.597  1095  1095 E Diag_Lib:  Diag_LSM_Init: Failed to open handle to diag driver, error = 2
10-01 16:49:13.597  1095  1095 E Diag_Lib: actp_diag_init: diag init failed
10-01 16:49:13.597  1095  1095 E         : [ACDB ACPH]->actp diag init done!
10-01 16:49:13.597  1095  1095 D ACDB-LOADER: No existing ION info in ACDB driver
10-01 16:49:13.597  1095  1095 D ACDB-LOADER: ACDB -> ION_IOC_ALLOC
10-01 16:49:13.597  1095  1095 D ACDB-LOADER: ACDB -> ION_IOC_SHARE
10-01 16:49:13.597  1095  1095 D ACDB-LOADER: ACDB -> MMAP ADDR
10-01 16:49:13.597  1095  1095 D ACDB-LOADER: ACDB -> register MEM to ACDB driver: 0xadad5000
10-01 16:49:13.598  1095  1095 D ACDB-LOADER: ACDB -> send_asm_topology
10-01 16:49:13.598  1095  1095 D ACDB-LOADER: ACDB -> ACDB_CMD_GET_AUDPROC_STREAM_TOPOLOGY_ID
10-01 16:49:13.598  1095  1095 D ACDB-LOADER: send mbhc data
10-01 16:49:13.632  1095  1095 D ACDB-LOADER: send tabla anc data
10-01 16:49:13.632  1095  1095 D ACDB-LOADER: ACDB -> ACDB_CMD_GET_ANC_SETTING
10-01 16:49:13.632  1095  1095 D ACDB-LOADER: done with conversion, anc config size is 148
10-01 16:49:13.633  1095  1095 D ACDB-LOADER: ACDB -> ACDB_CMD_GET_ANC_SETTING
10-01 16:49:13.633  1095  1095 D ACDB-LOADER: done with conversion, anc config size is 148
10-01 16:49:13.633  1095  1095 D ACDB-LOADER: ACDB -> ACDB_CMD_GET_ANC_SETTING
10-01 16:49:13.633  1095  1095 D ACDB-LOADER: done with conversion, anc config size is 148
10-01 16:49:13.633  1095  1095 D ACDB-LOADER: ACDB -> ACDB_CMD_GET_ANC_SETTING
10-01 16:49:13.633  1095  1095 D ACDB-LOADER: done with conversion, anc config size is 148
10-01 16:49:13.633  1095  1095 D ACDB-LOADER: ACDB -> ACDB_CMD_GET_ANC_SETTING
10-01 16:49:13.633  1095  1095 D ACDB-LOADER: done with conversion, anc config size is 74
10-01 16:49:13.634  1095  1095 D ACDB-LOADER: ACDB -> ACDB_CMD_GET_ANC_SETTING
10-01 16:49:13.634  1095  1095 D ACDB-LOADER: done with conversion, anc config size is 74
10-01 16:49:13.634  1095  1095 D ACDB-LOADER: ACDB -> init done!
10-01 16:49:13.664  1095  1095 D         : csd_client_init
10-01 16:49:13.664  1095  1095 E         : csd_client_service_init: Invalid rx device 0, setting to handset
10-01 16:49:13.664  1095  1095 E         : csd_client_service_init: Invalid tx device 0, setting to handset
10-01 16:49:13.670  1095  1095 E Diag_Lib:  Diag_LSM_Init: Failed to open handle to diag driver, error = 2
10-01 16:49:13.689  1117  1117 W iptables: type=1400 audit(0.0:197): avc: granted { getattr } for path="/vendor" dev="rootfs" ino=4768 scontext=u:r:netd:s0 tcontext=u:object_r:rootfs:s0 tclass=lnk_file
10-01 16:49:13.763  1096  1096 I cameraserver: ServiceManager: 0xaba0e500
10-01 16:49:13.763  1096  1096 I CameraService: CameraService started (pid=1096)
10-01 16:49:13.763  1096  1096 I CameraService: CameraService process starting
10-01 16:49:13.766  1096  1096 W BatteryNotifier: batterystats service unavailable!
10-01 16:49:13.767  1096  1096 W BatteryNotifier: batterystats service unavailable!
10-01 16:49:13.775   164   164 W /system/bin/hwservicemanager: getTransportFromManifest: Cannot find entry android.hardware.camera.provider@2.4::ICameraProvider in either framework or device manifest, using default transport.
10-01 16:49:13.801  1096  1096 E CamProvider@2.4-impl: Could not load camera HAL module: -2 (No such file or directory)
10-01 16:49:13.801  1096  1096 E CamProvider@2.4-impl: HIDL_FETCH_ICameraProvider: camera provider init failed!
10-01 16:49:13.809  1120  1120 W ip6tables: type=1400 audit(0.0:198): avc: granted { getattr } for path="/vendor" dev="rootfs" ino=4768 scontext=u:r:netd:s0 tcontext=u:object_r:rootfs:s0 tclass=lnk_file
10-01 16:49:13.869  1122  1122 W iptables: type=1400 audit(0.0:199): avc: granted { getattr } for path="/vendor" dev="rootfs" ino=4768 scontext=u:r:netd:s0 tcontext=u:object_r:rootfs:s0 tclass=lnk_file
10-01 16:49:13.909  1123  1123 W ip6tables: type=1400 audit(0.0:200): avc: granted { getattr } for path="/vendor" dev="rootfs" ino=4768 scontext=u:r:netd:s0 tcontext=u:object_r:rootfs:s0 tclass=lnk_file
10-01 16:49:13.959  1124  1124 W iptables: type=1400 audit(0.0:201): avc: granted { getattr } for path="/vendor" dev="rootfs" ino=4768 scontext=u:r:netd:s0 tcontext=u:object_r:rootfs:s0 tclass=lnk_file
10-01 16:49:14.009  1125  1125 W ip6tables: type=1400 audit(0.0:202): avc: granted { getattr } for path="/vendor" dev="rootfs" ino=4768 scontext=u:r:netd:s0 tcontext=u:object_r:rootfs:s0 tclass=lnk_file
10-01 16:49:14.023  1097  1097 I mediaserver: ServiceManager: 0xa6c0e560
10-01 16:49:14.025  1097  1097 W BatteryNotifier: batterystats service unavailable!
10-01 16:49:14.059  1127  1127 W iptables: type=1400 audit(0.0:203): avc: granted { getattr } for path="/vendor" dev="rootfs" ino=4768 scontext=u:r:netd:s0 tcontext=u:object_r:rootfs:s0 tclass=lnk_file
10-01 16:49:14.099  1128  1128 W ip6tables: type=1400 audit(0.0:204): avc: granted { getattr } for path="/vendor" dev="rootfs" ino=4768 scontext=u:r:netd:s0 tcontext=u:object_r:rootfs:s0 tclass=lnk_file
10-01 16:49:14.157  1098  1098 I Netd    : Creating child chains: 1256.9ms
10-01 16:49:14.158  1098  1098 I Netd    : Setting up OEM hooks: 0.3ms
10-01 16:49:14.189  1098  1098 I Netd    : Setting up FirewallController hooks: 31.6ms
10-01 16:49:14.203  1098  1098 I Netd    : Setting up NatController hooks: 14.0ms
10-01 16:49:14.215  1098  1098 I Netd    : Setting up BandwidthController hooks: 12.2ms
10-01 16:49:14.215  1098  1098 I Netd    : Setting up IdletimerController hooks: 0.1ms
10-01 16:49:14.243  1098  1098 I Netd    : Disabling bandwidth control: 27.9ms
10-01 16:49:14.250  1098  1098 E Netd    : Error adding route 0.0.0.0/0 -> (null) dummy0 to table 1002: File exists
10-01 16:49:14.250  1098  1098 I Netd    : Initializing RouteController: 7.0ms
10-01 16:49:14.255  1098  1098 D MDnsDS  : MDnsSdListener::Hander starting up
10-01 16:49:14.255  1098  1134 D MDnsDS  : MDnsSdListener starting to monitor
10-01 16:49:14.255  1098  1134 D MDnsDS  : Going to poll with pollCount 1
10-01 16:49:14.258  1098  1098 I Netd    : Registering NetdNativeService: 2.6ms
10-01 16:49:14.259  1098  1098 I Netd    : Starting CommandListener: 0.4ms
10-01 16:49:14.259  1098  1098 I Netd    : Netd started in 1425ms
10-01 16:49:15.124  1094  1094 D AndroidRuntime: >>>>>> START com.android.internal.os.ZygoteInit uid 0 <<<<<<
10-01 16:49:15.149  1094  1094 I zygote  : option[0]=-Xzygote
10-01 16:49:15.149  1094  1094 I zygote  : option[1]=-Xstacktracefile:/data/anr/traces.txt
10-01 16:49:15.149  1094  1094 I zygote  : option[2]=exit
10-01 16:49:15.149  1094  1094 I zygote  : option[3]=vfprintf
10-01 16:49:15.149  1094  1094 I zygote  : option[4]=sensitiveThread
10-01 16:49:15.149  1094  1094 I zygote  : option[5]=-verbose:gc
10-01 16:49:15.149  1094  1094 I zygote  : option[6]=-Xms8m
10-01 16:49:15.149  1094  1094 I zygote  : option[7]=-Xmx512m
10-01 16:49:15.149  1094  1094 I zygote  : option[8]=-XX:HeapGrowthLimit=192m
10-01 16:49:15.149  1094  1094 I zygote  : option[9]=-XX:HeapMinFree=512k
10-01 16:49:15.150  1094  1094 I zygote  : option[10]=-XX:HeapMaxFree=8m
10-01 16:49:15.150  1094  1094 I zygote  : option[11]=-XX:HeapTargetUtilization=0.75
10-01 16:49:15.150  1094  1094 I zygote  : option[12]=-Xusejit:true
10-01 16:49:15.150  1094  1094 I zygote  : option[13]=-Xjitsaveprofilinginfo
10-01 16:49:15.150  1094  1094 I zygote  : option[14]=-agentlib:jdwp=transport=dt_android_adb,suspend=n,server=y
10-01 16:49:15.150  1094  1094 I zygote  : option[15]=-Ximage-compiler-option
10-01 16:49:15.150  1094  1094 I zygote  : option[16]=--runtime-arg
10-01 16:49:15.150  1094  1094 I zygote  : option[17]=-Ximage-compiler-option
10-01 16:49:15.150  1094  1094 I zygote  : option[18]=-Xms64m
10-01 16:49:15.151  1094  1094 I zygote  : option[19]=-Ximage-compiler-option
10-01 16:49:15.151  1094  1094 I zygote  : option[20]=--runtime-arg
10-01 16:49:15.151  1094  1094 I zygote  : option[21]=-Ximage-compiler-option
10-01 16:49:15.151  1094  1094 I zygote  : option[22]=-Xmx64m
10-01 16:49:15.151  1094  1094 I zygote  : option[23]=-Ximage-compiler-option
10-01 16:49:15.151  1094  1094 I zygote  : option[24]=--image-classes=/system/etc/preloaded-classes
10-01 16:49:15.151  1094  1094 I zygote  : option[25]=-Ximage-compiler-option
10-01 16:49:15.151  1094  1094 I zygote  : option[26]=--compiled-classes=/system/etc/compiled-classes
10-01 16:49:15.151  1094  1094 I zygote  : option[27]=-Xcompiler-option
10-01 16:49:15.151  1094  1094 I zygote  : option[28]=--runtime-arg
10-01 16:49:15.152  1094  1094 I zygote  : option[29]=-Xcompiler-option
10-01 16:49:15.152  1094  1094 I zygote  : option[30]=-Xms64m
10-01 16:49:15.152  1094  1094 I zygote  : option[31]=-Xcompiler-option
10-01 16:49:15.152  1094  1094 I zygote  : option[32]=--runtime-arg
10-01 16:49:15.152  1094  1094 I zygote  : option[33]=-Xcompiler-option
10-01 16:49:15.152  1094  1094 I zygote  : option[34]=-Xmx512m
10-01 16:49:15.152  1094  1094 I zygote  : option[35]=-Ximage-compiler-option
10-01 16:49:15.152  1094  1094 I zygote  : option[36]=--instruction-set-variant=krait
10-01 16:49:15.152  1094  1094 I zygote  : option[37]=-Xcompiler-option
10-01 16:49:15.153  1094  1094 I zygote  : option[38]=--instruction-set-variant=krait
10-01 16:49:15.153  1094  1094 I zygote  : option[39]=-Ximage-compiler-option
10-01 16:49:15.153  1094  1094 I zygote  : option[40]=--instruction-set-features=default
10-01 16:49:15.153  1094  1094 I zygote  : option[41]=-Xcompiler-option
10-01 16:49:15.153  1094  1094 I zygote  : option[42]=--instruction-set-features=default
10-01 16:49:15.153  1094  1094 I zygote  : option[43]=-Duser.locale=en-US
10-01 16:49:15.153  1094  1094 I zygote  : option[44]=--cpu-abilist=armeabi-v7a,armeabi
10-01 16:49:15.153  1094  1094 I zygote  : option[45]=-Xfingerprint:google/nitrogen_mako/mako:8.0.0/OPR6.170623.017/217:userdebug/test-keys
10-01 16:49:15.713  1094  1094 I SamplingProfilerIntegration: Profiling disabled.
10-01 16:49:15.714  1094  1094 D Zygote  : begin preload
10-01 16:49:15.714  1094  1094 I Zygote  : Installing ICU cache reference pinning...
10-01 16:49:15.714  1094  1094 I Zygote  : Preloading ICU data...
10-01 16:49:15.758  1094  1094 D Zygote32Timing: BeginIcuCachePinning took to complete: 44ms
10-01 16:49:15.759  1094  1094 I Zygote  : Preloading classes...
10-01 16:49:16.552  1094  1094 E ActivityRecognitionHardware: activity_recognition HAL is deprecated. class_init is effectively a no-op
