--------- beginning of system
10-03 18:01:44.799   172   172 I vold    : Vold 3.0 (the awakening) firing up
10-03 18:01:44.800   172   172 V vold    : Detected support for: ext4 f2fs vfat
10-03 18:01:44.805   172   172 I vold    : [libfs_mgr]fs_mgr_read_fstab_dt(): failed to read fstab from dt
10-03 18:01:44.808   172   178 D vold    : e4crypt_init_user0
10-03 18:01:44.808   172   178 D vold    : e4crypt_prepare_user_storage for volume null, user 0, serial 0, flags 1
10-03 18:01:44.808   172   178 D vold    : Preparing: /data/system/users/0
10-03 18:01:44.808   172   178 D vold    : Preparing: /data/misc/profiles/cur/0
10-03 18:01:44.809   172   178 D vold    : Preparing: /data/system_de/0
10-03 18:01:44.809   172   178 D vold    : Preparing: /data/misc_de/0
10-03 18:01:44.809   172   178 D vold    : Preparing: /data/user_de/0
10-03 18:01:44.809   172   178 D vold    : e4crypt_unlock_user_key 0 serial=0 token_present=0
10-03 18:01:44.809   172   178 E vold    : Failed to chmod /data/system_ce/0: No such file or directory
10-03 18:01:44.810   172   178 E vold    : Failed to chmod /data/misc_ce/0: No such file or directory
10-03 18:01:48.068   216   216 I installd: installd firing up
10-03 18:01:48.099   192   192 I android.hardware.wifi@1.0-service: Wifi Hal is starting up...
10-03 18:01:48.177   223   223 I wificond: wificond is starting up...
--------- beginning of crash
10-03 18:01:48.340   228   228 F libc    : CANNOT LINK EXECUTABLE "/vendor/bin/mm-qcamera-daemon": "/system/vendor/lib/libmmjpeg.so" has text relocations
10-03 18:01:48.340   228   228 F libc    : Fatal signal 6 (SIGABRT), code -6 in tid 228 (mm-qcamera-daem)
10-03 18:01:48.466   228   228 F libc    : failed to resend signal during crash: Operation not permitted
10-03 18:01:49.128   222   343 I /system/bin/storaged: storaged: Start
10-03 18:01:52.861   421   421 F libc    : CANNOT LINK EXECUTABLE "/vendor/bin/mm-qcamera-daemon": "/system/vendor/lib/libmmjpeg.so" has text relocations
10-03 18:01:52.862   421   421 F libc    : Fatal signal 6 (SIGABRT), code -6 in tid 421 (mm-qcamera-daem)
10-03 18:01:52.896   421   421 F libc    : failed to resend signal during crash: Operation not permitted
10-03 18:01:57.990   441   441 F libc    : CANNOT LINK EXECUTABLE "/vendor/bin/mm-qcamera-daemon": "/system/vendor/lib/libmmjpeg.so" has text relocations
10-03 18:01:57.990   441   441 F libc    : Fatal signal 6 (SIGABRT), code -6 in tid 441 (mm-qcamera-daem)
10-03 18:01:58.026   441   441 F libc    : failed to resend signal during crash: Operation not permitted
10-03 18:02:03.009   476   476 F libc    : CANNOT LINK EXECUTABLE "/vendor/bin/mm-qcamera-daemon": "/system/vendor/lib/libmmjpeg.so" has text relocations
10-03 18:02:03.010   476   476 F libc    : Fatal signal 6 (SIGABRT), code -6 in tid 476 (mm-qcamera-daem)
10-03 18:02:03.090   476   476 F libc    : failed to resend signal during crash: Operation not permitted
10-03 18:02:07.995   490   490 F libc    : CANNOT LINK EXECUTABLE "/vendor/bin/mm-qcamera-daemon": "/system/vendor/lib/libmmjpeg.so" has text relocations
10-03 18:02:07.996   490   490 F libc    : Fatal signal 6 (SIGABRT), code -6 in tid 490 (mm-qcamera-daem)
10-03 18:02:08.026   490   490 F libc    : failed to resend signal during crash: Operation not permitted
10-03 18:02:12.991   502   502 F libc    : CANNOT LINK EXECUTABLE "/vendor/bin/mm-qcamera-daemon": "/system/vendor/lib/libmmjpeg.so" has text relocations
10-03 18:02:12.992   502   502 F libc    : Fatal signal 6 (SIGABRT), code -6 in tid 502 (mm-qcamera-daem)
10-03 18:02:13.029   502   502 F libc    : failed to resend signal during crash: Operation not permitted
10-03 18:02:18.034   513   513 F libc    : CANNOT LINK EXECUTABLE "/vendor/bin/mm-qcamera-daemon": "/system/vendor/lib/libmmjpeg.so" has text relocations
10-03 18:02:18.034   513   513 F libc    : Fatal signal 6 (SIGABRT), code -6 in tid 513 (mm-qcamera-daem)
10-03 18:02:18.066   513   513 F libc    : failed to resend signal during crash: Operation not permitted
10-03 18:02:23.031   533   533 F libc    : CANNOT LINK EXECUTABLE "/vendor/bin/mm-qcamera-daemon": "/system/vendor/lib/libmmjpeg.so" has text relocations
10-03 18:02:23.034   533   533 F libc    : Fatal signal 6 (SIGABRT), code -6 in tid 533 (mm-qcamera-daem)
10-03 18:02:23.066   533   533 F libc    : failed to resend signal during crash: Operation not permitted
10-03 18:02:29.139   547   547 F libc    : CANNOT LINK EXECUTABLE "/vendor/bin/mm-qcamera-daemon": "/system/vendor/lib/libmmjpeg.so" has text relocations
10-03 18:02:29.140   547   547 F libc    : Fatal signal 6 (SIGABRT), code -6 in tid 547 (mm-qcamera-daem)
10-03 18:02:29.259   547   547 F libc    : failed to resend signal during crash: Operation not permitted
10-03 18:02:34.208   553   553 F libc    : CANNOT LINK EXECUTABLE "/vendor/bin/mm-qcamera-daemon": "/system/vendor/lib/libmmjpeg.so" has text relocations
10-03 18:02:34.208   553   553 F libc    : Fatal signal 6 (SIGABRT), code -6 in tid 553 (mm-qcamera-daem)
10-03 18:02:36.835   553   553 F libc    : failed to resend signal during crash: Operation not permitted
10-03 18:02:39.840   559   559 F libc    : CANNOT LINK EXECUTABLE "/vendor/bin/mm-qcamera-daemon": "/system/vendor/lib/libmmjpeg.so" has text relocations
10-03 18:02:39.840   559   559 F libc    : Fatal signal 6 (SIGABRT), code -6 in tid 559 (mm-qcamera-daem)
10-03 18:02:40.056   559   559 F libc    : failed to resend signal during crash: Operation not permitted
10-03 18:02:46.029   565   565 F libc    : CANNOT LINK EXECUTABLE "/vendor/bin/mm-qcamera-daemon": "/system/vendor/lib/libmmjpeg.so" has text relocations
10-03 18:02:46.029   565   565 F libc    : Fatal signal 6 (SIGABRT), code -6 in tid 565 (mm-qcamera-daem)
10-03 18:02:47.523   565   565 F libc    : failed to resend signal during crash: Operation not permitted
10-03 18:02:50.022   580   580 F libc    : CANNOT LINK EXECUTABLE "/vendor/bin/mm-qcamera-daemon": "/system/vendor/lib/libmmjpeg.so" has text relocations
10-03 18:02:50.022   580   580 F libc    : Fatal signal 6 (SIGABRT), code -6 in tid 580 (mm-qcamera-daem)
10-03 18:02:50.052   580   580 F libc    : failed to resend signal during crash: Operation not permitted
10-03 18:02:55.025   591   591 F libc    : CANNOT LINK EXECUTABLE "/vendor/bin/mm-qcamera-daemon": "/system/vendor/lib/libmmjpeg.so" has text relocations
10-03 18:02:55.025   591   591 F libc    : Fatal signal 6 (SIGABRT), code -6 in tid 591 (mm-qcamera-daem)
10-03 18:02:55.065   591   591 F libc    : failed to resend signal during crash: Operation not permitted
10-03 18:02:58.611   186   186 D Zygote32Timing: BeginIcuCachePinning took to complete: 76ms
10-03 18:02:59.739   186   186 D Zygote32Timing: PreloadClasses took to complete: 1128ms
10-03 18:03:00.029   605   605 F libc    : CANNOT LINK EXECUTABLE "/vendor/bin/mm-qcamera-daemon": "/system/vendor/lib/libmmjpeg.so" has text relocations
10-03 18:03:00.029   605   605 F libc    : Fatal signal 6 (SIGABRT), code -6 in tid 605 (mm-qcamera-daem)
10-03 18:03:00.062   605   605 F libc    : failed to resend signal during crash: Operation not permitted
10-03 18:03:00.204   186   186 D Zygote32Timing: PreloadResources took to complete: 465ms
10-03 18:03:00.314   186   186 D Zygote32Timing: ZygotePreload took to complete: 1779ms
10-03 18:03:00.419   186   186 D Zygote32Timing: PostZygoteInitGC took to complete: 105ms
10-03 18:03:00.419   186   186 D Zygote32Timing: ZygoteInit took to complete: 1885ms
10-03 18:03:05.028   637   637 F libc    : CANNOT LINK EXECUTABLE "/vendor/bin/mm-qcamera-daemon": "/system/vendor/lib/libmmjpeg.so" has text relocations
10-03 18:03:05.028   637   637 F libc    : Fatal signal 6 (SIGABRT), code -6 in tid 637 (mm-qcamera-daem)
10-03 18:03:05.062   637   637 F libc    : failed to resend signal during crash: Operation not permitted
10-03 18:03:10.029   642   642 F libc    : CANNOT LINK EXECUTABLE "/vendor/bin/mm-qcamera-daemon": "/system/vendor/lib/libmmjpeg.so" has text relocations
10-03 18:03:10.029   642   642 F libc    : Fatal signal 6 (SIGABRT), code -6 in tid 642 (mm-qcamera-daem)
10-03 18:03:10.062   642   642 F libc    : failed to resend signal during crash: Operation not permitted
10-03 18:03:15.029   658   658 F libc    : CANNOT LINK EXECUTABLE "/vendor/bin/mm-qcamera-daemon": "/system/vendor/lib/libmmjpeg.so" has text relocations
10-03 18:03:15.029   658   658 F libc    : Fatal signal 6 (SIGABRT), code -6 in tid 658 (mm-qcamera-daem)
10-03 18:03:15.060   658   658 F libc    : failed to resend signal during crash: Operation not permitted
10-03 18:03:20.031   682   682 F libc    : CANNOT LINK EXECUTABLE "/vendor/bin/mm-qcamera-daemon": "/system/vendor/lib/libmmjpeg.so" has text relocations
10-03 18:03:20.032   682   682 F libc    : Fatal signal 6 (SIGABRT), code -6 in tid 682 (mm-qcamera-daem)
10-03 18:03:20.065   682   682 F libc    : failed to resend signal during crash: Operation not permitted
10-03 18:03:22.705   611   611 I SystemServer: InitBeforeStartServices
10-03 18:03:22.706   611   611 W SystemServer: Timezone not set; setting to GMT.
10-03 18:03:22.714   611   611 I SystemServer: Entered the Android system server!
10-03 18:03:22.978   611   611 D SystemServerTiming: InitBeforeStartServices took to complete: 272ms
10-03 18:03:22.978   611   611 I SystemServer: StartServices
10-03 18:03:22.978   611   611 I SystemServer: Reading configuration...
10-03 18:03:22.978   611   611 I SystemServer: ReadingSystemConfig
10-03 18:03:22.979   611   611 D SystemServerTiming: ReadingSystemConfig took to complete: 1ms
10-03 18:03:22.979   611   611 I SystemServer: StartInstaller
10-03 18:03:22.980   611   611 I SystemServiceManager: Starting com.android.server.pm.Installer
10-03 18:03:22.980   611   692 D SystemServerInitThreadPool: Started executing ReadingSystemConfig
10-03 18:03:22.982   611   611 D SystemServerTiming: StartInstaller took to complete: 3ms
10-03 18:03:22.982   611   611 I SystemServer: DeviceIdentifiersPolicyService
10-03 18:03:22.983   611   611 I SystemServiceManager: Starting com.android.server.os.DeviceIdentifiersPolicyService
10-03 18:03:22.986   611   611 D SystemServerTiming: DeviceIdentifiersPolicyService took to complete: 4ms
10-03 18:03:22.986   611   611 I SystemServer: StartActivityManager
10-03 18:03:22.986   611   611 I SystemServiceManager: Starting com.android.server.am.ActivityManagerService$Lifecycle
10-03 18:03:23.017   611   611 I ActivityManager: Memory class: 192
10-03 18:03:23.022   611   694 I ServiceThread: Enabled StrictMode logging for ActivityManager looper.
10-03 18:03:23.031   611   695 I ServiceThread: Enabled StrictMode logging for android.ui looper.
10-03 18:03:23.057   611   692 D SystemServerInitThreadPool: Finished executing ReadingSystemConfig
10-03 18:03:23.104   611   611 D BatteryStatsImpl: Reading daily items from /data/system/batterystats-daily.xml
10-03 18:03:23.234   611   611 I AppOps  : No existing app ops /data/system/appops.xml; starting empty
10-03 18:03:23.243   611   611 I IntentFirewall: Read new rules (A:0 B:0 S:0)
10-03 18:03:23.253   611   702 I ServiceThread: Enabled StrictMode logging for android.display looper.
10-03 18:03:23.310   611   611 D AppOps  : AppOpsService published
10-03 18:03:23.311   611   611 W SystemServiceManager: Service com.android.server.am.ActivityManagerService$Lifecycle took 58 ms in onStart
10-03 18:03:23.312   611   611 D SystemServerTiming: StartActivityManager took to complete: 325ms
10-03 18:03:23.312   611   611 I SystemServer: StartPowerManager
10-03 18:03:23.312   611   611 I SystemServiceManager: Starting com.android.server.power.PowerManagerService
10-03 18:03:23.316   611   704 I ServiceThread: Enabled StrictMode logging for PowerManagerService looper.
10-03 18:03:23.355   611   611 D SystemServerTiming: StartPowerManager took to complete: 43ms
10-03 18:03:23.356   611   611 I SystemServer: InitPowerManagement
10-03 18:03:23.358   611   611 D SystemServerTiming: InitPowerManagement took to complete: 2ms
10-03 18:03:23.358   611   611 I SystemServer: StartRecoverySystemService
10-03 18:03:23.358   611   611 I SystemServiceManager: Starting com.android.server.RecoverySystemService
10-03 18:03:23.361   611   611 D SystemServerTiming: StartRecoverySystemService took to complete: 3ms
10-03 18:03:23.363   611   611 V RescueParty: Disabled because of active USB connection
10-03 18:03:23.363   611   611 I SystemServer: StartLightsService
10-03 18:03:23.363   611   611 I SystemServiceManager: Starting com.android.server.lights.LightsService
10-03 18:03:23.364   611   611 D SystemServerTiming: StartLightsService took to complete: 1ms
10-03 18:03:23.364   611   611 I SystemServer: StartDisplayManager
10-03 18:03:23.364   611   611 I SystemServiceManager: Starting com.android.server.display.DisplayManagerService
10-03 18:03:23.377   611   611 D SystemServerTiming: StartDisplayManager took to complete: 13ms
10-03 18:03:23.377   611   611 I SystemServer: WaitForDisplay
10-03 18:03:23.377   611   611 I SystemServiceManager: Starting phase 100
10-03 18:03:23.384   611   702 I DisplayManagerService: Display device added: DisplayDeviceInfo{"Built-in Screen": uniqueId="local:0", 768 x 1280, modeId 1, defaultModeId 1, supportedModes [{id=1, width=768, height=1280, fps=60.0}], colorMode 0, supportedColorModes [0], HdrCapabilities android.view.Display$HdrCapabilities@a69d6308, density 320, 159.895 x 160.157 dpi, appVsyncOff 1000000, presDeadline 16666667, touch INTERNAL, rotation 0, type BUILT_IN, state UNKNOWN, FLAG_DEFAULT_DISPLAY, FLAG_ROTATES_WITH_CONTENT, FLAG_SECURE, FLAG_SUPPORTS_PROTECTED_BUFFERS}
10-03 18:03:23.406   611   702 I DisplayManagerService: Display device changed state: "Built-in Screen", ON
10-03 18:03:23.406   611   611 D SystemServerTiming: WaitForDisplay took to complete: 29ms
10-03 18:03:23.407   611   611 I SystemServer: StartPackageManagerService
10-03 18:03:23.440   611   611 W FileUtils: Failed to chmod(/data/system/packages.list): android.system.ErrnoException: chmod failed: ENOENT (No such file or directory)
10-03 18:03:23.488   611   611 D SELinuxMMAC: Using policy file /system/etc/selinux/plat_mac_permissions.xml
10-03 18:03:23.494   611   611 D SELinuxMMAC: Using policy file /vendor/etc/selinux/nonplat_mac_permissions.xml
10-03 18:03:23.507   611   611 I PackageManager: No settings file; creating initial state
10-03 18:03:23.658   611   611 I PackageManager: /system/framework/framework-res.apk changed; collecting certs
10-03 18:03:24.011   611   611 E PackageManager: Adding duplicate shared id: 1000 name=android
10-03 18:03:24.045   611   611 I PackageManager: /system/priv-app/BackupRestoreConfirmation changed; collecting certs
10-03 18:03:24.075   611   611 I PackageManager: /system/priv-app/CallLogBackup changed; collecting certs
10-03 18:03:24.095   611   611 E PackageManager: Adding duplicate user id: 10001 name=com.android.calllogbackup
10-03 18:03:24.098   611   611 I PackageManager: /system/priv-app/CarrierConfig changed; collecting certs
10-03 18:03:24.108   611   611 I PackageManager: /system/priv-app/BlockedNumberProvider changed; collecting certs
10-03 18:03:24.116   611   611 E PackageManager: Adding duplicate user id: 10001 name=com.android.providers.blockednumber
10-03 18:03:24.119   611   611 I PackageManager: /system/priv-app/CalendarProvider changed; collecting certs
10-03 18:03:24.129   611   611 E PackageManager: Adding duplicate user id: 10003 name=com.android.providers.calendar
10-03 18:03:24.132   611   611 I PackageManager: /system/priv-app/CtsShimPrivPrebuilt changed; collecting certs
10-03 18:03:24.138   611   611 I PackageManager: /system/priv-app/ContactsProvider changed; collecting certs
10-03 18:03:24.149   611   611 E PackageManager: Adding duplicate user id: 10001 name=com.android.providers.contacts
10-03 18:03:24.152   611   611 I PackageManager: /system/priv-app/CellBroadcastReceiver changed; collecting certs
10-03 18:03:24.203   611   611 I PackageManager: /system/priv-app/DefaultContainerService changed; collecting certs
10-03 18:03:24.213   611   724 W PackageParser: No actions in intent filter at /system/priv-app/Contacts/Contacts.apk Binary XML file line #443
10-03 18:03:24.226   611   611 I PackageManager: /system/priv-app/Contacts changed; collecting certs
10-03 18:03:24.387   611   611 I PackageManager: /system/priv-app/DocumentsUI changed; collecting certs
10-03 18:03:24.427   611   611 I PackageManager: /system/priv-app/ExtServices changed; collecting certs
10-03 18:03:24.432   611   611 I PackageManager: /system/priv-app/DownloadProvider changed; collecting certs
10-03 18:03:24.443   611   611 E PackageManager: Adding duplicate user id: 10010 name=com.android.providers.downloads
10-03 18:03:24.448   611   611 I PackageManager: /system/priv-app/EmergencyInfo changed; collecting certs
10-03 18:03:24.467   611   611 E PackageManager: Adding duplicate user id: 10011 name=com.android.emergency
10-03 18:03:24.470   611   611 I PackageManager: /system/priv-app/ExternalStorageProvider changed; collecting certs
10-03 18:03:24.476   611   611 I PackageManager: /system/priv-app/FusedLocation changed; collecting certs
10-03 18:03:24.479   611   611 E PackageManager: Adding duplicate shared id: 1000 name=com.android.location.fused
10-03 18:03:24.482   611   611 I PackageManager: /system/priv-app/InputDevices changed; collecting certs
10-03 18:03:24.488   611   611 E PackageManager: Adding duplicate shared id: 1000 name=com.android.inputdevices
10-03 18:03:24.491   611   611 I PackageManager: /system/priv-app/Dialer changed; collecting certs
10-03 18:03:24.578   611   727 W PackageParser: Ignoring duplicate uses-permissions/uses-permissions-sdk-m: android.permission.INSTALL_GRANT_RUNTIME_PERMISSIONS in package: com.android.shell at: Binary XML file line #105
10-03 18:03:24.678   611   611 I PackageManager: /system/priv-app/MmsService changed; collecting certs
10-03 18:03:24.682   611   611 E PackageManager: Adding duplicate shared id: 1001 name=com.android.mms.service
10-03 18:03:24.685   611   611 I PackageManager: /system/priv-app/Launcher3 changed; collecting certs
10-03 18:03:24.706   611   611 I PackageManager: /system/priv-app/ManagedProvisioning changed; collecting certs
10-03 18:03:24.741   611   611 I PackageManager: /system/priv-app/MediaProvider changed; collecting certs
10-03 18:03:24.752   611   611 E PackageManager: Adding duplicate user id: 10010 name=com.android.providers.media
10-03 18:03:24.758   611   611 I PackageManager: /system/priv-app/MtpDocumentsProvider changed; collecting certs
10-03 18:03:24.772   611   611 E PackageManager: Adding duplicate user id: 10010 name=com.android.mtp
10-03 18:03:24.776   611   611 I PackageManager: /system/priv-app/MusicFX changed; collecting certs
10-03 18:03:24.801   611   611 I PackageManager: /system/priv-app/OneTimeInitializer changed; collecting certs
10-03 18:03:24.807   611   611 I PackageManager: /system/priv-app/Provision changed; collecting certs
10-03 18:03:24.813   611   611 I PackageManager: /system/priv-app/ProxyHandler changed; collecting certs
10-03 18:03:24.817   611   611 I PackageManager: /system/priv-app/SharedStorageBackup changed; collecting certs
10-03 18:03:24.822   611   611 I PackageManager: /system/priv-app/SettingsProvider changed; collecting certs
10-03 18:03:24.839   611   611 E PackageManager: Adding duplicate shared id: 1000 name=com.android.providers.settings
10-03 18:03:24.843   611   611 I PackageManager: /system/priv-app/PackageInstaller changed; collecting certs
10-03 18:03:24.929   611   727 W PackageParser: Ignoring duplicate uses-permissions/uses-permissions-sdk-m: android.permission.CONFIGURE_WIFI_DISPLAY in package: com.android.systemui at: Binary XML file line #125
10-03 18:03:25.011   611   611 I PackageManager: /system/priv-app/Shell changed; collecting certs
10-03 18:03:25.018   611   611 E PackageManager: Adding duplicate shared id: 2000 name=com.android.shell
10-03 18:03:25.024   611   611 I PackageManager: /system/priv-app/StatementService changed; collecting certs
10-03 18:03:25.032   611   611 I PackageManager: /system/priv-app/Tag changed; collecting certs
10-03 18:03:25.033   739   739 F libc    : CANNOT LINK EXECUTABLE "/vendor/bin/mm-qcamera-daemon": "/system/vendor/lib/libmmjpeg.so" has text relocations
10-03 18:03:25.033   739   739 F libc    : Fatal signal 6 (SIGABRT), code -6 in tid 739 (mm-qcamera-daem)
10-03 18:03:25.050   611   611 I PackageManager: /system/priv-app/StorageManager changed; collecting certs
10-03 18:03:25.071   739   739 F libc    : failed to resend signal during crash: Operation not permitted
10-03 18:03:25.128   611   611 I PackageManager: /system/priv-app/Telecom changed; collecting certs
10-03 18:03:25.181   611   611 E PackageManager: Adding duplicate shared id: 1000 name=com.android.server.telecom
10-03 18:03:25.184   611   611 I PackageManager: /system/priv-app/TeleService changed; collecting certs
10-03 18:03:25.287   611   611 E PackageManager: Adding duplicate shared id: 1001 name=com.android.phone
10-03 18:03:25.291   611   611 I PackageManager: /system/priv-app/TelephonyProvider changed; collecting certs
10-03 18:03:25.298   611   611 E PackageManager: Adding duplicate shared id: 1001 name=com.android.providers.telephony
10-03 18:03:25.301   611   611 I PackageManager: /system/priv-app/SystemUI changed; collecting certs
10-03 18:03:25.481   611   611 E PackageManager: Adding duplicate user id: 10025 name=com.android.systemui
10-03 18:03:25.485   611   611 I PackageManager: /system/priv-app/VpnDialogs changed; collecting certs
10-03 18:03:25.492   611   611 I PackageManager: /system/priv-app/WallpaperCropper changed; collecting certs
10-03 18:03:25.498   611   611 I PackageManager: /system/priv-app/Settings changed; collecting certs
10-03 18:03:25.916   611   611 E PackageManager: Adding duplicate shared id: 1000 name=com.android.settings
10-03 18:03:25.954   611   611 I PackageManager: /system/app/BluetoothMidiService changed; collecting certs
10-03 18:03:25.965   611   611 I PackageManager: /system/app/BasicDreams changed; collecting certs
10-03 18:03:25.972   611   611 I PackageManager: /system/app/BookmarkProvider changed; collecting certs
10-03 18:03:25.986   611   752 W PackageParser: Ignoring duplicate uses-permissions/uses-permissions-sdk-m: android.permission.READ_CONTACTS in package: com.android.bluetooth at: Binary XML file line #61
10-03 18:03:25.990   611   752 W PackageParser: No actions in intent filter at /system/app/Bluetooth/Bluetooth.apk Binary XML file line #218
10-03 18:03:26.002   611   611 I PackageManager: /system/app/BuiltInPrintService changed; collecting certs
10-03 18:03:26.026   611   611 I PackageManager: /system/app/Browser2 changed; collecting certs
10-03 18:03:26.034   611   611 I PackageManager: /system/app/Bluetooth changed; collecting certs
10-03 18:03:26.045   611   752 W PackageParser: No actions in intent filter at /system/app/CarrierDefaultApp/CarrierDefaultApp.apk Binary XML file line #49
10-03 18:03:26.072   611   611 E PackageManager: Adding duplicate shared id: 1002 name=com.android.bluetooth
10-03 18:03:26.083   611   611 I PackageManager: /system/app/CaptivePortalLogin changed; collecting certs
10-03 18:03:26.090   611   611 I PackageManager: /system/app/Calendar changed; collecting certs
10-03 18:03:26.123   611   611 I PackageManager: /system/app/CarrierDefaultApp changed; collecting certs
10-03 18:03:26.130   611   611 I PackageManager: /system/app/Camera2 changed; collecting certs
10-03 18:03:26.236   611   753 W PackageParser: Ignoring duplicate uses-permissions/uses-permissions-sdk-m: android.permission.WRITE_CONTACTS in package: com.android.email at: Binary XML file line #40
10-03 18:03:26.242   611   611 I PackageManager: /system/app/CtsShimPrebuilt changed; collecting certs
10-03 18:03:26.247   611   611 I PackageManager: /system/app/CompanionDeviceManager changed; collecting certs
10-03 18:03:26.251   611   611 I PackageManager: /system/app/CertInstaller changed; collecting certs
10-03 18:03:26.262   611   611 I PackageManager: /system/app/DownloadProviderUi changed; collecting certs
10-03 18:03:26.270   611   611 E PackageManager: Adding duplicate user id: 10010 name=com.android.providers.downloads.ui
10-03 18:03:26.274   611   611 I PackageManager: /system/app/EasterEgg changed; collecting certs
10-03 18:03:26.299   611   611 I PackageManager: /system/app/ExtShared changed; collecting certs
10-03 18:03:26.300   611   753 W PackageParser: Ignoring duplicate uses-permissions/uses-permissions-sdk-m: android.permission.CHANGE_WIFI_STATE in package: com.android.nfc at: Binary XML file line #47
10-03 18:03:26.300   611   753 W PackageParser: Ignoring duplicate uses-permissions/uses-permissions-sdk-m: android.permission.ACCESS_WIFI_STATE in package: com.android.nfc at: Binary XML file line #48
10-03 18:03:26.304   611   611 I PackageManager: /system/app/ExactCalculator changed; collecting certs
10-03 18:03:26.323   611   611 I PackageManager: /system/app/DeskClock changed; collecting certs
10-03 18:03:26.392   611   611 I PackageManager: /system/app/HTMLViewer changed; collecting certs
10-03 18:03:26.398   611   611 I PackageManager: /system/app/KeyChain changed; collecting certs
10-03 18:03:26.405   611   611 E PackageManager: Adding duplicate shared id: 1000 name=com.android.keychain
10-03 18:03:26.407   611   611 I PackageManager: /system/app/Email changed; collecting certs
10-03 18:03:26.509   611   611 I PackageManager: /system/app/Gallery2 changed; collecting certs
10-03 18:03:26.619   611   611 I PackageManager: /system/app/LiveWallpapersPicker changed; collecting certs
10-03 18:03:26.648   611   611 I PackageManager: /system/app/NfcNci changed; collecting certs
10-03 18:03:26.686   611   611 E PackageManager: Adding duplicate shared id: 1027 name=com.android.nfc
10-03 18:03:26.692   611   611 I PackageManager: /system/app/OpenWnn changed; collecting certs
10-03 18:03:26.726   611   611 I PackageManager: /system/app/PacProcessor changed; collecting certs
10-03 18:03:26.731   611   611 I PackageManager: /system/app/PhotoTable changed; collecting certs
10-03 18:03:26.744   611   611 I PackageManager: /system/app/PrintRecommendationService changed; collecting certs
10-03 18:03:26.749   611   611 I PackageManager: /system/app/PrintSpooler changed; collecting certs
10-03 18:03:26.763   611   611 I PackageManager: /system/app/PicoTts changed; collecting certs
10-03 18:03:26.769   611   611 I PackageManager: /system/app/LatinIME changed; collecting certs
10-03 18:03:27.140   611   611 I PackageManager: /system/app/QuickSearchBox changed; collecting certs
10-03 18:03:27.150   611   611 I PackageManager: /system/app/UserDictionaryProvider changed; collecting certs
10-03 18:03:27.155   611   611 E PackageManager: Adding duplicate user id: 10001 name=com.android.providers.userdictionary
10-03 18:03:27.157   611   611 I PackageManager: /system/app/WAPPushManager changed; collecting certs
10-03 18:03:27.162   611   611 I PackageManager: /system/app/WallpaperBackup changed; collecting certs
10-03 18:03:27.165   611   611 E PackageManager: Adding duplicate shared id: 1000 name=com.android.wallpaperbackup
10-03 18:03:27.167   611   611 I PackageManager: /system/app/messaging changed; collecting certs
10-03 18:03:27.312   611   611 I PackageManager: /system/app/webview changed; collecting certs
10-03 18:03:28.265   611   611 I PackageManager: Time to scan packages: 4.75 seconds
10-03 18:03:28.278   611   611 V PackageManager: reconcileAppsData for null u0 0x3 migrateAppData=true
10-03 18:03:28.582   611   611 V PackageManager: reconcileAppsData finished 18 packages
10-03 18:03:28.583   611   761 D SystemServerInitThreadPool: Started executing prepareAppData
10-03 18:03:28.589   611   761 D SystemServerTimingAsync: AppDataFixup took to complete: 6ms
10-03 18:03:28.675   611   611 D PackageManager: Ephemeral resolver not found with new action; try old one
10-03 18:03:28.675   611   611 D PackageManager: Ephemeral resolver NOT found; no matching intent filters
10-03 18:03:28.675   611   611 D PackageManager: Ephemeral installer not found with new action; try old one
10-03 18:03:28.676   611   611 D PackageManager: Clear ephemeral installer activity
10-03 18:03:28.764   611   611 D SystemServerTiming: StartPackageManagerService took to complete: 5357ms
10-03 18:03:28.764   611   611 I SystemServer: StartOtaDexOptService
10-03 18:03:28.766   611   611 D OTADexopt: No upgrade, skipping A/B artifacts check.
10-03 18:03:28.766   611   611 D SystemServerTiming: StartOtaDexOptService took to complete: 2ms
10-03 18:03:28.767   611   611 I SystemServer: StartUserManagerService
10-03 18:03:28.767   611   611 I SystemServiceManager: Starting com.android.server.pm.UserManagerService$LifeCycle
10-03 18:03:28.768   611   611 D SystemServerTiming: StartUserManagerService took to complete: 1ms
10-03 18:03:28.768   611   611 I SystemServer: InitAttributerCache
10-03 18:03:28.768   611   611 D SystemServerTiming: InitAttributerCache took to complete: 0ms
10-03 18:03:28.768   611   611 I SystemServer: SetSystemProcess
10-03 18:03:28.786   611   611 D SystemServerTiming: SetSystemProcess took to complete: 18ms
10-03 18:03:28.788   611   763 I ServiceThread: Enabled StrictMode logging for android.anim looper.
10-03 18:03:28.789   611   611 I SystemServer: StartOverlayManagerService
10-03 18:03:28.795   611   611 D SystemServerTiming: StartOverlayManagerService took to complete: 6ms
10-03 18:03:28.795   611   611 I SystemServer: StartDropBoxManager
10-03 18:03:28.797   611   611 I SystemServiceManager: Starting com.android.server.DropBoxManagerService
10-03 18:03:28.799   611   611 D SystemServerTiming: StartDropBoxManager took to complete: 4ms
10-03 18:03:28.799   611   611 I SystemServer: StartBatteryService
10-03 18:03:28.800   611   611 I SystemServiceManager: Starting com.android.server.BatteryService
10-03 18:03:28.804   611   764 D SystemServerInitThreadPool: Started executing Init OverlayManagerService
10-03 18:03:28.816   611   611 D SystemServerTiming: StartBatteryService took to complete: 17ms
10-03 18:03:28.816   611   611 I SystemServer: StartUsageService
10-03 18:03:28.818   611   611 I SystemServiceManager: Starting com.android.server.usage.UsageStatsService
10-03 18:03:28.839   611   765 D SystemServerInitThreadPool: Started executing StartSensorService
10-03 18:03:28.847   611   764 D SystemServerInitThreadPool: Finished executing Init OverlayManagerService
10-03 18:03:28.893   611   611 W SystemServiceManager: Service com.android.server.usage.UsageStatsService took 74 ms in onStart
10-03 18:03:28.894   611   611 D SystemServerTiming: StartUsageService took to complete: 78ms
10-03 18:03:28.894   611   611 I SystemServer: StartWebViewUpdateService
10-03 18:03:28.895   611   611 I SystemServiceManager: Starting com.android.server.webkit.WebViewUpdateService
10-03 18:03:28.907   611   611 D SystemServerTiming: StartWebViewUpdateService took to complete: 13ms
10-03 18:03:28.910   611   692 D SystemServerInitThreadPool: Started executing SecondaryZygotePreload
10-03 18:03:28.910   611   611 I SystemServer: StartKeyAttestationApplicationIdProviderService
10-03 18:03:28.910   611   692 I SystemServer: SecondaryZygotePreload
10-03 18:03:28.913   611   611 D SystemServerTiming: StartKeyAttestationApplicationIdProviderService took to complete: 3ms
10-03 18:03:28.913   611   611 I SystemServer: StartKeyChainSystemService
10-03 18:03:28.914   611   611 I SystemServiceManager: Starting com.android.server.security.KeyChainSystemService
10-03 18:03:28.915   611   611 D SystemServerTiming: StartKeyChainSystemService took to complete: 2ms
10-03 18:03:28.915   611   611 I SystemServer: StartSchedulingPolicyService
10-03 18:03:28.917   611   611 D SystemServerTiming: StartSchedulingPolicyService took to complete: 2ms
10-03 18:03:28.917   611   611 I SystemServer: StartTelecomLoaderService
10-03 18:03:28.918   611   611 I SystemServiceManager: Starting com.android.server.telecom.TelecomLoaderService
10-03 18:03:28.920   611   611 D SystemServerTiming: StartTelecomLoaderService took to complete: 2ms
10-03 18:03:28.920   611   611 I SystemServer: StartTelephonyRegistry
10-03 18:03:28.921   611   692 E SystemServer: Unable to preload default resources
10-03 18:03:28.922   611   692 D SystemServerTimingAsync: SecondaryZygotePreload took to complete: 12ms
10-03 18:03:28.922   611   692 D SystemServerInitThreadPool: Finished executing SecondaryZygotePreload
10-03 18:03:28.928   611   611 D SystemServerTiming: StartTelephonyRegistry took to complete: 8ms
10-03 18:03:28.929   611   611 I SystemServer: StartEntropyMixer
10-03 18:03:28.931   611   611 W EntropyMixer: No existing entropy file -- first boot?
10-03 18:03:28.937   611   611 I EntropyMixer: Added HW RNG output to entropy pool
10-03 18:03:28.937   611   611 I EntropyMixer: Writing entropy...
10-03 18:03:28.940   611   765 D SystemServerTimingAsync: StartSensorService took to complete: 101ms
10-03 18:03:28.940   611   765 D SystemServerInitThreadPool: Finished executing StartSensorService
10-03 18:03:28.972   611   611 D SystemServerTiming: StartEntropyMixer took to complete: 43ms
10-03 18:03:28.972   611   611 I SystemServer: Camera Service Proxy
10-03 18:03:28.972   611   611 I SystemServer: StartCameraServiceProxy
10-03 18:03:28.973   611   611 I SystemServiceManager: Starting com.android.server.camera.CameraServiceProxy
10-03 18:03:28.975   611   774 I ServiceThread: Enabled StrictMode logging for CameraService_proxy looper.
10-03 18:03:28.977   611   611 D SystemServerTiming: StartCameraServiceProxy took to complete: 5ms
10-03 18:03:28.977   611   611 I SystemServer: StartAccountManagerService
10-03 18:03:28.977   611   611 I SystemServiceManager: Starting com.android.server.accounts.AccountManagerService$Lifecycle
10-03 18:03:28.988   611   611 D SystemServerTiming: StartAccountManagerService took to complete: 11ms
10-03 18:03:28.989   611   611 I SystemServer: StartContentService
10-03 18:03:28.990   611   611 I SystemServiceManager: Starting com.android.server.content.ContentService$Lifecycle
10-03 18:03:28.997   611   611 D SystemServerTiming: StartContentService took to complete: 7ms
10-03 18:03:28.997   611   611 I SystemServer: InstallSystemProviders
10-03 18:03:29.316   611   611 I SettingsState: No settings state /data/system/users/0/settings_system.xml
10-03 18:03:29.355   611   611 I SettingsState: No settings state /data/system/users/0/settings_secure.xml
10-03 18:03:29.360   611   611 D SettingsProvider: Generated and saved new ANDROID_ID [ae6dbc4def915e60] for user 0
10-03 18:03:29.390   611   611 I SettingsState: No settings state /data/system/users/0/settings_global.xml
10-03 18:03:29.430   611   611 D SettingsProvider: Setting [] as Autofill Service for user 0
10-03 18:03:29.684   611   611 I SettingsState: No settings state /data/system/users/0/settings_ssaid.xml
10-03 18:03:29.695   611   611 D SystemServerTiming: InstallSystemProviders took to complete: 698ms
10-03 18:03:29.695   611   611 I SystemServer: StartVibratorService
10-03 18:03:29.712   611   611 D SystemServerTiming: StartVibratorService took to complete: 17ms
10-03 18:03:29.712   611   611 I SystemServer: StartConsumerIrService
10-03 18:03:29.715   611   611 D SystemServerTiming: StartConsumerIrService took to complete: 3ms
10-03 18:03:29.715   611   611 I SystemServer: StartAlarmManagerService
10-03 18:03:29.715   611   611 I SystemServiceManager: Starting com.android.server.AlarmManagerService
10-03 18:03:29.724   611   611 D SystemServerTiming: StartAlarmManagerService took to complete: 9ms
10-03 18:03:29.724   611   611 I SystemServer: InitWatchdog
10-03 18:03:29.725   611   611 D SystemServerTiming: InitWatchdog took to complete: 1ms
10-03 18:03:29.725   611   611 I SystemServer: StartInputManagerService
10-03 18:03:29.725   611   611 I InputManager: Initializing input manager, mUseDevInputEventForAudioJack=true
10-03 18:03:29.727   611   611 D SystemServerTiming: StartInputManagerService took to complete: 2ms
10-03 18:03:29.727   611   611 I SystemServer: StartWindowManagerService
10-03 18:03:29.759   611   702 I WindowManager: No existing display settings /data/system/display_settings.xml; starting empty
10-03 18:03:29.822   611   611 D SystemServerTiming: StartWindowManagerService took to complete: 95ms
10-03 18:03:29.823   611   611 I SystemServer: StartVrManagerService
10-03 18:03:29.823   611   764 D SystemServerInitThreadPool: Started executing StartHidlServices
10-03 18:03:29.823   611   611 I SystemServiceManager: Starting com.android.server.vr.VrManagerService
10-03 18:03:29.823   611   764 I SystemServer: StartHidlServices
10-03 18:03:29.843   611   611 D SystemServerTiming: StartHidlServices took to complete: 20ms
10-03 18:03:29.848   611   764 D SystemServerTiming: StartVrManagerService took to complete: 25ms
10-03 18:03:29.848   611   764 D SystemServerInitThreadPool: Finished executing StartHidlServices
10-03 18:03:29.852   611   611 I SystemServer: SetWindowManagerService
10-03 18:03:29.861   611   611 D SystemServerTiming: SetWindowManagerService took to complete: 9ms
10-03 18:03:29.861   611   611 I SystemServer: StartInputManager
10-03 18:03:29.861   611   611 I InputManager: Starting input manager
10-03 18:03:29.868   611   611 D SystemServerTiming: StartInputManager took to complete: 7ms
10-03 18:03:29.868   611   611 I SystemServer: DisplayManagerWindowManagerAndInputReady
10-03 18:03:29.869   611   611 D SystemServerTiming: DisplayManagerWindowManagerAndInputReady took to complete: 1ms
10-03 18:03:29.869   611   611 I SystemServer: StartBluetoothService
10-03 18:03:29.869   611   611 I SystemServiceManager: Starting com.android.server.BluetoothService
10-03 18:03:29.882   611   611 D BluetoothManagerService: Loading stored name and address
10-03 18:03:29.886   611   611 D BluetoothManagerService: Stored bluetooth Name=null,Address=null
10-03 18:03:29.886   611   611 D BluetoothManagerService: Bluetooth persisted state: 1
10-03 18:03:29.886   611   611 D BluetoothManagerService: Startup: Bluetooth persisted state is ON.
10-03 18:03:29.888   611   611 D SystemServerTiming: StartBluetoothService took to complete: 19ms
10-03 18:03:29.891   611   611 I SystemServer: IpConnectivityMetrics
10-03 18:03:29.894   611   611 I SystemServiceManager: Starting com.android.server.connectivity.IpConnectivityMetrics
10-03 18:03:29.896   611   611 D SystemServerTiming: IpConnectivityMetrics took to complete: 5ms
10-03 18:03:29.896   611   611 I SystemServer: PinnerService
10-03 18:03:29.896   611   611 I SystemServiceManager: Starting com.android.server.PinnerService
10-03 18:03:29.905   611   611 D SystemServerTiming: PinnerService took to complete: 9ms
10-03 18:03:29.905   611   611 I SystemServer: StartInputMethodManagerLifecycle
10-03 18:03:29.905   611   611 I SystemServiceManager: Starting com.android.server.InputMethodManagerService$Lifecycle
10-03 18:03:29.959   611   611 D SystemServerTiming: StartInputMethodManagerLifecycle took to complete: 54ms
10-03 18:03:29.959   611   611 I SystemServer: StartAccessibilityManagerService
10-03 18:03:29.966   611   611 D SystemServerTiming: StartAccessibilityManagerService took to complete: 7ms
10-03 18:03:29.966   611   611 I SystemServer: MakeDisplayReady
10-03 18:03:29.967   611   611 I ActivityManager: Config changes=5df8 {1.0 ?mcc?mnc [en_US] ldltr sw384dp w384dp h640dp 320dpi nrml long port ?uimode ?night -touch -keyb/h/h -nav/h appBounds=Rect(0, 0 - 768, 1280) s.2}
10-03 18:03:29.971   611   611 I ActivityManager: Override config changes=40007dfc {1.0 ?mcc?mnc [en_US] ldltr sw384dp w384dp h640dp 320dpi nrml long port ?uimode ?night -touch -keyb/h/h -nav/h appBounds=Rect(0, 0 - 768, 1280) s.2} for displayId=0
10-03 18:03:29.977   611   693 I UsageStatsDatabase: Upgrading from version 0 to 3
10-03 18:03:29.977   611   693 I UsageStatsDatabase: Deleting all usage stats files
10-03 18:03:29.982   611   611 I ActivityManager: Config changes=508 {1.0 ?mcc?mnc [en_US] ldltr sw384dp w384dp h568dp 320dpi nrml port ?uimode ?night finger -keyb/h/h -nav/h appBounds=Rect(0, 0 - 768, 1184) s.3}
10-03 18:03:29.986   611   761 D SystemServerTimingAsync: AppDataPrepare took to complete: 1397ms
10-03 18:03:29.986   611   761 I PackageManager: Deferred reconcileAppsData finished 61 packages
10-03 18:03:29.986   611   761 D SystemServerInitThreadPool: Finished executing prepareAppData
10-03 18:03:29.989   611   611 I ActivityManager: Override config changes=508 {1.0 ?mcc?mnc [en_US] ldltr sw384dp w384dp h568dp 320dpi nrml port ?uimode ?night finger -keyb/h/h -nav/h appBounds=Rect(0, 0 - 768, 1184) s.3} for displayId=0
10-03 18:03:29.989   611   693 I UsageStatsService: User[0] Rollover scheduled @ 2017-10-04 12:33:29(1507120409968)
10-03 18:03:29.989   611   693 D UsageStatsService: Initializing defaults for system apps on user 0
10-03 18:03:29.993   611   693 E AppIdleHistory: Unable to read app idle file for user 0
10-03 18:03:29.995   611   611 D SystemServerTiming: MakeDisplayReady took to complete: 29ms
10-03 18:03:29.995   611   611 I SystemServer: StartStorageManagerService
10-03 18:03:29.996   611   611 I SystemServiceManager: Starting com.android.server.StorageManagerService$Lifecycle
10-03 18:03:30.015   611   611 D SystemServerTiming: StartStorageManagerService took to complete: 20ms
10-03 18:03:30.015   611   611 I SystemServer: StartStorageStatsService
10-03 18:03:30.015   611   611 I SystemServiceManager: Starting com.android.server.usage.StorageStatsService$Lifecycle
10-03 18:03:30.015   611   801 D StorageManagerService: Thinking about init, mSystemReady=false, mDaemonConnected=true
10-03 18:03:30.015   611   801 D StorageManagerService: Thinking about reset, mSystemReady=false, mDaemonConnected=true
10-03 18:03:30.015   611   801 D StorageManagerService: Thinking about init, mSystemReady=false, mDaemonConnected=true
10-03 18:03:30.015   611   801 D StorageManagerService: Thinking about reset, mSystemReady=false, mDaemonConnected=true
10-03 18:03:30.016   611   801 D CryptdConnector: SND -> {1 cryptfs getfield SystemLocale}
10-03 18:03:30.017   611   803 D CryptdConnector: RCV <- {200 1 -1}
10-03 18:03:30.018   611   801 W StorageManagerService: No primary storage mounted!
10-03 18:03:30.019   611   801 D VoldConnector: SND -> {1 asec list}
10-03 18:03:30.020   611   802 D VoldConnector: RCV <- {200 1 asec operation succeeded}
10-03 18:03:30.021   611   611 D SystemServerTiming: StartStorageStatsService took to complete: 6ms
10-03 18:03:30.021   611   611 I SystemServer: StartUiModeManager
10-03 18:03:30.022   611   611 I SystemServiceManager: Starting com.android.server.UiModeManagerService
10-03 18:03:30.040   804   804 F libc    : CANNOT LINK EXECUTABLE "/vendor/bin/mm-qcamera-daemon": "/system/vendor/lib/libmmjpeg.so" has text relocations
10-03 18:03:30.040   804   804 F libc    : Fatal signal 6 (SIGABRT), code -6 in tid 804 (mm-qcamera-daem)
10-03 18:03:30.071   804   804 F libc    : failed to resend signal during crash: Operation not permitted
10-03 18:03:30.106   611   801 W StorageManagerService: No primary storage mounted!
10-03 18:03:30.106   611   801 D VoldConnector: SND -> {2 asec list}
10-03 18:03:30.106   611   802 D VoldConnector: RCV <- {200 2 asec operation succeeded}
10-03 18:03:30.107   611   692 D SystemServerInitThreadPool: Started executing UiModeManager.onStart
10-03 18:03:30.107   611   692 I ActivityManager: Config changes=200 {1.0 ?mcc?mnc [en_US] ldltr sw384dp w384dp h568dp 320dpi nrml port finger -keyb/h/h -nav/h appBounds=Rect(0, 0 - 768, 1184) s.4}
10-03 18:03:30.108   611   611 W SystemServiceManager: Service com.android.server.UiModeManagerService took 83 ms in onStart
10-03 18:03:30.108   611   611 D SystemServerTiming: StartUiModeManager took to complete: 87ms
10-03 18:03:30.108   611   611 I SystemServer: UpdatePackagesIfNeeded
10-03 18:03:30.114   611   692 I ActivityManager: Override config changes=200 {1.0 ?mcc?mnc [en_US] ldltr sw384dp w384dp h568dp 320dpi nrml port finger -keyb/h/h -nav/h appBounds=Rect(0, 0 - 768, 1184) s.4} for displayId=0
10-03 18:03:30.117   611   692 D SystemServerInitThreadPool: Finished executing UiModeManager.onStart
10-03 18:03:35.034   880   880 F libc    : CANNOT LINK EXECUTABLE "/vendor/bin/mm-qcamera-daemon": "/system/vendor/lib/libmmjpeg.so" has text relocations
10-03 18:03:35.034   880   880 F libc    : Fatal signal 6 (SIGABRT), code -6 in tid 880 (mm-qcamera-daem)
10-03 18:03:35.606   880   880 F libc    : failed to resend signal during crash: Operation not permitted
10-03 18:03:40.038   946   946 F libc    : CANNOT LINK EXECUTABLE "/vendor/bin/mm-qcamera-daemon": "/system/vendor/lib/libmmjpeg.so" has text relocations
10-03 18:03:40.038   946   946 F libc    : Fatal signal 6 (SIGABRT), code -6 in tid 946 (mm-qcamera-daem)
10-03 18:03:40.072   946   946 F libc    : failed to resend signal during crash: Operation not permitted
10-03 18:03:43.777   611   697 E BatteryStatsService: no controller energy info supplied
10-03 18:03:43.788   611   697 E KernelUidCpuFreqTimeReader: Failed to read /proc/uid_time_in_state: java.io.FileNotFoundException: /proc/uid_time_in_state (No such file or directory)
10-03 18:03:43.793   611   697 W KernelMemoryBandwidthStats: No kernel memory bandwidth stats available
10-03 18:03:45.037   996   996 F libc    : CANNOT LINK EXECUTABLE "/vendor/bin/mm-qcamera-daemon": "/system/vendor/lib/libmmjpeg.so" has text relocations
10-03 18:03:45.037   996   996 F libc    : Fatal signal 6 (SIGABRT), code -6 in tid 996 (mm-qcamera-daem)
10-03 18:03:45.105   996   996 F libc    : failed to resend signal during crash: Operation not permitted
10-03 18:03:50.037  1056  1056 F libc    : CANNOT LINK EXECUTABLE "/vendor/bin/mm-qcamera-daemon": "/system/vendor/lib/libmmjpeg.so" has text relocations
10-03 18:03:50.037  1056  1056 F libc    : Fatal signal 6 (SIGABRT), code -6 in tid 1056 (mm-qcamera-daem)
10-03 18:03:50.068  1056  1056 F libc    : failed to resend signal during crash: Operation not permitted
10-03 18:03:55.038  1132  1132 F libc    : CANNOT LINK EXECUTABLE "/vendor/bin/mm-qcamera-daemon": "/system/vendor/lib/libmmjpeg.so" has text relocations
10-03 18:03:55.038  1132  1132 F libc    : Fatal signal 6 (SIGABRT), code -6 in tid 1132 (mm-qcamera-daem)
10-03 18:03:55.068  1132  1132 F libc    : failed to resend signal during crash: Operation not permitted
10-03 18:04:00.041  1182  1182 F libc    : CANNOT LINK EXECUTABLE "/vendor/bin/mm-qcamera-daemon": "/system/vendor/lib/libmmjpeg.so" has text relocations
10-03 18:04:00.041  1182  1182 F libc    : Fatal signal 6 (SIGABRT), code -6 in tid 1182 (mm-qcamera-daem)
10-03 18:04:00.074  1182  1182 F libc    : failed to resend signal during crash: Operation not permitted
10-03 18:04:05.043  1247  1247 F libc    : CANNOT LINK EXECUTABLE "/vendor/bin/mm-qcamera-daemon": "/system/vendor/lib/libmmjpeg.so" has text relocations
10-03 18:04:05.043  1247  1247 F libc    : Fatal signal 6 (SIGABRT), code -6 in tid 1247 (mm-qcamera-daem)
10-03 18:04:05.078  1247  1247 F libc    : failed to resend signal during crash: Operation not permitted
10-03 18:04:10.043  1343  1343 F libc    : CANNOT LINK EXECUTABLE "/vendor/bin/mm-qcamera-daemon": "/system/vendor/lib/libmmjpeg.so" has text relocations
10-03 18:04:10.044  1343  1343 F libc    : Fatal signal 6 (SIGABRT), code -6 in tid 1343 (mm-qcamera-daem)
10-03 18:04:10.078  1343  1343 F libc    : failed to resend signal during crash: Operation not permitted
10-03 18:04:15.044  1423  1423 F libc    : CANNOT LINK EXECUTABLE "/vendor/bin/mm-qcamera-daemon": "/system/vendor/lib/libmmjpeg.so" has text relocations
10-03 18:04:15.044  1423  1423 F libc    : Fatal signal 6 (SIGABRT), code -6 in tid 1423 (mm-qcamera-daem)
10-03 18:04:15.080  1423  1423 F libc    : failed to resend signal during crash: Operation not permitted
10-03 18:04:20.045  1529  1529 F libc    : CANNOT LINK EXECUTABLE "/vendor/bin/mm-qcamera-daemon": "/system/vendor/lib/libmmjpeg.so" has text relocations
10-03 18:04:20.045  1529  1529 F libc    : Fatal signal 6 (SIGABRT), code -6 in tid 1529 (mm-qcamera-daem)
10-03 18:04:20.078  1529  1529 F libc    : failed to resend signal during crash: Operation not permitted
10-03 18:04:25.046  1589  1589 F libc    : CANNOT LINK EXECUTABLE "/vendor/bin/mm-qcamera-daemon": "/system/vendor/lib/libmmjpeg.so" has text relocations
10-03 18:04:25.046  1589  1589 F libc    : Fatal signal 6 (SIGABRT), code -6 in tid 1589 (mm-qcamera-daem)
10-03 18:04:25.079  1589  1589 F libc    : failed to resend signal during crash: Operation not permitted
10-03 18:04:29.248   611   611 D SystemServerTiming: UpdatePackagesIfNeeded took to complete: 59140ms
10-03 18:04:29.248   611   611 I SystemServer: PerformFstrimIfNeeded
10-03 18:04:29.249   611   611 W PackageManager: No disk maintenance in 1507034069249; running immediately
10-03 18:04:29.249   611   611 D SystemServerTiming: PerformFstrimIfNeeded took to complete: 1ms
10-03 18:04:29.249   611   611 I SystemServer: StartLockSettingsService
10-03 18:04:29.249   611   801 I StorageManagerService: Running fstrim idle maintenance
10-03 18:04:29.250   611   611 I SystemServiceManager: Starting com.android.server.LockSettingsService$Lifecycle
10-03 18:04:29.250   611   801 D VoldConnector: SND -> {3 fstrim dotrim}
10-03 18:04:29.251   172   177 I vold    : [libfs_mgr]fs_mgr_read_fstab_dt(): failed to read fstab from dt
10-03 18:04:29.252   611   802 D VoldConnector: RCV <- {200 3 Command succeeded}
10-03 18:04:29.260   172  1641 D vold    : Starting trim of /cache
10-03 18:04:29.260   611   611 D SystemServerTiming: StartLockSettingsService took to complete: 11ms
10-03 18:04:29.261   611   611 I SystemServer: StartDeviceIdleController
10-03 18:04:29.261   611   611 I SystemServiceManager: Starting com.android.server.DeviceIdleController
