10-03 09:47:47.207  1173  1219 D SystemServerTimingAsync: AppDataFixup took to complete: 26ms
10-03 09:47:47.283  1173  1173 E PackageManager: There should probably be a verifier, but, none were found
10-03 09:47:47.287  1173  1173 D PackageManager: Ephemeral resolver not found with new action; try old one
10-03 09:47:47.288  1173  1173 D PackageManager: Ephemeral resolver NOT found; no matching intent filters
10-03 09:47:47.288  1173  1173 D PackageManager: Ephemeral installer not found with new action; try old one
10-03 09:47:47.288  1173  1173 D PackageManager: Clear ephemeral installer activity
10-03 09:47:47.372  1173  1173 I zygote  : Explicit concurrent copying GC freed 37479(1959KB) AllocSpace objects, 23(888KB) LOS objects, 42% free, 2MB/3MB, paused 213us total 72.692ms
10-03 09:47:47.375  1173  1173 D FallbackCategoryProvider: Found 1 fallback categories
10-03 09:47:47.378  1173  1173 D SystemServerTiming: StartPackageManagerService took to complete: 626ms
10-03 09:47:47.379  1173  1173 I SystemServer: StartOtaDexOptService
10-03 09:47:47.380  1173  1173 D OTADexopt: No upgrade, skipping A/B artifacts check.
10-03 09:47:47.380  1173  1173 D SystemServerTiming: StartOtaDexOptService took to complete: 1ms
10-03 09:47:47.381  1173  1173 I SystemServer: StartUserManagerService
10-03 09:47:47.381  1173  1173 I SystemServiceManager: Starting com.android.server.pm.UserManagerService$LifeCycle
10-03 09:47:47.382  1173  1173 D SystemServerTiming: StartUserManagerService took to complete: 1ms
10-03 09:47:47.382  1173  1173 I SystemServer: InitAttributerCache
10-03 09:47:47.383  1173  1173 D SystemServerTiming: InitAttributerCache took to complete: 1ms
10-03 09:47:47.383  1173  1173 I SystemServer: SetSystemProcess
10-03 09:47:47.403   196   196 I lowmemorykiller: ActivityManager connected
10-03 09:47:47.404  1173  1173 D SystemServerTiming: SetSystemProcess took to complete: 21ms
10-03 09:47:47.406  1173  1225 I ServiceThread: Enabled StrictMode logging for android.anim looper.
10-03 09:47:47.406  1173  1173 I SystemServer: StartOverlayManagerService
10-03 09:47:47.415  1173  1173 D SystemServerTiming: StartOverlayManagerService took to complete: 9ms
10-03 09:47:47.416  1173  1173 I SystemServer: StartDropBoxManager
10-03 09:47:47.416  1173  1173 I SystemServiceManager: Starting com.android.server.DropBoxManagerService
10-03 09:47:47.417  1173  1227 D SystemServerInitThreadPool: Started executing StartSensorService
10-03 09:47:47.417  1173  1227 D SensorService: nuSensorService starting...
10-03 09:47:47.418   164   164 W /system/bin/hwservicemanager: getTransportFromManifest: Cannot find entry android.hardware.sensors@1.0::ISensors in either framework or device manifest, using default transport.
10-03 09:47:47.425  1173  1173 D SystemServerTiming: StartDropBoxManager took to complete: 9ms
10-03 09:47:47.425  1173  1173 I SystemServer: StartBatteryService
10-03 09:47:47.425  1173  1173 I SystemServiceManager: Starting com.android.server.BatteryService
10-03 09:47:47.432  1173  1226 D SystemServerInitThreadPool: Started executing Init OverlayManagerService
10-03 09:47:47.436  1173  1184 E LightsService: Light requested not available on this device. 3
10-03 09:47:47.437  1173  1173 D SystemServerTiming: StartBatteryService took to complete: 12ms
10-03 09:47:47.437  1173  1173 I SystemServer: StartUsageService
10-03 09:47:47.437  1173  1173 I SystemServiceManager: Starting com.android.server.usage.UsageStatsService
10-03 09:47:47.467  1173  1173 D SystemServerTiming: StartUsageService took to complete: 30ms
10-03 09:47:47.467  1173  1173 I SystemServer: StartWebViewUpdateService
10-03 09:47:47.468  1173  1173 I SystemServiceManager: Starting com.android.server.webkit.WebViewUpdateService
10-03 09:47:47.477  1173  1227 I vndksupport: sphal namespace is not configured for this process. Loading /vendor/lib/hw/sensors.msm8960.so from the current namespace instead.
10-03 09:47:47.479  1173  1173 E SystemImpl: Found an element that is not a WebView provider
10-03 09:47:47.488  1173  1173 D SystemServerTiming: StartWebViewUpdateService took to complete: 21ms
10-03 09:47:47.491  1173  1173 I SystemServer: StartKeyAttestationApplicationIdProviderService
10-03 09:47:47.491  1173  1186 D SystemServerInitThreadPool: Started executing SecondaryZygotePreload
10-03 09:47:47.491  1173  1186 I SystemServer: SecondaryZygotePreload
10-03 09:47:47.493  1173  1186 I Zygote  : Process: zygote socket zygote opened, supported ABIS: armeabi-v7a,armeabi
10-03 09:47:47.494  1173  1173 D SystemServerTiming: StartKeyAttestationApplicationIdProviderService took to complete: 3ms
10-03 09:47:47.494  1173  1173 I SystemServer: StartKeyChainSystemService
10-03 09:47:47.494  1173  1173 I SystemServiceManager: Starting com.android.server.security.KeyChainSystemService
10-03 09:47:47.496  1173  1173 D SystemServerTiming: StartKeyChainSystemService took to complete: 2ms
10-03 09:47:47.496  1173  1173 I SystemServer: StartSchedulingPolicyService
10-03 09:47:47.497  1173  1173 D SystemServerTiming: StartSchedulingPolicyService took to complete: 1ms
10-03 09:47:47.498  1173  1173 I SystemServer: StartTelecomLoaderService
10-03 09:47:47.500  1173  1173 I SystemServiceManager: Starting com.android.server.telecom.TelecomLoaderService
10-03 09:47:47.501  1173  1173 D SystemServerTiming: StartTelecomLoaderService took to complete: 3ms
10-03 09:47:47.501  1173  1173 I SystemServer: StartTelephonyRegistry
10-03 09:47:47.503  1173  1186 E SystemServer: Unable to preload default resources
10-03 09:47:47.503  1173  1186 D SystemServerTimingAsync: SecondaryZygotePreload took to complete: 12ms
10-03 09:47:47.503  1173  1186 D SystemServerInitThreadPool: Finished executing SecondaryZygotePreload
10-03 09:47:47.506  1173  1226 D SystemServerInitThreadPool: Finished executing Init OverlayManagerService
10-03 09:47:47.512  1173  1173 D SystemServerTiming: StartTelephonyRegistry took to complete: 11ms
10-03 09:47:47.512  1173  1173 I SystemServer: StartEntropyMixer
10-03 09:47:47.516  1173  1173 I EntropyMixer: Added HW RNG output to entropy pool
10-03 09:47:47.516  1173  1173 I EntropyMixer: Writing entropy...
10-03 09:47:47.687  1173  1173 D SystemServerTiming: StartEntropyMixer took to complete: 175ms
10-03 09:47:47.687  1173  1173 I SystemServer: Camera Service Proxy
10-03 09:47:47.687  1173  1173 I SystemServer: StartCameraServiceProxy
10-03 09:47:47.688  1173  1173 I SystemServiceManager: Starting com.android.server.camera.CameraServiceProxy
10-03 09:47:47.690  1173  1240 I ServiceThread: Enabled StrictMode logging for CameraService_proxy looper.
10-03 09:47:47.691  1173  1173 D SystemServerTiming: StartCameraServiceProxy took to complete: 4ms
10-03 09:47:47.691  1173  1173 I SystemServer: StartAccountManagerService
10-03 09:47:47.691  1173  1173 I SystemServiceManager: Starting com.android.server.accounts.AccountManagerService$Lifecycle
10-03 09:47:47.701  1173  1173 D SystemServerTiming: StartAccountManagerService took to complete: 10ms
10-03 09:47:47.701  1173  1173 I SystemServer: StartContentService
10-03 09:47:47.702  1173  1173 I SystemServiceManager: Starting com.android.server.content.ContentService$Lifecycle
10-03 09:47:47.704  1173  1173 D SystemServerTiming: StartContentService took to complete: 3ms
10-03 09:47:47.705  1173  1173 I SystemServer: InstallSystemProviders
10-03 09:47:47.786  1173  1219 D SystemServerTimingAsync: AppDataPrepare took to complete: 578ms
10-03 09:47:47.786  1173  1219 I PackageManager: Deferred reconcileAppsData finished 61 packages
10-03 09:47:47.786  1173  1219 D SystemServerInitThreadPool: Finished executing prepareAppData
10-03 09:47:47.802  1173  1173 I SettingsState: No settings state /data/system/users/0/settings_ssaid.xml
10-03 09:47:47.815  1173  1173 D SystemServerTiming: InstallSystemProviders took to complete: 110ms
10-03 09:47:47.815  1173  1173 I SystemServer: StartVibratorService
10-03 09:47:47.816   164   164 W /system/bin/hwservicemanager: getTransportFromManifest: Cannot find entry android.hardware.vibrator@1.0::IVibrator in either framework or device manifest, using default transport.
10-03 09:47:47.823  1173  1173 I vndksupport: sphal namespace is not configured for this process. Loading /vendor/lib/hw/vibrator.default.so from the current namespace instead.
10-03 09:47:47.825  1173  1173 D         : Vibrator using timed_output
10-03 09:47:47.829  1173  1173 D SystemServerTiming: StartVibratorService took to complete: 14ms
10-03 09:47:47.829  1173  1173 I SystemServer: StartConsumerIrService
10-03 09:47:47.830   164   164 W /system/bin/hwservicemanager: getTransportFromManifest: Cannot find entry android.hardware.ir@1.0::IConsumerIr in either framework or device manifest, using default transport.
10-03 09:47:47.831  1173  1173 D SystemServerTiming: StartConsumerIrService took to complete: 2ms
10-03 09:47:47.831  1173  1173 I SystemServer: StartAlarmManagerService
10-03 09:47:47.831  1173  1173 I SystemServiceManager: Starting com.android.server.AlarmManagerService
10-03 09:47:47.836  1173  1173 D AlarmManagerService: Kernel timezone updated to 0 minutes west of GMT
10-03 09:47:47.841  1173  1173 D SystemServerTiming: StartAlarmManagerService took to complete: 10ms
10-03 09:47:47.841  1173  1173 I SystemServer: InitWatchdog
10-03 09:47:47.841  1173  1173 D SystemServerTiming: InitWatchdog took to complete: 0ms
10-03 09:47:47.841  1173  1173 I SystemServer: StartInputManagerService
10-03 09:47:47.842  1173  1173 I InputManager: Initializing input manager, mUseDevInputEventForAudioJack=true
10-03 09:47:47.843  1173  1173 D SystemServerTiming: StartInputManagerService took to complete: 1ms
10-03 09:47:47.844  1173  1173 I SystemServer: StartWindowManagerService
10-03 09:47:48.513  1173  1227 E libsensor1: sensor1_open: Error in connect() errno=2 No such file or directory
10-03 09:47:48.513  1173  1227 E sensor_reg: sensor_reg_sensor1_open: sensor1_open returned 11
10-03 09:47:48.513  1173  1227 E qcom_sensors_hal: hal_init: Error in sensor_reg_open(): -1
10-03 09:47:48.514  1173  1227 F zygote  : Sensors.cpp:98] Check failed: getHalDeviceVersion() >= ((((1) & 0xff) << 24) | (((3) & 0xff) << 16) | ((1) & 0xffff)) (getHalDeviceVersion()=16777217, ((((1) & 0xff) << 24) | (((3) & 0xff) << 16) | ((1) & 0xffff))=16973825) 
10-03 09:47:48.514  1173  1227 F libc    : Fatal signal 6 (SIGABRT), code -6 in tid 1227 (system-server-i)
10-03 09:47:48.617  1252  1252 I crash_dump32: obtaining output fd from tombstoned
10-03 09:47:48.617   247   247 I /system/bin/tombstoned: received crash request for pid 1173
10-03 09:47:48.618  1252  1252 I crash_dump32: performing dump of process 1173 (target tid = 1227)
10-03 09:47:48.618  1173  1227 F libc    : failed to resend signal during crash: Operation not permitted
10-03 09:47:48.620  1252  1252 E DEBUG   : unexpected waitpid response: n=1227, status=00000100
10-03 09:47:48.623   247   247 W /system/bin/tombstoned: crash socket received short read of length 0 (expected 8)
10-03 09:47:48.638   163   163 I ServiceManager: service 'meminfo' died
10-03 09:47:48.638   163   163 I ServiceManager: service 'gfxinfo' died
10-03 09:47:48.638   163   163 I ServiceManager: service 'dbinfo' died
10-03 09:47:48.638   163   163 I ServiceManager: service 'cpuinfo' died
10-03 09:47:48.638   163   163 I ServiceManager: service 'permission' died
10-03 09:47:48.638   163   163 I ServiceManager: service 'processinfo' died
10-03 09:47:48.638   163   163 I ServiceManager: service 'procstats' died
10-03 09:47:48.638   163   163 I ServiceManager: service 'activity' died
10-03 09:47:48.638   163   163 I ServiceManager: service 'user' died
10-03 09:47:48.638   163   163 I ServiceManager: service 'otadexopt' died
10-03 09:47:48.638   163   163 I ServiceManager: service 'package' died
10-03 09:47:48.638   163   163 I ServiceManager: service 'dropbox' died
10-03 09:47:48.638   163   163 I ServiceManager: service 'battery' died
10-03 09:47:48.638   163   163 I ServiceManager: service 'usagestats' died
10-03 09:47:48.638   163   163 I ServiceManager: service 'webviewupdate' died
10-03 09:47:48.639   163   163 I ServiceManager: service 'sec_key_att_app_id_provider' died
10-03 09:47:48.639   163   163 I ServiceManager: service 'scheduling_policy' died
10-03 09:47:48.639   163   163 I ServiceManager: service 'telephony.registry' died
10-03 09:47:48.639   163   163 I ServiceManager: service 'media.camera.proxy' died
10-03 09:47:48.639   163   163 I ServiceManager: service 'account' died
10-03 09:47:48.639   163   163 I ServiceManager: service 'content' died
10-03 09:47:48.639   163   163 I ServiceManager: service 'settings' died
10-03 09:47:48.639   163   163 I ServiceManager: service 'vibrator' died
10-03 09:47:48.639   163   163 I ServiceManager: service 'consumer_ir' died
10-03 09:47:48.639   163   163 I ServiceManager: service 'alarm' died
10-03 09:47:48.639   163   163 I ServiceManager: service 'overlay' died
10-03 09:47:48.639   163   163 I ServiceManager: service 'device_identifiers' died
10-03 09:47:48.639   163   163 I ServiceManager: service 'batterystats' died
10-03 09:47:48.639   163   163 I ServiceManager: service 'appops' died
10-03 09:47:48.639   163   163 I ServiceManager: service 'power' died
10-03 09:47:48.639   163   163 I ServiceManager: service 'recovery' died
10-03 09:47:48.639   163   163 I ServiceManager: service 'display' died
10-03 09:47:48.650   196   196 I lowmemorykiller: ActivityManager disconnected
10-03 09:47:48.650   196   196 I lowmemorykiller: Closing Activity Manager data connection
10-03 09:47:48.663  1086  1086 I Zygote  : Process 1173 exited cleanly (1)
10-03 09:47:48.664  1086  1086 E Zygote  : Exit zygote because system server (1173) has terminated
10-03 09:47:48.696   163   163 I ServiceManager: service 'media.audio_flinger' died
10-03 09:47:48.696   163   163 I ServiceManager: service 'media.audio_policy' died
10-03 09:47:48.697   163   163 I ServiceManager: service 'media.radio' died
10-03 09:47:48.697   163   163 I ServiceManager: service 'media.aaudio' died
10-03 09:47:48.697   163   163 I ServiceManager: service 'media.sound_trigger_hw' died
10-03 09:47:48.724   163   163 I ServiceManager: service 'media.camera' died
10-03 09:47:48.743   163   163 I ServiceManager: service 'media.player' died
10-03 09:47:48.743   163   163 I ServiceManager: service 'media.resource_manager' died
10-03 09:47:48.752   163   163 I ServiceManager: service 'netd' died
10-03 09:47:48.762   163   163 I ServiceManager: service 'wificond' died
10-03 09:47:48.874  1264  1264 W netd    : type=1400 audit(0.0:96): avc: granted { getattr } for path="/vendor" dev="rootfs" ino=4768 scontext=u:r:netd:s0 tcontext=u:object_r:rootfs:s0 tclass=lnk_file
10-03 09:47:48.935  1267  1267 I wificond: wificond is starting up...
10-03 09:47:48.964  1264  1264 I Netd    : Netd 1.0 starting
10-03 09:47:48.964  1264  1264 D TetherController: Setting IP forward enable = 0
10-03 09:47:48.974  1268  1268 W iptables-restor: type=1400 audit(0.0:97): avc: granted { getattr } for path="/vendor" dev="rootfs" ino=4768 scontext=u:r:netd:s0 tcontext=u:object_r:rootfs:s0 tclass=lnk_file
10-03 09:47:48.994  1269  1269 W ip6tables-resto: type=1400 audit(0.0:98): avc: granted { getattr } for path="/vendor" dev="rootfs" ino=4768 scontext=u:r:netd:s0 tcontext=u:object_r:rootfs:s0 tclass=lnk_file
10-03 09:47:49.024  1270  1270 W iptables: type=1400 audit(0.0:99): avc: granted { getattr } for path="/vendor" dev="rootfs" ino=4768 scontext=u:r:netd:s0 tcontext=u:object_r:rootfs:s0 tclass=lnk_file
10-03 09:47:49.054  1271  1271 W ip6tables: type=1400 audit(0.0:100): avc: granted { getattr } for path="/vendor" dev="rootfs" ino=4768 scontext=u:r:netd:s0 tcontext=u:object_r:rootfs:s0 tclass=lnk_file
10-03 09:47:49.074  1272  1272 W iptables: type=1400 audit(0.0:101): avc: granted { getattr } for path="/vendor" dev="rootfs" ino=4768 scontext=u:r:netd:s0 tcontext=u:object_r:rootfs:s0 tclass=lnk_file
10-03 09:47:49.114  1273  1273 W ip6tables: type=1400 audit(0.0:102): avc: granted { getattr } for path="/vendor" dev="rootfs" ino=4768 scontext=u:r:netd:s0 tcontext=u:object_r:rootfs:s0 tclass=lnk_file
10-03 09:47:49.144  1274  1274 W iptables: type=1400 audit(0.0:103): avc: granted { getattr } for path="/vendor" dev="rootfs" ino=4768 scontext=u:r:netd:s0 tcontext=u:object_r:rootfs:s0 tclass=lnk_file
10-03 09:47:49.184  1275  1275 W ip6tables: type=1400 audit(0.0:104): avc: granted { getattr } for path="/vendor" dev="rootfs" ino=4768 scontext=u:r:netd:s0 tcontext=u:object_r:rootfs:s0 tclass=lnk_file
10-03 09:47:49.214  1276  1276 W iptables: type=1400 audit(0.0:105): avc: granted { getattr } for path="/vendor" dev="rootfs" ino=4768 scontext=u:r:netd:s0 tcontext=u:object_r:rootfs:s0 tclass=lnk_file
10-03 09:47:49.274  1277  1277 W ip6tables: type=1400 audit(0.0:106): avc: granted { getattr } for path="/vendor" dev="rootfs" ino=4768 scontext=u:r:netd:s0 tcontext=u:object_r:rootfs:s0 tclass=lnk_file
10-03 09:47:49.309  1256  1256 I cameraserver: ServiceManager: 0xa55174e0
10-03 09:47:49.317  1256  1256 I CameraService: CameraService started (pid=1256)
10-03 09:47:49.317  1256  1256 I CameraService: CameraService process starting
10-03 09:47:49.319  1256  1256 W BatteryNotifier: batterystats service unavailable!
10-03 09:47:49.319  1256  1256 W BatteryNotifier: batterystats service unavailable!
10-03 09:47:49.323   164   164 W /system/bin/hwservicemanager: getTransportFromManifest: Cannot find entry android.hardware.camera.provider@2.4::ICameraProvider in either framework or device manifest, using default transport.
10-03 09:47:49.324  1279  1279 W iptables: type=1400 audit(0.0:107): avc: granted { getattr } for path="/vendor" dev="rootfs" ino=4768 scontext=u:r:netd:s0 tcontext=u:object_r:rootfs:s0 tclass=lnk_file
10-03 09:47:49.345  1255  1255 I FastMixerState: sMaxFastTracks = 8
10-03 09:47:49.347  1255  1255 I audioserver: ServiceManager: 0xa7c974a0
10-03 09:47:49.348  1255  1255 W BatteryNotifier: batterystats service unavailable!
10-03 09:47:49.350   164   164 W /system/bin/hwservicemanager: getTransportFromManifest: Cannot find entry android.hardware.audio@2.0::IDevicesFactory in either framework or device manifest, using default transport.
10-03 09:47:49.351  1256  1256 I QCameraHAL: Handle base =0x0xa4f5f068
10-03 09:47:49.351  1256  1256 I QCameraHAL: getCameraInfo: numOfCameras = 2
10-03 09:47:49.351  1256  1256 I QCameraHAL: Handle [0]=0x0xa4f5f068
10-03 09:47:49.351  1256  1256 I QCameraHAL: Camera sensor 0 info:
10-03 09:47:49.351  1256  1256 I QCameraHAL: camera_id: 0
10-03 09:47:49.351  1256  1256 I QCameraHAL: modes_supported: 1
10-03 09:47:49.351  1256  1256 I QCameraHAL: position: 0
10-03 09:47:49.351  1256  1256 I QCameraHAL: sensor_mount_angle: 90
10-03 09:47:49.351  1256  1256 I QCameraHAL: Handle [1]=0x0xa4f5f0a8
10-03 09:47:49.351  1256  1256 I QCameraHAL: Camera sensor 1 info:
10-03 09:47:49.351  1256  1256 I QCameraHAL: camera_id: 1
10-03 09:47:49.351  1256  1256 I QCameraHAL: modes_supported: 1
10-03 09:47:49.351  1256  1256 I QCameraHAL: position: 1
10-03 09:47:49.351  1256  1256 I QCameraHAL: sensor_mount_angle: 270
10-03 09:47:49.351  1256  1256 I CamProvider@2.4-impl: Loaded "Qcamera" camera module
10-03 09:47:49.351  1256  1256 I CamProvider@2.4-impl: setUpVendorTags: No vendor tags defined for this device.
10-03 09:47:49.352  1256  1256 I QCameraHAL: Handle base =0x0xa4f5f068
10-03 09:47:49.352  1256  1256 I QCameraHAL: getCameraInfo: numOfCameras = 2
10-03 09:47:49.352  1256  1256 I QCameraHAL: Handle [0]=0x0xa4f5f068
10-03 09:47:49.352  1256  1256 I QCameraHAL: Camera sensor 0 info:
10-03 09:47:49.352  1256  1256 I QCameraHAL: camera_id: 0
10-03 09:47:49.352  1256  1256 I QCameraHAL: modes_supported: 1
10-03 09:47:49.352  1256  1256 I QCameraHAL: position: 0
10-03 09:47:49.352  1256  1256 I QCameraHAL: sensor_mount_angle: 90
10-03 09:47:49.352  1256  1256 I QCameraHAL: Handle [1]=0x0xa4f5f0a8
10-03 09:47:49.352  1256  1256 I QCameraHAL: Camera sensor 1 info:
10-03 09:47:49.352  1256  1256 I QCameraHAL: camera_id: 1
10-03 09:47:49.352  1256  1256 I QCameraHAL: modes_supported: 1
10-03 09:47:49.352  1256  1256 I QCameraHAL: position: 1
10-03 09:47:49.352  1256  1256 I QCameraHAL: sensor_mount_angle: 270
10-03 09:47:49.359   164   164 W /system/bin/hwservicemanager: getTransportFromManifest: Cannot find entry android.hardware.audio.effect@2.0::IEffectsFactory in either framework or device manifest, using default transport.
10-03 09:47:49.360  1256  1256 I CameraProviderManager: Connecting to new camera provider: legacy/0, isRemote? 0
10-03 09:47:49.360  1256  1256 I CameraProviderManager: Enumerating new camera device: device@1.0/legacy/0
10-03 09:47:49.360  1256  1256 I QCameraHAL: Handle base =0x0xa4f5f068
10-03 09:47:49.360  1256  1256 I QCameraHAL: getCameraInfo: numOfCameras = 2
10-03 09:47:49.360  1256  1256 I QCameraHAL: Handle [0]=0x0xa4f5f068
10-03 09:47:49.360  1256  1256 I QCameraHAL: Camera sensor 0 info:
10-03 09:47:49.360  1256  1256 I QCameraHAL: camera_id: 0
10-03 09:47:49.360  1256  1256 I QCameraHAL: modes_supported: 1
10-03 09:47:49.360  1256  1256 I QCameraHAL: position: 0
10-03 09:47:49.360  1256  1256 I QCameraHAL: sensor_mount_angle: 90
10-03 09:47:49.360  1256  1256 I QCameraHAL: Handle [1]=0x0xa4f5f0a8
10-03 09:47:49.360  1256  1256 I QCameraHAL: Camera sensor 1 info:
10-03 09:47:49.360  1256  1256 I QCameraHAL: camera_id: 1
10-03 09:47:49.360  1256  1256 I QCameraHAL: modes_supported: 1
10-03 09:47:49.360  1256  1256 I QCameraHAL: position: 1
10-03 09:47:49.361  1256  1256 I QCameraHAL: sensor_mount_angle: 270
10-03 09:47:49.368  1256  1256 I CamDev@1.0-impl: Opening camera 0
10-03 09:47:49.369  1256  1256 E mm-libcamera2: mm_camera_open:  opened, break out while loop
10-03 09:47:49.369  1256  1256 E mm-libcamera2: mm_camera_open: cannot open control fd of 'video0' Errno = 22
10-03 09:47:49.369  1256  1256 E QCameraHWI: startCamera: cam_ops_open failed: id = 0
10-03 09:47:49.369  1256  1256 I QCameraHWI: ~QCameraHardwareInterface First stop the polling threads before deleting instances
10-03 09:47:49.369  1256  1256 E CamDev@1.0-impl: Could not open camera 0: -19
10-03 09:47:49.370  1256  1256 E CameraProviderManager: DeviceInfo1: Unable to open camera device 0 to check for a flash unit: INTERNAL_ERROR
10-03 09:47:49.370  1256  1256 I CameraProviderManager: Enumerating new camera device: device@1.0/legacy/1
10-03 09:47:49.370  1256  1256 I QCameraHAL: Handle base =0x0xa4f5f068
10-03 09:47:49.370  1256  1256 I QCameraHAL: getCameraInfo: numOfCameras = 2
10-03 09:47:49.370  1256  1256 I QCameraHAL: Handle [0]=0x0xa4f5f068
10-03 09:47:49.370  1256  1256 I QCameraHAL: Camera sensor 0 info:
10-03 09:47:49.370  1256  1256 I QCameraHAL: camera_id: 0
10-03 09:47:49.370  1256  1256 I QCameraHAL: modes_supported: 1
10-03 09:47:49.370  1256  1256 I QCameraHAL: position: 0
10-03 09:47:49.370  1256  1256 I QCameraHAL: sensor_mount_angle: 90
10-03 09:47:49.370  1256  1256 I QCameraHAL: Handle [1]=0x0xa4f5f0a8
10-03 09:47:49.370  1256  1256 I QCameraHAL: Camera sensor 1 info:
10-03 09:47:49.370  1256  1256 I QCameraHAL: camera_id: 1
10-03 09:47:49.370  1256  1256 I QCameraHAL: modes_supported: 1
10-03 09:47:49.370  1256  1256 I QCameraHAL: position: 1
10-03 09:47:49.371  1256  1256 I QCameraHAL: sensor_mount_angle: 270
10-03 09:47:49.370  1255  1255 I AudioFlinger: Using default 3000 mSec as standby time.
10-03 09:47:49.371  1256  1256 I QCameraHAL: sensor_mount_angle: 270
10-03 09:47:49.373  1256  1256 I CamDev@1.0-impl: Opening camera 1
10-03 09:47:49.373  1255  1255 I APM::ConfigParsingUtils: loadAudioPolicyConfig() loaded /system/etc/audio_policy.conf
10-03 09:47:49.373  1256  1256 E mm-libcamera2: mm_camera_open:  opened, break out while loop
10-03 09:47:49.374  1256  1256 E mm-libcamera2: mm_camera_open: cannot open control fd of 'video2' Errno = 22
10-03 09:47:49.374  1256  1256 E QCameraHWI: startCamera: cam_ops_open failed: id = 1
10-03 09:47:49.374  1256  1256 I QCameraHWI: ~QCameraHardwareInterface First stop the polling threads before deleting instances
10-03 09:47:49.374  1256  1256 E CamDev@1.0-impl: Could not open camera 1: -19
10-03 09:47:49.374  1256  1256 E CameraProviderManager: DeviceInfo1: Unable to open camera device 1 to check for a flash unit: INTERNAL_ERROR
10-03 09:47:49.374  1256  1256 I CameraProviderManager: Camera provider legacy/0 ready with 2 camera devices
10-03 09:47:49.374  1256  1256 I CameraHardwareInterface: Opening camera 0
10-03 09:47:49.374  1255  1255 I vndksupport: sphal namespace is not configured for this process. Loading /vendor/lib/hw/audio.primary.msm8960.so from the current namespace instead.
10-03 09:47:49.374  1256  1256 I CamDev@1.0-impl: Opening camera 0
10-03 09:47:49.375  1256  1256 E mm-libcamera2: mm_camera_open:  opened, break out while loop
10-03 09:47:49.375  1256  1256 E mm-libcamera2: mm_camera_open: cannot open control fd of 'video0' Errno = 22
10-03 09:47:49.375  1256  1256 E QCameraHWI: startCamera: cam_ops_open failed: id = 0
10-03 09:47:49.375  1256  1256 I QCameraHWI: ~QCameraHardwareInterface First stop the polling threads before deleting instances
10-03 09:47:49.375  1256  1256 E CamDev@1.0-impl: Could not open camera 0: -19
10-03 09:47:49.375  1256  1256 E CameraHardwareInterface: initialize: openSession failed! Function not implemented (-38)
10-03 09:47:49.375  1256  1256 E CameraFlashlight: connectCameraDevice: initializing camera 0 failed
10-03 09:47:49.375  1256  1256 I CameraHardwareInterface: Destroying camera 0
10-03 09:47:49.375  1256  1256 E CameraFlashlight: findFlashUnits: failed to check if camera 0 has a flash unit. Function not implemented (-38)
10-03 09:47:49.376  1256  1256 I CameraHardwareInterface: Opening camera 1
10-03 09:47:49.376  1256  1256 I CamDev@1.0-impl: Opening camera 1
10-03 09:47:49.376  1256  1256 E mm-libcamera2: mm_camera_open:  opened, break out while loop
10-03 09:47:49.376  1256  1256 E mm-libcamera2: mm_camera_open: cannot open control fd of 'video2' Errno = 22
10-03 09:47:49.376  1256  1256 E QCameraHWI: startCamera: cam_ops_open failed: id = 1
10-03 09:47:49.376  1256  1256 I QCameraHWI: ~QCameraHardwareInterface First stop the polling threads before deleting instances
10-03 09:47:49.377  1256  1256 E CamDev@1.0-impl: Could not open camera 1: -19
10-03 09:47:49.377  1256  1256 E CameraHardwareInterface: initialize: openSession failed! Function not implemented (-38)
10-03 09:47:49.377  1256  1256 E CameraFlashlight: connectCameraDevice: initializing camera 1 failed
10-03 09:47:49.377  1256  1256 I CameraHardwareInterface: Destroying camera 1
10-03 09:47:49.377  1256  1256 E CameraFlashlight: findFlashUnits: failed to check if camera 1 has a flash unit. Function not implemented (-38)
10-03 09:47:49.379  1256  1256 I CameraService: onDeviceStatusChanged: Status changed for cameraId=0, newStatus=1
10-03 09:47:49.379  1256  1256 E CameraService: onDeviceStatusChanged: State transition to the same status 0x1 not allowed
10-03 09:47:49.379  1256  1256 I CameraService: onDeviceStatusChanged: Status changed for cameraId=1, newStatus=1
10-03 09:47:49.379  1256  1256 E CameraService: onDeviceStatusChanged: State transition to the same status 0x1 not allowed
10-03 09:47:49.382  1255  1255 D audio_hw_primary: adev_open: enter
10-03 09:47:49.384  1296  1296 W iptables: type=1400 audit(0.0:109): avc: granted { getattr } for path="/vendor" dev="rootfs" ino=4768 scontext=u:r:netd:s0 tcontext=u:object_r:rootfs:s0 tclass=lnk_file
10-03 09:47:49.404  1298  1298 W ip6tables: type=1400 audit(0.0:110): avc: granted { getattr } for path="/vendor" dev="rootfs" ino=4768 scontext=u:r:netd:s0 tcontext=u:object_r:rootfs:s0 tclass=lnk_file
10-03 09:47:49.434  1299  1299 W iptables: type=1400 audit(0.0:111): avc: granted { getattr } for path="/vendor" dev="rootfs" ino=4768 scontext=u:r:netd:s0 tcontext=u:object_r:rootfs:s0 tclass=lnk_file
10-03 09:47:49.459  1255  1255 E audio_route: unknown enum value string Off for ctl TTY Mode
10-03 09:47:49.454  1300  1300 W ip6tables: type=1400 audit(0.0:112): avc: granted { getattr } for path="/vendor" dev="rootfs" ino=4768 scontext=u:r:netd:s0 tcontext=u:object_r:rootfs:s0 tclass=lnk_file
10-03 09:47:49.459  1255  1255 E audio_route: unknown enum value string Off for ctl TTY Mode
10-03 09:47:49.486  1255  1255 D ACDB-LOADER: ACDB -> ACDB_CMD_INITIALIZE
10-03 09:47:49.486  1255  1255 E         : [ACDB RTC]->rtc init done!->result [0]
10-03 09:47:49.486  1255  1255 D Diag_Lib: actp_diag_init: call diag init function with A6D984D9
10-03 09:47:49.486  1255  1255 E Diag_Lib:  Diag_LSM_Init: Failed to open handle to diag driver, error = 2
10-03 09:47:49.486  1255  1255 E Diag_Lib: actp_diag_init: diag init failed
10-03 09:47:49.486  1255  1255 E         : [ACDB ACPH]->actp diag init done!
10-03 09:47:49.486  1255  1255 D ACDB-LOADER: No existing ION info in ACDB driver
10-03 09:47:49.486  1255  1255 D ACDB-LOADER: ACDB -> ION_IOC_ALLOC
10-03 09:47:49.487  1255  1255 D ACDB-LOADER: ACDB -> ION_IOC_SHARE
10-03 09:47:49.487  1255  1255 D ACDB-LOADER: ACDB -> MMAP ADDR
10-03 09:47:49.487  1255  1255 D ACDB-LOADER: ACDB -> register MEM to ACDB driver: 0xa710d000
10-03 09:47:49.487  1255  1255 D ACDB-LOADER: ACDB -> send_asm_topology
10-03 09:47:49.487  1255  1255 D ACDB-LOADER: ACDB -> ACDB_CMD_GET_AUDPROC_STREAM_TOPOLOGY_ID
10-03 09:47:49.487  1255  1255 D ACDB-LOADER: send mbhc data
10-03 09:47:49.488  1264  1264 I Netd    : Creating child chains: 509.2ms
10-03 09:47:49.488  1264  1264 I Netd    : Setting up OEM hooks: 0.2ms
10-03 09:47:49.490  1263  1263 I mediaserver: ServiceManager: 0xab297540
10-03 09:47:49.491  1263  1263 W BatteryNotifier: batterystats service unavailable!
10-03 09:47:49.497  1264  1264 I Netd    : Setting up FirewallController hooks: 8.2ms
10-03 09:47:49.501  1264  1264 I Netd    : Setting up NatController hooks: 4.4ms
10-03 09:47:49.502  1255  1255 D ACDB-LOADER: send tabla anc data
10-03 09:47:49.503  1255  1255 D ACDB-LOADER: ACDB -> ACDB_CMD_GET_ANC_SETTING
10-03 09:47:49.503  1255  1255 D ACDB-LOADER: done with conversion, anc config size is 148
10-03 09:47:49.503  1255  1255 D ACDB-LOADER: ACDB -> ACDB_CMD_GET_ANC_SETTING
10-03 09:47:49.503  1255  1255 D ACDB-LOADER: done with conversion, anc config size is 148
10-03 09:47:49.503  1255  1255 D ACDB-LOADER: ACDB -> ACDB_CMD_GET_ANC_SETTING
10-03 09:47:49.503  1255  1255 D ACDB-LOADER: done with conversion, anc config size is 148
10-03 09:47:49.503  1255  1255 D ACDB-LOADER: ACDB -> ACDB_CMD_GET_ANC_SETTING
10-03 09:47:49.503  1255  1255 D ACDB-LOADER: done with conversion, anc config size is 148
10-03 09:47:49.503  1255  1255 D ACDB-LOADER: ACDB -> ACDB_CMD_GET_ANC_SETTING
10-03 09:47:49.503  1255  1255 D ACDB-LOADER: done with conversion, anc config size is 74
10-03 09:47:49.503  1255  1255 D ACDB-LOADER: ACDB -> ACDB_CMD_GET_ANC_SETTING
10-03 09:47:49.503  1255  1255 D ACDB-LOADER: done with conversion, anc config size is 74
10-03 09:47:49.503  1255  1255 D ACDB-LOADER: ACDB -> init done!
10-03 09:47:49.510  1255  1255 D         : csd_client_init
10-03 09:47:49.510  1255  1255 E         : csd_client_service_init: Invalid rx device 0, setting to handset
10-03 09:47:49.510  1255  1255 E         : csd_client_service_init: Invalid tx device 0, setting to handset
10-03 09:47:49.512  1255  1255 E Diag_Lib:  Diag_LSM_Init: Failed to open handle to diag driver, error = 2
10-03 09:47:49.512  1264  1264 I Netd    : Setting up BandwidthController hooks: 11.4ms
10-03 09:47:49.512  1264  1264 I Netd    : Setting up IdletimerController hooks: 0.1ms
10-03 09:47:49.514  1255  1255 E QMI_FW  : QMUXD: Service_id=20 not found over conn_id=0
10-03 09:47:49.520  1264  1264 I Netd    : Disabling bandwidth control: 7.7ms
10-03 09:47:49.523  1264  1264 E Netd    : Error adding route 0.0.0.0/0 -> (null) dummy0 to table 1002: File exists
10-03 09:47:49.523  1264  1264 I Netd    : Initializing RouteController: 3.2ms
10-03 09:47:49.525  1264  1264 D MDnsDS  : MDnsSdListener::Hander starting up
10-03 09:47:49.525  1264  1309 D MDnsDS  : MDnsSdListener starting to monitor
10-03 09:47:49.525  1264  1309 D MDnsDS  : Going to poll with pollCount 1
10-03 09:47:49.527  1264  1264 I Netd    : Registering NetdNativeService: 1.1ms
10-03 09:47:49.527  1264  1264 I Netd    : Starting CommandListener: 0.2ms
10-03 09:47:49.527  1264  1264 I Netd    : Netd started in 564ms
10-03 09:47:49.533  1255  1255 E QMI_FW  : QMUXD: Service_id=20 not found over conn_id=0
10-03 09:47:49.597  1255  1255 I chatty  : uid=1041(audioserver) /system/bin/audioserver identical 2 lines
10-03 09:47:49.621  1255  1255 E QMI_FW  : QMUXD: Service_id=20 not found over conn_id=0
10-03 09:47:49.797  1255  1255 E ext_speaker: open_speaker_bundle: DLOPEN failed for /vendor/lib/soundfx/libspeakerbundle.so
10-03 09:47:49.797  1255  1255 W audio_hw_primary: adev_open: DLOPEN failed for /vendor/lib/soundfx/libqcomvisualizer.so
10-03 09:47:49.798  1255  1255 W audio_hw_primary: adev_open: DLOPEN failed for /vendor/lib/soundfx/libqcompostprocbundle.so
10-03 09:47:49.798  1255  1255 W audio_hw_primary: adev_open: DLOPEN failed for libadm.so
10-03 09:47:49.798  1255  1255 E audio_hw_utils: audio_extn_utils_send_default_app_type_cfg: Could not get ctl for mixer cmd - App Type Config
10-03 09:47:49.798  1255  1255 D audio_hw_primary: adev_open: exit
10-03 09:47:49.798  1255  1255 W DeviceHAL: Device 0xa7cdf300 get_master_volume: Function not implemented
10-03 09:47:49.798  1255  1255 W DeviceHAL: Device 0xa7cdf300 get_master_mute: Function not implemented
10-03 09:47:49.798  1255  1255 W DeviceHAL: Device 0xa7cdf300 set_master_volume: Function not implemented
10-03 09:47:49.799  1255  1255 W DeviceHAL: Device 0xa7cdf300 set_master_mute: Function not implemented
10-03 09:47:49.799  1255  1255 I AudioFlinger: loadHwModule() Loaded primary audio interface, handle 10
10-03 09:47:49.799  1255  1255 I AudioFlinger: openOutput() this 0xa7cbd000, module 10 Device 2, SamplingRate 48000, Format 0x000001, Channels 3, flags 2
10-03 09:47:49.799  1255  1255 I AudioFlinger: HAL output buffer size 240 frames, normal sink buffer size 960 frames
10-03 09:47:49.802   164   164 W /system/bin/hwservicemanager: getTransportFromManifest: Cannot find entry android.hardware.audio.effect@2.0::IEffectsFactory in either framework or device manifest, using default transport.
10-03 09:47:49.817  1255  1255 E voice_processing: init: can't find /system/lib/soundfx/libqcomvoiceprocessingdescriptors.so
10-03 09:47:49.817  1255  1255 I BufferProvider: found effect "Multichannel Downmix To Stereo" from The Android Open Source Project
10-03 09:47:49.818  1255  1255 I AudioFlinger: Using module 10 as the primary audio interface
10-03 09:47:49.818  1255  1255 W AudioFlinger: moveEffects() bad srcOutput 0
10-03 09:47:49.821  1255  1323 I AudioFlinger: AudioFlinger's thread 0xa6ca4080 tid=1323 ready to run
10-03 09:47:49.822  1255  1323 W AudioFlinger: no wake lock to update, system not ready yet
10-03 09:47:49.822  1255  1323 D audio_hw_primary: out_set_parameters: enter: usecase(1: low-latency-playback) kvpairs: routing=2
10-03 09:47:49.824  1255  1323 W AudioFlinger: no wake lock to update, system not ready yet
10-03 09:47:49.826  1255  1255 I AudioFlinger: openOutput() this 0xa7cbd000, module 10 Device 2, SamplingRate 48000, Format 0x000001, Channels 3, flags 8
10-03 09:47:49.827  1255  1255 I AudioFlinger: HAL output buffer size 960 frames, normal sink buffer size 960 frames
10-03 09:47:49.828  1255  1325 I AudioFlinger: AudioFlinger's thread 0xa65974c0 tid=1325 ready to run
10-03 09:47:49.828  1255  1325 W AudioFlinger: no wake lock to update, system not ready yet
10-03 09:47:49.829  1255  1325 D audio_hw_primary: out_set_parameters: enter: usecase(0: deep-buffer-playback) kvpairs: routing=2
10-03 09:47:49.833  1255  1325 W AudioFlinger: no wake lock to update, system not ready yet
10-03 09:47:49.834  1255  1327 I AudioFlinger: AudioFlinger's thread 0xa6511080 tid=1327 ready to run
10-03 09:47:49.846  1255  1255 I bt_a2dp_hw: adev_open:  adev_open in A2dp_hw module
10-03 09:47:49.846  1255  1255 I AudioFlinger: loadHwModule() Loaded a2dp audio interface, handle 18
10-03 09:47:49.846  1255  1255 I vndksupport: sphal namespace is not configured for this process. Loading /vendor/lib/hw/audio.usb.default.so from the current namespace instead.
10-03 09:47:49.849  1255  1255 I AudioFlinger: loadHwModule() Loaded usb audio interface, handle 26
10-03 09:47:49.850  1255  1255 I vndksupport: sphal namespace is not configured for this process. Loading /vendor/lib/hw/audio.r_submix.default.so from the current namespace instead.
10-03 09:47:49.851  1255  1255 I r_submix: adev_open(name=audio_hw_if)
10-03 09:47:49.851  1255  1255 I r_submix: adev_init_check()
10-03 09:47:49.851  1255  1255 W DeviceHAL: Device 0xa6511e80 set_master_mute: Function not implemented
10-03 09:47:49.851  1255  1255 I AudioFlinger: loadHwModule() Loaded r_submix audio interface, handle 34
10-03 09:47:49.852  1255  1255 D r_submix: adev_open_input_stream(addr=0)
10-03 09:47:49.852  1255  1255 D r_submix: submix_audio_device_create_pipe_l(addr=0, idx=9)
10-03 09:47:49.852  1255  1255 D r_submix:   now using address 0 for route 9
10-03 09:47:49.854  1255  1331 I AudioFlinger: AudioFlinger's thread 0xa5983a00 tid=1331 ready to run
10-03 09:47:49.855  1255  1255 D r_submix: adev_close_input_stream()
10-03 09:47:49.855  1255  1255 D r_submix: submix_audio_device_release_pipe_l(idx=9) addr=0
10-03 09:47:49.855  1255  1255 D r_submix: submix_audio_device_destroy_pipe_l(): pipe destroyed
10-03 09:47:49.858  1255  1255 I RadioService: RadioService
10-03 09:47:49.858  1255  1255 I RadioService: onFirstRef
10-03 09:47:49.860   164   164 W /system/bin/hwservicemanager: getTransportFromManifest: Cannot find entry android.hardware.broadcastradio@1.0::IBroadcastRadioFactory in either framework or device manifest, using default transport.
10-03 09:47:49.861  1255  1255 E RadioService: could not read implementation properties
10-03 09:47:49.863   164   164 W /system/bin/hwservicemanager: getTransportFromManifest: Cannot find entry android.hardware.soundtrigger@2.0::ISoundTriggerHw in either framework or device manifest, using default transport.
10-03 09:47:49.865  1255  1255 E SoundTriggerHwService: could not read implementation properties
10-03 09:47:49.963  1254  1254 D AndroidRuntime: >>>>>> START com.android.internal.os.ZygoteInit uid 0 <<<<<<
10-03 09:47:49.975  1254  1254 I zygote  : option[0]=-Xzygote
10-03 09:47:49.975  1254  1254 I zygote  : option[1]=-Xstacktracefile:/data/anr/traces.txt
10-03 09:47:49.975  1254  1254 I zygote  : option[2]=exit
10-03 09:47:49.975  1254  1254 I zygote  : option[3]=vfprintf
10-03 09:47:49.975  1254  1254 I zygote  : option[4]=sensitiveThread
10-03 09:47:49.975  1254  1254 I zygote  : option[5]=-verbose:gc
10-03 09:47:49.975  1254  1254 I zygote  : option[6]=-Xms8m
10-03 09:47:49.975  1254  1254 I zygote  : option[7]=-Xmx512m
10-03 09:47:49.975  1254  1254 I zygote  : option[8]=-XX:HeapGrowthLimit=192m
10-03 09:47:49.975  1254  1254 I zygote  : option[9]=-XX:HeapMinFree=512k
10-03 09:47:49.975  1254  1254 I zygote  : option[10]=-XX:HeapMaxFree=8m
10-03 09:47:49.975  1254  1254 I zygote  : option[11]=-XX:HeapTargetUtilization=0.75
10-03 09:47:49.975  1254  1254 I zygote  : option[12]=-Xusejit:true
10-03 09:47:49.975  1254  1254 I zygote  : option[13]=-Xjitsaveprofilinginfo
10-03 09:47:49.976  1254  1254 I zygote  : option[14]=-agentlib:jdwp=transport=dt_android_adb,suspend=n,server=y
10-03 09:47:49.976  1254  1254 I zygote  : option[15]=-Xlockprofthreshold:500
10-03 09:47:49.976  1254  1254 I zygote  : option[16]=-Ximage-compiler-option
10-03 09:47:49.976  1254  1254 I zygote  : option[17]=--runtime-arg
10-03 09:47:49.976  1254  1254 I zygote  : option[18]=-Ximage-compiler-option
10-03 09:47:49.976  1254  1254 I zygote  : option[19]=-Xms64m
10-03 09:47:49.976  1254  1254 I zygote  : option[20]=-Ximage-compiler-option
10-03 09:47:49.976  1254  1254 I zygote  : option[21]=--runtime-arg
10-03 09:47:49.976  1254  1254 I zygote  : option[22]=-Ximage-compiler-option
10-03 09:47:49.976  1254  1254 I zygote  : option[23]=-Xmx64m
10-03 09:47:49.976  1254  1254 I zygote  : option[24]=-Ximage-compiler-option
10-03 09:47:49.976  1254  1254 I zygote  : option[25]=--image-classes=/system/etc/preloaded-classes
10-03 09:47:49.976  1254  1254 I zygote  : option[26]=-Ximage-compiler-option
10-03 09:47:49.976  1254  1254 I zygote  : option[27]=--compiled-classes=/system/etc/compiled-classes
10-03 09:47:49.976  1254  1254 I zygote  : option[28]=-Xcompiler-option
10-03 09:47:49.976  1254  1254 I zygote  : option[29]=--runtime-arg
10-03 09:47:49.976  1254  1254 I zygote  : option[30]=-Xcompiler-option
10-03 09:47:49.976  1254  1254 I zygote  : option[31]=-Xms64m
10-03 09:47:49.976  1254  1254 I zygote  : option[32]=-Xcompiler-option
10-03 09:47:49.976  1254  1254 I zygote  : option[33]=--runtime-arg
10-03 09:47:49.976  1254  1254 I zygote  : option[34]=-Xcompiler-option
10-03 09:47:49.976  1254  1254 I zygote  : option[35]=-Xmx512m
10-03 09:47:49.977  1254  1254 I zygote  : option[36]=-Ximage-compiler-option
10-03 09:47:49.977  1254  1254 I zygote  : option[37]=--instruction-set-variant=krait
10-03 09:47:49.977  1254  1254 I zygote  : option[38]=-Xcompiler-option
10-03 09:47:49.977  1254  1254 I zygote  : option[39]=--instruction-set-variant=krait
10-03 09:47:49.977  1254  1254 I zygote  : option[40]=-Ximage-compiler-option
10-03 09:47:49.977  1254  1254 I zygote  : option[41]=--instruction-set-features=default
10-03 09:47:49.977  1254  1254 I zygote  : option[42]=-Xcompiler-option
10-03 09:47:49.977  1254  1254 I zygote  : option[43]=--instruction-set-features=default
10-03 09:47:49.977  1254  1254 I zygote  : option[44]=-Duser.locale=en-US
10-03 09:47:49.977  1254  1254 I zygote  : option[45]=--cpu-abilist=armeabi-v7a,armeabi
10-03 09:47:49.977  1254  1254 I zygote  : option[46]=-Xfingerprint:google/occam/mako:5.1.1/LMY48T/2237560:user/release-keys
10-03 09:47:50.208  1254  1254 I SamplingProfilerIntegration: Profiling disabled.
10-03 09:47:50.208  1254  1254 D Zygote  : begin preload
10-03 09:47:50.208  1254  1254 I Zygote  : Installing ICU cache reference pinning...
10-03 09:47:50.208  1254  1254 I Zygote  : Preloading ICU data...
10-03 09:47:50.227  1254  1254 D Zygote32Timing: BeginIcuCachePinning took to complete: 19ms
10-03 09:47:50.227  1254  1254 I Zygote  : Preloading classes...
10-03 09:47:50.510  1254  1254 E ActivityRecognitionHardware: activity_recognition HAL is deprecated. class_init is effectively a no-op
10-03 09:47:50.533  1254  1254 I zygote  : Thread[1,tid=1254,Native,Thread*=0xb1484000,peer=0x12c01c70,"main"] recursive attempt to load library "/system/lib/libmedia_jni.so"
10-03 09:47:50.534  1254  1254 D MtpDeviceJNI: register_android_mtp_MtpDevice
10-03 09:47:50.534  1254  1254 I zygote  : Thread[1,tid=1254,Native,Thread*=0xb1484000,peer=0x12c01c70,"main"] recursive attempt to load library "/system/lib/libmedia_jni.so"
10-03 09:47:50.535  1254  1254 I zygote  : Thread[1,tid=1254,Native,Thread*=0xb1484000,peer=0x12c01c70,"main"] recursive attempt to load library "/system/lib/libmedia_jni.so"
10-03 09:47:50.755  1254  1254 I System  : Loaded time zone names for "" in 94ms (92ms in ICU)
10-03 09:47:50.807  1254  1254 I System  : Loaded time zone names for "en_US" in 52ms (50ms in ICU)
10-03 09:47:50.822  1254  1254 I Zygote  : ...preloaded 4570 classes in 595ms.
10-03 09:47:50.822  1254  1254 I zygote  : VMRuntime.preloadDexCaches starting
10-03 09:47:50.995  1254  1254 I zygote  : VMRuntime.preloadDexCaches strings total=306461 before=2831 after=2831
10-03 09:47:50.996  1254  1254 I zygote  : VMRuntime.preloadDexCaches types total=26176 before=2689 after=3314
10-03 09:47:50.996  1254  1254 I zygote  : VMRuntime.preloadDexCaches fields total=123807 before=2162 after=1211
10-03 09:47:50.996  1254  1254 I zygote  : VMRuntime.preloadDexCaches methods total=219862 before=87618 after=87717
10-03 09:47:50.996  1254  1254 I zygote  : VMRuntime.preloadDexCaches finished
10-03 09:47:50.996  1254  1254 D Zygote32Timing: PreloadClasses took to complete: 769ms
10-03 09:47:51.044  1254  1254 I Zygote  : Preloading resources...
10-03 09:47:51.076  1254  1254 W Resources: Preloaded drawable resource #0x1080264 (android:drawable/dialog_background_material) that varies with configuration!!
10-03 09:47:51.082  1254  1254 W Resources: Preloaded color resource #0x10600de (android:color/material_grey_800) that varies with configuration!!
10-03 09:47:51.082  1254  1254 W Resources: Preloaded drawable resource #0x10802d1 (android:drawable/floating_popup_background_dark) that varies with configuration!!
10-03 09:47:51.197  1254  1254 I Zygote  : ...preloaded 114 resources in 153ms.
10-03 09:47:51.205  1254  1254 W Resources: Preloaded color resource #0x1060036 (android:color/background_cache_hint_selector_material_dark) that varies with configuration!!
10-03 09:47:51.206  1254  1254 W Resources: Preloaded color resource #0x1060053 (android:color/btn_default_material_dark) that varies with configuration!!
10-03 09:47:51.208  1254  1254 I Zygote  : ...preloaded 41 resources in 11ms.
10-03 09:47:51.208  1254  1254 D Zygote32Timing: PreloadResources took to complete: 212ms
10-03 09:47:51.209  1254  1254 I vndksupport: sphal namespace is not configured for this process. Loading /vendor/lib/egl/libEGL_adreno.so from the current namespace instead.
10-03 09:47:51.213  1254  1254 D libEGL  : loaded /vendor/lib/egl/libEGL_adreno.so
10-03 09:47:51.214  1254  1254 I vndksupport: sphal namespace is not configured for this process. Loading /vendor/lib/egl/libGLESv1_CM_adreno.so from the current namespace instead.
10-03 09:47:51.216  1254  1254 D libEGL  : loaded /vendor/lib/egl/libGLESv1_CM_adreno.so
10-03 09:47:51.242  1254  1254 I vndksupport: sphal namespace is not configured for this process. Loading /vendor/lib/egl/libGLESv2_adreno.so from the current namespace instead.
10-03 09:47:51.257  1254  1254 D libEGL  : loaded /vendor/lib/egl/libGLESv2_adreno.so
10-03 09:47:51.286  1254  1254 I Zygote  : Preloading shared libraries...
10-03 09:47:51.310  1254  1254 I Zygote  : Uninstalled ICU cache reference pinning...
10-03 09:47:51.313  1254  1254 I Zygote  : Installed AndroidKeyStoreProvider in 3ms.
10-03 09:47:51.328  1254  1254 I Zygote  : Warmed up JCA providers in 16ms.
10-03 09:47:51.329  1254  1254 D Zygote  : end preload
10-03 09:47:51.329  1254  1254 D Zygote32Timing: ZygotePreload took to complete: 1121ms
10-03 09:47:51.372  1254  1254 I zygote  : Explicit concurrent copying GC freed 32084(1719KB) AllocSpace objects, 4(104KB) LOS objects, 59% free, 1058KB/2MB, paused 671us total 43.212ms
10-03 09:47:51.411  1254  1254 I zygote  : Explicit concurrent copying GC freed 6053(221KB) AllocSpace objects, 0(0B) LOS objects, 63% free, 869KB/2MB, paused 183us total 28.717ms
10-03 09:47:51.411  1254  1254 D Zygote32Timing: PostZygoteInitGC took to complete: 82ms
10-03 09:47:51.411  1254  1254 D Zygote32Timing: ZygoteInit took to complete: 1203ms
10-03 09:47:51.413  1254  1254 I zygote  : Global filter of size 170 installed
10-03 09:47:51.501  1254  1254 I Zygote  : System server process 1360 has been created
10-03 09:47:51.504  1254  1254 I Zygote  : Accepting command socket connections
10-03 09:47:51.526  1360  1360 W system_server: type=1400 audit(0.0:113): avc: granted { execute } for path="/data/dalvik-cache/arm/system@framework@services.jar@classes.dex" dev="mmcblk0p23" ino=537510 scontext=u:r:system_server:s0 tcontext=u:object_r:dalvikcache_data_file:s0 tclass=file
10-03 09:47:51.555  1371  1371 E linker  : "/system/vendor/lib/libmmjpeg.so" has text relocations
10-03 09:47:51.557  1371  1371 F libc    : CANNOT LINK EXECUTABLE "/vendor/bin/mm-qcamera-daemon": "/system/vendor/lib/libmmjpeg.so" has text relocations
10-03 09:47:51.558  1371  1371 F libc    : Fatal signal 6 (SIGABRT), code -6 in tid 1371 (mm-qcamera-daem)
10-03 09:47:51.563  1360  1360 I SystemServer: InitBeforeStartServices
10-03 09:47:51.563  1360  1360 I SystemServer: Entered the Android system server!
10-03 09:47:51.590  1372  1372 E android.hardware.nfc@1.0-impl: hw_get_module nfc_nci failed: -2
10-03 09:47:51.590  1372  1372 E android.hardware.nfc@1.0-impl: Passthrough failed to load legacy HAL.
10-03 09:47:51.590  1372  1372 E android.hardware.nfc@1.0-service: Could not get passthrough implementation for android.hardware.nfc@1.0::INfc/default.
10-03 09:47:51.595  1377  1377 I crash_dump32: obtaining output fd from tombstoned
10-03 09:47:51.596   247   247 I /system/bin/tombstoned: received crash request for pid 1371
10-03 09:47:51.597  1377  1377 I crash_dump32: performing dump of process 1371 (target tid = 1371)
10-03 09:47:51.597  1371  1371 F libc    : failed to resend signal during crash: Operation not permitted
10-03 09:47:51.597  1377  1377 E DEBUG   : unexpected waitpid response: n=1371, status=00000100
10-03 09:47:51.598   247   247 W /system/bin/tombstoned: crash socket received short read of length 0 (expected 8)
10-03 09:47:51.800  1360  1360 D SystemServerTiming: InitBeforeStartServices took to complete: 237ms
10-03 09:47:51.800  1360  1360 I SystemServer: StartServices
10-03 09:47:51.800  1360  1360 I SystemServer: Reading configuration...
10-03 09:47:51.801  1360  1360 I SystemServer: ReadingSystemConfig
10-03 09:47:51.802  1360  1360 D SystemServerTiming: ReadingSystemConfig took to complete: 1ms
10-03 09:47:51.802  1360  1360 I SystemServer: StartInstaller
10-03 09:47:51.803  1360  1378 D SystemServerInitThreadPool: Started executing ReadingSystemConfig
10-03 09:47:51.803  1360  1360 I SystemServiceManager: Starting com.android.server.pm.Installer
10-03 09:47:51.806  1360  1360 D SystemServerTiming: StartInstaller took to complete: 4ms
10-03 09:47:51.806  1360  1360 I SystemServer: DeviceIdentifiersPolicyService
