10-01 16:48:18.958   350   350 I PackageManager: /system/app/UserDictionaryProvider changed; collecting certs
10-01 16:48:18.962   350   350 E PackageManager: Adding duplicate user id: 10000 name=com.android.providers.userdictionary
10-01 16:48:18.964   350   350 I PackageManager: /system/app/WAPPushManager changed; collecting certs
10-01 16:48:18.969   350   350 I PackageManager: /system/app/WallpaperBackup changed; collecting certs
10-01 16:48:18.973   350   350 E PackageManager: Adding duplicate shared id: 1000 name=com.android.wallpaperbackup
10-01 16:48:18.976   350   350 I PackageManager: /system/app/webview changed; collecting certs
10-01 16:48:20.374   350   350 I PackageManager: /system/app/messaging changed; collecting certs
10-01 16:48:20.581   350   350 D PackageManager: No files in app dir /system/vendor/app
10-01 16:48:20.581   350   350 D PackageManager: No files in app dir /oem/app
10-01 16:48:20.585   350   350 D PackageManager: No files in app dir /data/app
10-01 16:48:20.585   350   350 D PackageManager: No files in app dir /data/app-private
10-01 16:48:20.592   350   350 E PackageManager: updateAllSharedLibrariesLPw failed: Package com.android.dialer requires unavailable shared library com.qualcomm.qti.smartsearch; failing!
10-01 16:48:20.594   350   350 I PackageManager: Time to scan packages: 6.414 seconds
10-01 16:48:20.619   350   350 V PackageManager: Disabling com.google.android.gsf/com.google.android.gsf.update.SystemUpdateActivity
10-01 16:48:20.619   350   350 W PackageManager: Unable to disable com.google.android.gsf/com.google.android.gsf.update.SystemUpdateActivity
10-01 16:48:20.619   350   350 V PackageManager: Disabling com.google.android.gsf/com.google.android.gsf.update.SystemUpdateService$Receiver
10-01 16:48:20.619   350   350 W PackageManager: Unable to disable com.google.android.gsf/com.google.android.gsf.update.SystemUpdateService$Receiver
10-01 16:48:20.619   350   350 V PackageManager: Disabling com.google.android.gsf/com.google.android.gsf.update.SystemUpdateService$SecretCodeReceiver
10-01 16:48:20.619   350   350 W PackageManager: Unable to disable com.google.android.gsf/com.google.android.gsf.update.SystemUpdateService$SecretCodeReceiver
10-01 16:48:20.619   350   350 V PackageManager: Disabling com.google.android.gms/com.google.android.gms.update.SystemUpdateActivity
10-01 16:48:20.619   350   350 W PackageManager: Unable to disable com.google.android.gms/com.google.android.gms.update.SystemUpdateActivity
10-01 16:48:20.619   350   350 V PackageManager: Disabling com.google.android.gms/com.google.android.gms.update.SystemUpdateService$Receiver
10-01 16:48:20.619   350   350 W PackageManager: Unable to disable com.google.android.gms/com.google.android.gms.update.SystemUpdateService$Receiver
10-01 16:48:20.619   350   350 V PackageManager: Disabling com.google.android.gms/com.google.android.gms.update.SystemUpdateService$ActiveReceiver
10-01 16:48:20.619   350   350 W PackageManager: Unable to disable com.google.android.gms/com.google.android.gms.update.SystemUpdateService$ActiveReceiver
10-01 16:48:20.620   350   350 V PackageManager: Disabling com.google.android.gms/com.google.android.gms.update.SystemUpdateService$SecretCodeReceiver
10-01 16:48:20.620   350   350 W PackageManager: Unable to disable com.google.android.gms/com.google.android.gms.update.SystemUpdateService$SecretCodeReceiver
10-01 16:48:20.620   350   350 V PackageManager: Enabling com.google.android.gsf/com.google.android.gsf.update.SystemUpdateService
10-01 16:48:20.620   350   350 W PackageManager: Unable to enable com.google.android.gsf/com.google.android.gsf.update.SystemUpdateService
10-01 16:48:20.620   350   350 V PackageManager: Enabling com.google.android.gms/com.google.android.gms.update.SystemUpdateService
10-01 16:48:20.620   350   350 W PackageManager: Unable to enable com.google.android.gms/com.google.android.gms.update.SystemUpdateService
10-01 16:48:20.620   350   350 V PackageManager: reconcileAppsData for null u0 0x3 migrateAppData=true
10-01 16:48:20.626   210   232 I SELinux : SELinux: Loaded file_contexts
10-01 16:48:20.638   210   210 W installd: Requested default storage /data/user_de/0/com.android.providers.telephony is not active; migrating from /data/data/com.android.providers.telephony
10-01 16:48:20.691   210   232 W installd: Requested default storage /data/user_de/0/com.android.defcontainer is not active; migrating from /data/data/com.android.defcontainer
10-01 16:48:20.707   210   232 W installd: Requested default storage /data/user_de/0/android is not active; migrating from /data/data/android
10-01 16:48:20.737   210   378 W installd: Requested default storage /data/user_de/0/com.android.providers.settings is not active; migrating from /data/data/com.android.providers.settings
10-01 16:48:20.766   210   362 W installd: Requested default storage /data/user_de/0/com.android.inputdevices is not active; migrating from /data/data/com.android.inputdevices
10-01 16:48:20.804   210   210 W installd: Requested default storage /data/user_de/0/android.ext.shared is not active; migrating from /data/data/android.ext.shared
10-01 16:48:20.836   210   232 W installd: Requested default storage /data/user_de/0/com.android.server.telecom is not active; migrating from /data/data/com.android.server.telecom
10-01 16:48:20.885   210   362 W installd: Requested default storage /data/user_de/0/android.ext.services is not active; migrating from /data/data/android.ext.services
10-01 16:48:20.910   210   210 W installd: Requested default storage /data/user_de/0/com.android.packageinstaller is not active; migrating from /data/data/com.android.packageinstaller
10-01 16:48:20.945   210   232 W installd: Requested default storage /data/user_de/0/com.android.proxyhandler is not active; migrating from /data/data/com.android.proxyhandler
10-01 16:48:20.986   210   232 W installd: Requested default storage /data/user_de/0/com.android.inputmethod.latin is not active; migrating from /data/data/com.android.inputmethod.latin
10-01 16:48:21.025   210   232 W installd: Requested default storage /data/user_de/0/com.android.settings is not active; migrating from /data/data/com.android.settings
10-01 16:48:21.041   210   378 W installd: Requested default storage /data/user_de/0/com.android.phone is not active; migrating from /data/data/com.android.phone
10-01 16:48:21.057   210   362 W installd: Requested default storage /data/user_de/0/com.android.shell is not active; migrating from /data/data/com.android.shell
10-01 16:48:21.071   210   210 W installd: Requested default storage /data/user_de/0/com.android.location.fused is not active; migrating from /data/data/com.android.location.fused
10-01 16:48:21.089   210   232 W installd: Requested default storage /data/user_de/0/com.android.systemui is not active; migrating from /data/data/com.android.systemui
10-01 16:48:21.095   350   350 V PackageManager: reconcileAppsData finished 18 packages
10-01 16:48:21.098   350   422 D SystemServerInitThreadPool: Started executing prepareAppData
10-01 16:48:21.100   210   362 W installd: Ignoring /data/data/com.android.defcontainer/lib with unexpected GID 0 instead of 10006
10-01 16:48:21.101   210   362 W installd: Ignoring /data/data/com.android.inputmethod.latin/lib with unexpected GID 0 instead of 10051
10-01 16:48:21.102   210   362 W installd: Ignoring /data/user_de/0/com.android.defcontainer/lib with unexpected GID 0 instead of 10006
10-01 16:48:21.103   210   362 W installd: Ignoring /data/user_de/0/com.android.inputmethod.latin/lib with unexpected GID 0 instead of 10051
10-01 16:48:21.104   350   422 D SystemServerTimingAsync: AppDataFixup took to complete: 6ms
10-01 16:48:22.137   350   350 E PackageManager: There should probably be a verifier, but, none were found
10-01 16:48:22.145   350   350 D PackageManager: Ephemeral resolver not found with new action; try old one
10-01 16:48:22.145   350   350 D PackageManager: Ephemeral resolver NOT found; no matching intent filters
10-01 16:48:22.146   350   350 D PackageManager: Ephemeral installer not found with new action; try old one
10-01 16:48:22.146   350   350 D PackageManager: Clear ephemeral installer activity
10-01 16:48:22.213   350   350 I zygote  : Explicit concurrent copying GC freed 20129(1138KB) AllocSpace objects, 9(200KB) LOS objects, 44% free, 1919KB/3MB, paused 183us total 48.675ms
10-01 16:48:22.215   350   350 D FallbackCategoryProvider: Found 1 fallback categories
10-01 16:48:22.218   350   350 D SystemServerTiming: StartPackageManagerService took to complete: 8175ms
10-01 16:48:22.218   350   350 I SystemServer: StartOtaDexOptService
10-01 16:48:22.219   350   350 D OTADexopt: No upgrade, skipping A/B artifacts check.
10-01 16:48:22.219   350   350 D SystemServerTiming: StartOtaDexOptService took to complete: 1ms
10-01 16:48:22.219   350   350 I SystemServer: StartUserManagerService
10-01 16:48:22.220   350   350 I SystemServiceManager: Starting com.android.server.pm.UserManagerService$LifeCycle
10-01 16:48:22.220   350   350 D SystemServerTiming: StartUserManagerService took to complete: 1ms
10-01 16:48:22.220   350   350 I SystemServer: InitAttributerCache
10-01 16:48:22.221   350   350 D SystemServerTiming: InitAttributerCache took to complete: 1ms
10-01 16:48:22.221   350   350 I SystemServer: SetSystemProcess
10-01 16:48:22.234   195   195 I lowmemorykiller: ActivityManager connected
10-01 16:48:22.235   350   350 D SystemServerTiming: SetSystemProcess took to complete: 14ms
10-01 16:48:22.237   350   424 I ServiceThread: Enabled StrictMode logging for android.anim looper.
10-01 16:48:22.237   350   350 I SystemServer: StartOverlayManagerService
10-01 16:48:22.244   350   350 D SystemServerTiming: StartOverlayManagerService took to complete: 7ms
10-01 16:48:22.245   350   425 D SystemServerInitThreadPool: Started executing Init OverlayManagerService
10-01 16:48:22.246   350   350 I SystemServer: StartDropBoxManager
10-01 16:48:22.247   350   350 I SystemServiceManager: Starting com.android.server.DropBoxManagerService
10-01 16:48:22.247   350   426 D SystemServerInitThreadPool: Started executing StartSensorService
10-01 16:48:22.247   350   426 D SensorService: nuSensorService starting...
10-01 16:48:22.249   164   164 W /system/bin/hwservicemanager: getTransportFromManifest: Cannot find entry android.hardware.sensors@1.0::ISensors in either framework or device manifest, using default transport.
10-01 16:48:22.251   350   350 D SystemServerTiming: StartDropBoxManager took to complete: 5ms
10-01 16:48:22.251   350   350 I SystemServer: StartBatteryService
10-01 16:48:22.251   350   350 I SystemServiceManager: Starting com.android.server.BatteryService
10-01 16:48:22.260   350   425 D SystemServerInitThreadPool: Finished executing Init OverlayManagerService
10-01 16:48:22.270   350   390 E LightsService: Light requested not available on this device. 3
10-01 16:48:22.270   350   350 D SystemServerTiming: StartBatteryService took to complete: 19ms
10-01 16:48:22.270   350   350 I SystemServer: StartUsageService
10-01 16:48:22.270   350   350 I SystemServiceManager: Starting com.android.server.usage.UsageStatsService
10-01 16:48:22.302   350   426 I vndksupport: sphal namespace is not configured for this process. Loading /vendor/lib/hw/sensors.msm8960.so from the current namespace instead.
10-01 16:48:22.320   350   350 D SystemServerTiming: StartUsageService took to complete: 50ms
10-01 16:48:22.320   350   350 I SystemServer: StartWebViewUpdateService
10-01 16:48:22.321   350   350 I SystemServiceManager: Starting com.android.server.webkit.WebViewUpdateService
10-01 16:48:22.329   350   350 D SystemServerTiming: StartWebViewUpdateService took to complete: 9ms
10-01 16:48:22.330   350   350 I SystemServer: StartKeyAttestationApplicationIdProviderService
10-01 16:48:22.330   350   392 D SystemServerInitThreadPool: Started executing SecondaryZygotePreload
10-01 16:48:22.330   350   392 I SystemServer: SecondaryZygotePreload
10-01 16:48:22.331   350   350 D SystemServerTiming: StartKeyAttestationApplicationIdProviderService took to complete: 1ms
10-01 16:48:22.331   350   350 I SystemServer: StartKeyChainSystemService
10-01 16:48:22.331   350   350 I SystemServiceManager: Starting com.android.server.security.KeyChainSystemService
10-01 16:48:22.332   350   350 D SystemServerTiming: StartKeyChainSystemService took to complete: 1ms
10-01 16:48:22.332   350   350 I SystemServer: StartSchedulingPolicyService
10-01 16:48:22.334   350   350 D SystemServerTiming: StartSchedulingPolicyService took to complete: 1ms
10-01 16:48:22.334   350   350 I SystemServer: StartTelecomLoaderService
10-01 16:48:22.334   350   350 I SystemServiceManager: Starting com.android.server.telecom.TelecomLoaderService
10-01 16:48:22.334   350   350 D SystemServerTiming: StartTelecomLoaderService took to complete: 0ms
10-01 16:48:22.335   350   350 I SystemServer: StartTelephonyRegistry
10-01 16:48:22.339   350   350 D SystemServerTiming: StartTelephonyRegistry took to complete: 5ms
10-01 16:48:22.339   350   350 I SystemServer: StartEntropyMixer
10-01 16:48:22.340   350   350 W EntropyMixer: No existing entropy file -- first boot?
10-01 16:48:22.342   350   392 I Zygote  : Process: zygote socket zygote opened, supported ABIS: armeabi-v7a,armeabi
10-01 16:48:22.343   350   350 I EntropyMixer: Added HW RNG output to entropy pool
10-01 16:48:22.343   350   350 I EntropyMixer: Writing entropy...
10-01 16:48:22.353   350   392 E SystemServer: Unable to preload default resources
10-01 16:48:22.353   350   392 D SystemServerTimingAsync: SecondaryZygotePreload took to complete: 23ms
10-01 16:48:22.353   350   392 D SystemServerInitThreadPool: Finished executing SecondaryZygotePreload
10-01 16:48:22.394   350   350 D SystemServerTiming: StartEntropyMixer took to complete: 54ms
10-01 16:48:22.394   350   350 I SystemServer: Camera Service Proxy
10-01 16:48:22.394   350   350 I SystemServer: StartCameraServiceProxy
10-01 16:48:22.396   350   350 I SystemServiceManager: Starting com.android.server.camera.CameraServiceProxy
10-01 16:48:22.400   350   429 I ServiceThread: Enabled StrictMode logging for CameraService_proxy looper.
10-01 16:48:22.402   350   350 D SystemServerTiming: StartCameraServiceProxy took to complete: 8ms
10-01 16:48:22.402   350   350 I SystemServer: StartAccountManagerService
10-01 16:48:22.403   350   350 I SystemServiceManager: Starting com.android.server.accounts.AccountManagerService$Lifecycle
10-01 16:48:22.423   350   350 D SystemServerTiming: StartAccountManagerService took to complete: 21ms
10-01 16:48:22.423   350   350 I SystemServer: StartContentService
10-01 16:48:22.423   350   350 I SystemServiceManager: Starting com.android.server.content.ContentService$Lifecycle
10-01 16:48:22.427   350   350 D SystemServerTiming: StartContentService took to complete: 4ms
10-01 16:48:22.427   350   350 I SystemServer: InstallSystemProviders
10-01 16:48:22.711   210   378 W installd: Requested default storage /data/user_de/0/com.android.stk is not active; migrating from /data/data/com.android.stk
10-01 16:48:22.782   350   350 I SettingsState: No settings state /data/system/users/0/settings_system.xml
10-01 16:48:22.807   350   350 I SettingsState: No settings state /data/system/users/0/settings_secure.xml
10-01 16:48:22.814   350   350 D SettingsProvider: Generated and saved new ANDROID_ID [47c46ec6489f8656] for user 0
10-01 16:48:22.834   350   350 I SettingsState: No settings state /data/system/users/0/settings_global.xml
10-01 16:48:22.868   350   350 D SettingsProvider: Setting [] as Autofill Service for user 0
10-01 16:48:22.991   350   350 I SettingsState: No settings state /data/system/users/0/settings_ssaid.xml
10-01 16:48:23.011   350   350 V RescueParty: Disabled because of active USB connection
10-01 16:48:23.011   350   350 D SystemServerTiming: InstallSystemProviders took to complete: 584ms
10-01 16:48:23.011   350   350 I SystemServer: StartVibratorService
10-01 16:48:23.014   164   164 W /system/bin/hwservicemanager: getTransportFromManifest: Cannot find entry android.hardware.vibrator@1.0::IVibrator in either framework or device manifest, using default transport.
10-01 16:48:23.023   350   350 I vndksupport: sphal namespace is not configured for this process. Loading /vendor/lib/hw/vibrator.default.so from the current namespace instead.
10-01 16:48:23.026   350   350 D         : Vibrator using timed_output
10-01 16:48:23.026   204   204 E QMI_FW  : QMUXD: WARNING qmi_qmux_if_pwr_up_init failed! rc=-1
10-01 16:48:23.035   350   350 D SystemServerTiming: StartVibratorService took to complete: 24ms
10-01 16:48:23.035   350   350 I SystemServer: StartConsumerIrService
10-01 16:48:23.037   164   164 W /system/bin/hwservicemanager: getTransportFromManifest: Cannot find entry android.hardware.ir@1.0::IConsumerIr in either framework or device manifest, using default transport.
10-01 16:48:23.039   350   350 D SystemServerTiming: StartConsumerIrService took to complete: 4ms
10-01 16:48:23.040   350   350 I SystemServer: StartAlarmManagerService
10-01 16:48:23.040   350   350 I SystemServiceManager: Starting com.android.server.AlarmManagerService
10-01 16:48:23.044   350   350 D AlarmManagerService: Kernel timezone updated to 0 minutes west of GMT
10-01 16:48:23.049   350   350 D SystemServerTiming: StartAlarmManagerService took to complete: 10ms
10-01 16:48:23.049   350   350 I SystemServer: InitWatchdog
10-01 16:48:23.050   350   350 D SystemServerTiming: InitWatchdog took to complete: 1ms
10-01 16:48:23.050   350   350 I SystemServer: StartInputManagerService
10-01 16:48:23.050   350   350 I InputManager: Initializing input manager, mUseDevInputEventForAudioJack=true
10-01 16:48:23.052   350   350 D SystemServerTiming: StartInputManagerService took to complete: 1ms
10-01 16:48:23.052   350   350 I SystemServer: StartWindowManagerService
10-01 16:48:23.059   210   210 W installd: Requested default storage /data/user_de/0/com.android.cellbroadcastreceiver is not active; migrating from /data/data/com.android.cellbroadcastreceiver
10-01 16:48:23.330   350   426 E libsensor1: sensor1_open: Error in connect() errno=2 No such file or directory
10-01 16:48:23.331   350   426 E sensor_reg: sensor_reg_sensor1_open: sensor1_open returned 11
10-01 16:48:23.331   350   426 E qcom_sensors_hal: hal_init: Error in sensor_reg_open(): -1
10-01 16:48:23.332   350   426 F system_server: Sensors.cpp:98] Check failed: getHalDeviceVersion() >= ((((1) & 0xff) << 24) | (((3) & 0xff) << 16) | ((1) & 0xffff)) (getHalDeviceVersion()=16777217, ((((1) & 0xff) << 24) | (((3) & 0xff) << 16) | ((1) & 0xffff))=16973825) 
--------- beginning of crash
10-01 16:48:23.333   350   426 F libc    : Fatal signal 6 (SIGABRT), code -6 in tid 426 (system-server-i)
10-01 16:48:23.534   437   437 I crash_dump32: obtaining output fd from tombstoned
10-01 16:48:23.535   223   223 I /system/bin/tombstoned: received crash request for pid 350
10-01 16:48:23.536   437   437 I crash_dump32: performing dump of process 350 (target tid = 426)
10-01 16:48:23.538   350   426 F libc    : failed to resend signal during crash: Operation not permitted
10-01 16:48:23.539   437   437 E DEBUG   : unexpected waitpid response: n=426, status=00000100
10-01 16:48:23.541   223   223 W /system/bin/tombstoned: crash socket received short read of length 0 (expected 8)
10-01 16:48:23.563   163   163 I ServiceManager: service 'dropbox' died
10-01 16:48:23.564   163   163 I ServiceManager: service 'overlay' died
10-01 16:48:23.564   163   163 I ServiceManager: service 'battery' died
10-01 16:48:23.564   163   163 I ServiceManager: service 'usagestats' died
10-01 16:48:23.564   163   163 I ServiceManager: service 'webviewupdate' died
10-01 16:48:23.564   163   163 I ServiceManager: service 'sec_key_att_app_id_provider' died
10-01 16:48:23.564   163   163 I ServiceManager: service 'scheduling_policy' died
10-01 16:48:23.564   163   163 I ServiceManager: service 'telephony.registry' died
10-01 16:48:23.564   163   163 I ServiceManager: service 'media.camera.proxy' died
10-01 16:48:23.565   163   163 I ServiceManager: service 'account' died
10-01 16:48:23.565   163   163 I ServiceManager: service 'content' died
10-01 16:48:23.565   163   163 I ServiceManager: service 'settings' died
10-01 16:48:23.565   163   163 I ServiceManager: service 'vibrator' died
10-01 16:48:23.565   163   163 I ServiceManager: service 'consumer_ir' died
10-01 16:48:23.565   163   163 I ServiceManager: service 'alarm' died
10-01 16:48:23.565   163   163 I ServiceManager: service 'procstats' died
10-01 16:48:23.565   163   163 I ServiceManager: service 'meminfo' died
10-01 16:48:23.565   163   163 I ServiceManager: service 'gfxinfo' died
10-01 16:48:23.565   163   163 I ServiceManager: service 'dbinfo' died
10-01 16:48:23.565   163   163 I ServiceManager: service 'cpuinfo' died
10-01 16:48:23.565   163   163 I ServiceManager: service 'permission' died
10-01 16:48:23.566   163   163 I ServiceManager: service 'processinfo' died
10-01 16:48:23.566   163   163 I ServiceManager: service 'package' died
10-01 16:48:23.566   163   163 I ServiceManager: service 'otadexopt' died
10-01 16:48:23.566   163   163 I ServiceManager: service 'user' died
10-01 16:48:23.566   163   163 I ServiceManager: service 'activity' died
10-01 16:48:23.566   163   163 I ServiceManager: service 'device_identifiers' died
10-01 16:48:23.566   163   163 I ServiceManager: service 'batterystats' died
10-01 16:48:23.566   163   163 I ServiceManager: service 'appops' died
10-01 16:48:23.566   163   163 I ServiceManager: service 'power' died
10-01 16:48:23.566   163   163 I ServiceManager: service 'recovery' died
10-01 16:48:23.566   163   163 I ServiceManager: service 'display' died
10-01 16:48:23.598   195   195 I lowmemorykiller: ActivityManager disconnected
10-01 16:48:23.598   195   195 I lowmemorykiller: Closing Activity Manager data connection
10-01 16:48:23.665   187   187 I Zygote  : Process 350 exited cleanly (1)
10-01 16:48:23.665   187   187 E Zygote  : Exit zygote because system server (350) has terminated
10-01 16:48:23.697   163   163 I ServiceManager: service 'media.audio_flinger' died
10-01 16:48:23.719   163   163 I ServiceManager: service 'media.camera' died
10-01 16:48:23.736   163   163 I ServiceManager: service 'media.player' died
10-01 16:48:23.736   163   163 I ServiceManager: service 'media.resource_manager' died
10-01 16:48:23.759   163   163 I ServiceManager: service 'netd' died
10-01 16:48:23.776   163   163 I ServiceManager: service 'wificond' died
10-01 16:48:23.870   444   444 W netd    : type=1400 audit(0.0:60): avc: granted { getattr } for path="/vendor" dev="rootfs" ino=4768 scontext=u:r:netd:s0 tcontext=u:object_r:rootfs:s0 tclass=lnk_file
10-01 16:48:23.960   444   444 I Netd    : Netd 1.0 starting
10-01 16:48:23.961   444   444 D TetherController: Setting IP forward enable = 0
10-01 16:48:23.987   445   445 I wificond: wificond is starting up...
10-01 16:48:24.030   446   446 W iptables-restor: type=1400 audit(0.0:61): avc: granted { getattr } for path="/vendor" dev="rootfs" ino=4768 scontext=u:r:netd:s0 tcontext=u:object_r:rootfs:s0 tclass=lnk_file
10-01 16:48:24.061   447   447 W ip6tables-resto: type=1400 audit(0.0:62): avc: granted { getattr } for path="/vendor" dev="rootfs" ino=4768 scontext=u:r:netd:s0 tcontext=u:object_r:rootfs:s0 tclass=lnk_file
10-01 16:48:24.111   448   448 W iptables: type=1400 audit(0.0:63): avc: granted { getattr } for path="/vendor" dev="rootfs" ino=4768 scontext=u:r:netd:s0 tcontext=u:object_r:rootfs:s0 tclass=lnk_file
10-01 16:48:24.161   449   449 W ip6tables: type=1400 audit(0.0:64): avc: granted { getattr } for path="/vendor" dev="rootfs" ino=4768 scontext=u:r:netd:s0 tcontext=u:object_r:rootfs:s0 tclass=lnk_file
10-01 16:48:24.211   450   450 W iptables: type=1400 audit(0.0:65): avc: granted { getattr } for path="/vendor" dev="rootfs" ino=4768 scontext=u:r:netd:s0 tcontext=u:object_r:rootfs:s0 tclass=lnk_file
10-01 16:48:24.222   441   441 I FastMixerState: sMaxFastTracks = 8
10-01 16:48:24.224   441   441 I audioserver: ServiceManager: 0xa660e4c0
10-01 16:48:24.225   441   441 W BatteryNotifier: batterystats service unavailable!
10-01 16:48:24.227   164   164 W /system/bin/hwservicemanager: getTransportFromManifest: Cannot find entry android.hardware.audio@2.0::IDevicesFactory in either framework or device manifest, using default transport.
10-01 16:48:24.235   164   164 W /system/bin/hwservicemanager: getTransportFromManifest: Cannot find entry android.hardware.audio.effect@2.0::IEffectsFactory in either framework or device manifest, using default transport.
10-01 16:48:24.244   441   441 I AudioFlinger: Using default 3000 mSec as standby time.
10-01 16:48:24.262   441   441 I APM::ConfigParsingUtils: loadAudioPolicyConfig() loaded /system/etc/audio_policy.conf
10-01 16:48:24.263   441   441 I vndksupport: sphal namespace is not configured for this process. Loading /vendor/lib/hw/audio.primary.msm8960.so from the current namespace instead.
10-01 16:48:24.268   441   441 D audio_hw_primary: adev_open: enter
10-01 16:48:24.271   457   457 W ip6tables: type=1400 audit(0.0:66): avc: granted { getattr } for path="/vendor" dev="rootfs" ino=4768 scontext=u:r:netd:s0 tcontext=u:object_r:rootfs:s0 tclass=lnk_file
10-01 16:48:24.311   460   460 W iptables: type=1400 audit(0.0:67): avc: granted { getattr } for path="/vendor" dev="rootfs" ino=4768 scontext=u:r:netd:s0 tcontext=u:object_r:rootfs:s0 tclass=lnk_file
10-01 16:48:24.361   461   461 W ip6tables: type=1400 audit(0.0:68): avc: granted { getattr } for path="/vendor" dev="rootfs" ino=4768 scontext=u:r:netd:s0 tcontext=u:object_r:rootfs:s0 tclass=lnk_file
10-01 16:48:24.367   441   441 E audio_route: unknown enum value string Off for ctl TTY Mode
10-01 16:48:24.407   441   441 D ACDB-LOADER: ACDB -> ACDB_CMD_INITIALIZE
10-01 16:48:24.407   441   441 E         : [ACDB RTC]->rtc init done!->result [0]
10-01 16:48:24.407   441   441 D Diag_Lib: actp_diag_init: call diag init function with A58124D9
10-01 16:48:24.407   441   441 E Diag_Lib:  Diag_LSM_Init: Failed to open handle to diag driver, error = 2
10-01 16:48:24.407   441   441 E Diag_Lib: actp_diag_init: diag init failed
10-01 16:48:24.407   441   441 E         : [ACDB ACPH]->actp diag init done!
10-01 16:48:24.407   441   441 D ACDB-LOADER: No existing ION info in ACDB driver
10-01 16:48:24.407   441   441 D ACDB-LOADER: ACDB -> ION_IOC_ALLOC
10-01 16:48:24.407   441   441 D ACDB-LOADER: ACDB -> ION_IOC_SHARE
10-01 16:48:24.407   441   441 D ACDB-LOADER: ACDB -> MMAP ADDR
10-01 16:48:24.407   441   441 D ACDB-LOADER: ACDB -> register MEM to ACDB driver: 0xa77d7000
10-01 16:48:24.408   441   441 D ACDB-LOADER: ACDB -> send_asm_topology
10-01 16:48:24.408   441   441 D ACDB-LOADER: ACDB -> ACDB_CMD_GET_AUDPROC_STREAM_TOPOLOGY_ID
10-01 16:48:24.408   441   441 D ACDB-LOADER: send mbhc data
10-01 16:48:24.411   462   462 W iptables: type=1400 audit(0.0:69): avc: granted { getattr } for path="/vendor" dev="rootfs" ino=4768 scontext=u:r:netd:s0 tcontext=u:object_r:rootfs:s0 tclass=lnk_file
10-01 16:48:24.441   441   441 I audioserver: type=1400 audit(0.0:70): avc: denied { ioctl } for path="socket:[14071]" dev="sockfs" ino=14071 ioctlcmd=c304 scontext=u:r:audioserver:s0 tcontext=u:r:audioserver:s0 tclass=socket permissive=1
10-01 16:48:24.444   441   441 D         : csd_client_init
10-01 16:48:24.444   441   441 E         : csd_client_service_init: Invalid rx device 0, setting to handset
10-01 16:48:24.444   441   441 E         : csd_client_service_init: Invalid tx device 0, setting to handset
10-01 16:48:24.445   441   441 E Diag_Lib:  Diag_LSM_Init: Failed to open handle to diag driver, error = 2
10-01 16:48:24.451   442   442 I cameraserver: ServiceManager: 0xa6d0e500
10-01 16:48:24.451   442   442 I CameraService: CameraService started (pid=442)
10-01 16:48:24.451   442   442 I CameraService: CameraService process starting
10-01 16:48:24.452   442   442 W BatteryNotifier: batterystats service unavailable!
10-01 16:48:24.452   442   442 W BatteryNotifier: batterystats service unavailable!
10-01 16:48:24.455   164   164 W /system/bin/hwservicemanager: getTransportFromManifest: Cannot find entry android.hardware.camera.provider@2.4::ICameraProvider in either framework or device manifest, using default transport.
10-01 16:48:24.465   442   442 E CamProvider@2.4-impl: Could not load camera HAL module: -2 (No such file or directory)
10-01 16:48:24.465   442   442 E CamProvider@2.4-impl: HIDL_FETCH_ICameraProvider: camera provider init failed!
10-01 16:48:24.479   443   443 I mediaserver: ServiceManager: 0xb3e8e560
10-01 16:48:24.480   443   443 W BatteryNotifier: batterystats service unavailable!
10-01 16:48:24.491   469   469 W iptables: type=1400 audit(0.0:72): avc: granted { getattr } for path="/vendor" dev="rootfs" ino=4768 scontext=u:r:netd:s0 tcontext=u:object_r:rootfs:s0 tclass=lnk_file
10-01 16:48:24.511   470   470 W ip6tables: type=1400 audit(0.0:73): avc: granted { getattr } for path="/vendor" dev="rootfs" ino=4768 scontext=u:r:netd:s0 tcontext=u:object_r:rootfs:s0 tclass=lnk_file
10-01 16:48:24.531   471   471 W iptables: type=1400 audit(0.0:74): avc: granted { getattr } for path="/vendor" dev="rootfs" ino=4768 scontext=u:r:netd:s0 tcontext=u:object_r:rootfs:s0 tclass=lnk_file
10-01 16:48:24.551   472   472 W ip6tables: type=1400 audit(0.0:75): avc: granted { getattr } for path="/vendor" dev="rootfs" ino=4768 scontext=u:r:netd:s0 tcontext=u:object_r:rootfs:s0 tclass=lnk_file
10-01 16:48:24.561   473   473 W iptables: type=1400 audit(0.0:76): avc: granted { getattr } for path="/vendor" dev="rootfs" ino=4768 scontext=u:r:netd:s0 tcontext=u:object_r:rootfs:s0 tclass=lnk_file
10-01 16:48:24.581   474   474 W ip6tables: type=1400 audit(0.0:77): avc: granted { getattr } for path="/vendor" dev="rootfs" ino=4768 scontext=u:r:netd:s0 tcontext=u:object_r:rootfs:s0 tclass=lnk_file
10-01 16:48:24.607   444   444 I Netd    : Creating child chains: 583.4ms
10-01 16:48:24.608   444   444 I Netd    : Setting up OEM hooks: 0.2ms
10-01 16:48:24.619   444   444 I Netd    : Setting up FirewallController hooks: 11.3ms
10-01 16:48:24.625   444   444 I Netd    : Setting up NatController hooks: 6.2ms
10-01 16:48:24.630   444   444 I Netd    : Setting up BandwidthController hooks: 4.9ms
10-01 16:48:24.630   444   444 I Netd    : Setting up IdletimerController hooks: 0.1ms
10-01 16:48:24.642   444   444 I Netd    : Disabling bandwidth control: 12.1ms
10-01 16:48:24.645   444   444 E Netd    : Error adding route 0.0.0.0/0 -> (null) dummy0 to table 1002: File exists
10-01 16:48:24.645   444   444 I Netd    : Initializing RouteController: 2.8ms
10-01 16:48:24.647   444   444 D MDnsDS  : MDnsSdListener::Hander starting up
10-01 16:48:24.647   444   481 D MDnsDS  : MDnsSdListener starting to monitor
10-01 16:48:24.647   444   481 D MDnsDS  : Going to poll with pollCount 1
10-01 16:48:24.651   444   444 I Netd    : Registering NetdNativeService: 3.4ms
10-01 16:48:24.651   444   444 I Netd    : Starting CommandListener: 0.2ms
10-01 16:48:24.651   444   444 I Netd    : Netd started in 691ms
10-01 16:48:24.887   440   440 D AndroidRuntime: >>>>>> START com.android.internal.os.ZygoteInit uid 0 <<<<<<
10-01 16:48:24.897   440   440 I zygote  : option[0]=-Xzygote
10-01 16:48:24.897   440   440 I zygote  : option[1]=-Xstacktracefile:/data/anr/traces.txt
10-01 16:48:24.897   440   440 I zygote  : option[2]=exit
10-01 16:48:24.897   440   440 I zygote  : option[3]=vfprintf
10-01 16:48:24.897   440   440 I zygote  : option[4]=sensitiveThread
10-01 16:48:24.897   440   440 I zygote  : option[5]=-verbose:gc
10-01 16:48:24.897   440   440 I zygote  : option[6]=-Xms8m
10-01 16:48:24.897   440   440 I zygote  : option[7]=-Xmx512m
10-01 16:48:24.897   440   440 I zygote  : option[8]=-XX:HeapGrowthLimit=192m
10-01 16:48:24.897   440   440 I zygote  : option[9]=-XX:HeapMinFree=512k
10-01 16:48:24.897   440   440 I zygote  : option[10]=-XX:HeapMaxFree=8m
10-01 16:48:24.897   440   440 I zygote  : option[11]=-XX:HeapTargetUtilization=0.75
10-01 16:48:24.897   440   440 I zygote  : option[12]=-Xusejit:true
10-01 16:48:24.897   440   440 I zygote  : option[13]=-Xjitsaveprofilinginfo
10-01 16:48:24.897   440   440 I zygote  : option[14]=-agentlib:jdwp=transport=dt_android_adb,suspend=n,server=y
10-01 16:48:24.898   440   440 I zygote  : option[15]=-Ximage-compiler-option
10-01 16:48:24.898   440   440 I zygote  : option[16]=--runtime-arg
10-01 16:48:24.898   440   440 I zygote  : option[17]=-Ximage-compiler-option
10-01 16:48:24.898   440   440 I zygote  : option[18]=-Xms64m
10-01 16:48:24.898   440   440 I zygote  : option[19]=-Ximage-compiler-option
10-01 16:48:24.898   440   440 I zygote  : option[20]=--runtime-arg
10-01 16:48:24.898   440   440 I zygote  : option[21]=-Ximage-compiler-option
10-01 16:48:24.898   440   440 I zygote  : option[22]=-Xmx64m
10-01 16:48:24.898   440   440 I zygote  : option[23]=-Ximage-compiler-option
10-01 16:48:24.898   440   440 I zygote  : option[24]=--image-classes=/system/etc/preloaded-classes
10-01 16:48:24.898   440   440 I zygote  : option[25]=-Ximage-compiler-option
10-01 16:48:24.898   440   440 I zygote  : option[26]=--compiled-classes=/system/etc/compiled-classes
10-01 16:48:24.898   440   440 I zygote  : option[27]=-Xcompiler-option
10-01 16:48:24.898   440   440 I zygote  : option[28]=--runtime-arg
10-01 16:48:24.898   440   440 I zygote  : option[29]=-Xcompiler-option
10-01 16:48:24.898   440   440 I zygote  : option[30]=-Xms64m
10-01 16:48:24.898   440   440 I zygote  : option[31]=-Xcompiler-option
10-01 16:48:24.898   440   440 I zygote  : option[32]=--runtime-arg
10-01 16:48:24.898   440   440 I zygote  : option[33]=-Xcompiler-option
10-01 16:48:24.898   440   440 I zygote  : option[34]=-Xmx512m
10-01 16:48:24.898   440   440 I zygote  : option[35]=-Ximage-compiler-option
10-01 16:48:24.898   440   440 I zygote  : option[36]=--instruction-set-variant=krait
10-01 16:48:24.898   440   440 I zygote  : option[37]=-Xcompiler-option
10-01 16:48:24.899   440   440 I zygote  : option[38]=--instruction-set-variant=krait
10-01 16:48:24.899   440   440 I zygote  : option[39]=-Ximage-compiler-option
10-01 16:48:24.899   440   440 I zygote  : option[40]=--instruction-set-features=default
10-01 16:48:24.899   440   440 I zygote  : option[41]=-Xcompiler-option
10-01 16:48:24.899   440   440 I zygote  : option[42]=--instruction-set-features=default
10-01 16:48:24.899   440   440 I zygote  : option[43]=-Duser.locale=en-US
10-01 16:48:24.899   440   440 I zygote  : option[44]=--cpu-abilist=armeabi-v7a,armeabi
10-01 16:48:24.899   440   440 I zygote  : option[45]=-Xfingerprint:google/nitrogen_mako/mako:8.0.0/OPR6.170623.017/217:userdebug/test-keys
10-01 16:48:25.227   440   440 I SamplingProfilerIntegration: Profiling disabled.
10-01 16:48:25.227   440   440 D Zygote  : begin preload
10-01 16:48:25.227   440   440 I Zygote  : Installing ICU cache reference pinning...
10-01 16:48:25.227   440   440 I Zygote  : Preloading ICU data...
10-01 16:48:25.250   440   440 D Zygote32Timing: BeginIcuCachePinning took to complete: 23ms
10-01 16:48:25.251   440   440 I Zygote  : Preloading classes...
10-01 16:48:25.779   440   440 E ActivityRecognitionHardware: activity_recognition HAL is deprecated. class_init is effectively a no-op
10-01 16:48:25.833   440   440 I zygote  : Thread[1,tid=440,Native,Thread*=0xadfbc000,peer=0x12c01c70,"main"] recursive attempt to load library "/system/lib/libmedia_jni.so"
10-01 16:48:25.834   440   440 D MtpDeviceJNI: register_android_mtp_MtpDevice
10-01 16:48:25.835   440   440 I zygote  : Thread[1,tid=440,Native,Thread*=0xadfbc000,peer=0x12c01c70,"main"] recursive attempt to load library "/system/lib/libmedia_jni.so"
10-01 16:48:25.836   440   440 I zygote  : Thread[1,tid=440,Native,Thread*=0xadfbc000,peer=0x12c01c70,"main"] recursive attempt to load library "/system/lib/libmedia_jni.so"
10-01 16:48:26.369   440   440 I System  : Loaded time zone names for "" in 222ms (219ms in ICU)
10-01 16:48:26.482   440   440 I System  : Loaded time zone names for "en_US" in 113ms (110ms in ICU)
10-01 16:48:26.520   440   440 I Zygote  : ...preloaded 4570 classes in 1270ms.
10-01 16:48:26.520   440   440 I zygote  : VMRuntime.preloadDexCaches starting
10-01 16:48:26.814   440   440 I zygote  : VMRuntime.preloadDexCaches strings total=306838 before=2835 after=2835
10-01 16:48:26.815   440   440 I zygote  : VMRuntime.preloadDexCaches types total=26185 before=2672 after=3316
10-01 16:48:26.815   440   440 I zygote  : VMRuntime.preloadDexCaches fields total=124018 before=2165 after=1217
10-01 16:48:26.815   440   440 I zygote  : VMRuntime.preloadDexCaches methods total=219959 before=87650 after=87748
10-01 16:48:26.815   440   440 I zygote  : VMRuntime.preloadDexCaches finished
10-01 16:48:26.815   440   440 D Zygote32Timing: PreloadClasses took to complete: 1565ms
10-01 16:48:26.894   440   440 I Zygote  : Preloading resources...
10-01 16:48:26.925   440   440 W Resources: Preloaded drawable resource #0x1080257 (android:drawable/dialog_background_material) that varies with configuration!!
10-01 16:48:26.931   440   440 W Resources: Preloaded color resource #0x10600de (android:color/material_grey_800) that varies with configuration!!
10-01 16:48:26.931   440   440 W Resources: Preloaded drawable resource #0x10802b0 (android:drawable/floating_popup_background_dark) that varies with configuration!!
10-01 16:48:27.050   440   440 I Zygote  : ...preloaded 114 resources in 156ms.
10-01 16:48:27.060   440   440 W Resources: Preloaded color resource #0x1060036 (android:color/background_cache_hint_selector_material_dark) that varies with configuration!!
10-01 16:48:27.061   440   440 W Resources: Preloaded color resource #0x1060053 (android:color/btn_default_material_dark) that varies with configuration!!
10-01 16:48:27.063   440   440 I Zygote  : ...preloaded 41 resources in 13ms.
10-01 16:48:27.063   440   440 D Zygote32Timing: PreloadResources took to complete: 248ms
10-01 16:48:27.064   440   440 I vndksupport: sphal namespace is not configured for this process. Loading /vendor/lib/egl/libEGL_adreno.so from the current namespace instead.
10-01 16:48:27.068   440   440 D libEGL  : loaded /vendor/lib/egl/libEGL_adreno.so
10-01 16:48:27.069   440   440 I vndksupport: sphal namespace is not configured for this process. Loading /vendor/lib/egl/libGLESv1_CM_adreno.so from the current namespace instead.
10-01 16:48:27.070   440   440 D libEGL  : loaded /vendor/lib/egl/libGLESv1_CM_adreno.so
10-01 16:48:27.093   440   440 I vndksupport: sphal namespace is not configured for this process. Loading /vendor/lib/egl/libGLESv2_adreno.so from the current namespace instead.
10-01 16:48:27.106   440   440 D libEGL  : loaded /vendor/lib/egl/libGLESv2_adreno.so
10-01 16:48:27.132   440   440 I Zygote  : Preloading shared libraries...
10-01 16:48:27.154   440   440 I Zygote  : Uninstalled ICU cache reference pinning...
10-01 16:48:27.157   440   440 I Zygote  : Installed AndroidKeyStoreProvider in 3ms.
10-01 16:48:27.172   440   440 I Zygote  : Warmed up JCA providers in 15ms.
10-01 16:48:27.172   440   440 D Zygote  : end preload
10-01 16:48:27.172   440   440 D Zygote32Timing: ZygotePreload took to complete: 1945ms
10-01 16:48:27.214   440   440 I zygote  : Explicit concurrent copying GC freed 32090(1719KB) AllocSpace objects, 4(104KB) LOS objects, 59% free, 1058KB/2MB, paused 671us total 41.168ms
10-01 16:48:27.259   440   440 I zygote  : Explicit concurrent copying GC freed 6057(221KB) AllocSpace objects, 0(0B) LOS objects, 63% free, 869KB/2MB, paused 183us total 26.824ms
10-01 16:48:27.259   440   440 D Zygote32Timing: PostZygoteInitGC took to complete: 87ms
10-01 16:48:27.259   440   440 D Zygote32Timing: ZygoteInit took to complete: 2033ms
10-01 16:48:27.260   440   440 I         : seccomp disabled by setenforce 0
10-01 16:48:27.340   440   440 I Zygote  : System server process 492 has been created
10-01 16:48:27.345   440   440 I Zygote  : Accepting command socket connections
10-01 16:48:27.394   492   492 W system_server: type=1400 audit(0.0:78): avc: granted { execute } for path="/data/dalvik-cache/arm/system@framework@services.jar@classes.dex" dev="mmcblk0p23" ino=496790 scontext=u:r:system_server:s0 tcontext=u:object_r:dalvikcache_data_file:s0 tclass=file
10-01 16:48:27.404   492   492 W system_server: type=1400 audit(0.0:79): avc: granted { execute } for path="/data/dalvik-cache/arm/system@framework@ethernet-service.jar@classes.dex" dev="mmcblk0p23" ino=496792 scontext=u:r:system_server:s0 tcontext=u:object_r:dalvikcache_data_file:s0 tclass=file
10-01 16:48:27.443   492   492 I SystemServer: InitBeforeStartServices
10-01 16:48:27.443   492   492 I SystemServer: Entered the Android system server!
10-01 16:48:27.904   492   492 D SystemServerTiming: InitBeforeStartServices took to complete: 461ms
10-01 16:48:27.904   492   492 I SystemServer: StartServices
10-01 16:48:27.904   492   492 I SystemServer: Reading configuration...
10-01 16:48:27.905   492   492 I SystemServer: ReadingSystemConfig
10-01 16:48:27.907   492   492 D SystemServerTiming: ReadingSystemConfig took to complete: 2ms
10-01 16:48:27.907   492   492 I SystemServer: StartInstaller
10-01 16:48:27.907   492   505 D SystemServerInitThreadPool: Started executing ReadingSystemConfig
10-01 16:48:27.907   492   492 I SystemServiceManager: Starting com.android.server.pm.Installer
10-01 16:48:27.911   492   492 D SystemServerTiming: StartInstaller took to complete: 4ms
10-01 16:48:27.911   492   492 I SystemServer: DeviceIdentifiersPolicyService
10-01 16:48:27.912   492   492 I SystemServiceManager: Starting com.android.server.os.DeviceIdentifiersPolicyService
10-01 16:48:27.915   492   492 D SystemServerTiming: DeviceIdentifiersPolicyService took to complete: 2ms
10-01 16:48:27.915   492   492 I SystemServer: StartActivityManager
10-01 16:48:27.915   492   492 I SystemServiceManager: Starting com.android.server.am.ActivityManagerService$Lifecycle
10-01 16:48:27.957   492   492 I ActivityManager: Memory class: 192
10-01 16:48:27.960   492   507 I ServiceThread: Enabled StrictMode logging for ActivityManager looper.
10-01 16:48:27.964   492   508 I ServiceThread: Enabled StrictMode logging for android.ui looper.
10-01 16:48:27.964   492   505 D SystemServerInitThreadPool: Finished executing ReadingSystemConfig
10-01 16:48:28.059   492   492 D BatteryStatsImpl: Reading daily items from /data/system/batterystats-daily.xml
10-01 16:48:28.346   164   164 W /system/bin/hwservicemanager: getTransportFromManifest: Cannot find entry android.hardware.memtrack@1.0::IMemtrack in either framework or device manifest, using default transport.
10-01 16:48:28.350   492   492 I vndksupport: sphal namespace is not configured for this process. Loading /vendor/lib/hw/memtrack.msm8960.so from the current namespace instead.
10-01 16:48:28.355   492   492 I AppOps  : No existing app ops /data/system/appops.xml; starting empty
10-01 16:48:28.364   492   492 I IntentFirewall: Read new rules (A:0 B:0 S:0)
10-01 16:48:28.375   492   515 I ServiceThread: Enabled StrictMode logging for android.display looper.
10-01 16:48:28.375   492   492 W system_server: failed to remove /acct/uid_1047/pid_442: Device or resource busy
10-01 16:48:28.376   492   492 W system_server: failed to remove /acct/uid_1047: Permission denied
10-01 16:48:28.376   492   492 W system_server: failed to remove /acct/uid_1041/pid_441: Device or resource busy
10-01 16:48:28.376   492   492 W system_server: failed to remove /acct/uid_1041: Permission denied
10-01 16:48:28.376   492   492 W system_server: failed to remove /acct/uid_1003/pid_304: Device or resource busy
10-01 16:48:28.376   492   492 W system_server: failed to remove /acct/uid_1003: Permission denied
10-01 16:48:28.376   492   492 W system_server: failed to remove /acct/uid_1058/pid_223: Device or resource busy
10-01 16:48:28.376   492   492 W system_server: failed to remove /acct/uid_1058: Permission denied
10-01 16:48:28.376   492   492 W system_server: failed to remove /acct/uid_1046/pid_219: Device or resource busy
10-01 16:48:28.376   492   492 W system_server: failed to remove /acct/uid_1046: Permission denied
10-01 16:48:28.376   492   492 W system_server: failed to remove /acct/uid_1040/pid_213: Device or resource busy
10-01 16:48:28.376   492   492 W system_server: failed to remove /acct/uid_1040: Permission denied
10-01 16:48:28.377   492   492 W system_server: failed to remove /acct/uid_1013/pid_443: Device or resource busy
10-01 16:48:28.377   492   492 W system_server: failed to remove /acct/uid_1013/pid_214: Device or resource busy
10-01 16:48:28.377   492   492 W system_server: failed to remove /acct/uid_1013/pid_212: Device or resource busy
10-01 16:48:28.377   492   492 W system_server: failed to remove /acct/uid_1013: Permission denied
10-01 16:48:28.377   492   492 W system_server: failed to remove /acct/uid_1017/pid_211: Device or resource busy
10-01 16:48:28.377   492   492 W system_server: failed to remove /acct/uid_1017: Permission denied
10-01 16:48:28.377   492   492 W system_server: failed to remove /acct/uid_1019/pid_206: Device or resource busy
10-01 16:48:28.377   492   492 W system_server: failed to remove /acct/uid_1019: Permission denied
10-01 16:48:28.377   492   492 W system_server: failed to remove /acct/uid_1002: Permission denied
10-01 16:48:28.377   492   492 W system_server: failed to remove /acct/uid_2000/pid_201: Device or resource busy
10-01 16:48:28.377   492   492 W system_server: failed to remove /acct/uid_2000: Permission denied
10-01 16:48:28.377   492   492 W system_server: failed to remove /acct/uid_1010/pid_445: Device or resource busy
10-01 16:48:28.378   492   492 W system_server: failed to remove /acct/uid_1010/pid_192: Device or resource busy
10-01 16:48:28.378   492   492 W system_server: failed to remove /acct/uid_1010: Permission denied
10-01 16:48:28.378   492   492 W system_server: failed to remove /acct/uid_0/pid_444: Device or resource busy
10-01 16:48:28.378   492   492 W system_server: failed to remove /acct/uid_0/pid_440: Device or resource busy
10-01 16:48:28.378   492   492 W system_server: failed to remove /acct/uid_0/pid_217: Device or resource busy
10-01 16:48:28.378   492   492 W system_server: failed to remove /acct/uid_0/pid_210: Device or resource busy
10-01 16:48:28.378   492   492 W system_server: failed to remove /acct/uid_0/pid_202: Device or resource busy
10-01 16:48:28.378   492   492 W system_server: failed to remove /acct/uid_0/pid_195: Device or resource busy
10-01 16:48:28.378   492   492 W system_server: failed to remove /acct/uid_0/pid_194: Device or resource busy
10-01 16:48:28.378   492   492 W system_server: failed to remove /acct/uid_0/pid_193: Device or resource busy
10-01 16:48:28.378   492   492 W system_server: failed to remove /acct/uid_0/pid_171: Device or resource busy
10-01 16:48:28.378   492   492 W system_server: failed to remove /acct/uid_0: Permission denied
10-01 16:48:28.378   492   492 W system_server: failed to remove /acct/uid_1000/pid_222: Device or resource busy
10-01 16:48:28.378   492   492 W system_server: failed to remove /acct/uid_1000/pid_196: Device or resource busy
10-01 16:48:28.379   492   492 W system_server: failed to remove /acct/uid_1000/pid_191: Device or resource busy
10-01 16:48:28.379   492   492 W system_server: failed to remove /acct/uid_1000/pid_190: Device or resource busy
10-01 16:48:28.379   492   492 W system_server: failed to remove /acct/uid_1000/pid_189: Device or resource busy
10-01 16:48:28.379   492   492 W system_server: failed to remove /acct/uid_1000/pid_165: Device or resource busy
10-01 16:48:28.379   492   492 W system_server: failed to remove /acct/uid_1000/pid_164: Device or resource busy
10-01 16:48:28.379   492   492 W system_server: failed to remove /acct/uid_1000/pid_163: Device or resource busy
10-01 16:48:28.379   492   492 W system_server: failed to remove /acct/uid_1000: Permission denied
10-01 16:48:28.379   492   492 W system_server: failed to remove /acct/uid_1036/pid_162: Device or resource busy
10-01 16:48:28.379   492   492 W system_server: failed to remove /acct/uid_1036: Permission denied
10-01 16:48:28.384   492   492 D AppOps  : AppOpsService published
10-01 16:48:28.385   492   492 D SystemServerTiming: StartActivityManager took to complete: 470ms
10-01 16:48:28.385   492   492 I SystemServer: StartPowerManager
10-01 16:48:28.385   492   492 I SystemServiceManager: Starting com.android.server.power.PowerManagerService
10-01 16:48:28.387   492   517 I ServiceThread: Enabled StrictMode logging for PowerManagerService looper.
10-01 16:48:28.393   164   164 W /system/bin/hwservicemanager: getTransportFromManifest: Cannot find entry android.hardware.power@1.0::IPower in either framework or device manifest, using default transport.
10-01 16:48:28.400   492   492 I PowerHAL: power_init
10-01 16:48:28.402   492   492 I PowerManagerService-JNI: Loaded power HAL service
10-01 16:48:28.403   492   492 I libsuspend: Selected early suspend
10-01 16:48:28.403   492   492 I libsuspend: Starting early suspend unblocker thread
10-01 16:48:28.403   492   492 E PowerHAL: sync_thread: failed to send: No such file or directory
10-01 16:48:28.403   492   492 E PowerHAL: touch_boost: failed to send: No such file or directory
10-01 16:48:28.405   492   492 D SystemServerTiming: StartPowerManager took to complete: 20ms
10-01 16:48:28.405   492   492 I SystemServer: InitPowerManagement
10-01 16:48:28.407   492   492 D SystemServerTiming: InitPowerManagement took to complete: 2ms
10-01 16:48:28.408   492   492 I SystemServer: StartRecoverySystemService
10-01 16:48:28.408   492   492 I SystemServiceManager: Starting com.android.server.RecoverySystemService
