10-03 09:46:59.195   185   185 I zygote  : VMRuntime.preloadDexCaches methods total=219862 before=87618 after=87717
10-03 09:46:59.195   185   185 I zygote  : VMRuntime.preloadDexCaches finished
10-03 09:46:59.195   185   185 D Zygote32Timing: PreloadClasses took to complete: 1206ms
10-03 09:46:59.423   185   185 I Zygote  : Preloading resources...
10-03 09:46:59.541   185   185 W Resources: Preloaded drawable resource #0x1080264 (android:drawable/dialog_background_material) that varies with configuration!!
10-03 09:46:59.550   185   185 W Resources: Preloaded color resource #0x10600de (android:color/material_grey_800) that varies with configuration!!
10-03 09:46:59.551   185   185 W Resources: Preloaded drawable resource #0x10802d1 (android:drawable/floating_popup_background_dark) that varies with configuration!!
10-03 09:46:59.682   185   185 I Zygote  : ...preloaded 114 resources in 259ms.
10-03 09:46:59.690   185   185 W Resources: Preloaded color resource #0x1060036 (android:color/background_cache_hint_selector_material_dark) that varies with configuration!!
10-03 09:46:59.691   185   185 W Resources: Preloaded color resource #0x1060053 (android:color/btn_default_material_dark) that varies with configuration!!
10-03 09:46:59.693   185   185 I Zygote  : ...preloaded 41 resources in 11ms.
10-03 09:46:59.694   185   185 D Zygote32Timing: PreloadResources took to complete: 499ms
10-03 09:46:59.694   185   185 I vndksupport: sphal namespace is not configured for this process. Loading /vendor/lib/egl/libEGL_adreno.so from the current namespace instead.
10-03 09:46:59.699   185   185 D libEGL  : loaded /vendor/lib/egl/libEGL_adreno.so
10-03 09:46:59.700   185   185 I vndksupport: sphal namespace is not configured for this process. Loading /vendor/lib/egl/libGLESv1_CM_adreno.so from the current namespace instead.
10-03 09:46:59.702   185   185 D libEGL  : loaded /vendor/lib/egl/libGLESv1_CM_adreno.so
10-03 09:46:59.728   185   185 I vndksupport: sphal namespace is not configured for this process. Loading /vendor/lib/egl/libGLESv2_adreno.so from the current namespace instead.
10-03 09:46:59.743   185   185 D libEGL  : loaded /vendor/lib/egl/libGLESv2_adreno.so
10-03 09:46:59.772   185   185 I Zygote  : Preloading shared libraries...
10-03 09:46:59.800   185   185 I Zygote  : Uninstalled ICU cache reference pinning...
10-03 09:46:59.803   185   185 I Zygote  : Installed AndroidKeyStoreProvider in 3ms.
10-03 09:46:59.819   185   185 I Zygote  : Warmed up JCA providers in 16ms.
10-03 09:46:59.819   185   185 D Zygote  : end preload
10-03 09:46:59.819   185   185 D Zygote32Timing: ZygotePreload took to complete: 1887ms
10-03 09:46:59.862   185   185 I zygote  : Explicit concurrent copying GC freed 32084(1719KB) AllocSpace objects, 4(104KB) LOS objects, 59% free, 1058KB/2MB, paused 671us total 43.182ms
10-03 09:46:59.903   185   185 I zygote  : Explicit concurrent copying GC freed 6053(221KB) AllocSpace objects, 0(0B) LOS objects, 63% free, 869KB/2MB, paused 213us total 30.456ms
10-03 09:46:59.903   185   185 D Zygote32Timing: PostZygoteInitGC took to complete: 84ms
10-03 09:46:59.903   185   185 D Zygote32Timing: ZygoteInit took to complete: 1971ms
10-03 09:46:59.905   185   185 I zygote  : Global filter of size 170 installed
10-03 09:46:59.998   185   185 I Zygote  : System server process 586 has been created
10-03 09:47:00.000   185   185 I Zygote  : Accepting command socket connections
10-03 09:47:00.026   597   597 W dex2oat : type=1400 audit(0.0:30): avc: granted { getattr } for path="/vendor" dev="rootfs" ino=4768 scontext=u:r:dex2oat:s0 tcontext=u:object_r:rootfs:s0 tclass=lnk_file
10-03 09:47:00.084   597   597 I dex2oat : /system/bin/dex2oat --input-vdex-fd=-1 --output-vdex-fd=8 --compiler-filter=speed --classpath-dir=/system/framework
10-03 09:47:00.233   206   273 D ThermalDaemon: Sensor 'tsens_tz_sensor1' - alarm cleared 1 at 56.0 degC
10-03 09:47:00.234   206   276 D ThermalDaemon: Sensor 'tsens_tz_sensor4' - alarm cleared 1 at 57.0 degC
10-03 09:47:01.539   600   600 E linker  : "/system/vendor/lib/libmmjpeg.so" has text relocations
10-03 09:47:01.541   600   600 F libc    : CANNOT LINK EXECUTABLE "/vendor/bin/mm-qcamera-daemon": "/system/vendor/lib/libmmjpeg.so" has text relocations
10-03 09:47:01.541   600   600 F libc    : Fatal signal 6 (SIGABRT), code -6 in tid 600 (mm-qcamera-daem)
10-03 09:47:01.573   601   601 E android.hardware.nfc@1.0-impl: hw_get_module nfc_nci failed: -2
10-03 09:47:01.574   601   601 E android.hardware.nfc@1.0-impl: Passthrough failed to load legacy HAL.
10-03 09:47:01.574   601   601 E android.hardware.nfc@1.0-service: Could not get passthrough implementation for android.hardware.nfc@1.0::INfc/default.
10-03 09:47:01.577   604   604 I crash_dump32: obtaining output fd from tombstoned
10-03 09:47:01.578   247   247 I /system/bin/tombstoned: received crash request for pid 600
10-03 09:47:01.579   604   604 I crash_dump32: performing dump of process 600 (target tid = 600)
10-03 09:47:01.579   600   600 F libc    : failed to resend signal during crash: Operation not permitted
10-03 09:47:01.580   604   604 E DEBUG   : unexpected waitpid response: n=600, status=00000100
10-03 09:47:01.581   247   247 W /system/bin/tombstoned: crash socket received short read of length 0 (expected 8)
10-03 09:47:05.233   206   273 D ThermalDaemon: Sensor 'tsens_tz_sensor1' - alarm raised 1 at 61.0 degC
10-03 09:47:05.234   206   277 D ThermalDaemon: Sensor 'tsens_tz_sensor5' - alarm raised 1 at 63.0 degC
10-03 09:47:05.235   206   276 D ThermalDaemon: Sensor 'tsens_tz_sensor4' - alarm raised 1 at 61.0 degC
10-03 09:47:05.235   206   282 D ThermalDaemon: Sensor 'tsens_tz_sensor10' - alarm raised 1 at 70.0 degC
10-03 09:47:05.238   206   281 D ThermalDaemon: Sensor 'tsens_tz_sensor9' - alarm raised 1 at 67.0 degC
10-03 09:47:06.027   597   606 W dex2oat : Compilation of void com.android.server.SystemServer.startOtherServices() took 278.625ms
10-03 09:47:06.544   616   616 E linker  : "/system/vendor/lib/libmmjpeg.so" has text relocations
10-03 09:47:06.545   616   616 F libc    : CANNOT LINK EXECUTABLE "/vendor/bin/mm-qcamera-daemon": "/system/vendor/lib/libmmjpeg.so" has text relocations
10-03 09:47:06.545   616   616 F libc    : Fatal signal 6 (SIGABRT), code -6 in tid 616 (mm-qcamera-daem)
10-03 09:47:06.587   617   617 E android.hardware.nfc@1.0-impl: hw_get_module nfc_nci failed: -2
10-03 09:47:06.587   617   617 E android.hardware.nfc@1.0-impl: Passthrough failed to load legacy HAL.
10-03 09:47:06.587   617   617 E android.hardware.nfc@1.0-service: Could not get passthrough implementation for android.hardware.nfc@1.0::INfc/default.
10-03 09:47:06.607   620   620 I crash_dump32: obtaining output fd from tombstoned
10-03 09:47:06.607   247   247 I /system/bin/tombstoned: received crash request for pid 616
10-03 09:47:06.608   620   620 I crash_dump32: performing dump of process 616 (target tid = 616)
10-03 09:47:06.608   616   616 F libc    : failed to resend signal during crash: Operation not permitted
10-03 09:47:06.609   620   620 E DEBUG   : unexpected waitpid response: n=616, status=00000100
10-03 09:47:06.610   247   247 W /system/bin/tombstoned: crash socket received short read of length 0 (expected 8)
10-03 09:47:07.807   597   607 W dex2oat : Compilation of void com.android.server.am.BroadcastQueue.processNextBroadcast(boolean) took 103.302ms
10-03 09:47:07.923   597   597 W dex2oat : Compilation of void com.android.server.am.ActivityManagerService.dumpApplicationMemoryUsage(java.io.FileDescriptor, java.io.PrintWriter, java.lang.String, java.lang.String[], boolean, java.io.PrintWriter) took 152.557ms
10-03 09:47:11.545   622   622 E linker  : "/system/vendor/lib/libmmjpeg.so" has text relocations
10-03 09:47:11.546   622   622 F libc    : CANNOT LINK EXECUTABLE "/vendor/bin/mm-qcamera-daemon": "/system/vendor/lib/libmmjpeg.so" has text relocations
10-03 09:47:11.546   622   622 F libc    : Fatal signal 6 (SIGABRT), code -6 in tid 622 (mm-qcamera-daem)
10-03 09:47:11.626   623   623 E android.hardware.nfc@1.0-impl: hw_get_module nfc_nci failed: -2
10-03 09:47:11.627   623   623 E android.hardware.nfc@1.0-impl: Passthrough failed to load legacy HAL.
10-03 09:47:11.627   623   623 E android.hardware.nfc@1.0-service: Could not get passthrough implementation for android.hardware.nfc@1.0::INfc/default.
10-03 09:47:11.633   626   626 I crash_dump32: obtaining output fd from tombstoned
10-03 09:47:11.634   247   247 I /system/bin/tombstoned: received crash request for pid 622
10-03 09:47:11.645   626   626 I crash_dump32: performing dump of process 622 (target tid = 622)
10-03 09:47:11.646   622   622 F libc    : failed to resend signal during crash: Operation not permitted
10-03 09:47:11.646   626   626 E DEBUG   : unexpected waitpid response: n=622, status=00000100
10-03 09:47:11.647   247   247 W /system/bin/tombstoned: crash socket received short read of length 0 (expected 8)
10-03 09:47:12.622   597   605 W dex2oat : Compilation of void com.android.server.pm.DefaultPermissionGrantPolicy.grantDefaultSystemHandlerPermissions(int) took 126.312ms
10-03 09:47:12.975   597   607 W dex2oat : Compilation of void com.android.server.pm.PackageManagerService.<init>(android.content.Context, com.android.server.pm.Installer, boolean, boolean) took 119.049ms
10-03 09:47:14.767   597   607 W dex2oat : Compilation of void com.android.server.pm.PackageManagerService.dump(java.io.FileDescriptor, java.io.PrintWriter, java.lang.String[]) took 186.584ms
10-03 09:47:15.234   206   275 D ThermalDaemon: Sensor 'tsens_tz_sensor3' - alarm raised 1 at 61.0 degC
10-03 09:47:15.234   206   278 D ThermalDaemon: Sensor 'tsens_tz_sensor6' - alarm raised 1 at 61.0 degC
10-03 09:47:16.543   629   629 E linker  : "/system/vendor/lib/libmmjpeg.so" has text relocations
10-03 09:47:16.544   629   629 F libc    : CANNOT LINK EXECUTABLE "/vendor/bin/mm-qcamera-daemon": "/system/vendor/lib/libmmjpeg.so" has text relocations
10-03 09:47:16.544   629   629 F libc    : Fatal signal 6 (SIGABRT), code -6 in tid 629 (mm-qcamera-daem)
10-03 09:47:16.575   630   630 E android.hardware.nfc@1.0-impl: hw_get_module nfc_nci failed: -2
10-03 09:47:16.575   630   630 E android.hardware.nfc@1.0-impl: Passthrough failed to load legacy HAL.
10-03 09:47:16.576   630   630 E android.hardware.nfc@1.0-service: Could not get passthrough implementation for android.hardware.nfc@1.0::INfc/default.
10-03 09:47:16.583   633   633 I crash_dump32: obtaining output fd from tombstoned
10-03 09:47:16.583   247   247 I /system/bin/tombstoned: received crash request for pid 629
10-03 09:47:16.583   633   633 I crash_dump32: performing dump of process 629 (target tid = 629)
10-03 09:47:16.584   629   629 F libc    : failed to resend signal during crash: Operation not permitted
10-03 09:47:16.586   247   247 W /system/bin/tombstoned: crash socket received short read of length 0 (expected 8)
10-03 09:47:16.821   597   597 W dex2oat : Compilation of void com.android.server.hdmi.SelectRequestBuffer.<clinit>() took 171.173ms
10-03 09:47:16.821   597   607 W dex2oat : Compilation of void com.android.server.ConnectivityService$ReapUnvalidatedNetworks.<clinit>() took 191.253ms
10-03 09:47:16.822   597   606 W dex2oat : Compilation of void com.android.server.autofill.Session.<clinit>() took 182.952ms
10-03 09:47:16.823   597   605 W dex2oat : Compilation of void com.android.server.notification.CalendarTracker.<clinit>() took 163.482ms
10-03 09:47:18.878   597   597 I dex2oat : dex2oat took 18.795s (54.546s cpu) (threads: 4) arena alloc=10MB (10699904B) java alloc=2MB (2554184B) native alloc=28MB (29420688B) free=17MB (18289520B)
10-03 09:47:18.915   636   636 W dex2oat : type=1400 audit(0.0:31): avc: granted { getattr } for path="/vendor" dev="rootfs" ino=4768 scontext=u:r:dex2oat:s0 tcontext=u:object_r:rootfs:s0 tclass=lnk_file
10-03 09:47:18.968   636   636 I dex2oat : /system/bin/dex2oat --input-vdex-fd=-1 --output-vdex-fd=8 --compiler-filter=speed --classpath-dir=/system/framework
10-03 09:47:19.995   636   636 I dex2oat : dex2oat took 1.027s (1.026s cpu) (threads: 4) arena alloc=361KB (369920B) java alloc=64KB (65960B) native alloc=1478KB (1513544B) free=2MB (2680760B)
10-03 09:47:20.006   642   642 W dex2oat : type=1400 audit(0.0:32): avc: granted { getattr } for path="/vendor" dev="rootfs" ino=4768 scontext=u:r:dex2oat:s0 tcontext=u:object_r:rootfs:s0 tclass=lnk_file
10-03 09:47:20.060   642   642 I dex2oat : /system/bin/dex2oat --input-vdex-fd=-1 --output-vdex-fd=8 --compiler-filter=speed --classpath-dir=/system/framework
10-03 09:47:20.235   206   278 D ThermalDaemon: Sensor 'tsens_tz_sensor6' - alarm cleared 1 at 57.0 degC
10-03 09:47:21.548   655   655 E linker  : "/system/vendor/lib/libmmjpeg.so" has text relocations
10-03 09:47:21.549   655   655 F libc    : CANNOT LINK EXECUTABLE "/vendor/bin/mm-qcamera-daemon": "/system/vendor/lib/libmmjpeg.so" has text relocations
10-03 09:47:21.549   655   655 F libc    : Fatal signal 6 (SIGABRT), code -6 in tid 655 (mm-qcamera-daem)
10-03 09:47:21.586   659   659 I crash_dump32: obtaining output fd from tombstoned
10-03 09:47:21.587   247   247 I /system/bin/tombstoned: received crash request for pid 655
10-03 09:47:21.589   659   659 I crash_dump32: performing dump of process 655 (target tid = 655)
10-03 09:47:21.589   655   655 F libc    : failed to resend signal during crash: Operation not permitted
10-03 09:47:21.592   247   247 W /system/bin/tombstoned: crash socket received short read of length 0 (expected 8)
10-03 09:47:21.608   656   656 E android.hardware.nfc@1.0-impl: hw_get_module nfc_nci failed: -2
10-03 09:47:21.608   656   656 E android.hardware.nfc@1.0-impl: Passthrough failed to load legacy HAL.
10-03 09:47:21.610   656   656 E android.hardware.nfc@1.0-service: Could not get passthrough implementation for android.hardware.nfc@1.0::INfc/default.
10-03 09:47:22.471   642   646 W dex2oat : Compilation of java.lang.String android.hardware.wifi.supplicant.V1_0.ISupplicantStaIfaceCallback$ReasonCode.dumpBitfield(int) took 108.337ms
10-03 09:47:22.565   642   644 W dex2oat : Compilation of java.lang.String android.hardware.wifi.supplicant.V1_0.ISupplicantStaIfaceCallback$StatusCode.dumpBitfield(int) took 175.018ms
10-03 09:47:24.561   642   642 I dex2oat : dex2oat took 4.501s (12.069s cpu) (threads: 4) arena alloc=10MB (10605168B) java alloc=573KB (587688B) native alloc=6MB (6787128B) free=16MB (16805832B)
10-03 09:47:24.570   586   586 W system_server: type=1400 audit(0.0:33): avc: granted { execute } for path="/data/dalvik-cache/arm/system@framework@services.jar@classes.dex" dev="mmcblk0p23" ino=537510 scontext=u:r:system_server:s0 tcontext=u:object_r:dalvikcache_data_file:s0 tclass=file
10-03 09:47:24.580   586   586 W system_server: type=1400 audit(0.0:35): avc: granted { execute } for path="/data/dalvik-cache/arm/system@framework@wifi-service.jar@classes.dex" dev="mmcblk0p23" ino=537514 scontext=u:r:system_server:s0 tcontext=u:object_r:dalvikcache_data_file:s0 tclass=file
10-03 09:47:24.605   586   586 I SystemServer: InitBeforeStartServices
10-03 09:47:24.605   586   586 W SystemServer: Timezone not set; setting to GMT.
10-03 09:47:24.612   586   586 I SystemServer: Entered the Android system server!
10-03 09:47:24.892   586   586 D SystemServerTiming: InitBeforeStartServices took to complete: 287ms
10-03 09:47:24.892   586   586 I SystemServer: StartServices
10-03 09:47:24.892   586   586 I SystemServer: Reading configuration...
10-03 09:47:24.892   586   586 I SystemServer: ReadingSystemConfig
10-03 09:47:24.894   586   586 D SystemServerTiming: ReadingSystemConfig took to complete: 1ms
10-03 09:47:24.894   586   586 I SystemServer: StartInstaller
10-03 09:47:24.895   586   586 I SystemServiceManager: Starting com.android.server.pm.Installer
10-03 09:47:24.895   586   666 D SystemServerInitThreadPool: Started executing ReadingSystemConfig
10-03 09:47:24.898   586   586 D SystemServerTiming: StartInstaller took to complete: 4ms
10-03 09:47:24.898   586   586 I SystemServer: DeviceIdentifiersPolicyService
10-03 09:47:24.898   586   586 I SystemServiceManager: Starting com.android.server.os.DeviceIdentifiersPolicyService
10-03 09:47:24.900   586   586 D SystemServerTiming: DeviceIdentifiersPolicyService took to complete: 2ms
10-03 09:47:24.900   586   586 I SystemServer: StartActivityManager
10-03 09:47:24.900   586   586 I SystemServiceManager: Starting com.android.server.am.ActivityManagerService$Lifecycle
10-03 09:47:24.935   586   586 I ActivityManager: Memory class: 192
10-03 09:47:24.937   586   668 I ServiceThread: Enabled StrictMode logging for ActivityManager looper.
10-03 09:47:24.939   586   669 I ServiceThread: Enabled StrictMode logging for android.ui looper.
10-03 09:47:24.952   586   666 D SystemServerInitThreadPool: Finished executing ReadingSystemConfig
10-03 09:47:24.983   586   586 D BatteryStatsImpl: Reading daily items from /data/system/batterystats-daily.xml
10-03 09:47:25.125   164   164 W /system/bin/hwservicemanager: getTransportFromManifest: Cannot find entry android.hardware.memtrack@1.0::IMemtrack in either framework or device manifest, using default transport.
10-03 09:47:25.134   586   586 I vndksupport: sphal namespace is not configured for this process. Loading /vendor/lib/hw/memtrack.msm8960.so from the current namespace instead.
10-03 09:47:25.146   586   586 I AppOps  : No existing app ops /data/system/appops.xml; starting empty
10-03 09:47:25.170   586   586 I IntentFirewall: Read new rules (A:0 B:0 S:0)
10-03 09:47:25.186   586   676 I ServiceThread: Enabled StrictMode logging for android.display looper.
10-03 09:47:25.200   586   586 W zygote  : failed to remove /acct/uid_1006: Permission denied
10-03 09:47:25.211   586   586 W zygote  : failed to remove /acct/uid_1027: Permission denied
10-03 09:47:25.211   586   586 W zygote  : failed to remove /acct/uid_1003/pid_380: Device or resource busy
10-03 09:47:25.211   586   586 W zygote  : failed to remove /acct/uid_1003: Permission denied
10-03 09:47:25.211   586   586 W zygote  : failed to remove /acct/uid_1058/pid_247: Device or resource busy
10-03 09:47:25.212   586   586 W zygote  : failed to remove /acct/uid_1058: Permission denied
10-03 09:47:25.212   586   586 W zygote  : failed to remove /acct/uid_1046/pid_225: Device or resource busy
10-03 09:47:25.212   586   586 W zygote  : failed to remove /acct/uid_1046: Permission denied
10-03 09:47:25.212   586   586 W zygote  : failed to remove /acct/uid_1040/pid_216: Device or resource busy
10-03 09:47:25.212   586   586 W zygote  : failed to remove /acct/uid_1040: Permission denied
10-03 09:47:25.212   586   586 W zygote  : failed to remove /acct/uid_1013/pid_220: Device or resource busy
10-03 09:47:25.212   586   586 W zygote  : failed to remove /acct/uid_1013/pid_218: Device or resource busy
10-03 09:47:25.212   586   586 W zygote  : failed to remove /acct/uid_1013/pid_215: Device or resource busy
10-03 09:47:25.212   586   586 W zygote  : failed to remove /acct/uid_1013: Permission denied
10-03 09:47:25.212   586   586 W zygote  : failed to remove /acct/uid_1017/pid_214: Device or resource busy
10-03 09:47:25.213   586   586 W zygote  : failed to remove /acct/uid_1017: Permission denied
10-03 09:47:25.213   586   586 W zygote  : failed to remove /acct/uid_1019/pid_212: Device or resource busy
10-03 09:47:25.213   586   586 W zygote  : failed to remove /acct/uid_1019: Permission denied
10-03 09:47:25.213   586   586 W zygote  : failed to remove /acct/uid_1047/pid_211: Device or resource busy
10-03 09:47:25.213   586   586 W zygote  : failed to remove /acct/uid_1047: Permission denied
10-03 09:47:25.213   586   586 W zygote  : failed to remove /acct/uid_1041/pid_210: Device or resource busy
10-03 09:47:25.213   586   586 W zygote  : failed to remove /acct/uid_1041: Permission denied
10-03 09:47:25.220   586   586 W zygote  : failed to remove /acct/uid_1002: Permission denied
10-03 09:47:25.220   586   586 W zygote  : failed to remove /acct/uid_1001/pid_226: Device or resource busy
10-03 09:47:25.220   586   586 W zygote  : failed to remove /acct/uid_1001/pid_204: Device or resource busy
10-03 09:47:25.221   586   586 W zygote  : failed to remove /acct/uid_1001: Permission denied
10-03 09:47:25.221   586   586 W zygote  : failed to remove /acct/uid_2000/pid_202: Device or resource busy
10-03 09:47:25.221   586   586 W zygote  : failed to remove /acct/uid_2000: Permission denied
10-03 09:47:25.221   586   586 W zygote  : failed to remove /acct/uid_1010/pid_224: Device or resource busy
10-03 09:47:25.221   586   586 W zygote  : failed to remove /acct/uid_1010/pid_191: Device or resource busy
10-03 09:47:25.221   586   586 W zygote  : failed to remove /acct/uid_1010: Permission denied
10-03 09:47:25.222   586   586 W zygote  : failed to remove /acct/uid_0/pid_237: Device or resource busy
10-03 09:47:25.222   586   586 W zygote  : failed to remove /acct/uid_0/pid_221: Device or resource busy
10-03 09:47:25.222   586   586 W zygote  : failed to remove /acct/uid_0/pid_213: Device or resource busy
10-03 09:47:25.222   586   586 W zygote  : failed to remove /acct/uid_0/pid_207: Device or resource busy
10-03 09:47:25.222   586   586 W zygote  : failed to remove /acct/uid_0/pid_206: Device or resource busy
10-03 09:47:25.222   586   586 W zygote  : failed to remove /acct/uid_0/pid_205: Device or resource busy
10-03 09:47:25.222   586   586 W zygote  : failed to remove /acct/uid_0/pid_203: Device or resource busy
10-03 09:47:25.222   586   586 W zygote  : failed to remove /acct/uid_0/pid_196: Device or resource busy
10-03 09:47:25.222   586   586 W zygote  : failed to remove /acct/uid_0/pid_195: Device or resource busy
10-03 09:47:25.222   586   586 W zygote  : failed to remove /acct/uid_0/pid_192: Device or resource busy
10-03 09:47:25.222   586   586 W zygote  : failed to remove /acct/uid_0/pid_185: Device or resource busy
10-03 09:47:25.222   586   586 W zygote  : failed to remove /acct/uid_0/pid_184: Device or resource busy
10-03 09:47:25.222   586   586 W zygote  : failed to remove /acct/uid_0/pid_171: Device or resource busy
10-03 09:47:25.222   586   586 W zygote  : failed to remove /acct/uid_0: Permission denied
10-03 09:47:25.223   586   586 W zygote  : failed to remove /acct/uid_1000/pid_240: Device or resource busy
10-03 09:47:25.230   586   586 W zygote  : failed to remove /acct/uid_1000/pid_197: Device or resource busy
10-03 09:47:25.230   586   586 W zygote  : failed to remove /acct/uid_1000/pid_194: Device or resource busy
10-03 09:47:25.230   586   586 W zygote  : failed to remove /acct/uid_1000/pid_190: Device or resource busy
10-03 09:47:25.230   586   586 W zygote  : failed to remove /acct/uid_1000/pid_188: Device or resource busy
10-03 09:47:25.230   586   586 W zygote  : failed to remove /acct/uid_1000/pid_187: Device or resource busy
10-03 09:47:25.240   586   586 W zygote  : failed to remove /acct/uid_1000/pid_165: Device or resource busy
10-03 09:47:25.240   586   586 W zygote  : failed to remove /acct/uid_1000/pid_164: Device or resource busy
10-03 09:47:25.240   586   586 W zygote  : failed to remove /acct/uid_1000/pid_163: Device or resource busy
10-03 09:47:25.240   586   586 W zygote  : failed to remove /acct/uid_1000: Permission denied
10-03 09:47:25.241   586   586 W zygote  : failed to remove /acct/uid_1036/pid_162: Device or resource busy
10-03 09:47:25.242   586   586 W zygote  : failed to remove /acct/uid_1036: Permission denied
10-03 09:47:25.247   586   586 D AppOps  : AppOpsService published
10-03 09:47:25.247   586   586 W SystemServiceManager: Service com.android.server.am.ActivityManagerService$Lifecycle took 60 ms in onStart
10-03 09:47:25.247   586   586 D SystemServerTiming: StartActivityManager took to complete: 347ms
10-03 09:47:25.247   586   586 I SystemServer: StartPowerManager
10-03 09:47:25.247   586   586 I SystemServiceManager: Starting com.android.server.power.PowerManagerService
10-03 09:47:25.253   586   678 I ServiceThread: Enabled StrictMode logging for PowerManagerService looper.
10-03 09:47:25.257   164   164 W /system/bin/hwservicemanager: getTransportFromManifest: Cannot find entry android.hardware.power@1.0::IPower in either framework or device manifest, using default transport.
10-03 09:47:25.272   586   586 I PowerHAL: power_init
10-03 09:47:25.275   586   586 I PowerManagerService-JNI: Loaded power HAL service
10-03 09:47:25.276   586   586 I libsuspend: Selected early suspend
10-03 09:47:25.276   586   586 I libsuspend: Starting early suspend unblocker thread
10-03 09:47:25.276   207   230 E ANDR-PERF-LOCK: Failed to reset optimization for resource: 4 level: 0
10-03 09:47:25.280   586   586 D SystemServerTiming: StartPowerManager took to complete: 33ms
10-03 09:47:25.280   586   586 I SystemServer: InitPowerManagement
10-03 09:47:25.283   586   586 D SystemServerTiming: InitPowerManagement took to complete: 3ms
10-03 09:47:25.283   586   586 I SystemServer: StartRecoverySystemService
10-03 09:47:25.285   586   586 I SystemServiceManager: Starting com.android.server.RecoverySystemService
10-03 09:47:25.290   586   586 D SystemServerTiming: StartRecoverySystemService took to complete: 7ms
10-03 09:47:25.291   586   586 V RescueParty: Disabled because of active USB connection
10-03 09:47:25.291   586   586 I SystemServer: StartLightsService
10-03 09:47:25.291   586   586 I SystemServiceManager: Starting com.android.server.lights.LightsService
10-03 09:47:25.293   586   586 D SystemServerTiming: StartLightsService took to complete: 2ms
10-03 09:47:25.293   586   586 I SystemServer: StartDisplayManager
10-03 09:47:25.294   586   586 I SystemServiceManager: Starting com.android.server.display.DisplayManagerService
10-03 09:47:25.306   586   586 D SystemServerTiming: StartDisplayManager took to complete: 13ms
10-03 09:47:25.306   586   586 I SystemServer: WaitForDisplay
10-03 09:47:25.306   586   586 I SystemServiceManager: Starting phase 100
10-03 09:47:25.312   586   676 I DisplayManagerService: Display device added: DisplayDeviceInfo{"Built-in Screen": uniqueId="local:0", 768 x 1280, modeId 1, defaultModeId 1, supportedModes [{id=1, width=768, height=1280, fps=60.0}], colorMode 0, supportedColorModes [0], HdrCapabilities android.view.Display$HdrCapabilities@a69d6308, density 320, 159.895 x 160.157 dpi, appVsyncOff 1000000, presDeadline 16666667, touch INTERNAL, rotation 0, type BUILT_IN, state UNKNOWN, FLAG_DEFAULT_DISPLAY, FLAG_ROTATES_WITH_CONTENT, FLAG_SECURE, FLAG_SUPPORTS_PROTECTED_BUFFERS}
10-03 09:47:25.313   197   197 D SurfaceFlinger: Set power mode=2, type=0 flinger=0xaad51000
10-03 09:47:25.313   197   197 D SurfaceFlinger: Screen type=0 is already mode=2
10-03 09:47:25.315   164   164 W /system/bin/hwservicemanager: getTransportFromManifest: Cannot find entry android.hardware.light@2.0::ILight in either framework or device manifest, using default transport.
10-03 09:47:25.324   586   676 I vndksupport: sphal namespace is not configured for this process. Loading /vendor/lib/hw/lights.msm8960.so from the current namespace instead.
10-03 09:47:25.327   586   676 I vndksupport: sphal namespace is not configured for this process. Loading /vendor/lib/hw/lights.msm8960.so from the current namespace instead.
10-03 09:47:25.329   586   676 E light   : light_open lights keyboard failed: -22
10-03 09:47:25.329   586   676 E light   : Light passthrough failed to load legacy HAL.
10-03 09:47:25.329   586   676 I vndksupport: sphal namespace is not configured for this process. Loading /vendor/lib/hw/lights.msm8960.so from the current namespace instead.
10-03 09:47:25.330   586   676 E light   : light_open lights buttons failed: -22
10-03 09:47:25.330   586   676 E light   : Light passthrough failed to load legacy HAL.
10-03 09:47:25.330   586   676 I vndksupport: sphal namespace is not configured for this process. Loading /vendor/lib/hw/lights.msm8960.so from the current namespace instead.
10-03 09:47:25.331   586   676 E light   : light_open lights battery failed: -22
10-03 09:47:25.331   586   676 E light   : Light passthrough failed to load legacy HAL.
10-03 09:47:25.332   586   676 I vndksupport: sphal namespace is not configured for this process. Loading /vendor/lib/hw/lights.msm8960.so from the current namespace instead.
10-03 09:47:25.334   586   676 I chatty  : uid=1000(system) android.display identical 1 line
10-03 09:47:25.336   586   676 I vndksupport: sphal namespace is not configured for this process. Loading /vendor/lib/hw/lights.msm8960.so from the current namespace instead.
10-03 09:47:25.337   586   676 E light   : light_open lights bluetooth failed: -22
10-03 09:47:25.337   586   676 E light   : Light passthrough failed to load legacy HAL.
10-03 09:47:25.337   586   676 I vndksupport: sphal namespace is not configured for this process. Loading /vendor/lib/hw/lights.msm8960.so from the current namespace instead.
10-03 09:47:25.338   586   676 E light   : light_open lights wifi failed: -22
10-03 09:47:25.338   586   676 E light   : Light passthrough failed to load legacy HAL.
10-03 09:47:25.344   586   586 D SystemServerTiming: WaitForDisplay took to complete: 38ms
10-03 09:47:25.344   586   676 I DisplayManagerService: Display device changed state: "Built-in Screen", ON
10-03 09:47:25.344   586   586 I SystemServer: StartPackageManagerService
10-03 09:47:25.365   586   586 W FileUtils: Failed to chmod(/data/system/packages.list): android.system.ErrnoException: chmod failed: ENOENT (No such file or directory)
10-03 09:47:25.404   586   586 D SELinuxMMAC: Using policy file /system/etc/selinux/plat_mac_permissions.xml
10-03 09:47:25.407   586   586 D SELinuxMMAC: Using policy file /vendor/etc/selinux/nonplat_mac_permissions.xml
10-03 09:47:25.419   586   586 I PackageManager: No settings file; creating initial state
10-03 09:47:25.424   586   586 D PackageManager: No files in app dir /vendor/overlay
10-03 09:47:25.524   586   586 I PackageManager: /system/framework/framework-res.apk changed; collecting certs
10-03 09:47:25.903   586   586 E PackageManager: Adding duplicate shared id: 1000 name=android
10-03 09:47:25.937   586   586 I PackageManager: /system/priv-app/CallLogBackup changed; collecting certs
10-03 09:47:25.943   586   586 I PackageManager: New shared user android.uid.shared: id=10000
10-03 09:47:25.943   586   586 E PackageManager: Adding duplicate user id: 10000 name=com.android.calllogbackup
10-03 09:47:25.953   586   586 I PackageManager: /system/priv-app/BackupRestoreConfirmation changed; collecting certs
10-03 09:47:25.980   586   586 I PackageManager: /system/priv-app/BlockedNumberProvider changed; collecting certs
10-03 09:47:26.008   586   586 E PackageManager: Adding duplicate user id: 10000 name=com.android.providers.blockednumber
10-03 09:47:26.019   586   586 I PackageManager: /system/priv-app/CalendarProvider changed; collecting certs
10-03 09:47:26.032   586   586 I PackageManager: New shared user android.uid.calendar: id=10002
10-03 09:47:26.032   586   586 E PackageManager: Adding duplicate user id: 10002 name=com.android.providers.calendar
10-03 09:47:26.035   586   586 I PackageManager: /system/priv-app/CarrierConfig changed; collecting certs
10-03 09:47:26.046   586   586 I PackageManager: /system/priv-app/CellBroadcastReceiver changed; collecting certs
10-03 09:47:26.095   586   687 W PackageParser: No actions in intent filter at /system/priv-app/Contacts/Contacts.apk Binary XML file line #443
10-03 09:47:26.120   586   586 I PackageManager: /system/priv-app/ContactsProvider changed; collecting certs
10-03 09:47:26.142   586   586 E PackageManager: Adding duplicate user id: 10000 name=com.android.providers.contacts
10-03 09:47:26.146   586   586 I PackageManager: /system/priv-app/DefaultContainerService changed; collecting certs
10-03 09:47:26.166   586   586 I PackageManager: /system/priv-app/CtsShimPrivPrebuilt changed; collecting certs
10-03 09:47:26.186   586   586 I PackageManager: /system/priv-app/Contacts changed; collecting certs
10-03 09:47:26.371   586   586 I PackageManager: /system/priv-app/DocumentsUI changed; collecting certs
10-03 09:47:26.405   586   586 I PackageManager: /system/priv-app/ExtServices changed; collecting certs
10-03 09:47:26.412   586   586 I PackageManager: /system/priv-app/DownloadProvider changed; collecting certs
10-03 09:47:26.425   586   586 I PackageManager: New shared user android.media: id=10010
10-03 09:47:26.425   586   586 E PackageManager: Adding duplicate user id: 10010 name=com.android.providers.downloads
10-03 09:47:26.429   586   586 I PackageManager: /system/priv-app/FusedLocation changed; collecting certs
10-03 09:47:26.434   586   586 E PackageManager: Adding duplicate shared id: 1000 name=com.android.location.fused
10-03 09:47:26.437   586   586 I PackageManager: /system/priv-app/ExternalStorageProvider changed; collecting certs
10-03 09:47:26.444   586   586 I PackageManager: /system/priv-app/EmergencyInfo changed; collecting certs
10-03 09:47:26.468   586   586 I PackageManager: New shared user com.android.emergency.uid: id=10012
10-03 09:47:26.468   586   586 E PackageManager: Adding duplicate user id: 10012 name=com.android.emergency
10-03 09:47:26.472   586   586 I PackageManager: /system/priv-app/InputDevices changed; collecting certs
10-03 09:47:26.480   586   586 E PackageManager: Adding duplicate shared id: 1000 name=com.android.inputdevices
10-03 09:47:26.483   586   586 I PackageManager: /system/priv-app/Dialer changed; collecting certs
10-03 09:47:26.534   586   689 W PackageParser: Ignoring duplicate uses-permissions/uses-permissions-sdk-m: android.permission.INSTALL_GRANT_RUNTIME_PERMISSIONS in package: com.android.shell at: Binary XML file line #105
10-03 09:47:26.562   694   694 E linker  : "/system/vendor/lib/libmmjpeg.so" has text relocations
10-03 09:47:26.564   694   694 F libc    : CANNOT LINK EXECUTABLE "/vendor/bin/mm-qcamera-daemon": "/system/vendor/lib/libmmjpeg.so" has text relocations
10-03 09:47:26.565   694   694 F libc    : Fatal signal 6 (SIGABRT), code -6 in tid 694 (mm-qcamera-daem)
10-03 09:47:26.579   695   695 E android.hardware.nfc@1.0-impl: hw_get_module nfc_nci failed: -2
10-03 09:47:26.579   695   695 E android.hardware.nfc@1.0-impl: Passthrough failed to load legacy HAL.
10-03 09:47:26.579   695   695 E android.hardware.nfc@1.0-service: Could not get passthrough implementation for android.hardware.nfc@1.0::INfc/default.
10-03 09:47:26.608   698   698 I crash_dump32: obtaining output fd from tombstoned
10-03 09:47:26.608   247   247 I /system/bin/tombstoned: received crash request for pid 694
10-03 09:47:26.609   698   698 I crash_dump32: performing dump of process 694 (target tid = 694)
10-03 09:47:26.610   694   694 F libc    : failed to resend signal during crash: Operation not permitted
10-03 09:47:26.610   698   698 E DEBUG   : unexpected waitpid response: n=694, status=00000100
10-03 09:47:26.611   247   247 W /system/bin/tombstoned: crash socket received short read of length 0 (expected 8)
10-03 09:47:26.694   586   586 I PackageManager: /system/priv-app/Launcher3 changed; collecting certs
10-03 09:47:26.719   586   586 I PackageManager: /system/priv-app/MmsService changed; collecting certs
10-03 09:47:26.724   586   586 E PackageManager: Adding duplicate shared id: 1001 name=com.android.mms.service
10-03 09:47:26.727   586   586 I PackageManager: /system/priv-app/MediaProvider changed; collecting certs
10-03 09:47:26.734   586   586 E PackageManager: Adding duplicate user id: 10010 name=com.android.providers.media
10-03 09:47:26.738   586   586 I PackageManager: /system/priv-app/ManagedProvisioning changed; collecting certs
10-03 09:47:26.773   586   586 I PackageManager: /system/priv-app/MtpDocumentsProvider changed; collecting certs
10-03 09:47:26.802   586   586 E PackageManager: Adding duplicate user id: 10010 name=com.android.mtp
10-03 09:47:26.810   586   586 I PackageManager: /system/priv-app/MusicFX changed; collecting certs
10-03 09:47:26.838   586   586 I PackageManager: /system/priv-app/Provision changed; collecting certs
10-03 09:47:26.844   586   586 I PackageManager: /system/priv-app/OneTimeInitializer changed; collecting certs
10-03 09:47:26.850   586   586 I PackageManager: /system/priv-app/ProxyHandler changed; collecting certs
10-03 09:47:26.856   586   586 I PackageManager: /system/priv-app/SettingsProvider changed; collecting certs
10-03 09:47:26.880   586   586 E PackageManager: Adding duplicate shared id: 1000 name=com.android.providers.settings
10-03 09:47:26.893   586   586 I PackageManager: /system/priv-app/SharedStorageBackup changed; collecting certs
10-03 09:47:26.899   586   586 I PackageManager: /system/priv-app/PackageInstaller changed; collecting certs
10-03 09:47:26.960   586   689 W PackageParser: Ignoring duplicate uses-permissions/uses-permissions-sdk-m: android.permission.CONFIGURE_WIFI_DISPLAY in package: com.android.systemui at: Binary XML file line #125
10-03 09:47:26.988   586   596 I zygote  : Background concurrent copying GC freed 12223(1008KB) AllocSpace objects, 13(280KB) LOS objects, 49% free, 1541KB/3MB, paused 213us total 101.470ms
10-03 09:47:27.053   586   586 I PackageManager: /system/priv-app/Shell changed; collecting certs
10-03 09:47:27.061   586   586 E PackageManager: Adding duplicate shared id: 2000 name=com.android.shell
10-03 09:47:27.064   586   586 I PackageManager: /system/priv-app/StatementService changed; collecting certs
10-03 09:47:27.071   586   586 I PackageManager: /system/priv-app/Tag changed; collecting certs
10-03 09:47:27.086   586   586 I PackageManager: /system/priv-app/StorageManager changed; collecting certs
10-03 09:47:27.157   586   586 I PackageManager: /system/priv-app/TeleService changed; collecting certs
10-03 09:47:27.274   586   586 E PackageManager: Adding duplicate shared id: 1001 name=com.android.phone
10-03 09:47:27.278   586   586 I PackageManager: /system/priv-app/Telecom changed; collecting certs
10-03 09:47:27.339   586   586 E PackageManager: Adding duplicate shared id: 1000 name=com.android.server.telecom
10-03 09:47:27.343   586   586 I PackageManager: /system/priv-app/SystemUI changed; collecting certs
10-03 09:47:27.544   586   586 I PackageManager: New shared user android.uid.systemui: id=10025
10-03 09:47:27.544   586   586 E PackageManager: Adding duplicate user id: 10025 name=com.android.systemui
10-03 09:47:27.549   586   586 I PackageManager: /system/priv-app/TelephonyProvider changed; collecting certs
10-03 09:47:27.557   586   586 E PackageManager: Adding duplicate shared id: 1001 name=com.android.providers.telephony
10-03 09:47:27.560   586   586 I PackageManager: /system/priv-app/VpnDialogs changed; collecting certs
10-03 09:47:27.567   586   586 I PackageManager: /system/priv-app/WallpaperCropper changed; collecting certs
10-03 09:47:27.575   586   586 I PackageManager: /system/priv-app/Settings changed; collecting certs
10-03 09:47:28.052   586   586 E PackageManager: Adding duplicate shared id: 1000 name=com.android.settings
10-03 09:47:28.085   586   586 I PackageManager: /system/app/BookmarkProvider changed; collecting certs
10-03 09:47:28.097   586   586 I PackageManager: /system/app/BasicDreams changed; collecting certs
10-03 09:47:28.124   586   586 I PackageManager: /system/app/BluetoothMidiService changed; collecting certs
10-03 09:47:28.127   586   702 W PackageParser: Ignoring duplicate uses-permissions/uses-permissions-sdk-m: android.permission.READ_CONTACTS in package: com.android.bluetooth at: Binary XML file line #61
10-03 09:47:28.134   586   702 W PackageParser: No actions in intent filter at /system/app/Bluetooth/Bluetooth.apk Binary XML file line #218
10-03 09:47:28.153   586   586 I PackageManager: /system/app/Browser2 changed; collecting certs
10-03 09:47:28.163   586   586 I PackageManager: /system/app/BuiltInPrintService changed; collecting certs
10-03 09:47:28.181   586   703 W PackageParser: No actions in intent filter at /system/app/CarrierDefaultApp/CarrierDefaultApp.apk Binary XML file line #49
10-03 09:47:28.187   586   596 I zygote  : Background concurrent copying GC freed 10020(777KB) AllocSpace objects, 11(528KB) LOS objects, 43% free, 2035KB/3MB, paused 1.190ms total 100.158ms
10-03 09:47:28.192   586   586 I PackageManager: /system/app/CaptivePortalLogin changed; collecting certs
10-03 09:47:28.201   586   586 I PackageManager: /system/app/Bluetooth changed; collecting certs
10-03 09:47:28.243   586   586 E PackageManager: Adding duplicate shared id: 1002 name=com.android.bluetooth
10-03 09:47:28.251   586   586 I PackageManager: /system/app/CarrierDefaultApp changed; collecting certs
10-03 09:47:28.260   586   586 I PackageManager: /system/app/Calendar changed; collecting certs
10-03 09:47:28.310   586   586 I PackageManager: /system/app/Camera2 changed; collecting certs
10-03 09:47:28.371   586   703 W PackageParser: Ignoring duplicate uses-permissions/uses-permissions-sdk-m: android.permission.WRITE_CONTACTS in package: com.android.email at: Binary XML file line #40
10-03 09:47:28.444   586   586 I PackageManager: /system/app/CertInstaller changed; collecting certs
10-03 09:47:28.457   586   586 I PackageManager: /system/app/CtsShimPrebuilt changed; collecting certs
10-03 09:47:28.462   586   586 I PackageManager: /system/app/CompanionDeviceManager changed; collecting certs
10-03 09:47:28.470   586   586 I PackageManager: /system/app/EasterEgg changed; collecting certs
10-03 09:47:28.485   586   702 W PackageParser: Ignoring duplicate uses-permissions/uses-permissions-sdk-m: android.permission.CHANGE_WIFI_STATE in package: com.android.nfc at: Binary XML file line #47
10-03 09:47:28.485   586   702 W PackageParser: Ignoring duplicate uses-permissions/uses-permissions-sdk-m: android.permission.ACCESS_WIFI_STATE in package: com.android.nfc at: Binary XML file line #48
10-03 09:47:28.486   586   586 I PackageManager: /system/app/DownloadProviderUi changed; collecting certs
10-03 09:47:28.494   586   586 E PackageManager: Adding duplicate user id: 10010 name=com.android.providers.downloads.ui
10-03 09:47:28.497   586   586 I PackageManager: /system/app/ExtShared changed; collecting certs
10-03 09:47:28.504   586   586 I PackageManager: /system/app/ExactCalculator changed; collecting certs
10-03 09:47:28.522   586   586 I PackageManager: /system/app/DeskClock changed; collecting certs
10-03 09:47:28.594   586   586 I PackageManager: /system/app/HTMLViewer changed; collecting certs
10-03 09:47:28.602   586   586 I PackageManager: /system/app/KeyChain changed; collecting certs
10-03 09:47:28.609   586   586 E PackageManager: Adding duplicate shared id: 1000 name=com.android.keychain
10-03 09:47:28.613   586   586 I PackageManager: /system/app/Gallery2 changed; collecting certs
10-03 09:47:28.714   586   586 I PackageManager: /system/app/LiveWallpapersPicker changed; collecting certs
10-03 09:47:28.737   586   586 I PackageManager: /system/app/Email changed; collecting certs
10-03 09:47:28.871   586   586 I PackageManager: /system/app/PacProcessor changed; collecting certs
10-03 09:47:28.878   586   586 I PackageManager: /system/app/NfcNci changed; collecting certs
10-03 09:47:28.902   586   586 E PackageManager: Adding duplicate shared id: 1027 name=com.android.nfc
10-03 09:47:28.905   586   586 I PackageManager: /system/app/LatinIME changed; collecting certs
10-03 09:47:29.222   586   586 I PackageManager: /system/app/OpenWnn changed; collecting certs
10-03 09:47:29.259   586   586 I PackageManager: /system/app/PrintRecommendationService changed; collecting certs
10-03 09:47:29.265   586   586 I PackageManager: /system/app/PicoTts changed; collecting certs
10-03 09:47:29.272   586   586 I PackageManager: /system/app/PhotoTable changed; collecting certs
10-03 09:47:29.287   586   586 I PackageManager: /system/app/PrintSpooler changed; collecting certs
10-03 09:47:29.303   586   586 I PackageManager: /system/app/QuickSearchBox changed; collecting certs
10-03 09:47:29.315   586   586 I PackageManager: /system/app/UserDictionaryProvider changed; collecting certs
10-03 09:47:29.319   586   586 E PackageManager: Adding duplicate user id: 10000 name=com.android.providers.userdictionary
10-03 09:47:29.322   586   586 I PackageManager: /system/app/WAPPushManager changed; collecting certs
10-03 09:47:29.328   586   586 I PackageManager: /system/app/WallpaperBackup changed; collecting certs
10-03 09:47:29.332   586   586 E PackageManager: Adding duplicate shared id: 1000 name=com.android.wallpaperbackup
10-03 09:47:29.334   586   586 I PackageManager: /system/app/webview changed; collecting certs
10-03 09:47:30.234   206   275 D ThermalDaemon: Sensor 'tsens_tz_sensor3' - alarm cleared 1 at 57.0 degC
10-03 09:47:30.332   586   586 I PackageManager: /system/app/messaging changed; collecting certs
10-03 09:47:30.486   586   586 D PackageManager: No files in app dir /system/vendor/app
10-03 09:47:30.486   586   586 D PackageManager: No files in app dir /oem/app
10-03 09:47:30.489   586   586 D PackageManager: No files in app dir /data/app
10-03 09:47:30.489   586   586 D PackageManager: No files in app dir /data/app-private
10-03 09:47:30.493   586   586 I PackageManager: Time to scan packages: 5.07 seconds
10-03 09:47:30.507   586   586 V PackageManager: reconcileAppsData for null u0 0x3 migrateAppData=true
10-03 09:47:30.531   213   213 I SELinux : SELinux: Loaded file_contexts
10-03 09:47:30.543   213   637 W installd: Requested default storage /data/user_de/0/com.android.providers.telephony is not active; migrating from /data/data/com.android.providers.telephony
10-03 09:47:30.569   213   213 W installd: Requested default storage /data/user_de/0/com.android.defcontainer is not active; migrating from /data/data/com.android.defcontainer
10-03 09:47:30.585   213   213 W installd: Requested default storage /data/user_de/0/android is not active; migrating from /data/data/android
10-03 09:47:30.598   213   243 W installd: Requested default storage /data/user_de/0/com.android.providers.settings is not active; migrating from /data/data/com.android.providers.settings
10-03 09:47:30.612   213   598 W installd: Requested default storage /data/user_de/0/com.android.inputdevices is not active; migrating from /data/data/com.android.inputdevices
10-03 09:47:30.625   213   637 W installd: Requested default storage /data/user_de/0/android.ext.shared is not active; migrating from /data/data/android.ext.shared
10-03 09:47:30.638   213   213 W installd: Requested default storage /data/user_de/0/com.android.server.telecom is not active; migrating from /data/data/com.android.server.telecom
10-03 09:47:30.660   213   598 W installd: Requested default storage /data/user_de/0/android.ext.services is not active; migrating from /data/data/android.ext.services
10-03 09:47:30.677   213   637 W installd: Requested default storage /data/user_de/0/com.android.packageinstaller is not active; migrating from /data/data/com.android.packageinstaller
10-03 09:47:30.694   213   598 W installd: Requested default storage /data/user_de/0/com.android.proxyhandler is not active; migrating from /data/data/com.android.proxyhandler
10-03 09:47:30.708   213   213 W installd: Requested default storage /data/user_de/0/com.android.inputmethod.latin is not active; migrating from /data/data/com.android.inputmethod.latin
10-03 09:47:30.722   213   637 W installd: Requested default storage /data/user_de/0/com.android.settings is not active; migrating from /data/data/com.android.settings
10-03 09:47:30.735   213   213 W installd: Requested default storage /data/user_de/0/com.android.phone is not active; migrating from /data/data/com.android.phone
10-03 09:47:30.748   213   243 W installd: Requested default storage /data/user_de/0/com.android.shell is not active; migrating from /data/data/com.android.shell
10-03 09:47:30.760   213   598 W installd: Requested default storage /data/user_de/0/com.android.location.fused is not active; migrating from /data/data/com.android.location.fused
10-03 09:47:30.774   213   637 W installd: Requested default storage /data/user_de/0/com.android.systemui is not active; migrating from /data/data/com.android.systemui
10-03 09:47:30.779   586   586 V PackageManager: reconcileAppsData finished 18 packages
10-03 09:47:30.781   586   715 D SystemServerInitThreadPool: Started executing prepareAppData
10-03 09:47:30.783   213   243 W installd: Ignoring /data/data/com.android.defcontainer/lib with unexpected GID 0 instead of 10005
10-03 09:47:30.785   213   243 W installd: Ignoring /data/data/com.android.inputmethod.latin/lib with unexpected GID 0 instead of 10049
10-03 09:47:30.786   213   243 W installd: Ignoring /data/user_de/0/com.android.defcontainer/lib with unexpected GID 0 instead of 10005
10-03 09:47:30.788   213   243 W installd: Ignoring /data/user_de/0/com.android.inputmethod.latin/lib with unexpected GID 0 instead of 10049
10-03 09:47:30.789   586   715 D SystemServerTimingAsync: AppDataFixup took to complete: 8ms
10-03 09:47:30.895   586   586 E PackageManager: There should probably be a verifier, but, none were found
10-03 09:47:30.899   586   586 D PackageManager: Ephemeral resolver not found with new action; try old one
10-03 09:47:30.899   586   586 D PackageManager: Ephemeral resolver NOT found; no matching intent filters
10-03 09:47:30.899   586   586 D PackageManager: Ephemeral installer not found with new action; try old one
10-03 09:47:30.900   586   586 D PackageManager: Clear ephemeral installer activity
10-03 09:47:30.970   586   586 I zygote  : Explicit concurrent copying GC freed 20613(1170KB) AllocSpace objects, 7(164KB) LOS objects, 44% free, 1947KB/3MB, paused 183us total 60.791ms
10-03 09:47:30.972   586   586 D FallbackCategoryProvider: Found 1 fallback categories
