10-03 18:04:43.436   611   800 I InputReader: Reconfiguring input devices.  changes=0x00000010
10-03 18:04:43.438  1691  1691 D Avrcp   : isBrowsableListUpdated: false
10-03 18:04:43.439   611   800 I InputReader: Reconfiguring input devices.  changes=0x00000010
10-03 18:04:43.441   611   800 I chatty  : uid=1000(system) InputReader identical 6 lines
10-03 18:04:43.450  1691  1691 D Avrcp   : AvrcpServiceBroadcastReceiver-> Action: android.intent.action.PACKAGE_CHANGED
10-03 18:04:43.450  1691  1691 D Avrcp   : AvrcpServiceBroadcastReceiver-> packageName: com.android.gallery3d
10-03 18:04:43.451  1691  1691 D Avrcp   : packageName: com.android.gallery3d removed: false
10-03 18:04:43.453  1691  1691 D Avrcp   : isBrowsableListUpdated: false
10-03 18:04:43.455  1691  1691 D Avrcp   : AvrcpServiceBroadcastReceiver-> Action: android.intent.action.PACKAGE_CHANGED
10-03 18:04:43.455  1691  1691 D Avrcp   : AvrcpServiceBroadcastReceiver-> packageName: com.android.inputmethod.latin
10-03 18:04:43.455  1691  1691 D Avrcp   : packageName: com.android.inputmethod.latin removed: false
10-03 18:04:43.456  1691  1691 D Avrcp   : isBrowsableListUpdated: false
10-03 18:04:43.465  1691  1691 D Avrcp   : AvrcpServiceBroadcastReceiver-> Action: android.intent.action.PACKAGE_CHANGED
10-03 18:04:43.465  1691  1691 D Avrcp   : AvrcpServiceBroadcastReceiver-> packageName: com.android.settings
10-03 18:04:43.466  1691  1691 D Avrcp   : packageName: com.android.settings removed: false
10-03 18:04:43.466  1691  1691 D Avrcp   : isBrowsableListUpdated: false
10-03 18:04:43.468  1691  1691 D Avrcp   : AvrcpServiceBroadcastReceiver-> Action: android.intent.action.PACKAGE_CHANGED
10-03 18:04:43.468  1691  1691 D Avrcp   : AvrcpServiceBroadcastReceiver-> packageName: com.android.email
10-03 18:04:43.469  1691  1691 D Avrcp   : packageName: com.android.email removed: false
10-03 18:04:43.471  1691  1691 D Avrcp   : isBrowsableListUpdated: false
10-03 18:04:43.478  2218  2218 D RegisteredNfcFServicesCache: Service unchanged, not updating
10-03 18:04:43.481   611   611 I Telecom : DefaultDialerCache: Refreshing default dialer for user 0: now com.android.dialer: DDC.oR@ABs
10-03 18:04:43.489   611   611 I Telecom : DefaultDialerCache: Refreshing default dialer for user 0: now com.android.dialer: DDC.oR@ABw
10-03 18:04:43.491  2218  2218 D RegisteredNfcFServicesCache: Service unchanged, not updating
10-03 18:04:43.504  2218  2218 D RegisteredNfcFServicesCache: Service unchanged, not updating
10-03 18:04:43.507   611   611 I Telecom : DefaultDialerCache: Refreshing default dialer for user 0: now com.android.dialer: DDC.oR@AB0
10-03 18:04:43.514  2218  2218 I chatty  : uid=1027(nfc) com.android.nfc identical 7 lines
10-03 18:04:43.515   611   611 I Telecom : DefaultDialerCache: Refreshing default dialer for user 0: now com.android.dialer: DDC.oR@AB4
10-03 18:04:43.528   611   611 I Telecom : DefaultDialerCache: Refreshing default dialer for user 0: now com.android.dialer: DDC.oR@AB8
10-03 18:04:43.550   611   611 I Telecom : DefaultDialerCache: Refreshing default dialer for user 0: now com.android.dialer: DDC.oR@ACA
10-03 18:04:43.559   611   611 I Telecom : DefaultDialerCache: Refreshing default dialer for user 0: now com.android.dialer: DDC.oR@ACE
10-03 18:04:43.568   611   611 I Telecom : DefaultDialerCache: Refreshing default dialer for user 0: now com.android.dialer: DDC.oR@ACI
10-03 18:04:43.604   611   611 I Telecom : DefaultDialerCache: Refreshing default dialer for user 0: now com.android.dialer: DDC.oR@ACM
10-03 18:04:43.610  1731  1739 I zygote  : Do partial code cache collection, code=122KB, data=95KB
10-03 18:04:43.611  1731  1739 I zygote  : After code cache collection, code=122KB, data=95KB
10-03 18:04:43.611  1731  1739 I zygote  : Increasing code cache capacity to 512KB
10-03 18:04:43.628   611   693 W VoiceInteractionManagerService: no available voice interaction services found for user 0
10-03 18:04:43.677   611   693 I chatty  : uid=1000(system) android.bg identical 3 lines
10-03 18:04:43.691   611   693 W VoiceInteractionManagerService: no available voice interaction services found for user 0
10-03 18:04:43.728   611  1651 I chatty  : uid=1000(system) WifiStateMachin expire 2 lines
10-03 18:04:43.732   611   697 E BatteryStatsService: no controller energy info supplied
10-03 18:04:43.732   611   697 E BatteryStatsService: no controller energy info supplied
10-03 18:04:43.742  1872  1877 I chatty  : uid=1001(radio) Jit thread pool expire 1 line
10-03 18:04:43.751   611   693 W VoiceInteractionManagerService: no available voice interaction services found for user 0
10-03 18:04:43.770  1872  1872 I chatty  : uid=1001(radio) com.android.phone expire 8 lines
10-03 18:04:43.823   611   621 I chatty  : uid=1000(system) HeapTaskDaemon expire 1 line
10-03 18:04:43.830   611   611 I chatty  : uid=1000 system_server expire 8 lines
10-03 18:04:43.838   611   697 E KernelUidCpuFreqTimeReader: Failed to read /proc/uid_time_in_state: java.io.FileNotFoundException: /proc/uid_time_in_state (No such file or directory)
10-03 18:04:43.840   611   697 E BatteryStatsService: modem info is invalid: ModemActivityInfo{ mTimestamp=0 mSleepTimeMs=0 mIdleTimeMs=0 mTxTimeMs[]=[0, 0, 0, 0, 0] mRxTimeMs=0 mEnergyUsed=0}
10-03 18:04:43.840  1872  1872 I TelecomFramework: PstnIncomingCallNotifier: Unregistering: Handler (com.android.internal.telephony.GsmCdmaPhone) {111da94}
10-03 18:04:43.843  2645  2757 W MessagingApp: PhoneUtils.getForLMR1(): invalid subId = -1
10-03 18:04:43.847  2645  2803 W MessagingApp: PhoneUtils.getForLMR1(): invalid subId = -1
10-03 18:04:43.854   611  2366 I Telecom : PhoneAccountRegistrar: Modify account: [ComponentInfo{com.android.phone/com.android.services.telephony.TelephonyConnectionService}, [e0184adedf913b076626646d3f52c3b49c39ad6d], UserHandle{0}]: TSI.rPA@ACQ
10-03 18:04:43.856   611   693 W VoiceInteractionManagerService: no available voice interaction services found for user 0
10-03 18:04:43.859  1872  1872 I TelecomFramework: AccountEntry: Registered phoneAccount: [[ ] PhoneAccount: ComponentInfo{com.android.phone/com.android.services.telephony.TelephonyConnectionService}, [e0184adedf913b076626646d3f52c3b49c39ad6d], UserHandle{0} Capabilities: CallProvider MultiUser PlaceEmerg SimSub  Audio Routes: BESW Schemes: tel voicemail  Extras: null GroupId: [da39a3ee5e6b4b0d3255bfef95601890afd80709]] with handle: ComponentInfo{com.android.phone/com.android.services.telephony.TelephonyConnectionService}, [e0184adedf913b076626646d3f52c3b49c39ad6d], UserHandle{0}
10-03 18:04:43.860  1872  1872 I TelecomFramework: PstnIncomingCallNotifier: Registering: Handler (com.android.internal.telephony.GsmCdmaPhone) {111da94}
10-03 18:04:43.861  1707  1707 I InputAttributes: InputType.TYPE_NULL is specified
10-03 18:04:43.884   611   693 I chatty  : uid=1000(system) android.bg expire 12 lines
10-03 18:04:43.898   611   693 W VoiceInteractionManagerService: no available voice interaction services found for user 0
10-03 18:04:43.901  2645  2757 W MessagingApp: PhoneUtils.getForLMR1(): invalid subId = -1
10-03 18:04:43.901  2645  2757 W MessagingApp: PhoneUtils.getForLMR1(): invalid subId = -1
10-03 18:04:43.903  2645  2757 W MessagingApp: PhoneUtils.getSelfRawNumber: subInfo is null for -1
10-03 18:04:43.912  2645  2757 W MessagingApp: PhoneUtils.getForLMR1(): invalid subId = -1
10-03 18:04:43.930   611   693 W VoiceInteractionManagerService: no available voice interaction services found for user 0
10-03 18:04:43.934  1872  1872 D MccTable: updateMccMncConfiguration mccmnc='40422' fromServiceState=false
10-03 18:04:43.935  1872  1872 D MccTable: updateMccMncConfiguration defaultMccMnc=40422
10-03 18:04:43.935  1872  1872 D MccTable: updateMccMncConfiguration: mcc=404, mnc=22
10-03 18:04:43.936  1872  1872 D MccTable: updateMccMncConfiguration updateConfig config={0.0 404mcc22mnc ?localeList ?layoutDir ?swdp ?wdp ?hdp ?density ?lsize ?long ?ldr ?wideColorGamut ?orien ?uimode ?night ?touch ?keyb/?/? ?nav/?}
10-03 18:04:43.976   611   694 I ActivityManager: Start proc 2809:com.android.cellbroadcastreceiver/u0a5 for broadcast com.android.cellbroadcastreceiver/.CellBroadcastReceiver
10-03 18:04:43.983  2278  2283 I zygote  : Do partial code cache collection, code=29KB, data=31KB
10-03 18:04:43.983  2278  2283 I zygote  : After code cache collection, code=26KB, data=29KB
10-03 18:04:43.984  2278  2283 I zygote  : Increasing code cache capacity to 128KB
10-03 18:04:44.102  2809  2809 D CellBroadcastReceiver: onReceive Intent { act=android.telephony.action.DEFAULT_SMS_SUBSCRIPTION_CHANGED flg=0x21000010 cmp=com.android.cellbroadcastreceiver/.CellBroadcastReceiver (has extras) }
10-03 18:04:44.104  2809  2809 D CellBroadcastReceiver: Start Cell Broadcast configuration.
10-03 18:04:44.106  2809  2809 D CellBroadcastReceiver: Default interval 0 did not change.
10-03 18:04:44.114  2809  2829 D CellBroadcastConfigService: Enable CellBroadcast on sub 1
10-03 18:04:44.241  1731  1731 I zygote  : Deoptimizing void com.android.systemui.statusbar.stack.NotificationStackScrollLayout.updateContentHeight() due to JIT inline cache
10-03 18:04:44.246  1872  1888 I chatty  : uid=1001(radio) Binder:1872_2 expire 1 line
10-03 18:04:44.249  1731  1731 I zygote  : Deoptimizing void com.android.systemui.statusbar.stack.StackScrollAlgorithm.updateClipping(com.android.systemui.statusbar.stack.StackScrollState, com.android.systemui.statusbar.stack.StackScrollAlgorithm$StackScrollAlgorithmState, com.android.systemui.statusbar.stack.AmbientState) due to JIT inline cache
10-03 18:04:44.252  2218  2416 I chatty  : uid=1027(nfc) com.android.nfc expire 12 lines
10-03 18:04:44.261  1872  1872 D MccTable: updateMccMncConfiguration mccmnc='40422' fromServiceState=false
10-03 18:04:44.262  1872  1872 D MccTable: updateMccMncConfiguration defaultMccMnc=40422
10-03 18:04:44.262  1872  1872 D MccTable: updateMccMncConfiguration: mcc=404, mnc=22
10-03 18:04:44.262  1872  1872 D MccTable: updateMccMncConfiguration updateConfig config={0.0 404mcc22mnc ?localeList ?layoutDir ?swdp ?wdp ?hdp ?density ?lsize ?long ?ldr ?wideColorGamut ?orien ?uimode ?night ?touch ?keyb/?/? ?nav/?}
10-03 18:04:44.274  1691  1691 D HeadsetPhoneState: sendDeviceStateChanged. mService=0 mSignal=0 mRoam=0 mBatteryCharge=2
10-03 18:04:44.274  1872  2758 I chatty  : uid=1001(radio) Binder:1872_5 expire 1 line
10-03 18:04:44.360  1691  1691 D HeadsetPhoneState: sendDeviceStateChanged. mService=0 mSignal=0 mRoam=0 mBatteryCharge=2
10-03 18:04:44.377  2645  2803 W MessagingApp: canonicalizeMccMnc: invalid mccmnc:null ,null
10-03 18:04:44.385  1731  1731 E SignalClusterView: Unexpected subscription 1
10-03 18:04:44.385  1731  1731 E SignalClusterView: Unexpected subscription 1
10-03 18:04:44.438  1872  1872 I chatty  : uid=1001(radio) com.android.phone expire 4 lines
10-03 18:04:44.448   611  1737 D MmsServiceBroker: getCarrierConfigValues() by com.android.messaging
10-03 18:04:44.448   611  1737 W MmsServiceBroker: MmsService not connected. Try connecting...
10-03 18:04:44.448   611   611 I MmsServiceBroker: Connecting to MmsService
10-03 18:04:44.449   611   611 W ContextImpl: Calling a method in the system process without a qualified user: android.app.ContextImpl.bindService:1540 com.android.server.MmsServiceBroker.tryConnecting:241 com.android.server.MmsServiceBroker.-wrap3:0 com.android.server.MmsServiceBroker$1.handleMessage:83 android.os.Handler.dispatchMessage:105 
10-03 18:04:44.470  1872  1872 I TelecomFramework: PstnPhoneCapabilitiesNotifier: handleVideoCapabilitesChanged. Video capability - false
10-03 18:04:44.503   611  1907 I Telecom : PhoneAccountRegistrar: Modify account: [ComponentInfo{com.android.phone/com.android.services.telephony.TelephonyConnectionService}, [e0184adedf913b076626646d3f52c3b49c39ad6d], UserHandle{0}]: TSI.rPA@ACc
10-03 18:04:44.520  2833  2833 I chatty  : uid=1027(nfc) /vendor/bin/hw/android.hardware.nfc@1.0-service expire 3 lines
10-03 18:04:44.566  2278  2283 I zygote  : Do partial code cache collection, code=62KB, data=52KB
10-03 18:04:44.566  2278  2283 I zygote  : After code cache collection, code=62KB, data=52KB
10-03 18:04:44.566  2278  2283 I zygote  : Increasing code cache capacity to 256KB
10-03 18:04:44.607  1872  1877 I chatty  : uid=1001(radio) Jit thread pool expire 3 lines
10-03 18:04:44.685  1691  1691 D HeadsetPhoneState: sendDeviceStateChanged. mService=0 mSignal=0 mRoam=0 mBatteryCharge=2
10-03 18:04:44.743  1691  1691 D HeadsetPhoneState: sendDeviceStateChanged. mService=0 mSignal=0 mRoam=0 mBatteryCharge=2
10-03 18:04:44.765  1872  1872 I chatty  : uid=1001(radio) com.android.phone expire 2 lines
10-03 18:04:44.875  1872  1872 I TelecomFramework: PstnIncomingCallNotifier: Unregistering: Handler (com.android.internal.telephony.GsmCdmaPhone) {111da94}
10-03 18:04:44.906   611   690 I Telecom : PhoneAccountRegistrar: New phone account registered: [[ ] PhoneAccount: ComponentInfo{com.android.phone/com.android.services.telephony.TelephonyConnectionService}, [26c54c33e876414d14ea2f016634d88ca51e9dac], UserHandle{0} Capabilities: CallProvider MultiUser PlaceEmerg SimSub  Audio Routes: BESW Schemes: tel voicemail  Extras: null GroupId: [da39a3ee5e6b4b0d3255bfef95601890afd80709]]: TSI.rPA@ACg
10-03 18:04:44.910   611   690 I Telecom : CallsManager: Sending phone-account ComponentInfo{com.android.phone/com.android.services.telephony.TelephonyConnectionService}, [26c54c33e876414d14ea2f016634d88ca51e9dac], UserHandle{0} registered intent as user: TSI.rPA@ACg
10-03 18:04:44.911   611   690 I Telecom : CallsManager: Sending phone-account registered intent to default dialer: TSI.rPA@ACg
10-03 18:04:44.912  1872  1872 I TelecomFramework: AccountEntry: Registered phoneAccount: [[ ] PhoneAccount: ComponentInfo{com.android.phone/com.android.services.telephony.TelephonyConnectionService}, [26c54c33e876414d14ea2f016634d88ca51e9dac], UserHandle{0} Capabilities: CallProvider MultiUser PlaceEmerg SimSub  Audio Routes: BESW Schemes: tel voicemail  Extras: null GroupId: [da39a3ee5e6b4b0d3255bfef95601890afd80709]] with handle: ComponentInfo{com.android.phone/com.android.services.telephony.TelephonyConnectionService}, [26c54c33e876414d14ea2f016634d88ca51e9dac], UserHandle{0}
10-03 18:04:44.912  1872  1872 I TelecomFramework: PstnIncomingCallNotifier: Registering: Handler (com.android.internal.telephony.GsmCdmaPhone) {111da94}
10-03 18:04:44.914  1872  1872 I TelecomFramework: TelecomAccountRegistry: Unregistering phone account ComponentInfo{com.android.phone/com.android.services.telephony.TelephonyConnectionService}, [e0184adedf913b076626646d3f52c3b49c39ad6d], UserHandle{0}.
10-03 18:04:44.918   611  2303 I Telecom : CallsManager: Sending phone-account ComponentInfo{com.android.phone/com.android.services.telephony.TelephonyConnectionService}, [e0184adedf913b076626646d3f52c3b49c39ad6d], UserHandle{0} unregistered intent as user: TSI.uPA@ACo
10-03 18:04:44.918   611  2303 I Telecom : CallsManager: Sending phone-account unregistered intent to default dialer: TSI.uPA@ACo
10-03 18:04:44.921  1872  2758 I chatty  : uid=1001(radio) Binder:1872_5 expire 1 line
10-03 18:04:44.928  1872  2721 I chatty  : uid=1001(radio) Binder:1872_4 expire 1 line
10-03 18:04:44.937  1872  1872 I TelecomFramework: PstnIncomingCallNotifier: Unregistering: Handler (com.android.internal.telephony.GsmCdmaPhone) {111da94}
10-03 18:04:44.954   611   691 I Telecom : PhoneAccountRegistrar: Modify account: [ComponentInfo{com.android.phone/com.android.services.telephony.TelephonyConnectionService}, [26c54c33e876414d14ea2f016634d88ca51e9dac], UserHandle{0}]: TSI.rPA@ACw
10-03 18:04:44.957  1872  1872 I TelecomFramework: AccountEntry: Registered phoneAccount: [[ ] PhoneAccount: ComponentInfo{com.android.phone/com.android.services.telephony.TelephonyConnectionService}, [26c54c33e876414d14ea2f016634d88ca51e9dac], UserHandle{0} Capabilities: CallProvider MultiUser PlaceEmerg SimSub  Audio Routes: BESW Schemes: tel voicemail  Extras: null GroupId: [da39a3ee5e6b4b0d3255bfef95601890afd80709]] with handle: ComponentInfo{com.android.phone/com.android.services.telephony.TelephonyConnectionService}, [26c54c33e876414d14ea2f016634d88ca51e9dac], UserHandle{0}
10-03 18:04:44.957  1872  1872 I TelecomFramework: PstnIncomingCallNotifier: Registering: Handler (com.android.internal.telephony.GsmCdmaPhone) {111da94}
10-03 18:04:44.960  1872  1872 I chatty  : uid=1001(radio) com.android.phone expire 8 lines
10-03 18:04:44.975   611  1907 I ActivityManager: Start proc 2843:com.android.carrierconfig/u0a2 for service com.android.carrierconfig/.DefaultCarrierConfigService
10-03 18:04:45.024   611   611 I MmsServiceBroker: MmsService connected
10-03 18:04:45.025  1872  2758 I chatty  : uid=1001(radio) Binder:1872_5 expire 2 lines
10-03 18:04:45.026  2645  2803 I MessagingApp: Carrier configs loaded: Bundle[{smsToMmsTextThreshold=-1, maxMessageTextSize=-1, recipientLimit=-1, maxImageHeight=480, maxMessageSize=307200, maxImageWidth=640, enabledMMS=true, enableMultipartSMS=true}] from resources+system for subId=1
10-03 18:04:45.054  2858  2858 E linker  : "/system/vendor/lib/libmmjpeg.so" has text relocations
10-03 18:04:45.055  2858  2858 F libc    : CANNOT LINK EXECUTABLE "/vendor/bin/mm-qcamera-daemon": "/system/vendor/lib/libmmjpeg.so" has text relocations
10-03 18:04:45.055  2858  2858 F libc    : Fatal signal 6 (SIGABRT), code -6 in tid 2858 (mm-qcamera-daem)
10-03 18:04:45.060  2645  2803 W MessagingApp: canonicalizeMccMnc: invalid mccmnc:null ,null
10-03 18:04:45.072   611  1907 D MmsServiceBroker: getCarrierConfigValues() by com.android.messaging
10-03 18:04:45.072  1872  2830 I chatty  : uid=1001(radio) Binder:1872_6 expire 4 lines
10-03 18:04:45.073  2645  2803 I MessagingApp: Carrier configs loaded: Bundle[{smsToMmsTextThreshold=-1, maxMessageTextSize=-1, recipientLimit=-1, maxImageHeight=480, maxMessageSize=307200, maxImageWidth=640, enabledMMS=true, enableMultipartSMS=true}] from resources+system for subId=1
10-03 18:04:45.082  1872  1872 I TelecomFramework: PstnIncomingCallNotifier: Unregistering: Handler (com.android.internal.telephony.GsmCdmaPhone) {111da94}
10-03 18:04:45.088  2863  2863 I crash_dump32: obtaining output fd from tombstoned
10-03 18:04:45.089   242   242 I /system/bin/tombstoned: received crash request for pid 2858
10-03 18:04:45.090  2843  2843 D DefaultCarrierConfigService: Service created
10-03 18:04:45.092  2863  2863 I crash_dump32: performing dump of process 2858 (target tid = 2858)
10-03 18:04:45.092  2858  2858 F libc    : failed to resend signal during crash: Operation not permitted
10-03 18:04:45.093  2863  2863 E DEBUG   : unexpected waitpid response: n=2858, status=00000100
10-03 18:04:45.094   242   242 W /system/bin/tombstoned: crash socket received short read of length 0 (expected 8)
10-03 18:04:45.096   611   699 I BootReceiver: Copying /data/tombstones/tombstone_05 to DropBox (SYSTEM_TOMBSTONE)
10-03 18:04:45.105  2645  2759 W MessagingApp: canonicalizeMccMnc: invalid mccmnc:null ,null
10-03 18:04:45.117   611   691 D MmsServiceBroker: getCarrierConfigValues() by com.android.messaging
10-03 18:04:45.117  1872  2720 I chatty  : uid=1001(radio) Binder:1872_3 expire 2 lines
10-03 18:04:45.118  2645  2759 I MessagingApp: Carrier configs loaded: Bundle[{smsToMmsTextThreshold=-1, maxMessageTextSize=-1, recipientLimit=-1, maxImageHeight=480, maxMessageSize=307200, maxImageWidth=640, enabledMMS=true, enableMultipartSMS=true}] from resources+system for subId=1
10-03 18:04:45.123   611  1730 I Telecom : PhoneAccountRegistrar: Modify account: [ComponentInfo{com.android.phone/com.android.services.telephony.TelephonyConnectionService}, [26c54c33e876414d14ea2f016634d88ca51e9dac], UserHandle{0}]: TSI.rPA@ADA
10-03 18:04:45.127  1872  1872 I TelecomFramework: AccountEntry: Registered phoneAccount: [[ ] PhoneAccount: ComponentInfo{com.android.phone/com.android.services.telephony.TelephonyConnectionService}, [26c54c33e876414d14ea2f016634d88ca51e9dac], UserHandle{0} Capabilities: CallProvider MultiUser PlaceEmerg SimSub  Audio Routes: BESW Schemes: tel voicemail  Extras: null GroupId: [da39a3ee5e6b4b0d3255bfef95601890afd80709]] with handle: ComponentInfo{com.android.phone/com.android.services.telephony.TelephonyConnectionService}, [26c54c33e876414d14ea2f016634d88ca51e9dac], UserHandle{0}
10-03 18:04:45.127  1872  1872 I TelecomFramework: PstnIncomingCallNotifier: Registering: Handler (com.android.internal.telephony.GsmCdmaPhone) {111da94}
10-03 18:04:45.149  1872  1872 I TelecomFramework: PstnIncomingCallNotifier: Unregistering: Handler (com.android.internal.telephony.GsmCdmaPhone) {111da94}
10-03 18:04:45.157  2645  2803 W MessagingApp: canonicalizeMccMnc: invalid mccmnc:null ,null
10-03 18:04:45.166   611  1907 D MmsServiceBroker: getCarrierConfigValues() by com.android.messaging
10-03 18:04:45.167  2645  2803 I MessagingApp: Carrier configs loaded: Bundle[{smsToMmsTextThreshold=-1, maxMessageTextSize=-1, recipientLimit=-1, maxImageHeight=480, maxMessageSize=307200, maxImageWidth=640, enabledMMS=true, enableMultipartSMS=true}] from resources+system for subId=1
10-03 18:04:45.176   611   690 I Telecom : PhoneAccountRegistrar: Modify account: [ComponentInfo{com.android.phone/com.android.services.telephony.TelephonyConnectionService}, [26c54c33e876414d14ea2f016634d88ca51e9dac], UserHandle{0}]: TSI.rPA@ADM
10-03 18:04:45.179  1872  1872 I TelecomFramework: AccountEntry: Registered phoneAccount: [[ ] PhoneAccount: ComponentInfo{com.android.phone/com.android.services.telephony.TelephonyConnectionService}, [26c54c33e876414d14ea2f016634d88ca51e9dac], UserHandle{0} Capabilities: CallProvider MultiUser PlaceEmerg SimSub  Audio Routes: BESW Schemes: tel voicemail  Extras: null GroupId: [da39a3ee5e6b4b0d3255bfef95601890afd80709]] with handle: ComponentInfo{com.android.phone/com.android.services.telephony.TelephonyConnectionService}, [26c54c33e876414d14ea2f016634d88ca51e9dac], UserHandle{0}
10-03 18:04:45.179  1872  1872 I TelecomFramework: PstnIncomingCallNotifier: Registering: Handler (com.android.internal.telephony.GsmCdmaPhone) {111da94}
10-03 18:04:45.199  1872  1872 I chatty  : uid=1001(radio) com.android.phone expire 2 lines
10-03 18:04:45.219  2249  2249 I Dialer  : LegacyVoicemailNotificationReceiver.onReceive - received legacy voicemail notification
10-03 18:04:45.219  1872  1872 I TelecomFramework: PstnPhoneCapabilitiesNotifier: handleVideoCapabilitesChanged. Video capability - false
10-03 18:04:45.220  1872  2721 I chatty  : uid=1001(radio) Binder:1872_4 expire 1 line
10-03 18:04:45.222  2249  2249 I Dialer  : LegacyVoicemailNotificationReceiver.onReceive - clearing notification
10-03 18:04:45.226  1872  1872 I chatty  : uid=1001(radio) com.android.phone expire 1 line
10-03 18:04:45.226  1872  1872 I chatty  : uid=1001(radio) com.android.phone identical 2 lines
10-03 18:04:45.226  1872  1872 I TelecomFramework: PstnPhoneCapabilitiesNotifier: handleVideoCapabilitesChanged. Video capability - false
10-03 18:04:45.227  1872  2864 I chatty  : uid=1001(radio) com.android.phone expire 1 line
10-03 18:04:45.231  1872  2865 I chatty  : uid=1001(radio) com.android.phone expire 1 line
10-03 18:04:45.237  2249  2249 I Dialer  : VoicemailNotifier - Clearing legacy voicemail notification
10-03 18:04:45.237  1872  1888 I chatty  : uid=1001(radio) Binder:1872_2 expire 1 line
10-03 18:04:45.270   611  2303 I Telecom : PhoneAccountRegistrar: Modify account: [ComponentInfo{com.android.phone/com.android.services.telephony.TelephonyConnectionService}, [26c54c33e876414d14ea2f016634d88ca51e9dac], UserHandle{0}]: TSI.rPA@ADg
10-03 18:04:45.371  1872  1872 I chatty  : uid=1001(radio) com.android.phone expire 1 line
10-03 18:04:45.373  2843  2856 D DefaultCarrierConfigService: Config being fetched
10-03 18:04:45.375  2843  2856 D DefaultCarrierConfigService: java.io.FileNotFoundException: carrier_config_40422.xml
10-03 18:04:45.378  1872  1888 I chatty  : uid=1001(radio) Binder:1872_2 expire 1 line
10-03 18:04:45.386  1872  2721 I chatty  : uid=1001(radio) Binder:1872_4 expire 1 line
10-03 18:04:45.390  1872  1872 I chatty  : uid=1001(radio) com.android.phone expire 3 lines
10-03 18:04:45.390  2349  2465 I chatty  : uid=10010(u0_a10) android.process.media expire 41 lines
10-03 18:04:45.394  2645  2645 I MessagingApp: Carrier config changed. Reloading MMS config.
10-03 18:04:45.396   611  1647 I NetworkPolicy: No policy for subscriber 404223...; generating default policy
10-03 18:04:45.396  2809  2809 D CellBroadcastReceiver: onReceive Intent { act=android.telephony.action.CARRIER_CONFIG_CHANGED flg=0x5000010 cmp=com.android.cellbroadcastreceiver/.CellBroadcastReceiver (has extras) }
10-03 18:04:45.396  2809  2809 D CellBroadcastReceiver: Start Cell Broadcast configuration.
10-03 18:04:45.397  2809  2809 D CellBroadcastReceiver: Default interval 0 did not change.
10-03 18:04:45.401   611   611 I Telecom : PhoneAccountRegistrar: SimCallManager queried, returning: null: TSI.gSCMFU@ADk
10-03 18:04:45.413  1872  2867 I chatty  : uid=1001(radio) com.android.phone expire 1 line
10-03 18:04:45.421  2645  2803 W MessagingApp: canonicalizeMccMnc: invalid mccmnc:null ,null
10-03 18:04:45.436   611   690 D MmsServiceBroker: getCarrierConfigValues() by com.android.messaging
10-03 18:04:45.436  1872  2832 I chatty  : uid=1001(radio) Binder:1872_8 expire 2 lines
10-03 18:04:45.437  1872  2721 I chatty  : uid=1001(radio) Binder:1872_4 expire 1 line
10-03 18:04:45.438  2645  2803 I MessagingApp: Carrier configs loaded: Bundle[{httpSocketTimeout=60000, aliasMinChars=2, smsToMmsTextThreshold=-1, enableSMSDeliveryReports=true, maxMessageTextSize=-1, supportMmsContentDisposition=true, enabledTransID=false, aliasEnabled=false, supportHttpCharsetHeader=false, allowAttachAudio=true, smsToMmsTextLengthThreshold=-1, recipientLimit=2147483647, uaProfTagName=x-wap-profile, aliasMaxChars=48, maxImageHeight=480, enableMMSDeliveryReports=false, userAgent=, mmsCloseConnection=false, config_cellBroadcastAppLinks=true, maxSubjectLength=40, httpParams=, enableGroupMms=true, emailGatewayNumber=, maxMessageSize=307200, naiSuffix=, enableMMSReadReports=false, maxImageWidth=640, uaProfUrl=, enabledMMS=true, enabledNotifyWapMMSC=false, sendMultipartSmsAsSeparateMessages=false, enableMultipartSMS=true}] from resources+system for subId=1
10-03 18:04:45.439  1872  1872 I chatty  : uid=1001(radio) com.android.phone expire 3 lines
10-03 18:04:45.445  1872  1888 I chatty  : uid=1001(radio) Binder:1872_2 expire 1 line
10-03 18:04:45.454  1872  2832 I chatty  : uid=1001(radio) Binder:1872_8 expire 3 lines
10-03 18:04:45.703  1872  2720 I chatty  : uid=1001(radio) Binder:1872_3 expire 3 lines
10-03 18:04:45.868  1707  1707 I LatinIME: Timeout waiting for dictionary load
10-03 18:04:45.956  1872  1888 I chatty  : uid=1001(radio) Binder:1872_2 expire 1 line
10-03 18:04:45.975  1872  2830 I chatty  : uid=1001(radio) Binder:1872_6 expire 3 lines
10-03 18:04:46.380  1872  1872 I chatty  : uid=1001(radio) com.android.phone expire 1 line
10-03 18:04:46.383  1691  1691 D HeadsetPhoneState: sendDeviceStateChanged. mService=1 mSignal=0 mRoam=0 mBatteryCharge=2
10-03 18:04:46.420  2645  2759 W MessagingApp: canonicalizeMccMnc: invalid mccmnc:null ,null
10-03 18:04:46.438   611  1907 D MmsServiceBroker: getCarrierConfigValues() by com.android.messaging
10-03 18:04:46.438  1872  1888 I chatty  : uid=1001(radio) Binder:1872_2 expire 2 lines
10-03 18:04:46.440  2645  2759 I MessagingApp: Carrier configs loaded: Bundle[{httpSocketTimeout=60000, aliasMinChars=2, smsToMmsTextThreshold=-1, enableSMSDeliveryReports=true, maxMessageTextSize=-1, supportMmsContentDisposition=true, enabledTransID=false, aliasEnabled=false, supportHttpCharsetHeader=false, allowAttachAudio=true, smsToMmsTextLengthThreshold=-1, recipientLimit=2147483647, uaProfTagName=x-wap-profile, aliasMaxChars=48, maxImageHeight=480, enableMMSDeliveryReports=false, userAgent=, mmsCloseConnection=false, config_cellBroadcastAppLinks=true, maxSubjectLength=40, httpParams=, enableGroupMms=true, emailGatewayNumber=, maxMessageSize=307200, naiSuffix=, enableMMSReadReports=false, maxImageWidth=640, uaProfUrl=, enabledMMS=true, enabledNotifyWapMMSC=false, sendMultipartSmsAsSeparateMessages=false, enableMultipartSMS=true}] from resources+system for subId=1
10-03 18:04:46.441  1872  1887 I chatty  : uid=1001(radio) Binder:1872_1 expire 6 lines
10-03 18:04:46.458  1872  1872 I TelecomFramework: PstnIncomingCallNotifier: Unregistering: Handler (com.android.internal.telephony.GsmCdmaPhone) {111da94}
10-03 18:04:46.494   611  2356 I Telecom : PhoneAccountRegistrar: Modify account: [ComponentInfo{com.android.phone/com.android.services.telephony.TelephonyConnectionService}, [26c54c33e876414d14ea2f016634d88ca51e9dac], UserHandle{0}]: TSI.rPA@ADw
10-03 18:04:46.497  1872  1872 I TelecomFramework: AccountEntry: Registered phoneAccount: [[ ] PhoneAccount: ComponentInfo{com.android.phone/com.android.services.telephony.TelephonyConnectionService}, [26c54c33e876414d14ea2f016634d88ca51e9dac], UserHandle{0} Capabilities: CallProvider MultiUser PlaceEmerg SimSub  Audio Routes: BESW Schemes: tel voicemail  Extras: null GroupId: [da39a3ee5e6b4b0d3255bfef95601890afd80709]] with handle: ComponentInfo{com.android.phone/com.android.services.telephony.TelephonyConnectionService}, [26c54c33e876414d14ea2f016634d88ca51e9dac], UserHandle{0}
10-03 18:04:46.498  1872  1872 I TelecomFramework: PstnIncomingCallNotifier: Registering: Handler (com.android.internal.telephony.GsmCdmaPhone) {111da94}
10-03 18:04:46.502  1872  2892 I chatty  : uid=1001(radio) com.android.phone expire 1 line
10-03 18:04:46.503  1691  1691 D HeadsetPhoneState: sendDeviceStateChanged. mService=1 mSignal=5 mRoam=0 mBatteryCharge=2
10-03 18:04:46.505  1872  1872 I TelecomFramework: PstnIncomingCallNotifier: Unregistering: Handler (com.android.internal.telephony.GsmCdmaPhone) {111da94}
10-03 18:04:46.529   611   690 I Telecom : PhoneAccountRegistrar: Modify account: [ComponentInfo{com.android.phone/com.android.services.telephony.TelephonyConnectionService}, [26c54c33e876414d14ea2f016634d88ca51e9dac], UserHandle{0}]: TSI.rPA@AD8
10-03 18:04:46.532  1872  1872 I TelecomFramework: AccountEntry: Registered phoneAccount: [[ ] PhoneAccount: ComponentInfo{com.android.phone/com.android.services.telephony.TelephonyConnectionService}, [26c54c33e876414d14ea2f016634d88ca51e9dac], UserHandle{0} Capabilities: CallProvider MultiUser PlaceEmerg SimSub  Audio Routes: BESW Schemes: tel voicemail  Extras: null GroupId: [da39a3ee5e6b4b0d3255bfef95601890afd80709]] with handle: ComponentInfo{com.android.phone/com.android.services.telephony.TelephonyConnectionService}, [26c54c33e876414d14ea2f016634d88ca51e9dac], UserHandle{0}
10-03 18:04:46.532  1872  1872 I TelecomFramework: PstnIncomingCallNotifier: Registering: Handler (com.android.internal.telephony.GsmCdmaPhone) {111da94}
10-03 18:04:46.537  1872  1872 I chatty  : uid=1001(radio) com.android.phone expire 11 lines
10-03 18:04:46.574  1872  1872 I TelecomFramework: PstnPhoneCapabilitiesNotifier: handleVideoCapabilitesChanged. Video capability - false
10-03 18:04:46.574  1872  1872 I TelecomFramework: PstnPhoneCapabilitiesNotifier: handleVideoCapabilitesChanged. Video capability - false
10-03 18:04:46.592   611  2179 I Telecom : PhoneAccountRegistrar: Modify account: [ComponentInfo{com.android.phone/com.android.services.telephony.TelephonyConnectionService}, [26c54c33e876414d14ea2f016634d88ca51e9dac], UserHandle{0}]: TSI.rPA@AEI
10-03 18:04:46.658  1691  1691 D HeadsetPhoneState: sendDeviceStateChanged. mService=1 mSignal=5 mRoam=0 mBatteryCharge=2
10-03 18:04:46.659  1872  1872 D MccTable: updateMccMncConfiguration mccmnc='40422' fromServiceState=true
10-03 18:04:46.663  1872  1872 D MccTable: updateMccMncConfiguration defaultMccMnc=40422
10-03 18:04:46.663  1872  1872 D MccTable: updateMccMncConfiguration: mcc=404, mnc=22
10-03 18:04:46.663  1872  1872 D MccTable: WIFI_COUNTRY_CODE set to in
10-03 18:04:46.664   611   691 I WifiService: WifiService trying to set country code to in with persist set to false
10-03 18:04:46.680   611  1737 I chatty  : uid=1000(system) Binder:611_4 expire 1 line
10-03 18:04:46.685   611   611 D ConditionProviders.SCP: onReceive android.intent.action.TIMEZONE_CHANGED
10-03 18:04:46.692   611   611 D ConditionProviders.SCP: notifyCondition condition://android/schedule?days=6.7&start=23.30&end=10.0&exitAtAlarm=false STATE_FALSE reason=!meetsSchedule
10-03 18:04:46.692   611   611 D ConditionProviders.SCP: notifyCondition condition://android/schedule?days=1.2.3.4.5&start=22.0&end=7.0&exitAtAlarm=false STATE_FALSE reason=!meetsSchedule
10-03 18:04:46.693   611   611 D ConditionProviders.SCP: Scheduling evaluate for Tue Oct 03 22:00:00 GMT+05:30 2017 (1507048200000), in +3h55m13s315ms, now=Tue Oct 03 18:04:46 GMT+05:30 2017 (1507034086685)
10-03 18:04:46.694   611  2182 D AlarmManagerService: Kernel timezone updated to -330 minutes west of GMT
10-03 18:04:46.702  2142  2142 I AlarmClock: AlarmInitReceiver android.intent.action.TIMEZONE_CHANGED
10-03 18:04:46.703  1691  1691 D HeadsetPhoneState: sendDeviceStateChanged. mService=1 mSignal=5 mRoam=0 mBatteryCharge=2
10-03 18:04:46.704  2142  2208 I AlarmClock: Fixing alarm instances
10-03 18:04:46.705  2645  2803 W MessagingApp: canonicalizeMccMnc: invalid mccmnc:null ,null
10-03 18:04:46.706   611   693 I GnssLocationProvider: WakeLock released by handleMessage(SUBSCRIPTION_OR_SIM_CHANGED, 0, null)
10-03 18:04:46.714  2249  2249 I Dialer  : VvmOmtpService - onCellServiceConnected
10-03 18:04:46.718  2142  2208 V AlarmClock: AlarmInitReceiver finished
10-03 18:04:46.722   611  2366 D MmsServiceBroker: getCarrierConfigValues() by com.android.messaging
10-03 18:04:46.722  1872  1888 I chatty  : uid=1001(radio) Binder:1872_2 expire 12 lines
10-03 18:04:46.723  2645  2803 I MessagingApp: Carrier configs loaded: Bundle[{httpSocketTimeout=60000, aliasMinChars=2, smsToMmsTextThreshold=-1, enableSMSDeliveryReports=true, maxMessageTextSize=-1, supportMmsContentDisposition=true, enabledTransID=false, aliasEnabled=false, supportHttpCharsetHeader=false, allowAttachAudio=true, smsToMmsTextLengthThreshold=-1, recipientLimit=2147483647, uaProfTagName=x-wap-profile, aliasMaxChars=48, maxImageHeight=480, enableMMSDeliveryReports=false, userAgent=, mmsCloseConnection=false, config_cellBroadcastAppLinks=true, maxSubjectLength=40, httpParams=, enableGroupMms=true, emailGatewayNumber=, maxMessageSize=307200, naiSuffix=, enableMMSReadReports=false, maxImageWidth=640, uaProfUrl=, enabledMMS=true, enabledNotifyWapMMSC=false, sendMultipartSmsAsSeparateMessages=false, enableMultipartSMS=true}] from resources+system for subId=1
10-03 18:04:46.738  2142  2142 I DigitalWidgetProvider: onReceive: Intent { act=android.intent.action.TIMEZONE_CHANGED flg=0x21200010 cmp=com.android.deskclock/com.android.alarmclock.DigitalAppWidgetProvider (has extras) }
10-03 18:04:46.753  2249  2249 I Dialer  : VvmOmtpService - VVM not supported on ComponentInfo{com.android.phone/com.android.services.telephony.TelephonyConnectionService}, [26c54c33e876414d14ea2f016634d88ca51e9dac], UserHandle{0}
10-03 18:04:46.755  1872  1872 I TelecomFramework: PstnIncomingCallNotifier: Unregistering: Handler (com.android.internal.telephony.GsmCdmaPhone) {111da94}
10-03 18:04:46.780   611  1907 I Telecom : PhoneAccountRegistrar: Modify account: [ComponentInfo{com.android.phone/com.android.services.telephony.TelephonyConnectionService}, [26c54c33e876414d14ea2f016634d88ca51e9dac], UserHandle{0}(lbl: Idea -> )(desc: Idea -> )]: TSI.rPA@AEg
10-03 18:04:46.783  1872  1872 I TelecomFramework: AccountEntry: Registered phoneAccount: [[ ] PhoneAccount: ComponentInfo{com.android.phone/com.android.services.telephony.TelephonyConnectionService}, [26c54c33e876414d14ea2f016634d88ca51e9dac], UserHandle{0} Capabilities: CallProvider MultiUser PlaceEmerg SimSub  Audio Routes: BESW Schemes: tel voicemail  Extras: null GroupId: [da39a3ee5e6b4b0d3255bfef95601890afd80709]] with handle: ComponentInfo{com.android.phone/com.android.services.telephony.TelephonyConnectionService}, [26c54c33e876414d14ea2f016634d88ca51e9dac], UserHandle{0}
10-03 18:04:46.783  1872  1872 I TelecomFramework: PstnIncomingCallNotifier: Registering: Handler (com.android.internal.telephony.GsmCdmaPhone) {111da94}
10-03 18:04:46.787  1872  2903 I chatty  : uid=1001(radio) com.android.phone expire 1 line
10-03 18:04:46.792  1872  1872 I TelecomFramework: PstnPhoneCapabilitiesNotifier: handleVideoCapabilitesChanged. Video capability - false
10-03 18:04:46.804  1872  2758 I chatty  : uid=1001(radio) Binder:1872_5 expire 9 lines
10-03 18:04:46.814   611  2366 I Telecom : PhoneAccountRegistrar: Modify account: [ComponentInfo{com.android.phone/com.android.services.telephony.TelephonyConnectionService}, [26c54c33e876414d14ea2f016634d88ca51e9dac], UserHandle{0}]: TSI.rPA@AEs
10-03 18:04:47.013   611   611 D ConditionProviders.SCP: onReceive android.intent.action.TIME_SET
10-03 18:04:47.013   611   611 D ConditionProviders.SCP: notifyCondition condition://android/schedule?days=6.7&start=23.30&end=10.0&exitAtAlarm=false STATE_FALSE reason=!meetsSchedule
10-03 18:04:47.014   611   611 D ConditionProviders.SCP: notifyCondition condition://android/schedule?days=1.2.3.4.5&start=22.0&end=7.0&exitAtAlarm=false STATE_FALSE reason=!meetsSchedule
10-03 18:04:47.015   611   611 D ConditionProviders.SCP: Scheduling evaluate for Tue Oct 03 22:00:00 GMT+05:30 2017 (1507048200000), in +3h55m12s987ms, now=Tue Oct 03 18:04:47 GMT+05:30 2017 (1507034087013)
10-03 18:04:47.029   611  1737 D AlarmManagerService: Kernel timezone updated to -330 minutes west of GMT
10-03 18:04:47.033  1691  1691 D HeadsetPhoneState: sendDeviceStateChanged. mService=1 mSignal=5 mRoam=0 mBatteryCharge=2
10-03 18:04:47.042  2142  2142 I AlarmClock: AlarmInitReceiver android.intent.action.TIME_SET
10-03 18:04:47.046  2142  2208 I AlarmClock: Fixing alarm instances
10-03 18:04:47.065  2142  2208 V AlarmClock: AlarmInitReceiver finished
10-03 18:04:47.071  2142  2142 I DigitalWidgetProvider: onReceive: Intent { act=android.intent.action.TIME_SET flg=0x25200010 cmp=com.android.deskclock/com.android.alarmclock.DigitalAppWidgetProvider }
10-03 18:04:47.181  1872  2832 I chatty  : uid=1001(radio) Binder:1872_8 expire 4 lines
10-03 18:04:47.203  1872  2721 I chatty  : uid=1001(radio) Binder:1872_4 expire 8 lines
10-03 18:04:47.214  1872  2720 I chatty  : uid=1001(radio) Binder:1872_3 expire 12 lines
10-03 18:04:47.216  1872  2830 I chatty  : uid=1001(radio) Binder:1872_6 expire 4 lines
10-03 18:04:47.274   207   277 D ThermalDaemon: Sensor 'batt_therm' - alarm raised 2 at 37.4 degC
10-03 18:04:47.275   207   277 D ThermalDaemon: ACTION: CPU - Setting CPU[0] to 1296000
10-03 18:04:47.275   207   277 D ThermalDaemon: ACTION: CPU - Setting CPU[1] to 1296000
10-03 18:04:47.275   207   277 D ThermalDaemon: ACTION: CPU - Setting CPU[2] to 1296000
10-03 18:04:47.276   207   277 D ThermalDaemon: ACTION: CPU - Setting CPU[3] to 1296000
10-03 18:04:47.276   207   277 D ThermalDaemon: ACTION: GPU - Setting GPU[0] to 325000000
10-03 18:04:47.277   207   277 D ThermalDaemon: ACTION: LCD - Setting max LCD brightness to 215
10-03 18:04:47.388   225   225 I chatty  : uid=1001(radio) /vendor/bin/hw/rild expire 10 lines
10-03 18:04:47.494   611  2182 D AlarmManagerService: Kernel timezone updated to -330 minutes west of GMT
10-03 18:04:47.499   611  2356 D AlarmManagerService: Setting time of day to sec=1507034087
10-03 18:04:47.534   611  2369 D AlarmManagerService: Kernel timezone updated to -330 minutes west of GMT
10-03 18:04:47.537   611  2303 D AlarmManagerService: Setting time of day to sec=1507034087
10-03 18:04:47.603   611  2303 I ActivityManager: Killing 2418:com.android.keychain/1000 (adj 906): empty #17
10-03 18:04:47.784  2349  2355 I chatty  : uid=10010(u0_a10) Jit thread pool expire 3 lines
10-03 18:04:48.450  2951  2951 I chatty  : uid=1027(nfc) /vendor/bin/hw/android.hardware.nfc@1.0-service expire 3 lines
10-03 18:04:48.633  2809  2829 D CellBroadcastOtherChannelsManager: No additional channels configured. subId = 1
10-03 18:04:48.636  2809  2829 D CellBroadcastConfigService: Enable CellBroadcast on sub 1
10-03 18:04:48.724  1872  2831 I chatty  : uid=1001(radio) Binder:1872_7 expire 7 lines
10-03 18:04:49.032  2953  2953 E linker  : "/system/vendor/lib/libmmjpeg.so" has text relocations
10-03 18:04:49.033  2953  2953 F libc    : CANNOT LINK EXECUTABLE "/vendor/bin/mm-qcamera-daemon": "/system/vendor/lib/libmmjpeg.so" has text relocations
10-03 18:04:49.033  2953  2953 F libc    : Fatal signal 6 (SIGABRT), code -6 in tid 2953 (mm-qcamera-daem)
10-03 18:04:49.033   611   691 I ActivityManager: Killing 2390:com.android.launcher3:wallpaper_chooser/u0a14 (adj 906): empty #17
10-03 18:04:49.070  2956  2956 I crash_dump32: obtaining output fd from tombstoned
10-03 18:04:49.070   242   242 I /system/bin/tombstoned: received crash request for pid 2953
10-03 18:04:49.071  2956  2956 I crash_dump32: performing dump of process 2953 (target tid = 2953)
10-03 18:04:49.071  2953  2953 F libc    : failed to resend signal during crash: Operation not permitted
10-03 18:04:49.072  2956  2956 E DEBUG   : unexpected waitpid response: n=2953, status=00000100
10-03 18:04:49.073   242   242 W /system/bin/tombstoned: crash socket received short read of length 0 (expected 8)
10-03 18:04:49.078   611   699 I BootReceiver: Copying /data/tombstones/tombstone_06 to DropBox (SYSTEM_TOMBSTONE)
10-03 18:04:49.284  1691  1691 D HeadsetPhoneState: sendDeviceStateChanged. mService=1 mSignal=5 mRoam=0 mBatteryCharge=2
10-03 18:04:49.968   611  1907 I ActivityManager: START u0 {act=android.intent.action.MAIN cat=[android.intent.category.LAUNCHER] flg=0x10200000 cmp=com.android.settings/.Settings bnds=[567,626][750,846]} from uid 10014
10-03 18:04:49.980   611  1664 I AudioTrack: AUDIO_OUTPUT_FLAG_FAST successful; frameCount 4512 -> 4512
10-03 18:04:50.107   206  2966 D DHCP    : ===== DHCP message:
10-03 18:04:50.108   206  2966 D DHCP    : op = BOOTREQUEST (1), htype = 1, hlen = 6, hops = 0
10-03 18:04:50.108   206  2966 D DHCP    : xid = 0x09e40200 secs = 0, flags = 0x8000 optlen = 14
10-03 18:04:50.108   206  2966 D DHCP    : ciaddr = 0.0.0.0
10-03 18:04:50.108   206  2966 D DHCP    : yiaddr = 0.0.0.0
10-03 18:04:50.108   206  2966 D DHCP    : siaddr = 0.0.0.0
10-03 18:04:50.108   206  2966 D DHCP    : giaddr = 0.0.0.0
10-03 18:04:50.108   206  2966 D DHCP    : chaddr = { 00  00  00  00  00  00 }
10-03 18:04:50.108   206  2966 D DHCP    : sname = ''
10-03 18:04:50.108   206  2966 D DHCP    : file = ''
10-03 18:04:50.108   206  2966 D DHCP    : op 53 len 1 { 01 } discover
10-03 18:04:50.108   206  2966 D DHCP    : op 55 len 4 { 01  03  06  1c } 
10-03 18:04:50.115   206  2966 D DHCP    : ===== DHCP message:
10-03 18:04:50.115   206  2966 D DHCP    : op = BOOTREPLY (2), htype = 1, hlen = 6, hops = 0
10-03 18:04:50.115   206  2966 D DHCP    : xid = 0x09e40200 secs = 0, flags = 0x8000 optlen = 42
10-03 18:04:50.115   206  2966 D DHCP    : ciaddr = 0.0.0.0
10-03 18:04:50.115   206  2966 D DHCP    : yiaddr = 100.112.248.97
10-03 18:04:50.115   206  2966 D DHCP    : siaddr = 100.112.248.98
10-03 18:04:50.115   206  2966 D DHCP    : giaddr = 0.0.0.0
10-03 18:04:50.115   206  2966 D DHCP    : chaddr = { 00  00  00  00  00  00 }
10-03 18:04:50.115   206  2966 D DHCP    : sname = ''
10-03 18:04:50.115   206  2966 D DHCP    : file = ''
10-03 18:04:50.115   206  2966 D DHCP    : op 53 len 1 { 02 } offer
10-03 18:04:50.115   206  2966 D DHCP    : op 1 len 4 { ff  ff  ff  fc } 
10-03 18:04:50.116   206  2966 D DHCP    : op 3 len 4 { 64  70  f8  62 } 
10-03 18:04:50.116   206  2966 D DHCP    : op 6 len 8 { 70  6e  f9  c1  70  6e  f9  c7 } 
10-03 18:04:50.116   206  2966 D DHCP    : op 51 len 4 { 00  00  1c  20 } 
10-03 18:04:50.116   206  2966 D DHCP    : op 54 len 4 { 64  70  f8  62 } 
10-03 18:04:50.116   206  2966 D DHCP    : --- dhcp offer (2) ---
10-03 18:04:50.116   206  2966 D DHCP    : ip 100.112.248.97 gw 100.112.248.98 prefixLength 30
10-03 18:04:50.116   206  2966 D DHCP    : dns1: 112.110.249.193
10-03 18:04:50.116   206  2966 D DHCP    : dns2: 112.110.249.199
10-03 18:04:50.116   206  2966 D DHCP    : server 100.112.248.98, lease 7200 seconds
10-03 18:04:50.116   206  2966 D DHCP    : ===== DHCP message:
10-03 18:04:50.116   206  2966 D DHCP    : op = BOOTREQUEST (1), htype = 1, hlen = 6, hops = 0
10-03 18:04:50.116   206  2966 D DHCP    : xid = 0x0ae40200 secs = 0, flags = 0x8000 optlen = 26
10-03 18:04:50.116   206  2966 D DHCP    : ciaddr = 0.0.0.0
10-03 18:04:50.116   206  2966 D DHCP    : yiaddr = 0.0.0.0
10-03 18:04:50.116   206  2966 D DHCP    : siaddr = 0.0.0.0
10-03 18:04:50.116   206  2966 D DHCP    : giaddr = 0.0.0.0
10-03 18:04:50.116   206  2966 D DHCP    : chaddr = { 00  00  00  00  00  00 }
10-03 18:04:50.116   206  2966 D DHCP    : sname = ''
10-03 18:04:50.116   206  2966 D DHCP    : file = ''
10-03 18:04:50.116   206  2966 D DHCP    : op 53 len 1 { 03 } request
10-03 18:04:50.116   206  2966 D DHCP    : op 55 len 4 { 01  03  06  1c } 
10-03 18:04:50.116   206  2966 D DHCP    : op 50 len 4 { 64  70  f8  61 } 
10-03 18:04:50.116   206  2966 D DHCP    : op 54 len 4 { 64  70  f8  62 } 
10-03 18:04:50.123   206  2966 D DHCP    : ===== DHCP message:
10-03 18:04:50.123   206  2966 D DHCP    : op = BOOTREPLY (2), htype = 1, hlen = 6, hops = 0
10-03 18:04:50.123   206  2966 D DHCP    : xid = 0x0ae40200 secs = 0, flags = 0x8000 optlen = 42
10-03 18:04:50.123   206  2966 D DHCP    : ciaddr = 0.0.0.0
10-03 18:04:50.123   206  2966 D DHCP    : yiaddr = 100.112.248.97
10-03 18:04:50.123   206  2966 D DHCP    : siaddr = 100.112.248.98
10-03 18:04:50.123   206  2966 D DHCP    : giaddr = 0.0.0.0
10-03 18:04:50.123   206  2966 D DHCP    : chaddr = { 00  00  00  00  00  00 }
10-03 18:04:50.123   206  2966 D DHCP    : sname = ''
10-03 18:04:50.123   206  2966 D DHCP    : file = ''
10-03 18:04:50.123   206  2966 D DHCP    : op 53 len 1 { 05 } ack
10-03 18:04:50.123   206  2966 D DHCP    : op 1 len 4 { ff  ff  ff  fc } 
10-03 18:04:50.123   206  2966 D DHCP    : op 3 len 4 { 64  70  f8  62 } 
10-03 18:04:50.123   206  2966 D DHCP    : op 6 len 8 { 70  6e  f9  c1  70  6e  f9  c7 } 
10-03 18:04:50.123   206  2966 D DHCP    : op 54 len 4 { 64  70  f8  62 } 
10-03 18:04:50.123   206  2966 D DHCP    : op 51 len 4 { 00  00  1c  20 } 
10-03 18:04:50.123   206  2966 D DHCP    : --- dhcp ack (5) ---
10-03 18:04:50.123   206  2966 D DHCP    : ip 100.112.248.97 gw 100.112.248.98 prefixLength 30
10-03 18:04:50.124   206  2966 D DHCP    : dns1: 112.110.249.193
10-03 18:04:50.124   206  2966 D DHCP    : dns2: 112.110.249.199
10-03 18:04:50.124   206  2966 D DHCP    : server 100.112.248.98, lease 7200 seconds
10-03 18:04:50.124   206  2966 D DHCP    : configuring rmnet_usb0
10-03 18:04:50.229  1916  2978 I chatty  : uid=1000(system) com.android.settings expire 5 lines
10-03 18:04:50.283  1916  2981 I chatty  : uid=1000(system) com.android.settings expire 13 lines
10-03 18:04:50.306   213  2983 E msm8960_platform: platform_get_snd_device_acdb_id: Not implemented
10-03 18:04:50.306   213  2983 D audio_hw_primary: select_devices: changing use case low-latency-playback output device from(0: none, acdb -1) to (2: speaker, acdb -38)
10-03 18:04:50.306   213  2983 D ACDB-LOADER: ACDB -> send_afe_cal
10-03 18:04:50.306   213  2983 D audio_hw_primary: enable_snd_device: snd_device(2: speaker)
10-03 18:04:50.314   213  2983 D audio_hw_primary: enable_audio_route: usecase(1) apply and update mixer path: low-latency-playback
10-03 18:04:50.370   611  2175 D PackageManager: Ephemeral installer not found with new action; try old one
10-03 18:04:50.370   611  2175 D PackageManager: Clear ephemeral installer activity
10-03 18:04:50.390  1916  2986 I chatty  : uid=1000(system) com.android.settings expire 12 lines
10-03 18:04:50.749   611   702 I ActivityManager: Displayed com.android.settings/.Settings: +744ms
10-03 18:04:51.143   611  2369 D PackageManager: Ephemeral installer not found with new action; try old one
10-03 18:04:51.143   611  2369 D PackageManager: Clear ephemeral installer activity
10-03 18:04:51.145   611  1737 D PackageManager: Ephemeral installer not found with new action; try old one
10-03 18:04:51.145   611  1737 D PackageManager: Clear ephemeral installer activity
10-03 18:04:51.147   611  2179 D PackageManager: Ephemeral installer not found with new action; try old one
10-03 18:04:51.147   611  2179 D PackageManager: Clear ephemeral installer activity
10-03 18:04:51.148   611  2369 D PackageManager: Ephemeral installer not found with new action; try old one
10-03 18:04:51.148   611  2369 D PackageManager: Clear ephemeral installer activity
10-03 18:04:51.149   611  2182 D PackageManager: Ephemeral installer not found with new action; try old one
10-03 18:04:51.150   611  2182 D PackageManager: Clear ephemeral installer activity
10-03 18:04:51.151   611  2175 D PackageManager: Ephemeral installer not found with new action; try old one
10-03 18:04:51.152   611  2175 D PackageManager: Clear ephemeral installer activity
10-03 18:04:51.153   611  1730 D PackageManager: Ephemeral installer not found with new action; try old one
10-03 18:04:51.153   611  1730 D PackageManager: Clear ephemeral installer activity
10-03 18:04:51.155   611  2182 D PackageManager: Ephemeral installer not found with new action; try old one
10-03 18:04:51.155   611  2182 D PackageManager: Clear ephemeral installer activity
10-03 18:04:51.156   611  2366 D PackageManager: Ephemeral installer not found with new action; try old one
10-03 18:04:51.156   611  2366 D PackageManager: Clear ephemeral installer activity
10-03 18:04:51.165   611  2366 D PackageManager: Ephemeral installer not found with new action; try old one
