--------- beginning of main
10-03 09:45:39.419   162   162 W auditd  : type=2000 audit(0.0:1): initialized
10-03 09:45:40.560   162   162 I auditd  : type=1403 audit(0.0:2): policy loaded auid=4294967295 ses=4294967295
10-03 09:45:40.570   162   162 W auditd  : type=1404 audit(0.0:3): enforcing=1 old_enforcing=0 auid=4294967295 ses=4294967295
10-03 09:45:41.430   152   152 W e2fsck  : type=1400 audit(0.0:4): avc: granted { getattr } for path="/vendor" dev="rootfs" ino=4768 scontext=u:r:fsck:s0 tcontext=u:object_r:rootfs:s0 tclass=lnk_file
10-03 09:45:41.520   157   157 W e2fsck  : type=1400 audit(0.0:5): avc: granted { getattr } for path="/vendor" dev="rootfs" ino=4768 scontext=u:r:fsck:s0 tcontext=u:object_r:rootfs:s0 tclass=lnk_file
10-03 09:45:41.676     0   165 I SELinux : SELinux: Loaded service_contexts from:
10-03 09:45:41.682     0   165 I SELinux :     /vndservice_contexts
10-03 09:45:41.693     0   163 I SELinux : SELinux: Loaded service_contexts from:
10-03 09:45:41.694     0   163 I SELinux :     /plat_service_contexts
10-03 09:45:41.694     0   163 I SELinux :     /nonplat_service_contexts
10-03 09:45:41.752   164   164 E hwservicemanager: BINDER_SET_INHERIT_FIFO_PRIO failed with error -1
--------- beginning of system
10-03 09:45:41.869   171   171 I vold    : Vold 3.0 (the awakening) firing up
10-03 09:45:41.869   171   171 V vold    : Detected support for: ext4 f2fs vfat
10-03 09:45:41.874   171   171 I vold    : [libfs_mgr]fs_mgr_read_fstab_dt(): failed to read fstab from dt
10-03 09:45:41.885   171   177 D vold    : e4crypt_init_user0
10-03 09:45:41.885   171   177 D vold    : e4crypt_prepare_user_storage for volume null, user 0, serial 0, flags 1
10-03 09:45:41.885   171   177 D vold    : Preparing: /data/system/users/0
10-03 09:45:41.885   171   177 D vold    : Preparing: /data/misc/profiles/cur/0
10-03 09:45:41.886   171   177 D vold    : Preparing: /data/system_de/0
10-03 09:45:41.886   171   177 D vold    : Preparing: /data/misc_de/0
10-03 09:45:41.886   171   177 D vold    : Preparing: /data/user_de/0
10-03 09:45:41.886   171   177 D vold    : e4crypt_unlock_user_key 0 serial=0 token_present=0
10-03 09:45:41.886   171   177 E vold    : Failed to chmod /data/system_ce/0: No such file or directory
10-03 09:45:41.887   171   177 E vold    : Failed to chmod /data/misc_ce/0: No such file or directory
10-03 09:45:44.313   178   178 I /system/bin/tzdatacheck: timezone distro dir /data/misc/zoneinfo/current does not exist. No action required.
10-03 09:45:44.723   184   184 W netd    : type=1400 audit(0.0:6): avc: granted { getattr } for path="/vendor" dev="rootfs" ino=4768 scontext=u:r:netd:s0 tcontext=u:object_r:rootfs:s0 tclass=lnk_file
10-03 09:45:44.828   187   187 I ServiceManagement: Removing namespace from process name android.hidl.allocator@1.0-service to allocator@1.0-s.
10-03 09:45:44.844   188   188 I ServiceManagement: Removing namespace from process name android.hardware.configstore@1.0-service to configstore@1.0.
10-03 09:45:44.872   184   184 I Netd    : Netd 1.0 starting
10-03 09:45:44.872   184   184 D TetherController: Setting IP forward enable = 0
10-03 09:45:44.883   196   196 I lowmemorykiller: Using in-kernel low memory killer interface
10-03 09:45:44.892   194   194 I kickstart-qcks: PARAMETER VALUES
10-03 09:45:44.892   194   194 I kickstart-qcks: COMPORT_DLOAD=/dev/ttyHSL1
10-03 09:45:44.892   194   194 I kickstart-qcks: COMPORT_SAHARA=/dev/ks_hsic_bridge
10-03 09:45:44.893   194   194 I kickstart-qcks: PATHTOIMAGES=/firmware/image/
10-03 09:45:44.893   194   194 I kickstart-qcks: PATHFORRAMDUMP=/data/tombstones/mdm/
10-03 09:45:44.893   194   194 I kickstart-qcks: EFSRAW1=/dev/block/platform/msm_sdcc.1/by-name/m9kefs1
10-03 09:45:44.893   194   194 I kickstart-qcks: EFSRAW2=/dev/block/platform/msm_sdcc.1/by-name/m9kefs2
10-03 09:45:44.893   194   194 I kickstart-qcks: EFSRAW3=/dev/block/platform/msm_sdcc.1/by-name/m9kefs3
10-03 09:45:44.893   194   194 I kickstart-qcks: Header1=efs1.mbn
10-03 09:45:44.893   194   194 I kickstart-qcks: Header2=efs2.mbn
10-03 09:45:44.893   194   194 I kickstart-qcks: Header3=efs3.mbn
10-03 09:45:44.893   194   194 I kickstart-qcks: Testing if port "/dev/mdm" exists
10-03 09:45:44.893   194   194 I kickstart-qcks: Trying to bring MDM9K out of reset
10-03 09:45:44.903   193   193 E rmt_storage: Remote storage service is not supported on mdm target
10-03 09:45:44.903   195   195 D QSEECOMD: : qseecom listener services process entry PPID = 1
10-03 09:45:44.904   195   195 D QSEECOMD: : Parent qseecom daemon process paused!! 
10-03 09:45:44.904   209   209 I bdAddrLoader: option : f=/persist/bluetooth/.bdaddr
10-03 09:45:44.904   209   209 I bdAddrLoader: option : h
10-03 09:45:44.904   209   209 I bdAddrLoader: option : x
10-03 09:45:44.904   209   209 I bdAddrLoader: Read From /persist/bluetooth/.bdaddr by Path type(0x11), Data type (0x21)
10-03 09:45:44.910   222   222 D QSEECOMD: : QSEECOM DAEMON RUNNING 
10-03 09:45:44.910   222   222 D QSEECOMD: : qseecom listener service threads starting!!! 
10-03 09:45:44.910   222   222 D QSEECOMD: : Total listener services to start = 2
10-03 09:45:44.913   214   214 W keystore: type=1400 audit(0.0:7): avc: granted { getattr } for path="/vendor" dev="rootfs" ino=4768 scontext=u:r:keystore:s0 tcontext=u:object_r:rootfs:s0 tclass=lnk_file
10-03 09:45:44.916   209   209 I bdAddrLoader: Output Data type(0x22), bPrintout(1), bPath((null))
10-03 09:45:44.916   209   209 I bdAddrLoader: Loaded Data type(0x21)
10-03 09:45:44.916   209   209 I bdAddrLoader: hex_to_ascii() - converted Data (10683FDBCC67)
10-03 09:45:44.925   222   222 D QSEECOMD: : Init dlopen(libdrmtime.so, RTLD_NOW) succeeds
10-03 09:45:44.925   222   222 D QSEECOMD: : Init::Init dlsym(g_FSHandle atime_start) succeeds
10-03 09:45:44.925   222   222 D QSEECOMAPI: : QSEECom_register_listener 11 sb_length = 0x5000
10-03 09:45:44.926   222   222 D QSEECOMD: : Init atime_start ret = 0
10-03 09:45:44.926   222   222 D QSEECOMD: : time services: Started
10-03 09:45:44.926   222   222 D QSEECOMD: : Init dlopen(libdrmfs.so, RTLD_NOW) succeeds
10-03 09:45:44.927   222   222 D QSEECOMD: : Init::Init dlsym(g_FSHandle fs_start) succeeds
10-03 09:45:44.927   222   222 D QSEECOMAPI: : QSEECom_register_listener 10 sb_length = 0x5000
10-03 09:45:44.927   222   222 D QSEECOMD: : Init fs_start ret = 0
10-03 09:45:44.927   222   222 D QSEECOMD: : file system services: Started
10-03 09:45:44.946   190   190 I ServiceManagement: Removing namespace from process name android.hardware.usb@1.0-service to usb@1.0-service.
10-03 09:45:44.953   227   227 W iptables-restor: type=1400 audit(0.0:8): avc: granted { getattr } for path="/vendor" dev="rootfs" ino=4768 scontext=u:r:netd:s0 tcontext=u:object_r:rootfs:s0 tclass=lnk_file
10-03 09:45:44.957   207   207 I ANDR-PERF-LOCK: Listener starting
10-03 09:45:44.958   207   207 I MP-Decision: MPDecision server starting
10-03 09:45:44.960   207   207 I MP-Decision: OPTION ENABLED: Control sleep modes
10-03 09:45:44.960   207   207 I MP-Decision: OPTION ENABLED: Adjusting average
10-03 09:45:44.960   207   207 I MP-Decision: Decision parameters CPU 0: Nw=0.000000, Tw=0, Ns=0.000000, Ts=0
10-03 09:45:44.960   207   207 I MP-Decision: util_h_and=0, util_h_or=0, util_low=0
10-03 09:45:44.960   207   207 I MP-Decision: Decision parameters CPU 1: Nw=1.900000, Tw=140, Ns=1.100000, Ts=190
10-03 09:45:44.960   207   207 I MP-Decision: util_h_and=35, util_h_or=75, util_low=20
10-03 09:45:44.960   207   207 I MP-Decision: Decision parameters CPU 2: Nw=2.700000, Tw=90, Ns=2.100000, Ts=240
10-03 09:45:44.960   207   207 I MP-Decision: util_h_and=0, util_h_or=400, util_low=0
10-03 09:45:44.960   207   207 I MP-Decision: Decision parameters CPU 3: Nw=3.500000, Tw=90, Ns=3.100000, Ts=240
10-03 09:45:44.960   207   207 I MP-Decision: util_h_and=0, util_h_or=400, util_low=0
10-03 09:45:44.960   207   207 I MP-Decision: Decision parameters: poll_ms: 9 decision_ms: 50
10-03 09:45:44.973   213   213 I installd: installd firing up
10-03 09:45:44.975   190   190 I android.hardware.usb@1.0-service: USB HAL Ready.
10-03 09:45:45.151   189   189 E android.hardware.nfc@1.0-impl: hw_get_module nfc_nci failed: -2
10-03 09:45:45.151   189   189 E android.hardware.nfc@1.0-impl: Passthrough failed to load legacy HAL.
10-03 09:45:45.151   189   189 E android.hardware.nfc@1.0-service: Could not get passthrough implementation for android.hardware.nfc@1.0::INfc/default.
10-03 09:45:45.156   204   204 E Diag_Lib:  Diag_LSM_Init: Failed to open handle to diag driver, error = 2
10-03 09:45:45.170   237   237 E Diag_Lib:  Diag_LSM_Init: Failed to open handle to diag driver, error = 2
10-03 09:45:45.171   237   237 E Sensors : sns_fsa_la.c(386):fsa: fflush failed, 9
10-03 09:45:45.171   237   237 E Sensors : sns_fsa_la.c(386):fsa: fflush failed, 9
10-03 09:45:45.173   205   205 E Diag_Lib:  Diag_LSM_Init: Failed to open handle to diag driver, error = 2
10-03 09:45:45.181   164   164 W /system/bin/hwservicemanager: getTransportFromManifest: Cannot find entry android.hardware.health@1.0::IHealth in either framework or device manifest, using default transport.
10-03 09:45:45.184   206   206 D ThermalDaemon: Thermal daemon started
10-03 09:45:45.192   224   224 I wificond: wificond is starting up...
10-03 09:45:45.201   191   191 I android.hardware.wifi@1.0-service: Wifi Hal is starting up...
10-03 09:45:45.201   191   191 I ServiceManagement: Removing namespace from process name android.hardware.wifi@1.0-service to wifi@1.0-servic.
10-03 09:45:45.215   206   206 D ThermalDaemon: Number of gpus :1
10-03 09:45:45.216   206   264 E Diag_Lib:  Diag_LSM_Init: Failed to open handle to diag driver, error = 2
10-03 09:45:45.223   248   248 W ip6tables-resto: type=1400 audit(0.0:9): avc: granted { getattr } for path="/vendor" dev="rootfs" ino=4768 scontext=u:r:netd:s0 tcontext=u:object_r:rootfs:s0 tclass=lnk_file
10-03 09:45:45.229   206   272 D ThermalDaemon: Sensor 'tsens_tz_sensor0' - alarm raised 1 at 54.0 degC
10-03 09:45:45.231   247   247 I /system/bin/tombstoned: tombstoned successfully initialized
10-03 09:45:45.243   286   286 W iptables: type=1400 audit(0.0:10): avc: granted { getattr } for path="/vendor" dev="rootfs" ino=4768 scontext=u:r:netd:s0 tcontext=u:object_r:rootfs:s0 tclass=lnk_file
10-03 09:45:45.263   287   287 W ip6tables: type=1400 audit(0.0:11): avc: granted { getattr } for path="/vendor" dev="rootfs" ino=4768 scontext=u:r:netd:s0 tcontext=u:object_r:rootfs:s0 tclass=lnk_file
10-03 09:45:45.273   289   289 W iptables: type=1400 audit(0.0:12): avc: granted { getattr } for path="/vendor" dev="rootfs" ino=4768 scontext=u:r:netd:s0 tcontext=u:object_r:rootfs:s0 tclass=lnk_file
10-03 09:45:45.293   290   290 W ip6tables: type=1400 audit(0.0:13): avc: granted { getattr } for path="/vendor" dev="rootfs" ino=4768 scontext=u:r:netd:s0 tcontext=u:object_r:rootfs:s0 tclass=lnk_file
10-03 09:45:45.313   292   292 W iptables: type=1400 audit(0.0:14): avc: granted { getattr } for path="/vendor" dev="rootfs" ino=4768 scontext=u:r:netd:s0 tcontext=u:object_r:rootfs:s0 tclass=lnk_file
10-03 09:45:45.333   293   293 W ip6tables: type=1400 audit(0.0:15): avc: granted { getattr } for path="/vendor" dev="rootfs" ino=4768 scontext=u:r:netd:s0 tcontext=u:object_r:rootfs:s0 tclass=lnk_file
10-03 09:45:45.363   295   295 W iptables: type=1400 audit(0.0:16): avc: granted { getattr } for path="/vendor" dev="rootfs" ino=4768 scontext=u:r:netd:s0 tcontext=u:object_r:rootfs:s0 tclass=lnk_file
10-03 09:45:45.393   296   296 W ip6tables: type=1400 audit(0.0:17): avc: granted { getattr } for path="/vendor" dev="rootfs" ino=4768 scontext=u:r:netd:s0 tcontext=u:object_r:rootfs:s0 tclass=lnk_file
10-03 09:45:45.423   302   302 W iptables: type=1400 audit(0.0:18): avc: granted { getattr } for path="/vendor" dev="rootfs" ino=4768 scontext=u:r:netd:s0 tcontext=u:object_r:rootfs:s0 tclass=lnk_file
10-03 09:45:45.425   240   240 I gatekeeperd: Starting gatekeeperd...
10-03 09:45:45.427   237   298 W Sensors : sns_smr_la.c(446):smr_la: smr_apps_la_thread_main is starting, fd=10, sns_smr.en_rx_msg_ptr=b36f8a08
10-03 09:45:45.427   238   238 E linker  : "/system/vendor/lib/libmmjpeg.so" has text relocations
10-03 09:45:45.428   164   164 W /system/bin/hwservicemanager: getTransportFromManifest: Cannot find entry android.hardware.gatekeeper@1.0::IGatekeeper in either framework or device manifest, using default transport.
--------- beginning of crash
10-03 09:45:45.428   238   238 F libc    : CANNOT LINK EXECUTABLE "/vendor/bin/mm-qcamera-daemon": "/system/vendor/lib/libmmjpeg.so" has text relocations
10-03 09:45:45.428   238   238 F libc    : Fatal signal 6 (SIGABRT), code -6 in tid 238 (mm-qcamera-daem)
10-03 09:45:45.431   240   240 W gatekeeperd: falling back to software GateKeeper
10-03 09:45:45.431   240   240 I gatekeeperd: cold boot: clearing state
10-03 09:45:45.440   288   288 I WifiUtil: Intf0MacAddress=000AF58989FF
10-03 09:45:45.440   288   288 E WifiUtil: Change Intf0MacAddress=E892A4983175
10-03 09:45:45.453   303   303 W ip6tables: type=1400 audit(0.0:19): avc: granted { getattr } for path="/vendor" dev="rootfs" ino=4768 scontext=u:r:netd:s0 tcontext=u:object_r:rootfs:s0 tclass=lnk_file
10-03 09:45:45.453   164   164 W /system/bin/hwservicemanager: getTransportFromManifest: Cannot find entry android.hardware.keymaster@3.0::IKeymasterDevice in either framework or device manifest, using default transport.
10-03 09:45:45.473   304   304 W iptables: type=1400 audit(0.0:20): avc: granted { getattr } for path="/vendor" dev="rootfs" ino=4768 scontext=u:r:netd:s0 tcontext=u:object_r:rootfs:s0 tclass=lnk_file
10-03 09:45:45.491   214   214 I android.hardware.keymaster@3.0-impl: Fetching keymaster device name default
10-03 09:45:45.493   306   306 W ip6tables: type=1400 audit(0.0:21): avc: granted { getattr } for path="/vendor" dev="rootfs" ino=4768 scontext=u:r:netd:s0 tcontext=u:object_r:rootfs:s0 tclass=lnk_file
10-03 09:45:45.513   308   308 W iptables: type=1400 audit(0.0:22): avc: granted { getattr } for path="/vendor" dev="rootfs" ino=4768 scontext=u:r:netd:s0 tcontext=u:object_r:rootfs:s0 tclass=lnk_file
10-03 09:45:45.520   307   307 I crash_dump32: obtaining output fd from tombstoned
10-03 09:45:45.521   247   247 I /system/bin/tombstoned: received crash request for pid 238
10-03 09:45:45.522   307   307 I crash_dump32: performing dump of process 238 (target tid = 238)
10-03 09:45:45.523   238   238 F libc    : failed to resend signal during crash: Operation not permitted
10-03 09:45:45.526   247   247 W /system/bin/tombstoned: crash socket received short read of length 0 (expected 8)
10-03 09:45:45.531   214   214 I android.hardware.keymaster@3.0-impl: Found keymaster0 module Keymaster QCOM HAL, version 3
10-03 09:45:45.532   214   214 D QSEECOMAPI: : QSEECom_start_app sb_length = 0x2000
10-03 09:45:45.533   214   214 D QSEECOMAPI: : App is not loaded in QSEE
10-03 09:45:45.539   288   288 I WifiUtil: We don't need to write the default value for NvFilelds
10-03 09:45:45.543   309   309 W ip6tables: type=1400 audit(0.0:23): avc: granted { getattr } for path="/vendor" dev="rootfs" ino=4768 scontext=u:r:netd:s0 tcontext=u:object_r:rootfs:s0 tclass=lnk_file
10-03 09:45:45.550   215   215 I mediaserver: ServiceManager: 0xb54174a0
10-03 09:45:45.584   184   184 I Netd    : Creating child chains: 664.0ms
10-03 09:45:45.584   184   184 I Netd    : Setting up OEM hooks: 0.2ms
10-03 09:45:45.591   184   184 I Netd    : Setting up FirewallController hooks: 6.5ms
10-03 09:45:45.594   184   184 I Netd    : Setting up NatController hooks: 3.7ms
10-03 09:45:45.598   184   184 I Netd    : Setting up BandwidthController hooks: 3.4ms
10-03 09:45:45.598   184   184 I Netd    : Setting up IdletimerController hooks: 0.1ms
10-03 09:45:45.605   184   184 I Netd    : Disabling bandwidth control: 6.8ms
10-03 09:45:45.608   184   184 I Netd    : Initializing RouteController: 3.4ms
10-03 09:45:45.609   226   226 E Diag_Lib:  Diag_LSM_Init: Failed to open handle to diag driver, error = 2
10-03 09:45:45.612   184   184 D MDnsDS  : MDnsSdListener::Hander starting up
10-03 09:45:45.613   184   319 D MDnsDS  : MDnsSdListener starting to monitor
10-03 09:45:45.613   184   319 D MDnsDS  : Going to poll with pollCount 1
10-03 09:45:45.614   184   184 I Netd    : Registering NetdNativeService: 1.4ms
10-03 09:45:45.614   184   184 I Netd    : Starting CommandListener: 0.2ms
10-03 09:45:45.614   184   184 I Netd    : Netd started in 742ms
10-03 09:45:45.617   226   311 E Diag_Lib:  Diag_LSM_Init: Failed to open handle to diag driver, error = 2
10-03 09:45:45.652   214   214 D QSEECOMAPI: : Loaded image: APP id = 1
10-03 09:45:45.652   214   214 D android.hardware.keymaster@3.0-impl: Wrapping keymaster0 module Keymaster QCOM HAL with SoftKeymasterDevice
10-03 09:45:45.713   164   164 W /system/bin/hwservicemanager: getTransportFromManifest: Cannot find entry android.hardware.configstore@1.0::ISurfaceFlingerConfigs in either framework or device manifest, using default transport.
10-03 09:45:45.722   197   197 I /system/bin/surfaceflinger: android::hardware::configstore::V1_0::ISurfaceFlingerConfigs::maxFrameBufferAcquiredBuffers retrieved: 2 (default)
10-03 09:45:45.723   164   164 W /system/bin/hwservicemanager: getTransportFromManifest: Cannot find entry android.hardware.configstore@1.0::ISurfaceFlingerConfigs in either framework or device manifest, using default transport.
10-03 09:45:45.724   197   197 I /system/bin/surfaceflinger: android::hardware::configstore::V1_0::ISurfaceFlingerConfigs::startGraphicsAllocatorService retrieved: 0
10-03 09:45:45.726   197   197 I SurfaceFlinger: SurfaceFlinger is starting
10-03 09:45:45.727   164   164 W /system/bin/hwservicemanager: getTransportFromManifest: Cannot find entry android.hardware.configstore@1.0::ISurfaceFlingerConfigs in either framework or device manifest, using default transport.
10-03 09:45:45.728   197   197 I /system/bin/surfaceflinger: android::hardware::configstore::V1_0::ISurfaceFlingerConfigs::vsyncEventPhaseOffsetNs retrieved: 1000000 (default)
10-03 09:45:45.729   164   164 W /system/bin/hwservicemanager: getTransportFromManifest: Cannot find entry android.hardware.configstore@1.0::ISurfaceFlingerConfigs in either framework or device manifest, using default transport.
10-03 09:45:45.732   197   197 I /system/bin/surfaceflinger: android::hardware::configstore::V1_0::ISurfaceFlingerConfigs::vsyncSfEventPhaseOffsetNs retrieved: 1000000 (default)
10-03 09:45:45.733   164   164 W /system/bin/hwservicemanager: getTransportFromManifest: Cannot find entry android.hardware.configstore@1.0::ISurfaceFlingerConfigs in either framework or device manifest, using default transport.
10-03 09:45:45.734   197   197 I /system/bin/surfaceflinger: android::hardware::configstore::V1_0::ISurfaceFlingerConfigs::maxVirtualDisplaySize retrieved: 0 (default)
10-03 09:45:45.735   164   164 W /system/bin/hwservicemanager: getTransportFromManifest: Cannot find entry android.hardware.configstore@1.0::ISurfaceFlingerConfigs in either framework or device manifest, using default transport.
10-03 09:45:45.736   197   197 I /system/bin/surfaceflinger: android::hardware::configstore::V1_0::ISurfaceFlingerConfigs::hasSyncFramework retrieved: 1
10-03 09:45:45.736   164   164 W /system/bin/hwservicemanager: getTransportFromManifest: Cannot find entry android.hardware.configstore@1.0::ISurfaceFlingerConfigs in either framework or device manifest, using default transport.
10-03 09:45:45.749   197   197 I /system/bin/surfaceflinger: android::hardware::configstore::V1_0::ISurfaceFlingerConfigs::useContextPriority retrieved: 0 (default)
10-03 09:45:45.750   164   164 W /system/bin/hwservicemanager: getTransportFromManifest: Cannot find entry android.hardware.configstore@1.0::ISurfaceFlingerConfigs in either framework or device manifest, using default transport.
10-03 09:45:45.752   197   197 I /system/bin/surfaceflinger: android::hardware::configstore::V1_0::ISurfaceFlingerConfigs::presentTimeOffsetFromVSyncNs retrieved: 0
10-03 09:45:45.753   164   164 W /system/bin/hwservicemanager: getTransportFromManifest: Cannot find entry android.hardware.configstore@1.0::ISurfaceFlingerConfigs in either framework or device manifest, using default transport.
10-03 09:45:45.754   197   197 I /system/bin/surfaceflinger: android::hardware::configstore::V1_0::ISurfaceFlingerConfigs::useHwcForRGBtoYUV retrieved: 0
10-03 09:45:45.754   197   197 I /system/bin/surfaceflinger: android::hardware::configstore::V1_0::ISurfaceFlingerConfigs::maxFrameBufferAcquiredBuffers retrieved: 2 (default)
10-03 09:45:45.754   197   197 I SurfaceFlinger: Enabling HWC virtual displays
10-03 09:45:45.754   197   197 I SurfaceFlinger: Disabling Triple Buffering
10-03 09:45:45.754   197   197 I SurfaceFlinger: SurfaceFlinger's main thread ready to run. Initializing graphics H/W...
10-03 09:45:45.779   197   197 I vndksupport: sphal namespace is not configured for this process. Loading /vendor/lib/egl/libEGL_adreno.so from the current namespace instead.
10-03 09:45:45.823   197   197 D libEGL  : loaded /vendor/lib/egl/libEGL_adreno.so
10-03 09:45:45.824   197   197 I vndksupport: sphal namespace is not configured for this process. Loading /vendor/lib/egl/libGLESv1_CM_adreno.so from the current namespace instead.
10-03 09:45:45.829   197   197 D libEGL  : loaded /vendor/lib/egl/libGLESv1_CM_adreno.so
10-03 09:45:45.854   197   197 I vndksupport: sphal namespace is not configured for this process. Loading /vendor/lib/egl/libGLESv2_adreno.so from the current namespace instead.
10-03 09:45:45.981   197   197 D libEGL  : loaded /vendor/lib/egl/libGLESv2_adreno.so
10-03 09:45:46.054   197   197 I Adreno-EGL: <qeglDrvAPI_eglInitialize:379>: QUALCOMM Build: 10/21/15, 369a2ea, I96aee987eb
10-03 09:45:46.059   197   197 I vndksupport: sphal namespace is not configured for this process. Loading /vendor/lib/hw/gralloc.msm8960.so from the current namespace instead.
10-03 09:45:46.075   197   197 I qdgralloc: using (fd=13)
10-03 09:45:46.075   197   197 I qdgralloc: id           = msmfb44_80601
10-03 09:45:46.075   197   197 I qdgralloc: xres         = 768 px
10-03 09:45:46.075   197   197 I qdgralloc: yres         = 1280 px
10-03 09:45:46.075   197   197 I qdgralloc: xres_virtual = 768 px
10-03 09:45:46.075   197   197 I qdgralloc: yres_virtual = 3840 px
10-03 09:45:46.075   197   197 I qdgralloc: bpp          = 32
10-03 09:45:46.075   197   197 I qdgralloc: r            = 24:8
10-03 09:45:46.075   197   197 I qdgralloc: g            = 16:8
10-03 09:45:46.075   197   197 I qdgralloc: b            =  8:8
10-03 09:45:46.075   197   197 I qdgralloc: width        = 122 mm (159.895081 dpi)
10-03 09:45:46.075   197   197 I qdgralloc: height       = 203 mm (160.157639 dpi)
10-03 09:45:46.075   197   197 I qdgralloc: refresh rate = 60.00 Hz
10-03 09:45:46.075   197   197 D qdutils : DEBUG_CALC_FPS: 0
10-03 09:45:46.075   197   197 D qdutils : period: 10
10-03 09:45:46.075   197   197 D qdutils : ignorethresh_us: 500000
10-03 09:45:46.075   197   197 D qdutils : DEBUG_CALC_FPS: 0
10-03 09:45:46.075   197   197 D qdutils : period: 10
10-03 09:45:46.075   197   197 D qdutils : ignorethresh_us: 500000
10-03 09:45:46.085   197   197 I vndksupport: sphal namespace is not configured for this process. Loading /vendor/lib/hw/hwcomposer.msm8960.so from the current namespace instead.
10-03 09:45:46.125   218   218 I mediametrics: ServiceManager: 0xa5a17520
10-03 09:45:46.125   218   218 D MediaAnalyticsService: MediaAnalyticsService created
10-03 09:45:46.125   218   218 D MediaAnalyticsService: MediaAnalyticsService::newSummarizerSet
10-03 09:45:46.165   225   225 I /vendor/bin/hw/android.hardware.media.omx@1.0-service: mediacodecservice starting
10-03 09:45:46.172   225   225 W /vendor/bin/hw/android.hardware.media.omx@1.0-service: Could not read additional policy file '/vendor/etc/seccomp_policy/mediacodec.policy'
10-03 09:45:46.172   225   225 W /vendor/bin/hw/android.hardware.media.omx@1.0-service: libminijail[225]: allowing syscall: clock_gettime
10-03 09:45:46.172   225   225 W /vendor/bin/hw/android.hardware.media.omx@1.0-service: libminijail[225]: allowing syscall: connect
10-03 09:45:46.172   225   225 W /vendor/bin/hw/android.hardware.media.omx@1.0-service: libminijail[225]: allowing syscall: fcntl64
10-03 09:45:46.172   225   225 W /vendor/bin/hw/android.hardware.media.omx@1.0-service: libminijail[225]: allowing syscall: socket
10-03 09:45:46.172   225   225 W /vendor/bin/hw/android.hardware.media.omx@1.0-service: libminijail[225]: allowing syscall: writev
10-03 09:45:46.173   225   225 W /vendor/bin/hw/android.hardware.media.omx@1.0-service: libminijail[225]: logging seccomp filter failures
10-03 09:45:46.174   225   225 I /vendor/bin/hw/android.hardware.media.omx@1.0-service: Non-Treble OMX service created.
10-03 09:45:46.230   211   211 I cameraserver: ServiceManager: 0xaa8974e0
10-03 09:45:46.230   211   211 I CameraService: CameraService started (pid=211)
10-03 09:45:46.230   211   211 I CameraService: CameraService process starting
10-03 09:45:46.231   211   211 W BatteryNotifier: batterystats service unavailable!
10-03 09:45:46.231   211   211 W BatteryNotifier: batterystats service unavailable!
10-03 09:45:46.234   164   164 W /system/bin/hwservicemanager: getTransportFromManifest: Cannot find entry android.hardware.camera.provider@2.4::ICameraProvider in either framework or device manifest, using default transport.
10-03 09:45:46.324   221   346 I /system/bin/storaged: storaged: Start
10-03 09:45:46.333   220   220 I mediaserver: ServiceManager: 0xb4897540
10-03 09:45:46.340   210   210 I FastMixerState: sMaxFastTracks = 8
10-03 09:45:46.342   210   210 I audioserver: ServiceManager: 0xb12974a0
10-03 09:45:46.342   210   210 W BatteryNotifier: batterystats service unavailable!
10-03 09:45:46.344   164   164 W /system/bin/hwservicemanager: getTransportFromManifest: Cannot find entry android.hardware.audio@2.0::IDevicesFactory in either framework or device manifest, using default transport.
10-03 09:45:46.363   211   211 I QCameraHAL: Handle base =0x0xaa28e068
10-03 09:45:46.363   211   211 I QCameraHAL: getCameraInfo: numOfCameras = 2
10-03 09:45:46.363   211   211 I QCameraHAL: Handle [0]=0x0xaa28e068
10-03 09:45:46.363   211   211 I QCameraHAL: Camera sensor 0 info:
10-03 09:45:46.363   211   211 I QCameraHAL: camera_id: 0
10-03 09:45:46.363   211   211 I QCameraHAL: modes_supported: 1
10-03 09:45:46.363   211   211 I QCameraHAL: position: 0
10-03 09:45:46.363   211   211 I QCameraHAL: sensor_mount_angle: 90
10-03 09:45:46.363   211   211 I QCameraHAL: Handle [1]=0x0xaa28e0a8
10-03 09:45:46.363   211   211 I QCameraHAL: Camera sensor 1 info:
10-03 09:45:46.363   211   211 I QCameraHAL: camera_id: 1
10-03 09:45:46.363   211   211 I QCameraHAL: modes_supported: 1
10-03 09:45:46.363   211   211 I QCameraHAL: position: 1
10-03 09:45:46.363   211   211 I QCameraHAL: sensor_mount_angle: 270
10-03 09:45:46.363   211   211 I CamProvider@2.4-impl: Loaded "Qcamera" camera module
10-03 09:45:46.363   211   211 I CamProvider@2.4-impl: setUpVendorTags: No vendor tags defined for this device.
10-03 09:45:46.363   211   211 I QCameraHAL: Handle base =0x0xaa28e068
10-03 09:45:46.363   211   211 I QCameraHAL: getCameraInfo: numOfCameras = 2
10-03 09:45:46.364   211   211 I QCameraHAL: Handle [0]=0x0xaa28e068
10-03 09:45:46.364   211   211 I QCameraHAL: Camera sensor 0 info:
10-03 09:45:46.364   211   211 I QCameraHAL: camera_id: 0
10-03 09:45:46.364   211   211 I QCameraHAL: modes_supported: 1
10-03 09:45:46.364   211   211 I QCameraHAL: position: 0
10-03 09:45:46.364   211   211 I QCameraHAL: sensor_mount_angle: 90
10-03 09:45:46.364   211   211 I QCameraHAL: Handle [1]=0x0xaa28e0a8
10-03 09:45:46.364   211   211 I QCameraHAL: Camera sensor 1 info:
10-03 09:45:46.364   211   211 I QCameraHAL: camera_id: 1
10-03 09:45:46.364   211   211 I QCameraHAL: modes_supported: 1
10-03 09:45:46.364   211   211 I QCameraHAL: position: 1
10-03 09:45:46.364   211   211 I QCameraHAL: sensor_mount_angle: 270
10-03 09:45:46.364   220   220 W BatteryNotifier: batterystats service unavailable!
10-03 09:45:46.366   211   211 I CameraProviderManager: Connecting to new camera provider: legacy/0, isRemote? 0
10-03 09:45:46.366   211   211 I CameraProviderManager: Enumerating new camera device: device@1.0/legacy/0
10-03 09:45:46.367   211   211 I QCameraHAL: Handle base =0x0xaa28e068
10-03 09:45:46.367   211   211 I QCameraHAL: getCameraInfo: numOfCameras = 2
10-03 09:45:46.367   211   211 I QCameraHAL: Handle [0]=0x0xaa28e068
10-03 09:45:46.367   211   211 I QCameraHAL: Camera sensor 0 info:
10-03 09:45:46.367   211   211 I QCameraHAL: camera_id: 0
10-03 09:45:46.367   211   211 I QCameraHAL: modes_supported: 1
10-03 09:45:46.367   211   211 I QCameraHAL: position: 0
10-03 09:45:46.367   211   211 I QCameraHAL: sensor_mount_angle: 90
10-03 09:45:46.367   211   211 I QCameraHAL: Handle [1]=0x0xaa28e0a8
10-03 09:45:46.367   211   211 I QCameraHAL: Camera sensor 1 info:
10-03 09:45:46.367   211   211 I QCameraHAL: camera_id: 1
10-03 09:45:46.367   211   211 I QCameraHAL: modes_supported: 1
10-03 09:45:46.367   211   211 I QCameraHAL: position: 1
10-03 09:45:46.367   211   211 I QCameraHAL: sensor_mount_angle: 270
10-03 09:45:46.368   164   164 W /system/bin/hwservicemanager: getTransportFromManifest: Cannot find entry android.hardware.audio.effect@2.0::IEffectsFactory in either framework or device manifest, using default transport.
10-03 09:45:46.370   211   211 I CamDev@1.0-impl: Opening camera 0
10-03 09:45:46.370   211   211 E mm-libcamera2: mm_camera_open:  opened, break out while loop
10-03 09:45:46.370   211   211 E mm-libcamera2: mm_camera_open: cannot open control fd of 'video0' Errno = 22
10-03 09:45:46.371   211   211 E QCameraHWI: startCamera: cam_ops_open failed: id = 0
10-03 09:45:46.371   211   211 I QCameraHWI: ~QCameraHardwareInterface First stop the polling threads before deleting instances
10-03 09:45:46.371   211   211 E CamDev@1.0-impl: Could not open camera 0: -19
10-03 09:45:46.371   211   211 E CameraProviderManager: DeviceInfo1: Unable to open camera device 0 to check for a flash unit: INTERNAL_ERROR
10-03 09:45:46.371   211   211 I CameraProviderManager: Enumerating new camera device: device@1.0/legacy/1
10-03 09:45:46.371   211   211 I QCameraHAL: Handle base =0x0xaa28e068
10-03 09:45:46.371   211   211 I QCameraHAL: getCameraInfo: numOfCameras = 2
10-03 09:45:46.371   211   211 I QCameraHAL: Handle [0]=0x0xaa28e068
10-03 09:45:46.371   211   211 I QCameraHAL: Camera sensor 0 info:
10-03 09:45:46.371   211   211 I QCameraHAL: camera_id: 0
10-03 09:45:46.371   211   211 I QCameraHAL: modes_supported: 1
10-03 09:45:46.371   211   211 I QCameraHAL: position: 0
10-03 09:45:46.371   211   211 I QCameraHAL: sensor_mount_angle: 90
10-03 09:45:46.371   211   211 I QCameraHAL: Handle [1]=0x0xaa28e0a8
10-03 09:45:46.371   211   211 I QCameraHAL: Camera sensor 1 info:
10-03 09:45:46.371   211   211 I QCameraHAL: camera_id: 1
10-03 09:45:46.371   211   211 I QCameraHAL: modes_supported: 1
10-03 09:45:46.371   211   211 I QCameraHAL: position: 1
10-03 09:45:46.371   211   211 I QCameraHAL: sensor_mount_angle: 270
10-03 09:45:46.373   211   211 I CamDev@1.0-impl: Opening camera 1
10-03 09:45:46.373   211   211 E mm-libcamera2: mm_camera_open:  opened, break out while loop
10-03 09:45:46.373   211   211 E mm-libcamera2: mm_camera_open: cannot open control fd of 'video2' Errno = 22
10-03 09:45:46.373   211   211 E QCameraHWI: startCamera: cam_ops_open failed: id = 1
10-03 09:45:46.373   211   211 I QCameraHWI: ~QCameraHardwareInterface First stop the polling threads before deleting instances
10-03 09:45:46.373   211   211 E CamDev@1.0-impl: Could not open camera 1: -19
10-03 09:45:46.373   211   211 E CameraProviderManager: DeviceInfo1: Unable to open camera device 1 to check for a flash unit: INTERNAL_ERROR
10-03 09:45:46.373   211   211 I CameraProviderManager: Camera provider legacy/0 ready with 2 camera devices
10-03 09:45:46.373   211   211 I CameraHardwareInterface: Opening camera 0
10-03 09:45:46.374   211   211 I CamDev@1.0-impl: Opening camera 0
10-03 09:45:46.374   211   211 E mm-libcamera2: mm_camera_open:  opened, break out while loop
10-03 09:45:46.374   211   211 E mm-libcamera2: mm_camera_open: cannot open control fd of 'video0' Errno = 22
10-03 09:45:46.374   211   211 E QCameraHWI: startCamera: cam_ops_open failed: id = 0
10-03 09:45:46.374   211   211 I QCameraHWI: ~QCameraHardwareInterface First stop the polling threads before deleting instances
10-03 09:45:46.374   211   211 E CamDev@1.0-impl: Could not open camera 0: -19
10-03 09:45:46.374   211   211 E CameraHardwareInterface: initialize: openSession failed! Function not implemented (-38)
10-03 09:45:46.374   211   211 E CameraFlashlight: connectCameraDevice: initializing camera 0 failed
10-03 09:45:46.374   211   211 I CameraHardwareInterface: Destroying camera 0
10-03 09:45:46.374   211   211 E CameraFlashlight: findFlashUnits: failed to check if camera 0 has a flash unit. Function not implemented (-38)
10-03 09:45:46.375   211   211 I CameraHardwareInterface: Opening camera 1
10-03 09:45:46.375   211   211 I CamDev@1.0-impl: Opening camera 1
10-03 09:45:46.375   211   211 E mm-libcamera2: mm_camera_open:  opened, break out while loop
10-03 09:45:46.375   211   211 E mm-libcamera2: mm_camera_open: cannot open control fd of 'video2' Errno = 22
10-03 09:45:46.375   211   211 E QCameraHWI: startCamera: cam_ops_open failed: id = 1
10-03 09:45:46.375   211   211 I QCameraHWI: ~QCameraHardwareInterface First stop the polling threads before deleting instances
10-03 09:45:46.375   211   211 E CamDev@1.0-impl: Could not open camera 1: -19
10-03 09:45:46.375   211   211 E CameraHardwareInterface: initialize: openSession failed! Function not implemented (-38)
10-03 09:45:46.375   211   211 E CameraFlashlight: connectCameraDevice: initializing camera 1 failed
10-03 09:45:46.375   211   211 I CameraHardwareInterface: Destroying camera 1
10-03 09:45:46.375   211   211 E CameraFlashlight: findFlashUnits: failed to check if camera 1 has a flash unit. Function not implemented (-38)
10-03 09:45:46.375   211   211 I CameraService: onDeviceStatusChanged: Status changed for cameraId=0, newStatus=1
10-03 09:45:46.375   211   211 E CameraService: onDeviceStatusChanged: State transition to the same status 0x1 not allowed
10-03 09:45:46.375   211   211 I CameraService: onDeviceStatusChanged: Status changed for cameraId=1, newStatus=1
10-03 09:45:46.375   211   211 E CameraService: onDeviceStatusChanged: State transition to the same status 0x1 not allowed
10-03 09:45:46.388   210   210 I AudioFlinger: Using default 3000 mSec as standby time.
10-03 09:45:46.389   216   216 V MediaUtils: physMem: 1923502080
10-03 09:45:46.389   216   216 V MediaUtils: requested limit: 384700400
10-03 09:45:46.389   216   216 V MediaUtils: actual limit: 384700400
10-03 09:45:46.389   216   216 V MediaUtils: original limits: 4294967295/4294967295
10-03 09:45:46.389   216   216 V MediaUtils: new limits: 384700400/4294967295
10-03 09:45:46.389   216   216 I vndksupport: sphal namespace is not configured for this process. Loading libutils.so from the current namespace instead.
10-03 09:45:46.390   216   216 W /system/bin/mediaextractor: Could not read additional policy file '/vendor/etc/seccomp_policy/mediaextractor.policy'
10-03 09:45:46.390   216   216 W /system/bin/mediaextractor: libminijail[216]: allowing syscall: clock_gettime
10-03 09:45:46.390   216   216 W /system/bin/mediaextractor: libminijail[216]: allowing syscall: connect
10-03 09:45:46.390   216   216 W /system/bin/mediaextractor: libminijail[216]: allowing syscall: fcntl64
10-03 09:45:46.391   216   216 W /system/bin/mediaextractor: libminijail[216]: allowing syscall: socket
10-03 09:45:46.391   216   216 W /system/bin/mediaextractor: libminijail[216]: allowing syscall: writev
10-03 09:45:46.391   216   216 W /system/bin/mediaextractor: libminijail[216]: logging seccomp filter failures
10-03 09:45:46.392   210   210 I APM::ConfigParsingUtils: loadAudioPolicyConfig() loaded /system/etc/audio_policy.conf
10-03 09:45:46.393   210   210 I vndksupport: sphal namespace is not configured for this process. Loading /vendor/lib/hw/audio.primary.msm8960.so from the current namespace instead.
10-03 09:45:46.404   210   210 D audio_hw_primary: adev_open: enter
10-03 09:45:46.421   237   305 W Sensors : sns_sam_app.c(6827):sns_sam_reg_algo: Registering algo service 16, err 0
10-03 09:45:46.424   237   237 W sensors.qcom: type=1400 audit(0.0:24): avc: denied { search } for name="app" dev="mmcblk0p23" ino=496785 scontext=u:r:sensors:s0 tcontext=u:object_r:apk_data_file:s0 tclass=dir permissive=0
10-03 09:45:46.424   237   237 I chatty  : uid=0(root) /vendor/bin/sensors.qcom identical 1 line
10-03 09:45:46.424   237   237 W sensors.qcom: type=1400 audit(0.0:26): avc: denied { search } for name="app" dev="mmcblk0p23" ino=496785 scontext=u:r:sensors:s0 tcontext=u:object_r:apk_data_file:s0 tclass=dir permissive=0
10-03 09:45:46.424   237   237 W sensors.qcom: type=1400 audit(0.0:27): avc: denied { search } for name="app" dev="mmcblk0p23" ino=496785 scontext=u:r:sensors:s0 tcontext=u:object_r:apk_data_file:s0 tclass=dir permissive=0
10-03 09:45:46.436   237   237 E Sensors : sns_debug_main.c(1070):Sensors DIAG Init: can't init debug file
10-03 09:45:46.436   237   367 E Sensors : sns_debug_main.c(565):Debug Config File missing in EFS!
10-03 09:45:46.437   237   237 E Sensors : sns_main.c(814):bind error 13
10-03 09:45:46.437   237   237 E Sensors : sns_main.c(814):bind error 13
10-03 09:45:46.441   197   197 D qdoverlay: initoverlay:: opening the device:: /dev/graphics/fb0
10-03 09:45:46.441   197   197 D qdoverlay: initoverlay:: opening the device:: /dev/graphics/fb1
10-03 09:45:46.441   197   197 D qdoverlay: initoverlay:: opening the device:: /dev/graphics/fb2
10-03 09:45:46.463   210   210 E audio_route: unknown enum value string Off for ctl TTY Mode
10-03 09:45:46.470   197   197 D qdoverlay: initoverlay:: opening the device:: /dev/graphics/fb0
10-03 09:45:46.470   197   197 D qdoverlay: initoverlay:: opening the device:: /dev/graphics/fb1
10-03 09:45:46.470   197   197 D qdoverlay: initoverlay:: opening the device:: /dev/graphics/fb2
10-03 09:45:46.492   210   210 D ACDB-LOADER: ACDB -> ACDB_CMD_INITIALIZE
10-03 09:45:46.492   210   210 E         : [ACDB RTC]->rtc init done!->result [0]
10-03 09:45:46.492   210   210 D Diag_Lib: actp_diag_init: call diag init function with B04224D9
10-03 09:45:46.492   210   210 E Diag_Lib:  Diag_LSM_Init: Failed to open handle to diag driver, error = 2
10-03 09:45:46.492   210   210 E Diag_Lib: actp_diag_init: diag init failed
10-03 09:45:46.492   210   210 E         : [ACDB ACPH]->actp diag init done!
10-03 09:45:46.493   210   210 D ACDB-LOADER: No existing ION info in ACDB driver
10-03 09:45:46.493   210   210 D ACDB-LOADER: ACDB -> ION_IOC_ALLOC
10-03 09:45:46.493   210   210 D ACDB-LOADER: ACDB -> ION_IOC_SHARE
10-03 09:45:46.493   210   210 D ACDB-LOADER: ACDB -> MMAP ADDR
10-03 09:45:46.493   210   210 D ACDB-LOADER: ACDB -> register MEM to ACDB driver: 0xb1ee6000
10-03 09:45:46.493   210   210 D ACDB-LOADER: ACDB -> send_asm_topology
10-03 09:45:46.493   210   210 D ACDB-LOADER: ACDB -> ACDB_CMD_GET_AUDPROC_STREAM_TOPOLOGY_ID
10-03 09:45:46.493   210   210 D ACDB-LOADER: send mbhc data
10-03 09:45:46.497   210   210 D ACDB-LOADER: send tabla anc data
10-03 09:45:46.497   210   210 D ACDB-LOADER: ACDB -> ACDB_CMD_GET_ANC_SETTING
10-03 09:45:46.497   210   210 D ACDB-LOADER: done with conversion, anc config size is 148
10-03 09:45:46.497   210   210 D ACDB-LOADER: ACDB -> ACDB_CMD_GET_ANC_SETTING
10-03 09:45:46.497   210   210 D ACDB-LOADER: done with conversion, anc config size is 148
10-03 09:45:46.497   210   210 D ACDB-LOADER: ACDB -> ACDB_CMD_GET_ANC_SETTING
10-03 09:45:46.497   210   210 D ACDB-LOADER: done with conversion, anc config size is 148
10-03 09:45:46.497   210   210 D ACDB-LOADER: ACDB -> ACDB_CMD_GET_ANC_SETTING
10-03 09:45:46.497   210   210 D ACDB-LOADER: done with conversion, anc config size is 148
10-03 09:45:46.497   210   210 D ACDB-LOADER: ACDB -> ACDB_CMD_GET_ANC_SETTING
10-03 09:45:46.497   210   210 D ACDB-LOADER: done with conversion, anc config size is 74
10-03 09:45:46.497   210   210 D ACDB-LOADER: ACDB -> ACDB_CMD_GET_ANC_SETTING
10-03 09:45:46.497   210   210 D ACDB-LOADER: done with conversion, anc config size is 74
10-03 09:45:46.498   210   210 D ACDB-LOADER: ACDB -> init done!
10-03 09:45:46.501   197   197 I qdhwcomposer: Initializing Qualcomm Hardware Composer
10-03 09:45:46.502   197   197 I qdhwcomposer: MDP version: 440
10-03 09:45:46.502   197   197 D qdhwcomposer: connectPPDaemon: CABL is disabled
10-03 09:45:46.502   197   197 I SurfaceFlinger: Using composer version 1.2
10-03 09:45:46.502   197   197 I qdhwcomposer: hwc_registerProcs
10-03 09:45:46.502   197   197 I qdhwcomposer: Initializing UEVENT Thread
10-03 09:45:46.502   197   197 I qdhwcomposer: Initializing VSYNC Thread
10-03 09:45:46.502   197   197 D qdhwcomposer: hwc_getDisplayAttributes disp = 0, width = 768
10-03 09:45:46.502   197   197 D qdhwcomposer: hwc_getDisplayAttributes disp = 0, height = 1280
10-03 09:45:46.506   210   210 D         : csd_client_init
10-03 09:45:46.506   210   210 E         : csd_client_service_init: Invalid rx device 0, setting to handset
10-03 09:45:46.506   210   210 E         : csd_client_service_init: Invalid tx device 0, setting to handset
10-03 09:45:46.506   210   210 E Diag_Lib:  Diag_LSM_Init: Failed to open handle to diag driver, error = 2
10-03 09:45:46.510   197   197 I SurfaceFlinger: EGL information:
10-03 09:45:46.510   197   197 I SurfaceFlinger: vendor    : Android
10-03 09:45:46.510   197   197 I SurfaceFlinger: version   : 1.4 Android META-EGL
10-03 09:45:46.510   197   197 I SurfaceFlinger: extensions: EGL_KHR_get_all_proc_addresses EGL_ANDROID_presentation_time EGL_KHR_swap_buffers_with_damage EGL_ANDROID_get_native_client_buffer EGL_ANDROID_front_buffer_auto_refresh EGL_ANDROID_get_frame_timestamps EGL_KHR_image EGL_KHR_image_base EGL_KHR_lock_surface EGL_KHR_gl_colorspace EGL_KHR_gl_texture_2D_image EGL_KHR_gl_texture_3D_image EGL_KHR_gl_texture_cubemap_image EGL_KHR_gl_renderbuffer_image EGL_KHR_fence_sync EGL_KHR_create_context EGL_EXT_create_context_robustness EGL_ANDROID_image_native_buffer EGL_KHR_wait_sync EGL_ANDROID_recordable EGL_KHR_partial_update EGL_IMG_context_priority 
10-03 09:45:46.510   197   197 I SurfaceFlinger: Client API: OpenGL_ES
10-03 09:45:46.510   197   197 I SurfaceFlinger: EGLSurface: 8-8-8-8, config=0x5
10-03 09:45:46.511   197   197 I SurfaceFlinger: OpenGL ES informations:
10-03 09:45:46.511   197   197 I SurfaceFlinger: vendor    : Qualcomm
10-03 09:45:46.511   197   197 I SurfaceFlinger: renderer  : Adreno (TM) 320
10-03 09:45:46.511   197   197 I SurfaceFlinger: version   : OpenGL ES 3.0 V@127.0 AU@  (GIT@I96aee987eb)
10-03 09:45:46.511   197   197 I SurfaceFlinger: extensions: GL_AMD_compressed_ATC_texture GL_AMD_performance_monitor GL_AMD_program_binary_Z400 GL_EXT_debug_label GL_EXT_debug_marker GL_EXT_discard_framebuffer GL_EXT_robustness GL_EXT_texture_format_BGRA8888 GL_EXT_texture_type_2_10_10_10_REV GL_NV_fence GL_OES_compressed_ETC1_RGB8_texture GL_OES_depth_texture GL_OES_depth24 GL_OES_EGL_image GL_OES_EGL_sync GL_OES_EGL_image_external GL_OES_element_index_uint GL_OES_fbo_render_mipmap GL_OES_fragment_precision_high GL_OES_get_program_binary GL_OES_packed_depth_stencil GL_OES_depth_texture_cube_map GL_OES_rgb8_rgba8 GL_OES_standard_derivatives GL_OES_texture_3D GL_OES_texture_float GL_OES_texture_half_float GL_OES_texture_half_float_linear GL_OES_texture_npot GL_OES_vertex_half_float GL_OES_vertex_type_10_10_10_2 GL_OES_vertex_array_object GL_QCOM_alpha_test GL_QCOM_binning_control GL_QCOM_driver_control GL_QCOM_perfmon_global_mode GL_QCOM_extended_get GL_QCOM_extended_get2 GL_QCOM_tiled_rendering GL_QCOM_writeonly_rendering GL_EXT_sRGB GL_EXT_sRGB_write_con
10-03 09:45:46.511   197   197 I SurfaceFlinger: GL_MAX_TEXTURE_SIZE = 4096
10-03 09:45:46.511   197   197 I SurfaceFlinger: GL_MAX_VIEWPORT_DIMS = 4096
10-03 09:45:46.516   197   197 I SurfaceFlinger: EGL information:
10-03 09:45:46.516   197   197 I SurfaceFlinger: vendor    : Android
10-03 09:45:46.516   197   197 I SurfaceFlinger: version   : 1.4 Android META-EGL
10-03 09:45:46.516   197   197 I SurfaceFlinger: extensions: EGL_KHR_get_all_proc_addresses EGL_ANDROID_presentation_time EGL_KHR_swap_buffers_with_damage EGL_ANDROID_get_native_client_buffer EGL_ANDROID_front_buffer_auto_refresh EGL_ANDROID_get_frame_timestamps EGL_KHR_image EGL_KHR_image_base EGL_KHR_lock_surface EGL_KHR_gl_colorspace EGL_KHR_gl_texture_2D_image EGL_KHR_gl_texture_3D_image EGL_KHR_gl_texture_cubemap_image EGL_KHR_gl_renderbuffer_image EGL_KHR_fence_sync EGL_KHR_create_context EGL_EXT_create_context_robustness EGL_ANDROID_image_native_buffer EGL_KHR_wait_sync EGL_ANDROID_recordable EGL_KHR_partial_update EGL_IMG_context_priority 
10-03 09:45:46.516   197   197 I SurfaceFlinger: Client API: OpenGL_ES
10-03 09:45:46.516   197   197 I SurfaceFlinger: EGLSurface: 8-8-8-8, config=0x5
10-03 09:45:46.516   197   197 W Adreno-EGL: <qeglDrvAPI_eglGetConfigAttrib:607>: EGL_BAD_ATTRIBUTE
10-03 09:45:46.517   197   197 I vndksupport: sphal namespace is not configured for this process. Loading /vendor/lib/hw/gralloc.msm8960.so from the current namespace instead.
10-03 09:45:46.887   197   197 D SurfaceFlinger: shader cache generated - 24 shaders in 364.440796 ms
10-03 09:45:46.888   197   197 D SurfaceFlinger: Set power mode=2, type=0 flinger=0xaad51000
10-03 09:45:46.892   185   185 D AndroidRuntime: >>>>>> START com.android.internal.os.ZygoteInit uid 0 <<<<<<
10-03 09:45:46.893   194   194 I kickstart-qcks: EFS Prepend
10-03 09:45:46.895   194   194 I kickstart-qcks: File:'/firmware/image/efs1.mbn' is available for reading
10-03 09:45:46.895   194   194 I kickstart-qcks: File:'/firmware/image/efs2.mbn' is available for reading
10-03 09:45:46.895   194   194 I kickstart-qcks: File:'/dev/block/platform/msm_sdcc.1/by-name/m9kefs1' is available for reading
10-03 09:45:46.895   194   194 I kickstart-qcks: File:'/dev/block/platform/msm_sdcc.1/by-name/m9kefs2' is available for reading
10-03 09:45:46.895   194   194 I kickstart-qcks: File:'/firmware/image/acdb.mbn' is available for reading
10-03 09:45:46.895   194   194 I kickstart-qcks: File:'/firmware/image/mdm_acdb.img' is available for reading
10-03 09:45:46.895   194   194 I kickstart-qcks: Reading RAW EFS1 partition
10-03 09:45:46.895   194   194 I kickstart-qcks: Running dd if=/dev/block/platform/msm_sdcc.1/by-name/m9kefs1 of=/data/qcks/temp.dump bs=1024 count=3072
10-03 09:45:46.976   185   185 I zygote  : option[0]=-Xzygote
10-03 09:45:46.976   185   185 I zygote  : option[1]=-Xstacktracefile:/data/anr/traces.txt
10-03 09:45:46.976   185   185 I zygote  : option[2]=exit
10-03 09:45:46.976   185   185 I zygote  : option[3]=vfprintf
10-03 09:45:46.976   185   185 I zygote  : option[4]=sensitiveThread
10-03 09:45:46.976   185   185 I zygote  : option[5]=-verbose:gc
10-03 09:45:46.976   185   185 I zygote  : option[6]=-Xms8m
10-03 09:45:46.976   185   185 I zygote  : option[7]=-Xmx512m
10-03 09:45:46.976   185   185 I zygote  : option[8]=-XX:HeapGrowthLimit=192m
10-03 09:45:46.976   185   185 I zygote  : option[9]=-XX:HeapMinFree=512k
10-03 09:45:46.976   185   185 I zygote  : option[10]=-XX:HeapMaxFree=8m
10-03 09:45:46.977   185   185 I zygote  : option[11]=-XX:HeapTargetUtilization=0.75
10-03 09:45:46.977   185   185 I zygote  : option[12]=-Xusejit:true
10-03 09:45:46.977   185   185 I zygote  : option[13]=-Xjitsaveprofilinginfo
10-03 09:45:46.977   185   185 I zygote  : option[14]=-agentlib:jdwp=transport=dt_android_adb,suspend=n,server=y
10-03 09:45:46.977   185   185 I zygote  : option[15]=-Xlockprofthreshold:500
10-03 09:45:46.977   185   185 I zygote  : option[16]=-Ximage-compiler-option
10-03 09:45:46.977   185   185 I zygote  : option[17]=--runtime-arg
10-03 09:45:46.977   185   185 I zygote  : option[18]=-Ximage-compiler-option
10-03 09:45:46.977   185   185 I zygote  : option[19]=-Xms64m
10-03 09:45:46.977   185   185 I zygote  : option[20]=-Ximage-compiler-option
10-03 09:45:46.977   185   185 I zygote  : option[21]=--runtime-arg
10-03 09:45:46.977   185   185 I zygote  : option[22]=-Ximage-compiler-option
10-03 09:45:46.977   185   185 I zygote  : option[23]=-Xmx64m
10-03 09:45:46.977   185   185 I zygote  : option[24]=-Ximage-compiler-option
10-03 09:45:46.977   185   185 I zygote  : option[25]=--image-classes=/system/etc/preloaded-classes
10-03 09:45:46.977   185   185 I zygote  : option[26]=-Ximage-compiler-option
10-03 09:45:46.977   185   185 I zygote  : option[27]=--compiled-classes=/system/etc/compiled-classes
10-03 09:45:46.977   185   185 I zygote  : option[28]=-Xcompiler-option
10-03 09:45:46.977   185   185 I zygote  : option[29]=--runtime-arg
10-03 09:45:46.977   185   185 I zygote  : option[30]=-Xcompiler-option
10-03 09:45:46.977   185   185 I zygote  : option[31]=-Xms64m
10-03 09:45:46.977   185   185 I zygote  : option[32]=-Xcompiler-option
10-03 09:45:46.978   185   185 I zygote  : option[33]=--runtime-arg
10-03 09:45:46.978   185   185 I zygote  : option[34]=-Xcompiler-option
10-03 09:45:46.978   185   185 I zygote  : option[35]=-Xmx512m
10-03 09:45:46.978   185   185 I zygote  : option[36]=-Ximage-compiler-option
10-03 09:45:46.978   185   185 I zygote  : option[37]=--instruction-set-variant=krait
10-03 09:45:46.978   185   185 I zygote  : option[38]=-Xcompiler-option
10-03 09:45:46.978   185   185 I zygote  : option[39]=--instruction-set-variant=krait
