10-03 18:05:39.079   242   242 I /system/bin/tombstoned: received crash request for pid 3412
10-03 18:05:39.080  3415  3415 I crash_dump32: performing dump of process 3412 (target tid = 3412)
10-03 18:05:39.080  3412  3412 F libc    : failed to resend signal during crash: Operation not permitted
10-03 18:05:39.081  3415  3415 E DEBUG   : unexpected waitpid response: n=3412, status=00000100
10-03 18:05:39.082   242   242 W /system/bin/tombstoned: crash socket received short read of length 0 (expected 8)
10-03 18:05:39.083   611   699 I BootReceiver: Copying /data/tombstones/tombstone_06 to DropBox (SYSTEM_TOMBSTONE)
10-03 18:05:43.513  3436  3436 I chatty  : uid=1027(nfc) expire 3 lines
10-03 18:05:43.762   221  1852 E MetadataRetrieverClient: failed to extract an album art
10-03 18:05:43.797   221   347 E MetadataRetrieverClient: failed to extract an album art
10-03 18:05:43.825   221   347 E MetadataRetrieverClient: failed to extract an album art
10-03 18:05:43.859   221  1789 E MetadataRetrieverClient: failed to extract an album art
10-03 18:05:43.882   221  1852 E MetadataRetrieverClient: failed to extract an album art
10-03 18:05:44.043  3441  3441 E linker  : "/system/vendor/lib/libmmjpeg.so" has text relocations
10-03 18:05:44.045  3441  3441 F libc    : CANNOT LINK EXECUTABLE "/vendor/bin/mm-qcamera-daemon": "/system/vendor/lib/libmmjpeg.so" has text relocations
10-03 18:05:44.045  3441  3441 F libc    : Fatal signal 6 (SIGABRT), code -6 in tid 3441 (mm-qcamera-daem)
10-03 18:05:44.078  3444  3444 I crash_dump32: obtaining output fd from tombstoned
10-03 18:05:44.078   242   242 I /system/bin/tombstoned: received crash request for pid 3441
10-03 18:05:44.083  3444  3444 I crash_dump32: performing dump of process 3441 (target tid = 3441)
10-03 18:05:44.083  3441  3441 F libc    : failed to resend signal during crash: Operation not permitted
10-03 18:05:44.083  3444  3444 E DEBUG   : unexpected waitpid response: n=3441, status=00000100
10-03 18:05:44.084   242   242 W /system/bin/tombstoned: crash socket received short read of length 0 (expected 8)
10-03 18:05:44.086   611   699 I BootReceiver: Copying /data/tombstones/tombstone_07 to DropBox (SYSTEM_TOMBSTONE)
10-03 18:05:44.154  2349  2465 I chatty  : uid=10010(u0_a10) android.process.media expire 246 lines
10-03 18:05:44.274  2218  2416 I chatty  : uid=1027(nfc) com.android.nfc expire 15 lines
10-03 18:05:44.629   221   221 E MetadataRetrieverClient: failed to extract an album art
10-03 18:05:47.220   207   274 D ThermalDaemon: Sensor 'tsens_tz_sensor8' - alarm cleared 1 at 56.0 degC
10-03 18:05:47.220   207   273 D ThermalDaemon: Sensor 'tsens_tz_sensor7' - alarm cleared 1 at 54.0 degC
10-03 18:05:48.266   221  1791 E MetadataRetrieverClient: failed to extract an album art
10-03 18:05:48.461   221  1789 E MetadataRetrieverClient: failed to extract an album art
10-03 18:05:48.464  3454  3454 I chatty  : uid=1027(nfc) /vendor/bin/hw/android.hardware.nfc@1.0-service expire 3 lines
10-03 18:05:49.045  3455  3455 E linker  : "/system/vendor/lib/libmmjpeg.so" has text relocations
10-03 18:05:49.046  3455  3455 F libc    : CANNOT LINK EXECUTABLE "/vendor/bin/mm-qcamera-daemon": "/system/vendor/lib/libmmjpeg.so" has text relocations
10-03 18:05:49.047  3455  3455 F libc    : Fatal signal 6 (SIGABRT), code -6 in tid 3455 (mm-qcamera-daem)
10-03 18:05:49.081  3458  3458 I crash_dump32: obtaining output fd from tombstoned
10-03 18:05:49.081   242   242 I /system/bin/tombstoned: received crash request for pid 3455
10-03 18:05:49.082  3458  3458 I crash_dump32: performing dump of process 3455 (target tid = 3455)
10-03 18:05:49.082  3455  3455 F libc    : failed to resend signal during crash: Operation not permitted
10-03 18:05:49.083  3458  3458 E DEBUG   : unexpected waitpid response: n=3455, status=00000100
10-03 18:05:49.084   242   242 W /system/bin/tombstoned: crash socket received short read of length 0 (expected 8)
10-03 18:05:49.085   611   699 I BootReceiver: Copying /data/tombstones/tombstone_08 to DropBox (SYSTEM_TOMBSTONE)
10-03 18:05:49.801  2349  2465 I MediaScanner: forcing rescan of /system/media/audio/ringtones/InsertCoin.ogg since build fingerprint changed
10-03 18:05:49.820  2349  2465 I MediaScanner: forcing rescan of /system/media/audio/ringtones/Kuma.ogg since build fingerprint changed
10-03 18:05:49.868  2349  2465 I MediaScanner: forcing rescan of /system/media/audio/ringtones/LoopyLounge.ogg since build fingerprint changed
10-03 18:05:49.898  2349  2465 I MediaScanner: forcing rescan of /system/media/audio/ringtones/LoveFlute.ogg since build fingerprint changed
10-03 18:05:49.933  2349  2465 I MediaScanner: forcing rescan of /system/media/audio/ringtones/Lyra.ogg since build fingerprint changed
10-03 18:05:49.970  2349  2465 I MediaScanner: forcing rescan of /system/media/audio/ringtones/Machina.ogg since build fingerprint changed
10-03 18:05:50.012  2349  2465 I MediaScanner: forcing rescan of /system/media/audio/ringtones/MidEvilJaunt.ogg since build fingerprint changed
10-03 18:05:50.061  2349  2465 I MediaScanner: forcing rescan of /system/media/audio/ringtones/MildlyAlarming.ogg since build fingerprint changed
10-03 18:05:50.115  2349  2465 I MediaScanner: forcing rescan of /system/media/audio/ringtones/Nairobi.ogg since build fingerprint changed
10-03 18:05:50.173  2349  2465 I MediaScanner: forcing rescan of /system/media/audio/ringtones/Nassau.ogg since build fingerprint changed
10-03 18:05:50.232  2349  2465 I MediaScanner: forcing rescan of /system/media/audio/ringtones/NewPlayer.ogg since build fingerprint changed
10-03 18:05:50.275  2349  2465 I MediaScanner: forcing rescan of /system/media/audio/ringtones/No_Limits.ogg since build fingerprint changed
10-03 18:05:50.327  2349  2465 I MediaScanner: forcing rescan of /system/media/audio/ringtones/Noises1.ogg since build fingerprint changed
10-03 18:05:50.381  2349  2465 I MediaScanner: forcing rescan of /system/media/audio/ringtones/Noises2.ogg since build fingerprint changed
10-03 18:05:50.437  2349  2465 I MediaScanner: forcing rescan of /system/media/audio/ringtones/Noises3.ogg since build fingerprint changed
10-03 18:05:50.487  2349  2465 I MediaScanner: forcing rescan of /system/media/audio/ringtones/OrganDub.ogg since build fingerprint changed
10-03 18:05:50.538  2349  2465 I MediaScanner: forcing rescan of /system/media/audio/ringtones/Orion.ogg since build fingerprint changed
10-03 18:05:50.602  2349  2465 I MediaScanner: forcing rescan of /system/media/audio/ringtones/PERSEUS.ogg since build fingerprint changed
10-03 18:05:50.696  2349  2465 I MediaScanner: forcing rescan of /system/media/audio/ringtones/Paradise_Island.ogg since build fingerprint changed
10-03 18:05:50.752  2349  2465 I MediaScanner: forcing rescan of /system/media/audio/ringtones/Pegasus.ogg since build fingerprint changed
10-03 18:05:50.828  2349  2465 I MediaScanner: forcing rescan of /system/media/audio/ringtones/Perseus.ogg since build fingerprint changed
10-03 18:05:50.941  2349  2465 I MediaScanner: forcing rescan of /system/media/audio/ringtones/Playa.ogg since build fingerprint changed
10-03 18:05:51.006  2349  2465 I MediaScanner: forcing rescan of /system/media/audio/ringtones/Pyxis.ogg since build fingerprint changed
10-03 18:05:51.051  2349  2465 I MediaScanner: forcing rescan of /system/media/audio/ringtones/Rasalas.ogg since build fingerprint changed
10-03 18:05:51.158  2349  2465 I MediaScanner: forcing rescan of /system/media/audio/ringtones/Revelation.ogg since build fingerprint changed
10-03 18:05:51.224  2349  2465 I MediaScanner: forcing rescan of /system/media/audio/ringtones/Rigel.ogg since build fingerprint changed
10-03 18:05:51.291  2349  2465 I MediaScanner: forcing rescan of /system/media/audio/ringtones/Ring_Classic_02.ogg since build fingerprint changed
10-03 18:05:51.359  2349  2465 I MediaScanner: forcing rescan of /system/media/audio/ringtones/Ring_Digital_02.ogg since build fingerprint changed
10-03 18:05:51.404  2349  2465 I MediaScanner: forcing rescan of /system/media/audio/ringtones/Ring_Synth_02.ogg since build fingerprint changed
10-03 18:05:51.470  2349  2465 W MediaScanner: forcing rescan of /system/media/audio/ringtones/Ring_Synth_04.oggsince ringtone setting didn't finish
10-03 18:05:51.531  2349  2465 W MediaProvider: Missing volume for /system/media/audio/ringtones; assuming invalid
10-03 18:05:51.564  2349  2465 W MediaProvider: Missing volume for /system/media/audio/notifications/pizzicato.ogg; assuming invalid
10-03 18:05:51.571  2349  2465 W MediaProvider: Missing volume for /system/media/audio/notifications/regulus.ogg; assuming invalid
10-03 18:05:51.578  2349  2465 W MediaProvider: Missing volume for /system/media/audio/notifications/sirius.ogg; assuming invalid
10-03 18:05:51.588  2349  2465 W MediaProvider: Missing volume for /system/media/audio/notifications/tweeters.ogg; assuming invalid
10-03 18:05:51.606  2349  2465 W MediaProvider: Missing volume for /system/media/audio/ringtones/ANDROMEDA.ogg; assuming invalid
10-03 18:05:51.619  2349  2465 W MediaProvider: Missing volume for /system/media/audio/ringtones/Andromeda.ogg; assuming invalid
10-03 18:05:51.627  2349  2465 E SQLiteDatabase: Error inserting title_key=)C/KEA1/) parent=98 is_music=false title=Andromeda _size=24973 duration=3000 bucket_id=293500348 is_alarm=false album_artist=null media_type=2 storage_id=0 is_notification=false track=0 bucket_display_name=ringtones _data=/system/media/audio/ringtones/Andromeda.ogg is_drm=false _display_name=Andromeda.ogg composer=null format=47362 is_ringtone=true artist_id=1 is_podcast=false date_added=1507034151 date_modified=1230748200 mime_type=application/ogg album_id=4
10-03 18:05:51.627  2349  2465 E SQLiteDatabase: android.database.sqlite.SQLiteConstraintException: UNIQUE constraint failed: files._data (code 2067)
10-03 18:05:51.627  2349  2465 E SQLiteDatabase: 	at android.database.sqlite.SQLiteConnection.nativeExecuteForLastInsertedRowId(Native Method)
10-03 18:05:51.627  2349  2465 E SQLiteDatabase: 	at android.database.sqlite.SQLiteConnection.executeForLastInsertedRowId(SQLiteConnection.java:782)
10-03 18:05:51.627  2349  2465 E SQLiteDatabase: 	at android.database.sqlite.SQLiteSession.executeForLastInsertedRowId(SQLiteSession.java:788)
10-03 18:05:51.627  2349  2465 E SQLiteDatabase: 	at android.database.sqlite.SQLiteStatement.executeInsert(SQLiteStatement.java:86)
10-03 18:05:51.627  2349  2465 E SQLiteDatabase: 	at android.database.sqlite.SQLiteDatabase.insertWithOnConflict(SQLiteDatabase.java:1474)
10-03 18:05:51.627  2349  2465 E SQLiteDatabase: 	at android.database.sqlite.SQLiteDatabase.insert(SQLiteDatabase.java:1343)
10-03 18:05:51.627  2349  2465 E SQLiteDatabase: 	at com.android.providers.media.MediaProvider.insertFile(MediaProvider.java:2260)
10-03 18:05:51.627  2349  2465 E SQLiteDatabase: 	at com.android.providers.media.MediaProvider.insertInternal(MediaProvider.java:2493)
10-03 18:05:51.627  2349  2465 E SQLiteDatabase: 	at com.android.providers.media.MediaProvider.bulkInsert(MediaProvider.java:1866)
10-03 18:05:51.627  2349  2465 E SQLiteDatabase: 	at android.content.ContentProvider$Transport.bulkInsert(ContentProvider.java:282)
10-03 18:05:51.627  2349  2465 E SQLiteDatabase: 	at android.content.ContentProviderClient.bulkInsert(ContentProviderClient.java:290)
10-03 18:05:51.627  2349  2465 E SQLiteDatabase: 	at android.media.MediaInserter.flush(MediaInserter.java:91)
10-03 18:05:51.627  2349  2465 E SQLiteDatabase: 	at android.media.MediaInserter.flushAll(MediaInserter.java:74)
10-03 18:05:51.627  2349  2465 E SQLiteDatabase: 	at android.media.MediaScanner$MyMediaScannerClient.endFile(MediaScanner.java:1053)
10-03 18:05:51.627  2349  2465 E SQLiteDatabase: 	at android.media.MediaScanner$MyMediaScannerClient.doScanFile(MediaScanner.java:653)
10-03 18:05:51.627  2349  2465 E SQLiteDatabase: 	at android.media.MediaScanner$MyMediaScannerClient.scanFile(MediaScanner.java:580)
10-03 18:05:51.627  2349  2465 E SQLiteDatabase: 	at android.media.MediaScanner.processDirectory(Native Method)
10-03 18:05:51.627  2349  2465 E SQLiteDatabase: 	at android.media.MediaScanner.scanDirectories(MediaScanner.java:1403)
10-03 18:05:51.627  2349  2465 E SQLiteDatabase: 	at com.android.providers.media.MediaScannerService.scan(MediaScannerService.java:82)
10-03 18:05:51.627  2349  2465 E SQLiteDatabase: 	at com.android.providers.media.MediaScannerService.-wrap1(Unknown Source:0)
10-03 18:05:51.627  2349  2465 E SQLiteDatabase: 	at com.android.providers.media.MediaScannerService$ServiceHandler.handleMessage(MediaScannerService.java:252)
10-03 18:05:51.627  2349  2465 E SQLiteDatabase: 	at android.os.Handler.dispatchMessage(Handler.java:105)
10-03 18:05:51.627  2349  2465 E SQLiteDatabase: 	at android.os.Looper.loop(Looper.java:164)
10-03 18:05:51.627  2349  2465 E SQLiteDatabase: 	at com.android.providers.media.MediaScannerService.run(MediaScannerService.java:161)
10-03 18:05:51.627  2349  2465 E SQLiteDatabase: 	at java.lang.Thread.run(Thread.java:764)
10-03 18:05:51.653  2349  2465 W MediaProvider: Missing volume for /system/media/audio/ringtones/Aquila.ogg; assuming invalid
10-03 18:05:51.666  2349  2465 W MediaProvider: Missing volume for /system/media/audio/ringtones/ArgoNavis.ogg; assuming invalid
10-03 18:05:51.668   221   221 E MetadataRetrieverClient: failed to extract an album art
10-03 18:05:51.675  2349  2465 W MediaProvider: Missing volume for /system/media/audio/ringtones/Atria.ogg; assuming invalid
10-03 18:05:51.678  2349  2465 W MediaProvider: Missing volume for /system/media/audio/ringtones/BOOTES.ogg; assuming invalid
10-03 18:05:51.692  2349  2465 W MediaProvider: Missing volume for /system/media/audio/ringtones/Backroad.ogg; assuming invalid
10-03 18:05:51.706  2349  2465 W MediaProvider: Missing volume for /system/media/audio/ringtones/BeatPlucker.ogg; assuming invalid
10-03 18:05:51.712  2349  2465 W MediaProvider: Missing volume for /system/media/audio/ringtones/BentleyDubs.ogg; assuming invalid
10-03 18:05:51.718  2349  2465 W MediaProvider: Missing volume for /system/media/audio/ringtones/Big_Easy.ogg; assuming invalid
10-03 18:05:51.722  2349  2465 W MediaProvider: Missing volume for /system/media/audio/ringtones/BirdLoop.ogg; assuming invalid
10-03 18:05:51.728  2349  2465 W MediaProvider: Missing volume for /system/media/audio/ringtones/Bollywood.ogg; assuming invalid
10-03 18:05:51.732  2349  2465 W MediaProvider: Missing volume for /system/media/audio/ringtones/BussaMove.ogg; assuming invalid
10-03 18:05:51.737  2349  2465 W MediaProvider: Missing volume for /system/media/audio/ringtones/CANISMAJOR.ogg; assuming invalid
10-03 18:05:51.740  2349  2465 W MediaProvider: Missing volume for /system/media/audio/ringtones/CASSIOPEIA.ogg; assuming invalid
10-03 18:05:51.743  2349  2465 W MediaProvider: Missing volume for /system/media/audio/ringtones/Cairo.ogg; assuming invalid
10-03 18:05:51.745  2349  2465 W MediaProvider: Missing volume for /system/media/audio/ringtones/Calypso_Steel.ogg; assuming invalid
10-03 18:05:51.750  2349  2465 W MediaProvider: Missing volume for /system/media/audio/ringtones/CanisMajor.ogg; assuming invalid
10-03 18:05:51.752  2349  2465 E SQLiteDatabase: Error inserting title_key=-)C9MA);EK parent=98 is_music=false title=Canis Major _size=31133 duration=3498 bucket_id=293500348 is_alarm=false album_artist=null media_type=2 storage_id=0 is_notification=false track=0 bucket_display_name=ringtones _data=/system/media/audio/ringtones/CanisMajor.ogg is_drm=false _display_name=CanisMajor.ogg composer=null format=47362 is_ringtone=true artist_id=1 is_podcast=false date_added=1507034151 date_modified=1230748200 mime_type=application/ogg album_id=4
10-03 18:05:51.752  2349  2465 E SQLiteDatabase: android.database.sqlite.SQLiteConstraintException: UNIQUE constraint failed: files._data (code 2067)
10-03 18:05:51.752  2349  2465 E SQLiteDatabase: 	at android.database.sqlite.SQLiteConnection.nativeExecuteForLastInsertedRowId(Native Method)
10-03 18:05:51.752  2349  2465 E SQLiteDatabase: 	at android.database.sqlite.SQLiteConnection.executeForLastInsertedRowId(SQLiteConnection.java:782)
10-03 18:05:51.752  2349  2465 E SQLiteDatabase: 	at android.database.sqlite.SQLiteSession.executeForLastInsertedRowId(SQLiteSession.java:788)
10-03 18:05:51.752  2349  2465 E SQLiteDatabase: 	at android.database.sqlite.SQLiteStatement.executeInsert(SQLiteStatement.java:86)
10-03 18:05:51.752  2349  2465 E SQLiteDatabase: 	at android.database.sqlite.SQLiteDatabase.insertWithOnConflict(SQLiteDatabase.java:1474)
10-03 18:05:51.752  2349  2465 E SQLiteDatabase: 	at android.database.sqlite.SQLiteDatabase.insert(SQLiteDatabase.java:1343)
10-03 18:05:51.752  2349  2465 E SQLiteDatabase: 	at com.android.providers.media.MediaProvider.insertFile(MediaProvider.java:2260)
10-03 18:05:51.752  2349  2465 E SQLiteDatabase: 	at com.android.providers.media.MediaProvider.insertInternal(MediaProvider.java:2493)
10-03 18:05:51.752  2349  2465 E SQLiteDatabase: 	at com.android.providers.media.MediaProvider.bulkInsert(MediaProvider.java:1866)
10-03 18:05:51.752  2349  2465 E SQLiteDatabase: 	at android.content.ContentProvider$Transport.bulkInsert(ContentProvider.java:282)
10-03 18:05:51.752  2349  2465 E SQLiteDatabase: 	at android.content.ContentProviderClient.bulkInsert(ContentProviderClient.java:290)
10-03 18:05:51.752  2349  2465 E SQLiteDatabase: 	at android.media.MediaInserter.flush(MediaInserter.java:91)
10-03 18:05:51.752  2349  2465 E SQLiteDatabase: 	at android.media.MediaInserter.flushAll(MediaInserter.java:74)
10-03 18:05:51.752  2349  2465 E SQLiteDatabase: 	at android.media.MediaScanner$MyMediaScannerClient.endFile(MediaScanner.java:1053)
10-03 18:05:51.752  2349  2465 E SQLiteDatabase: 	at android.media.MediaScanner$MyMediaScannerClient.doScanFile(MediaScanner.java:653)
10-03 18:05:51.752  2349  2465 E SQLiteDatabase: 	at android.media.MediaScanner$MyMediaScannerClient.scanFile(MediaScanner.java:580)
10-03 18:05:51.752  2349  2465 E SQLiteDatabase: 	at android.media.MediaScanner.processDirectory(Native Method)
10-03 18:05:51.752  2349  2465 E SQLiteDatabase: 	at android.media.MediaScanner.scanDirectories(MediaScanner.java:1403)
10-03 18:05:51.752  2349  2465 E SQLiteDatabase: 	at com.android.providers.media.MediaScannerService.scan(MediaScannerService.java:82)
10-03 18:05:51.752  2349  2465 E SQLiteDatabase: 	at com.android.providers.media.MediaScannerService.-wrap1(Unknown Source:0)
10-03 18:05:51.752  2349  2465 E SQLiteDatabase: 	at com.android.providers.media.MediaScannerService$ServiceHandler.handleMessage(MediaScannerService.java:252)
10-03 18:05:51.752  2349  2465 E SQLiteDatabase: 	at android.os.Handler.dispatchMessage(Handler.java:105)
10-03 18:05:51.752  2349  2465 E SQLiteDatabase: 	at android.os.Looper.loop(Looper.java:164)
10-03 18:05:51.752  2349  2465 E SQLiteDatabase: 	at com.android.providers.media.MediaScannerService.run(MediaScannerService.java:161)
10-03 18:05:51.752  2349  2465 E SQLiteDatabase: 	at java.lang.Thread.run(Thread.java:764)
10-03 18:05:51.755  2349  2465 W MediaProvider: Missing volume for /system/media/audio/ringtones/CaribbeanIce.ogg; assuming invalid
10-03 18:05:51.759  2349  2465 W MediaProvider: Missing volume for /system/media/audio/ringtones/Carina.ogg; assuming invalid
10-03 18:05:51.763  2349  2465 W MediaProvider: Missing volume for /system/media/audio/ringtones/Centaurus.ogg; assuming invalid
10-03 18:05:51.766  2349  2465 W MediaProvider: Missing volume for /system/media/audio/ringtones/Champagne_Edition.ogg; assuming invalid
10-03 18:05:51.770  2349  2465 W MediaProvider: Missing volume for /system/media/audio/ringtones/Club_Cubano.ogg; assuming invalid
10-03 18:05:51.774  2349  2465 W MediaProvider: Missing volume for /system/media/audio/ringtones/CrayonRock.ogg; assuming invalid
10-03 18:05:51.780  2349  2465 W MediaProvider: Missing volume for /system/media/audio/ringtones/CrazyDream.ogg; assuming invalid
10-03 18:05:51.784  2349  2465 W MediaProvider: Missing volume for /system/media/audio/ringtones/CurveBall.ogg; assuming invalid
10-03 18:05:51.791  2349  2465 W MediaProvider: Missing volume for /system/media/audio/ringtones/Cygnus.ogg; assuming invalid
10-03 18:05:51.795  2349  2465 W MediaProvider: Missing volume for /system/media/audio/ringtones/DancinFool.ogg; assuming invalid
10-03 18:05:51.798  2349  2465 W MediaProvider: Missing volume for /system/media/audio/ringtones/Ding.ogg; assuming invalid
10-03 18:05:51.801  2349  2465 W MediaProvider: Missing volume for /system/media/audio/ringtones/DonMessWivIt.ogg; assuming invalid
10-03 18:05:51.806  2349  2465 W MediaProvider: Missing volume for /system/media/audio/ringtones/Draco.ogg; assuming invalid
10-03 18:05:51.809  2349  2465 W MediaProvider: Missing volume for /system/media/audio/ringtones/DreamTheme.ogg; assuming invalid
10-03 18:05:51.813  2349  2465 W MediaProvider: Missing volume for /system/media/audio/ringtones/Eastern_Sky.ogg; assuming invalid
10-03 18:05:51.817  2349  2465 W MediaProvider: Missing volume for /system/media/audio/ringtones/Enter_the_Nexus.ogg; assuming invalid
10-03 18:05:51.822  2349  2465 W MediaProvider: Missing volume for /system/media/audio/ringtones/Eridani.ogg; assuming invalid
10-03 18:05:51.827  2349  2465 W MediaProvider: Missing volume for /system/media/audio/ringtones/EtherShake.ogg; assuming invalid
10-03 18:05:51.831  2349  2465 W MediaProvider: Missing volume for /system/media/audio/ringtones/FreeFlight.ogg; assuming invalid
10-03 18:05:51.836  2349  2465 W MediaProvider: Missing volume for /system/media/audio/ringtones/FriendlyGhost.ogg; assuming invalid
10-03 18:05:51.840  2349  2465 W MediaProvider: Missing volume for /system/media/audio/ringtones/Funk_Yall.ogg; assuming invalid
10-03 18:05:51.844  2349  2465 W MediaProvider: Missing volume for /system/media/audio/ringtones/GameOverGuitar.ogg; assuming invalid
10-03 18:05:51.849  2349  2465 W MediaProvider: Missing volume for /system/media/audio/ringtones/Gimme_Mo_Town.ogg; assuming invalid
10-03 18:05:51.855  2349  2465 W MediaProvider: Missing volume for /system/media/audio/ringtones/Girtab.ogg; assuming invalid
10-03 18:05:51.860  2349  2465 W MediaProvider: Missing volume for /system/media/audio/ringtones/Glacial_Groove.ogg; assuming invalid
10-03 18:05:51.864  2349  2465 W MediaProvider: Missing volume for /system/media/audio/ringtones/Growl.ogg; assuming invalid
10-03 18:05:51.868  2349  2465 W MediaProvider: Missing volume for /system/media/audio/ringtones/HalfwayHome.ogg; assuming invalid
10-03 18:05:51.875  2349  2465 W MediaProvider: Missing volume for /system/media/audio/ringtones/Hydra.ogg; assuming invalid
10-03 18:05:51.880  2349  2465 W MediaProvider: Missing volume for /system/media/audio/ringtones/InsertCoin.ogg; assuming invalid
10-03 18:05:51.886  2349  2465 W MediaProvider: Missing volume for /system/media/audio/ringtones/Kuma.ogg; assuming invalid
10-03 18:05:51.891  2349  2465 W MediaProvider: Missing volume for /system/media/audio/ringtones/LoopyLounge.ogg; assuming invalid
10-03 18:05:51.895  2349  2465 W MediaProvider: Missing volume for /system/media/audio/ringtones/LoveFlute.ogg; assuming invalid
10-03 18:05:51.899  2349  2465 W MediaProvider: Missing volume for /system/media/audio/ringtones/Lyra.ogg; assuming invalid
10-03 18:05:51.906  2349  2465 W MediaProvider: Missing volume for /system/media/audio/ringtones/Machina.ogg; assuming invalid
10-03 18:05:51.910  2349  2465 W MediaProvider: Missing volume for /system/media/audio/ringtones/MidEvilJaunt.ogg; assuming invalid
10-03 18:05:51.914  2349  2465 W MediaProvider: Missing volume for /system/media/audio/ringtones/MildlyAlarming.ogg; assuming invalid
10-03 18:05:51.919  2349  2465 W MediaProvider: Missing volume for /system/media/audio/ringtones/Nairobi.ogg; assuming invalid
10-03 18:05:51.929  2349  2465 W MediaProvider: Missing volume for /system/media/audio/ringtones/Nassau.ogg; assuming invalid
10-03 18:05:51.934  2349  2465 W MediaProvider: Missing volume for /system/media/audio/ringtones/NewPlayer.ogg; assuming invalid
10-03 18:05:51.939  2349  2465 W MediaProvider: Missing volume for /system/media/audio/ringtones/No_Limits.ogg; assuming invalid
10-03 18:05:51.944  2349  2465 W MediaProvider: Missing volume for /system/media/audio/ringtones/Noises1.ogg; assuming invalid
10-03 18:05:51.955  2349  2465 W MediaProvider: Missing volume for /system/media/audio/ringtones/Noises2.ogg; assuming invalid
10-03 18:05:51.958  2349  2465 W MediaProvider: Missing volume for /system/media/audio/ringtones/Noises3.ogg; assuming invalid
10-03 18:05:51.962  2349  2465 W MediaProvider: Missing volume for /system/media/audio/ringtones/OrganDub.ogg; assuming invalid
10-03 18:05:51.966  2349  2465 W MediaProvider: Missing volume for /system/media/audio/ringtones/Orion.ogg; assuming invalid
10-03 18:05:51.972  2349  2465 W MediaProvider: Missing volume for /system/media/audio/ringtones/PERSEUS.ogg; assuming invalid
10-03 18:05:51.978  2349  2465 W MediaProvider: Missing volume for /system/media/audio/ringtones/Paradise_Island.ogg; assuming invalid
10-03 18:05:51.987  2349  2465 W MediaProvider: Missing volume for /system/media/audio/ringtones/Pegasus.ogg; assuming invalid
10-03 18:05:51.994  2349  2465 W MediaProvider: Missing volume for /system/media/audio/ringtones/Perseus.ogg; assuming invalid
10-03 18:05:51.999  2349  2465 E SQLiteDatabase: Error inserting title_key=G1KM1QM parent=98 is_music=false title=Perseus _size=236343 duration=10170 bucket_id=293500348 is_alarm=false album_artist=null media_type=2 storage_id=0 is_notification=false track=0 bucket_display_name=ringtones _data=/system/media/audio/ringtones/Perseus.ogg is_drm=false _display_name=Perseus.ogg composer=null format=47362 is_ringtone=true artist_id=1 is_podcast=false date_added=1507034151 date_modified=1230748200 mime_type=application/ogg album_id=4
10-03 18:05:51.999  2349  2465 E SQLiteDatabase: android.database.sqlite.SQLiteConstraintException: UNIQUE constraint failed: files._data (code 2067)
10-03 18:05:51.999  2349  2465 E SQLiteDatabase: 	at android.database.sqlite.SQLiteConnection.nativeExecuteForLastInsertedRowId(Native Method)
10-03 18:05:51.999  2349  2465 E SQLiteDatabase: 	at android.database.sqlite.SQLiteConnection.executeForLastInsertedRowId(SQLiteConnection.java:782)
10-03 18:05:51.999  2349  2465 E SQLiteDatabase: 	at android.database.sqlite.SQLiteSession.executeForLastInsertedRowId(SQLiteSession.java:788)
10-03 18:05:51.999  2349  2465 E SQLiteDatabase: 	at android.database.sqlite.SQLiteStatement.executeInsert(SQLiteStatement.java:86)
10-03 18:05:51.999  2349  2465 E SQLiteDatabase: 	at android.database.sqlite.SQLiteDatabase.insertWithOnConflict(SQLiteDatabase.java:1474)
10-03 18:05:51.999  2349  2465 E SQLiteDatabase: 	at android.database.sqlite.SQLiteDatabase.insert(SQLiteDatabase.java:1343)
10-03 18:05:51.999  2349  2465 E SQLiteDatabase: 	at com.android.providers.media.MediaProvider.insertFile(MediaProvider.java:2260)
10-03 18:05:51.999  2349  2465 E SQLiteDatabase: 	at com.android.providers.media.MediaProvider.insertInternal(MediaProvider.java:2493)
10-03 18:05:51.999  2349  2465 E SQLiteDatabase: 	at com.android.providers.media.MediaProvider.bulkInsert(MediaProvider.java:1866)
10-03 18:05:51.999  2349  2465 E SQLiteDatabase: 	at android.content.ContentProvider$Transport.bulkInsert(ContentProvider.java:282)
10-03 18:05:51.999  2349  2465 E SQLiteDatabase: 	at android.content.ContentProviderClient.bulkInsert(ContentProviderClient.java:290)
10-03 18:05:51.999  2349  2465 E SQLiteDatabase: 	at android.media.MediaInserter.flush(MediaInserter.java:91)
10-03 18:05:51.999  2349  2465 E SQLiteDatabase: 	at android.media.MediaInserter.flushAll(MediaInserter.java:74)
10-03 18:05:51.999  2349  2465 E SQLiteDatabase: 	at android.media.MediaScanner$MyMediaScannerClient.endFile(MediaScanner.java:1053)
10-03 18:05:51.999  2349  2465 E SQLiteDatabase: 	at android.media.MediaScanner$MyMediaScannerClient.doScanFile(MediaScanner.java:653)
10-03 18:05:51.999  2349  2465 E SQLiteDatabase: 	at android.media.MediaScanner$MyMediaScannerClient.scanFile(MediaScanner.java:580)
10-03 18:05:51.999  2349  2465 E SQLiteDatabase: 	at android.media.MediaScanner.processDirectory(Native Method)
10-03 18:05:51.999  2349  2465 E SQLiteDatabase: 	at android.media.MediaScanner.scanDirectories(MediaScanner.java:1403)
10-03 18:05:51.999  2349  2465 E SQLiteDatabase: 	at com.android.providers.media.MediaScannerService.scan(MediaScannerService.java:82)
10-03 18:05:51.999  2349  2465 E SQLiteDatabase: 	at com.android.providers.media.MediaScannerService.-wrap1(Unknown Source:0)
10-03 18:05:51.999  2349  2465 E SQLiteDatabase: 	at com.android.providers.media.MediaScannerService$ServiceHandler.handleMessage(MediaScannerService.java:252)
10-03 18:05:51.999  2349  2465 E SQLiteDatabase: 	at android.os.Handler.dispatchMessage(Handler.java:105)
10-03 18:05:51.999  2349  2465 E SQLiteDatabase: 	at android.os.Looper.loop(Looper.java:164)
10-03 18:05:51.999  2349  2465 E SQLiteDatabase: 	at com.android.providers.media.MediaScannerService.run(MediaScannerService.java:161)
10-03 18:05:51.999  2349  2465 E SQLiteDatabase: 	at java.lang.Thread.run(Thread.java:764)
10-03 18:05:52.001   221  1791 E MetadataRetrieverClient: failed to extract an album art
10-03 18:05:52.005  2349  2465 W MediaProvider: Missing volume for /system/media/audio/ringtones/Playa.ogg; assuming invalid
10-03 18:05:52.013  2349  2465 W MediaProvider: Missing volume for /system/media/audio/ringtones/Pyxis.ogg; assuming invalid
10-03 18:05:52.020  2349  2465 W MediaProvider: Missing volume for /system/media/audio/ringtones/Rasalas.ogg; assuming invalid
10-03 18:05:52.024  2349  2465 W MediaProvider: Missing volume for /system/media/audio/ringtones/Revelation.ogg; assuming invalid
10-03 18:05:52.031  2349  2465 W MediaProvider: Missing volume for /system/media/audio/ringtones/Rigel.ogg; assuming invalid
10-03 18:05:52.038  2349  2465 W MediaProvider: Missing volume for /system/media/audio/ringtones/Ring_Classic_02.ogg; assuming invalid
10-03 18:05:52.046  2349  2465 W MediaProvider: Missing volume for /system/media/audio/ringtones/Ring_Digital_02.ogg; assuming invalid
10-03 18:05:52.052  2349  2465 W MediaProvider: Missing volume for /system/media/audio/ringtones/Ring_Synth_02.ogg; assuming invalid
10-03 18:05:52.116  2349  2465 W MediaProvider: Missing volume for /system/media/audio/ringtones/Ring_Synth_04.ogg; assuming invalid
10-03 18:05:52.157  2349  2465 I MediaScanner: forcing rescan of /system/media/audio/ringtones/Road_Trip.ogg since build fingerprint changed
10-03 18:05:52.177  2349  2465 I MediaScanner: forcing rescan of /system/media/audio/ringtones/RomancingTheTone.ogg since build fingerprint changed
10-03 18:05:52.194  2349  2465 I MediaScanner: forcing rescan of /system/media/audio/ringtones/Safari.ogg since build fingerprint changed
10-03 18:05:52.213  2349  2465 I MediaScanner: forcing rescan of /system/media/audio/ringtones/Savannah.ogg since build fingerprint changed
10-03 18:05:52.233  2349  2465 I MediaScanner: forcing rescan of /system/media/audio/ringtones/Scarabaeus.ogg since build fingerprint changed
10-03 18:05:52.266  2349  2465 I MediaScanner: forcing rescan of /system/media/audio/ringtones/Sceptrum.ogg since build fingerprint changed
10-03 18:05:52.308  2349  2465 I MediaScanner: forcing rescan of /system/media/audio/ringtones/Seville.ogg since build fingerprint changed
10-03 18:05:52.330  2349  2465 I MediaScanner: forcing rescan of /system/media/audio/ringtones/Shes_All_That.ogg since build fingerprint changed
10-03 18:05:52.358  2349  2465 I MediaScanner: forcing rescan of /system/media/audio/ringtones/SilkyWay.ogg since build fingerprint changed
10-03 18:05:52.382  2349  2465 I MediaScanner: forcing rescan of /system/media/audio/ringtones/SitarVsSitar.ogg since build fingerprint changed
10-03 18:05:52.403  2349  2465 I MediaScanner: forcing rescan of /system/media/audio/ringtones/Solarium.ogg since build fingerprint changed
10-03 18:05:52.438  2349  2465 I MediaScanner: forcing rescan of /system/media/audio/ringtones/SpringyJalopy.ogg since build fingerprint changed
10-03 18:05:52.467  2349  2465 I MediaScanner: forcing rescan of /system/media/audio/ringtones/Steppin_Out.ogg since build fingerprint changed
10-03 18:05:52.496  2349  2465 I MediaScanner: forcing rescan of /system/media/audio/ringtones/Terminated.ogg since build fingerprint changed
10-03 18:05:52.530  2349  2465 I MediaScanner: forcing rescan of /system/media/audio/ringtones/Testudo.ogg since build fingerprint changed
10-03 18:05:52.575  2349  2465 I MediaScanner: forcing rescan of /system/media/audio/ringtones/Themos.ogg since build fingerprint changed
10-03 18:05:52.667  2349  2465 I MediaScanner: forcing rescan of /system/media/audio/ringtones/Third_Eye.ogg since build fingerprint changed
10-03 18:05:52.750  2349  2465 I MediaScanner: forcing rescan of /system/media/audio/ringtones/Thunderfoot.ogg since build fingerprint changed
10-03 18:05:52.791  2349  2465 I MediaScanner: forcing rescan of /system/media/audio/ringtones/TwirlAway.ogg since build fingerprint changed
10-03 18:05:52.811  2349  2465 I MediaScanner: forcing rescan of /system/media/audio/ringtones/URSAMINOR.ogg since build fingerprint changed
10-03 18:05:52.866  2349  2465 I MediaScanner: forcing rescan of /system/media/audio/ringtones/UrsaMinor.ogg since build fingerprint changed
10-03 18:05:52.905  2349  2465 I MediaScanner: forcing rescan of /system/media/audio/ringtones/VeryAlarmed.ogg since build fingerprint changed
10-03 18:05:52.925  2349  2465 I MediaScanner: forcing rescan of /system/media/audio/ringtones/Vespa.ogg since build fingerprint changed
10-03 18:05:52.945  2349  2465 I MediaScanner: forcing rescan of /system/media/audio/ringtones/World.ogg since build fingerprint changed
10-03 18:05:52.971  2349  2465 I MediaScanner: forcing rescan of /system/media/audio/ringtones/Zeta.ogg since build fingerprint changed
10-03 18:05:53.006  2349  2465 I MediaScanner: forcing rescan of /system/media/audio/ringtones/hydra.ogg since build fingerprint changed
10-03 18:05:53.314  2349  2465 W MediaScanner: Error opening directory '/oem/media/', skipping: No such file or directory.
10-03 18:05:53.317  2349  2465 W MediaProvider: Missing volume for /system/media/audio/ui; assuming invalid
10-03 18:05:53.330  2349  2465 W MediaProvider: Missing volume for /system/media/audio/ringtones/Road_Trip.ogg; assuming invalid
10-03 18:05:53.332  2349  2465 W MediaProvider: Missing volume for /system/media/audio/ringtones/RomancingTheTone.ogg; assuming invalid
10-03 18:05:53.335  2349  2465 W MediaProvider: Missing volume for /system/media/audio/ringtones/Safari.ogg; assuming invalid
10-03 18:05:53.337  2349  2465 W MediaProvider: Missing volume for /system/media/audio/ringtones/Savannah.ogg; assuming invalid
10-03 18:05:53.340  2349  2465 W MediaProvider: Missing volume for /system/media/audio/ringtones/Scarabaeus.ogg; assuming invalid
10-03 18:05:53.344  2349  2465 W MediaProvider: Missing volume for /system/media/audio/ringtones/Sceptrum.ogg; assuming invalid
10-03 18:05:53.346  2349  2465 W MediaProvider: Missing volume for /system/media/audio/ringtones/Seville.ogg; assuming invalid
10-03 18:05:53.349  2349  2465 W MediaProvider: Missing volume for /system/media/audio/ringtones/Shes_All_That.ogg; assuming invalid
10-03 18:05:53.351  2349  2465 W MediaProvider: Missing volume for /system/media/audio/ringtones/SilkyWay.ogg; assuming invalid
10-03 18:05:53.354  2349  2465 W MediaProvider: Missing volume for /system/media/audio/ringtones/SitarVsSitar.ogg; assuming invalid
10-03 18:05:53.357  2349  2465 W MediaProvider: Missing volume for /system/media/audio/ringtones/Solarium.ogg; assuming invalid
10-03 18:05:53.359  2349  2465 W MediaProvider: Missing volume for /system/media/audio/ringtones/SpringyJalopy.ogg; assuming invalid
10-03 18:05:53.362  2349  2465 W MediaProvider: Missing volume for /system/media/audio/ringtones/Steppin_Out.ogg; assuming invalid
10-03 18:05:53.364  2349  2465 W MediaProvider: Missing volume for /system/media/audio/ringtones/Terminated.ogg; assuming invalid
10-03 18:05:53.369  2349  2465 W MediaProvider: Missing volume for /system/media/audio/ringtones/Testudo.ogg; assuming invalid
10-03 18:05:53.372  2349  2465 W MediaProvider: Missing volume for /system/media/audio/ringtones/Themos.ogg; assuming invalid
10-03 18:05:53.374  2349  2465 W MediaProvider: Missing volume for /system/media/audio/ringtones/Third_Eye.ogg; assuming invalid
10-03 18:05:53.377  2349  2465 W MediaProvider: Missing volume for /system/media/audio/ringtones/Thunderfoot.ogg; assuming invalid
10-03 18:05:53.379  2349  2465 W MediaProvider: Missing volume for /system/media/audio/ringtones/TwirlAway.ogg; assuming invalid
10-03 18:05:53.382  2349  2465 W MediaProvider: Missing volume for /system/media/audio/ringtones/URSAMINOR.ogg; assuming invalid
10-03 18:05:53.385  2349  2465 W MediaProvider: Missing volume for /system/media/audio/ringtones/UrsaMinor.ogg; assuming invalid
10-03 18:05:53.387  2349  2465 E SQLiteDatabase: Error inserting title_key=QKM)A9CEK parent=98 is_music=false title=UrsaMinor _size=185005 duration=12800 bucket_id=293500348 is_alarm=false album_artist=null media_type=2 storage_id=0 is_notification=false track=0 bucket_display_name=ringtones _data=/system/media/audio/ringtones/UrsaMinor.ogg is_drm=false _display_name=UrsaMinor.ogg composer=null format=47362 is_ringtone=true artist_id=1 is_podcast=false date_added=1507034153 date_modified=1230748200 mime_type=application/ogg album_id=4
10-03 18:05:53.387  2349  2465 E SQLiteDatabase: android.database.sqlite.SQLiteConstraintException: UNIQUE constraint failed: files._data (code 2067)
10-03 18:05:53.387  2349  2465 E SQLiteDatabase: 	at android.database.sqlite.SQLiteConnection.nativeExecuteForLastInsertedRowId(Native Method)
10-03 18:05:53.387  2349  2465 E SQLiteDatabase: 	at android.database.sqlite.SQLiteConnection.executeForLastInsertedRowId(SQLiteConnection.java:782)
10-03 18:05:53.387  2349  2465 E SQLiteDatabase: 	at android.database.sqlite.SQLiteSession.executeForLastInsertedRowId(SQLiteSession.java:788)
10-03 18:05:53.387  2349  2465 E SQLiteDatabase: 	at android.database.sqlite.SQLiteStatement.executeInsert(SQLiteStatement.java:86)
10-03 18:05:53.387  2349  2465 E SQLiteDatabase: 	at android.database.sqlite.SQLiteDatabase.insertWithOnConflict(SQLiteDatabase.java:1474)
10-03 18:05:53.387  2349  2465 E SQLiteDatabase: 	at android.database.sqlite.SQLiteDatabase.insert(SQLiteDatabase.java:1343)
10-03 18:05:53.387  2349  2465 E SQLiteDatabase: 	at com.android.providers.media.MediaProvider.insertFile(MediaProvider.java:2260)
10-03 18:05:53.387  2349  2465 E SQLiteDatabase: 	at com.android.providers.media.MediaProvider.insertInternal(MediaProvider.java:2493)
10-03 18:05:53.387  2349  2465 E SQLiteDatabase: 	at com.android.providers.media.MediaProvider.bulkInsert(MediaProvider.java:1866)
10-03 18:05:53.387  2349  2465 E SQLiteDatabase: 	at android.content.ContentProvider$Transport.bulkInsert(ContentProvider.java:282)
10-03 18:05:53.387  2349  2465 E SQLiteDatabase: 	at android.content.ContentProviderClient.bulkInsert(ContentProviderClient.java:290)
10-03 18:05:53.387  2349  2465 E SQLiteDatabase: 	at android.media.MediaInserter.flush(MediaInserter.java:91)
10-03 18:05:53.387  2349  2465 E SQLiteDatabase: 	at android.media.MediaInserter.flushAll(MediaInserter.java:74)
10-03 18:05:53.387  2349  2465 E SQLiteDatabase: 	at android.media.MediaScanner.scanDirectories(MediaScanner.java:1408)
10-03 18:05:53.387  2349  2465 E SQLiteDatabase: 	at com.android.providers.media.MediaScannerService.scan(MediaScannerService.java:82)
10-03 18:05:53.387  2349  2465 E SQLiteDatabase: 	at com.android.providers.media.MediaScannerService.-wrap1(Unknown Source:0)
10-03 18:05:53.387  2349  2465 E SQLiteDatabase: 	at com.android.providers.media.MediaScannerService$ServiceHandler.handleMessage(MediaScannerService.java:252)
10-03 18:05:53.387  2349  2465 E SQLiteDatabase: 	at android.os.Handler.dispatchMessage(Handler.java:105)
10-03 18:05:53.387  2349  2465 E SQLiteDatabase: 	at android.os.Looper.loop(Looper.java:164)
10-03 18:05:53.387  2349  2465 E SQLiteDatabase: 	at com.android.providers.media.MediaScannerService.run(MediaScannerService.java:161)
10-03 18:05:53.387  2349  2465 E SQLiteDatabase: 	at java.lang.Thread.run(Thread.java:764)
10-03 18:05:53.389  2349  2465 W MediaProvider: Missing volume for /system/media/audio/ringtones/VeryAlarmed.ogg; assuming invalid
10-03 18:05:53.392  2349  2465 W MediaProvider: Missing volume for /system/media/audio/ringtones/Vespa.ogg; assuming invalid
10-03 18:05:53.394  2349  2465 W MediaProvider: Missing volume for /system/media/audio/ringtones/World.ogg; assuming invalid
10-03 18:05:53.398  2349  2465 W MediaProvider: Missing volume for /system/media/audio/ringtones/Zeta.ogg; assuming invalid
10-03 18:05:53.410  2349  2465 W MediaProvider: Missing volume for /system/media/audio/ui/Dock.ogg; assuming invalid
10-03 18:05:53.415  2349  2465 W MediaProvider: Missing volume for /system/media/audio/ui/Effect_Tick.ogg; assuming invalid
10-03 18:05:53.420   221  1791 E MetadataRetrieverClient: failed to extract an album art
10-03 18:05:53.425  2349  2465 W MediaProvider: Missing volume for /system/media/audio/ui/KeypressDelete.ogg; assuming invalid
10-03 18:05:53.432  2349  2465 W MediaProvider: Missing volume for /system/media/audio/ui/KeypressInvalid.ogg; assuming invalid
10-03 18:05:53.436  2349  2465 W MediaProvider: Missing volume for /system/media/audio/ui/KeypressReturn.ogg; assuming invalid
10-03 18:05:53.440  2349  2465 W MediaProvider: Missing volume for /system/media/audio/ui/KeypressSpacebar.ogg; assuming invalid
10-03 18:05:53.444  2349  2465 W MediaProvider: Missing volume for /system/media/audio/ui/KeypressStandard.ogg; assuming invalid
10-03 18:05:53.476  2349  2465 W MediaProvider: Missing volume for /system/media/audio/ui/Lock.ogg; assuming invalid
10-03 18:05:53.479  3467  3467 I chatty  : uid=1027(nfc) /vendor/bin/hw/android.hardware.nfc@1.0-service expire 3 lines
10-03 18:05:53.483  2349  2465 W MediaProvider: Missing volume for /system/media/audio/ui/LowBattery.ogg; assuming invalid
10-03 18:05:53.487  2349  2465 W MediaProvider: Missing volume for /system/media/audio/ui/Trusted.ogg; assuming invalid
10-03 18:05:53.490  2349  2465 W MediaProvider: Missing volume for /system/media/audio/ui/Undock.ogg; assuming invalid
10-03 18:05:53.493  2349  2465 W MediaProvider: Missing volume for /system/media/audio/ui/Unlock.ogg; assuming invalid
10-03 18:05:53.498  2349  2465 W MediaProvider: Missing volume for /system/media/audio/ui/VideoRecord.ogg; assuming invalid
10-03 18:05:53.500  2349  2465 W MediaProvider: Missing volume for /system/media/audio/ui/VideoStop.ogg; assuming invalid
10-03 18:05:53.503  2349  2465 W MediaProvider: Missing volume for /system/media/audio/ui/WirelessChargingStarted.ogg; assuming invalid
10-03 18:05:53.506  2349  2465 W MediaProvider: Missing volume for /system/media/audio/ui/camera_click.ogg; assuming invalid
10-03 18:05:53.509  2349  2465 W MediaProvider: Missing volume for /system/media/audio/ui/camera_focus.ogg; assuming invalid
10-03 18:05:54.046  3472  3472 E linker  : "/system/vendor/lib/libmmjpeg.so" has text relocations
10-03 18:05:54.048  3472  3472 F libc    : CANNOT LINK EXECUTABLE "/vendor/bin/mm-qcamera-daemon": "/system/vendor/lib/libmmjpeg.so" has text relocations
10-03 18:05:54.048  3472  3472 F libc    : Fatal signal 6 (SIGABRT), code -6 in tid 3472 (mm-qcamera-daem)
10-03 18:05:54.081  3475  3475 I crash_dump32: obtaining output fd from tombstoned
10-03 18:05:54.081   242   242 I /system/bin/tombstoned: received crash request for pid 3472
10-03 18:05:54.082  3475  3475 I crash_dump32: performing dump of process 3472 (target tid = 3472)
10-03 18:05:54.082  3472  3472 F libc    : failed to resend signal during crash: Operation not permitted
10-03 18:05:54.083  3475  3475 E DEBUG   : unexpected waitpid response: n=3472, status=00000100
10-03 18:05:54.084   242   242 W /system/bin/tombstoned: crash socket received short read of length 0 (expected 8)
10-03 18:05:54.085   611   699 I BootReceiver: Copying /data/tombstones/tombstone_09 to DropBox (SYSTEM_TOMBSTONE)
10-03 18:05:58.470  3508  3508 I chatty  : uid=1027(nfc) /vendor/bin/hw/android.hardware.nfc@1.0-service expire 3 lines
10-03 18:05:58.922   611   704 I PowerManagerService: Going to sleep due to screen timeout (uid 1000)...
10-03 18:05:58.924   611   704 I PowerManagerService: Sleeping (uid 1000)...
10-03 18:05:58.962   611   704 W Adreno-EGL: <qeglDrvAPI_eglGetConfigAttrib:607>: EGL_BAD_ATTRIBUTE
10-03 18:05:58.964   611   704 I vndksupport: sphal namespace is not configured for this process. Loading /vendor/lib/hw/gralloc.msm8960.so from the current namespace instead.
10-03 18:05:58.978   611   704 W Adreno-EGL: <qeglDrvAPI_eglQueryContext:4373>: EGL_BAD_ATTRIBUTE
10-03 18:05:59.106  3510  3510 E linker  : "/system/vendor/lib/libmmjpeg.so" has text relocations
10-03 18:05:59.108  3510  3510 F libc    : CANNOT LINK EXECUTABLE "/vendor/bin/mm-qcamera-daemon": "/system/vendor/lib/libmmjpeg.so" has text relocations
10-03 18:05:59.108  3510  3510 F libc    : Fatal signal 6 (SIGABRT), code -6 in tid 3510 (mm-qcamera-daem)
10-03 18:05:59.144  3522  3522 I crash_dump32: obtaining output fd from tombstoned
10-03 18:05:59.145   242   242 I /system/bin/tombstoned: received crash request for pid 3510
10-03 18:05:59.170  3522  3522 I crash_dump32: performing dump of process 3510 (target tid = 3510)
10-03 18:05:59.170  3510  3510 F libc    : failed to resend signal during crash: Operation not permitted
10-03 18:05:59.170  3522  3522 E DEBUG   : unexpected waitpid response: n=3510, status=00000100
10-03 18:05:59.172   242   242 W /system/bin/tombstoned: crash socket received short read of length 0 (expected 8)
10-03 18:05:59.175   611   699 I BootReceiver: Copying /data/tombstones/tombstone_00 to DropBox (SYSTEM_TOMBSTONE)
10-03 18:05:59.280  2218  2416 I chatty  : uid=1027(nfc) com.android.nfc expire 8 lines
10-03 18:05:59.511   611   704 I DisplayPowerController: Blocking screen off
10-03 18:05:59.516   611   704 E libEGL  : call to OpenGL ES API with no current context (logged once per thread)
10-03 18:05:59.517   611   704 I DisplayPowerController: Unblocked screen off after 6 ms
10-03 18:05:59.558   198   198 D SurfaceFlinger: Set power mode=0, type=0 flinger=0xb29d1000
10-03 18:05:59.559   611   702 I DisplayManagerService: Display device changed state: "Built-in Screen", OFF
10-03 18:05:59.569   611   800 I InputReader: Reconfiguring input devices.  changes=0x00000004
10-03 18:05:59.742   611  1681 D SurfaceControl: Excessive delay in setPowerMode(): 183ms
10-03 18:05:59.743   211   229 E ANDR-PERF-LOCK: Failed to apply optimization for resource: 4 level: 0
10-03 18:06:02.297   207   277 D ThermalDaemon: Sensor 'batt_therm' - alarm cleared 3 at 37.0 degC
10-03 18:06:02.298   207   277 D ThermalDaemon: ACTION: LCD - Setting max LCD brightness to 215
10-03 18:06:02.755   445   445 E kickstart: Wrote to /sys/power/wake_lock
10-03 18:06:02.907   445   445 E kickstart: Received file "/dev/block/platform/msm_sdcc.1/by-name/m9kefs2"
10-03 18:06:02.907   445   445 E kickstart: 786432 bytes transferred in 0.145s (5.18 MBps)
10-03 18:06:02.908   445   445 E kickstart: Successfully downloaded files from target 
10-03 18:06:02.908   445   445 E kickstart: Wrote to /sys/power/wake_unlock
10-03 18:06:02.911   445   445 E kickstart: Sahara protocol completed
10-03 18:06:03.506  3540  3540 I chatty  : uid=1027(nfc) /vendor/bin/hw/android.hardware.nfc@1.0-service expire 3 lines
10-03 18:06:04.009   611  2303 D CryptdConnector: SND -> {4 cryptfs getpw}
10-03 18:06:04.010   172   178 D VoldCryptCmdListener: cryptfs getpw
10-03 18:06:04.011   611   803 D CryptdConnector: RCV <- {200 4 -1}
10-03 18:06:04.011   611  2303 D CryptdConnector: SND -> {5 cryptfs clearpw}
10-03 18:06:04.012   172   178 D VoldCryptCmdListener: cryptfs clearpw
10-03 18:06:04.012   611   803 D CryptdConnector: RCV <- {200 5 0}
10-03 18:06:04.065  3545  3545 E linker  : "/system/vendor/lib/libmmjpeg.so" has text relocations
10-03 18:06:04.067  3545  3545 F libc    : CANNOT LINK EXECUTABLE "/vendor/bin/mm-qcamera-daemon": "/system/vendor/lib/libmmjpeg.so" has text relocations
10-03 18:06:04.067  3545  3545 F libc    : Fatal signal 6 (SIGABRT), code -6 in tid 3545 (mm-qcamera-daem)
10-03 18:06:04.075  1731  1731 D StatusBar: disable<e i a s b h r c s q >
10-03 18:06:04.080   214  1833 I CameraService: CameraService::connect call (PID -1 "cameraserver", camera ID 0) for HAL version default and Camera API version 1
10-03 18:06:04.083   221  1789 D NuPlayerDriver: NuPlayerDriver(0xa50944d0) created, clientPid(214)
10-03 18:06:04.087  1731  1731 D StatusBar: disable<e i a s b h r c s q >
10-03 18:06:04.107   221  3548 D NuPlayerDriver: notifyListener_l(0xa50944d0), (1, 0, 0, -1), loop setting(0, 0)
10-03 18:06:04.108   221  1789 D NuPlayerDriver: NuPlayerDriver(0xa50945b0) created, clientPid(214)
10-03 18:06:04.110  3554  3554 I crash_dump32: obtaining output fd from tombstoned
10-03 18:06:04.111   242   242 I /system/bin/tombstoned: received crash request for pid 3545
10-03 18:06:04.112  3554  3554 I crash_dump32: performing dump of process 3545 (target tid = 3545)
10-03 18:06:04.112  3545  3545 F libc    : failed to resend signal during crash: Operation not permitted
10-03 18:06:04.114   242   242 W /system/bin/tombstoned: crash socket received short read of length 0 (expected 8)
10-03 18:06:04.116   611   699 I BootReceiver: Copying /data/tombstones/tombstone_01 to DropBox (SYSTEM_TOMBSTONE)
