10-16 23:40:27.689  6575  6575 F libc    : Fatal signal 6 (SIGABRT), code -6 in tid 6575 (mm-qcamera-daem)
10-16 23:40:27.732  6575  6575 F libc    : failed to resend signal during crash: Operation not permitted
10-16 23:40:27.735  4375  4395 I BootReceiver: Copying /data/tombstones/tombstone_09 to DropBox (SYSTEM_TOMBSTONE)
10-16 23:40:29.379  4375  4436 I ActivityManager: START u0 {flg=0x8000 cmp=com.android.settings/.Settings$SoundSettingsActivity (has extras)} from uid 1000
10-16 23:40:29.459  4375  4436 E UserRestrictionsUtils: Unknown restriction: null
10-16 23:40:29.460  4375  4831 E UserRestrictionsUtils: Unknown restriction: null
10-16 23:40:29.461  4375  5378 E UserRestrictionsUtils: Unknown restriction: null
10-16 23:40:29.462  4375  5383 E UserRestrictionsUtils: Unknown restriction: null
10-16 23:40:29.464  4375  4386 E UserRestrictionsUtils: Unknown restriction: null
10-16 23:40:29.478  4375  4922 E UserRestrictionsUtils: Unknown restriction: null
10-16 23:40:32.257  4375  4393 E BatteryStatsService: no controller energy info supplied
10-16 23:40:32.257  4375  4393 E BatteryStatsService: no controller energy info supplied
10-16 23:40:32.277  4375  4393 E BatteryStatsService: modem info is invalid: ModemActivityInfo{ mTimestamp=0 mSleepTimeMs=0 mIdleTimeMs=0 mTxTimeMs[]=[0, 0, 0, 0, 0] mRxTimeMs=0 mEnergyUsed=0}
10-16 23:40:32.700  6644  6644 F libc    : CANNOT LINK EXECUTABLE "/system/bin/mm-qcamera-daemon": "/system/lib/libmmjpeg.so" has text relocations
10-16 23:40:32.701  6644  6644 F libc    : Fatal signal 6 (SIGABRT), code -6 in tid 6644 (mm-qcamera-daem)
10-16 23:40:32.745  6644  6644 F libc    : failed to resend signal during crash: Operation not permitted
10-16 23:40:32.750  4375  4395 I BootReceiver: Copying /data/tombstones/tombstone_00 to DropBox (SYSTEM_TOMBSTONE)
10-16 23:40:32.984  4375  4922 I ActivityManager: START u0 {act=android.intent.action.RINGTONE_PICKER cmp=com.android.providers.media/.RingtonePickerActivity (has extras)} from uid 1000
10-16 23:40:36.725  4375  4393 E BatteryStatsService: modem info is invalid: ModemActivityInfo{ mTimestamp=0 mSleepTimeMs=0 mIdleTimeMs=0 mTxTimeMs[]=[0, 0, 0, 0, 0] mRxTimeMs=0 mEnergyUsed=0}
10-16 23:40:37.709  6788  6788 F libc    : CANNOT LINK EXECUTABLE "/system/bin/mm-qcamera-daemon": "/system/lib/libmmjpeg.so" has text relocations
10-16 23:40:37.709  6788  6788 F libc    : Fatal signal 6 (SIGABRT), code -6 in tid 6788 (mm-qcamera-daem)
10-16 23:40:37.756  6788  6788 F libc    : failed to resend signal during crash: Operation not permitted
10-16 23:40:37.761  4375  4395 I BootReceiver: Copying /data/tombstones/tombstone_01 to DropBox (SYSTEM_TOMBSTONE)
10-16 23:40:40.662  4375  4468 I ActivityManager: START u0 {act=android.intent.action.MAIN cat=[android.intent.category.HOME] flg=0x10200000 cmp=com.android.launcher3/.Launcher (has extras)} from uid 1000
10-16 23:40:41.909  4375  4386 I ActivityManager: START u0 {act=android.intent.action.MAIN cat=[android.intent.category.LAUNCHER] flg=0x10200000 pkg=com.android.dialer cmp=com.android.dialer/.app.DialtactsActivity bnds=[42,1029][181,1189]} from uid 10013
10-16 23:40:42.695  6893  6893 F libc    : CANNOT LINK EXECUTABLE "/system/bin/mm-qcamera-daemon": "/system/lib/libmmjpeg.so" has text relocations
10-16 23:40:42.695  6893  6893 F libc    : Fatal signal 6 (SIGABRT), code -6 in tid 6893 (mm-qcamera-daem)
10-16 23:40:42.751  6893  6893 F libc    : failed to resend signal during crash: Operation not permitted
10-16 23:40:42.755  4375  4395 I BootReceiver: Copying /data/tombstones/tombstone_02 to DropBox (SYSTEM_TOMBSTONE)
10-16 23:40:47.231  4375  4393 E BatteryStatsService: modem info is invalid: ModemActivityInfo{ mTimestamp=0 mSleepTimeMs=0 mIdleTimeMs=0 mTxTimeMs[]=[0, 0, 0, 0, 0] mRxTimeMs=0 mEnergyUsed=0}
10-16 23:40:47.701  6936  6936 F libc    : CANNOT LINK EXECUTABLE "/system/bin/mm-qcamera-daemon": "/system/lib/libmmjpeg.so" has text relocations
10-16 23:40:47.701  6936  6936 F libc    : Fatal signal 6 (SIGABRT), code -6 in tid 6936 (mm-qcamera-daem)
10-16 23:40:47.751  6936  6936 F libc    : failed to resend signal during crash: Operation not permitted
10-16 23:40:47.755  4375  4395 I BootReceiver: Copying /data/tombstones/tombstone_03 to DropBox (SYSTEM_TOMBSTONE)
10-16 23:40:48.796  4375  4391 D AutofillManagerService: onBackKeyPressed()
10-16 23:40:49.538  4375  4391 D AutofillManagerService: onBackKeyPressed()
10-16 23:40:50.530  4375  4831 I ActivityManager: START u0 {act=android.intent.action.MAIN cat=[android.intent.category.LAUNCHER] flg=0x10200000 pkg=com.android.camera2 cmp=com.android.camera2/com.android.camera.CameraLauncher bnds=[598,1029][737,1189]} from uid 10013
10-16 23:40:50.566  4375  4676 I ActivityManager: Start proc 6965:com.android.camera2/u0a34 for activity com.android.camera2/com.android.camera.CameraLauncher
10-16 23:40:51.815  4375  4389 D ConnectivityService: requestNetwork for uid/pid:1000/4375 NetworkRequest [ REQUEST id=6, legacyType=3, [ Transports: CELLULAR Capabilities: SUPL&NOT_RESTRICTED&TRUSTED&NOT_VPN] ]
10-16 23:40:51.817  4375  4503 D ConnectivityService: Sending CONNECTED broadcast for type 3 NetworkAgentInfo [MOBILE (HSPA+) - 100] isDefaultNetwork=true
10-16 23:40:51.858  4375  4389 F libc    : Fatal signal 11 (SIGSEGV), code 1, fault addr 0x1c in tid 4389 (android.bg)
10-16 23:40:52.084  4375  4389 F libc    : failed to resend signal during crash: Operation not permitted
10-16 23:40:52.127  6965  6965 E AndroidRuntime: FATAL EXCEPTION: main
10-16 23:40:52.127  6965  6965 E AndroidRuntime: Process: com.android.camera2, PID: 6965
10-16 23:40:52.127  6965  6965 E AndroidRuntime: DeadSystemException: The system died; earlier logs will point to the root cause
10-16 23:40:52.143  4700  4912 E AndroidRuntime: FATAL EXCEPTION: DcHandlerThread
10-16 23:40:52.143  4700  4912 E AndroidRuntime: Process: com.android.phone, PID: 4700
10-16 23:40:52.143  4700  4912 E AndroidRuntime: DeadSystemException: The system died; earlier logs will point to the root cause
10-16 23:40:52.700  7135  7135 F libc    : CANNOT LINK EXECUTABLE "/system/bin/mm-qcamera-daemon": "/system/lib/libmmjpeg.so" has text relocations
10-16 23:40:52.700  7135  7135 F libc    : Fatal signal 6 (SIGABRT), code -6 in tid 7135 (mm-qcamera-daem)
10-16 23:40:53.289  7135  7135 F libc    : failed to resend signal during crash: Operation not permitted
10-16 23:40:53.297  4556  4556 E AndroidRuntime: FATAL EXCEPTION: main
10-16 23:40:53.297  4556  4556 E AndroidRuntime: Process: com.android.systemui, PID: 4556
10-16 23:40:53.297  4556  4556 E AndroidRuntime: DeadSystemException: The system died; earlier logs will point to the root cause
10-16 23:40:54.003  7170  7170 I wificond: wificond is starting up...
10-16 23:40:55.574  7165  7165 D Zygote32Timing: BeginIcuCachePinning took to complete: 24ms
10-16 23:40:56.579  7165  7165 D Zygote32Timing: PreloadClasses took to complete: 1006ms
10-16 23:40:56.894  7165  7165 D Zygote32Timing: PreloadResources took to complete: 314ms
10-16 23:40:57.050  7165  7165 D Zygote32Timing: ZygotePreload took to complete: 1500ms
10-16 23:40:57.155  7165  7165 D Zygote32Timing: PostZygoteInitGC took to complete: 104ms
10-16 23:40:57.155  7165  7165 D Zygote32Timing: ZygoteInit took to complete: 1605ms
10-16 23:40:57.322  7252  7252 I chatty  : uid=1000 system_server expire 189 lines
10-16 23:40:57.588  7252  7265 I chatty  : uid=1000 system_server expire 11 lines
10-16 23:40:57.651  7252  7268 I chatty  : uid=1000(system) ActivityManager expire 1 line
10-16 23:40:57.661  7252  7269 I chatty  : uid=1000(system) android.ui expire 1 line
10-16 23:40:57.708  7271  7271 F libc    : CANNOT LINK EXECUTABLE "/system/bin/mm-qcamera-daemon": "/system/lib/libmmjpeg.so" has text relocations
10-16 23:40:57.708  7271  7271 F libc    : Fatal signal 6 (SIGABRT), code -6 in tid 7271 (mm-qcamera-daem)
10-16 23:40:57.757  7271  7271 F libc    : failed to resend signal during crash: Operation not permitted
10-16 23:40:57.945  7252  7282 I chatty  : uid=1000(system) android.display expire 4 lines
10-16 23:40:59.023  7252  7297 I chatty  : uid=1000(system) PowerManagerSer expire 1 line
10-16 23:40:59.581  7252  7318 I chatty  : uid=1000 system_server expire 5 lines
10-16 23:40:59.821  7252  7320 I chatty  : uid=1000(system) android.anim expire 1 line
10-16 23:40:59.826  7252  7321 I chatty  : uid=1000 system_server expire 6 lines
10-16 23:40:59.830  7252  7322 I chatty  : uid=1000 system_server expire 3 lines
10-16 23:40:59.851  7252  7275 I chatty  : uid=1000(system) batterystats-sy expire 4 lines
10-16 23:40:59.935  7252  7328 I chatty  : uid=1000(system) CameraService_p expire 1 line
10-16 23:41:02.701  7340  7340 F libc    : CANNOT LINK EXECUTABLE "/system/bin/mm-qcamera-daemon": "/system/lib/libmmjpeg.so" has text relocations
10-16 23:41:02.701  7340  7340 F libc    : Fatal signal 6 (SIGABRT), code -6 in tid 7340 (mm-qcamera-daem)
10-16 23:41:02.745  7340  7340 F libc    : failed to resend signal during crash: Operation not permitted
10-16 23:41:03.117  7252  7267 I chatty  : uid=1000(system) android.bg expire 2 lines
10-16 23:41:03.162  7252  7367 I chatty  : uid=1000(system) StorageManagerS expire 9 lines
10-16 23:41:03.166  7252  7370 I chatty  : uid=1000(system) CryptdConnector expire 1 line
10-16 23:41:03.169  7252  7368 I chatty  : uid=1000(system) VoldConnector expire 2 lines
10-16 23:41:03.275  7252  7252 I chatty  : uid=1000 system_server expire 4 lines
10-16 23:41:03.295  7252  7252 D SystemServerTiming: StartDevicePolicyManager took to complete: 15ms
10-16 23:41:03.295  7252  7252 I SystemServer: StartStatusBarManagerService
10-16 23:41:03.298  7252  7252 D SystemServerTiming: StartStatusBarManagerService took to complete: 3ms
10-16 23:41:03.298  7252  7252 I SystemServer: StartClipboardService
10-16 23:41:03.298  7252  7252 I SystemServiceManager: Starting com.android.server.clipboard.ClipboardService
10-16 23:41:03.301  7252  7252 D SystemServerTiming: StartClipboardService took to complete: 3ms
10-16 23:41:03.301  7252  7252 I SystemServer: StartNetworkManagementService
10-16 23:41:03.307  7252  7371 I NetworkManagement: onDaemonConnected()
10-16 23:41:03.310  7252  7252 D SystemServerTiming: StartNetworkManagementService took to complete: 8ms
10-16 23:41:03.310  7252  7252 I SystemServer: StartTextServicesManager
10-16 23:41:03.310  7252  7252 I SystemServiceManager: Starting com.android.server.TextServicesManagerService$Lifecycle
10-16 23:41:03.321  7252  7252 D SystemServerTiming: StartTextServicesManager took to complete: 11ms
10-16 23:41:03.321  7252  7252 I SystemServer: StartNetworkScoreService
10-16 23:41:03.324  7252  7252 D SystemServerTiming: StartNetworkScoreService took to complete: 4ms
10-16 23:41:03.325  7252  7252 I SystemServer: StartNetworkStatsService
10-16 23:41:03.331  7252  7252 D SystemServerTiming: StartNetworkStatsService took to complete: 7ms
10-16 23:41:03.331  7252  7252 I SystemServer: StartNetworkPolicyManagerService
10-16 23:41:03.339  7252  7374 I ServiceThread: Enabled StrictMode logging for NetworkPolicy.uid looper.
10-16 23:41:03.341  7252  7252 D SystemServerTiming: StartNetworkPolicyManagerService took to complete: 9ms
10-16 23:41:03.341  7252  7252 I SystemServer: StartWifi
10-16 23:41:03.342  7252  7252 I SystemServiceManager: Starting com.android.server.wifi.WifiService
10-16 23:41:03.427  7252  7252 D SystemServerTiming: StartWifi took to complete: 87ms
10-16 23:41:03.428  7252  7252 I SystemServer: StartWifiScanning
10-16 23:41:03.428  7252  7252 I SystemServiceManager: Starting com.android.server.wifi.scanner.WifiScanningService
10-16 23:41:03.431  7252  7252 D SystemServerTiming: StartWifiScanning took to complete: 3ms
10-16 23:41:03.431  7252  7252 I SystemServer: StartWifiRtt
10-16 23:41:03.432  7252  7252 I SystemServiceManager: Starting com.android.server.wifi.RttService
10-16 23:41:03.434  7252  7252 D SystemServerTiming: StartWifiRtt took to complete: 2ms
10-16 23:41:03.434  7252  7252 I SystemServer: No Wi-Fi Aware Service (Aware support Not Present)
10-16 23:41:03.434  7252  7252 I SystemServer: StartWifiP2P
10-16 23:41:03.434  7252  7252 I SystemServiceManager: Starting com.android.server.wifi.p2p.WifiP2pService
10-16 23:41:03.445  7252  7252 D SystemServerTiming: StartWifiP2P took to complete: 12ms
10-16 23:41:03.446  7252  7252 I SystemServer: StartEthernet
10-16 23:41:03.446  7252  7252 I SystemServiceManager: Starting com.android.server.ethernet.EthernetService
10-16 23:41:03.449  7252  7252 D SystemServerTiming: StartEthernet took to complete: 3ms
10-16 23:41:03.449  7252  7252 I SystemServer: StartConnectivityService
10-16 23:41:03.459  7252  7252 D ConnectivityService: ConnectivityService starting up
10-16 23:41:03.463  7252  7252 D ConnectivityService: wifiOnly=false
10-16 23:41:03.464  7252  7252 E ConnectivityService: Ignoring protectedNetwork 14
10-16 23:41:03.464  7252  7252 E ConnectivityService: Ignoring protectedNetwork 15
10-16 23:41:03.483  7252  7252 D SystemServerTiming: StartConnectivityService took to complete: 35ms
10-16 23:41:03.484  7252  7252 I SystemServer: StartNsdService
10-16 23:41:03.487  7252  7252 D NsdService: Network service discovery enabled true
10-16 23:41:03.489  7252  7252 D SystemServerTiming: StartNsdService took to complete: 5ms
10-16 23:41:03.489  7252  7252 I SystemServer: StartUpdateLockService
10-16 23:41:03.492  7252  7252 D SystemServerTiming: StartUpdateLockService took to complete: 2ms
10-16 23:41:03.492  7252  7252 I SystemServer: WaitForAsecScan
10-16 23:41:03.492  7252  7252 D SystemServerTiming: WaitForAsecScan took to complete: 0ms
10-16 23:41:03.492  7252  7252 I SystemServer: StartNotificationManager
10-16 23:41:03.493  7252  7252 I SystemServiceManager: Starting com.android.server.notification.NotificationManagerService
10-16 23:41:03.521  7252  7252 D ConditionProviders.SCP: new ScheduleConditionProvider()
10-16 23:41:03.528  7252  7252 D ZenLog  : config: readXml,ZenModeConfig[user=0,allowCalls=true,allowRepeatCallers=false,allowMessages=false,allowCallsFrom=contacts,allowMessagesFrom=contacts,allowReminders=true,allowEvents=true,allowWhenScreenOff=true,allowWhenScreenOn=true,automaticRules={741d75331e354f589237e31c3e98e93e=ZenRule[enabled=false,snoozing=false,name=Weeknight,zenMode=ZEN_MODE_ALARMS,conditionId=condition://android/schedule?days=1.2.3.4.5&start=22.0&end=7.0&exitAtAlarm=false,condition=Condition[id=condition://android/schedule?days=1.2.3.4.5&start=22.0&end=7.0&exitAtAlarm=false,summary=...,line1=...,line2=...,icon=0,state=STATE_TRUE,flags=2],component=ComponentInfo{android/com.android.server.notification.ScheduleConditionProvider},id=741d75331e354f589237e31c3e98e93e,creationTime=1508177277398,enabler=null], e4958dada0704982bd0059d2363fd6e3=ZenRule[enabled=false,snoozing=false,name=Weekend,zenMode=ZEN_MODE_ALARMS,conditionId=condition://android/schedule?days=6.7&start=23.30&end=10.0&exitAtAlarm=false,condition=Condition[id=condition://android/schedule?days=6.7&start=23.30&end=10.0&exitAtAlarm=false,summary=...,line1=...,line2=...,icon=0,state=STATE_FALSE,flags=2],component=ComponentInfo{android/com.android.server.notification.ScheduleConditionProvider},id=e4958dada0704982bd0059d2363fd6e3,creationTime=1508177277398,enabler=null], 2643baeaf9c34d89aff6ed68090cff78=ZenRule[enabled=false,snoozing=false,name=Event,zenMode=ZEN_MODE_ALARMS,conditionId=condition://android/event?userId=-10000&calendar=&reply=1,condition=Condition[id=condition://android/event?userId=-10000&calendar=&reply=1,summary=...,line1=...,line2=...,icon=0,state=STATE_FALSE,flags=2],component=ComponentInfo{android/com.android.server.notification.EventConditionProvider},id=2643baeaf9c34d89aff6ed68090cff78,creationTime=1508177277399,enabler=null]},manualRule=null],Diff[automaticRule[b9a6b2c2eab1419a8dad580c862d6d0d]:delete,automaticRule[1d4e0f78a2b94edba2e7187e3c156e6c]:delete,automaticRule[695aa289846d481ba4edef1fad2adbb7]:delete,automaticRule[741d75331e354f589237e31c3e98e93e]:insert,automaticRule[e4958dada0704982bd0059d2363fd6e3]:insert,automaticRule[2643baeaf9c34d89aff6ed68090cff78]:insert]
10-16 23:41:03.534  7252  7252 D ZenLog  : set_zen_mode: off,init
10-16 23:41:03.541  7252  7252 D SystemServerTiming: StartNotificationManager took to complete: 50ms
10-16 23:41:03.541  7252  7252 I SystemServer: StartDeviceMonitor
10-16 23:41:03.542  7252  7252 I SystemServiceManager: Starting com.android.server.storage.DeviceStorageMonitorService
10-16 23:41:03.543  7252  7252 D SystemServerTiming: StartDeviceMonitor took to complete: 2ms
10-16 23:41:03.544  7252  7252 I SystemServer: StartLocationManagerService
10-16 23:41:03.547  7252  7252 D SystemServerTiming: StartLocationManagerService took to complete: 4ms
10-16 23:41:03.547  7252  7252 I SystemServer: StartCountryDetectorService
10-16 23:41:03.549  7252  7252 D SystemServerTiming: StartCountryDetectorService took to complete: 1ms
10-16 23:41:03.549  7252  7252 I SystemServer: StartSearchManagerService
10-16 23:41:03.549  7252  7252 I SystemServiceManager: Starting com.android.server.search.SearchManagerService$Lifecycle
10-16 23:41:03.552  7252  7252 D SystemServerTiming: StartSearchManagerService took to complete: 3ms
10-16 23:41:03.552  7252  7252 I SystemServer: StartWallpaperManagerService
10-16 23:41:03.553  7252  7252 I SystemServiceManager: Starting com.android.server.wallpaper.WallpaperManagerService$Lifecycle
10-16 23:41:03.556  7252  7252 I WallpaperManagerService: No static wallpaper imagery; defaults will be shown
10-16 23:41:03.557  7252  7252 D SystemServerTiming: StartWallpaperManagerService took to complete: 5ms
10-16 23:41:03.558  7252  7252 I SystemServer: StartAudioService
10-16 23:41:03.558  7252  7252 I SystemServiceManager: Starting com.android.server.audio.AudioService$Lifecycle
10-16 23:41:03.625  7252  7252 D SystemServerTiming: StartAudioService took to complete: 67ms
10-16 23:41:03.625  7252  7252 I SystemServer: StartDockObserver
10-16 23:41:03.625  7252  7252 I SystemServiceManager: Starting com.android.server.DockObserver
10-16 23:41:03.626  7252  7252 W DockObserver: This kernel does not have dock station support
10-16 23:41:03.627  7252  7252 D SystemServerTiming: StartDockObserver took to complete: 2ms
10-16 23:41:03.627  7252  7252 I SystemServer: StartWiredAccessoryManager
10-16 23:41:03.628  7252  7252 D SystemServerTiming: StartWiredAccessoryManager took to complete: 1ms
10-16 23:41:03.628  7252  7252 I SystemServer: StartUsbService
10-16 23:41:03.628  7252  7252 I SystemServiceManager: Starting com.android.server.usb.UsbService$Lifecycle
10-16 23:41:03.654  7252  7356 I UsbPortManager: Usb hal service started android.hardware.usb@1.0::IUsb default
10-16 23:41:03.664  7252  7252 D SystemServerTiming: StartUsbService took to complete: 36ms
10-16 23:41:03.664  7252  7252 I SystemServer: StartSerialService
10-16 23:41:03.665  7252  7252 D SystemServerTiming: StartSerialService took to complete: 1ms
10-16 23:41:03.665  7252  7252 I SystemServer: StartHardwarePropertiesManagerService
10-16 23:41:03.669  7252  7252 D SystemServerTiming: StartHardwarePropertiesManagerService took to complete: 4ms
10-16 23:41:03.669  7252  7252 I SystemServer: StartTwilightService
10-16 23:41:03.669  7252  7252 I SystemServiceManager: Starting com.android.server.twilight.TwilightService
10-16 23:41:03.670  7252  7252 D SystemServerTiming: StartTwilightService took to complete: 1ms
10-16 23:41:03.670  7252  7252 I SystemServer: StartJobScheduler
10-16 23:41:03.673  7252  7252 I SystemServiceManager: Starting com.android.server.job.JobSchedulerService
10-16 23:41:03.679  7252  7252 D JobStore: Start tag: job-info
10-16 23:41:03.688  7252  7252 D ConnectivityService: requestNetwork for uid/pid:1000/7252 NetworkRequest [ TRACK_DEFAULT id=3, [ Capabilities: INTERNET&NOT_RESTRICTED&TRUSTED&NOT_VPN] ]
10-16 23:41:03.697  7252  7252 D SystemServerTiming: StartJobScheduler took to complete: 27ms
10-16 23:41:03.697  7252  7252 I SystemServer: StartSoundTrigger
10-16 23:41:03.697  7252  7252 I SystemServiceManager: Starting com.android.server.soundtrigger.SoundTriggerService
10-16 23:41:03.699  7252  7252 D SystemServerTiming: StartSoundTrigger took to complete: 3ms
10-16 23:41:03.700  7252  7252 I SystemServer: StartTrustManager
10-16 23:41:03.700  7252  7252 I SystemServiceManager: Starting com.android.server.trust.TrustManagerService
10-16 23:41:03.703  7252  7252 D SystemServerTiming: StartTrustManager took to complete: 3ms
10-16 23:41:03.703  7252  7252 I SystemServer: StartBackupManager
10-16 23:41:03.704  7252  7252 I SystemServiceManager: Starting com.android.server.backup.BackupManagerService$Lifecycle
10-16 23:41:03.712  7252  7252 D SystemServerTiming: StartBackupManager took to complete: 9ms
10-16 23:41:03.712  7252  7252 I SystemServer: StartAppWidgerService
10-16 23:41:03.712  7252  7252 I SystemServiceManager: Starting com.android.server.appwidget.AppWidgetService
10-16 23:41:03.719  7252  7252 D SystemServerTiming: StartAppWidgerService took to complete: 7ms
10-16 23:41:03.719  7252  7252 I SystemServer: StartVoiceRecognitionManager
10-16 23:41:03.720  7252  7252 I SystemServiceManager: Starting com.android.server.voiceinteraction.VoiceInteractionManagerService
10-16 23:41:03.723  7252  7252 D SystemServerTiming: StartVoiceRecognitionManager took to complete: 4ms
10-16 23:41:03.724  7252  7252 I SystemServer: StartGestureLauncher
10-16 23:41:03.724  7252  7252 I SystemServiceManager: Starting com.android.server.GestureLauncherService
10-16 23:41:03.724  7252  7252 D SystemServerTiming: StartGestureLauncher took to complete: 1ms
10-16 23:41:03.724  7252  7252 I SystemServer: StartSensorNotification
10-16 23:41:03.725  7252  7252 I SystemServiceManager: Starting com.android.server.SensorNotificationService
10-16 23:41:03.725  7252  7252 D SystemServerTiming: StartSensorNotification took to complete: 0ms
10-16 23:41:03.725  7252  7252 I SystemServer: StartContextHubSystemService
10-16 23:41:03.725  7252  7252 I SystemServiceManager: Starting com.android.server.ContextHubSystemService
10-16 23:41:03.730  7252  7252 D SystemServerTiming: StartContextHubSystemService took to complete: 5ms
10-16 23:41:03.730  7252  7252 I SystemServer: StartDiskStatsService
10-16 23:41:03.732  7252  7252 D SystemServerTiming: StartDiskStatsService took to complete: 3ms
10-16 23:41:03.732  7252  7252 I SystemServer: StartSamplingProfilerService
10-16 23:41:03.762  7252  7252 D SystemServerTiming: StartSamplingProfilerService took to complete: 29ms
10-16 23:41:03.762  7252  7252 I SystemServer: StartNetworkTimeUpdateService
10-16 23:41:03.763  7252  7252 D SystemServerTiming: StartNetworkTimeUpdateService took to complete: 2ms
10-16 23:41:03.764  7252  7252 I SystemServer: StartCommonTimeManagementService
10-16 23:41:03.765  7252  7252 D SystemServerTiming: StartCommonTimeManagementService took to complete: 2ms
10-16 23:41:03.766  7252  7252 I SystemServer: CertBlacklister
10-16 23:41:03.767  7252  7252 D SystemServerTiming: CertBlacklister took to complete: 1ms
10-16 23:41:03.767  7252  7252 I SystemServer: StartEmergencyAffordanceService
10-16 23:41:03.767  7252  7252 I SystemServiceManager: Starting com.android.server.emergency.EmergencyAffordanceService
10-16 23:41:03.768  7252  7252 D SystemServerTiming: StartEmergencyAffordanceService took to complete: 1ms
10-16 23:41:03.768  7252  7252 I SystemServer: StartDreamManager
10-16 23:41:03.768  7252  7252 I SystemServiceManager: Starting com.android.server.dreams.DreamManagerService
10-16 23:41:03.772  7252  7252 D SystemServerTiming: StartDreamManager took to complete: 4ms
10-16 23:41:03.772  7252  7252 I SystemServer: AddGraphicsStatsService
10-16 23:41:03.775  7252  7252 D SystemServerTiming: AddGraphicsStatsService took to complete: 3ms
10-16 23:41:03.776  7252  7252 I SystemServer: StartPrintManager
10-16 23:41:03.776  7252  7252 I SystemServiceManager: Starting com.android.server.print.PrintManagerService
10-16 23:41:03.781  7252  7252 D SystemServerTiming: StartPrintManager took to complete: 5ms
10-16 23:41:03.781  7252  7252 I SystemServer: StartCompanionDeviceManager
10-16 23:41:03.781  7252  7252 I SystemServiceManager: Starting com.android.server.companion.CompanionDeviceManagerService
10-16 23:41:03.784  7252  7252 D SystemServerTiming: StartCompanionDeviceManager took to complete: 3ms
10-16 23:41:03.784  7252  7252 I SystemServer: StartRestrictionManager
10-16 23:41:03.785  7252  7252 I SystemServiceManager: Starting com.android.server.restrictions.RestrictionsManagerService
10-16 23:41:03.786  7252  7252 D SystemServerTiming: StartRestrictionManager took to complete: 2ms
10-16 23:41:03.786  7252  7252 I SystemServer: StartMediaSessionService
10-16 23:41:03.787  7252  7252 I SystemServiceManager: Starting com.android.server.media.MediaSessionService
10-16 23:41:03.794  7252  7252 D SystemServerTiming: StartMediaSessionService took to complete: 7ms
10-16 23:41:03.794  7252  7252 I SystemServer: StartMediaResourceMonitor
10-16 23:41:03.794  7252  7252 I SystemServiceManager: Starting com.android.server.media.MediaResourceMonitorService
10-16 23:41:03.795  7252  7252 D SystemServerTiming: StartMediaResourceMonitor took to complete: 1ms
10-16 23:41:03.795  7252  7252 I SystemServer: StartMediaRouterService
10-16 23:41:03.797  7252  7252 D SystemServerTiming: StartMediaRouterService took to complete: 2ms
10-16 23:41:03.797  7252  7252 I SystemServer: StartBackgroundDexOptService
10-16 23:41:03.798  7252  7252 D SystemServerTiming: StartBackgroundDexOptService took to complete: 1ms
10-16 23:41:03.798  7252  7252 I SystemServer: StartPruneInstantAppsJobService
10-16 23:41:03.799  7252  7252 D SystemServerTiming: StartPruneInstantAppsJobService took to complete: 1ms
10-16 23:41:03.799  7252  7252 I SystemServer: StartShortcutServiceLifecycle
10-16 23:41:03.799  7252  7252 I SystemServiceManager: Starting com.android.server.pm.ShortcutService$Lifecycle
10-16 23:41:03.807  7252  7252 D SystemServerTiming: StartShortcutServiceLifecycle took to complete: 8ms
10-16 23:41:03.807  7252  7252 I SystemServer: StartLauncherAppsService
10-16 23:41:03.807  7252  7252 I SystemServiceManager: Starting com.android.server.pm.LauncherAppsService
10-16 23:41:03.809  7252  7252 D SystemServerTiming: StartLauncherAppsService took to complete: 2ms
10-16 23:41:03.809  7252  7252 I SystemServer: Starting PocketService
10-16 23:41:03.810  7252  7252 I SystemServiceManager: Starting com.android.server.pocket.PocketService
10-16 23:41:03.813  7252  7252 I SystemServer: StartMediaProjectionManager
10-16 23:41:03.814  7252  7252 I SystemServiceManager: Starting com.android.server.media.projection.MediaProjectionManagerService
10-16 23:41:03.824  7252  7252 D SystemServerTiming: StartMediaProjectionManager took to complete: 10ms
10-16 23:41:03.826  7252  7252 I SystemServer: StartJitCompilation
10-16 23:41:03.826  7252  7252 D SystemServerTiming: StartJitCompilation took to complete: 0ms
10-16 23:41:03.826  7252  7252 I SystemServer: StartMmsService
10-16 23:41:03.826  7252  7252 I SystemServiceManager: Starting com.android.server.MmsServiceBroker
10-16 23:41:03.828  7252  7252 D SystemServerTiming: StartMmsService took to complete: 3ms
10-16 23:41:03.829  7252  7252 I SystemServer: StartRetailDemoModeService
10-16 23:41:03.829  7252  7252 I SystemServiceManager: Starting com.android.server.retaildemo.RetailDemoModeService
10-16 23:41:03.831  7252  7395 I ServiceThread: Enabled StrictMode logging for RetailDemoModeService looper.
10-16 23:41:03.832  7252  7252 D SystemServerTiming: StartRetailDemoModeService took to complete: 3ms
10-16 23:41:03.832  7252  7252 I SystemServer: StartAutoFillService
10-16 23:41:03.832  7252  7252 I SystemServiceManager: Starting com.android.server.autofill.AutofillManagerService
10-16 23:41:03.833  7252  7252 I AutofillManagerService: Setting debug to true
10-16 23:41:03.837  7252  7252 D SystemServerTiming: StartAutoFillService took to complete: 5ms
10-16 23:41:03.837  7252  7252 I SystemServer: MakeVibratorServiceReady
10-16 23:41:03.840  7252  7252 D SystemServerTiming: MakeVibratorServiceReady took to complete: 4ms
10-16 23:41:03.840  7252  7252 I SystemServer: MakeLockSettingsServiceReady
10-16 23:41:03.861  7252  7252 E LockSettingsStorage: Cannot read file java.io.FileNotFoundException: /data/system/gatekeeper.password.key: open failed: ENOENT (No such file or directory)
10-16 23:41:03.862  7252  7252 E LockSettingsStorage: Cannot read file java.io.FileNotFoundException: /data/system/password.key: open failed: ENOENT (No such file or directory)
10-16 23:41:03.862  7252  7252 E LockSettingsStorage: Cannot read file java.io.FileNotFoundException: /data/system/gatekeeper.pattern.key: open failed: ENOENT (No such file or directory)
10-16 23:41:03.863  7252  7252 E LockSettingsStorage: Cannot read file java.io.FileNotFoundException: /data/system/gatekeeper.gesture.key: open failed: ENOENT (No such file or directory)
10-16 23:41:03.863  7252  7252 E LockSettingsStorage: Cannot read file java.io.FileNotFoundException: /data/system/gesture.key: open failed: ENOENT (No such file or directory)
10-16 23:41:03.864  7252  7252 D SystemServerTiming: MakeLockSettingsServiceReady took to complete: 23ms
10-16 23:41:03.864  7252  7252 I SystemServer: StartBootPhaseLockSettingsReady
10-16 23:41:03.864  7252  7252 I SystemServiceManager: Starting phase 480
10-16 23:41:03.868  7252  7252 W DevicePolicyManager: Trying to set ro.device_owner, but it has already been set?
10-16 23:41:03.872  7252  7252 W PocketService: Un-handled boot phase:480
10-16 23:41:03.872  7252  7252 D SystemServerTiming: StartBootPhaseLockSettingsReady took to complete: 8ms
10-16 23:41:03.872  7252  7252 I SystemServer: StartBootPhaseSystemServicesReady
10-16 23:41:03.872  7252  7252 I SystemServiceManager: Starting phase 500
10-16 23:41:03.875  7252  7252 W UsageStatsService: Missing procfs interface: /proc/uid_procstat/set
10-16 23:41:03.884  7252  7252 D AlarmManager: mAlarmsBlockingEnabled=0 blockedAlarmList=null
10-16 23:41:03.887  7252  7252 I VrManagerService: No default vr listener service found.
10-16 23:41:03.896  7252  7252 I WifiService: WifiService starting up with Wi-Fi disabled
10-16 23:41:03.919  7252  7383 D ConnectivityService: Got NetworkFactory Messenger for Ethernet
10-16 23:41:03.923  7252  7252 D ZenLog  : config: cleanUpZenRules,ZenModeConfig[user=0,allowCalls=true,allowRepeatCallers=false,allowMessages=false,allowCallsFrom=contacts,allowMessagesFrom=contacts,allowReminders=true,allowEvents=true,allowWhenScreenOff=true,allowWhenScreenOn=true,automaticRules={741d75331e354f589237e31c3e98e93e=ZenRule[enabled=false,snoozing=false,name=Weeknight,zenMode=ZEN_MODE_ALARMS,conditionId=condition://android/schedule?days=1.2.3.4.5&start=22.0&end=7.0&exitAtAlarm=false,condition=Condition[id=condition://android/schedule?days=1.2.3.4.5&start=22.0&end=7.0&exitAtAlarm=false,summary=...,line1=...,line2=...,icon=0,state=STATE_TRUE,flags=2],component=ComponentInfo{android/com.android.server.notification.ScheduleConditionProvider},id=741d75331e354f589237e31c3e98e93e,creationTime=1508177277398,enabler=null], e4958dada0704982bd0059d2363fd6e3=ZenRule[enabled=false,snoozing=false,name=Weekend,zenMode=ZEN_MODE_ALARMS,conditionId=condition://android/schedule?days=6.7&start=23.30&end=10.0&exitAtAlarm=false,condition=Condition[id=condition://android/schedule?days=6.7&start=23.30&end=10.0&exitAtAlarm=false,summary=...,line1=...,line2=...,icon=0,state=STATE_FALSE,flags=2],component=ComponentInfo{android/com.android.server.notification.ScheduleConditionProvider},id=e4958dada0704982bd0059d2363fd6e3,creationTime=1508177277398,enabler=null], 2643baeaf9c34d89aff6ed68090cff78=ZenRule[enabled=false,snoozing=false,name=Event,zenMode=ZEN_MODE_ALARMS,conditionId=condition://android/event?userId=-10000&calendar=&reply=1,condition=Condition[id=condition://android/event?userId=-10000&calendar=&reply=1,summary=...,line1=...,line2=...,icon=0,state=STATE_FALSE,flags=2],component=ComponentInfo{android/com.android.server.notification.EventConditionProvider},id=2643baeaf9c34d89aff6ed68090cff78,creationTime=1508177277399,enabler=null]},manualRule=null],Diff[]
10-16 23:41:03.924  7252  7252 D ZenLog  : set_zen_mode: off,onSystemReady
10-16 23:41:03.928  7252  7252 W SoundTriggerHelper: listModules status=0, # of modules=0
10-16 23:41:03.930  7252  7252 D SystemServerTiming: StartBootPhaseSystemServicesReady took to complete: 58ms
10-16 23:41:03.930  7252  7252 I SystemServer: MakeWindowManagerServiceReady
10-16 23:41:03.946  7252  7252 D SystemServerTiming: MakeWindowManagerServiceReady took to complete: 15ms
10-16 23:41:03.948  7252  7252 I SystemServer: MakePowerManagerServiceReady
10-16 23:41:03.958  7252  7252 D PowerManagerService: mWakeLockBlockingEnabled=0 blockedWakelockList=null
10-16 23:41:03.976  7252  7252 D SystemServerTiming: MakePowerManagerServiceReady took to complete: 28ms
10-16 23:41:03.976  7252  7252 I SystemServer: MakePackageManagerServiceReady
10-16 23:41:03.979  7252  7297 E KernelUidCpuFreqTimeReader: Failed to read /proc/uid_time_in_state: java.io.FileNotFoundException: /proc/uid_time_in_state (No such file or directory)
10-16 23:41:03.980  7252  7297 W KeyguardServiceDelegate: onScreenTurningOn(): no keyguard service!
10-16 23:41:03.984  7252  7252 V UserDataPreparer: Found /data/user_de/0 with serial number 0
10-16 23:41:03.984  7252  7252 V UserDataPreparer: Found /data/user/0 with serial number 0
10-16 23:41:03.984  7252  7252 V UserDataPreparer: Found /data/system_de/0 with serial number 0
10-16 23:41:03.984  7252  7252 V UserDataPreparer: Found /data/system_ce/0 with serial number 0
10-16 23:41:03.984  7252  7252 V UserDataPreparer: Found /data/misc_ce/0 with serial number 0
10-16 23:41:03.985  7252  7252 D SystemServerTiming: MakePackageManagerServiceReady took to complete: 9ms
10-16 23:41:03.985  7252  7252 I SystemServer: MakeDisplayManagerServiceReady
10-16 23:41:03.985  7252  7252 D SystemServerTiming: MakeDisplayManagerServiceReady took to complete: 0ms
10-16 23:41:03.993  7252  7252 I ActivityManager: System now ready
10-16 23:41:04.000  7252  7252 I SystemServer: Making services ready
10-16 23:41:04.000  7252  7252 I SystemServer: StartActivityManagerReadyPhase
10-16 23:41:04.000  7252  7252 I SystemServiceManager: Starting phase 550
10-16 23:41:04.047  7252  7252 D BluetoothManagerService: Bluetooth boot completed
10-16 23:41:04.048  7252  7252 D BluetoothManagerService: Auto-enabling Bluetooth.
10-16 23:41:04.048  7252  7281 D BluetoothManagerService: MESSAGE_ENABLE(0): mBluetooth = null
10-16 23:41:04.062  7252  7281 I ActivityManager: Start proc 7407:com.android.bluetooth/1002 for service com.android.bluetooth/.btservice.AdapterService
10-16 23:41:04.130  7252  7252 I ActivityManager: Start proc 7421:com.android.inputmethod.latin/u0a50 for service com.android.inputmethod.latin/.LatinIME
10-16 23:41:04.132  7252  7252 W SystemServiceManager: Service com.android.server.InputMethodManagerService$Lifecycle took 84 ms in onBootPhase
10-16 23:41:04.132  7252  7367 D StorageManagerService: Thinking about init, mSystemReady=true, mDaemonConnected=true
10-16 23:41:04.132  7252  7367 D StorageManagerService: Setting up emulation state, initlocked=false
10-16 23:41:04.132  7252  7367 D CryptdConnector: SND -> {2 cryptfs unlock_user_key 0 0 ! !}
10-16 23:41:04.133   171   177 D vold    : e4crypt_unlock_user_key 0 serial=0 token_present=0
10-16 23:41:04.134  7252  7370 D CryptdConnector: RCV <- {200 2 Command succeeded}
10-16 23:41:04.134  7252  7367 D StorageManagerService: Thinking about reset, mSystemReady=true, mDaemonConnected=true
10-16 23:41:04.135  7252  7367 D VoldConnector: SND -> {3 volume reset}
10-16 23:41:04.135  7252  7268 I ActivityManager: Force stopping com.android.providers.media appid=10009 user=-1: vold reset
10-16 23:41:04.136  7252  7368 D VoldConnector: RCV <- {651 emulated 5}
10-16 23:41:04.143  7252  7252 W WallpaperManagerService: Invalid wallpaper data
10-16 23:41:04.143  7252  7252 E WallpaperManagerService: Unable to apply new wallpaper
10-16 23:41:04.143  7252  7252 V WallpaperManagerService: bindWallpaperComponentLocked: componentName=null
10-16 23:41:04.143  7252  7252 V WallpaperManagerService: No default component; using image wallpaper
10-16 23:41:04.191  7252  7252 I ActivityManager: Start proc 7429:com.android.systemui/u0a25 for service com.android.systemui/.ImageWallpaper
10-16 23:41:04.194  7252  7252 W SystemServiceManager: Service com.android.server.wallpaper.WallpaperManagerService$Lifecycle took 52 ms in onBootPhase
10-16 23:41:04.196  7252  7252 D UsbAlsaManager: Adding ALSA device AlsaDevice: [card: 0, device: 31, type: 1]
10-16 23:41:04.196  7252  7252 D UsbAlsaManager: Adding ALSA device AlsaDevice: [card: 0, device: 30, type: 2]
10-16 23:41:04.196  7252  7252 D UsbAlsaManager: Adding ALSA device AlsaDevice: [card: 0, device: 14, type: 1]
10-16 23:41:04.196  7252  7252 D UsbAlsaManager: Adding ALSA device AlsaDevice: [card: 0, device: 13, type: 1]
10-16 23:41:04.196  7252  7252 D UsbAlsaManager: Adding ALSA device AlsaDevice: [card: 0, device: 14, type: 2]
10-16 23:41:04.196  7252  7252 D UsbAlsaManager: Adding ALSA device AlsaDevice: [card: 0, device: 12, type: 1]
10-16 23:41:04.196  7252  7252 D UsbAlsaManager: Adding ALSA device AlsaDevice: [card: 0, device: 13, type: 2]
10-16 23:41:04.196  7252  7252 D UsbAlsaManager: Adding ALSA device AlsaDevice: [card: 0, device: 11, type: 1]
10-16 23:41:04.196  7252  7252 D UsbAlsaManager: Adding ALSA device AlsaDevice: [card: 0, device: 12, type: 2]
10-16 23:41:04.196  7252  7252 D UsbAlsaManager: Adding ALSA device AlsaDevice: [card: 0, device: 10, type: 1]
10-16 23:41:04.197  7252  7252 D UsbAlsaManager: Adding ALSA device AlsaDevice: [card: 0, device: 10, type: 2]
10-16 23:41:04.197  7252  7252 D UsbAlsaManager: Adding ALSA device AlsaDevice: [card: 0, device: 9, type: 1]
10-16 23:41:04.197  7252  7252 D UsbAlsaManager: Adding ALSA device AlsaDevice: [card: 0, device: 9, type: 2]
10-16 23:41:04.197  7252  7252 D UsbAlsaManager: Adding ALSA device AlsaDevice: [card: 0, device: 7, type: 1]
10-16 23:41:04.197  7252  7252 D UsbAlsaManager: Adding ALSA device AlsaDevice: [card: 0, device: 8, type: 2]
10-16 23:41:04.197  7252  7252 D UsbAlsaManager: Adding ALSA device AlsaDevice: [card: 0, device: 6, type: 1]
10-16 23:41:04.197  7252  7252 D UsbAlsaManager: Adding ALSA device AlsaDevice: [card: 0, device: 5, type: 1]
10-16 23:41:04.197  7252  7252 D UsbAlsaManager: Adding ALSA device AlsaDevice: [card: 0, device: 6, type: 2]
10-16 23:41:04.197  7252  7252 D UsbAlsaManager: Adding ALSA device AlsaDevice: [card: 0, device: 4, type: 1]
10-16 23:41:04.197  7252  7252 D UsbAlsaManager: Adding ALSA device AlsaDevice: [card: 0, device: 5, type: 2]
10-16 23:41:04.197  7252  7252 D UsbAlsaManager: Adding ALSA device AlsaDevice: [card: 0, device: 3, type: 1]
10-16 23:41:04.197  7252  7252 D UsbAlsaManager: Adding ALSA device AlsaDevice: [card: 0, device: 2, type: 1]
10-16 23:41:04.197  7252  7252 D UsbAlsaManager: Adding ALSA device AlsaDevice: [card: 0, device: 3, type: 2]
10-16 23:41:04.197  7252  7252 D UsbAlsaManager: Adding ALSA device AlsaDevice: [card: 0, device: 1, type: 1]
10-16 23:41:04.197  7252  7252 D UsbAlsaManager: Adding ALSA device AlsaDevice: [card: 0, device: 2, type: 2]
10-16 23:41:04.198  7252  7252 D UsbAlsaManager: Adding ALSA device AlsaDevice: [card: 0, device: 0, type: 1]
10-16 23:41:04.198  7252  7252 D UsbAlsaManager: Adding ALSA device AlsaDevice: [card: 0, device: 1, type: 2]
10-16 23:41:04.198  7252  7252 D UsbAlsaManager: Adding ALSA device AlsaDevice: [card: 0, device: 0, type: 2]
10-16 23:41:04.199  7252  7390 D BluetoothManagerService: Creating new ProfileServiceConnections object for profile: 1
10-16 23:41:04.211  7252  7252 W PocketService: Un-handled boot phase:550
10-16 23:41:04.211  7252  7252 D SystemServerTiming: StartActivityManagerReadyPhase took to complete: 211ms
10-16 23:41:04.211  7252  7252 I SystemServer: StartObservingNativeCrashes
10-16 23:41:04.212  7252  7357 E UsbPortManager: port status enquiry failed
10-16 23:41:04.212  7252  7252 D SystemServerTiming: StartObservingNativeCrashes took to complete: 1ms
10-16 23:41:04.213  7252  7318 D SystemServerInitThreadPool: Started executing WebViewFactoryPreparation
10-16 23:41:04.213  7252  7318 I SystemServer: WebViewFactoryPreparation
10-16 23:41:04.214  7252  7252 I SystemServer: StartSystemUI
10-16 23:41:04.218  7252  7252 D SystemServerTiming: StartSystemUI took to complete: 4ms
10-16 23:41:04.218  7252  7252 I SystemServer: MakeNetworkScoreReady
10-16 23:41:04.219  7252  7252 D SystemServerTiming: MakeNetworkScoreReady took to complete: 1ms
10-16 23:41:04.219  7252  7252 I SystemServer: MakeNetworkManagementServiceReady
10-16 23:41:04.220  7252  7252 D NetworkManagement: enabling bandwidth control
10-16 23:41:04.256  7252  7275 E BatteryStatsService: no controller energy info supplied
10-16 23:41:04.256  7252  7275 E BatteryStatsService: no controller energy info supplied
10-16 23:41:04.269  7252  7318 I ActivityManager: Start proc 7454:WebViewLoader-armeabi-v7a/1037 [android.webkit.WebViewFactory$RelroFileCreator] for 
10-16 23:41:04.275  7252  7318 D SystemServerTimingAsync: WebViewFactoryPreparation took to complete: 63ms
10-16 23:41:04.275  7252  7318 D SystemServerInitThreadPool: Finished executing WebViewFactoryPreparation
10-16 23:41:04.277  7252  7252 D SystemServerTiming: MakeNetworkManagementServiceReady took to complete: 58ms
10-16 23:41:04.277  7252  7252 I SystemServer: MakeNetworkStatsServiceReady
10-16 23:41:04.292  7252  7373 D NetworkPolicy: setRestrictBackgroundUL(): false
10-16 23:41:04.324  7252  7252 D SystemServerTiming: MakeNetworkStatsServiceReady took to complete: 47ms
10-16 23:41:04.324  7252  7252 I SystemServer: MakeConnectivityServiceReady
10-16 23:41:04.430  7252  7252 D SystemServerTiming: MakeConnectivityServiceReady took to complete: 106ms
10-16 23:41:04.430  7252  7252 I SystemServer: MakeNetworkPolicyServiceReady
10-16 23:41:04.430  7252  7252 D SystemServerTiming: MakeNetworkPolicyServiceReady took to complete: 1ms
10-16 23:41:04.430  7252  7252 I SystemServer: StartWatchdog
10-16 23:41:04.431  7252  7252 D SystemServerTiming: StartWatchdog took to complete: 1ms
10-16 23:41:04.431  7252  7252 I SystemServer: PhaseThirdPartyAppsCanStart
10-16 23:41:04.432  7252  7252 I SystemServiceManager: Starting phase 600
10-16 23:41:04.445  7252  7252 V WallpaperManagerService: bindWallpaperComponentLocked: componentName=ComponentInfo{com.android.systemui/com.android.systemui.ImageWallpaper}
10-16 23:41:04.463  7252  7252 W PocketService: Un-handled boot phase:600
10-16 23:41:04.465  7252  7252 D SystemServerTiming: PhaseThirdPartyAppsCanStart took to complete: 33ms
10-16 23:41:04.465  7252  7252 I SystemServer: MakeLocationServiceReady
10-16 23:41:04.694  7421  7514 E ActivityThread: Failed to find provider info for user_dictionary
10-16 23:41:04.811  7252  7368 D VoldConnector: RCV <- {651 emulated 0}
10-16 23:41:04.812  7252  7368 D VoldConnector: RCV <- {651 emulated 8}
10-16 23:41:04.812  7252  7368 D VoldConnector: RCV <- {659 emulated}
10-16 23:41:04.813  7252  7368 D VoldConnector: RCV <- {650 emulated 2 "" ""}
10-16 23:41:04.813  7252  7368 D VoldConnector: RCV <- {651 emulated 0}
10-16 23:41:04.813  7252  7368 D VoldConnector: RCV <- {200 3 Command succeeded}
10-16 23:41:04.814  7252  7367 E VoldConnector: NDC Command {3 volume reset} took too long (679ms)
10-16 23:41:04.814  7252  7280 V StorageManagerService: Found primary storage at VolumeInfo{emulated}:
10-16 23:41:04.814  7252  7280 V StorageManagerService:     type=EMULATED diskId=null partGuid=null mountFlags=0 mountUserId=-1 
10-16 23:41:04.814  7252  7280 V StorageManagerService:     state=UNMOUNTED 
10-16 23:41:04.814  7252  7280 V StorageManagerService:     fsType=null fsUuid=null fsLabel=null 
10-16 23:41:04.814  7252  7280 V StorageManagerService:     path=null internalPath=null 
10-16 23:41:04.815  7252  7367 D VoldConnector: SND -> {4 volume user_added 0 0}
10-16 23:41:04.815  7252  7264 I ActivityManager: user 0 is still locked. Cannot load recents
10-16 23:41:04.815  7252  7368 D VoldConnector: RCV <- {200 4 Command succeeded}
10-16 23:41:04.817  7252  7367 D VoldConnector: SND -> {5 volume mount emulated 3 -1}
10-16 23:41:04.818  7252  7368 D VoldConnector: RCV <- {651 emulated 1}
10-16 23:41:04.818  7252  7368 D VoldConnector: RCV <- {656 emulated /data/media}
10-16 23:41:04.819  7252  7368 D VoldConnector: RCV <- {655 emulated /storage/emulated}
10-16 23:41:04.819   171   176 V vold    : Waiting for FUSE to spin up...
10-16 23:41:04.868  7252  7252 W LocationManagerService: no network location provider found
10-16 23:41:04.870  7252  7368 D VoldConnector: RCV <- {651 emulated 2}
10-16 23:41:04.871  7252  7368 D VoldConnector: RCV <- {200 5 Command succeeded}
10-16 23:41:04.872  7252  7252 E LocationManagerService: no geocoder provider found
10-16 23:41:04.872  7252  7252 D LocationManagerService: FLP HAL not supported
10-16 23:41:04.875  7252  7252 D LocationManagerService: Unable to bind FLP Geofence proxy.
10-16 23:41:04.875  7252  7252 D LocationManagerService: Hardware Activity-Recognition not supported.
10-16 23:41:04.876  7252  7252 D LocationManagerService: Unable to bind ActivityRecognitionProxy.
10-16 23:41:04.880  7252  7252 D SystemServerTiming: MakeLocationServiceReady took to complete: 415ms
10-16 23:41:04.880  7252  7252 I SystemServer: MakeCountryDetectionServiceReady
10-16 23:41:04.880  7252  7252 D SystemServerTiming: MakeCountryDetectionServiceReady took to complete: 0ms
10-16 23:41:04.881  7252  7252 I SystemServer: MakeNetworkTimeUpdateReady
10-16 23:41:04.887  7252  7252 D SystemServerTiming: MakeNetworkTimeUpdateReady took to complete: 6ms
10-16 23:41:04.887  7252  7252 I SystemServer: MakeCommonTimeManagementServiceReady
10-16 23:41:04.888  7252  7252 D SystemServerTiming: MakeCommonTimeManagementServiceReady took to complete: 0ms
10-16 23:41:04.888  7252  7252 I SystemServer: MakeInputManagerServiceReady
10-16 23:41:04.889  7252  7252 D SystemServerTiming: MakeInputManagerServiceReady took to complete: 1ms
10-16 23:41:04.889  7252  7252 I SystemServer: MakeTelephonyRegistryReady
10-16 23:41:04.890  7252  7252 D SystemServerTiming: MakeTelephonyRegistryReady took to complete: 0ms
10-16 23:41:04.890  7252  7252 I SystemServer: MakeMediaRouterServiceReady
10-16 23:41:04.891  7252  7252 D SystemServerTiming: MakeMediaRouterServiceReady took to complete: 1ms
10-16 23:41:04.891  7252  7252 I SystemServer: MakeMmsServiceReady
10-16 23:41:04.891  7252  7252 I MmsServiceBroker: Delay connecting to MmsService until an API is called
10-16 23:41:04.891  7252  7252 D SystemServerTiming: MakeMmsServiceReady took to complete: 0ms
10-16 23:41:04.891  7252  7252 I SystemServer: MakeNetworkScoreServiceReady
10-16 23:41:04.891  7252  7252 D SystemServerTiming: MakeNetworkScoreServiceReady took to complete: 0ms
10-16 23:41:04.891  7252  7252 I SystemServer: IncidentDaemonReady
10-16 23:41:04.893  7252  7252 D SystemServerTiming: IncidentDaemonReady took to complete: 2ms
10-16 23:41:04.893  7252  7252 I SystemServiceManager: Calling onStartUser u0
10-16 23:41:04.896  7252  7252 W VoiceInteractionManagerService: no available voice interaction services found for user 0
10-16 23:41:04.896  7252  7252 W VoiceInteractionManagerService: no available voice recognition services found for user 0
10-16 23:41:04.910  7252  7252 I ActivityManager: Start proc 7570:com.android.phone/1001 for added application com.android.phone
10-16 23:41:04.911  7252  7252 I ActivityManager: START u0 {act=android.intent.action.MAIN cat=[android.intent.category.HOME] flg=0x10000100 cmp=com.android.settings/.FallbackHome} from uid 0
10-16 23:41:04.925  7252  7252 I ActivityManager: Loaded persisted task ids for user 0
10-16 23:41:04.948  7252  7252 I ActivityManager: Start proc 7587:com.android.settings/1000 for activity com.android.settings/.FallbackHome
10-16 23:41:04.954  7252  7252 D SystemServerTiming: ActivityManagerStartApps took to complete: 61ms
10-16 23:41:04.954  7252  7252 D SystemServerTiming: PhaseActivityManagerReady took to complete: 968ms
10-16 23:41:04.957  7252  7297 D PowerManagerService: mWakeLockBlockingEnabled=0 blockedWakelockList=null
10-16 23:41:04.961  7252  7252 D SystemServerInitThreadPool: Shutdown successful
10-16 23:41:04.961  7252  7252 D SystemServerTiming: StartServices took to complete: 7375ms
10-16 23:41:04.962  7252  7252 I SystemServer: Enabled StrictMode for system server main thread.
10-16 23:41:04.983  7252  7252 D ConditionProviders.SCP: onConnected
10-16 23:41:04.984  7252  7252 D ZenLog  : set_zen_mode: off,readXml
10-16 23:41:04.993  7252  7252 D ConditionProviders: Subscribing to condition://android/schedule?days=1.2.3.4.5&start=22.0&end=7.0&exitAtAlarm=false with ComponentInfo{android/com.android.server.notification.ScheduleConditionProvider}
10-16 23:41:04.994  7252  7252 D ZenLog  : subscribe: condition://android/schedule?days=1.2.3.4.5&start=22.0&end=7.0&exitAtAlarm=false,ok
10-16 23:41:04.994  7252  7252 D ConditionProviders: Subscribing to condition://android/schedule?days=6.7&start=23.30&end=10.0&exitAtAlarm=false with ComponentInfo{android/com.android.server.notification.ScheduleConditionProvider}
10-16 23:41:04.994  7252  7252 D ZenLog  : subscribe: condition://android/schedule?days=6.7&start=23.30&end=10.0&exitAtAlarm=false,ok
10-16 23:41:04.994  7252  7252 D ConditionProviders: Subscribing to condition://android/event?userId=-10000&calendar=&reply=1 with ComponentInfo{android/com.android.server.notification.EventConditionProvider}
10-16 23:41:04.994  7252  7252 D ZenLog  : subscribe: condition://android/event?userId=-10000&calendar=&reply=1,ok
10-16 23:41:04.996  7252  7252 D ZenLog  : set_zen_mode: off,cleanUpZenRules
