10-01 16:48:44.662   710   710 W system_server: failed to remove /acct/uid_1019/pid_206: Device or resource busy
10-01 16:48:44.662   710   710 W system_server: failed to remove /acct/uid_1019: Permission denied
10-01 16:48:44.663   710   710 W system_server: failed to remove /acct/uid_1002: Permission denied
10-01 16:48:44.663   710   710 W system_server: failed to remove /acct/uid_2000/pid_201: Device or resource busy
10-01 16:48:44.663   710   710 W system_server: failed to remove /acct/uid_2000: Permission denied
10-01 16:48:44.663   710   710 W system_server: failed to remove /acct/uid_1010/pid_664: Device or resource busy
10-01 16:48:44.663   710   710 W system_server: failed to remove /acct/uid_1010/pid_192: Device or resource busy
10-01 16:48:44.663   710   710 W system_server: failed to remove /acct/uid_1010: Permission denied
10-01 16:48:44.663   710   710 W system_server: failed to remove /acct/uid_0/pid_663: Device or resource busy
10-01 16:48:44.663   710   710 W system_server: failed to remove /acct/uid_0/pid_659: Device or resource busy
10-01 16:48:44.663   710   710 W system_server: failed to remove /acct/uid_0/pid_217: Device or resource busy
10-01 16:48:44.663   710   710 W system_server: failed to remove /acct/uid_0/pid_210: Device or resource busy
10-01 16:48:44.663   710   710 W system_server: failed to remove /acct/uid_0/pid_202: Device or resource busy
10-01 16:48:44.663   710   710 W system_server: failed to remove /acct/uid_0/pid_195: Device or resource busy
10-01 16:48:44.663   710   710 W system_server: failed to remove /acct/uid_0/pid_194: Device or resource busy
10-01 16:48:44.664   710   710 W system_server: failed to remove /acct/uid_0/pid_193: Device or resource busy
10-01 16:48:44.664   710   710 W system_server: failed to remove /acct/uid_0/pid_171: Device or resource busy
10-01 16:48:44.664   710   710 W system_server: failed to remove /acct/uid_0: Permission denied
10-01 16:48:44.664   710   710 W system_server: failed to remove /acct/uid_1000/pid_222: Device or resource busy
10-01 16:48:44.664   710   710 W system_server: failed to remove /acct/uid_1000/pid_196: Device or resource busy
10-01 16:48:44.664   710   710 W system_server: failed to remove /acct/uid_1000/pid_191: Device or resource busy
10-01 16:48:44.664   710   710 W system_server: failed to remove /acct/uid_1000/pid_190: Device or resource busy
10-01 16:48:44.664   710   710 W system_server: failed to remove /acct/uid_1000/pid_189: Device or resource busy
10-01 16:48:44.664   710   710 W system_server: failed to remove /acct/uid_1000/pid_165: Device or resource busy
10-01 16:48:44.664   710   710 W system_server: failed to remove /acct/uid_1000/pid_164: Device or resource busy
10-01 16:48:44.664   710   710 W system_server: failed to remove /acct/uid_1000/pid_163: Device or resource busy
10-01 16:48:44.664   710   710 W system_server: failed to remove /acct/uid_1000: Permission denied
10-01 16:48:44.664   710   710 W system_server: failed to remove /acct/uid_1036/pid_162: Device or resource busy
10-01 16:48:44.665   710   710 W system_server: failed to remove /acct/uid_1036: Permission denied
10-01 16:48:44.670   710   710 D AppOps  : AppOpsService published
10-01 16:48:44.671   710   710 D SystemServerTiming: StartActivityManager took to complete: 334ms
10-01 16:48:44.671   710   710 I SystemServer: StartPowerManager
10-01 16:48:44.671   710   710 I SystemServiceManager: Starting com.android.server.power.PowerManagerService
10-01 16:48:44.673   710   736 I ServiceThread: Enabled StrictMode logging for PowerManagerService looper.
10-01 16:48:44.676   164   164 W /system/bin/hwservicemanager: getTransportFromManifest: Cannot find entry android.hardware.power@1.0::IPower in either framework or device manifest, using default transport.
10-01 16:48:44.683   710   710 I PowerHAL: power_init
10-01 16:48:44.685   710   710 I PowerManagerService-JNI: Loaded power HAL service
10-01 16:48:44.685   710   710 I libsuspend: Selected early suspend
10-01 16:48:44.685   710   710 I libsuspend: Starting early suspend unblocker thread
10-01 16:48:44.686   710   710 E PowerHAL: sync_thread: failed to send: No such file or directory
10-01 16:48:44.686   710   710 E PowerHAL: touch_boost: failed to send: No such file or directory
10-01 16:48:44.688   710   710 D SystemServerTiming: StartPowerManager took to complete: 16ms
10-01 16:48:44.688   710   710 I SystemServer: InitPowerManagement
10-01 16:48:44.690   710   710 D SystemServerTiming: InitPowerManagement took to complete: 2ms
10-01 16:48:44.690   710   710 I SystemServer: StartRecoverySystemService
10-01 16:48:44.690   710   710 I SystemServiceManager: Starting com.android.server.RecoverySystemService
10-01 16:48:44.692   710   710 D SystemServerTiming: StartRecoverySystemService took to complete: 1ms
10-01 16:48:44.693   710   710 V RescueParty: Disabled because of active USB connection
10-01 16:48:44.693   710   710 I SystemServer: StartLightsService
10-01 16:48:44.693   710   710 I SystemServiceManager: Starting com.android.server.lights.LightsService
10-01 16:48:44.693   710   710 D SystemServerTiming: StartLightsService took to complete: 0ms
10-01 16:48:44.693   710   710 I SystemServer: StartDisplayManager
10-01 16:48:44.694   710   710 I SystemServiceManager: Starting com.android.server.display.DisplayManagerService
10-01 16:48:44.699   710   710 D SystemServerTiming: StartDisplayManager took to complete: 6ms
10-01 16:48:44.699   710   710 I SystemServer: WaitForDisplay
10-01 16:48:44.699   710   710 I SystemServiceManager: Starting phase 100
10-01 16:48:44.703   710   734 I DisplayManagerService: Display device added: DisplayDeviceInfo{"Built-in Screen": uniqueId="local:0", 768 x 1280, modeId 1, defaultModeId 1, supportedModes [{id=1, width=768, height=1280, fps=60.0}], colorMode 0, supportedColorModes [0], HdrCapabilities android.view.Display$HdrCapabilities@a69d6308, density 320, 159.895 x 160.157 dpi, appVsyncOff 1000000, presDeadline 16666667, touch INTERNAL, rotation 0, type BUILT_IN, state UNKNOWN, FLAG_DEFAULT_DISPLAY, FLAG_ROTATES_WITH_CONTENT, FLAG_SECURE, FLAG_SUPPORTS_PROTECTED_BUFFERS}
10-01 16:48:44.704   196   196 D SurfaceFlinger: Set power mode=2, type=0 flinger=0xaf7b6000
10-01 16:48:44.704   196   196 D SurfaceFlinger: Screen type=0 is already mode=2
10-01 16:48:44.705   164   164 W /system/bin/hwservicemanager: getTransportFromManifest: Cannot find entry android.hardware.light@2.0::ILight in either framework or device manifest, using default transport.
10-01 16:48:44.713   710   734 I vndksupport: sphal namespace is not configured for this process. Loading /vendor/lib/hw/lights.msm8960.so from the current namespace instead.
10-01 16:48:44.716   710   734 I vndksupport: sphal namespace is not configured for this process. Loading /vendor/lib/hw/lights.msm8960.so from the current namespace instead.
10-01 16:48:44.717   710   734 E light   : light_open lights keyboard failed: -22
10-01 16:48:44.717   710   734 E light   : Light passthrough failed to load legacy HAL.
10-01 16:48:44.717   710   734 I vndksupport: sphal namespace is not configured for this process. Loading /vendor/lib/hw/lights.msm8960.so from the current namespace instead.
10-01 16:48:44.718   710   734 E light   : light_open lights buttons failed: -22
10-01 16:48:44.718   710   734 E light   : Light passthrough failed to load legacy HAL.
10-01 16:48:44.718   710   734 I vndksupport: sphal namespace is not configured for this process. Loading /vendor/lib/hw/lights.msm8960.so from the current namespace instead.
10-01 16:48:44.719   710   734 E light   : light_open lights battery failed: -22
10-01 16:48:44.719   710   734 E light   : Light passthrough failed to load legacy HAL.
10-01 16:48:44.720   710   734 I vndksupport: sphal namespace is not configured for this process. Loading /vendor/lib/hw/lights.msm8960.so from the current namespace instead.
10-01 16:48:44.721   710   734 I chatty  : uid=1000(system) android.display identical 1 line
10-01 16:48:44.722   710   734 I vndksupport: sphal namespace is not configured for this process. Loading /vendor/lib/hw/lights.msm8960.so from the current namespace instead.
10-01 16:48:44.723   710   734 E light   : light_open lights bluetooth failed: -22
10-01 16:48:44.723   710   734 E light   : Light passthrough failed to load legacy HAL.
10-01 16:48:44.723   710   734 I vndksupport: sphal namespace is not configured for this process. Loading /vendor/lib/hw/lights.msm8960.so from the current namespace instead.
10-01 16:48:44.724   710   734 E light   : light_open lights wifi failed: -22
10-01 16:48:44.724   710   734 E light   : Light passthrough failed to load legacy HAL.
10-01 16:48:44.727   710   710 D SystemServerTiming: WaitForDisplay took to complete: 28ms
10-01 16:48:44.727   710   734 I DisplayManagerService: Display device changed state: "Built-in Screen", ON
10-01 16:48:44.727   710   710 I SystemServer: StartPackageManagerService
10-01 16:48:44.727   710   735 W ProcessCpuTracker: Skipping unknown process pid 729
10-01 16:48:44.769   710   710 D SELinuxMMAC: Using policy file /system/etc/selinux/plat_mac_permissions.xml
10-01 16:48:44.771   710   710 D SELinuxMMAC: Using policy file /vendor/etc/selinux/nonplat_mac_permissions.xml
10-01 16:48:44.855   710   710 D PackageManager: No files in app dir /vendor/overlay
10-01 16:48:45.011   710   710 D PackageManager: No files in app dir /system/vendor/app
10-01 16:48:45.011   710   710 D PackageManager: No files in app dir /oem/app
10-01 16:48:45.013   710   710 D PackageManager: No files in app dir /data/app
10-01 16:48:45.013   710   710 D PackageManager: No files in app dir /data/app-private
10-01 16:48:45.016   710   710 E PackageManager: updateAllSharedLibrariesLPw failed: Package com.android.dialer requires unavailable shared library com.qualcomm.qti.smartsearch; failing!
10-01 16:48:45.018   710   710 I PackageManager: Time to scan packages: 0.164 seconds
10-01 16:48:45.021   710   710 V PackageManager: Disabling com.google.android.gsf/com.google.android.gsf.update.SystemUpdateActivity
10-01 16:48:45.022   710   710 W PackageManager: Unable to disable com.google.android.gsf/com.google.android.gsf.update.SystemUpdateActivity
10-01 16:48:45.022   710   710 V PackageManager: Disabling com.google.android.gsf/com.google.android.gsf.update.SystemUpdateService$Receiver
10-01 16:48:45.022   710   710 W PackageManager: Unable to disable com.google.android.gsf/com.google.android.gsf.update.SystemUpdateService$Receiver
10-01 16:48:45.022   710   710 V PackageManager: Disabling com.google.android.gsf/com.google.android.gsf.update.SystemUpdateService$SecretCodeReceiver
10-01 16:48:45.022   710   710 W PackageManager: Unable to disable com.google.android.gsf/com.google.android.gsf.update.SystemUpdateService$SecretCodeReceiver
10-01 16:48:45.022   710   710 V PackageManager: Disabling com.google.android.gms/com.google.android.gms.update.SystemUpdateActivity
10-01 16:48:45.022   710   710 W PackageManager: Unable to disable com.google.android.gms/com.google.android.gms.update.SystemUpdateActivity
10-01 16:48:45.022   710   710 V PackageManager: Disabling com.google.android.gms/com.google.android.gms.update.SystemUpdateService$Receiver
10-01 16:48:45.022   710   710 W PackageManager: Unable to disable com.google.android.gms/com.google.android.gms.update.SystemUpdateService$Receiver
10-01 16:48:45.022   710   710 V PackageManager: Disabling com.google.android.gms/com.google.android.gms.update.SystemUpdateService$ActiveReceiver
10-01 16:48:45.022   710   710 W PackageManager: Unable to disable com.google.android.gms/com.google.android.gms.update.SystemUpdateService$ActiveReceiver
10-01 16:48:45.022   710   710 V PackageManager: Disabling com.google.android.gms/com.google.android.gms.update.SystemUpdateService$SecretCodeReceiver
10-01 16:48:45.022   710   710 W PackageManager: Unable to disable com.google.android.gms/com.google.android.gms.update.SystemUpdateService$SecretCodeReceiver
10-01 16:48:45.022   710   710 V PackageManager: Enabling com.google.android.gsf/com.google.android.gsf.update.SystemUpdateService
10-01 16:48:45.022   710   710 W PackageManager: Unable to enable com.google.android.gsf/com.google.android.gsf.update.SystemUpdateService
10-01 16:48:45.022   710   710 V PackageManager: Enabling com.google.android.gms/com.google.android.gms.update.SystemUpdateService
10-01 16:48:45.022   710   710 W PackageManager: Unable to enable com.google.android.gms/com.google.android.gms.update.SystemUpdateService
10-01 16:48:45.023   710   710 V PackageManager: reconcileAppsData for null u0 0x3 migrateAppData=true
10-01 16:48:45.153   710   710 V PackageManager: reconcileAppsData finished 18 packages
10-01 16:48:45.154   710   752 D SystemServerInitThreadPool: Started executing prepareAppData
10-01 16:48:45.156   210   378 W installd: Ignoring /data/data/com.android.defcontainer/lib with unexpected GID 0 instead of 10006
10-01 16:48:45.157   210   378 W installd: Ignoring /data/data/com.android.inputmethod.latin/lib with unexpected GID 0 instead of 10051
10-01 16:48:45.159   210   378 W installd: Ignoring /data/data/com.android.terminal/lib with unexpected GID 0 instead of 10053
10-01 16:48:45.159   210   378 W installd: Ignoring /data/data/com.android.pacprocessor/lib with unexpected GID 0 instead of 10047
10-01 16:48:45.160   210   378 W installd: Ignoring /data/data/com.android.camera2/lib with unexpected GID 0 instead of 10036
10-01 16:48:45.161   210   378 W installd: Ignoring /data/data/com.android.nfc/lib with unexpected GID 0 instead of 1027
10-01 16:48:45.162   210   378 W installd: Ignoring /data/data/com.android.printspooler/lib with unexpected GID 0 instead of 10052
10-01 16:48:45.162   210   378 W installd: Ignoring /data/data/com.android.webview/lib with unexpected GID 0 instead of 10055
10-01 16:48:45.162   210   378 W installd: Ignoring /data/data/com.android.bips/lib with unexpected GID 0 instead of 10031
10-01 16:48:45.163   210   378 W installd: Ignoring /data/data/com.android.gallery3d/lib with unexpected GID 0 instead of 10044
10-01 16:48:45.163   210   378 W installd: Ignoring /data/data/com.svox.pico/lib with unexpected GID 0 instead of 10049
10-01 16:48:45.165   210   378 W installd: Ignoring /data/data/com.android.bluetooth/lib with unexpected GID 0 instead of 1002
10-01 16:48:45.168   210   378 W installd: Ignoring /data/user_de/0/com.android.defcontainer/lib with unexpected GID 0 instead of 10006
10-01 16:48:45.170   210   378 W installd: Ignoring /data/user_de/0/com.android.inputmethod.latin/lib with unexpected GID 0 instead of 10051
10-01 16:48:45.176   210   378 W installd: Ignoring /data/user_de/0/com.android.bluetooth/lib with unexpected GID 0 instead of 1002
10-01 16:48:45.177   710   752 D SystemServerTimingAsync: AppDataFixup took to complete: 23ms
10-01 16:48:45.226   710   710 E PackageManager: There should probably be a verifier, but, none were found
10-01 16:48:45.229   710   710 D PackageManager: Ephemeral resolver not found with new action; try old one
10-01 16:48:45.230   710   710 D PackageManager: Ephemeral resolver NOT found; no matching intent filters
10-01 16:48:45.230   710   710 D PackageManager: Ephemeral installer not found with new action; try old one
10-01 16:48:45.230   710   710 D PackageManager: Clear ephemeral installer activity
10-01 16:48:45.299   710   710 I zygote  : Explicit concurrent copying GC freed 37052(1969KB) AllocSpace objects, 22(844KB) LOS objects, 42% free, 2MB/3MB, paused 183us total 60.668ms
10-01 16:48:45.302   710   710 D FallbackCategoryProvider: Found 1 fallback categories
10-01 16:48:45.304   710   710 D SystemServerTiming: StartPackageManagerService took to complete: 577ms
10-01 16:48:45.304   710   710 I SystemServer: StartOtaDexOptService
10-01 16:48:45.306   710   710 D OTADexopt: No upgrade, skipping A/B artifacts check.
10-01 16:48:45.306   710   710 D SystemServerTiming: StartOtaDexOptService took to complete: 1ms
10-01 16:48:45.306   710   710 I SystemServer: StartUserManagerService
10-01 16:48:45.306   710   710 I SystemServiceManager: Starting com.android.server.pm.UserManagerService$LifeCycle
10-01 16:48:45.306   710   710 D SystemServerTiming: StartUserManagerService took to complete: 0ms
10-01 16:48:45.306   710   710 I SystemServer: InitAttributerCache
10-01 16:48:45.307   710   710 D SystemServerTiming: InitAttributerCache took to complete: 0ms
10-01 16:48:45.307   710   710 I SystemServer: SetSystemProcess
10-01 16:48:45.317   195   195 I lowmemorykiller: ActivityManager connected
10-01 16:48:45.318   710   710 D SystemServerTiming: SetSystemProcess took to complete: 11ms
10-01 16:48:45.320   710   754 I ServiceThread: Enabled StrictMode logging for android.anim looper.
10-01 16:48:45.321   710   710 I SystemServer: StartOverlayManagerService
10-01 16:48:45.329   710   710 D SystemServerTiming: StartOverlayManagerService took to complete: 8ms
10-01 16:48:45.331   710   710 I SystemServer: StartDropBoxManager
10-01 16:48:45.331   710   756 D SystemServerInitThreadPool: Started executing StartSensorService
10-01 16:48:45.331   710   756 D SensorService: nuSensorService starting...
10-01 16:48:45.331   710   710 I SystemServiceManager: Starting com.android.server.DropBoxManagerService
10-01 16:48:45.332   710   755 D SystemServerInitThreadPool: Started executing Init OverlayManagerService
10-01 16:48:45.335   164   164 W /system/bin/hwservicemanager: getTransportFromManifest: Cannot find entry android.hardware.sensors@1.0::ISensors in either framework or device manifest, using default transport.
10-01 16:48:45.336   710   710 D SystemServerTiming: StartDropBoxManager took to complete: 5ms
10-01 16:48:45.336   710   710 I SystemServer: StartBatteryService
10-01 16:48:45.337   710   710 I SystemServiceManager: Starting com.android.server.BatteryService
10-01 16:48:45.355   710   756 I vndksupport: sphal namespace is not configured for this process. Loading /vendor/lib/hw/sensors.msm8960.so from the current namespace instead.
10-01 16:48:45.361   710   710 D SystemServerTiming: StartBatteryService took to complete: 24ms
10-01 16:48:45.361   710   710 I SystemServer: StartUsageService
10-01 16:48:45.363   710   722 E LightsService: Light requested not available on this device. 3
10-01 16:48:45.363   710   710 I SystemServiceManager: Starting com.android.server.usage.UsageStatsService
10-01 16:48:45.369   710   755 D SystemServerInitThreadPool: Finished executing Init OverlayManagerService
10-01 16:48:45.375   710   710 D SystemServerTiming: StartUsageService took to complete: 14ms
10-01 16:48:45.375   710   710 I SystemServer: StartWebViewUpdateService
10-01 16:48:45.375   710   710 I SystemServiceManager: Starting com.android.server.webkit.WebViewUpdateService
10-01 16:48:45.380   710   710 D SystemServerTiming: StartWebViewUpdateService took to complete: 5ms
10-01 16:48:45.381   710   710 I SystemServer: StartKeyAttestationApplicationIdProviderService
10-01 16:48:45.381   710   723 D SystemServerInitThreadPool: Started executing SecondaryZygotePreload
10-01 16:48:45.381   710   723 I SystemServer: SecondaryZygotePreload
10-01 16:48:45.383   710   710 D SystemServerTiming: StartKeyAttestationApplicationIdProviderService took to complete: 2ms
10-01 16:48:45.383   710   710 I SystemServer: StartKeyChainSystemService
10-01 16:48:45.383   710   723 I Zygote  : Process: zygote socket zygote opened, supported ABIS: armeabi-v7a,armeabi
10-01 16:48:45.383   710   710 I SystemServiceManager: Starting com.android.server.security.KeyChainSystemService
10-01 16:48:45.385   710   710 D SystemServerTiming: StartKeyChainSystemService took to complete: 2ms
10-01 16:48:45.385   710   710 I SystemServer: StartSchedulingPolicyService
10-01 16:48:45.387   710   710 D SystemServerTiming: StartSchedulingPolicyService took to complete: 2ms
10-01 16:48:45.387   710   710 I SystemServer: StartTelecomLoaderService
10-01 16:48:45.388   710   710 I SystemServiceManager: Starting com.android.server.telecom.TelecomLoaderService
10-01 16:48:45.388   710   710 D SystemServerTiming: StartTelecomLoaderService took to complete: 1ms
10-01 16:48:45.388   710   710 I SystemServer: StartTelephonyRegistry
10-01 16:48:45.392   710   710 D SystemServerTiming: StartTelephonyRegistry took to complete: 4ms
10-01 16:48:45.392   710   710 I SystemServer: StartEntropyMixer
10-01 16:48:45.393   710   723 E SystemServer: Unable to preload default resources
10-01 16:48:45.393   710   723 D SystemServerTimingAsync: SecondaryZygotePreload took to complete: 12ms
10-01 16:48:45.393   710   723 D SystemServerInitThreadPool: Finished executing SecondaryZygotePreload
10-01 16:48:45.396   710   710 I EntropyMixer: Added HW RNG output to entropy pool
10-01 16:48:45.396   710   710 I EntropyMixer: Writing entropy...
10-01 16:48:45.406   710   710 D SystemServerTiming: StartEntropyMixer took to complete: 14ms
10-01 16:48:45.406   710   710 I SystemServer: Camera Service Proxy
10-01 16:48:45.406   710   710 I SystemServer: StartCameraServiceProxy
10-01 16:48:45.407   710   710 I SystemServiceManager: Starting com.android.server.camera.CameraServiceProxy
10-01 16:48:45.409   710   759 I ServiceThread: Enabled StrictMode logging for CameraService_proxy looper.
10-01 16:48:45.410   710   710 D SystemServerTiming: StartCameraServiceProxy took to complete: 3ms
10-01 16:48:45.410   710   710 I SystemServer: StartAccountManagerService
10-01 16:48:45.410   710   710 I SystemServiceManager: Starting com.android.server.accounts.AccountManagerService$Lifecycle
10-01 16:48:45.420   710   710 D SystemServerTiming: StartAccountManagerService took to complete: 10ms
10-01 16:48:45.420   710   710 I SystemServer: StartContentService
10-01 16:48:45.421   710   710 I SystemServiceManager: Starting com.android.server.content.ContentService$Lifecycle
10-01 16:48:45.424   710   710 D SystemServerTiming: StartContentService took to complete: 4ms
10-01 16:48:45.424   710   710 I SystemServer: InstallSystemProviders
10-01 16:48:45.496   710   710 I SettingsState: No settings state /data/system/users/0/settings_ssaid.xml
10-01 16:48:45.509   710   710 V RescueParty: Disabled because of active USB connection
10-01 16:48:45.509   710   710 D SystemServerTiming: InstallSystemProviders took to complete: 85ms
10-01 16:48:45.509   710   710 I SystemServer: StartVibratorService
10-01 16:48:45.511   164   164 W /system/bin/hwservicemanager: getTransportFromManifest: Cannot find entry android.hardware.vibrator@1.0::IVibrator in either framework or device manifest, using default transport.
10-01 16:48:45.517   710   710 I vndksupport: sphal namespace is not configured for this process. Loading /vendor/lib/hw/vibrator.default.so from the current namespace instead.
10-01 16:48:45.519   710   710 D         : Vibrator using timed_output
10-01 16:48:45.523   710   710 D SystemServerTiming: StartVibratorService took to complete: 14ms
10-01 16:48:45.524   710   710 I SystemServer: StartConsumerIrService
10-01 16:48:45.525   164   164 W /system/bin/hwservicemanager: getTransportFromManifest: Cannot find entry android.hardware.ir@1.0::IConsumerIr in either framework or device manifest, using default transport.
10-01 16:48:45.528   710   710 D SystemServerTiming: StartConsumerIrService took to complete: 5ms
10-01 16:48:45.528   710   710 I SystemServer: StartAlarmManagerService
10-01 16:48:45.528   710   710 I SystemServiceManager: Starting com.android.server.AlarmManagerService
10-01 16:48:45.538   710   710 D AlarmManagerService: Kernel timezone updated to 0 minutes west of GMT
10-01 16:48:45.550   710   710 D SystemServerTiming: StartAlarmManagerService took to complete: 22ms
10-01 16:48:45.550   710   710 I SystemServer: InitWatchdog
10-01 16:48:45.551   710   710 D SystemServerTiming: InitWatchdog took to complete: 1ms
10-01 16:48:45.551   710   710 I SystemServer: StartInputManagerService
10-01 16:48:45.552   710   710 I InputManager: Initializing input manager, mUseDevInputEventForAudioJack=true
10-01 16:48:45.553   710   710 D SystemServerTiming: StartInputManagerService took to complete: 2ms
10-01 16:48:45.553   710   710 I SystemServer: StartWindowManagerService
10-01 16:48:46.193   710   752 D SystemServerTimingAsync: AppDataPrepare took to complete: 1016ms
10-01 16:48:46.193   710   752 I PackageManager: Deferred reconcileAppsData finished 60 packages
10-01 16:48:46.193   710   752 D SystemServerInitThreadPool: Finished executing prepareAppData
10-01 16:48:46.380   710   756 E libsensor1: sensor1_open: Error in connect() errno=2 No such file or directory
10-01 16:48:46.381   710   756 E sensor_reg: sensor_reg_sensor1_open: sensor1_open returned 11
10-01 16:48:46.381   710   756 E qcom_sensors_hal: hal_init: Error in sensor_reg_open(): -1
10-01 16:48:46.382   710   756 F system_server: Sensors.cpp:98] Check failed: getHalDeviceVersion() >= ((((1) & 0xff) << 24) | (((3) & 0xff) << 16) | ((1) & 0xffff)) (getHalDeviceVersion()=16777217, ((((1) & 0xff) << 24) | (((3) & 0xff) << 16) | ((1) & 0xffff))=16973825) 
10-01 16:48:46.384   710   756 F libc    : Fatal signal 6 (SIGABRT), code -6 in tid 756 (system-server-i)
10-01 16:48:46.588   766   766 I crash_dump32: obtaining output fd from tombstoned
10-01 16:48:46.589   223   223 I /system/bin/tombstoned: received crash request for pid 710
10-01 16:48:46.590   766   766 I crash_dump32: performing dump of process 710 (target tid = 756)
10-01 16:48:46.591   710   756 F libc    : failed to resend signal during crash: Operation not permitted
10-01 16:48:46.591   766   766 E DEBUG   : unexpected waitpid response: n=756, status=00000100
10-01 16:48:46.593   223   223 W /system/bin/tombstoned: crash socket received short read of length 0 (expected 8)
10-01 16:48:46.620   163   163 I ServiceManager: service 'content' died
10-01 16:48:46.621   163   163 I ServiceManager: service 'settings' died
10-01 16:48:46.621   163   163 I ServiceManager: service 'vibrator' died
10-01 16:48:46.621   163   163 I ServiceManager: service 'consumer_ir' died
10-01 16:48:46.621   163   163 I ServiceManager: service 'alarm' died
10-01 16:48:46.621   163   163 I ServiceManager: service 'package' died
10-01 16:48:46.621   163   163 I ServiceManager: service 'otadexopt' died
10-01 16:48:46.621   163   163 I ServiceManager: service 'user' died
10-01 16:48:46.621   163   163 I ServiceManager: service 'activity' died
10-01 16:48:46.622   163   163 I ServiceManager: service 'procstats' died
10-01 16:48:46.622   163   163 I ServiceManager: service 'meminfo' died
10-01 16:48:46.622   163   163 I ServiceManager: service 'gfxinfo' died
10-01 16:48:46.622   163   163 I ServiceManager: service 'dbinfo' died
10-01 16:48:46.622   163   163 I ServiceManager: service 'cpuinfo' died
10-01 16:48:46.622   163   163 I ServiceManager: service 'permission' died
10-01 16:48:46.622   163   163 I ServiceManager: service 'processinfo' died
10-01 16:48:46.622   163   163 I ServiceManager: service 'dropbox' died
10-01 16:48:46.622   163   163 I ServiceManager: service 'battery' died
10-01 16:48:46.622   163   163 I ServiceManager: service 'overlay' died
10-01 16:48:46.623   163   163 I ServiceManager: service 'usagestats' died
10-01 16:48:46.623   163   163 I ServiceManager: service 'webviewupdate' died
10-01 16:48:46.623   163   163 I ServiceManager: service 'sec_key_att_app_id_provider' died
10-01 16:48:46.623   163   163 I ServiceManager: service 'scheduling_policy' died
10-01 16:48:46.623   163   163 I ServiceManager: service 'telephony.registry' died
10-01 16:48:46.623   163   163 I ServiceManager: service 'media.camera.proxy' died
10-01 16:48:46.623   163   163 I ServiceManager: service 'account' died
10-01 16:48:46.623   163   163 I ServiceManager: service 'device_identifiers' died
10-01 16:48:46.623   163   163 I ServiceManager: service 'appops' died
10-01 16:48:46.623   163   163 I ServiceManager: service 'batterystats' died
10-01 16:48:46.623   163   163 I ServiceManager: service 'power' died
10-01 16:48:46.624   163   163 I ServiceManager: service 'recovery' died
10-01 16:48:46.624   163   163 I ServiceManager: service 'display' died
10-01 16:48:46.643   195   195 I lowmemorykiller: ActivityManager disconnected
10-01 16:48:46.643   195   195 I lowmemorykiller: Closing Activity Manager data connection
10-01 16:48:46.665   659   659 I Zygote  : Process 710 exited cleanly (1)
10-01 16:48:46.665   659   659 E Zygote  : Exit zygote because system server (710) has terminated
10-01 16:48:46.732   163   163 I ServiceManager: service 'media.audio_flinger' died
10-01 16:48:46.758   163   163 I ServiceManager: service 'media.camera' died
10-01 16:48:46.770   163   163 I ServiceManager: service 'media.player' died
10-01 16:48:46.770   163   163 I ServiceManager: service 'media.resource_manager' died
10-01 16:48:46.778   163   163 I ServiceManager: service 'netd' died
10-01 16:48:46.795   163   163 I ServiceManager: service 'wificond' died
10-01 16:48:46.843   771   771 W netd    : type=1400 audit(0.0:125): avc: granted { getattr } for path="/vendor" dev="rootfs" ino=4768 scontext=u:r:netd:s0 tcontext=u:object_r:rootfs:s0 tclass=lnk_file
10-01 16:48:46.964   771   771 I Netd    : Netd 1.0 starting
10-01 16:48:46.965   771   771 D TetherController: Setting IP forward enable = 0
10-01 16:48:46.993   773   773 W iptables-restor: type=1400 audit(0.0:126): avc: granted { getattr } for path="/vendor" dev="rootfs" ino=4768 scontext=u:r:netd:s0 tcontext=u:object_r:rootfs:s0 tclass=lnk_file
10-01 16:48:47.022   772   772 I wificond: wificond is starting up...
10-01 16:48:47.023   774   774 W ip6tables-resto: type=1400 audit(0.0:127): avc: granted { getattr } for path="/vendor" dev="rootfs" ino=4768 scontext=u:r:netd:s0 tcontext=u:object_r:rootfs:s0 tclass=lnk_file
10-01 16:48:47.103   775   775 W iptables: type=1400 audit(0.0:128): avc: granted { getattr } for path="/vendor" dev="rootfs" ino=4768 scontext=u:r:netd:s0 tcontext=u:object_r:rootfs:s0 tclass=lnk_file
10-01 16:48:47.143   776   776 W ip6tables: type=1400 audit(0.0:129): avc: granted { getattr } for path="/vendor" dev="rootfs" ino=4768 scontext=u:r:netd:s0 tcontext=u:object_r:rootfs:s0 tclass=lnk_file
10-01 16:48:47.193   777   777 W iptables: type=1400 audit(0.0:130): avc: granted { getattr } for path="/vendor" dev="rootfs" ino=4768 scontext=u:r:netd:s0 tcontext=u:object_r:rootfs:s0 tclass=lnk_file
10-01 16:48:47.227   768   768 I FastMixerState: sMaxFastTracks = 8
10-01 16:48:47.237   768   768 I audioserver: ServiceManager: 0xaf20e4c0
10-01 16:48:47.237   768   768 W BatteryNotifier: batterystats service unavailable!
10-01 16:48:47.240   164   164 W /system/bin/hwservicemanager: getTransportFromManifest: Cannot find entry android.hardware.audio@2.0::IDevicesFactory in either framework or device manifest, using default transport.
10-01 16:48:47.247   164   164 W /system/bin/hwservicemanager: getTransportFromManifest: Cannot find entry android.hardware.audio.effect@2.0::IEffectsFactory in either framework or device manifest, using default transport.
10-01 16:48:47.257   768   768 I AudioFlinger: Using default 3000 mSec as standby time.
10-01 16:48:47.260   768   768 I APM::ConfigParsingUtils: loadAudioPolicyConfig() loaded /system/etc/audio_policy.conf
10-01 16:48:47.262   768   768 I vndksupport: sphal namespace is not configured for this process. Loading /vendor/lib/hw/audio.primary.msm8960.so from the current namespace instead.
10-01 16:48:47.266   770   770 I mediaserver: ServiceManager: 0xa6f0e560
10-01 16:48:47.268   770   770 W BatteryNotifier: batterystats service unavailable!
10-01 16:48:47.270   768   768 D audio_hw_primary: adev_open: enter
10-01 16:48:47.293   769   769 I cameraserver: ServiceManager: 0xa738e500
10-01 16:48:47.293   769   769 I CameraService: CameraService started (pid=769)
10-01 16:48:47.293   769   769 I CameraService: CameraService process starting
10-01 16:48:47.294   769   769 W BatteryNotifier: batterystats service unavailable!
10-01 16:48:47.294   769   769 W BatteryNotifier: batterystats service unavailable!
10-01 16:48:47.297   164   164 W /system/bin/hwservicemanager: getTransportFromManifest: Cannot find entry android.hardware.camera.provider@2.4::ICameraProvider in either framework or device manifest, using default transport.
10-01 16:48:47.307   769   769 E CamProvider@2.4-impl: Could not load camera HAL module: -2 (No such file or directory)
10-01 16:48:47.307   769   769 E CamProvider@2.4-impl: HIDL_FETCH_ICameraProvider: camera provider init failed!
10-01 16:48:47.313   793   793 W iptables: type=1400 audit(0.0:134): avc: granted { getattr } for path="/vendor" dev="rootfs" ino=4768 scontext=u:r:netd:s0 tcontext=u:object_r:rootfs:s0 tclass=lnk_file
10-01 16:48:47.342   768   768 E audio_route: unknown enum value string Off for ctl TTY Mode
10-01 16:48:47.362   768   768 D ACDB-LOADER: ACDB -> ACDB_CMD_INITIALIZE
10-01 16:48:47.362   768   768 E         : [ACDB RTC]->rtc init done!->result [0]
10-01 16:48:47.362   768   768 D Diag_Lib: actp_diag_init: call diag init function with AE59F4D9
10-01 16:48:47.362   768   768 E Diag_Lib:  Diag_LSM_Init: Failed to open handle to diag driver, error = 2
10-01 16:48:47.362   768   768 E Diag_Lib: actp_diag_init: diag init failed
10-01 16:48:47.362   768   768 E         : [ACDB ACPH]->actp diag init done!
10-01 16:48:47.362   768   768 D ACDB-LOADER: No existing ION info in ACDB driver
10-01 16:48:47.362   768   768 D ACDB-LOADER: ACDB -> ION_IOC_ALLOC
10-01 16:48:47.362   768   768 D ACDB-LOADER: ACDB -> ION_IOC_SHARE
10-01 16:48:47.362   768   768 D ACDB-LOADER: ACDB -> MMAP ADDR
10-01 16:48:47.362   768   768 D ACDB-LOADER: ACDB -> register MEM to ACDB driver: 0xb05d9000
10-01 16:48:47.363   768   768 D ACDB-LOADER: ACDB -> send_asm_topology
10-01 16:48:47.363   768   768 D ACDB-LOADER: ACDB -> ACDB_CMD_GET_AUDPROC_STREAM_TOPOLOGY_ID
10-01 16:48:47.363   768   768 D ACDB-LOADER: send mbhc data
10-01 16:48:47.380   768   768 D ACDB-LOADER: send tabla anc data
10-01 16:48:47.380   768   768 D ACDB-LOADER: ACDB -> ACDB_CMD_GET_ANC_SETTING
10-01 16:48:47.380   768   768 D ACDB-LOADER: done with conversion, anc config size is 148
10-01 16:48:47.380   768   768 D ACDB-LOADER: ACDB -> ACDB_CMD_GET_ANC_SETTING
10-01 16:48:47.380   768   768 D ACDB-LOADER: done with conversion, anc config size is 148
10-01 16:48:47.381   768   768 D ACDB-LOADER: ACDB -> ACDB_CMD_GET_ANC_SETTING
10-01 16:48:47.381   768   768 D ACDB-LOADER: done with conversion, anc config size is 148
10-01 16:48:47.381   768   768 D ACDB-LOADER: ACDB -> ACDB_CMD_GET_ANC_SETTING
10-01 16:48:47.381   768   768 D ACDB-LOADER: done with conversion, anc config size is 148
10-01 16:48:47.381   768   768 D ACDB-LOADER: ACDB -> ACDB_CMD_GET_ANC_SETTING
10-01 16:48:47.381   768   768 D ACDB-LOADER: done with conversion, anc config size is 74
10-01 16:48:47.381   768   768 D ACDB-LOADER: ACDB -> ACDB_CMD_GET_ANC_SETTING
10-01 16:48:47.381   768   768 D ACDB-LOADER: done with conversion, anc config size is 74
10-01 16:48:47.381   768   768 D ACDB-LOADER: ACDB -> init done!
10-01 16:48:47.389   768   768 D         : csd_client_init
10-01 16:48:47.389   768   768 E         : csd_client_service_init: Invalid rx device 0, setting to handset
10-01 16:48:47.389   768   768 E         : csd_client_service_init: Invalid tx device 0, setting to handset
10-01 16:48:47.389   768   768 E Diag_Lib:  Diag_LSM_Init: Failed to open handle to diag driver, error = 2
10-01 16:48:47.393   798   798 W iptables: type=1400 audit(0.0:139): avc: granted { getattr } for path="/vendor" dev="rootfs" ino=4768 scontext=u:r:netd:s0 tcontext=u:object_r:rootfs:s0 tclass=lnk_file
10-01 16:48:47.413   799   799 W ip6tables: type=1400 audit(0.0:140): avc: granted { getattr } for path="/vendor" dev="rootfs" ino=4768 scontext=u:r:netd:s0 tcontext=u:object_r:rootfs:s0 tclass=lnk_file
10-01 16:48:47.423   800   800 W iptables: type=1400 audit(0.0:141): avc: granted { getattr } for path="/vendor" dev="rootfs" ino=4768 scontext=u:r:netd:s0 tcontext=u:object_r:rootfs:s0 tclass=lnk_file
10-01 16:48:47.443   801   801 W ip6tables: type=1400 audit(0.0:142): avc: granted { getattr } for path="/vendor" dev="rootfs" ino=4768 scontext=u:r:netd:s0 tcontext=u:object_r:rootfs:s0 tclass=lnk_file
10-01 16:48:47.475   771   771 I Netd    : Creating child chains: 495.0ms
10-01 16:48:47.475   771   771 I Netd    : Setting up OEM hooks: 0.1ms
10-01 16:48:47.487   771   771 I Netd    : Setting up FirewallController hooks: 11.5ms
10-01 16:48:47.493   771   771 I Netd    : Setting up NatController hooks: 5.9ms
10-01 16:48:47.498   771   771 I Netd    : Setting up BandwidthController hooks: 4.9ms
10-01 16:48:47.498   771   771 I Netd    : Setting up IdletimerController hooks: 0.1ms
10-01 16:48:47.509   771   771 I Netd    : Disabling bandwidth control: 11.0ms
10-01 16:48:47.511   771   771 E Netd    : Error adding route 0.0.0.0/0 -> (null) dummy0 to table 1002: File exists
10-01 16:48:47.511   771   771 I Netd    : Initializing RouteController: 2.8ms
10-01 16:48:47.513   771   771 D MDnsDS  : MDnsSdListener::Hander starting up
10-01 16:48:47.514   771   807 D MDnsDS  : MDnsSdListener starting to monitor
10-01 16:48:47.514   771   807 D MDnsDS  : Going to poll with pollCount 1
10-01 16:48:47.516   771   771 I Netd    : Registering NetdNativeService: 2.0ms
10-01 16:48:47.516   771   771 I Netd    : Starting CommandListener: 0.2ms
10-01 16:48:47.516   771   771 I Netd    : Netd started in 552ms
10-01 16:48:47.866   767   767 D AndroidRuntime: >>>>>> START com.android.internal.os.ZygoteInit uid 0 <<<<<<
10-01 16:48:47.876   767   767 I zygote  : option[0]=-Xzygote
10-01 16:48:47.876   767   767 I zygote  : option[1]=-Xstacktracefile:/data/anr/traces.txt
10-01 16:48:47.876   767   767 I zygote  : option[2]=exit
10-01 16:48:47.876   767   767 I zygote  : option[3]=vfprintf
10-01 16:48:47.876   767   767 I zygote  : option[4]=sensitiveThread
10-01 16:48:47.876   767   767 I zygote  : option[5]=-verbose:gc
10-01 16:48:47.876   767   767 I zygote  : option[6]=-Xms8m
10-01 16:48:47.876   767   767 I zygote  : option[7]=-Xmx512m
10-01 16:48:47.876   767   767 I zygote  : option[8]=-XX:HeapGrowthLimit=192m
10-01 16:48:47.876   767   767 I zygote  : option[9]=-XX:HeapMinFree=512k
10-01 16:48:47.876   767   767 I zygote  : option[10]=-XX:HeapMaxFree=8m
10-01 16:48:47.876   767   767 I zygote  : option[11]=-XX:HeapTargetUtilization=0.75
10-01 16:48:47.876   767   767 I zygote  : option[12]=-Xusejit:true
10-01 16:48:47.876   767   767 I zygote  : option[13]=-Xjitsaveprofilinginfo
10-01 16:48:47.876   767   767 I zygote  : option[14]=-agentlib:jdwp=transport=dt_android_adb,suspend=n,server=y
10-01 16:48:47.876   767   767 I zygote  : option[15]=-Ximage-compiler-option
10-01 16:48:47.876   767   767 I zygote  : option[16]=--runtime-arg
10-01 16:48:47.876   767   767 I zygote  : option[17]=-Ximage-compiler-option
10-01 16:48:47.876   767   767 I zygote  : option[18]=-Xms64m
10-01 16:48:47.877   767   767 I zygote  : option[19]=-Ximage-compiler-option
10-01 16:48:47.877   767   767 I zygote  : option[20]=--runtime-arg
10-01 16:48:47.877   767   767 I zygote  : option[21]=-Ximage-compiler-option
10-01 16:48:47.877   767   767 I zygote  : option[22]=-Xmx64m
10-01 16:48:47.877   767   767 I zygote  : option[23]=-Ximage-compiler-option
10-01 16:48:47.877   767   767 I zygote  : option[24]=--image-classes=/system/etc/preloaded-classes
10-01 16:48:47.877   767   767 I zygote  : option[25]=-Ximage-compiler-option
10-01 16:48:47.877   767   767 I zygote  : option[26]=--compiled-classes=/system/etc/compiled-classes
10-01 16:48:47.877   767   767 I zygote  : option[27]=-Xcompiler-option
10-01 16:48:47.877   767   767 I zygote  : option[28]=--runtime-arg
10-01 16:48:47.877   767   767 I zygote  : option[29]=-Xcompiler-option
10-01 16:48:47.877   767   767 I zygote  : option[30]=-Xms64m
10-01 16:48:47.877   767   767 I zygote  : option[31]=-Xcompiler-option
10-01 16:48:47.877   767   767 I zygote  : option[32]=--runtime-arg
10-01 16:48:47.877   767   767 I zygote  : option[33]=-Xcompiler-option
10-01 16:48:47.877   767   767 I zygote  : option[34]=-Xmx512m
10-01 16:48:47.877   767   767 I zygote  : option[35]=-Ximage-compiler-option
10-01 16:48:47.877   767   767 I zygote  : option[36]=--instruction-set-variant=krait
10-01 16:48:47.877   767   767 I zygote  : option[37]=-Xcompiler-option
10-01 16:48:47.877   767   767 I zygote  : option[38]=--instruction-set-variant=krait
10-01 16:48:47.877   767   767 I zygote  : option[39]=-Ximage-compiler-option
10-01 16:48:47.877   767   767 I zygote  : option[40]=--instruction-set-features=default
10-01 16:48:47.877   767   767 I zygote  : option[41]=-Xcompiler-option
10-01 16:48:47.877   767   767 I zygote  : option[42]=--instruction-set-features=default
10-01 16:48:47.878   767   767 I zygote  : option[43]=-Duser.locale=en-US
10-01 16:48:47.878   767   767 I zygote  : option[44]=--cpu-abilist=armeabi-v7a,armeabi
10-01 16:48:47.878   767   767 I zygote  : option[45]=-Xfingerprint:google/nitrogen_mako/mako:8.0.0/OPR6.170623.017/217:userdebug/test-keys
10-01 16:48:48.286   767   767 I SamplingProfilerIntegration: Profiling disabled.
10-01 16:48:48.287   767   767 D Zygote  : begin preload
10-01 16:48:48.287   767   767 I Zygote  : Installing ICU cache reference pinning...
10-01 16:48:48.287   767   767 I Zygote  : Preloading ICU data...
10-01 16:48:48.323   767   767 D Zygote32Timing: BeginIcuCachePinning took to complete: 35ms
10-01 16:48:48.323   767   767 I Zygote  : Preloading classes...
10-01 16:48:49.024   767   767 E ActivityRecognitionHardware: activity_recognition HAL is deprecated. class_init is effectively a no-op
10-01 16:48:49.078   767   767 I zygote  : Thread[1,tid=767,Native,Thread*=0xaedbc000,peer=0x12c01c70,"main"] recursive attempt to load library "/system/lib/libmedia_jni.so"
10-01 16:48:49.078   767   767 D MtpDeviceJNI: register_android_mtp_MtpDevice
10-01 16:48:49.079   767   767 I zygote  : Thread[1,tid=767,Native,Thread*=0xaedbc000,peer=0x12c01c70,"main"] recursive attempt to load library "/system/lib/libmedia_jni.so"
10-01 16:48:49.080   767   767 I zygote  : Thread[1,tid=767,Native,Thread*=0xaedbc000,peer=0x12c01c70,"main"] recursive attempt to load library "/system/lib/libmedia_jni.so"
10-01 16:48:49.609   767   767 I System  : Loaded time zone names for "" in 222ms (219ms in ICU)
10-01 16:48:49.727   767   767 I System  : Loaded time zone names for "en_US" in 117ms (114ms in ICU)
10-01 16:48:49.765   767   767 I Zygote  : ...preloaded 4570 classes in 1442ms.
10-01 16:48:49.765   767   767 I zygote  : VMRuntime.preloadDexCaches starting
10-01 16:48:50.049   767   767 I zygote  : VMRuntime.preloadDexCaches strings total=306838 before=2835 after=2835
10-01 16:48:50.050   767   767 I zygote  : VMRuntime.preloadDexCaches types total=26185 before=2672 after=3316
10-01 16:48:50.050   767   767 I zygote  : VMRuntime.preloadDexCaches fields total=124018 before=2165 after=1217
10-01 16:48:50.050   767   767 I zygote  : VMRuntime.preloadDexCaches methods total=219959 before=87650 after=87748
10-01 16:48:50.050   767   767 I zygote  : VMRuntime.preloadDexCaches finished
10-01 16:48:50.050   767   767 D Zygote32Timing: PreloadClasses took to complete: 1727ms
10-01 16:48:50.140   767   767 I Zygote  : Preloading resources...
10-01 16:48:50.170   767   767 W Resources: Preloaded drawable resource #0x1080257 (android:drawable/dialog_background_material) that varies with configuration!!
10-01 16:48:50.176   767   767 W Resources: Preloaded color resource #0x10600de (android:color/material_grey_800) that varies with configuration!!
10-01 16:48:50.176   767   767 W Resources: Preloaded drawable resource #0x10802b0 (android:drawable/floating_popup_background_dark) that varies with configuration!!
10-01 16:48:50.295   767   767 I Zygote  : ...preloaded 114 resources in 154ms.
10-01 16:48:50.304   767   767 W Resources: Preloaded color resource #0x1060036 (android:color/background_cache_hint_selector_material_dark) that varies with configuration!!
10-01 16:48:50.305   767   767 W Resources: Preloaded color resource #0x1060053 (android:color/btn_default_material_dark) that varies with configuration!!
10-01 16:48:50.308   767   767 I Zygote  : ...preloaded 41 resources in 13ms.
10-01 16:48:50.308   767   767 D Zygote32Timing: PreloadResources took to complete: 258ms
10-01 16:48:50.308   767   767 I vndksupport: sphal namespace is not configured for this process. Loading /vendor/lib/egl/libEGL_adreno.so from the current namespace instead.
10-01 16:48:50.313   767   767 D libEGL  : loaded /vendor/lib/egl/libEGL_adreno.so
10-01 16:48:50.314   767   767 I vndksupport: sphal namespace is not configured for this process. Loading /vendor/lib/egl/libGLESv1_CM_adreno.so from the current namespace instead.
10-01 16:48:50.318   767   767 D libEGL  : loaded /vendor/lib/egl/libGLESv1_CM_adreno.so
10-01 16:48:50.388   767   767 I vndksupport: sphal namespace is not configured for this process. Loading /vendor/lib/egl/libGLESv2_adreno.so from the current namespace instead.
10-01 16:48:50.418   767   767 D libEGL  : loaded /vendor/lib/egl/libGLESv2_adreno.so
10-01 16:48:50.486   767   767 I Zygote  : Preloading shared libraries...
10-01 16:48:50.541   767   767 I Zygote  : Uninstalled ICU cache reference pinning...
10-01 16:48:50.547   767   767 I Zygote  : Installed AndroidKeyStoreProvider in 6ms.
10-01 16:48:50.582   767   767 I Zygote  : Warmed up JCA providers in 34ms.
10-01 16:48:50.582   767   767 D Zygote  : end preload
10-01 16:48:50.582   767   767 D Zygote32Timing: ZygotePreload took to complete: 2296ms
10-01 16:48:50.676   767   767 I zygote  : Explicit concurrent copying GC freed 32090(1719KB) AllocSpace objects, 4(104KB) LOS objects, 59% free, 1058KB/2MB, paused 1.495ms total 93.597ms
10-01 16:48:50.757   767   767 I zygote  : Explicit concurrent copying GC freed 6057(221KB) AllocSpace objects, 0(0B) LOS objects, 63% free, 869KB/2MB, paused 335us total 62.042ms
10-01 16:48:50.757   767   767 D Zygote32Timing: PostZygoteInitGC took to complete: 175ms
10-01 16:48:50.757   767   767 D Zygote32Timing: ZygoteInit took to complete: 2472ms
10-01 16:48:50.759   767   767 I         : seccomp disabled by setenforce 0
10-01 16:48:50.948   767   767 I Zygote  : System server process 820 has been created
10-01 16:48:50.953   767   767 I Zygote  : Accepting command socket connections
10-01 16:48:50.987   820   820 W system_server: type=1400 audit(0.0:143): avc: granted { execute } for path="/data/dalvik-cache/arm/system@framework@services.jar@classes.dex" dev="mmcblk0p23" ino=496790 scontext=u:r:system_server:s0 tcontext=u:object_r:dalvikcache_data_file:s0 tclass=file
10-01 16:48:50.997   820   820 W system_server: type=1400 audit(0.0:144): avc: granted { execute } for path="/data/dalvik-cache/arm/system@framework@ethernet-service.jar@classes.dex" dev="mmcblk0p23" ino=496792 scontext=u:r:system_server:s0 tcontext=u:object_r:dalvikcache_data_file:s0 tclass=file
10-01 16:48:51.007   820   820 W system_server: type=1400 audit(0.0:145): avc: granted { execute } for path="/data/dalvik-cache/arm/system@framework@wifi-service.jar@classes.dex" dev="mmcblk0p23" ino=496794 scontext=u:r:system_server:s0 tcontext=u:object_r:dalvikcache_data_file:s0 tclass=file
10-01 16:48:51.036   820   820 I SystemServer: InitBeforeStartServices
10-01 16:48:51.036   820   820 I SystemServer: Entered the Android system server!
10-01 16:48:51.492   820   820 D SystemServerTiming: InitBeforeStartServices took to complete: 456ms
10-01 16:48:51.492   820   820 I SystemServer: StartServices
10-01 16:48:51.492   820   820 I SystemServer: Reading configuration...
10-01 16:48:51.493   820   820 I SystemServer: ReadingSystemConfig
10-01 16:48:51.495   820   820 D SystemServerTiming: ReadingSystemConfig took to complete: 2ms
10-01 16:48:51.495   820   820 I SystemServer: StartInstaller
10-01 16:48:51.495   820   833 D SystemServerInitThreadPool: Started executing ReadingSystemConfig
10-01 16:48:51.496   820   820 I SystemServiceManager: Starting com.android.server.pm.Installer
10-01 16:48:51.501   820   820 D SystemServerTiming: StartInstaller took to complete: 6ms
10-01 16:48:51.501   820   820 I SystemServer: DeviceIdentifiersPolicyService
10-01 16:48:51.502   820   820 I SystemServiceManager: Starting com.android.server.os.DeviceIdentifiersPolicyService
10-01 16:48:51.504   820   820 D SystemServerTiming: DeviceIdentifiersPolicyService took to complete: 3ms
10-01 16:48:51.505   820   820 I SystemServer: StartActivityManager
10-01 16:48:51.505   820   820 I SystemServiceManager: Starting com.android.server.am.ActivityManagerService$Lifecycle
10-01 16:48:51.553   820   833 D SystemServerInitThreadPool: Finished executing ReadingSystemConfig
10-01 16:48:51.572   820   820 I ActivityManager: Memory class: 192
10-01 16:48:51.575   820   835 I ServiceThread: Enabled StrictMode logging for ActivityManager looper.
10-01 16:48:51.578   820   836 I ServiceThread: Enabled StrictMode logging for android.ui looper.
10-01 16:48:51.665   820   820 D BatteryStatsImpl: Reading daily items from /data/system/batterystats-daily.xml
10-01 16:48:51.954   164   164 W /system/bin/hwservicemanager: getTransportFromManifest: Cannot find entry android.hardware.memtrack@1.0::IMemtrack in either framework or device manifest, using default transport.
10-01 16:48:51.960   820   820 I vndksupport: sphal namespace is not configured for this process. Loading /vendor/lib/hw/memtrack.msm8960.so from the current namespace instead.
10-01 16:48:51.969   820   820 I AppOps  : No existing app ops /data/system/appops.xml; starting empty
10-01 16:48:51.988   820   820 I IntentFirewall: Read new rules (A:0 B:0 S:0)
10-01 16:48:52.006   820   843 I ServiceThread: Enabled StrictMode logging for android.display looper.
