10-03 18:06:04.124   221  3555 D NuPlayerDriver: notifyListener_l(0xa50945b0), (1, 0, 0, -1), loop setting(0, 0)
10-03 18:06:04.125   221  1789 D NuPlayerDriver: NuPlayerDriver(0xa69b2cb0) created, clientPid(214)
10-03 18:06:04.139   221  3557 D NuPlayerDriver: notifyListener_l(0xa69b2cb0), (1, 0, 0, -1), loop setting(0, 0)
10-03 18:06:04.141   214  1833 I CameraHardwareInterface: Opening camera 0
10-03 18:06:04.142   214  1833 I CamDev@1.0-impl: Opening camera 0
10-03 18:06:04.142   214  1833 E mm-libcamera2: mm_camera_open:  opened, break out while loop
10-03 18:06:04.142   214  1833 E mm-libcamera2: mm_camera_open: cannot open control fd of 'video0' Errno = 22
10-03 18:06:04.142   214  1833 E QCameraHWI: startCamera: cam_ops_open failed: id = 0
10-03 18:06:04.142   214  1833 I QCameraHWI: ~QCameraHardwareInterface First stop the polling threads before deleting instances
10-03 18:06:04.143   214  1833 E CamDev@1.0-impl: Could not open camera 0: -19
10-03 18:06:04.143   214  1833 E CameraHardwareInterface: initialize: openSession failed! Function not implemented (-38)
10-03 18:06:04.143   214  1833 E CameraClient: initialize: Camera 0: unable to initialize device: Function not implemented (-38)
10-03 18:06:04.143   214  1833 I CameraHardwareInterface: Destroying camera 0
10-03 18:06:04.143   214  1833 E CameraService: connectHelper: Could not initialize client from HAL.
10-03 18:06:04.143   221  1852 D NuPlayerDriver: reset(0xa50944d0) at state 4
10-03 18:06:04.143   221  1852 D NuPlayerDriver: notifyListener_l(0xa50944d0), (8, 0, 0, -1), loop setting(0, 0)
10-03 18:06:04.143   221  3548 D NuPlayerDriver: notifyResetComplete(0xa50944d0)
10-03 18:06:04.144   221   221 D NuPlayerDriver: reset(0xa50945b0) at state 4
10-03 18:06:04.144   221   221 D NuPlayerDriver: notifyListener_l(0xa50945b0), (8, 0, 0, -1), loop setting(0, 0)
10-03 18:06:04.144   221  3555 D NuPlayerDriver: notifyResetComplete(0xa50945b0)
10-03 18:06:04.145  1731  1731 D StatusBar: disable<e i a s b H!R!c s q >
10-03 18:06:04.149   221  1791 D NuPlayerDriver: reset(0xa69b2cb0) at state 4
10-03 18:06:04.149   221  1791 D NuPlayerDriver: notifyListener_l(0xa69b2cb0), (8, 0, 0, -1), loop setting(0, 0)
10-03 18:06:04.149  1731  1824 W Adreno-EGL: <qeglDrvAPI_eglGetConfigAttrib:607>: EGL_BAD_ATTRIBUTE
10-03 18:06:04.150   221  3557 D NuPlayerDriver: notifyResetComplete(0xa69b2cb0)
10-03 18:06:04.151  1731  1824 I vndksupport: sphal namespace is not configured for this process. Loading /vendor/lib/hw/gralloc.msm8960.so from the current namespace instead.
10-03 18:06:04.155   214  1833 I CameraService: disconnect: Disconnected client for camera 0 for PID 214
10-03 18:06:04.155   214  1833 E CameraService: initializeShimMetadata: Error initializing shim metadata: Status(-8): '10: connectHelper:1394: Failed to initialize camera "0": Function not implemented (-38)'
10-03 18:06:04.157  1731  1802 E FlashlightController: Couldn't initialize.
10-03 18:06:04.157  1731  1802 E FlashlightController: android.hardware.camera2.CameraAccessException: CAMERA_ERROR (3): connectHelper:1394: Failed to initialize camera "0": Function not implemented (-38)
10-03 18:06:04.157  1731  1802 E FlashlightController: 	at android.hardware.camera2.CameraManager.throwAsPublicException(CameraManager.java:649)
10-03 18:06:04.157  1731  1802 E FlashlightController: 	at android.hardware.camera2.CameraManager.getCameraCharacteristics(CameraManager.java:242)
10-03 18:06:04.157  1731  1802 E FlashlightController: 	at com.android.systemui.statusbar.policy.FlashlightControllerImpl.getCameraId(FlashlightControllerImpl.java:146)
10-03 18:06:04.157  1731  1802 E FlashlightController: 	at com.android.systemui.statusbar.policy.FlashlightControllerImpl.tryInitCamera(FlashlightControllerImpl.java:72)
10-03 18:06:04.157  1731  1802 E FlashlightController: 	at com.android.systemui.statusbar.policy.FlashlightControllerImpl.addCallback(FlashlightControllerImpl.java:120)
10-03 18:06:04.157  1731  1802 E FlashlightController: 	at com.android.systemui.statusbar.policy.FlashlightControllerImpl.addCallback(FlashlightControllerImpl.java:117)
10-03 18:06:04.157  1731  1802 E FlashlightController: 	at com.android.systemui.qs.tiles.FlashlightTile.setListening(FlashlightTile.java:65)
10-03 18:06:04.157  1731  1802 E FlashlightController: 	at com.android.systemui.qs.tileimpl.QSTileImpl$H.handleMessage(QSTileImpl.java:426)
10-03 18:06:04.157  1731  1802 E FlashlightController: 	at android.os.Handler.dispatchMessage(Handler.java:105)
10-03 18:06:04.157  1731  1802 E FlashlightController: 	at android.os.Looper.loop(Looper.java:164)
10-03 18:06:04.157  1731  1802 E FlashlightController: 	at android.os.HandlerThread.run(HandlerThread.java:65)
10-03 18:06:04.157  1731  1802 E FlashlightController: Caused by: android.os.ServiceSpecificException: connectHelper:1394: Failed to initialize camera "0": Function not implemented (-38) (code 10)
10-03 18:06:04.157  1731  1802 E FlashlightController: 	at android.os.Parcel.readException(Parcel.java:1956)
10-03 18:06:04.157  1731  1802 E FlashlightController: 	at android.os.Parcel.readException(Parcel.java:1888)
10-03 18:06:04.157  1731  1802 E FlashlightController: 	at android.hardware.ICameraService$Stub$Proxy.getLegacyParameters(ICameraService.java:507)
10-03 18:06:04.157  1731  1802 E FlashlightController: 	at android.hardware.camera2.CameraManager.getCameraCharacteristics(CameraManager.java:230)
10-03 18:06:04.157  1731  1802 E FlashlightController: 	... 9 more
10-03 18:06:04.611   611   694 W ProcessCpuTracker: Skipping unknown process pid 3542
10-03 18:06:04.612   611   694 W ProcessCpuTracker: Skipping unknown process pid 3544
10-03 18:06:04.612   611   694 W ProcessCpuTracker: Skipping unknown process pid 3564
10-03 18:06:06.231  2218  2424 I chatty  : uid=1027(nfc) com.android.nfc expire 271 lines
10-03 18:06:06.360  2424  2424 I chatty  : uid=1027(nfc) com.android.nfc expire 14 lines
10-03 18:06:06.539  2218  2424 F libc    : Fatal signal 6 (SIGABRT), code -6 in tid 2424 (enableInternal)
10-03 18:06:06.645  3573  3573 I chatty  : uid=1027(nfc) crash_dump32 expire 3 lines
10-03 18:06:06.646   242   242 I /system/bin/tombstoned: received crash request for pid 2218
10-03 18:06:06.647  2218  2424 F libc    : failed to resend signal during crash: Operation not permitted
10-03 18:06:06.650   242   242 W /system/bin/tombstoned: crash socket received short read of length 0 (expected 8)
10-03 18:06:06.652   611   699 I BootReceiver: Copying /data/tombstones/tombstone_02 to DropBox (SYSTEM_TOMBSTONE)
10-03 18:06:06.659   164   164 I ServiceManager: service 'nfc' died
10-03 18:06:06.660   611  1800 I ActivityManager: Process com.android.nfc (pid 2218) has died: pers PER 
10-03 18:06:06.661   611  1800 W ActivityManager: Re-adding persistent process ProcessRecord{9e2f016 2218:com.android.nfc/1027}
10-03 18:06:06.674   186   186 I Zygote  : Process 2218 exited cleanly (1)
10-03 18:06:06.679   611  1800 I ActivityManager: Start proc 3574:com.android.nfc/1027 for restart com.android.nfc
10-03 18:06:06.766  3574  3574 I chatty  : uid=1027(nfc) com.android.nfc expire 13 lines
10-03 18:06:06.908  3574  3591 I chatty  : uid=1027(nfc) com.android.nfc expire 24 lines
10-03 18:06:06.914  3574  3595 I chatty  : uid=1027(nfc) com.android.nfc expire 1 line
10-03 18:06:06.915  3574  3594 I chatty  : uid=1027(nfc) com.android.nfc expire 1 line
10-03 18:06:08.473  3599  3599 I chatty  : uid=1027(nfc) /vendor/bin/hw/android.hardware.nfc@1.0-service expire 3 lines
10-03 18:06:09.057  3604  3604 E linker  : "/system/vendor/lib/libmmjpeg.so" has text relocations
10-03 18:06:09.058  3604  3604 F libc    : CANNOT LINK EXECUTABLE "/vendor/bin/mm-qcamera-daemon": "/system/vendor/lib/libmmjpeg.so" has text relocations
10-03 18:06:09.059  3604  3604 F libc    : Fatal signal 6 (SIGABRT), code -6 in tid 3604 (mm-qcamera-daem)
10-03 18:06:09.093  3607  3607 I crash_dump32: obtaining output fd from tombstoned
10-03 18:06:09.093   242   242 I /system/bin/tombstoned: received crash request for pid 3604
10-03 18:06:09.094  3607  3607 I crash_dump32: performing dump of process 3604 (target tid = 3604)
10-03 18:06:09.094  3604  3604 F libc    : failed to resend signal during crash: Operation not permitted
10-03 18:06:09.095  3607  3607 E DEBUG   : unexpected waitpid response: n=3604, status=00000100
10-03 18:06:09.096   242   242 W /system/bin/tombstoned: crash socket received short read of length 0 (expected 8)
10-03 18:06:09.097   611   699 I BootReceiver: Copying /data/tombstones/tombstone_03 to DropBox (SYSTEM_TOMBSTONE)
10-03 18:06:13.472  3612  3612 I chatty  : uid=1027(nfc) /vendor/bin/hw/android.hardware.nfc@1.0-service expire 3 lines
10-03 18:06:14.058  3617  3617 E linker  : "/system/vendor/lib/libmmjpeg.so" has text relocations
10-03 18:06:14.060  3617  3617 F libc    : CANNOT LINK EXECUTABLE "/vendor/bin/mm-qcamera-daemon": "/system/vendor/lib/libmmjpeg.so" has text relocations
10-03 18:06:14.060  3617  3617 F libc    : Fatal signal 6 (SIGABRT), code -6 in tid 3617 (mm-qcamera-daem)
10-03 18:06:14.093  3620  3620 I crash_dump32: obtaining output fd from tombstoned
10-03 18:06:14.093   242   242 I /system/bin/tombstoned: received crash request for pid 3617
10-03 18:06:14.094  3620  3620 I crash_dump32: performing dump of process 3617 (target tid = 3617)
10-03 18:06:14.095  3617  3617 F libc    : failed to resend signal during crash: Operation not permitted
10-03 18:06:14.095  3620  3620 E DEBUG   : unexpected waitpid response: n=3617, status=00000100
10-03 18:06:14.096   242   242 W /system/bin/tombstoned: crash socket received short read of length 0 (expected 8)
10-03 18:06:14.097   611   699 I BootReceiver: Copying /data/tombstones/tombstone_04 to DropBox (SYSTEM_TOMBSTONE)
10-03 18:06:18.412   611  2303 I ActivityManager: Killing 2585:com.android.contacts/u0a7 (adj 906): empty #17
10-03 18:06:18.470  3646  3646 I chatty  : uid=1027(nfc) /vendor/bin/hw/android.hardware.nfc@1.0-service expire 3 lines
10-03 18:06:19.069  3650  3650 E linker  : "/system/vendor/lib/libmmjpeg.so" has text relocations
10-03 18:06:19.071  3650  3650 F libc    : CANNOT LINK EXECUTABLE "/vendor/bin/mm-qcamera-daemon": "/system/vendor/lib/libmmjpeg.so" has text relocations
10-03 18:06:19.072  3650  3650 F libc    : Fatal signal 6 (SIGABRT), code -6 in tid 3650 (mm-qcamera-daem)
10-03 18:06:19.112  3653  3653 I crash_dump32: obtaining output fd from tombstoned
10-03 18:06:19.112   242   242 I /system/bin/tombstoned: received crash request for pid 3650
10-03 18:06:19.113  3653  3653 I crash_dump32: performing dump of process 3650 (target tid = 3650)
10-03 18:06:19.113  3650  3650 F libc    : failed to resend signal during crash: Operation not permitted
10-03 18:06:19.114  3653  3653 E DEBUG   : unexpected waitpid response: n=3650, status=00000100
10-03 18:06:19.116   242   242 W /system/bin/tombstoned: crash socket received short read of length 0 (expected 8)
10-03 18:06:19.117   611   699 I BootReceiver: Copying /data/tombstones/tombstone_05 to DropBox (SYSTEM_TOMBSTONE)
10-03 18:06:19.285   225   225 I chatty  : uid=1001(radio) /vendor/bin/hw/rild expire 3 lines
10-03 18:06:19.923  3574  3591 I chatty  : uid=1027(nfc) com.android.nfc expire 11 lines
10-03 18:06:23.512  3661  3661 I chatty  : uid=1027(nfc) expire 3 lines
10-03 18:06:24.061  3662  3662 E linker  : "/system/vendor/lib/libmmjpeg.so" has text relocations
10-03 18:06:24.062  3662  3662 F libc    : CANNOT LINK EXECUTABLE "/vendor/bin/mm-qcamera-daemon": "/system/vendor/lib/libmmjpeg.so" has text relocations
10-03 18:06:24.062  3662  3662 F libc    : Fatal signal 6 (SIGABRT), code -6 in tid 3662 (mm-qcamera-daem)
10-03 18:06:24.094  3665  3665 I crash_dump32: obtaining output fd from tombstoned
10-03 18:06:24.095   242   242 I /system/bin/tombstoned: received crash request for pid 3662
10-03 18:06:24.096  3665  3665 I crash_dump32: performing dump of process 3662 (target tid = 3662)
10-03 18:06:24.096  3662  3662 F libc    : failed to resend signal during crash: Operation not permitted
10-03 18:06:24.096  3665  3665 E DEBUG   : unexpected waitpid response: n=3662, status=00000100
10-03 18:06:24.097   242   242 W /system/bin/tombstoned: crash socket received short read of length 0 (expected 8)
10-03 18:06:24.098   611   699 I BootReceiver: Copying /data/tombstones/tombstone_06 to DropBox (SYSTEM_TOMBSTONE)
10-03 18:06:26.633   611  1651 E HalDeviceManager: Should have at least 1 chip!
10-03 18:06:26.633   611  1651 E HalDeviceManager: getSupportedIfaceTypesInternal: no chip info found
10-03 18:06:26.636   611   611 I EntropyMixer: Writing entropy...
10-03 18:06:26.652   611   697 E BatteryStatsService: no controller energy info supplied
10-03 18:06:26.652   611   697 E BatteryStatsService: no controller energy info supplied
10-03 18:06:26.670   611   697 E BatteryStatsService: modem info is invalid: ModemActivityInfo{ mTimestamp=0 mSleepTimeMs=0 mIdleTimeMs=0 mTxTimeMs[]=[0, 0, 0, 0, 0] mRxTimeMs=0 mEnergyUsed=0}
10-03 18:06:26.736   611   704 I PowerManagerService: Waking up from sleep (uid 1000)...
10-03 18:06:26.738   611   704 I DisplayPowerController: Blocking screen on until initial contents have been drawn.
10-03 18:06:26.750   611   702 I DisplayManagerService: Display device changed state: "Built-in Screen", ON
10-03 18:06:26.762   198   198 D SurfaceFlinger: Set power mode=2, type=0 flinger=0xb29d1000
10-03 18:06:26.813   611   800 I InputReader: Reconfiguring input devices.  changes=0x00000004
10-03 18:06:26.824   211   229 E ANDR-PERF-LOCK: Failed to reset optimization for resource: 4 level: 0
10-03 18:06:26.853   611   704 I DisplayPowerController: Unblocked screen on after 115 ms
10-03 18:06:26.891   611  1681 D SurfaceControl: Excessive delay in setPowerMode(): 141ms
10-03 18:06:26.914   611  2356 E LightsService: Light requested not available on this device. 3
10-03 18:06:27.005   611   621 I zygote  : Background concurrent copying GC freed 50496(2MB) AllocSpace objects, 39(892KB) LOS objects, 42% free, 5MB/9MB, paused 1.220ms total 335.205ms
10-03 18:06:27.167  1731  1731 I zygote  : Deoptimizing void com.android.systemui.statusbar.notification.NotificationHeaderViewWrapper.onContentUpdated(com.android.systemui.statusbar.ExpandableNotificationRow) due to JIT inline cache
10-03 18:06:27.429  1731  1739 I zygote  : Do full code cache collection, code=254KB, data=193KB
10-03 18:06:27.430  1731  1739 I zygote  : After code cache collection, code=236KB, data=157KB
10-03 18:06:28.476  3709  3709 I chatty  : uid=1027(nfc) /vendor/bin/hw/android.hardware.nfc@1.0-service expire 3 lines
10-03 18:06:29.062  3710  3710 E linker  : "/system/vendor/lib/libmmjpeg.so" has text relocations
10-03 18:06:29.063  3710  3710 F libc    : CANNOT LINK EXECUTABLE "/vendor/bin/mm-qcamera-daemon": "/system/vendor/lib/libmmjpeg.so" has text relocations
10-03 18:06:29.063  3710  3710 F libc    : Fatal signal 6 (SIGABRT), code -6 in tid 3710 (mm-qcamera-daem)
10-03 18:06:29.096  3713  3713 I crash_dump32: obtaining output fd from tombstoned
10-03 18:06:29.096   242   242 I /system/bin/tombstoned: received crash request for pid 3710
10-03 18:06:29.097  3713  3713 I crash_dump32: performing dump of process 3710 (target tid = 3710)
10-03 18:06:29.097  3710  3710 F libc    : failed to resend signal during crash: Operation not permitted
10-03 18:06:29.097  3713  3713 E DEBUG   : unexpected waitpid response: n=3710, status=00000100
10-03 18:06:29.099   242   242 W /system/bin/tombstoned: crash socket received short read of length 0 (expected 8)
10-03 18:06:29.100   611   699 I BootReceiver: Copying /data/tombstones/tombstone_07 to DropBox (SYSTEM_TOMBSTONE)
10-03 18:06:30.689  1691  1691 D HeadsetPhoneState: sendDeviceStateChanged. mService=1 mSignal=4 mRoam=0 mBatteryCharge=2
10-03 18:06:30.933  3574  3591 I chatty  : uid=1027(nfc) com.android.nfc expire 11 lines
10-03 18:06:31.222  1731  1731 D StatusBar: disable<e i a s b H R c s q >
10-03 18:06:31.246  1731  1731 I zygote  : Deoptimizing void com.android.systemui.statusbar.stack.ViewState.applyToView(android.view.View) due to JIT inline cache
10-03 18:06:31.270  1731  1731 D StatusBar: disable<e i a s b H R c s q >
10-03 18:06:31.293  2278  2446 W Adreno-EGL: <qeglDrvAPI_eglGetConfigAttrib:607>: EGL_BAD_ATTRIBUTE
10-03 18:06:31.324  2278  2446 I vndksupport: sphal namespace is not configured for this process. Loading /vendor/lib/hw/gralloc.msm8960.so from the current namespace instead.
10-03 18:06:31.359  1731  1731 D StatusBar: disable<e i a s b H R c s q >
10-03 18:06:31.360  1731  1731 D StatusBar: disable<e i a s b H R c s q >
10-03 18:06:31.377  1731  1783 W AudioTrack: AUDIO_OUTPUT_FLAG_FAST denied by client; transfer 4, track 44100 Hz, output 48000 Hz
10-03 18:06:31.385   213  2983 D ACDB-LOADER: ACDB -> send_afe_cal
10-03 18:06:31.385   213  2983 D audio_hw_primary: enable_snd_device: snd_device(2: speaker)
10-03 18:06:31.395   213  2983 D audio_hw_primary: enable_audio_route: usecase(1) apply and update mixer path: low-latency-playback
10-03 18:06:31.423  1731  1824 W Adreno-EGL: <qeglDrvAPI_eglGetConfigAttrib:607>: EGL_BAD_ATTRIBUTE
10-03 18:06:31.430  1731  1824 I vndksupport: sphal namespace is not configured for this process. Loading /vendor/lib/hw/gralloc.msm8960.so from the current namespace instead.
10-03 18:06:31.432  1731  1731 D StatusBar: disable<e i a s b h!r!c s q >
10-03 18:06:31.491  1731  1739 I zygote  : Do partial code cache collection, code=245KB, data=170KB
10-03 18:06:31.492  1731  1739 I zygote  : After code cache collection, code=241KB, data=168KB
10-03 18:06:31.492  1731  1739 I zygote  : Increasing code cache capacity to 1024KB
10-03 18:06:31.816  1731  1824 W Adreno-EGL: <qeglDrvAPI_eglGetConfigAttrib:607>: EGL_BAD_ATTRIBUTE
10-03 18:06:31.817  1731  1824 I vndksupport: sphal namespace is not configured for this process. Loading /vendor/lib/hw/gralloc.msm8960.so from the current namespace instead.
10-03 18:06:31.857  2278  2446 W OpenGLRenderer: Incorrectly called buildLayer on View: ShortcutAndWidgetContainer, destroying layer...
10-03 18:06:32.025   214  1832 I CameraService: CameraService::connect call (PID -1 "cameraserver", camera ID 0) for HAL version default and Camera API version 1
10-03 18:06:32.028   221  1789 D NuPlayerDriver: NuPlayerDriver(0xa5094850) created, clientPid(214)
10-03 18:06:32.036  1731  1731 D StatusBar: disable<e i a s b h r c s q >
10-03 18:06:32.045   221  3739 D NuPlayerDriver: notifyListener_l(0xa5094850), (1, 0, 0, -1), loop setting(0, 0)
10-03 18:06:32.047   221  1789 D NuPlayerDriver: NuPlayerDriver(0xa69b22a0) created, clientPid(214)
10-03 18:06:32.059   221  3741 D NuPlayerDriver: notifyListener_l(0xa69b22a0), (1, 0, 0, -1), loop setting(0, 0)
10-03 18:06:32.060   221  1789 D NuPlayerDriver: NuPlayerDriver(0xa69b2380) created, clientPid(214)
10-03 18:06:32.069  1731  1824 W Adreno-EGL: <qeglDrvAPI_eglGetConfigAttrib:607>: EGL_BAD_ATTRIBUTE
10-03 18:06:32.070  1731  1824 I vndksupport: sphal namespace is not configured for this process. Loading /vendor/lib/hw/gralloc.msm8960.so from the current namespace instead.
10-03 18:06:32.085  1731  1731 D StatusBar: disable<e i a s b h r c s q >
10-03 18:06:32.105   221  3743 D NuPlayerDriver: notifyListener_l(0xa69b2380), (1, 0, 0, -1), loop setting(0, 0)
10-03 18:06:32.116   214  1832 I CameraHardwareInterface: Opening camera 0
10-03 18:06:32.116   214  1832 I CamDev@1.0-impl: Opening camera 0
10-03 18:06:32.117   214  1832 E mm-libcamera2: mm_camera_open:  opened, break out while loop
10-03 18:06:32.117   214  1832 E mm-libcamera2: mm_camera_open: cannot open control fd of 'video0' Errno = 22
10-03 18:06:32.117   214  1832 E QCameraHWI: startCamera: cam_ops_open failed: id = 0
10-03 18:06:32.117   214  1832 I QCameraHWI: ~QCameraHardwareInterface First stop the polling threads before deleting instances
10-03 18:06:32.117   214  1832 E CamDev@1.0-impl: Could not open camera 0: -19
10-03 18:06:32.117   214  1832 E CameraHardwareInterface: initialize: openSession failed! Function not implemented (-38)
10-03 18:06:32.117   214  1832 E CameraClient: initialize: Camera 0: unable to initialize device: Function not implemented (-38)
10-03 18:06:32.118   214  1832 I CameraHardwareInterface: Destroying camera 0
10-03 18:06:32.118   214  1832 E CameraService: connectHelper: Could not initialize client from HAL.
10-03 18:06:32.118   221   347 D NuPlayerDriver: reset(0xa5094850) at state 4
10-03 18:06:32.118   221   347 D NuPlayerDriver: notifyListener_l(0xa5094850), (8, 0, 0, -1), loop setting(0, 0)
10-03 18:06:32.118   221  3739 D NuPlayerDriver: notifyResetComplete(0xa5094850)
10-03 18:06:32.119   221   221 D NuPlayerDriver: reset(0xa69b22a0) at state 4
10-03 18:06:32.119   221   221 D NuPlayerDriver: notifyListener_l(0xa69b22a0), (8, 0, 0, -1), loop setting(0, 0)
10-03 18:06:32.119   221  3741 D NuPlayerDriver: notifyResetComplete(0xa69b22a0)
10-03 18:06:32.120   221  1789 D NuPlayerDriver: reset(0xa69b2380) at state 4
10-03 18:06:32.120   221  1789 D NuPlayerDriver: notifyListener_l(0xa69b2380), (8, 0, 0, -1), loop setting(0, 0)
10-03 18:06:32.121   221  3743 D NuPlayerDriver: notifyResetComplete(0xa69b2380)
10-03 18:06:32.127   214  1832 I CameraService: disconnect: Disconnected client for camera 0 for PID 214
10-03 18:06:32.127   214  1832 E CameraService: initializeShimMetadata: Error initializing shim metadata: Status(-8): '10: connectHelper:1394: Failed to initialize camera "0": Function not implemented (-38)'
10-03 18:06:32.128  1731  1802 E FlashlightController: Couldn't initialize.
10-03 18:06:32.128  1731  1802 E FlashlightController: android.hardware.camera2.CameraAccessException: CAMERA_ERROR (3): connectHelper:1394: Failed to initialize camera "0": Function not implemented (-38)
10-03 18:06:32.128  1731  1802 E FlashlightController: 	at android.hardware.camera2.CameraManager.throwAsPublicException(CameraManager.java:649)
10-03 18:06:32.128  1731  1802 E FlashlightController: 	at android.hardware.camera2.CameraManager.getCameraCharacteristics(CameraManager.java:242)
10-03 18:06:32.128  1731  1802 E FlashlightController: 	at com.android.systemui.statusbar.policy.FlashlightControllerImpl.getCameraId(FlashlightControllerImpl.java:146)
10-03 18:06:32.128  1731  1802 E FlashlightController: 	at com.android.systemui.statusbar.policy.FlashlightControllerImpl.tryInitCamera(FlashlightControllerImpl.java:72)
10-03 18:06:32.128  1731  1802 E FlashlightController: 	at com.android.systemui.statusbar.policy.FlashlightControllerImpl.addCallback(FlashlightControllerImpl.java:120)
10-03 18:06:32.128  1731  1802 E FlashlightController: 	at com.android.systemui.statusbar.policy.FlashlightControllerImpl.addCallback(FlashlightControllerImpl.java:117)
10-03 18:06:32.128  1731  1802 E FlashlightController: 	at com.android.systemui.qs.tiles.FlashlightTile.setListening(FlashlightTile.java:65)
10-03 18:06:32.128  1731  1802 E FlashlightController: 	at com.android.systemui.qs.tileimpl.QSTileImpl$H.handleMessage(QSTileImpl.java:426)
10-03 18:06:32.128  1731  1802 E FlashlightController: 	at android.os.Handler.dispatchMessage(Handler.java:105)
10-03 18:06:32.128  1731  1802 E FlashlightController: 	at android.os.Looper.loop(Looper.java:164)
10-03 18:06:32.128  1731  1802 E FlashlightController: 	at android.os.HandlerThread.run(HandlerThread.java:65)
10-03 18:06:32.128  1731  1802 E FlashlightController: Caused by: android.os.ServiceSpecificException: connectHelper:1394: Failed to initialize camera "0": Function not implemented (-38) (code 10)
10-03 18:06:32.128  1731  1802 E FlashlightController: 	at android.os.Parcel.readException(Parcel.java:1956)
10-03 18:06:32.128  1731  1802 E FlashlightController: 	at android.os.Parcel.readException(Parcel.java:1888)
10-03 18:06:32.128  1731  1802 E FlashlightController: 	at android.hardware.ICameraService$Stub$Proxy.getLegacyParameters(ICameraService.java:507)
10-03 18:06:32.128  1731  1802 E FlashlightController: 	at android.hardware.camera2.CameraManager.getCameraCharacteristics(CameraManager.java:230)
10-03 18:06:32.128  1731  1802 E FlashlightController: 	... 9 more
10-03 18:06:32.308   207   277 D ThermalDaemon: Sensor 'batt_therm' - alarm cleared 2 at 36.0 degC
10-03 18:06:32.308   207   277 D ThermalDaemon: ACTION: CPU - Setting CPU[0] to 1512000
10-03 18:06:32.308   207   277 D ThermalDaemon: ACTION: CPU - Setting CPU[1] to 1512000
10-03 18:06:32.309   207   277 D ThermalDaemon: ACTION: CPU - Setting CPU[2] to 1512000
10-03 18:06:32.309   207   277 D ThermalDaemon: ACTION: CPU - Setting CPU[3] to 1512000
10-03 18:06:32.309   207   277 D ThermalDaemon: ACTION: GPU - Setting GPU[0] to 400000000
10-03 18:06:32.309   207   277 D ThermalDaemon: ACTION: LCD - Setting max LCD brightness to 240
10-03 18:06:33.477  3754  3754 I chatty  : uid=1027(nfc) /vendor/bin/hw/android.hardware.nfc@1.0-service expire 3 lines
10-03 18:06:33.730   225   316 F libc    : Fatal signal 11 (SIGSEGV), code 2, fault addr 0xaf7e0d44 in tid 316 (rild)
10-03 18:06:33.782  3758  3758 I chatty  : uid=1001(radio) crash_dump32 expire 3 lines
10-03 18:06:33.783   242   242 I /system/bin/tombstoned: received crash request for pid 225
10-03 18:06:33.784   225   316 F libc    : failed to resend signal during crash: Operation not permitted
10-03 18:06:33.792   242   242 W /system/bin/tombstoned: crash socket received short read of length 0 (expected 8)
10-03 18:06:33.794   611   699 I BootReceiver: Copying /data/tombstones/tombstone_08 to DropBox (SYSTEM_TOMBSTONE)
10-03 18:06:33.880  3759  3759 I chatty  : uid=1001(radio) /vendor/bin/hw/rild expire 2 lines
10-03 18:06:33.885  3759  3760 I chatty  : uid=1001(radio) /vendor/bin/hw/rild expire 2 lines
10-03 18:06:34.071  3766  3766 E linker  : "/system/vendor/lib/libmmjpeg.so" has text relocations
10-03 18:06:34.072  3766  3766 F libc    : CANNOT LINK EXECUTABLE "/vendor/bin/mm-qcamera-daemon": "/system/vendor/lib/libmmjpeg.so" has text relocations
10-03 18:06:34.072  3766  3766 F libc    : Fatal signal 6 (SIGABRT), code -6 in tid 3766 (mm-qcamera-daem)
10-03 18:06:34.119  3774  3774 I crash_dump32: obtaining output fd from tombstoned
10-03 18:06:34.119   242   242 I /system/bin/tombstoned: received crash request for pid 3766
10-03 18:06:34.120  3774  3774 I crash_dump32: performing dump of process 3766 (target tid = 3766)
10-03 18:06:34.120  3766  3766 F libc    : failed to resend signal during crash: Operation not permitted
10-03 18:06:34.121  3774  3774 E DEBUG   : unexpected waitpid response: n=3766, status=00000100
10-03 18:06:34.122   242   242 W /system/bin/tombstoned: crash socket received short read of length 0 (expected 8)
10-03 18:06:34.123   611   699 I BootReceiver: Copying /data/tombstones/tombstone_09 to DropBox (SYSTEM_TOMBSTONE)
10-03 18:06:35.178   611  1907 I ActivityManager: START u0 {act=android.intent.action.MAIN cat=[android.intent.category.LAUNCHER] flg=0x10008000 cmp=com.android.settings/.deviceinfo.UsbModeChooserActivity} from uid 1000
10-03 18:06:35.221   611  1800 E ActivityManager: applyOptionsLocked: Unknown animationType=0
10-03 18:06:35.374  1916  1934 W Adreno-EGL: <qeglDrvAPI_eglGetConfigAttrib:607>: EGL_BAD_ATTRIBUTE
10-03 18:06:35.378  1731  1731 I zygote  : Deoptimizing void com.android.systemui.statusbar.ActivatableNotificationView.setOverrideTintColor(int, float) due to JIT inline cache
10-03 18:06:35.396  1916  1934 I vndksupport: sphal namespace is not configured for this process. Loading /vendor/lib/hw/gralloc.msm8960.so from the current namespace instead.
10-03 18:06:35.401   198   198 D SurfaceFlinger: duplicate layer name: changing com.android.settings/com.android.settings.deviceinfo.UsbModeChooserActivity to com.android.settings/com.android.settings.deviceinfo.UsbModeChooserActivity#1
10-03 18:06:35.418  1916  1934 W Adreno-EGL: <qeglDrvAPI_eglGetConfigAttrib:607>: EGL_BAD_ATTRIBUTE
10-03 18:06:35.419  1916  1934 I vndksupport: sphal namespace is not configured for this process. Loading /vendor/lib/hw/gralloc.msm8960.so from the current namespace instead.
10-03 18:06:35.529   611   702 I ActivityManager: Displayed com.android.settings/.deviceinfo.UsbModeChooserActivity: +303ms
10-03 18:06:35.533  1731  1731 D StatusBar: disable<e i a s b h r c s q >
10-03 18:06:35.629  1731  1731 I zygote  : Deoptimizing void com.android.systemui.statusbar.NotificationContentView.selectLayout(boolean, boolean) due to JIT inline cache
10-03 18:06:35.635  1731  1731 D StatusBar: disable<e i a s b h r c s q >
10-03 18:06:35.686  1731  1824 W Adreno-EGL: <qeglDrvAPI_eglGetConfigAttrib:607>: EGL_BAD_ATTRIBUTE
10-03 18:06:35.689  1731  1824 I vndksupport: sphal namespace is not configured for this process. Loading /vendor/lib/hw/gralloc.msm8960.so from the current namespace instead.
10-03 18:06:36.369   611   700 I UsbDeviceManager: Setting USB config to mtp,adb
10-03 18:06:36.435   611  1737 W ActivityManager: Finishing task with all activities already finished
10-03 18:06:36.435   611  1737 W ActivityManager: Duplicate finish request for ActivityRecord{6dbff9d u0 com.android.settings/.deviceinfo.UsbModeChooserActivity t8 f}
10-03 18:06:36.472   611  1800 E LightsService: Light requested not available on this device. 3
10-03 18:06:36.510  2349  2349 W d.process.media: type=1400 audit(0.0:146): avc: denied { write } for name="property_service" dev="tmpfs" ino=5270 scontext=u:r:priv_app:s0:c512,c768 tcontext=u:object_r:property_socket:s0 tclass=sock_file permissive=0
10-03 18:06:36.522  2349  2349 W libc    : Unable to set property "sys.usb.ffs.mtp.ready" to "1": connection failed; errno=13 (Permission denied)
10-03 18:06:36.820  2349  2349 W d.process.media: type=1400 audit(0.0:147): avc: denied { write } for name="property_service" dev="tmpfs" ino=5270 scontext=u:r:priv_app:s0:c512,c768 tcontext=u:object_r:property_socket:s0 tclass=sock_file permissive=0
10-03 18:06:36.829  2349  2349 W libc    : Unable to set property "sys.usb.ffs.mtp.ready" to "1": connection failed; errno=13 (Permission denied)
10-03 18:06:36.992   611  2182 E LightsService: Light requested not available on this device. 3
10-03 18:06:37.042  2349  2349 D MtpService: starting MTP server in MTP mode
10-03 18:06:37.087  2349  2349 D MtpService: Adding MTP storage 0x10001 at /storage/emulated/0
10-03 18:06:37.168  1731  1747 I zygote  : Background concurrent copying GC freed 68665(3MB) AllocSpace objects, 1(20KB) LOS objects, 49% free, 5MB/10MB, paused 274us total 104.583ms
10-03 18:06:37.796   165   165 W /system/bin/hwservicemanager: getTransportFromManifest: Cannot find entry android.hardware.radio@1.0::IRadio in either framework or device manifest, using default transport.
10-03 18:06:37.805   165   165 W /system/bin/hwservicemanager: getTransportFromManifest: Cannot find entry android.hardware.radio.deprecated@1.0::IOemHook in either framework or device manifest, using default transport.
10-03 18:06:37.979  1872  3858 I chatty  : uid=1001(radio) com.android.phone expire 2 lines
10-03 18:06:38.124  1872  1888 I chatty  : uid=1001(radio) Binder:1872_2 expire 3 lines
10-03 18:06:38.142  1872  3874 I chatty  : uid=1001(radio) com.android.phone expire 2 lines
10-03 18:06:38.163  1872  3875 I chatty  : uid=1001(radio) com.android.phone expire 2 lines
10-03 18:06:38.519  3880  3880 I chatty  : uid=1027(nfc) /vendor/bin/hw/android.hardware.nfc@1.0-service expire 3 lines
10-03 18:06:38.740  1872  1872 D MccTable: updateMccMncConfiguration mccmnc='40422' fromServiceState=false
10-03 18:06:38.742  1872  1872 D MccTable: updateMccMncConfiguration defaultMccMnc=
10-03 18:06:38.742  1872  1872 D MccTable: updateMccMncConfiguration: mcc=404, mnc=22
10-03 18:06:38.742  1872  1872 D MccTable: updateMccMncConfiguration updateConfig config={0.0 404mcc22mnc ?localeList ?layoutDir ?swdp ?wdp ?hdp ?density ?lsize ?long ?ldr ?wideColorGamut ?orien ?uimode ?night ?touch ?keyb/?/? ?nav/?}
10-03 18:06:39.066  3885  3885 E linker  : "/system/vendor/lib/libmmjpeg.so" has text relocations
10-03 18:06:39.068  3885  3885 F libc    : CANNOT LINK EXECUTABLE "/vendor/bin/mm-qcamera-daemon": "/system/vendor/lib/libmmjpeg.so" has text relocations
10-03 18:06:39.068  3885  3885 F libc    : Fatal signal 6 (SIGABRT), code -6 in tid 3885 (mm-qcamera-daem)
10-03 18:06:39.110  3888  3888 I crash_dump32: obtaining output fd from tombstoned
10-03 18:06:39.111   242   242 I /system/bin/tombstoned: received crash request for pid 3885
10-03 18:06:39.112  3888  3888 I crash_dump32: performing dump of process 3885 (target tid = 3885)
10-03 18:06:39.112  3885  3885 F libc    : failed to resend signal during crash: Operation not permitted
10-03 18:06:39.112  3888  3888 E DEBUG   : unexpected waitpid response: n=3885, status=00000100
10-03 18:06:39.113   242   242 W /system/bin/tombstoned: crash socket received short read of length 0 (expected 8)
10-03 18:06:39.115   611   699 I BootReceiver: Copying /data/tombstones/tombstone_00 to DropBox (SYSTEM_TOMBSTONE)
10-03 18:06:39.177  1872  1872 I chatty  : uid=1001(radio) com.android.phone expire 6 lines
10-03 18:06:39.182   445   445 E kickstart: Wrote to /sys/power/wake_lock
10-03 18:06:39.291  1872  1872 D MccTable: updateMccMncConfiguration mccmnc='40422' fromServiceState=false
10-03 18:06:39.292  1872  1872 D MccTable: updateMccMncConfiguration defaultMccMnc=40422
10-03 18:06:39.292  1872  1872 D MccTable: updateMccMncConfiguration: mcc=404, mnc=22
10-03 18:06:39.292  1872  1872 D MccTable: updateMccMncConfiguration updateConfig config={0.0 404mcc22mnc ?localeList ?layoutDir ?swdp ?wdp ?hdp ?density ?lsize ?long ?ldr ?wideColorGamut ?orien ?uimode ?night ?touch ?keyb/?/? ?nav/?}
10-03 18:06:39.308   445   445 E kickstart: Received file "/dev/block/platform/msm_sdcc.1/by-name/m9kefs1"
10-03 18:06:39.308   445   445 E kickstart: 786432 bytes transferred in 0.118s (6.34 MBps)
10-03 18:06:39.308   445   445 E kickstart: Successfully downloaded files from target 
10-03 18:06:39.308   445   445 E kickstart: Wrote to /sys/power/wake_unlock
10-03 18:06:39.313   445   445 E kickstart: Sahara protocol completed
10-03 18:06:39.332  2809  2809 D CellBroadcastReceiver: onReceive Intent { act=android.telephony.action.DEFAULT_SMS_SUBSCRIPTION_CHANGED flg=0x21000010 cmp=com.android.cellbroadcastreceiver/.CellBroadcastReceiver (has extras) }
10-03 18:06:39.332  2809  2809 D CellBroadcastReceiver: Start Cell Broadcast configuration.
10-03 18:06:39.335  2809  2809 D CellBroadcastReceiver: Default interval 0 did not change.
10-03 18:06:39.342  2809  3889 D CellBroadcastConfigService: Enable CellBroadcast on sub 1
10-03 18:06:39.463   611   611 I GnssLocationProvider: WakeLock acquired by sendMessage(SUBSCRIPTION_OR_SIM_CHANGED, 0, null)
10-03 18:06:39.473  1691  1691 D HeadsetPhoneState: sendDeviceStateChanged. mService=1 mSignal=4 mRoam=0 mBatteryCharge=2
10-03 18:06:39.489  1872  1872 D MccTable: updateMccMncConfiguration mccmnc='40422' fromServiceState=false
10-03 18:06:39.489  1872  1872 D MccTable: updateMccMncConfiguration defaultMccMnc=40422
10-03 18:06:39.489  1872  1872 D MccTable: updateMccMncConfiguration: mcc=404, mnc=22
10-03 18:06:39.490  1872  1872 D MccTable: updateMccMncConfiguration updateConfig config={0.0 404mcc22mnc ?localeList ?layoutDir ?swdp ?wdp ?hdp ?density ?lsize ?long ?ldr ?wideColorGamut ?orien ?uimode ?night ?touch ?keyb/?/? ?nav/?}
10-03 18:06:39.537   611   693 I GnssLocationProvider: WakeLock released by handleMessage(SUBSCRIPTION_OR_SIM_CHANGED, 0, null)
10-03 18:06:39.546   611   611 I GnssLocationProvider: WakeLock acquired by sendMessage(SUBSCRIPTION_OR_SIM_CHANGED, 0, null)
10-03 18:06:39.557  1691  1691 D HeadsetPhoneState: sendDeviceStateChanged. mService=1 mSignal=4 mRoam=0 mBatteryCharge=2
10-03 18:06:39.559   213   460 D audio_hw_primary: disable_audio_route: usecase(1) reset and update mixer path: low-latency-playback
10-03 18:06:39.559   213   460 D audio_hw_primary: disable_snd_device: snd_device(2: speaker)
10-03 18:06:39.560  2645  3892 W MessagingApp: canonicalizeMccMnc: invalid mccmnc:null ,null
10-03 18:06:39.582   611  1800 D MmsServiceBroker: getCarrierConfigValues() by com.android.messaging
10-03 18:06:39.584  2645  3892 I MessagingApp: Carrier configs loaded: Bundle[{httpSocketTimeout=60000, aliasMinChars=2, smsToMmsTextThreshold=-1, enableSMSDeliveryReports=true, maxMessageTextSize=-1, supportMmsContentDisposition=true, enabledTransID=false, aliasEnabled=false, supportHttpCharsetHeader=false, allowAttachAudio=true, smsToMmsTextLengthThreshold=-1, recipientLimit=2147483647, uaProfTagName=x-wap-profile, aliasMaxChars=48, maxImageHeight=480, enableMMSDeliveryReports=false, userAgent=, mmsCloseConnection=false, config_cellBroadcastAppLinks=true, maxSubjectLength=40, httpParams=, enableGroupMms=true, emailGatewayNumber=, maxMessageSize=307200, naiSuffix=, enableMMSReadReports=false, maxImageWidth=640, uaProfUrl=, enabledMMS=true, enabledNotifyWapMMSC=false, sendMultipartSmsAsSeparateMessages=false, enableMultipartSMS=true}] from resources+system for subId=1
10-03 18:06:39.589   611   693 I GnssLocationProvider: WakeLock released by handleMessage(SUBSCRIPTION_OR_SIM_CHANGED, 0, null)
10-03 18:06:39.607   611   611 D WifiService: resetting networks because SIM was loaded
10-03 18:06:39.646  2645  3892 W MessagingApp: canonicalizeMccMnc: invalid mccmnc:null ,null
10-03 18:06:39.657   611  1730 D MmsServiceBroker: getCarrierConfigValues() by com.android.messaging
10-03 18:06:39.657  1872  1888 I chatty  : uid=1001(radio) Binder:1872_2 expire 2 lines
10-03 18:06:39.658  2645  3892 I MessagingApp: Carrier configs loaded: Bundle[{httpSocketTimeout=60000, aliasMinChars=2, smsToMmsTextThreshold=-1, enableSMSDeliveryReports=true, maxMessageTextSize=-1, supportMmsContentDisposition=true, enabledTransID=false, aliasEnabled=false, supportHttpCharsetHeader=false, allowAttachAudio=true, smsToMmsTextLengthThreshold=-1, recipientLimit=2147483647, uaProfTagName=x-wap-profile, aliasMaxChars=48, maxImageHeight=480, enableMMSDeliveryReports=false, userAgent=, mmsCloseConnection=false, config_cellBroadcastAppLinks=true, maxSubjectLength=40, httpParams=, enableGroupMms=true, emailGatewayNumber=, maxMessageSize=307200, naiSuffix=, enableMMSReadReports=false, maxImageWidth=640, uaProfUrl=, enabledMMS=true, enabledNotifyWapMMSC=false, sendMultipartSmsAsSeparateMessages=false, enableMultipartSMS=true}] from resources+system for subId=1
10-03 18:06:39.764  1872  1872 I TelecomFramework: PstnIncomingCallNotifier: Unregistering: Handler (com.android.internal.telephony.GsmCdmaPhone) {111da94}
10-03 18:06:39.792   611  1737 I Telecom : PhoneAccountRegistrar: Modify account: [ComponentInfo{com.android.phone/com.android.services.telephony.TelephonyConnectionService}, [26c54c33e876414d14ea2f016634d88ca51e9dac], UserHandle{0}]: TSI.rPA@AE4
10-03 18:06:39.797  1872  1872 I TelecomFramework: AccountEntry: Registered phoneAccount: [[ ] PhoneAccount: ComponentInfo{com.android.phone/com.android.services.telephony.TelephonyConnectionService}, [26c54c33e876414d14ea2f016634d88ca51e9dac], UserHandle{0} Capabilities: CallProvider MultiUser PlaceEmerg SimSub  Audio Routes: BESW Schemes: tel voicemail  Extras: null GroupId: [da39a3ee5e6b4b0d3255bfef95601890afd80709]] with handle: ComponentInfo{com.android.phone/com.android.services.telephony.TelephonyConnectionService}, [26c54c33e876414d14ea2f016634d88ca51e9dac], UserHandle{0}
10-03 18:06:39.797  1872  1872 I TelecomFramework: PstnIncomingCallNotifier: Registering: Handler (com.android.internal.telephony.GsmCdmaPhone) {111da94}
10-03 18:06:39.802  1872  2721 I chatty  : uid=1001(radio) Binder:1872_4 expire 1 line
10-03 18:06:39.803  1872  3915 I chatty  : uid=1001(radio) com.android.phone expire 1 line
10-03 18:06:39.812  1872  2832 I chatty  : uid=1001(radio) Binder:1872_8 expire 1 line
10-03 18:06:39.829  1872  1872 I TelecomFramework: PstnIncomingCallNotifier: Unregistering: Handler (com.android.internal.telephony.GsmCdmaPhone) {111da94}
10-03 18:06:39.845   611   691 I Telecom : PhoneAccountRegistrar: Modify account: [ComponentInfo{com.android.phone/com.android.services.telephony.TelephonyConnectionService}, [26c54c33e876414d14ea2f016634d88ca51e9dac], UserHandle{0}]: TSI.rPA@AFE
10-03 18:06:39.849  1872  1872 I TelecomFramework: AccountEntry: Registered phoneAccount: [[ ] PhoneAccount: ComponentInfo{com.android.phone/com.android.services.telephony.TelephonyConnectionService}, [26c54c33e876414d14ea2f016634d88ca51e9dac], UserHandle{0} Capabilities: CallProvider MultiUser PlaceEmerg SimSub  Audio Routes: BESW Schemes: tel voicemail  Extras: null GroupId: [da39a3ee5e6b4b0d3255bfef95601890afd80709]] with handle: ComponentInfo{com.android.phone/com.android.services.telephony.TelephonyConnectionService}, [26c54c33e876414d14ea2f016634d88ca51e9dac], UserHandle{0}
10-03 18:06:39.850  1872  1872 I TelecomFramework: PstnIncomingCallNotifier: Registering: Handler (com.android.internal.telephony.GsmCdmaPhone) {111da94}
10-03 18:06:39.854  1872  3917 I chatty  : uid=1001(radio) com.android.phone expire 1 line
10-03 18:06:39.854  1872  1872 I chatty  : uid=1001(radio) com.android.phone expire 5 lines
10-03 18:06:39.861  2843  2843 D DefaultCarrierConfigService: Service created
10-03 18:06:39.867  1872  3918 I chatty  : uid=1001(radio) com.android.phone expire 1 line
10-03 18:06:39.879  1872  1872 I chatty  : uid=1001(radio) com.android.phone expire 6 lines
10-03 18:06:39.890  2249  2249 I Dialer  : LegacyVoicemailNotificationReceiver.onReceive - received legacy voicemail notification
10-03 18:06:39.892  2249  2249 I Dialer  : LegacyVoicemailNotificationReceiver.onReceive - clearing notification
10-03 18:06:39.898  1872  1872 I TelecomFramework: PstnPhoneCapabilitiesNotifier: handleVideoCapabilitesChanged. Video capability - false
10-03 18:06:39.898  1872  1872 I TelecomFramework: PstnPhoneCapabilitiesNotifier: handleVideoCapabilitesChanged. Video capability - false
10-03 18:06:39.898  2249  2249 I Dialer  : VoicemailNotifier - Clearing legacy voicemail notification
10-03 18:06:39.919   611  2369 I Telecom : PhoneAccountRegistrar: Modify account: [ComponentInfo{com.android.phone/com.android.services.telephony.TelephonyConnectionService}, [26c54c33e876414d14ea2f016634d88ca51e9dac], UserHandle{0}]: TSI.rPA@AFY
10-03 18:06:39.927  2843  2855 D DefaultCarrierConfigService: Config being fetched
10-03 18:06:39.928  2843  2855 D DefaultCarrierConfigService: java.io.FileNotFoundException: carrier_config_40422.xml
10-03 18:06:39.939   611   694 I ActivityManager: Start proc 3924:com.android.carrierdefaultapp/u0a35 for broadcast com.android.carrierdefaultapp/.CarrierDefaultBroadcastReceiver
10-03 18:06:39.950  2645  2645 I MessagingApp: Carrier config changed. Reloading MMS config.
10-03 18:06:39.952  2809  2809 D CellBroadcastReceiver: onReceive Intent { act=android.telephony.action.CARRIER_CONFIG_CHANGED flg=0x5000010 cmp=com.android.cellbroadcastreceiver/.CellBroadcastReceiver (has extras) }
10-03 18:06:39.952  2809  2809 D CellBroadcastReceiver: Start Cell Broadcast configuration.
10-03 18:06:39.954  2809  2809 D CellBroadcastReceiver: Default interval 0 did not change.
10-03 18:06:39.959   611   611 I Telecom : PhoneAccountRegistrar: SimCallManager queried, returning: null: TSI.gSCMFU@AFc
10-03 18:06:39.974  1872  3935 I chatty  : uid=1001(radio) com.android.phone expire 1 line
10-03 18:06:39.974  1872  1872 I chatty  : uid=1001(radio) com.android.phone expire 2 lines
10-03 18:06:39.992  2645  3892 W MessagingApp: canonicalizeMccMnc: invalid mccmnc:null ,null
10-03 18:06:39.994  3759  3759 I chatty  : uid=1001(radio) /vendor/bin/hw/rild expire 1 line
10-03 18:06:40.004  1872  1872 I chatty  : uid=1001(radio) com.android.phone expire 2 lines
10-03 18:06:40.007   611  1737 D MmsServiceBroker: getCarrierConfigValues() by com.android.messaging
10-03 18:06:40.007  1872  2830 I chatty  : uid=1001(radio) Binder:1872_6 expire 2 lines
10-03 18:06:40.009  2645  3892 I MessagingApp: Carrier configs loaded: Bundle[{httpSocketTimeout=60000, aliasMinChars=2, smsToMmsTextThreshold=-1, enableSMSDeliveryReports=true, maxMessageTextSize=-1, supportMmsContentDisposition=true, enabledTransID=false, aliasEnabled=false, supportHttpCharsetHeader=false, allowAttachAudio=true, smsToMmsTextLengthThreshold=-1, recipientLimit=2147483647, uaProfTagName=x-wap-profile, aliasMaxChars=48, maxImageHeight=480, enableMMSDeliveryReports=false, userAgent=, mmsCloseConnection=false, config_cellBroadcastAppLinks=true, maxSubjectLength=40, httpParams=, enableGroupMms=true, emailGatewayNumber=, maxMessageSize=307200, naiSuffix=, enableMMSReadReports=false, maxImageWidth=640, uaProfUrl=, enabledMMS=true, enabledNotifyWapMMSC=false, sendMultipartSmsAsSeparateMessages=false, enableMultipartSMS=true}] from resources+system for subId=1
10-03 18:06:40.025  1872  1872 I chatty  : uid=1001(radio) com.android.phone expire 1 line
10-03 18:06:40.029  1872  2832 I chatty  : uid=1001(radio) Binder:1872_8 expire 1 line
10-03 18:06:40.038  1872  2831 I chatty  : uid=1001(radio) Binder:1872_7 expire 1 line
10-03 18:06:40.059  3924  3924 D CarrierDefaultBroadcastReceiver: onReceive intent: com.android.internal.telephony.CARRIER_SIGNAL_RESET
10-03 18:06:40.067   611   611 I GnssLocationProvider: WakeLock acquired by sendMessage(SUBSCRIPTION_OR_SIM_CHANGED, 0, null)
10-03 18:06:40.077  1872  1872 D MccTable: updateMccMncConfiguration mccmnc='' fromServiceState=true
10-03 18:06:40.079  1872  1872 D MccTable: WIFI_COUNTRY_CODE set to 
10-03 18:06:40.080   611  1800 I WifiService: WifiService trying to set country code to  with persist set to false
10-03 18:06:40.080  1691  1691 D HeadsetPhoneState: sendDeviceStateChanged. mService=1 mSignal=4 mRoam=0 mBatteryCharge=2
10-03 18:06:40.082  3924  3924 D CarrierDefaultBroadcastReceiver: apply carrier action idx: 6
10-03 18:06:40.082  3924  3924 D CarrierActionUtils: onCancelAllNotifications
10-03 18:06:40.087  1691  1691 D HeadsetPhoneState: sendDeviceStateChanged. mService=0 mSignal=0 mRoam=0 mBatteryCharge=2
10-03 18:06:40.092  1872  1872 I chatty  : uid=1001(radio) com.android.phone expire 1 line
10-03 18:06:40.100   611   693 I GnssLocationProvider: WakeLock released by handleMessage(SUBSCRIPTION_OR_SIM_CHANGED, 0, null)
10-03 18:06:40.127  2645  3893 W MessagingApp: canonicalizeMccMnc: invalid mccmnc:null ,null
10-03 18:06:40.139  2249  2249 I Dialer  : VvmOmtpService - onCellServiceConnected
10-03 18:06:40.144   611  2369 D MmsServiceBroker: getCarrierConfigValues() by com.android.messaging
10-03 18:06:40.145  1872  1888 I chatty  : uid=1001(radio) Binder:1872_2 expire 2 lines
10-03 18:06:40.146  2645  3893 I MessagingApp: Carrier configs loaded: Bundle[{httpSocketTimeout=60000, aliasMinChars=2, smsToMmsTextThreshold=-1, enableSMSDeliveryReports=true, maxMessageTextSize=-1, supportMmsContentDisposition=true, enabledTransID=false, aliasEnabled=false, supportHttpCharsetHeader=false, allowAttachAudio=true, smsToMmsTextLengthThreshold=-1, recipientLimit=2147483647, uaProfTagName=x-wap-profile, aliasMaxChars=48, maxImageHeight=480, enableMMSDeliveryReports=false, userAgent=, mmsCloseConnection=false, config_cellBroadcastAppLinks=true, maxSubjectLength=40, httpParams=, enableGroupMms=true, emailGatewayNumber=, maxMessageSize=307200, naiSuffix=, enableMMSReadReports=false, maxImageWidth=640, uaProfUrl=, enabledMMS=true, enabledNotifyWapMMSC=false, sendMultipartSmsAsSeparateMessages=false, enableMultipartSMS=true}] from resources+system for subId=1
10-03 18:06:40.159  2249  2249 I Dialer  : VvmOmtpService - VVM not supported on ComponentInfo{com.android.phone/com.android.services.telephony.TelephonyConnectionService}, [26c54c33e876414d14ea2f016634d88ca51e9dac], UserHandle{0}
10-03 18:06:40.169  1872  1872 I TelecomFramework: PstnIncomingCallNotifier: Unregistering: Handler (com.android.internal.telephony.GsmCdmaPhone) {111da94}
10-03 18:06:40.191   611   691 I Telecom : PhoneAccountRegistrar: Modify account: [ComponentInfo{com.android.phone/com.android.services.telephony.TelephonyConnectionService}, [26c54c33e876414d14ea2f016634d88ca51e9dac], UserHandle{0}(lbl:  -> Idea)(desc:  -> Idea)]: TSI.rPA@AF4
10-03 18:06:40.194  1872  1872 I TelecomFramework: AccountEntry: Registered phoneAccount: [[ ] PhoneAccount: ComponentInfo{com.android.phone/com.android.services.telephony.TelephonyConnectionService}, [26c54c33e876414d14ea2f016634d88ca51e9dac], UserHandle{0} Capabilities: CallProvider MultiUser PlaceEmerg SimSub  Audio Routes: BESW Schemes: tel voicemail  Extras: null GroupId: [da39a3ee5e6b4b0d3255bfef95601890afd80709]] with handle: ComponentInfo{com.android.phone/com.android.services.telephony.TelephonyConnectionService}, [26c54c33e876414d14ea2f016634d88ca51e9dac], UserHandle{0}
10-03 18:06:40.194  1872  1872 I TelecomFramework: PstnIncomingCallNotifier: Registering: Handler (com.android.internal.telephony.GsmCdmaPhone) {111da94}
10-03 18:06:40.199  1872  3945 I chatty  : uid=1001(radio) com.android.phone expire 1 line
10-03 18:06:40.217   611   621 I zygote  : Background concurrent copying GC freed 35274(2MB) AllocSpace objects, 24(600KB) LOS objects, 42% free, 5MB/9MB, paused 488us total 121.734ms
10-03 18:06:40.239  1872  1872 D TelephonyProvider: subIdString = 1 subId = 1
10-03 18:06:40.240  1872  1872 D TelephonyProvider: getPreferredApnIdFromApn: for subId 1
10-03 18:06:40.247  1872  1872 I TelecomFramework: PstnPhoneCapabilitiesNotifier: handleVideoCapabilitesChanged. Video capability - false
10-03 18:06:40.265   611  2179 I Telecom : PhoneAccountRegistrar: Modify account: [ComponentInfo{com.android.phone/com.android.services.telephony.TelephonyConnectionService}, [26c54c33e876414d14ea2f016634d88ca51e9dac], UserHandle{0}]: TSI.rPA@AGE
10-03 18:06:40.277  1872  2831 D IccSmsInterfaceManager: [IccSmsInterfaceManager] Failed to add cdma broadcast subscription for MID range 4098 to 4098 from client com.android.cellbroadcastreceiver
