10-17 18:08:11.005  4144  4161 W com.android.nfc: Waited one second for android.hardware.nfc@1.0::INfc/default. Waiting another...
10-17 18:08:11.608  1647  1647 W System  : ClassLoader referenced unknown path: 
10-17 18:08:11.771  1647  1647 I zygote  : Deoptimizing void com.android.systemui.statusbar.NotificationContentView.setDark(boolean, boolean, long) due to JIT inline cache
10-17 18:08:11.775  1647  1647 I zygote  : Deoptimizing void com.android.systemui.statusbar.NotificationContentView.updateIconVisibilities() due to JIT inline cache
10-17 18:08:11.840   212  2788 D audio_hw_primary: disable_audio_route: usecase(1) reset and update mixer path: low-latency-playback
10-17 18:08:11.840   212  2788 D audio_hw_primary: disable_snd_device: snd_device(2: speaker)
10-17 18:08:11.848   212  2788 D ACDB-LOADER: ACDB -> send_afe_cal
10-17 18:08:11.848   212  2788 D audio_hw_primary: enable_snd_device: snd_device(2: speaker)
10-17 18:08:11.850   212  2788 D audio_hw_primary: enable_audio_route: usecase(1) apply and update mixer path: low-latency-playback
10-17 18:08:11.850   212  2788 E audio_hw_primary: start_output_stream: cannot open device '/dev/snd/pcmC0D15p': No such file or directory
10-17 18:08:11.850   212  2788 D audio_hw_primary: disable_audio_route: usecase(1) reset and update mixer path: low-latency-playback
10-17 18:08:11.851   212  2788 D audio_hw_primary: disable_snd_device: snd_device(2: speaker)
10-17 18:08:11.858   212  2788 D ACDB-LOADER: ACDB -> send_afe_cal
10-17 18:08:11.858   212  2788 D audio_hw_primary: enable_snd_device: snd_device(2: speaker)
10-17 18:08:11.860   212  2788 D audio_hw_primary: enable_audio_route: usecase(1) apply and update mixer path: low-latency-playback
10-17 18:08:11.860   212  2788 E audio_hw_primary: start_output_stream: cannot open device '/dev/snd/pcmC0D15p': No such file or directory
10-17 18:08:11.861   212  2788 D audio_hw_primary: disable_audio_route: usecase(1) reset and update mixer path: low-latency-playback
10-17 18:08:11.861   212  2788 D audio_hw_primary: disable_snd_device: snd_device(2: speaker)
10-17 18:08:11.868   212  2788 D ACDB-LOADER: ACDB -> send_afe_cal
10-17 18:08:11.868   212  2788 D audio_hw_primary: enable_snd_device: snd_device(2: speaker)
10-17 18:08:11.870   212  2788 D audio_hw_primary: enable_audio_route: usecase(1) apply and update mixer path: low-latency-playback
10-17 18:08:11.870   212  2788 E audio_hw_primary: start_output_stream: cannot open device '/dev/snd/pcmC0D15p': No such file or directory
10-17 18:08:11.870   212  2788 D audio_hw_primary: disable_audio_route: usecase(1) reset and update mixer path: low-latency-playback
10-17 18:08:11.870   212  2788 D audio_hw_primary: disable_snd_device: snd_device(2: speaker)
10-17 18:08:11.878   212  2788 D ACDB-LOADER: ACDB -> send_afe_cal
10-17 18:08:11.878   212  2788 D audio_hw_primary: enable_snd_device: snd_device(2: speaker)
10-17 18:08:11.880   212  2788 D audio_hw_primary: enable_audio_route: usecase(1) apply and update mixer path: low-latency-playback
10-17 18:08:11.880   212  2788 E audio_hw_primary: start_output_stream: cannot open device '/dev/snd/pcmC0D15p': No such file or directory
10-17 18:08:11.880   212  2788 D audio_hw_primary: disable_audio_route: usecase(1) reset and update mixer path: low-latency-playback
10-17 18:08:11.880   212  2788 D audio_hw_primary: disable_snd_device: snd_device(2: speaker)
10-17 18:08:11.887   212  2788 D ACDB-LOADER: ACDB -> send_afe_cal
10-17 18:08:11.888   212  2788 D audio_hw_primary: enable_snd_device: snd_device(2: speaker)
10-17 18:08:11.891   212  2788 D audio_hw_primary: enable_audio_route: usecase(1) apply and update mixer path: low-latency-playback
10-17 18:08:11.891   212  2788 E audio_hw_primary: start_output_stream: cannot open device '/dev/snd/pcmC0D15p': No such file or directory
10-17 18:08:11.891   212  2788 D audio_hw_primary: disable_audio_route: usecase(1) reset and update mixer path: low-latency-playback
10-17 18:08:11.891   212  2788 D audio_hw_primary: disable_snd_device: snd_device(2: speaker)
10-17 18:08:11.899   212  2788 D ACDB-LOADER: ACDB -> send_afe_cal
10-17 18:08:11.899   212  2788 D audio_hw_primary: enable_snd_device: snd_device(2: speaker)
10-17 18:08:11.901   212  2788 D audio_hw_primary: enable_audio_route: usecase(1) apply and update mixer path: low-latency-playback
10-17 18:08:11.901   212  2788 E audio_hw_primary: start_output_stream: cannot open device '/dev/snd/pcmC0D15p': No such file or directory
10-17 18:08:11.901   212  2788 D audio_hw_primary: disable_audio_route: usecase(1) reset and update mixer path: low-latency-playback
10-17 18:08:11.901   212  2788 D audio_hw_primary: disable_snd_device: snd_device(2: speaker)
10-17 18:08:11.908   212  2788 D ACDB-LOADER: ACDB -> send_afe_cal
10-17 18:08:11.908   212  2788 D audio_hw_primary: enable_snd_device: snd_device(2: speaker)
10-17 18:08:11.910   212  2788 D audio_hw_primary: enable_audio_route: usecase(1) apply and update mixer path: low-latency-playback
10-17 18:08:11.910   212  2788 E audio_hw_primary: start_output_stream: cannot open device '/dev/snd/pcmC0D15p': No such file or directory
10-17 18:08:11.911   212  2788 D audio_hw_primary: disable_audio_route: usecase(1) reset and update mixer path: low-latency-playback
10-17 18:08:11.911   212  2788 D audio_hw_primary: disable_snd_device: snd_device(2: speaker)
10-17 18:08:11.918   212  2788 D ACDB-LOADER: ACDB -> send_afe_cal
10-17 18:08:11.918   212  2788 D audio_hw_primary: enable_snd_device: snd_device(2: speaker)
10-17 18:08:11.920   212  2788 D audio_hw_primary: enable_audio_route: usecase(1) apply and update mixer path: low-latency-playback
10-17 18:08:11.920   212  2788 E audio_hw_primary: start_output_stream: cannot open device '/dev/snd/pcmC0D15p': No such file or directory
10-17 18:08:11.920   212  2788 D audio_hw_primary: disable_audio_route: usecase(1) reset and update mixer path: low-latency-playback
10-17 18:08:11.920   212  2788 D audio_hw_primary: disable_snd_device: snd_device(2: speaker)
10-17 18:08:11.928   212  2788 D ACDB-LOADER: ACDB -> send_afe_cal
10-17 18:08:11.928   212  2788 D audio_hw_primary: enable_snd_device: snd_device(2: speaker)
10-17 18:08:11.930   212  2788 D audio_hw_primary: enable_audio_route: usecase(1) apply and update mixer path: low-latency-playback
10-17 18:08:11.930   212  2788 E audio_hw_primary: start_output_stream: cannot open device '/dev/snd/pcmC0D15p': No such file or directory
10-17 18:08:11.930   212  2788 D audio_hw_primary: disable_audio_route: usecase(1) reset and update mixer path: low-latency-playback
10-17 18:08:11.930   212  2788 D audio_hw_primary: disable_snd_device: snd_device(2: speaker)
10-17 18:08:11.938   212  2788 D ACDB-LOADER: ACDB -> send_afe_cal
10-17 18:08:11.938   212  2788 D audio_hw_primary: enable_snd_device: snd_device(2: speaker)
10-17 18:08:11.940   212  2788 D audio_hw_primary: enable_audio_route: usecase(1) apply and update mixer path: low-latency-playback
10-17 18:08:11.940   212  2788 E audio_hw_primary: start_output_stream: cannot open device '/dev/snd/pcmC0D15p': No such file or directory
10-17 18:08:11.940   212  2788 D audio_hw_primary: disable_audio_route: usecase(1) reset and update mixer path: low-latency-playback
10-17 18:08:11.940   212  2788 D audio_hw_primary: disable_snd_device: snd_device(2: speaker)
10-17 18:08:11.948   212  2788 D ACDB-LOADER: ACDB -> send_afe_cal
10-17 18:08:11.948   212  2788 D audio_hw_primary: enable_snd_device: snd_device(2: speaker)
10-17 18:08:11.948  4144  4162 E NfcService: Watchdog triggered, aborting.
10-17 18:08:11.949  4144  4162 F zygote  : jni_internal.cc:508] JNI FatalError called: enableInternal
10-17 18:08:11.950   212  2788 D audio_hw_primary: enable_audio_route: usecase(1) apply and update mixer path: low-latency-playback
10-17 18:08:11.950   212  2788 E audio_hw_primary: start_output_stream: cannot open device '/dev/snd/pcmC0D15p': No such file or directory
10-17 18:08:11.950   212  2788 D audio_hw_primary: disable_audio_route: usecase(1) reset and update mixer path: low-latency-playback
10-17 18:08:11.950   212  2788 D audio_hw_primary: disable_snd_device: snd_device(2: speaker)
10-17 18:08:11.958   212  2788 D ACDB-LOADER: ACDB -> send_afe_cal
10-17 18:08:11.958   212  2788 D audio_hw_primary: enable_snd_device: snd_device(2: speaker)
10-17 18:08:11.960   212  2788 D audio_hw_primary: enable_audio_route: usecase(1) apply and update mixer path: low-latency-playback
10-17 18:08:11.960   212  2788 E audio_hw_primary: start_output_stream: cannot open device '/dev/snd/pcmC0D15p': No such file or directory
10-17 18:08:11.960   212  2788 D audio_hw_primary: disable_audio_route: usecase(1) reset and update mixer path: low-latency-playback
10-17 18:08:11.960   212  2788 D audio_hw_primary: disable_snd_device: snd_device(2: speaker)
10-17 18:08:11.968   212  2788 D ACDB-LOADER: ACDB -> send_afe_cal
10-17 18:08:11.968   212  2788 D audio_hw_primary: enable_snd_device: snd_device(2: speaker)
10-17 18:08:11.970   212  2788 D audio_hw_primary: enable_audio_route: usecase(1) apply and update mixer path: low-latency-playback
10-17 18:08:11.970   212  2788 E audio_hw_primary: start_output_stream: cannot open device '/dev/snd/pcmC0D15p': No such file or directory
10-17 18:08:11.970   212  2788 D audio_hw_primary: disable_audio_route: usecase(1) reset and update mixer path: low-latency-playback
10-17 18:08:11.970   212  2788 D audio_hw_primary: disable_snd_device: snd_device(2: speaker)
10-17 18:08:11.981   212  2788 D ACDB-LOADER: ACDB -> send_afe_cal
10-17 18:08:11.981   212  2788 D audio_hw_primary: enable_snd_device: snd_device(2: speaker)
10-17 18:08:11.984   212  2788 D audio_hw_primary: enable_audio_route: usecase(1) apply and update mixer path: low-latency-playback
10-17 18:08:11.984   212  2788 E audio_hw_primary: start_output_stream: cannot open device '/dev/snd/pcmC0D15p': No such file or directory
10-17 18:08:11.984   212  2788 D audio_hw_primary: disable_audio_route: usecase(1) reset and update mixer path: low-latency-playback
10-17 18:08:11.984   212  2788 D audio_hw_primary: disable_snd_device: snd_device(2: speaker)
10-17 18:08:11.990   607  1740 I ActivityManager: Killing 2389:com.android.managedprovisioning/u0a16 (adj 906): empty #17
10-17 18:08:11.992   212  2788 D ACDB-LOADER: ACDB -> send_afe_cal
10-17 18:08:11.992   212  2788 D audio_hw_primary: enable_snd_device: snd_device(2: speaker)
10-17 18:08:11.997   212  2788 D audio_hw_primary: enable_audio_route: usecase(1) apply and update mixer path: low-latency-playback
10-17 18:08:11.997   212  2788 E audio_hw_primary: start_output_stream: cannot open device '/dev/snd/pcmC0D15p': No such file or directory
10-17 18:08:11.997   212  2788 D audio_hw_primary: disable_audio_route: usecase(1) reset and update mixer path: low-latency-playback
10-17 18:08:11.997   212  2788 D audio_hw_primary: disable_snd_device: snd_device(2: speaker)
10-17 18:08:12.004  1647  1647 I zygote  : Deoptimizing void com.android.systemui.statusbar.stack.NotificationStackScrollLayout.updateContentHeight() due to JIT inline cache
10-17 18:08:12.005   212  2788 D ACDB-LOADER: ACDB -> send_afe_cal
10-17 18:08:12.006   212  2788 D audio_hw_primary: enable_snd_device: snd_device(2: speaker)
10-17 18:08:12.006  4144  4161 W com.android.nfc: Waited one second for android.hardware.nfc@1.0::INfc/default. Waiting another...
10-17 18:08:12.010   212  2788 D audio_hw_primary: enable_audio_route: usecase(1) apply and update mixer path: low-latency-playback
10-17 18:08:12.010   212  2788 E audio_hw_primary: start_output_stream: cannot open device '/dev/snd/pcmC0D15p': No such file or directory
10-17 18:08:12.010   212  2788 D audio_hw_primary: disable_audio_route: usecase(1) reset and update mixer path: low-latency-playback
10-17 18:08:12.010   212  2788 D audio_hw_primary: disable_snd_device: snd_device(2: speaker)
10-17 18:08:12.010  1647  1647 I zygote  : Deoptimizing float com.android.systemui.statusbar.stack.StackScrollAlgorithm.updateChildZValue(int, float, com.android.systemui.statusbar.stack.StackScrollState, com.android.systemui.statusbar.stack.StackScrollAlgorithm$StackScrollAlgorithmState, com.android.systemui.statusbar.stack.AmbientState) due to JIT inline cache
10-17 18:08:12.011  1647  1647 I zygote  : Deoptimizing void com.android.systemui.statusbar.stack.StackScrollAlgorithm.updateClipping(com.android.systemui.statusbar.stack.StackScrollState, com.android.systemui.statusbar.stack.StackScrollAlgorithm$StackScrollAlgorithmState, com.android.systemui.statusbar.stack.AmbientState) due to JIT inline cache
10-17 18:08:12.012  1647  1647 I zygote  : Deoptimizing void com.android.systemui.statusbar.stack.ExpandableViewState.applyToView(android.view.View) due to JIT same target
10-17 18:08:12.020   212  2788 D ACDB-LOADER: ACDB -> send_afe_cal
10-17 18:08:12.020   212  2788 D audio_hw_primary: enable_snd_device: snd_device(2: speaker)
10-17 18:08:12.023   212  2788 D audio_hw_primary: enable_audio_route: usecase(1) apply and update mixer path: low-latency-playback
10-17 18:08:12.024   212  2788 E audio_hw_primary: start_output_stream: cannot open device '/dev/snd/pcmC0D15p': No such file or directory
10-17 18:08:12.024   212  2788 D audio_hw_primary: disable_audio_route: usecase(1) reset and update mixer path: low-latency-playback
10-17 18:08:12.024   212  2788 D audio_hw_primary: disable_snd_device: snd_device(2: speaker)
10-17 18:08:12.032   212  2788 D ACDB-LOADER: ACDB -> send_afe_cal
10-17 18:08:12.032   212  2788 D audio_hw_primary: enable_snd_device: snd_device(2: speaker)
10-17 18:08:12.034   212  2788 D audio_hw_primary: enable_audio_route: usecase(1) apply and update mixer path: low-latency-playback
10-17 18:08:12.034   212  2788 E audio_hw_primary: start_output_stream: cannot open device '/dev/snd/pcmC0D15p': No such file or directory
10-17 18:08:12.034   212  2788 D audio_hw_primary: disable_audio_route: usecase(1) reset and update mixer path: low-latency-playback
10-17 18:08:12.034   212  2788 D audio_hw_primary: disable_snd_device: snd_device(2: speaker)
10-17 18:08:12.042   212  2788 D ACDB-LOADER: ACDB -> send_afe_cal
10-17 18:08:12.042   212  2788 D audio_hw_primary: enable_snd_device: snd_device(2: speaker)
10-17 18:08:12.048   212  2788 D audio_hw_primary: enable_audio_route: usecase(1) apply and update mixer path: low-latency-playback
10-17 18:08:12.048   212  2788 E audio_hw_primary: start_output_stream: cannot open device '/dev/snd/pcmC0D15p': No such file or directory
10-17 18:08:12.048   212  2788 D audio_hw_primary: disable_audio_route: usecase(1) reset and update mixer path: low-latency-playback
10-17 18:08:12.048   212  2788 D audio_hw_primary: disable_snd_device: snd_device(2: speaker)
10-17 18:08:12.055   212  2788 D ACDB-LOADER: ACDB -> send_afe_cal
10-17 18:08:12.055   212  2788 D audio_hw_primary: enable_snd_device: snd_device(2: speaker)
10-17 18:08:12.059   212  2788 D audio_hw_primary: enable_audio_route: usecase(1) apply and update mixer path: low-latency-playback
10-17 18:08:12.059   212  2788 E audio_hw_primary: start_output_stream: cannot open device '/dev/snd/pcmC0D15p': No such file or directory
10-17 18:08:12.059   212  2788 D audio_hw_primary: disable_audio_route: usecase(1) reset and update mixer path: low-latency-playback
10-17 18:08:12.059   212  2788 D audio_hw_primary: disable_snd_device: snd_device(2: speaker)
10-17 18:08:12.067   212  2788 D ACDB-LOADER: ACDB -> send_afe_cal
10-17 18:08:12.067   212  2788 D audio_hw_primary: enable_snd_device: snd_device(2: speaker)
10-17 18:08:12.074   212  2788 D audio_hw_primary: enable_audio_route: usecase(1) apply and update mixer path: low-latency-playback
10-17 18:08:12.074   212  2788 E audio_hw_primary: start_output_stream: cannot open device '/dev/snd/pcmC0D15p': No such file or directory
10-17 18:08:12.074   212  2788 D audio_hw_primary: disable_audio_route: usecase(1) reset and update mixer path: low-latency-playback
10-17 18:08:12.074   212  2788 D audio_hw_primary: disable_snd_device: snd_device(2: speaker)
10-17 18:08:12.082   212  2788 D ACDB-LOADER: ACDB -> send_afe_cal
10-17 18:08:12.082   212  2788 D audio_hw_primary: enable_snd_device: snd_device(2: speaker)
10-17 18:08:12.084   212  2788 D audio_hw_primary: enable_audio_route: usecase(1) apply and update mixer path: low-latency-playback
10-17 18:08:12.084   212  2788 E audio_hw_primary: start_output_stream: cannot open device '/dev/snd/pcmC0D15p': No such file or directory
10-17 18:08:12.084   212  2788 D audio_hw_primary: disable_audio_route: usecase(1) reset and update mixer path: low-latency-playback
10-17 18:08:12.084   212  2788 D audio_hw_primary: disable_snd_device: snd_device(2: speaker)
10-17 18:08:12.092   212  2788 D ACDB-LOADER: ACDB -> send_afe_cal
10-17 18:08:12.092   212  2788 D audio_hw_primary: enable_snd_device: snd_device(2: speaker)
10-17 18:08:12.093  4162  4162 I enableInternal: type=1400 audit(0.0:253): avc: denied { ptrace } for scontext=u:r:nfc:s0 tcontext=u:r:nfc:s0 tclass=process permissive=1
10-17 18:08:12.094   212  2788 D audio_hw_primary: enable_audio_route: usecase(1) apply and update mixer path: low-latency-playback
10-17 18:08:12.094   212  2788 E audio_hw_primary: start_output_stream: cannot open device '/dev/snd/pcmC0D15p': No such file or directory
10-17 18:08:12.095   212  2788 D audio_hw_primary: disable_audio_route: usecase(1) reset and update mixer path: low-latency-playback
10-17 18:08:12.095   212  2788 D audio_hw_primary: disable_snd_device: snd_device(2: speaker)
10-17 18:08:12.103   212  2788 D ACDB-LOADER: ACDB -> send_afe_cal
10-17 18:08:12.103   212  2788 D audio_hw_primary: enable_snd_device: snd_device(2: speaker)
10-17 18:08:12.106   212  2788 D audio_hw_primary: enable_audio_route: usecase(1) apply and update mixer path: low-latency-playback
10-17 18:08:12.106   212  2788 E audio_hw_primary: start_output_stream: cannot open device '/dev/snd/pcmC0D15p': No such file or directory
10-17 18:08:12.106   212  2788 D audio_hw_primary: disable_audio_route: usecase(1) reset and update mixer path: low-latency-playback
10-17 18:08:12.106   212  2788 D audio_hw_primary: disable_snd_device: snd_device(2: speaker)
10-17 18:08:12.114   212  2788 D ACDB-LOADER: ACDB -> send_afe_cal
10-17 18:08:12.114   212  2788 D audio_hw_primary: enable_snd_device: snd_device(2: speaker)
10-17 18:08:12.116   212  2788 D audio_hw_primary: enable_audio_route: usecase(1) apply and update mixer path: low-latency-playback
10-17 18:08:12.116   212  2788 E audio_hw_primary: start_output_stream: cannot open device '/dev/snd/pcmC0D15p': No such file or directory
10-17 18:08:12.117   212  2788 D audio_hw_primary: disable_audio_route: usecase(1) reset and update mixer path: low-latency-playback
10-17 18:08:12.117   212  2788 D audio_hw_primary: disable_snd_device: snd_device(2: speaker)
10-17 18:08:12.124   212  2788 D ACDB-LOADER: ACDB -> send_afe_cal
10-17 18:08:12.124   212  2788 D audio_hw_primary: enable_snd_device: snd_device(2: speaker)
10-17 18:08:12.127   212  2788 D audio_hw_primary: enable_audio_route: usecase(1) apply and update mixer path: low-latency-playback
10-17 18:08:12.127   212  2788 E audio_hw_primary: start_output_stream: cannot open device '/dev/snd/pcmC0D15p': No such file or directory
10-17 18:08:12.127   212  2788 D audio_hw_primary: disable_audio_route: usecase(1) reset and update mixer path: low-latency-playback
10-17 18:08:12.127   212  2788 D audio_hw_primary: disable_snd_device: snd_device(2: speaker)
10-17 18:08:12.136   212  2788 D ACDB-LOADER: ACDB -> send_afe_cal
10-17 18:08:12.136   212  2788 D audio_hw_primary: enable_snd_device: snd_device(2: speaker)
10-17 18:08:12.138   212  2788 D audio_hw_primary: enable_audio_route: usecase(1) apply and update mixer path: low-latency-playback
10-17 18:08:12.138   212  2788 E audio_hw_primary: start_output_stream: cannot open device '/dev/snd/pcmC0D15p': No such file or directory
10-17 18:08:12.138   212  2788 D audio_hw_primary: disable_audio_route: usecase(1) reset and update mixer path: low-latency-playback
10-17 18:08:12.138   212  2788 D audio_hw_primary: disable_snd_device: snd_device(2: speaker)
10-17 18:08:12.142  1647  1647 I zygote  : Deoptimizing void com.android.systemui.statusbar.ViewTransformationHelper.setVisible(boolean) due to JIT inline cache
10-17 18:08:12.146   212  2788 D ACDB-LOADER: ACDB -> send_afe_cal
10-17 18:08:12.146   212  2788 D audio_hw_primary: enable_snd_device: snd_device(2: speaker)
10-17 18:08:12.148   212  2788 D audio_hw_primary: enable_audio_route: usecase(1) apply and update mixer path: low-latency-playback
10-17 18:08:12.149   212  2788 E audio_hw_primary: start_output_stream: cannot open device '/dev/snd/pcmC0D15p': No such file or directory
10-17 18:08:12.149   212  2788 D audio_hw_primary: disable_audio_route: usecase(1) reset and update mixer path: low-latency-playback
10-17 18:08:12.149   212  2788 D audio_hw_primary: disable_snd_device: snd_device(2: speaker)
10-17 18:08:12.151   607   617 I zygote  : Background concurrent copying GC freed 43260(3MB) AllocSpace objects, 40(1052KB) LOS objects, 42% free, 5MB/10MB, paused 335us total 141.845ms
10-17 18:08:12.156   212  2788 D ACDB-LOADER: ACDB -> send_afe_cal
10-17 18:08:12.156   212  2788 D audio_hw_primary: enable_snd_device: snd_device(2: speaker)
10-17 18:08:12.159   212  2788 D audio_hw_primary: enable_audio_route: usecase(1) apply and update mixer path: low-latency-playback
10-17 18:08:12.159   212  2788 E audio_hw_primary: start_output_stream: cannot open device '/dev/snd/pcmC0D15p': No such file or directory
10-17 18:08:12.159   212  2788 D audio_hw_primary: disable_audio_route: usecase(1) reset and update mixer path: low-latency-playback
10-17 18:08:12.159   212  2788 D audio_hw_primary: disable_snd_device: snd_device(2: speaker)
10-17 18:08:12.163  1647  1667 I zygote  : Do full code cache collection, code=503KB, data=347KB
10-17 18:08:12.165  1647  1667 I zygote  : After code cache collection, code=480KB, data=308KB
10-17 18:08:12.167   212  2788 D ACDB-LOADER: ACDB -> send_afe_cal
10-17 18:08:12.167   212  2788 D audio_hw_primary: enable_snd_device: snd_device(2: speaker)
10-17 18:08:12.169   212  2788 D audio_hw_primary: enable_audio_route: usecase(1) apply and update mixer path: low-latency-playback
10-17 18:08:12.169   212  2788 E audio_hw_primary: start_output_stream: cannot open device '/dev/snd/pcmC0D15p': No such file or directory
10-17 18:08:12.169   212  2788 D audio_hw_primary: disable_audio_route: usecase(1) reset and update mixer path: low-latency-playback
10-17 18:08:12.169   212  2788 D audio_hw_primary: disable_snd_device: snd_device(2: speaker)
10-17 18:08:12.177   212  2788 D ACDB-LOADER: ACDB -> send_afe_cal
10-17 18:08:12.177   212  2788 D audio_hw_primary: enable_snd_device: snd_device(2: speaker)
10-17 18:08:12.179   212  2788 D audio_hw_primary: enable_audio_route: usecase(1) apply and update mixer path: low-latency-playback
10-17 18:08:12.179   212  2788 E audio_hw_primary: start_output_stream: cannot open device '/dev/snd/pcmC0D15p': No such file or directory
10-17 18:08:12.179   212  2788 D audio_hw_primary: disable_audio_route: usecase(1) reset and update mixer path: low-latency-playback
10-17 18:08:12.179   212  2788 D audio_hw_primary: disable_snd_device: snd_device(2: speaker)
10-17 18:08:12.186   212  2788 D ACDB-LOADER: ACDB -> send_afe_cal
10-17 18:08:12.187   212  2788 D audio_hw_primary: enable_snd_device: snd_device(2: speaker)
10-17 18:08:12.189   212  2788 D audio_hw_primary: enable_audio_route: usecase(1) apply and update mixer path: low-latency-playback
10-17 18:08:12.189   212  2788 E audio_hw_primary: start_output_stream: cannot open device '/dev/snd/pcmC0D15p': No such file or directory
10-17 18:08:12.189   212  2788 D audio_hw_primary: disable_audio_route: usecase(1) reset and update mixer path: low-latency-playback
10-17 18:08:12.189   212  2788 D audio_hw_primary: disable_snd_device: snd_device(2: speaker)
10-17 18:08:12.196   212  2788 D ACDB-LOADER: ACDB -> send_afe_cal
10-17 18:08:12.196   212  2788 D audio_hw_primary: enable_snd_device: snd_device(2: speaker)
10-17 18:08:12.199   212  2788 D audio_hw_primary: enable_audio_route: usecase(1) apply and update mixer path: low-latency-playback
10-17 18:08:12.199   212  2788 E audio_hw_primary: start_output_stream: cannot open device '/dev/snd/pcmC0D15p': No such file or directory
10-17 18:08:12.199   212  2788 D audio_hw_primary: disable_audio_route: usecase(1) reset and update mixer path: low-latency-playback
10-17 18:08:12.199   212  2788 D audio_hw_primary: disable_snd_device: snd_device(2: speaker)
10-17 18:08:12.206   212  2788 D ACDB-LOADER: ACDB -> send_afe_cal
10-17 18:08:12.206   212  2788 D audio_hw_primary: enable_snd_device: snd_device(2: speaker)
10-17 18:08:12.208   212  2788 D audio_hw_primary: enable_audio_route: usecase(1) apply and update mixer path: low-latency-playback
10-17 18:08:12.208   212  2788 E audio_hw_primary: start_output_stream: cannot open device '/dev/snd/pcmC0D15p': No such file or directory
10-17 18:08:12.208   212  2788 D audio_hw_primary: disable_audio_route: usecase(1) reset and update mixer path: low-latency-playback
10-17 18:08:12.208   212  2788 D audio_hw_primary: disable_snd_device: snd_device(2: speaker)
10-17 18:08:12.216   212  2788 D ACDB-LOADER: ACDB -> send_afe_cal
10-17 18:08:12.216   212  2788 D audio_hw_primary: enable_snd_device: snd_device(2: speaker)
10-17 18:08:12.218   212  2788 D audio_hw_primary: enable_audio_route: usecase(1) apply and update mixer path: low-latency-playback
10-17 18:08:12.218   212  2788 E audio_hw_primary: start_output_stream: cannot open device '/dev/snd/pcmC0D15p': No such file or directory
10-17 18:08:12.218   212  2788 D audio_hw_primary: disable_audio_route: usecase(1) reset and update mixer path: low-latency-playback
10-17 18:08:12.218   212  2788 D audio_hw_primary: disable_snd_device: snd_device(2: speaker)
10-17 18:08:12.225   212  2788 D ACDB-LOADER: ACDB -> send_afe_cal
10-17 18:08:12.225   212  2788 D audio_hw_primary: enable_snd_device: snd_device(2: speaker)
10-17 18:08:12.228   212  2788 D audio_hw_primary: enable_audio_route: usecase(1) apply and update mixer path: low-latency-playback
10-17 18:08:12.228   212  2788 E audio_hw_primary: start_output_stream: cannot open device '/dev/snd/pcmC0D15p': No such file or directory
10-17 18:08:12.228   212  2788 D audio_hw_primary: disable_audio_route: usecase(1) reset and update mixer path: low-latency-playback
10-17 18:08:12.228   212  2788 D audio_hw_primary: disable_snd_device: snd_device(2: speaker)
10-17 18:08:12.236   212  2788 D ACDB-LOADER: ACDB -> send_afe_cal
10-17 18:08:12.236   212  2788 D audio_hw_primary: enable_snd_device: snd_device(2: speaker)
10-17 18:08:12.238   212  2788 D audio_hw_primary: enable_audio_route: usecase(1) apply and update mixer path: low-latency-playback
10-17 18:08:12.239   212  2788 E audio_hw_primary: start_output_stream: cannot open device '/dev/snd/pcmC0D15p': No such file or directory
10-17 18:08:12.239   212  2788 D audio_hw_primary: disable_audio_route: usecase(1) reset and update mixer path: low-latency-playback
10-17 18:08:12.239   212  2788 D audio_hw_primary: disable_snd_device: snd_device(2: speaker)
10-17 18:08:12.247   212  2788 D ACDB-LOADER: ACDB -> send_afe_cal
10-17 18:08:12.247   212  2788 D audio_hw_primary: enable_snd_device: snd_device(2: speaker)
10-17 18:08:12.249   212  2788 D audio_hw_primary: enable_audio_route: usecase(1) apply and update mixer path: low-latency-playback
10-17 18:08:12.249   212  2788 E audio_hw_primary: start_output_stream: cannot open device '/dev/snd/pcmC0D15p': No such file or directory
10-17 18:08:12.249   212  2788 D audio_hw_primary: disable_audio_route: usecase(1) reset and update mixer path: low-latency-playback
10-17 18:08:12.249   212  2788 D audio_hw_primary: disable_snd_device: snd_device(2: speaker)
10-17 18:08:12.257   212  2788 D ACDB-LOADER: ACDB -> send_afe_cal
10-17 18:08:12.257   212  2788 D audio_hw_primary: enable_snd_device: snd_device(2: speaker)
10-17 18:08:12.260   212  2788 D audio_hw_primary: enable_audio_route: usecase(1) apply and update mixer path: low-latency-playback
10-17 18:08:12.260   212  2788 E audio_hw_primary: start_output_stream: cannot open device '/dev/snd/pcmC0D15p': No such file or directory
10-17 18:08:12.260   212  2788 D audio_hw_primary: disable_audio_route: usecase(1) reset and update mixer path: low-latency-playback
10-17 18:08:12.260   212  2788 D audio_hw_primary: disable_snd_device: snd_device(2: speaker)
10-17 18:08:12.268   212  2788 D ACDB-LOADER: ACDB -> send_afe_cal
10-17 18:08:12.268   212  2788 D audio_hw_primary: enable_snd_device: snd_device(2: speaker)
10-17 18:08:12.270   212  2788 D audio_hw_primary: enable_audio_route: usecase(1) apply and update mixer path: low-latency-playback
10-17 18:08:12.270   212  2788 E audio_hw_primary: start_output_stream: cannot open device '/dev/snd/pcmC0D15p': No such file or directory
10-17 18:08:12.270   212  2788 D audio_hw_primary: disable_audio_route: usecase(1) reset and update mixer path: low-latency-playback
10-17 18:08:12.270   212  2788 D audio_hw_primary: disable_snd_device: snd_device(2: speaker)
10-17 18:08:12.277   212  2788 D ACDB-LOADER: ACDB -> send_afe_cal
10-17 18:08:12.277   212  2788 D audio_hw_primary: enable_snd_device: snd_device(2: speaker)
10-17 18:08:12.279   212  2788 D audio_hw_primary: enable_audio_route: usecase(1) apply and update mixer path: low-latency-playback
10-17 18:08:12.279   212  2788 E audio_hw_primary: start_output_stream: cannot open device '/dev/snd/pcmC0D15p': No such file or directory
10-17 18:08:12.280   212  2788 D audio_hw_primary: disable_audio_route: usecase(1) reset and update mixer path: low-latency-playback
10-17 18:08:12.280   212  2788 D audio_hw_primary: disable_snd_device: snd_device(2: speaker)
10-17 18:08:12.287   212  2788 D ACDB-LOADER: ACDB -> send_afe_cal
10-17 18:08:12.287   212  2788 D audio_hw_primary: enable_snd_device: snd_device(2: speaker)
10-17 18:08:12.289   212  2788 D audio_hw_primary: enable_audio_route: usecase(1) apply and update mixer path: low-latency-playback
10-17 18:08:12.289   212  2788 E audio_hw_primary: start_output_stream: cannot open device '/dev/snd/pcmC0D15p': No such file or directory
10-17 18:08:12.289   212  2788 D audio_hw_primary: disable_audio_route: usecase(1) reset and update mixer path: low-latency-playback
10-17 18:08:12.289   212  2788 D audio_hw_primary: disable_snd_device: snd_device(2: speaker)
10-17 18:08:12.297   212  2788 D ACDB-LOADER: ACDB -> send_afe_cal
10-17 18:08:12.297   212  2788 D audio_hw_primary: enable_snd_device: snd_device(2: speaker)
10-17 18:08:12.299   212  2788 D audio_hw_primary: enable_audio_route: usecase(1) apply and update mixer path: low-latency-playback
10-17 18:08:12.300   212  2788 E audio_hw_primary: start_output_stream: cannot open device '/dev/snd/pcmC0D15p': No such file or directory
10-17 18:08:12.300   212  2788 D audio_hw_primary: disable_audio_route: usecase(1) reset and update mixer path: low-latency-playback
10-17 18:08:12.300   212  2788 D audio_hw_primary: disable_snd_device: snd_device(2: speaker)
10-17 18:08:12.300  4144  4162 F zygote  : runtime.cc:492] Runtime aborting...
10-17 18:08:12.300  4144  4162 F zygote  : runtime.cc:492] Aborting thread:
10-17 18:08:12.300  4144  4162 F zygote  : runtime.cc:492] "enableInternal" prio=5 tid=13 Native
10-17 18:08:12.300  4144  4162 F zygote  : runtime.cc:492]   | group="" sCount=0 dsCount=0 flags=0 obj=0x12d00508 self=0x9ed96a00
10-17 18:08:12.300  4144  4162 F zygote  : runtime.cc:492]   | sysTid=4162 nice=0 cgrp=default sched=0/0 handle=0x90cd8970
10-17 18:08:12.300  4144  4162 F zygote  : runtime.cc:492]   | state=R schedstat=( 1159668 0 4 ) utm=0 stm=0 core=1 HZ=100
10-17 18:08:12.300  4144  4162 F zygote  : runtime.cc:492]   | stack=0x90bd6000-0x90bd8000 stackSize=1038KB
10-17 18:08:12.300  4144  4162 F zygote  : runtime.cc:492]   | held mutexes= "abort lock"
10-17 18:08:12.301  4144  4162 F zygote  : runtime.cc:492]   native: #00 pc 002c45b7  /system/lib/libart.so (_ZN3art15DumpNativeStackERNSt3__113basic_ostreamIcNS0_11char_traitsIcEEEEiP12BacktraceMapPKcPNS_9ArtMethodEPv+130)
10-17 18:08:12.301  4144  4162 F zygote  : runtime.cc:492]   native: #01 pc 00355a83  /system/lib/libart.so (_ZNK3art6Thread9DumpStackERNSt3__113basic_ostreamIcNS1_11char_traitsIcEEEEbP12BacktraceMapb+202)
10-17 18:08:12.301  4144  4162 F zygote  : runtime.cc:492]   native: #02 pc 00351f67  /system/lib/libart.so (_ZNK3art6Thread4DumpERNSt3__113basic_ostreamIcNS1_11char_traitsIcEEEEbP12BacktraceMapb+34)
10-17 18:08:12.301  4144  4162 F zygote  : runtime.cc:492]   native: #03 pc 003429a5  /system/lib/libart.so (_ZNK3art10AbortState10DumpThreadERNSt3__113basic_ostreamIcNS1_11char_traitsIcEEEEPNS_6ThreadE+28)
10-17 18:08:12.301  4144  4162 F zygote  : runtime.cc:492]   native: #04 pc 003427c5  /system/lib/libart.so (_ZNK3art10AbortState4DumpERNSt3__113basic_ostreamIcNS1_11char_traitsIcEEEE+408)
10-17 18:08:12.301  4144  4162 F zygote  : runtime.cc:492]   native: #05 pc 00337743  /system/lib/libart.so (_ZN3art7Runtime5AbortEPKc+110)
10-17 18:08:12.301  4144  4162 F zygote  : runtime.cc:492]   native: #06 pc 00337e3f  /system/lib/libart.so (_ZN3art7Runtime7AborterEPKc+10)
10-17 18:08:12.301  4144  4162 F zygote  : runtime.cc:492]   native: #07 pc 003eef59  /system/lib/libart.so (_ZN7android4base10LogMessageD1Ev+456)
10-17 18:08:12.301  4144  4162 F zygote  : runtime.cc:492]   native: #08 pc 0025e4f1  /system/lib/libart.so (_ZN3art3JNI10FatalErrorEP7_JNIEnvPKc+120)
10-17 18:08:12.301  4144  4162 F zygote  : runtime.cc:492]   native: #09 pc 0000ea5f  /system/lib/libnfc_nci_jni.so (???)
10-17 18:08:12.301  4144  4162 F zygote  : runtime.cc:492]   native: #10 pc 0002086d  /data/dalvik-cache/arm/system@app@NfcNci@NfcNci.apk@classes.dex (???)
10-17 18:08:12.301  4144  4162 F zygote  : runtime.cc:492]   at com.android.nfc.dhimpl.NativeNfcManager.doAbort(Native method)
10-17 18:08:12.301  4144  4162 F zygote  : runtime.cc:492]   at com.android.nfc.NfcService$WatchDogThread.run(NfcService.java:1488)
10-17 18:08:12.301  4144  4162 F zygote  : runtime.cc:492] Dumping all threads without appropriate locks held: thread list lock mutator lock
10-17 18:08:12.301  4144  4162 F zygote  : runtime.cc:492] All threads:
10-17 18:08:12.301  4144  4162 F zygote  : runtime.cc:492] DALVIK THREADS (14):
10-17 18:08:12.301  4144  4162 F zygote  : runtime.cc:492] "enableInternal" prio=5 tid=13 Runnable
10-17 18:08:12.301  4144  4162 F zygote  : runtime.cc:492]   | group="" sCount=0 dsCount=0 flags=0 obj=0x12d00508 self=0x9ed96a00
10-17 18:08:12.301  4144  4162 F zygote  : runtime.cc:492]   | sysTid=4162 nice=0 cgrp=default sched=0/0 handle=0x90cd8970
10-17 18:08:12.301  4144  4162 F zygote  : runtime.cc:492]   | state=R schedstat=( 80322264 38360596 108 ) utm=4 stm=4 core=1 HZ=100
10-17 18:08:12.301  4144  4162 F zygote  : runtime.cc:492]   | stack=0x90bd6000-0x90bd8000 stackSize=1038KB
10-17 18:08:12.301  4144  4162 F zygote  : runtime.cc:492]   | held mutexes= "abort lock" "mutator lock"(shared held)
10-17 18:08:12.301  4144  4162 F zygote  : runtime.cc:492]   native: #00 pc 002c45b7  /system/lib/libart.so (_ZN3art15DumpNativeStackERNSt3__113basic_ostreamIcNS0_11char_traitsIcEEEEiP12BacktraceMapPKcPNS_9ArtMethodEPv+130)
10-17 18:08:12.301  4144  4162 F zygote  : runtime.cc:492]   native: #01 pc 00355a83  /system/lib/libart.so (_ZNK3art6Thread9DumpStackERNSt3__113basic_ostreamIcNS1_11char_traitsIcEEEEbP12BacktraceMapb+202)
10-17 18:08:12.301  4144  4162 F zygote  : runtime.cc:492]   native: #02 pc 00351f67  /system/lib/libart.so (_ZNK3art6Thread4DumpERNSt3__113basic_ostreamIcNS1_11char_traitsIcEEEEbP12BacktraceMapb+34)
10-17 18:08:12.301  4144  4162 F zygote  : runtime.cc:492]   native: #03 pc 003698df  /system/lib/libart.so (_ZN3art14DumpCheckpoint3RunEPNS_6ThreadE+654)
10-17 18:08:12.301  4144  4162 F zygote  : runtime.cc:492]   native: #04 pc 003634c9  /system/lib/libart.so (_ZN3art10ThreadList13RunCheckpointEPNS_7ClosureES2_+320)
10-17 18:08:12.301  4144  4162 F zygote  : runtime.cc:492]   native: #05 pc 0036302f  /system/lib/libart.so (_ZN3art10ThreadList4DumpERNSt3__113basic_ostreamIcNS1_11char_traitsIcEEEEb+542)
10-17 18:08:12.301  4144  4162 F zygote  : runtime.cc:492]   native: #06 pc 00342791  /system/lib/libart.so (_ZNK3art10AbortState4DumpERNSt3__113basic_ostreamIcNS1_11char_traitsIcEEEE+356)
10-17 18:08:12.301  4144  4162 F zygote  : runtime.cc:492]   native: #07 pc 00337743  /system/lib/libart.so (_ZN3art7Runtime5AbortEPKc+110)
10-17 18:08:12.301  4144  4162 F zygote  : runtime.cc:492]   native: #08 pc 00337e3f  /system/lib/libart.so (_ZN3art7Runtime7AborterEPKc+10)
10-17 18:08:12.301  4144  4162 F zygote  : runtime.cc:492]   native: #09 pc 003eef59  /system/lib/libart.so (_ZN7android4base10LogMessageD1Ev+456)
10-17 18:08:12.301  4144  4162 F zygote  : runtime.cc:492]   native: #10 pc 0025e4f1  /system/lib/libart.so (_ZN3art3JNI10FatalErrorEP7_JNIEnvPKc+120)
10-17 18:08:12.301  4144  4162 F zygote  : runtime.cc:492]   native: #11 pc 0000ea5f  /system/lib/libnfc_nci_jni.so (???)
10-17 18:08:12.301  4144  4162 F zygote  : runtime.cc:492]   native: #12 pc 0002086d  /data/dalvik-cache/arm/system@app@NfcNci@NfcNci.apk@classes.dex (Java_com_android_nfc_dhimpl_NativeNfcManager_doAbort__Ljava_lang_String_2+92)
10-17 18:08:12.301  4144  4162 F zygote  : runtime.cc:492]   at com.android.nfc.dhimpl.NativeNfcManager.doAbort(Native method)
10-17 18:08:12.302  4144  4162 F zygote  : runtime.cc:492]   at com.android.nfc.NfcService$WatchDogThread.run(NfcService.java:1488)
10-17 18:08:12.302  4144  4162 F zygote  : runtime.cc:492] 
10-17 18:08:12.302  4144  4162 F zygote  : runtime.cc:492] "main" prio=5 tid=1 Native
10-17 18:08:12.302  4144  4162 F zygote  : runtime.cc:492]   | group="" sCount=1 dsCount=0 flags=1 obj=0x733e1568 self=0xaa63c000
10-17 18:08:12.302  4144  4162 F zygote  : runtime.cc:492]   | sysTid=4144 nice=0 cgrp=default sched=0/0 handle=0xae5174a8
10-17 18:08:12.302  4144  4162 F zygote  : runtime.cc:492]   | state=S schedstat=( 183898933 28625486 207 ) utm=11 stm=7 core=2 HZ=100
10-17 18:08:12.302  4144  4162 F zygote  : runtime.cc:492]   | stack=0xbe58f000-0xbe591000 stackSize=8MB
10-17 18:08:12.302  4144  4162 F zygote  : runtime.cc:492]   | held mutexes=
10-17 18:08:12.302  4144  4162 F zygote  : runtime.cc:492]   native: #00 pc 00049544  /system/lib/libc.so (__epoll_pwait+20)
10-17 18:08:12.302  4144  4162 F zygote  : runtime.cc:492]   native: #01 pc 0001b4f1  /system/lib/libc.so (epoll_pwait+60)
10-17 18:08:12.302  4144  4162 F zygote  : runtime.cc:492]   native: #02 pc 0001b521  /system/lib/libc.so (epoll_wait+12)
10-17 18:08:12.302  4144  4162 F zygote  : runtime.cc:492]   native: #03 pc 000101f3  /system/lib/libutils.so (_ZN7android6Looper9pollInnerEi+118)
10-17 18:08:12.302  4144  4162 F zygote  : runtime.cc:492]   native: #04 pc 000100e5  /system/lib/libutils.so (_ZN7android6Looper8pollOnceEiPiS1_PPv+32)
10-17 18:08:12.302  4144  4162 F zygote  : runtime.cc:492]   native: #05 pc 000b6c1d  /system/lib/libandroid_runtime.so (_ZN7android18NativeMessageQueue8pollOnceEP7_JNIEnvP8_jobjecti+24)
10-17 18:08:12.302  4144  4162 F zygote  : runtime.cc:492]   native: #06 pc 00ae201d  /data/dalvik-cache/arm/system@framework@boot.oat (Java_android_os_MessageQueue_nativePollOnce__JI+92)
10-17 18:08:12.302  4144  4162 F zygote  : runtime.cc:492]   at android.os.MessageQueue.nativePollOnce(Native method)
10-17 18:08:12.302  4144  4162 F zygote  : runtime.cc:492]   at android.os.MessageQueue.next(MessageQueue.java:325)
10-17 18:08:12.302  4144  4162 F zygote  : runtime.cc:492]   at android.os.Looper.loop(Looper.java:142)
10-17 18:08:12.302  4144  4162 F zygote  : runtime.cc:492]   at android.app.ActivityThread.main(ActivityThread.java:6541)
10-17 18:08:12.302  4144  4162 F zygote  : runtime.cc:492]   at java.lang.reflect.Method.invoke(Native method)
10-17 18:08:12.302  4144  4162 F zygote  : runtime.cc:492]   at com.android.internal.os.Zygote$MethodAndArgsCaller.run(Zygote.java:240)
10-17 18:08:12.302  4144  4162 F zygote  : runtime.cc:492]   at com.android.internal.os.ZygoteInit.main(ZygoteInit.java:767)
10-17 18:08:12.302  4144  4162 F zygote  : runtime.cc:492] 
10-17 18:08:12.302  4144  4162 F zygote  : runtime.cc:492] "Jit thread pool worker thread 0" prio=5 tid=2 Native
10-17 18:08:12.302  4144  4162 F zygote  : runtime.cc:492]   | group="" sCount=1 dsCount=0 flags=1 obj=0x14840000 self=0xaa63cc00
10-17 18:08:12.302  4144  4162 F zygote  : runtime.cc:492]   | sysTid=4149 nice=9 cgrp=default sched=0/0 handle=0xa1545970
10-17 18:08:12.302  4144  4162 F zygote  : runtime.cc:492]   | state=S schedstat=( 3204345 762940 13 ) utm=0 stm=0 core=0 HZ=100
10-17 18:08:12.302  4144  4162 F zygote  : runtime.cc:492]   | stack=0xa1447000-0xa1449000 stackSize=1022KB
10-17 18:08:12.302  4144  4162 F zygote  : runtime.cc:492]   | held mutexes=
10-17 18:08:12.302  4144  4162 F zygote  : runtime.cc:492]   native: #00 pc 00018d9c  /system/lib/libc.so (syscall+28)
10-17 18:08:12.302  4144  4162 F zygote  : runtime.cc:492]   native: #01 pc 000b3729  /system/lib/libart.so (_ZN3art17ConditionVariable16WaitHoldingLocksEPNS_6ThreadE+88)
10-17 18:08:12.302  4144  4162 F zygote  : runtime.cc:492]   native: #02 pc 0036ac15  /system/lib/libart.so (_ZN3art10ThreadPool7GetTaskEPNS_6ThreadE+172)
10-17 18:08:12.302  4144  4162 F zygote  : runtime.cc:492]   native: #03 pc 0036a4b3  /system/lib/libart.so (_ZN3art16ThreadPoolWorker3RunEv+62)
10-17 18:08:12.302  4144  4162 F zygote  : runtime.cc:492]   native: #04 pc 0036a0c1  /system/lib/libart.so (_ZN3art16ThreadPoolWorker8CallbackEPv+92)
10-17 18:08:12.302  4144  4162 F zygote  : runtime.cc:492]   native: #05 pc 00047f1f  /system/lib/libc.so (_ZL15__pthread_startPv+22)
10-17 18:08:12.302  4144  4162 F zygote  : runtime.cc:492]   native: #06 pc 0001b0df  /system/lib/libc.so (__start_thread+32)
10-17 18:08:12.302  4144  4162 F zygote  : runtime.cc:492]   (no managed stack frames)
10-17 18:08:12.302  4144  4162 F zygote  : runtime.cc:492] 
10-17 18:08:12.303  4144  4162 F zygote  : runtime.cc:492] "Signal Catcher" prio=5 tid=3 WaitingInMainSignalCatcherLoop
10-17 18:08:12.303  4144  4162 F zygote  : runtime.cc:492]   | group="" sCount=1 dsCount=0 flags=1 obj=0x148400d0 self=0xaa63d200
10-17 18:08:12.303  4144  4162 F zygote  : runtime.cc:492]   | sysTid=4150 nice=0 cgrp=default sched=0/0 handle=0xa1444970
10-17 18:08:12.303  4144  4162 F zygote  : runtime.cc:492]   | state=S schedstat=( 396729 366211 1 ) utm=0 stm=0 core=0 HZ=100
10-17 18:08:12.303  4144  4162 F zygote  : runtime.cc:492]   | stack=0xa134a000-0xa134c000 stackSize=1006KB
10-17 18:08:12.303  4144  4162 F zygote  : runtime.cc:492]   | held mutexes=
10-17 18:08:12.303  4144  4162 F zygote  : runtime.cc:492]   native: #00 pc 00049874  /system/lib/libc.so (__rt_sigtimedwait+12)
10-17 18:08:12.303  4144  4162 F zygote  : runtime.cc:492]   native: #01 pc 00021757  /system/lib/libc.so (sigwait+34)
10-17 18:08:12.303  4144  4162 F zygote  : runtime.cc:492]   native: #02 pc 0034785b  /system/lib/libart.so (_ZN3art9SignalSet4WaitEv+22)
10-17 18:08:12.303  4144  4162 F zygote  : runtime.cc:492]   native: #03 pc 00347467  /system/lib/libart.so (_ZN3art13SignalCatcher13WaitForSignalEPNS_6ThreadERNS_9SignalSetE+186)
10-17 18:08:12.303  4144  4162 F zygote  : runtime.cc:492]   native: #04 pc 00346377  /system/lib/libart.so (_ZN3art13SignalCatcher3RunEPv+182)
10-17 18:08:12.303  4144  4162 F zygote  : runtime.cc:492]   native: #05 pc 00047f1f  /system/lib/libc.so (_ZL15__pthread_startPv+22)
10-17 18:08:12.303  4144  4162 F zygote  : runtime.cc:492]   native: #06 pc 0001b0df  /system/lib/libc.so (__start_thread+32)
10-17 18:08:12.303  4144  4162 F zygote  : runtime.cc:492]   (no managed stack frames)
10-17 18:08:12.303  4144  4162 F zygote  : runtime.cc:492] 
10-17 18:08:12.303  4144  4162 F zygote  : runtime.cc:492] "JDWP" prio=5 tid=4 WaitingInMainDebuggerLoop
10-17 18:08:12.303  4144  4162 F zygote  : runtime.cc:492]   | group="" sCount=1 dsCount=0 flags=1 obj=0x14840190 self=0xaa63d800
10-17 18:08:12.303  4144  4162 F zygote  : runtime.cc:492]   | sysTid=4151 nice=0 cgrp=default sched=0/0 handle=0x91aff970
10-17 18:08:12.303  4144  4162 F zygote  : runtime.cc:492]   | state=S schedstat=( 579835 915526 3 ) utm=0 stm=0 core=0 HZ=100
10-17 18:08:12.303  4144  4162 F zygote  : runtime.cc:492]   | stack=0x91a05000-0x91a07000 stackSize=1006KB
10-17 18:08:12.303  4144  4162 F zygote  : runtime.cc:492]   | held mutexes=
10-17 18:08:12.303  4144  4162 F zygote  : runtime.cc:492]   native: #00 pc 0004a5f8  /system/lib/libc.so (recvmsg+8)
10-17 18:08:12.303  4144  4162 F zygote  : runtime.cc:492]   native: #01 pc 003e1839  /system/lib/libart.so (_ZN3art4JDWP12JdwpAdbState15ReceiveClientFdEv+88)
10-17 18:08:12.303  4144  4162 F zygote  : runtime.cc:492]   native: #02 pc 003e1c53  /system/lib/libart.so (_ZN3art4JDWP12JdwpAdbState6AcceptEv+410)
10-17 18:08:12.303  4144  4162 F zygote  : runtime.cc:492]   native: #03 pc 0023f013  /system/lib/libart.so (_ZN3art4JDWP9JdwpState3RunEv+398)
10-17 18:08:12.303  4144  4162 F zygote  : runtime.cc:492]   native: #04 pc 0023e7c3  /system/lib/libart.so (_ZN3art4JDWPL15StartJdwpThreadEPv+22)
10-17 18:08:12.303  4144  4162 F zygote  : runtime.cc:492]   native: #05 pc 00047f1f  /system/lib/libc.so (_ZL15__pthread_startPv+22)
10-17 18:08:12.303  4144  4162 F zygote  : runtime.cc:492]   native: #06 pc 0001b0df  /system/lib/libc.so (__start_thread+32)
10-17 18:08:12.303  4144  4162 F zygote  : runtime.cc:492]   (no managed stack frames)
10-17 18:08:12.303  4144  4162 F zygote  : runtime.cc:492] 
10-17 18:08:12.303  4144  4162 F zygote  : runtime.cc:492] "ReferenceQueueDaemon" prio=5 tid=5 Waiting
10-17 18:08:12.303  4144  4162 F zygote  : runtime.cc:492]   | group="" sCount=1 dsCount=0 flags=1 obj=0x14840218 self=0xaa63de00
10-17 18:08:12.303  4144  4162 F zygote  : runtime.cc:492]   | sysTid=4152 nice=4 cgrp=default sched=0/0 handle=0x91a02970
10-17 18:08:12.303  4144  4162 F zygote  : runtime.cc:492]   | state=S schedstat=( 1068117 183105 19 ) utm=0 stm=0 core=0 HZ=100
10-17 18:08:12.303  4144  4162 F zygote  : runtime.cc:492]   | stack=0x91900000-0x91902000 stackSize=1038KB
10-17 18:08:12.303  4144  4162 F zygote  : runtime.cc:492]   | held mutexes=
10-17 18:08:12.304  4144  4162 F zygote  : runtime.cc:492]   native: #00 pc 00018d9c  /system/lib/libc.so (syscall+28)
10-17 18:08:12.304  4144  4162 F zygote  : runtime.cc:492]   native: #01 pc 000b3729  /system/lib/libart.so (_ZN3art17ConditionVariable16WaitHoldingLocksEPNS_6ThreadE+88)
10-17 18:08:12.304  4144  4162 F zygote  : runtime.cc:492]   native: #02 pc 002c07e7  /system/lib/libart.so (_ZN3art7Monitor4WaitEPNS_6ThreadExibNS_11ThreadStateE+526)
10-17 18:08:12.304  4144  4162 F zygote  : runtime.cc:492]   native: #03 pc 002c1da3  /system/lib/libart.so (_ZN3art7Monitor4WaitEPNS_6ThreadEPNS_6mirror6ObjectExibNS_11ThreadStateE+130)
10-17 18:08:12.304  4144  4162 F zygote  : runtime.cc:492]   native: #04 pc 002d2747  /system/lib/libart.so (_ZN3artL11Object_waitEP7_JNIEnvP8_jobject+32)
10-17 18:08:12.304  4144  4162 F zygote  : runtime.cc:492]   native: #05 pc 00000573  /data/dalvik-cache/arm/system@framework@boot.oat (Java_java_lang_Object_wait__+74)
10-17 18:08:12.304  4144  4162 F zygote  : runtime.cc:492]   at java.lang.Object.wait(Native method)
10-17 18:08:12.304  4144  4162 F zygote  : runtime.cc:492]   - waiting on <0x04c5dfa5> (a java.lang.Class<java.lang.ref.ReferenceQueue>)
10-17 18:08:12.304  4144  4162 F zygote  : runtime.cc:492]   at java.lang.Daemons$ReferenceQueueDaemon.runInternal(Daemons.java:178)
10-17 18:08:12.304  4144  4162 F zygote  : runtime.cc:492]   - locked <0x04c5dfa5> (a java.lang.Class<java.lang.ref.ReferenceQueue>)
10-17 18:08:12.304  4144  4162 F zygote  : runtime.cc:492]   at java.lang.Daemons$Daemon.run(Daemons.java:103)
10-17 18:08:12.304  4144  4162 F zygote  : runtime.cc:492]   at java.lang.Thread.run(Thread.java:764)
10-17 18:08:12.304  4144  4162 F zygote  : runtime.cc:492] 
10-17 18:08:12.304  4144  4162 F zygote  : runtime.cc:492] "FinalizerDaemon" prio=5 tid=6 Waiting
10-17 18:08:12.304  4144  4162 F zygote  : runtime.cc:492]   | group="" sCount=1 dsCount=0 flags=1 obj=0x14840560 self=0xaa63e400
10-17 18:08:12.304  4144  4162 F zygote  : runtime.cc:492]   | sysTid=4153 nice=4 cgrp=default sched=0/0 handle=0x918fd970
10-17 18:08:12.304  4144  4162 F zygote  : runtime.cc:492]   | state=S schedstat=( 1037597 152587 13 ) utm=0 stm=0 core=0 HZ=100
10-17 18:08:12.304  4144  4162 F zygote  : runtime.cc:492]   | stack=0x917fb000-0x917fd000 stackSize=1038KB
10-17 18:08:12.304  4144  4162 F zygote  : runtime.cc:492]   | held mutexes=
10-17 18:08:12.304  4144  4162 F zygote  : runtime.cc:492]   native: #00 pc 00018d9c  /system/lib/libc.so (syscall+28)
10-17 18:08:12.304  4144  4162 F zygote  : runtime.cc:492]   native: #01 pc 000b3729  /system/lib/libart.so (_ZN3art17ConditionVariable16WaitHoldingLocksEPNS_6ThreadE+88)
10-17 18:08:12.304  4144  4162 F zygote  : runtime.cc:492]   native: #02 pc 002c07e7  /system/lib/libart.so (_ZN3art7Monitor4WaitEPNS_6ThreadExibNS_11ThreadStateE+526)
10-17 18:08:12.304  4144  4162 F zygote  : runtime.cc:492]   native: #03 pc 002c1da3  /system/lib/libart.so (_ZN3art7Monitor4WaitEPNS_6ThreadEPNS_6mirror6ObjectExibNS_11ThreadStateE+130)
10-17 18:08:12.304  4144  4162 F zygote  : runtime.cc:492]   native: #04 pc 002d2773  /system/lib/libart.so (_ZN3artL13Object_waitJIEP7_JNIEnvP8_jobjectxi+36)
10-17 18:08:12.304  4144  4162 F zygote  : runtime.cc:492]   native: #05 pc 00000885  /data/dalvik-cache/arm/system@framework@boot.oat (Java_java_lang_Object_wait__JI+92)
10-17 18:08:12.304  4144  4162 F zygote  : runtime.cc:492]   at java.lang.Object.wait(Native method)
