10-17 18:07:47.919  4915  4915 W com.android.settings: type=1400 audit(0.0:247): avc: granted { getattr } for comm=4173796E635461736B202333 path="/proc/pagetypeinfo" dev="proc" ino=4026533636 scontext=u:r:system_app:s0 tcontext=u:object_r:proc:s0 tclass=file
10-17 18:07:47.919  4889  4916 I vndksupport: sphal namespace is not configured for this process. Loading /vendor/lib/hw/gralloc.msm8960.so from the current namespace instead.
10-17 18:07:47.929  4915  4915 W com.android.settings: type=1400 audit(0.0:248): avc: granted { getattr } for comm=4173796E635461736B202333 path="/proc/pagetypeinfo" dev="proc" ino=4026533636 scontext=u:r:system_app:s0 tcontext=u:object_r:proc:s0 tclass=file
10-17 18:07:47.941  4889  4889 W InstalledAppDetails: App is not explicitly stopped
10-17 18:07:47.958  4889  4889 D AppUtils: Have 0 number of activities in preferred list
10-17 18:07:47.971  4889  4915 W ProcStatsManager: No process com.android.messaging/10061 for service com.android.messaging.datamodel.action.BackgroundWorkerService
10-17 18:07:47.971  4889  4915 W ProcStatsManager: No process com.android.messaging/10061 for service com.android.messaging.datamodel.action.ActionServiceImpl
10-17 18:07:47.971  4889  4915 W ProcStatsManager: No process com.android.defcontainer/10005 for service com.android.defcontainer.DefaultContainerService
10-17 18:07:47.971  4889  4915 W ProcStatsManager: No process com.android.carrierconfig/10002 for service com.android.carrierconfig.DefaultCarrierConfigService
10-17 18:07:47.971  4889  4915 W ProcStatsManager: No process com.android.printspooler/10056 for service com.android.printspooler.model.PrintSpoolerService
10-17 18:07:47.971  4889  4915 W ProcStatsManager: No process com.android.cellbroadcastreceiver/10004 for service com.android.cellbroadcastreceiver.CellBroadcastConfigService
10-17 18:07:47.972  4889  4915 W ProcStatsManager: No process com.android.keychain/1000 for service com.android.keychain.KeyChainService
10-17 18:07:47.972  4889  4915 W ProcStatsManager: No process com.android.dialer/10014 for service com.android.voicemail.impl.OmtpService
10-17 18:07:47.972  4889  4915 W ProcStatsManager: No process com.android.dialer/10014 for service com.android.voicemail.impl.StatusCheckJobService
10-17 18:07:47.972  4889  4915 W ProcStatsManager: No process com.android.gallery3d/10013 for service com.android.gallery3d.app.PackagesMonitor$AsyncService
10-17 18:07:47.972  4889  4915 W ProcStatsManager: No process android.ext.services/10009 for service android.ext.services.storage.CacheQuotaServiceImpl
10-17 18:07:47.972  4889  4915 W ProcStatsManager: No process com.android.packageinstaller/10021 for service com.android.packageinstaller.permission.service.RuntimePermissionPresenterServiceImpl
10-17 18:07:47.972  4889  4915 W ProcStatsManager: No process com.android.email/10045 for service com.android.email.service.EmailBroadcastProcessorService
10-17 18:07:47.993  4144  4161 W com.android.nfc: Waited one second for android.hardware.nfc@1.0::INfc/default. Waiting another...
10-17 18:07:47.993  4889  4915 W TileUtils: Found com.android.settings.backup.BackupSettingsActivity for intent Intent { act=com.android.settings.action.SETTINGS pkg=com.android.settings } missing metadata com.android.settings.category
10-17 18:07:48.291  4889  4889 D InstalledAppDetails: Package change irrelevant, skipping
10-17 18:07:48.993  4144  4161 W com.android.nfc: Waited one second for android.hardware.nfc@1.0::INfc/default. Waiting another...
10-17 18:07:49.993  4144  4161 W com.android.nfc: Waited one second for android.hardware.nfc@1.0::INfc/default. Waiting another...
10-17 18:07:50.080  5017  5017 E android.hardware.nfc@1.0-service: Could not get passthrough implementation for android.hardware.nfc@1.0::INfc/default.
10-17 18:07:50.994  4144  4161 W com.android.nfc: Waited one second for android.hardware.nfc@1.0::INfc/default. Waiting another...
10-17 18:07:51.994  4144  4161 I chatty  : uid=1027(nfc) com.android.nfc identical 1 line
10-17 18:07:52.995  4144  4161 W com.android.nfc: Waited one second for android.hardware.nfc@1.0::INfc/default. Waiting another...
10-17 18:07:53.573   607  2213 I ActivityManager: START u0 {act=android.intent.action.MAIN cmp=com.android.settings/.SubSettings (has extras)} from uid 1000
10-17 18:07:53.678  4889  4889 D SubSettings: Launching fragment com.android.settings.datausage.AppDataUsage
10-17 18:07:53.761  4889  4910 W TileUtils: Found com.android.settings.backup.BackupSettingsActivity for intent Intent { act=com.android.settings.action.SETTINGS pkg=com.android.settings } missing metadata com.android.settings.category
10-17 18:07:53.790   197   197 D SurfaceFlinger: duplicate layer name: changing com.android.settings/com.android.settings.SubSettings to com.android.settings/com.android.settings.SubSettings#1
10-17 18:07:53.799  4889  4916 W Adreno-EGL: <qeglDrvAPI_eglGetConfigAttrib:607>: EGL_BAD_ATTRIBUTE
10-17 18:07:53.816  4889  4910 D DatabaseIndexingManager: Indexing locale 'en_US' took 49 millis
10-17 18:07:53.825  4889  4916 I vndksupport: sphal namespace is not configured for this process. Loading /vendor/lib/hw/gralloc.msm8960.so from the current namespace instead.
10-17 18:07:53.837  4889  4889 I zygote  : Deoptimizing void android.support.v7.preference.Preference.onBindViewHolder(android.support.v7.preference.PreferenceViewHolder) due to JIT inline cache
10-17 18:07:53.864  4889  4910 D DatabaseIndexingManager: Indexing locale 'en_US' took 14 millis
10-17 18:07:53.939  4889  4910 W TileUtils: Found com.android.settings.backup.BackupSettingsActivity for intent Intent { act=com.android.settings.action.SETTINGS pkg=com.android.settings } missing metadata com.android.settings.category
10-17 18:07:53.994  4889  4894 I zygote  : Do partial code cache collection, code=114KB, data=93KB
10-17 18:07:53.995  4144  4161 W com.android.nfc: Waited one second for android.hardware.nfc@1.0::INfc/default. Waiting another...
10-17 18:07:53.995  4889  4894 I zygote  : After code cache collection, code=103KB, data=88KB
10-17 18:07:53.995  4889  4894 I zygote  : Increasing code cache capacity to 512KB
10-17 18:07:54.015   607   682 I ActivityManager: Displayed com.android.settings/.SubSettings: +416ms
10-17 18:07:54.070  4889  4916 D OpenGLRenderer: endAllActiveAnimators on 0x8890db80 (RippleDrawable) with handle 0x892dac70
10-17 18:07:54.947   607   675 D AutofillManagerService: onBackKeyPressed()
10-17 18:07:54.951   206   277 D ThermalDaemon: Sensor 'tsens_tz_sensor4' - alarm cleared 1 at 57.0 degC
10-17 18:07:54.955   206   283 D ThermalDaemon: Sensor 'tsens_tz_sensor10' - alarm cleared 1 at 57.0 degC
10-17 18:07:54.956   206   278 D ThermalDaemon: Sensor 'tsens_tz_sensor5' - alarm cleared 1 at 57.0 degC
10-17 18:07:54.958   212  2788 I chatty  : uid=1041(audioserver) writer expire 5292 lines
10-17 18:07:54.993  4889  4915 W TileUtils: Found com.android.settings.backup.BackupSettingsActivity for intent Intent { act=com.android.settings.action.SETTINGS pkg=com.android.settings } missing metadata com.android.settings.category
10-17 18:07:54.995  4144  4161 W com.android.nfc: Waited one second for android.hardware.nfc@1.0::INfc/default. Waiting another...
10-17 18:07:55.019  4889  4889 W InstalledAppDetails: App is not explicitly stopped
10-17 18:07:55.027  4889  4889 D AppUtils: Have 0 number of activities in preferred list
10-17 18:07:55.028  4889  4915 D DatabaseIndexingManager: Indexing locale 'en_US' took 32 millis
10-17 18:07:55.064   607  1591 E HalDeviceManager: Should have at least 1 chip!
10-17 18:07:55.064   607  1591 E HalDeviceManager: getSupportedIfaceTypesInternal: no chip info found
10-17 18:07:55.065   607   671 E BatteryStatsService: no controller energy info supplied
10-17 18:07:55.065   607   671 E BatteryStatsService: no controller energy info supplied
10-17 18:07:55.082  4889  4916 W Adreno-EGL: <qeglDrvAPI_eglGetConfigAttrib:607>: EGL_BAD_ATTRIBUTE
10-17 18:07:55.085   607   671 E BatteryStatsService: modem info is invalid: ModemActivityInfo{ mTimestamp=0 mSleepTimeMs=0 mIdleTimeMs=0 mTxTimeMs[]=[0, 0, 0, 0, 0] mRxTimeMs=0 mEnergyUsed=0}
10-17 18:07:55.108  4889  4916 I vndksupport: sphal namespace is not configured for this process. Loading /vendor/lib/hw/gralloc.msm8960.so from the current namespace instead.
10-17 18:07:55.138  4889  4889 W InstalledAppDetails: App is not explicitly stopped
10-17 18:07:55.144  4889  4889 D AppUtils: Have 0 number of activities in preferred list
10-17 18:07:55.149  5053  5053 E android.hardware.nfc@1.0-service: Could not get passthrough implementation for android.hardware.nfc@1.0::INfc/default.
10-17 18:07:55.171  4889  4915 D DatabaseIndexingManager: Indexing locale 'en_US' took 78 millis
10-17 18:07:55.277  4915  4915 W com.android.settings: type=1400 audit(0.0:249): avc: granted { read } for comm=4173796E635461736B202333 name="pagetypeinfo" dev="proc" ino=4026533636 scontext=u:r:system_app:s0 tcontext=u:object_r:proc:s0 tclass=file
10-17 18:07:55.277  4915  4915 W com.android.settings: type=1400 audit(0.0:250): avc: granted { read open } for comm=4173796E635461736B202333 name="pagetypeinfo" dev="proc" ino=4026533636 scontext=u:r:system_app:s0 tcontext=u:object_r:proc:s0 tclass=file
10-17 18:07:55.277  4915  4915 W com.android.settings: type=1400 audit(0.0:251): avc: granted { getattr } for comm=4173796E635461736B202333 path="/proc/pagetypeinfo" dev="proc" ino=4026533636 scontext=u:r:system_app:s0 tcontext=u:object_r:proc:s0 tclass=file
10-17 18:07:55.287  4915  4915 W com.android.settings: type=1400 audit(0.0:252): avc: granted { getattr } for comm=4173796E635461736B202333 path="/proc/pagetypeinfo" dev="proc" ino=4026533636 scontext=u:r:system_app:s0 tcontext=u:object_r:proc:s0 tclass=file
10-17 18:07:55.310  4889  4915 W ProcStatsManager: No process com.android.messaging/10061 for service com.android.messaging.datamodel.action.BackgroundWorkerService
10-17 18:07:55.310  4889  4915 W ProcStatsManager: No process com.android.messaging/10061 for service com.android.messaging.datamodel.action.ActionServiceImpl
10-17 18:07:55.310  4889  4915 W ProcStatsManager: No process com.android.defcontainer/10005 for service com.android.defcontainer.DefaultContainerService
10-17 18:07:55.310  4889  4915 W ProcStatsManager: No process com.android.carrierconfig/10002 for service com.android.carrierconfig.DefaultCarrierConfigService
10-17 18:07:55.311  4889  4915 W ProcStatsManager: No process com.android.printspooler/10056 for service com.android.printspooler.model.PrintSpoolerService
10-17 18:07:55.311  4889  4915 W ProcStatsManager: No process com.android.cellbroadcastreceiver/10004 for service com.android.cellbroadcastreceiver.CellBroadcastConfigService
10-17 18:07:55.311  4889  4915 W ProcStatsManager: No process com.android.keychain/1000 for service com.android.keychain.KeyChainService
10-17 18:07:55.311  4889  4915 W ProcStatsManager: No process com.android.dialer/10014 for service com.android.voicemail.impl.OmtpService
10-17 18:07:55.311  4889  4915 W ProcStatsManager: No process com.android.dialer/10014 for service com.android.voicemail.impl.StatusCheckJobService
10-17 18:07:55.311  4889  4915 W ProcStatsManager: No process com.android.gallery3d/10013 for service com.android.gallery3d.app.PackagesMonitor$AsyncService
10-17 18:07:55.311  4889  4915 W ProcStatsManager: No process android.ext.services/10009 for service android.ext.services.storage.CacheQuotaServiceImpl
10-17 18:07:55.311  4889  4915 W ProcStatsManager: No process com.android.email/10045 for service com.android.email.service.EmailBroadcastProcessorService
10-17 18:07:55.338  4889  4915 W TileUtils: Found com.android.settings.backup.BackupSettingsActivity for intent Intent { act=com.android.settings.action.SETTINGS pkg=com.android.settings } missing metadata com.android.settings.category
10-17 18:07:55.409  4889  4889 D InstalledAppDetails: Package change irrelevant, skipping
10-17 18:07:55.480  4889  4889 D InstalledAppDetails: Package change irrelevant, skipping
10-17 18:07:55.536  4889  4889 D InstalledAppDetails: Package change irrelevant, skipping
10-17 18:07:55.996  4144  4161 W com.android.nfc: Waited one second for android.hardware.nfc@1.0::INfc/default. Waiting another...
10-17 18:07:56.996  4144  4161 W com.android.nfc: Waited one second for android.hardware.nfc@1.0::INfc/default. Waiting another...
10-17 18:07:57.996  4144  4161 W com.android.nfc: Waited one second for android.hardware.nfc@1.0::INfc/default. Waiting another...
10-17 18:07:58.115   607   670 I ActivityManager: START u0 {act=android.intent.action.MAIN cmp=com.android.settings/.SubSettings (has extras)} from uid 1000
10-17 18:07:58.212  4889  4889 D SubSettings: Launching fragment com.android.settings.applications.AppStorageSettings
10-17 18:07:58.310  4889  4913 W TileUtils: Found com.android.settings.backup.BackupSettingsActivity for intent Intent { act=com.android.settings.action.SETTINGS pkg=com.android.settings } missing metadata com.android.settings.category
10-17 18:07:58.327  4889  4913 D DatabaseIndexingManager: Indexing locale 'en_US' took 13 millis
10-17 18:07:58.396   197   197 D SurfaceFlinger: duplicate layer name: changing com.android.settings/com.android.settings.SubSettings to com.android.settings/com.android.settings.SubSettings#1
10-17 18:07:58.407  4889  4916 W Adreno-EGL: <qeglDrvAPI_eglGetConfigAttrib:607>: EGL_BAD_ATTRIBUTE
10-17 18:07:58.436  4889  4913 D DatabaseIndexingManager: Indexing locale 'en_US' took 23 millis
10-17 18:07:58.448  4889  4916 I vndksupport: sphal namespace is not configured for this process. Loading /vendor/lib/hw/gralloc.msm8960.so from the current namespace instead.
10-17 18:07:58.538  4889  4913 W TileUtils: Found com.android.settings.backup.BackupSettingsActivity for intent Intent { act=com.android.settings.action.SETTINGS pkg=com.android.settings } missing metadata com.android.settings.category
10-17 18:07:58.540   607   682 I ActivityManager: Displayed com.android.settings/.SubSettings: +399ms
10-17 18:07:58.573  4889  4916 D OpenGLRenderer: endAllActiveAnimators on 0x8890df00 (RippleDrawable) with handle 0x884b6a80
10-17 18:07:58.996  4144  4161 W com.android.nfc: Waited one second for android.hardware.nfc@1.0::INfc/default. Waiting another...
10-17 18:07:59.954   206   274 D ThermalDaemon: Sensor 'tsens_tz_sensor1' - alarm cleared 1 at 57.0 degC
10-17 18:07:59.996  4144  4161 W com.android.nfc: Waited one second for android.hardware.nfc@1.0::INfc/default. Waiting another...
10-17 18:08:00.093  5103  5103 E android.hardware.nfc@1.0-service: Could not get passthrough implementation for android.hardware.nfc@1.0::INfc/default.
10-17 18:08:00.328  4889  4916 W Adreno-EGL: <qeglDrvAPI_eglGetConfigAttrib:607>: EGL_BAD_ATTRIBUTE
10-17 18:08:00.357  4889  4916 I vndksupport: sphal namespace is not configured for this process. Loading /vendor/lib/hw/gralloc.msm8960.so from the current namespace instead.
10-17 18:08:00.997  4144  4161 W com.android.nfc: Waited one second for android.hardware.nfc@1.0::INfc/default. Waiting another...
10-17 18:08:01.286  4889  4889 I AppStorageSettings: Clearing user data for package : asd.vector.sensor
10-17 18:08:01.289   607  2213 I ActivityManager: Force stopping asd.vector.sensor appid=10062 user=0: clear data
10-17 18:08:01.291   607   674 I ActivityManager: Force stopping asd.vector.sensor appid=10062 user=-1: clearApplicationUserData
10-17 18:08:01.296   607  2213 D ZenLog  : config: removeAutomaticZenRules,ZenModeConfig[user=0,allowCalls=true,allowRepeatCallers=false,allowMessages=false,allowCallsFrom=contacts,allowMessagesFrom=contacts,allowReminders=true,allowEvents=true,allowWhenScreenOff=true,allowWhenScreenOn=true,automaticRules={cdf6565250a941f5a8e154a774894f33=ZenRule[enabled=false,snoozing=false,name=Weeknight,zenMode=ZEN_MODE_ALARMS,conditionId=condition://android/schedule?days=1.2.3.4.5&start=22.0&end=7.0&exitAtAlarm=false,condition=Condition[id=condition://android/schedule?days=1.2.3.4.5&start=22.0&end=7.0&exitAtAlarm=false,summary=...,line1=...,line2=...,icon=0,state=STATE_FALSE,flags=2],component=ComponentInfo{android/com.android.server.notification.ScheduleConditionProvider},id=cdf6565250a941f5a8e154a774894f33,creationTime=1508243432016,enabler=null], 2770538a96e94cc88b12d2d61d71f30d=ZenRule[enabled=false,snoozing=false,name=Event,zenMode=ZEN_MODE_ALARMS,conditionId=condition://android/event?userId=-10000&calendar=&reply=1,condition=Condition[id=condition://android/event?userId=-10000&calendar=&reply=1,summary=...,line1=...,line2=...,icon=0,state=STATE_FALSE,flags=2],component=ComponentInfo{android/com.android.server.notification.EventConditionProvider},id=2770538a96e94cc88b12d2d61d71f30d,creationTime=1508243432017,enabler=null], 7d7fbdeba9bf45b49a2f9a71bd9e46b3=ZenRule[enabled=false,snoozing=false,name=Weekend,zenMode=ZEN_MODE_ALARMS,conditionId=condition://android/schedule?days=6.7&start=23.30&end=10.0&exitAtAlarm=false,condition=Condition[id=condition://android/schedule?days=6.7&start=23.30&end=10.0&exitAtAlarm=false,summary=...,line1=...,line2=...,icon=0,state=STATE_FALSE,flags=2],component=ComponentInfo{android/com.android.server.notification.ScheduleConditionProvider},id=7d7fbdeba9bf45b49a2f9a71bd9e46b3,creationTime=1508243432016,enabler=null]},manualRule=null],Diff[]
10-17 18:08:01.297   607   607 D ZenLog  : set_zen_mode: off,removeAutomaticZenRules
10-17 18:08:01.357   215   215 I keystore: clear_uid 10062
10-17 18:08:01.438  4889  4889 I AppStorageSettings: Cleared user data for package : asd.vector.sensor
10-17 18:08:01.441  1790  1790 D CarrierSvcBindHelper: No carrier app for: 0
10-17 18:08:01.441  1616  1616 D Avrcp   : AvrcpServiceBroadcastReceiver-> Action: android.intent.action.PACKAGE_DATA_CLEARED
10-17 18:08:01.441  1616  1616 D Avrcp   : packageName: asd.vector.sensor removed: true
10-17 18:08:01.441  1616  1616 V Avrcp   : isBrowseSupported for asd.vector.sensor: false
10-17 18:08:01.457   607   674 I ActivityManager: Start proc 5110:com.android.documentsui/u0a10 for broadcast com.android.documentsui/.PackageReceiver
10-17 18:08:01.467  4144  4144 D RegisteredNfcFServicesCache: Service unchanged, not updating
10-17 18:08:01.634   607  1862 I ActivityManager: Start proc 5130:com.android.externalstorage/u0a12 for content provider com.android.externalstorage/.ExternalStorageProvider
10-17 18:08:01.715  5130  5130 D ExternalStorage: After updating volumes, found 2 active roots
10-17 18:08:01.752   607  1666 I ActivityManager: Start proc 5149:com.android.mtp/u0a8 for content provider com.android.mtp/.MtpDocumentsProvider
10-17 18:08:01.782   607   671 I ActivityManager: Killing 2653:com.android.contacts/u0a7 (adj 906): empty #17
10-17 18:08:01.997  4144  4161 W com.android.nfc: Waited one second for android.hardware.nfc@1.0::INfc/default. Waiting another...
10-17 18:08:02.510   607   757 I ActivityManager: START u0 {act=android.intent.action.MAIN cat=[android.intent.category.HOME] flg=0x10200000 cmp=com.android.launcher/com.android.launcher2.Launcher (has extras)} from uid 1000
10-17 18:08:02.594  2264  2417 W Adreno-EGL: <qeglDrvAPI_eglGetConfigAttrib:607>: EGL_BAD_ATTRIBUTE
10-17 18:08:02.612  2264  2417 I vndksupport: sphal namespace is not configured for this process. Loading /vendor/lib/hw/gralloc.msm8960.so from the current namespace instead.
10-17 18:08:02.997  4144  4161 W com.android.nfc: Waited one second for android.hardware.nfc@1.0::INfc/default. Waiting another...
10-17 18:08:03.178   607  2953 I OpenGLRenderer: Initialized EGL, version 1.4
10-17 18:08:03.179   607  2953 D OpenGLRenderer: Swap behavior 1
10-17 18:08:03.823  2264  2270 I zygote  : Do full code cache collection, code=122KB, data=98KB
10-17 18:08:03.824  2264  2270 I zygote  : After code cache collection, code=119KB, data=85KB
10-17 18:08:04.001  4144  4161 W com.android.nfc: Waited one second for android.hardware.nfc@1.0::INfc/default. Waiting another...
10-17 18:08:04.602   607  1666 I ActivityManager: START u0 {act=android.intent.action.MAIN cat=[android.intent.category.LAUNCHER] flg=0x10200000 cmp=asd.vector.sensor/.MainActivity (has extras)} from uid 10015
10-17 18:08:04.676   607  1826 I ActivityManager: Start proc 5185:asd.vector.sensor/u0a62 for activity asd.vector.sensor/.MainActivity
10-17 18:08:04.838  5185  5203 I GMPM    : App measurement is starting up
10-17 18:08:04.859   607  1740 W ActivityManager: Unable to start service Intent { act=com.google.android.gms.measurement.START cmp=com.google.android.gms/.measurement.service.MeasurementBrokerService } U=0: not found
10-17 18:08:04.954   206   274 D ThermalDaemon: Sensor 'tsens_tz_sensor1' - alarm raised 1 at 61.0 degC
10-17 18:08:04.955   206   283 D ThermalDaemon: Sensor 'tsens_tz_sensor10' - alarm raised 1 at 65.0 degC
10-17 18:08:04.956   206   278 D ThermalDaemon: Sensor 'tsens_tz_sensor5' - alarm raised 1 at 61.0 degC
10-17 18:08:05.001  4144  4161 W com.android.nfc: Waited one second for android.hardware.nfc@1.0::INfc/default. Waiting another...
10-17 18:08:05.003   212  2788 I chatty  : uid=1041(audioserver) writer expire 3362 lines
10-17 18:08:05.022  5185  5185 D MainActivity: Problem setting up In-app Billing: IabResult: Billing service unavailable on device. (response: 3:Billing Unavailable)
10-17 18:08:05.030  5185  5185 I GAv4    : Google Analytics 8.2.98 is starting up. To enable debug logging on a device run:
10-17 18:08:05.030  5185  5185 I GAv4    :   adb shell setprop log.tag.GAv4 DEBUG
10-17 18:08:05.030  5185  5185 I GAv4    :   adb logcat -s GAv4
10-17 18:08:05.054  5185  5185 W GAv4    : AnalyticsReceiver is not registered or is disabled. Register the receiver for reliable dispatching on non-Google Play devices. See http://goo.gl/8Rd3yj for instructions.
10-17 18:08:05.070  5185  5185 W GAv4    : CampaignTrackingReceiver is not registered, not exported or is disabled. Installation campaign tracking is not possible. See http://goo.gl/8Rd3yj for instructions.
10-17 18:08:05.093  5185  5208 W GAv4    : AnalyticsService not registered in the app manifest. Hits might not be delivered reliably. See http://goo.gl/8Rd3yj for instructions.
10-17 18:08:05.102  5207  5207 E android.hardware.nfc@1.0-service: Could not get passthrough implementation for android.hardware.nfc@1.0::INfc/default.
10-17 18:08:05.108  5185  5185 E SensorManager: sensor or listener is null
10-17 18:08:05.118   544   548 D RotationVector: orientation_sam_mem_req: numAccelSamples=25, memorySize=568
10-17 18:08:05.118   544   548 D RotationVector: orientation_sam_state_reset
10-17 18:08:05.118   544   548 W Sensors : sns_smr_la.c(747):SMD write error, errno=16, fd=10
10-17 18:08:05.119   544   548 W Sensors : sns_smr_la.c(747):SMD write error, errno=16, fd=10
10-17 18:08:05.122  5185  5209 D OpenGLRenderer: HWUI GL Pipeline
10-17 18:08:05.191  5185  5209 I Adreno-EGL: <qeglDrvAPI_eglInitialize:379>: QUALCOMM Build: 09/02/15, 76f806e, Ibddc658e36
10-17 18:08:05.206  5185  5209 I OpenGLRenderer: Initialized EGL, version 1.4
10-17 18:08:05.206  5185  5209 D OpenGLRenderer: Swap behavior 1
10-17 18:08:05.216   607  2319 I ActivityManager: Killing 2107:com.android.deskclock/u0a44 (adj 906): empty #17
10-17 18:08:05.240  5185  5185 W View    : requestLayout() improperly called by android.widget.ListView{31555e8 IFED.VC.. ......ID -640,0-0,1024 #7f0e0061 app:id/left_drawer} during layout: running second layout pass
10-17 18:08:05.241  5185  5209 W Adreno-EGL: <qeglDrvAPI_eglGetConfigAttrib:607>: EGL_BAD_ATTRIBUTE
10-17 18:08:05.249  5185  5209 I vndksupport: sphal namespace is not configured for this process. Loading /vendor/lib/hw/gralloc.msm8960.so from the current namespace instead.
10-17 18:08:05.267   607  1826 W ActivityManager: Unable to start service Intent { act=com.google.android.gms.analytics.service.START cmp=com.google.android.gms/.analytics.service.AnalyticsService (has extras) } U=0: not found
10-17 18:08:05.486   163   163 W /system/bin/hwservicemanager: getTransportFromManifest: Cannot find entry android.hardware.graphics.mapper@2.0::IMapper in either framework or device manifest, using default transport.
10-17 18:08:05.490  5185  5209 I vndksupport: sphal namespace is not configured for this process. Loading /vendor/lib/hw/gralloc.msm8960.so from the current namespace instead.
10-17 18:08:05.509   607   682 I ActivityManager: Displayed asd.vector.sensor/.MainActivity: +872ms
10-17 18:08:06.002  4144  4161 W com.android.nfc: Waited one second for android.hardware.nfc@1.0::INfc/default. Waiting another...
10-17 18:08:07.004  4144  4161 W com.android.nfc: Waited one second for android.hardware.nfc@1.0::INfc/default. Waiting another...
10-17 18:08:08.004  4144  4161 W com.android.nfc: Waited one second for android.hardware.nfc@1.0::INfc/default. Waiting another...
10-17 18:08:09.004  4144  4161 W com.android.nfc: Waited one second for android.hardware.nfc@1.0::INfc/default. Waiting another...
10-17 18:08:09.838   607   675 I ActivityManager: Start proc 5256:com.android.systemui:screenshot/u0a28 for service com.android.systemui/.screenshot.TakeScreenshotService
10-17 18:08:09.964   197   307 D PermissionCache: checking android.permission.READ_FRAME_BUFFER for uid=10028 => granted (274 us)
10-17 18:08:09.973   163   163 W /system/bin/hwservicemanager: getTransportFromManifest: Cannot find entry android.hardware.graphics.mapper@2.0::IMapper in either framework or device manifest, using default transport.
10-17 18:08:09.985  5256  5256 I vndksupport: sphal namespace is not configured for this process. Loading /vendor/lib/hw/gralloc.msm8960.so from the current namespace instead.
10-17 18:08:09.993   222   296 I OMXMaster: makeComponentInstance(OMX.google.mp3.decoder) in android.hardwar process
10-17 18:08:09.996  5256  5256 I vndksupport: sphal namespace is not configured for this process. Loading /vendor/lib/hw/gralloc.msm8960.so from the current namespace instead.
10-17 18:08:10.003  5256  5256 E qdutils : FBIOGET_FSCREENINFO failed
10-17 18:08:10.005  4144  4161 W com.android.nfc: Waited one second for android.hardware.nfc@1.0::INfc/default. Waiting another...
10-17 18:08:10.013   222  1926 I OMXMaster: makeComponentInstance(OMX.google.amrnb.decoder) in android.hardwar process
10-17 18:08:10.020   222   222 I OMXMaster: makeComponentInstance(OMX.google.amrwb.decoder) in android.hardwar process
10-17 18:08:10.026   222  1703 I OMXMaster: makeComponentInstance(OMX.google.aac.decoder) in android.hardwar process
10-17 18:08:10.031  5256  5284 D OpenGLRenderer: HWUI GL Pipeline
10-17 18:08:10.047   222  1926 I OMXMaster: makeComponentInstance(OMX.google.g711.alaw.decoder) in android.hardwar process
10-17 18:08:10.056   222   222 I OMXMaster: makeComponentInstance(OMX.google.g711.mlaw.decoder) in android.hardwar process
10-17 18:08:10.062   222  1703 I OMXMaster: makeComponentInstance(OMX.google.vorbis.decoder) in android.hardwar process
10-17 18:08:10.076  5256  5284 I Adreno-EGL: <qeglDrvAPI_eglInitialize:379>: QUALCOMM Build: 09/02/15, 76f806e, Ibddc658e36
10-17 18:08:10.087   222  1920 I OMXMaster: makeComponentInstance(OMX.google.opus.decoder) in android.hardwar process
10-17 18:08:10.087  5256  5284 I OpenGLRenderer: Initialized EGL, version 1.4
10-17 18:08:10.087  5256  5284 D OpenGLRenderer: Swap behavior 1
10-17 18:08:10.100  5287  5287 E android.hardware.nfc@1.0-service: Could not get passthrough implementation for android.hardware.nfc@1.0::INfc/default.
10-17 18:08:10.104   222   296 I OMXMaster: makeComponentInstance(OMX.google.raw.decoder) in android.hardwar process
10-17 18:08:10.110  5256  5284 W Adreno-EGL: <qeglDrvAPI_eglGetConfigAttrib:607>: EGL_BAD_ATTRIBUTE
10-17 18:08:10.111   222  1926 I OMXMaster: makeComponentInstance(OMX.google.aac.encoder) in android.hardwar process
10-17 18:08:10.112  5256  5284 I vndksupport: sphal namespace is not configured for this process. Loading /vendor/lib/hw/gralloc.msm8960.so from the current namespace instead.
10-17 18:08:10.125   222  1703 I OMXMaster: makeComponentInstance(OMX.google.amrnb.encoder) in android.hardwar process
10-17 18:08:10.136   222  1920 I OMXMaster: makeComponentInstance(OMX.google.amrwb.encoder) in android.hardwar process
10-17 18:08:10.145   222  1926 I OMXMaster: makeComponentInstance(OMX.google.flac.encoder) in android.hardwar process
10-17 18:08:10.151   222   296 I OMXMaster: makeComponentInstance(OMX.google.gsm.decoder) in android.hardwar process
10-17 18:08:10.159   222   222 I OMXMaster: makeComponentInstance(OMX.qcom.video.encoder.mpeg4) in android.hardwar process
10-17 18:08:10.160   222   222 E OMX-VENC-720p: 
10-17 18:08:10.160   222   222 E OMX-VENC-720p:  Is component secure 0
10-17 18:08:10.181   222  1926 E OMX-VENC-720p: get_parameter: OMX_IndexParamVideoProfileLevelQuerySupported for Input port returned Profile:1, Level:128
10-17 18:08:10.181   222   296 E OMX-VENC-720p: get_parameter: OMX_IndexParamVideoProfileLevelQuerySupported for Input port returned Profile:32768, Level:128
10-17 18:08:10.181   222   222 E OMX-VENC-720p: get_parameter: OMX_IndexParamVideoProfileLevelQuerySupported nProfileIndex ret NoMore 2
10-17 18:08:10.181   222   222 E OMX-VENC-720p: get_parameter: OMX_IndexParamVideoProfileLevelQuerySupported for Input port returned Profile:32768, Level:128
10-17 18:08:10.181   222   222 E OMX-VENC-720p: Invalid entry returned from get_supported_profile_level 32768, 128
10-17 18:08:10.182  4613  4613 W OMXUtils: do not know color format 0x7f000789 = 2130708361
10-17 18:08:10.211   222  5311 E OMX-VENC-720p: 
10-17 18:08:10.211   222  5311 E OMX-VENC-720p: ioctl VEN_IOCTL_CMD_READ_NEXT_MSG failed
10-17 18:08:10.211   222   296 E OMX-VENC-720p: 
10-17 18:08:10.211   222   296 E OMX-VENC-720p:  Destroy C2D instance
10-17 18:08:10.215   222  1920 I OMXMaster: makeComponentInstance(OMX.qcom.video.encoder.h263) in android.hardwar process
10-17 18:08:10.216   222  1920 E OMX-VENC-720p: 
10-17 18:08:10.216   222  1920 E OMX-VENC-720p:  Is component secure 0
10-17 18:08:10.239   222   222 E OMX-VENC-720p: get_parameter: OMX_IndexParamVideoProfileLevelQuerySupported for Input port returned Profile:1, Level:128
10-17 18:08:10.239   222  1703 E OMX-VENC-720p: get_parameter: OMX_IndexParamVideoProfileLevelQuerySupported nProfileIndex ret NoMore 1
10-17 18:08:10.239   222  1703 E OMX-VENC-720p: get_parameter: OMX_IndexParamVideoProfileLevelQuerySupported for Input port returned Profile:1, Level:128
10-17 18:08:10.239   222  1703 E OMX-VENC-720p: Invalid entry returned from get_supported_profile_level 1, 128
10-17 18:08:10.240  4613  4613 W OMXUtils: do not know color format 0x7f000789 = 2130708361
10-17 18:08:10.262   222  5314 E OMX-VENC-720p: 
10-17 18:08:10.262   222  5314 E OMX-VENC-720p: ioctl VEN_IOCTL_CMD_READ_NEXT_MSG failed
10-17 18:08:10.262   222   222 E OMX-VENC-720p: 
10-17 18:08:10.262   222   222 E OMX-VENC-720p:  Destroy C2D instance
10-17 18:08:10.265   222  1926 I OMXMaster: makeComponentInstance(OMX.qcom.video.encoder.avc) in android.hardwar process
10-17 18:08:10.266   222  1926 E OMX-VENC-720p: 
10-17 18:08:10.266   222  1926 E OMX-VENC-720p:  Is component secure 0
10-17 18:08:10.289   222  1703 E OMX-VENC-720p: get_parameter: OMX_IndexParamVideoProfileLevelQuerySupported for Input port returned Profile:1, Level:2048
10-17 18:08:10.289   222  1920 E OMX-VENC-720p: get_parameter: OMX_IndexParamVideoProfileLevelQuerySupported for Input port returned Profile:2, Level:2048
10-17 18:08:10.289   222  1926 E OMX-VENC-720p: get_parameter: OMX_IndexParamVideoProfileLevelQuerySupported for Input port returned Profile:8, Level:2048
10-17 18:08:10.290   222   296 E OMX-VENC-720p: get_parameter: OMX_IndexParamVideoProfileLevelQuerySupported for Input port returned Profile:8, Level:2048
10-17 18:08:10.290   222   296 E OMX-VENC-720p: Invalid entry returned from get_supported_profile_level 8, 2048
10-17 18:08:10.291  4613  4613 W OMXUtils: do not know color format 0x7f000789 = 2130708361
10-17 18:08:10.312   222  5317 E OMX-VENC-720p: 
10-17 18:08:10.312   222  5317 E OMX-VENC-720p: ioctl VEN_IOCTL_CMD_READ_NEXT_MSG failed
10-17 18:08:10.312   222  1926 E OMX-VENC-720p: 
10-17 18:08:10.312   222  1926 E OMX-VENC-720p:  Destroy C2D instance
10-17 18:08:10.315   222  1703 I OMXMaster: makeComponentInstance(OMX.qcom.video.decoder.avc) in android.hardwar process
10-17 18:08:10.331  5185  5208 D NetworkSecurityConfig: No Network Security Config specified, using platform default
10-17 18:08:10.343   222   296 E OMX-VDEC-1080P: Extension: OMX.google.android.index.describeColorFormat not implemented
10-17 18:08:10.343   222   222 E OMX-VDEC-1080P: Extension: OMX.google.android.index.describeColorFormat2 not implemented
10-17 18:08:10.343  4613  4613 W OMXUtils: do not know color format 0x7fa30c03 = 2141391875
10-17 18:08:10.344   222  1920 E OMX-VDEC-1080P: Extension: OMX.google.android.index.describeColorFormat not implemented
10-17 18:08:10.344   222  1926 E OMX-VDEC-1080P: Extension: OMX.google.android.index.describeColorFormat2 not implemented
10-17 18:08:10.344   222   222 E OMX-VDEC-1080P: Extension: OMX.google.android.index.describeColorFormat not implemented
10-17 18:08:10.344   222  1703 E OMX-VDEC-1080P: Extension: OMX.google.android.index.describeColorFormat2 not implemented
10-17 18:08:10.345   222  1926 E OMX-VDEC-1080P: Extension: OMX.google.android.index.configureVideoTunnelMode not implemented
10-17 18:08:10.345   222  1926 E OMXNodeInstance: getExtensionIndex(0xb4253cc4:qcom.decoder.avc, OMX.google.android.index.configureVideoTunnelMode) ERROR: NotImplemented(0x80001006)
10-17 18:08:10.345   222   296 E OMX-VDEC-1080P: Extension: OMX.google.android.index.allocateNativeHandle not implemented
10-17 18:08:10.345   222   296 E OMX-VDEC-1080P: Extension: OMX.google.android.index.storeANWBufferInMetadata not implemented
10-17 18:08:10.345   222   296 E OMX-VDEC-1080P: Extension: OMX.google.android.index.storeMetaDataInBuffers not implemented
10-17 18:08:10.345   222   296 E OMXNodeInstance: getExtensionIndex(0xb4253cc4:qcom.decoder.avc, OMX.google.android.index.storeMetaDataInBuffers) ERROR: NotImplemented(0x80001006)
10-17 18:08:10.345   222   222 E OMX-VDEC-1080P: Enabling Adaptive playback for 1280 x 720
10-17 18:08:10.374   222  5323 E OMX-VDEC-1080P: 
10-17 18:08:10.374   222  5323 E OMX-VDEC-1080P:  Error in ioctl read next msg
10-17 18:08:10.375   222  1703 E         : 
10-17 18:08:10.375   222  1703 E         :  Destroy C2D instance
10-17 18:08:10.375   222  1703 E         : 
10-17 18:08:10.375   222  1703 E         :  Destroy C2D instance
10-17 18:08:10.377   222   296 I OMXMaster: makeComponentInstance(OMX.qcom.video.decoder.avc.secure) in android.hardwar process
10-17 18:08:10.379   197  2428 E qdqservice: display.qservice SECURING access denied:                       pid=222 uid=1046 process=media.codec
10-17 18:08:10.449   197   300 E qdqservice: display.qservice SECURING access denied:                       pid=222 uid=1046 process=media.codec
10-17 18:08:10.451   222  1920 E OMX-VDEC-1080P: Extension: OMX.google.android.index.describeColorFormat not implemented
10-17 18:08:10.451   222  1926 E OMX-VDEC-1080P: Extension: OMX.google.android.index.describeColorFormat2 not implemented
10-17 18:08:10.452  4613  4613 W OMXUtils: do not know color format 0x7fa30c03 = 2141391875
10-17 18:08:10.452   222   222 E OMX-VDEC-1080P: Extension: OMX.google.android.index.describeColorFormat not implemented
10-17 18:08:10.452   222  1703 E OMX-VDEC-1080P: Extension: OMX.google.android.index.describeColorFormat2 not implemented
10-17 18:08:10.452   222  1926 E OMX-VDEC-1080P: Extension: OMX.google.android.index.describeColorFormat not implemented
10-17 18:08:10.453   222   296 E OMX-VDEC-1080P: Extension: OMX.google.android.index.describeColorFormat2 not implemented
10-17 18:08:10.453   222  1703 E OMX-VDEC-1080P: Extension: OMX.google.android.index.configureVideoTunnelMode not implemented
10-17 18:08:10.453   222  1703 E OMXNodeInstance: getExtensionIndex(0xb4253244:qcom.decoder.avc.secure, OMX.google.android.index.configureVideoTunnelMode) ERROR: NotImplemented(0x80001006)
10-17 18:08:10.456   222  1920 E OMX-VDEC-1080P: Extension: OMX.google.android.index.allocateNativeHandle not implemented
10-17 18:08:10.457   222  1920 E OMX-VDEC-1080P: Extension: OMX.google.android.index.storeANWBufferInMetadata not implemented
10-17 18:08:10.457   222  1920 E OMX-VDEC-1080P: Extension: OMX.google.android.index.storeMetaDataInBuffers not implemented
10-17 18:08:10.457   222  1920 E OMXNodeInstance: getExtensionIndex(0xb4253244:qcom.decoder.avc.secure, OMX.google.android.index.storeMetaDataInBuffers) ERROR: NotImplemented(0x80001006)
10-17 18:08:10.457   222  1926 E OMX-VDEC-1080P: Enabling Adaptive playback for 1280 x 720
10-17 18:08:10.458   197  4174 E qdqservice: display.qservice UNSECURING access denied:                       pid=222 uid=1046 process=media.codec
10-17 18:08:10.459   197   598 E qdqservice: display.qservice UNSECURING access denied:                       pid=222 uid=1046 process=media.codec
10-17 18:08:10.506   222  5329 E OMX-VDEC-1080P: 
10-17 18:08:10.506   222  5329 E OMX-VDEC-1080P:  Error in ioctl read next msg
10-17 18:08:10.506   222   296 E         : 
10-17 18:08:10.506   222   296 E         :  Destroy C2D instance
10-17 18:08:10.506   222   296 E         : 
10-17 18:08:10.506   222   296 E         :  Destroy C2D instance
10-17 18:08:10.509   222  1920 I OMXMaster: makeComponentInstance(OMX.qcom.video.decoder.mpeg2) in android.hardwar process
10-17 18:08:10.529   222  1920 E OMX-VDEC-1080P: get_parameter: OMX_IndexParamVideoProfileLevelQuerySupported nProfileIndex ret NoMore 2
10-17 18:08:10.530   222   296 E OMX-VDEC-1080P: Extension: OMX.google.android.index.describeColorFormat not implemented
10-17 18:08:10.530   222   222 E OMX-VDEC-1080P: Extension: OMX.google.android.index.describeColorFormat2 not implemented
10-17 18:08:10.530  4613  4613 W OMXUtils: do not know color format 0x7fa30c03 = 2141391875
10-17 18:08:10.531   222  1920 E OMX-VDEC-1080P: Extension: OMX.google.android.index.describeColorFormat not implemented
10-17 18:08:10.531   222  1926 E OMX-VDEC-1080P: Extension: OMX.google.android.index.describeColorFormat2 not implemented
10-17 18:08:10.531   222   222 E OMX-VDEC-1080P: Extension: OMX.google.android.index.describeColorFormat not implemented
10-17 18:08:10.531   222  1703 E OMX-VDEC-1080P: Extension: OMX.google.android.index.describeColorFormat2 not implemented
10-17 18:08:10.532   222  1926 E OMX-VDEC-1080P: Extension: OMX.google.android.index.configureVideoTunnelMode not implemented
10-17 18:08:10.532   222  1926 E OMXNodeInstance: getExtensionIndex(0xb4253904:qcom.decoder.mpeg2, OMX.google.android.index.configureVideoTunnelMode) ERROR: NotImplemented(0x80001006)
10-17 18:08:10.532   222   296 E OMX-VDEC-1080P: Extension: OMX.google.android.index.allocateNativeHandle not implemented
10-17 18:08:10.532   222   296 E OMX-VDEC-1080P: Extension: OMX.google.android.index.storeANWBufferInMetadata not implemented
10-17 18:08:10.532   222   296 E OMX-VDEC-1080P: Extension: OMX.google.android.index.storeMetaDataInBuffers not implemented
10-17 18:08:10.532   222   296 E OMXNodeInstance: getExtensionIndex(0xb4253904:qcom.decoder.mpeg2, OMX.google.android.index.storeMetaDataInBuffers) ERROR: NotImplemented(0x80001006)
10-17 18:08:10.532   222   222 E OMX-VDEC-1080P: Enabling Adaptive playback for 1280 x 720
10-17 18:08:10.552   222  5332 E OMX-VDEC-1080P: 
10-17 18:08:10.552   222  5332 E OMX-VDEC-1080P:  Error in ioctl read next msg
10-17 18:08:10.553   222  1703 E         : 
10-17 18:08:10.553   222  1703 E         :  Destroy C2D instance
10-17 18:08:10.553   222  1703 E         : 
10-17 18:08:10.553   222  1703 E         :  Destroy C2D instance
10-17 18:08:10.556   222   296 I OMXMaster: makeComponentInstance(OMX.qcom.video.decoder.mpeg4) in android.hardwar process
10-17 18:08:10.580   222   296 E OMX-VDEC-1080P: get_parameter: OMX_IndexParamVideoProfileLevelQuerySupported nProfileIndex ret NoMore 2
10-17 18:08:10.580   222  1703 E OMX-VDEC-1080P: Extension: OMX.google.android.index.describeColorFormat not implemented
10-17 18:08:10.580   222  1920 E OMX-VDEC-1080P: Extension: OMX.google.android.index.describeColorFormat2 not implemented
10-17 18:08:10.580  4613  4613 W OMXUtils: do not know color format 0x7fa30c03 = 2141391875
10-17 18:08:10.581   222   296 E OMX-VDEC-1080P: Extension: OMX.google.android.index.describeColorFormat not implemented
10-17 18:08:10.581   222   222 E OMX-VDEC-1080P: Extension: OMX.google.android.index.describeColorFormat2 not implemented
10-17 18:08:10.581   222  1920 E OMX-VDEC-1080P: Extension: OMX.google.android.index.describeColorFormat not implemented
10-17 18:08:10.582   222  1926 E OMX-VDEC-1080P: Extension: OMX.google.android.index.describeColorFormat2 not implemented
10-17 18:08:10.582   222   222 E OMX-VDEC-1080P: Extension: OMX.google.android.index.configureVideoTunnelMode not implemented
10-17 18:08:10.582   222   222 E OMXNodeInstance: getExtensionIndex(0xb4253bc4:qcom.decoder.mpeg4, OMX.google.android.index.configureVideoTunnelMode) ERROR: NotImplemented(0x80001006)
10-17 18:08:10.582   222  1703 E OMX-VDEC-1080P: Extension: OMX.google.android.index.allocateNativeHandle not implemented
10-17 18:08:10.582   222  1703 E OMX-VDEC-1080P: Extension: OMX.google.android.index.storeANWBufferInMetadata not implemented
10-17 18:08:10.582   222  1703 E OMX-VDEC-1080P: Extension: OMX.google.android.index.storeMetaDataInBuffers not implemented
10-17 18:08:10.582   222  1703 E OMXNodeInstance: getExtensionIndex(0xb4253bc4:qcom.decoder.mpeg4, OMX.google.android.index.storeMetaDataInBuffers) ERROR: NotImplemented(0x80001006)
10-17 18:08:10.583   222  1920 E OMX-VDEC-1080P: Enabling Adaptive playback for 1280 x 720
10-17 18:08:10.601   222  5335 E OMX-VDEC-1080P: 
10-17 18:08:10.601   222  5335 E OMX-VDEC-1080P:  Error in ioctl read next msg
10-17 18:08:10.601   222  1926 E         : 
10-17 18:08:10.601   222  1926 E         :  Destroy C2D instance
10-17 18:08:10.601   222  1926 E         : 
10-17 18:08:10.601   222  1926 E         :  Destroy C2D instance
10-17 18:08:10.605   222  1703 I OMXMaster: makeComponentInstance(OMX.qcom.video.decoder.h263) in android.hardwar process
10-17 18:08:10.629   222   222 E OMX-VDEC-1080P: get_parameter: OMX_IndexParamVideoProfileLevelQuerySupported nProfileIndex ret NoMore 1
10-17 18:08:10.629   222  1920 E OMX-VDEC-1080P: Extension: OMX.google.android.index.describeColorFormat not implemented
10-17 18:08:10.630   222  1926 E OMX-VDEC-1080P: Extension: OMX.google.android.index.describeColorFormat2 not implemented
10-17 18:08:10.630  4613  4613 W OMXUtils: do not know color format 0x7fa30c03 = 2141391875
10-17 18:08:10.630   222   222 E OMX-VDEC-1080P: Extension: OMX.google.android.index.describeColorFormat not implemented
10-17 18:08:10.630   222  1703 E OMX-VDEC-1080P: Extension: OMX.google.android.index.describeColorFormat2 not implemented
10-17 18:08:10.630   222  1926 E OMX-VDEC-1080P: Extension: OMX.google.android.index.describeColorFormat not implemented
10-17 18:08:10.631   222   296 E OMX-VDEC-1080P: Extension: OMX.google.android.index.describeColorFormat2 not implemented
10-17 18:08:10.631   222  1703 E OMX-VDEC-1080P: Extension: OMX.google.android.index.configureVideoTunnelMode not implemented
10-17 18:08:10.631   222  1703 E OMXNodeInstance: getExtensionIndex(0xb4253384:qcom.decoder.h263, OMX.google.android.index.configureVideoTunnelMode) ERROR: NotImplemented(0x80001006)
10-17 18:08:10.631   222  1920 E OMX-VDEC-1080P: Extension: OMX.google.android.index.allocateNativeHandle not implemented
10-17 18:08:10.631   222  1920 E OMX-VDEC-1080P: Extension: OMX.google.android.index.storeANWBufferInMetadata not implemented
10-17 18:08:10.631   222  1920 E OMX-VDEC-1080P: Extension: OMX.google.android.index.storeMetaDataInBuffers not implemented
10-17 18:08:10.631   222  1920 E OMXNodeInstance: getExtensionIndex(0xb4253384:qcom.decoder.h263, OMX.google.android.index.storeMetaDataInBuffers) ERROR: NotImplemented(0x80001006)
10-17 18:08:10.632   222  1926 E OMX-VDEC-1080P: Enabling Adaptive playback for 1280 x 720
10-17 18:08:10.651   222  5340 E OMX-VDEC-1080P: 
10-17 18:08:10.651   222  5340 E OMX-VDEC-1080P:  Error in ioctl read next msg
10-17 18:08:10.651   222   296 E         : 
10-17 18:08:10.651   222   296 E         :  Destroy C2D instance
10-17 18:08:10.651   222   296 E         : 
10-17 18:08:10.651   222   296 E         :  Destroy C2D instance
10-17 18:08:10.654   222  1920 I OMXMaster: makeComponentInstance(OMX.google.mpeg4.decoder) in android.hardwar process
10-17 18:08:10.659   222   222 E OMXNodeInstance: getExtensionIndex(0xb4218ea0:google.mpeg4.decoder, OMX.google.android.index.configureVideoTunnelMode) ERROR: UnsupportedIndex(0x8000101a)
10-17 18:08:10.659   222  1703 E OMXNodeInstance: getExtensionIndex(0xb4218ea0:google.mpeg4.decoder, OMX.google.android.index.enableAndroidNativeBuffers) ERROR: UnsupportedIndex(0x8000101a)
10-17 18:08:10.662   222  1703 I OMXMaster: makeComponentInstance(OMX.google.h263.decoder) in android.hardwar process
10-17 18:08:10.669   222  1920 E OMXNodeInstance: getExtensionIndex(0xb4218ea0:google.h263.decoder, OMX.google.android.index.configureVideoTunnelMode) ERROR: UnsupportedIndex(0x8000101a)
10-17 18:08:10.669   222  1926 E OMXNodeInstance: getExtensionIndex(0xb4218ea0:google.h263.decoder, OMX.google.android.index.enableAndroidNativeBuffers) ERROR: UnsupportedIndex(0x8000101a)
10-17 18:08:10.672   222  1926 I OMXMaster: makeComponentInstance(OMX.google.h264.decoder) in android.hardwar process
10-17 18:08:10.676   222   296 E OMXNodeInstance: getExtensionIndex(0xb4218ea0:google.h264.decoder, OMX.google.android.index.configureVideoTunnelMode) ERROR: UnsupportedIndex(0x8000101a)
10-17 18:08:10.676   222   222 E OMXNodeInstance: getExtensionIndex(0xb4218ea0:google.h264.decoder, OMX.google.android.index.enableAndroidNativeBuffers) ERROR: UnsupportedIndex(0x8000101a)
10-17 18:08:10.680   222   222 I OMXMaster: makeComponentInstance(OMX.google.hevc.decoder) in android.hardwar process
10-17 18:08:10.690   222   296 E OMXNodeInstance: getExtensionIndex(0xb4218ea0:google.hevc.decoder, OMX.google.android.index.configureVideoTunnelMode) ERROR: UnsupportedIndex(0x8000101a)
10-17 18:08:10.690   222   222 E OMXNodeInstance: getExtensionIndex(0xb4218ea0:google.hevc.decoder, OMX.google.android.index.enableAndroidNativeBuffers) ERROR: UnsupportedIndex(0x8000101a)
10-17 18:08:10.697   222   222 I OMXMaster: makeComponentInstance(OMX.google.vp8.decoder) in android.hardwar process
10-17 18:08:10.703   222  1926 E OMXNodeInstance: getExtensionIndex(0xb4218ea0:google.vp8.decoder, OMX.google.android.index.configureVideoTunnelMode) ERROR: UnsupportedIndex(0x8000101a)
10-17 18:08:10.703   222   296 E OMXNodeInstance: getExtensionIndex(0xb4218ea0:google.vp8.decoder, OMX.google.android.index.enableAndroidNativeBuffers) ERROR: UnsupportedIndex(0x8000101a)
10-17 18:08:10.709   222   296 I OMXMaster: makeComponentInstance(OMX.google.vp9.decoder) in android.hardwar process
10-17 18:08:10.715   222  1920 E OMXNodeInstance: getExtensionIndex(0xb4218ea0:google.vp9.decoder, OMX.google.android.index.configureVideoTunnelMode) ERROR: UnsupportedIndex(0x8000101a)
10-17 18:08:10.715   222   296 E OMXNodeInstance: getExtensionIndex(0xb4218ea0:google.vp9.decoder, OMX.google.android.index.enableAndroidNativeBuffers) ERROR: UnsupportedIndex(0x8000101a)
10-17 18:08:10.719   222   296 I OMXMaster: makeComponentInstance(OMX.google.h263.encoder) in android.hardwar process
10-17 18:08:10.725   222   296 I SoftMPEG4Encoder: Construct SoftMPEG4Encoder
10-17 18:08:10.729  4613  4613 W OMXUtils: do not know color format 0x7f000789 = 2130708361
10-17 18:08:10.730   222   296 E OMXNodeInstance: getConfig(0xb4218ea0:google.h263.encoder, ConfigAndroidIntraRefresh(0x6f60000a)) ERROR: Undefined(0x80001001)
10-17 18:08:10.734   222  1920 I OMXMaster: makeComponentInstance(OMX.google.h264.encoder) in android.hardwar process
10-17 18:08:10.751  4613  4613 W OMXUtils: do not know color format 0x7f000789 = 2130708361
10-17 18:08:10.756   222  1926 I OMXMaster: makeComponentInstance(OMX.google.mpeg4.encoder) in android.hardwar process
10-17 18:08:10.759   222  1926 I SoftMPEG4Encoder: Construct SoftMPEG4Encoder
10-17 18:08:10.762  4613  4613 W OMXUtils: do not know color format 0x7f000789 = 2130708361
10-17 18:08:10.762   222  1926 E OMXNodeInstance: getConfig(0xb4218ea0:google.mpeg4.encoder, ConfigAndroidIntraRefresh(0x6f60000a)) ERROR: Undefined(0x80001001)
10-17 18:08:10.766   222   222 I OMXMaster: makeComponentInstance(OMX.google.vp8.encoder) in android.hardwar process
10-17 18:08:10.773  4613  4613 W OMXUtils: do not know color format 0x7f000789 = 2130708361
10-17 18:08:10.774   222  1703 E OMXNodeInstance: getConfig(0xb4218ea0:google.vp8.encoder, ConfigAndroidIntraRefresh(0x6f60000a)) ERROR: Undefined(0x80001001)
10-17 18:08:10.778   222  1920 I OMXMaster: makeComponentInstance(OMX.google.vp9.encoder) in android.hardwar process
10-17 18:08:10.784  4613  4613 W OMXUtils: do not know color format 0x7f000789 = 2130708361
10-17 18:08:10.785   222  1920 E OMXNodeInstance: getConfig(0xb4218ea0:google.vp9.encoder, ConfigAndroidIntraRefresh(0x6f60000a)) ERROR: Undefined(0x80001001)
10-17 18:08:10.803  4613  4613 W MediaCodecList: unable to open media codecs configuration xml file: /data/misc/media/media_codecs_profiling_results.xml
10-17 18:08:10.807   222   222 I OMXMaster: makeComponentInstance(OMX.google.vorbis.decoder) in android.hardwar process
10-17 18:08:10.813   222   222 E OMXNodeInstance: getConfig(0xb4218ea0:google.vorbis.decoder, ConfigAndroidVendorExtension(0x6f100004)) ERROR: Undefined(0x80001001)
10-17 18:08:10.931  5256  5256 I AudioTrack: AUDIO_OUTPUT_FLAG_FAST successful; frameCount 20073 -> 20073
