10-17 18:07:37.303  4889  4889 E Icon    : 	at android.content.res.ResourcesImpl.getValueForDensity(ResourcesImpl.java:204)
10-17 18:07:37.303  4889  4889 E Icon    : 	at android.content.res.Resources.getDrawableForDensity(Resources.java:875)
10-17 18:07:37.303  4889  4889 E Icon    : 	at android.content.res.Resources.getDrawable(Resources.java:818)
10-17 18:07:37.303  4889  4889 E Icon    : 	at android.graphics.drawable.Icon.loadDrawableInner(Icon.java:323)
10-17 18:07:37.303  4889  4889 E Icon    : 	at android.graphics.drawable.Icon.loadDrawable(Icon.java:276)
10-17 18:07:37.303  4889  4889 E Icon    : 	at com.android.settings.dashboard.DashboardFeatureProviderImpl.bindPreferenceToTile(DashboardFeatureProviderImpl.java:129)
10-17 18:07:37.303  4889  4889 E Icon    : 	at com.android.settings.dashboard.DashboardFragment.refreshDashboardTiles(DashboardFragment.java:340)
10-17 18:07:37.303  4889  4889 E Icon    : 	at com.android.settings.dashboard.DashboardFragment.refreshAllPreferences(DashboardFragment.java:280)
10-17 18:07:37.303  4889  4889 E Icon    : 	at com.android.settings.dashboard.DashboardFragment.onCreatePreferences(DashboardFragment.java:115)
10-17 18:07:37.303  4889  4889 E Icon    : 	at android.support.v14.preference.PreferenceFragment.onCreate(PreferenceFragment.java:235)
10-17 18:07:37.303  4889  4889 E Icon    : 	at com.android.settings.core.lifecycle.ObservablePreferenceFragment.onCreate(ObservablePreferenceFragment.java:50)
10-17 18:07:37.303  4889  4889 E Icon    : 	at com.android.settings.SettingsPreferenceFragment.onCreate(SettingsPreferenceFragment.java:143)
10-17 18:07:37.303  4889  4889 E Icon    : 	at com.android.settings.dashboard.DashboardFragment.onCreate(DashboardFragment.java:89)
10-17 18:07:37.303  4889  4889 E Icon    : 	at android.app.Fragment.performCreate(Fragment.java:2593)
10-17 18:07:37.303  4889  4889 E Icon    : 	at android.app.FragmentManagerImpl.moveToState(FragmentManager.java:1234)
10-17 18:07:37.303  4889  4889 E Icon    : 	at android.app.FragmentManagerImpl.addAddedFragments(FragmentManager.java:2415)
10-17 18:07:37.303  4889  4889 E Icon    : 	at android.app.FragmentManagerImpl.executeOpsTogether(FragmentManager.java:2194)
10-17 18:07:37.303  4889  4889 E Icon    : 	at android.app.FragmentManagerImpl.removeRedundantOperationsAndExecute(FragmentManager.java:2148)
10-17 18:07:37.303  4889  4889 E Icon    : 	at android.app.FragmentManagerImpl.execPendingActions(FragmentManager.java:2049)
10-17 18:07:37.303  4889  4889 E Icon    : 	at android.app.FragmentManagerImpl.executePendingTransactions(FragmentManager.java:798)
10-17 18:07:37.303  4889  4889 E Icon    : 	at com.android.settings.SettingsActivity.switchToFragment(SettingsActivity.java:768)
10-17 18:07:37.303  4889  4889 E Icon    : 	at com.android.settings.SettingsActivity.launchSettingFragment(SettingsActivity.java:432)
10-17 18:07:37.303  4889  4889 E Icon    : 	at com.android.settings.SettingsActivity.onCreate(SettingsActivity.java:345)
10-17 18:07:37.303  4889  4889 E Icon    : 	at android.app.Activity.performCreate(Activity.java:6975)
10-17 18:07:37.303  4889  4889 E Icon    : 	at android.app.Instrumentation.callActivityOnCreate(Instrumentation.java:1213)
10-17 18:07:37.303  4889  4889 E Icon    : 	at android.app.ActivityThread.performLaunchActivity(ActivityThread.java:2770)
10-17 18:07:37.303  4889  4889 E Icon    : 	at android.app.ActivityThread.handleLaunchActivity(ActivityThread.java:2892)
10-17 18:07:37.303  4889  4889 E Icon    : 	at android.app.ActivityThread.-wrap11(Unknown Source:0)
10-17 18:07:37.303  4889  4889 E Icon    : 	at android.app.ActivityThread$H.handleMessage(ActivityThread.java:1593)
10-17 18:07:37.303  4889  4889 E Icon    : 	at android.os.Handler.dispatchMessage(Handler.java:105)
10-17 18:07:37.303  4889  4889 E Icon    : 	at android.os.Looper.loop(Looper.java:164)
10-17 18:07:37.303  4889  4889 E Icon    : 	at android.app.ActivityThread.main(ActivityThread.java:6541)
10-17 18:07:37.303  4889  4889 E Icon    : 	at java.lang.reflect.Method.invoke(Native Method)
10-17 18:07:37.303  4889  4889 E Icon    : 	at com.android.internal.os.Zygote$MethodAndArgsCaller.run(Zygote.java:240)
10-17 18:07:37.303  4889  4889 E Icon    : 	at com.android.internal.os.ZygoteInit.main(ZygoteInit.java:767)
10-17 18:07:37.305  4889  4889 W ResourceType: No package identifier when getting value for resource number 0x00000000
10-17 18:07:37.306  4889  4889 E Icon    : Unable to load resource 0x00000000 from pkg=com.android.settings
10-17 18:07:37.306  4889  4889 E Icon    : android.content.res.Resources$NotFoundException: Resource ID #0x0
10-17 18:07:37.306  4889  4889 E Icon    : 	at android.content.res.ResourcesImpl.getValueForDensity(ResourcesImpl.java:204)
10-17 18:07:37.306  4889  4889 E Icon    : 	at android.content.res.Resources.getDrawableForDensity(Resources.java:875)
10-17 18:07:37.306  4889  4889 E Icon    : 	at android.content.res.Resources.getDrawable(Resources.java:818)
10-17 18:07:37.306  4889  4889 E Icon    : 	at android.graphics.drawable.Icon.loadDrawableInner(Icon.java:323)
10-17 18:07:37.306  4889  4889 E Icon    : 	at android.graphics.drawable.Icon.loadDrawable(Icon.java:276)
10-17 18:07:37.306  4889  4889 E Icon    : 	at com.android.settings.dashboard.DashboardFeatureProviderImpl.bindPreferenceToTile(DashboardFeatureProviderImpl.java:129)
10-17 18:07:37.306  4889  4889 E Icon    : 	at com.android.settings.dashboard.DashboardFragment.refreshDashboardTiles(DashboardFragment.java:340)
10-17 18:07:37.306  4889  4889 E Icon    : 	at com.android.settings.dashboard.DashboardFragment.refreshAllPreferences(DashboardFragment.java:280)
10-17 18:07:37.306  4889  4889 E Icon    : 	at com.android.settings.dashboard.DashboardFragment.onCreatePreferences(DashboardFragment.java:115)
10-17 18:07:37.306  4889  4889 E Icon    : 	at android.support.v14.preference.PreferenceFragment.onCreate(PreferenceFragment.java:235)
10-17 18:07:37.306  4889  4889 E Icon    : 	at com.android.settings.core.lifecycle.ObservablePreferenceFragment.onCreate(ObservablePreferenceFragment.java:50)
10-17 18:07:37.306  4889  4889 E Icon    : 	at com.android.settings.SettingsPreferenceFragment.onCreate(SettingsPreferenceFragment.java:143)
10-17 18:07:37.306  4889  4889 E Icon    : 	at com.android.settings.dashboard.DashboardFragment.onCreate(DashboardFragment.java:89)
10-17 18:07:37.306  4889  4889 E Icon    : 	at android.app.Fragment.performCreate(Fragment.java:2593)
10-17 18:07:37.306  4889  4889 E Icon    : 	at android.app.FragmentManagerImpl.moveToState(FragmentManager.java:1234)
10-17 18:07:37.306  4889  4889 E Icon    : 	at android.app.FragmentManagerImpl.addAddedFragments(FragmentManager.java:2415)
10-17 18:07:37.306  4889  4889 E Icon    : 	at android.app.FragmentManagerImpl.executeOpsTogether(FragmentManager.java:2194)
10-17 18:07:37.306  4889  4889 E Icon    : 	at android.app.FragmentManagerImpl.removeRedundantOperationsAndExecute(FragmentManager.java:2148)
10-17 18:07:37.306  4889  4889 E Icon    : 	at android.app.FragmentManagerImpl.execPendingActions(FragmentManager.java:2049)
10-17 18:07:37.306  4889  4889 E Icon    : 	at android.app.FragmentManagerImpl.executePendingTransactions(FragmentManager.java:798)
10-17 18:07:37.306  4889  4889 E Icon    : 	at com.android.settings.SettingsActivity.switchToFragment(SettingsActivity.java:768)
10-17 18:07:37.306  4889  4889 E Icon    : 	at com.android.settings.SettingsActivity.launchSettingFragment(SettingsActivity.java:432)
10-17 18:07:37.306  4889  4889 E Icon    : 	at com.android.settings.SettingsActivity.onCreate(SettingsActivity.java:345)
10-17 18:07:37.306  4889  4889 E Icon    : 	at android.app.Activity.performCreate(Activity.java:6975)
10-17 18:07:37.306  4889  4889 E Icon    : 	at android.app.Instrumentation.callActivityOnCreate(Instrumentation.java:1213)
10-17 18:07:37.306  4889  4889 E Icon    : 	at android.app.ActivityThread.performLaunchActivity(ActivityThread.java:2770)
10-17 18:07:37.306  4889  4889 E Icon    : 	at android.app.ActivityThread.handleLaunchActivity(ActivityThread.java:2892)
10-17 18:07:37.306  4889  4889 E Icon    : 	at android.app.ActivityThread.-wrap11(Unknown Source:0)
10-17 18:07:37.306  4889  4889 E Icon    : 	at android.app.ActivityThread$H.handleMessage(ActivityThread.java:1593)
10-17 18:07:37.306  4889  4889 E Icon    : 	at android.os.Handler.dispatchMessage(Handler.java:105)
10-17 18:07:37.306  4889  4889 E Icon    : 	at android.os.Looper.loop(Looper.java:164)
10-17 18:07:37.306  4889  4889 E Icon    : 	at android.app.ActivityThread.main(ActivityThread.java:6541)
10-17 18:07:37.306  4889  4889 E Icon    : 	at java.lang.reflect.Method.invoke(Native Method)
10-17 18:07:37.306  4889  4889 E Icon    : 	at com.android.internal.os.Zygote$MethodAndArgsCaller.run(Zygote.java:240)
10-17 18:07:37.306  4889  4889 E Icon    : 	at com.android.internal.os.ZygoteInit.main(ZygoteInit.java:767)
10-17 18:07:37.308  4889  4889 W ResourceType: No package identifier when getting value for resource number 0x00000000
10-17 18:07:37.309  4889  4889 E Icon    : Unable to load resource 0x00000000 from pkg=com.android.settings
10-17 18:07:37.309  4889  4889 E Icon    : android.content.res.Resources$NotFoundException: Resource ID #0x0
10-17 18:07:37.309  4889  4889 E Icon    : 	at android.content.res.ResourcesImpl.getValueForDensity(ResourcesImpl.java:204)
10-17 18:07:37.309  4889  4889 E Icon    : 	at android.content.res.Resources.getDrawableForDensity(Resources.java:875)
10-17 18:07:37.309  4889  4889 E Icon    : 	at android.content.res.Resources.getDrawable(Resources.java:818)
10-17 18:07:37.309  4889  4889 E Icon    : 	at android.graphics.drawable.Icon.loadDrawableInner(Icon.java:323)
10-17 18:07:37.309  4889  4889 E Icon    : 	at android.graphics.drawable.Icon.loadDrawable(Icon.java:276)
10-17 18:07:37.309  4889  4889 E Icon    : 	at com.android.settings.dashboard.DashboardFeatureProviderImpl.bindPreferenceToTile(DashboardFeatureProviderImpl.java:129)
10-17 18:07:37.309  4889  4889 E Icon    : 	at com.android.settings.dashboard.DashboardFragment.refreshDashboardTiles(DashboardFragment.java:340)
10-17 18:07:37.309  4889  4889 E Icon    : 	at com.android.settings.dashboard.DashboardFragment.refreshAllPreferences(DashboardFragment.java:280)
10-17 18:07:37.309  4889  4889 E Icon    : 	at com.android.settings.dashboard.DashboardFragment.onCreatePreferences(DashboardFragment.java:115)
10-17 18:07:37.309  4889  4889 E Icon    : 	at android.support.v14.preference.PreferenceFragment.onCreate(PreferenceFragment.java:235)
10-17 18:07:37.309  4889  4889 E Icon    : 	at com.android.settings.core.lifecycle.ObservablePreferenceFragment.onCreate(ObservablePreferenceFragment.java:50)
10-17 18:07:37.309  4889  4889 E Icon    : 	at com.android.settings.SettingsPreferenceFragment.onCreate(SettingsPreferenceFragment.java:143)
10-17 18:07:37.309  4889  4889 E Icon    : 	at com.android.settings.dashboard.DashboardFragment.onCreate(DashboardFragment.java:89)
10-17 18:07:37.309  4889  4889 E Icon    : 	at android.app.Fragment.performCreate(Fragment.java:2593)
10-17 18:07:37.309  4889  4889 E Icon    : 	at android.app.FragmentManagerImpl.moveToState(FragmentManager.java:1234)
10-17 18:07:37.309  4889  4889 E Icon    : 	at android.app.FragmentManagerImpl.addAddedFragments(FragmentManager.java:2415)
10-17 18:07:37.309  4889  4889 E Icon    : 	at android.app.FragmentManagerImpl.executeOpsTogether(FragmentManager.java:2194)
10-17 18:07:37.309  4889  4889 E Icon    : 	at android.app.FragmentManagerImpl.removeRedundantOperationsAndExecute(FragmentManager.java:2148)
10-17 18:07:37.309  4889  4889 E Icon    : 	at android.app.FragmentManagerImpl.execPendingActions(FragmentManager.java:2049)
10-17 18:07:37.309  4889  4889 E Icon    : 	at android.app.FragmentManagerImpl.executePendingTransactions(FragmentManager.java:798)
10-17 18:07:37.309  4889  4889 E Icon    : 	at com.android.settings.SettingsActivity.switchToFragment(SettingsActivity.java:768)
10-17 18:07:37.309  4889  4889 E Icon    : 	at com.android.settings.SettingsActivity.launchSettingFragment(SettingsActivity.java:432)
10-17 18:07:37.309  4889  4889 E Icon    : 	at com.android.settings.SettingsActivity.onCreate(SettingsActivity.java:345)
10-17 18:07:37.309  4889  4889 E Icon    : 	at android.app.Activity.performCreate(Activity.java:6975)
10-17 18:07:37.309  4889  4889 E Icon    : 	at android.app.Instrumentation.callActivityOnCreate(Instrumentation.java:1213)
10-17 18:07:37.309  4889  4889 E Icon    : 	at android.app.ActivityThread.performLaunchActivity(ActivityThread.java:2770)
10-17 18:07:37.309  4889  4889 E Icon    : 	at android.app.ActivityThread.handleLaunchActivity(ActivityThread.java:2892)
10-17 18:07:37.309  4889  4889 E Icon    : 	at android.app.ActivityThread.-wrap11(Unknown Source:0)
10-17 18:07:37.309  4889  4889 E Icon    : 	at android.app.ActivityThread$H.handleMessage(ActivityThread.java:1593)
10-17 18:07:37.309  4889  4889 E Icon    : 	at android.os.Handler.dispatchMessage(Handler.java:105)
10-17 18:07:37.309  4889  4889 E Icon    : 	at android.os.Looper.loop(Looper.java:164)
10-17 18:07:37.309  4889  4889 E Icon    : 	at android.app.ActivityThread.main(ActivityThread.java:6541)
10-17 18:07:37.309  4889  4889 E Icon    : 	at java.lang.reflect.Method.invoke(Native Method)
10-17 18:07:37.309  4889  4889 E Icon    : 	at com.android.internal.os.Zygote$MethodAndArgsCaller.run(Zygote.java:240)
10-17 18:07:37.309  4889  4889 E Icon    : 	at com.android.internal.os.ZygoteInit.main(ZygoteInit.java:767)
10-17 18:07:37.447  4889  4889 D DashboardSummary: Stopped listening for condition changes
10-17 18:07:37.484  4889  4916 W Adreno-EGL: <qeglDrvAPI_eglGetConfigAttrib:607>: EGL_BAD_ATTRIBUTE
10-17 18:07:37.489  4889  4913 W TileUtils: Found com.android.settings.backup.BackupSettingsActivity for intent Intent { act=com.android.settings.action.SETTINGS pkg=com.android.settings } missing metadata com.android.settings.category
10-17 18:07:37.512  4889  4916 I vndksupport: sphal namespace is not configured for this process. Loading /vendor/lib/hw/gralloc.msm8960.so from the current namespace instead.
10-17 18:07:37.534  4889  4913 D DatabaseIndexingManager: Indexing locale 'en_US' took 31 millis
10-17 18:07:37.547  4889  4889 W StaticLayout: maxLineHeight should not be -1.  maxLines:1 lineCount:1
10-17 18:07:37.548  4889  4889 I chatty  : uid=1000(system) com.android.settings identical 2 lines
10-17 18:07:37.548  4889  4889 W StaticLayout: maxLineHeight should not be -1.  maxLines:1 lineCount:1
10-17 18:07:37.587   607   682 I ActivityManager: Displayed com.android.settings/.Settings$AppAndNotificationDashboardActivity: +431ms
10-17 18:07:37.596  4889  4889 W ResourceType: No package identifier when getting value for resource number 0x00000000
10-17 18:07:37.597  4889  4889 E Icon    : Unable to load resource 0x00000000 from pkg=com.android.settings
10-17 18:07:37.597  4889  4889 E Icon    : android.content.res.Resources$NotFoundException: Resource ID #0x0
10-17 18:07:37.597  4889  4889 E Icon    : 	at android.content.res.ResourcesImpl.getValueForDensity(ResourcesImpl.java:204)
10-17 18:07:37.597  4889  4889 E Icon    : 	at android.content.res.Resources.getDrawableForDensity(Resources.java:875)
10-17 18:07:37.597  4889  4889 E Icon    : 	at android.content.res.Resources.getDrawable(Resources.java:818)
10-17 18:07:37.597  4889  4889 E Icon    : 	at android.graphics.drawable.Icon.loadDrawableInner(Icon.java:323)
10-17 18:07:37.597  4889  4889 E Icon    : 	at android.graphics.drawable.Icon.loadDrawable(Icon.java:276)
10-17 18:07:37.597  4889  4889 E Icon    : 	at com.android.settings.dashboard.DashboardFeatureProviderImpl.bindPreferenceToTile(DashboardFeatureProviderImpl.java:129)
10-17 18:07:37.597  4889  4889 E Icon    : 	at com.android.settings.dashboard.DashboardFragment.refreshDashboardTiles(DashboardFragment.java:335)
10-17 18:07:37.597  4889  4889 E Icon    : 	at com.android.settings.dashboard.DashboardFragment.onCategoriesChanged(DashboardFragment.java:109)
10-17 18:07:37.597  4889  4889 E Icon    : 	at com.android.settingslib.drawer.SettingsDrawerActivity.onCategoriesChanged(SettingsDrawerActivity.java:164)
10-17 18:07:37.597  4889  4889 E Icon    : 	at com.android.settingslib.drawer.SettingsDrawerActivity.-wrap0(Unknown Source:0)
10-17 18:07:37.597  4889  4889 E Icon    : 	at com.android.settingslib.drawer.SettingsDrawerActivity$CategoriesUpdateTask.onPostExecute(SettingsDrawerActivity.java:221)
10-17 18:07:37.597  4889  4889 E Icon    : 	at com.android.settingslib.drawer.SettingsDrawerActivity$CategoriesUpdateTask.onPostExecute(SettingsDrawerActivity.java:218)
10-17 18:07:37.597  4889  4889 E Icon    : 	at android.os.AsyncTask.finish(AsyncTask.java:695)
10-17 18:07:37.597  4889  4889 E Icon    : 	at android.os.AsyncTask.-wrap1(Unknown Source:0)
10-17 18:07:37.597  4889  4889 E Icon    : 	at android.os.AsyncTask$InternalHandler.handleMessage(AsyncTask.java:712)
10-17 18:07:37.597  4889  4889 E Icon    : 	at android.os.Handler.dispatchMessage(Handler.java:105)
10-17 18:07:37.597  4889  4889 E Icon    : 	at android.os.Looper.loop(Looper.java:164)
10-17 18:07:37.597  4889  4889 E Icon    : 	at android.app.ActivityThread.main(ActivityThread.java:6541)
10-17 18:07:37.597  4889  4889 E Icon    : 	at java.lang.reflect.Method.invoke(Native Method)
10-17 18:07:37.597  4889  4889 E Icon    : 	at com.android.internal.os.Zygote$MethodAndArgsCaller.run(Zygote.java:240)
10-17 18:07:37.597  4889  4889 E Icon    : 	at com.android.internal.os.ZygoteInit.main(ZygoteInit.java:767)
10-17 18:07:37.597  4889  4889 W ResourceType: No package identifier when getting value for resource number 0x00000000
10-17 18:07:37.600  4889  4913 D DatabaseIndexingManager: Indexing locale 'en_US' took 23 millis
10-17 18:07:37.603  4889  4889 E Icon    : Unable to load resource 0x00000000 from pkg=com.android.settings
10-17 18:07:37.603  4889  4889 E Icon    : android.content.res.Resources$NotFoundException: Resource ID #0x0
10-17 18:07:37.603  4889  4889 E Icon    : 	at android.content.res.ResourcesImpl.getValueForDensity(ResourcesImpl.java:204)
10-17 18:07:37.603  4889  4889 E Icon    : 	at android.content.res.Resources.getDrawableForDensity(Resources.java:875)
10-17 18:07:37.603  4889  4889 E Icon    : 	at android.content.res.Resources.getDrawable(Resources.java:818)
10-17 18:07:37.603  4889  4889 E Icon    : 	at android.graphics.drawable.Icon.loadDrawableInner(Icon.java:323)
10-17 18:07:37.603  4889  4889 E Icon    : 	at android.graphics.drawable.Icon.loadDrawable(Icon.java:276)
10-17 18:07:37.603  4889  4889 E Icon    : 	at com.android.settings.dashboard.DashboardFeatureProviderImpl.bindPreferenceToTile(DashboardFeatureProviderImpl.java:129)
10-17 18:07:37.603  4889  4889 E Icon    : 	at com.android.settings.dashboard.DashboardFragment.refreshDashboardTiles(DashboardFragment.java:335)
10-17 18:07:37.603  4889  4889 E Icon    : 	at com.android.settings.dashboard.DashboardFragment.onCategoriesChanged(DashboardFragment.java:109)
10-17 18:07:37.603  4889  4889 E Icon    : 	at com.android.settingslib.drawer.SettingsDrawerActivity.onCategoriesChanged(SettingsDrawerActivity.java:164)
10-17 18:07:37.603  4889  4889 E Icon    : 	at com.android.settingslib.drawer.SettingsDrawerActivity.-wrap0(Unknown Source:0)
10-17 18:07:37.603  4889  4889 E Icon    : 	at com.android.settingslib.drawer.SettingsDrawerActivity$CategoriesUpdateTask.onPostExecute(SettingsDrawerActivity.java:221)
10-17 18:07:37.603  4889  4889 E Icon    : 	at com.android.settingslib.drawer.SettingsDrawerActivity$CategoriesUpdateTask.onPostExecute(SettingsDrawerActivity.java:218)
10-17 18:07:37.603  4889  4889 E Icon    : 	at android.os.AsyncTask.finish(AsyncTask.java:695)
10-17 18:07:37.603  4889  4889 E Icon    : 	at android.os.AsyncTask.-wrap1(Unknown Source:0)
10-17 18:07:37.603  4889  4889 E Icon    : 	at android.os.AsyncTask$InternalHandler.handleMessage(AsyncTask.java:712)
10-17 18:07:37.603  4889  4889 E Icon    : 	at android.os.Handler.dispatchMessage(Handler.java:105)
10-17 18:07:37.603  4889  4889 E Icon    : 	at android.os.Looper.loop(Looper.java:164)
10-17 18:07:37.603  4889  4889 E Icon    : 	at android.app.ActivityThread.main(ActivityThread.java:6541)
10-17 18:07:37.603  4889  4889 E Icon    : 	at java.lang.reflect.Method.invoke(Native Method)
10-17 18:07:37.603  4889  4889 E Icon    : 	at com.android.internal.os.Zygote$MethodAndArgsCaller.run(Zygote.java:240)
10-17 18:07:37.603  4889  4889 E Icon    : 	at com.android.internal.os.ZygoteInit.main(ZygoteInit.java:767)
10-17 18:07:37.603  4889  4889 W ResourceType: No package identifier when getting value for resource number 0x00000000
10-17 18:07:37.604  4889  4889 E Icon    : Unable to load resource 0x00000000 from pkg=com.android.settings
10-17 18:07:37.604  4889  4889 E Icon    : android.content.res.Resources$NotFoundException: Resource ID #0x0
10-17 18:07:37.604  4889  4889 E Icon    : 	at android.content.res.ResourcesImpl.getValueForDensity(ResourcesImpl.java:204)
10-17 18:07:37.604  4889  4889 E Icon    : 	at android.content.res.Resources.getDrawableForDensity(Resources.java:875)
10-17 18:07:37.604  4889  4889 E Icon    : 	at android.content.res.Resources.getDrawable(Resources.java:818)
10-17 18:07:37.604  4889  4889 E Icon    : 	at android.graphics.drawable.Icon.loadDrawableInner(Icon.java:323)
10-17 18:07:37.604  4889  4889 E Icon    : 	at android.graphics.drawable.Icon.loadDrawable(Icon.java:276)
10-17 18:07:37.604  4889  4889 E Icon    : 	at com.android.settings.dashboard.DashboardFeatureProviderImpl.bindPreferenceToTile(DashboardFeatureProviderImpl.java:129)
10-17 18:07:37.604  4889  4889 E Icon    : 	at com.android.settings.dashboard.DashboardFragment.refreshDashboardTiles(DashboardFragment.java:335)
10-17 18:07:37.604  4889  4889 E Icon    : 	at com.android.settings.dashboard.DashboardFragment.onCategoriesChanged(DashboardFragment.java:109)
10-17 18:07:37.604  4889  4889 E Icon    : 	at com.android.settingslib.drawer.SettingsDrawerActivity.onCategoriesChanged(SettingsDrawerActivity.java:164)
10-17 18:07:37.604  4889  4889 E Icon    : 	at com.android.settingslib.drawer.SettingsDrawerActivity.-wrap0(Unknown Source:0)
10-17 18:07:37.604  4889  4889 E Icon    : 	at com.android.settingslib.drawer.SettingsDrawerActivity$CategoriesUpdateTask.onPostExecute(SettingsDrawerActivity.java:221)
10-17 18:07:37.604  4889  4889 E Icon    : 	at com.android.settingslib.drawer.SettingsDrawerActivity$CategoriesUpdateTask.onPostExecute(SettingsDrawerActivity.java:218)
10-17 18:07:37.604  4889  4889 E Icon    : 	at android.os.AsyncTask.finish(AsyncTask.java:695)
10-17 18:07:37.604  4889  4889 E Icon    : 	at android.os.AsyncTask.-wrap1(Unknown Source:0)
10-17 18:07:37.604  4889  4889 E Icon    : 	at android.os.AsyncTask$InternalHandler.handleMessage(AsyncTask.java:712)
10-17 18:07:37.604  4889  4889 E Icon    : 	at android.os.Handler.dispatchMessage(Handler.java:105)
10-17 18:07:37.604  4889  4889 E Icon    : 	at android.os.Looper.loop(Looper.java:164)
10-17 18:07:37.604  4889  4889 E Icon    : 	at android.app.ActivityThread.main(ActivityThread.java:6541)
10-17 18:07:37.604  4889  4889 E Icon    : 	at java.lang.reflect.Method.invoke(Native Method)
10-17 18:07:37.604  4889  4889 E Icon    : 	at com.android.internal.os.Zygote$MethodAndArgsCaller.run(Zygote.java:240)
10-17 18:07:37.604  4889  4889 E Icon    : 	at com.android.internal.os.ZygoteInit.main(ZygoteInit.java:767)
10-17 18:07:37.636  4889  4916 D OpenGLRenderer: endAllActiveAnimators on 0x8e8f8700 (RippleDrawable) with handle 0x8e77cce0
10-17 18:07:37.753  4889  4913 W TileUtils: Found com.android.settings.backup.BackupSettingsActivity for intent Intent { act=com.android.settings.action.SETTINGS pkg=com.android.settings } missing metadata com.android.settings.category
10-17 18:07:37.760  4889  4889 W ResourceType: No package identifier when getting value for resource number 0x00000000
10-17 18:07:37.761  4889  4889 E Icon    : Unable to load resource 0x00000000 from pkg=com.android.settings
10-17 18:07:37.761  4889  4889 E Icon    : android.content.res.Resources$NotFoundException: Resource ID #0x0
10-17 18:07:37.761  4889  4889 E Icon    : 	at android.content.res.ResourcesImpl.getValueForDensity(ResourcesImpl.java:204)
10-17 18:07:37.761  4889  4889 E Icon    : 	at android.content.res.Resources.getDrawableForDensity(Resources.java:875)
10-17 18:07:37.761  4889  4889 E Icon    : 	at android.content.res.Resources.getDrawable(Resources.java:818)
10-17 18:07:37.761  4889  4889 E Icon    : 	at android.graphics.drawable.Icon.loadDrawableInner(Icon.java:323)
10-17 18:07:37.761  4889  4889 E Icon    : 	at android.graphics.drawable.Icon.loadDrawable(Icon.java:276)
10-17 18:07:37.761  4889  4889 E Icon    : 	at com.android.settings.dashboard.DashboardFeatureProviderImpl.bindPreferenceToTile(DashboardFeatureProviderImpl.java:129)
10-17 18:07:37.761  4889  4889 E Icon    : 	at com.android.settings.dashboard.DashboardFragment.refreshDashboardTiles(DashboardFragment.java:335)
10-17 18:07:37.761  4889  4889 E Icon    : 	at com.android.settings.dashboard.DashboardFragment.onCategoriesChanged(DashboardFragment.java:109)
10-17 18:07:37.761  4889  4889 E Icon    : 	at com.android.settingslib.drawer.SettingsDrawerActivity.onCategoriesChanged(SettingsDrawerActivity.java:164)
10-17 18:07:37.761  4889  4889 E Icon    : 	at com.android.settingslib.drawer.SettingsDrawerActivity.-wrap0(Unknown Source:0)
10-17 18:07:37.761  4889  4889 E Icon    : 	at com.android.settingslib.drawer.SettingsDrawerActivity$CategoriesUpdateTask.onPostExecute(SettingsDrawerActivity.java:221)
10-17 18:07:37.761  4889  4889 E Icon    : 	at com.android.settingslib.drawer.SettingsDrawerActivity$CategoriesUpdateTask.onPostExecute(SettingsDrawerActivity.java:218)
10-17 18:07:37.761  4889  4889 E Icon    : 	at android.os.AsyncTask.finish(AsyncTask.java:695)
10-17 18:07:37.761  4889  4889 E Icon    : 	at android.os.AsyncTask.-wrap1(Unknown Source:0)
10-17 18:07:37.761  4889  4889 E Icon    : 	at android.os.AsyncTask$InternalHandler.handleMessage(AsyncTask.java:712)
10-17 18:07:37.761  4889  4889 E Icon    : 	at android.os.Handler.dispatchMessage(Handler.java:105)
10-17 18:07:37.761  4889  4889 E Icon    : 	at android.os.Looper.loop(Looper.java:164)
10-17 18:07:37.761  4889  4889 E Icon    : 	at android.app.ActivityThread.main(ActivityThread.java:6541)
10-17 18:07:37.761  4889  4889 E Icon    : 	at java.lang.reflect.Method.invoke(Native Method)
10-17 18:07:37.761  4889  4889 E Icon    : 	at com.android.internal.os.Zygote$MethodAndArgsCaller.run(Zygote.java:240)
10-17 18:07:37.761  4889  4889 E Icon    : 	at com.android.internal.os.ZygoteInit.main(ZygoteInit.java:767)
10-17 18:07:37.761  4889  4889 W ResourceType: No package identifier when getting value for resource number 0x00000000
10-17 18:07:37.762  4889  4889 E Icon    : Unable to load resource 0x00000000 from pkg=com.android.settings
10-17 18:07:37.762  4889  4889 E Icon    : android.content.res.Resources$NotFoundException: Resource ID #0x0
10-17 18:07:37.762  4889  4889 E Icon    : 	at android.content.res.ResourcesImpl.getValueForDensity(ResourcesImpl.java:204)
10-17 18:07:37.762  4889  4889 E Icon    : 	at android.content.res.Resources.getDrawableForDensity(Resources.java:875)
10-17 18:07:37.762  4889  4889 E Icon    : 	at android.content.res.Resources.getDrawable(Resources.java:818)
10-17 18:07:37.762  4889  4889 E Icon    : 	at android.graphics.drawable.Icon.loadDrawableInner(Icon.java:323)
10-17 18:07:37.762  4889  4889 E Icon    : 	at android.graphics.drawable.Icon.loadDrawable(Icon.java:276)
10-17 18:07:37.762  4889  4889 E Icon    : 	at com.android.settings.dashboard.DashboardFeatureProviderImpl.bindPreferenceToTile(DashboardFeatureProviderImpl.java:129)
10-17 18:07:37.762  4889  4889 E Icon    : 	at com.android.settings.dashboard.DashboardFragment.refreshDashboardTiles(DashboardFragment.java:335)
10-17 18:07:37.762  4889  4889 E Icon    : 	at com.android.settings.dashboard.DashboardFragment.onCategoriesChanged(DashboardFragment.java:109)
10-17 18:07:37.762  4889  4889 E Icon    : 	at com.android.settingslib.drawer.SettingsDrawerActivity.onCategoriesChanged(SettingsDrawerActivity.java:164)
10-17 18:07:37.762  4889  4889 E Icon    : 	at com.android.settingslib.drawer.SettingsDrawerActivity.-wrap0(Unknown Source:0)
10-17 18:07:37.762  4889  4889 E Icon    : 	at com.android.settingslib.drawer.SettingsDrawerActivity$CategoriesUpdateTask.onPostExecute(SettingsDrawerActivity.java:221)
10-17 18:07:37.762  4889  4889 E Icon    : 	at com.android.settingslib.drawer.SettingsDrawerActivity$CategoriesUpdateTask.onPostExecute(SettingsDrawerActivity.java:218)
10-17 18:07:37.762  4889  4889 E Icon    : 	at android.os.AsyncTask.finish(AsyncTask.java:695)
10-17 18:07:37.762  4889  4889 E Icon    : 	at android.os.AsyncTask.-wrap1(Unknown Source:0)
10-17 18:07:37.762  4889  4889 E Icon    : 	at android.os.AsyncTask$InternalHandler.handleMessage(AsyncTask.java:712)
10-17 18:07:37.762  4889  4889 E Icon    : 	at android.os.Handler.dispatchMessage(Handler.java:105)
10-17 18:07:37.762  4889  4889 E Icon    : 	at android.os.Looper.loop(Looper.java:164)
10-17 18:07:37.762  4889  4889 E Icon    : 	at android.app.ActivityThread.main(ActivityThread.java:6541)
10-17 18:07:37.762  4889  4889 E Icon    : 	at java.lang.reflect.Method.invoke(Native Method)
10-17 18:07:37.762  4889  4889 E Icon    : 	at com.android.internal.os.Zygote$MethodAndArgsCaller.run(Zygote.java:240)
10-17 18:07:37.762  4889  4889 E Icon    : 	at com.android.internal.os.ZygoteInit.main(ZygoteInit.java:767)
10-17 18:07:37.762  4889  4889 W ResourceType: No package identifier when getting value for resource number 0x00000000
10-17 18:07:37.763  4889  4889 E Icon    : Unable to load resource 0x00000000 from pkg=com.android.settings
10-17 18:07:37.763  4889  4889 E Icon    : android.content.res.Resources$NotFoundException: Resource ID #0x0
10-17 18:07:37.763  4889  4889 E Icon    : 	at android.content.res.ResourcesImpl.getValueForDensity(ResourcesImpl.java:204)
10-17 18:07:37.763  4889  4889 E Icon    : 	at android.content.res.Resources.getDrawableForDensity(Resources.java:875)
10-17 18:07:37.763  4889  4889 E Icon    : 	at android.content.res.Resources.getDrawable(Resources.java:818)
10-17 18:07:37.763  4889  4889 E Icon    : 	at android.graphics.drawable.Icon.loadDrawableInner(Icon.java:323)
10-17 18:07:37.763  4889  4889 E Icon    : 	at android.graphics.drawable.Icon.loadDrawable(Icon.java:276)
10-17 18:07:37.763  4889  4889 E Icon    : 	at com.android.settings.dashboard.DashboardFeatureProviderImpl.bindPreferenceToTile(DashboardFeatureProviderImpl.java:129)
10-17 18:07:37.763  4889  4889 E Icon    : 	at com.android.settings.dashboard.DashboardFragment.refreshDashboardTiles(DashboardFragment.java:335)
10-17 18:07:37.763  4889  4889 E Icon    : 	at com.android.settings.dashboard.DashboardFragment.onCategoriesChanged(DashboardFragment.java:109)
10-17 18:07:37.763  4889  4889 E Icon    : 	at com.android.settingslib.drawer.SettingsDrawerActivity.onCategoriesChanged(SettingsDrawerActivity.java:164)
10-17 18:07:37.763  4889  4889 E Icon    : 	at com.android.settingslib.drawer.SettingsDrawerActivity.-wrap0(Unknown Source:0)
10-17 18:07:37.763  4889  4889 E Icon    : 	at com.android.settingslib.drawer.SettingsDrawerActivity$CategoriesUpdateTask.onPostExecute(SettingsDrawerActivity.java:221)
10-17 18:07:37.763  4889  4889 E Icon    : 	at com.android.settingslib.drawer.SettingsDrawerActivity$CategoriesUpdateTask.onPostExecute(SettingsDrawerActivity.java:218)
10-17 18:07:37.763  4889  4889 E Icon    : 	at android.os.AsyncTask.finish(AsyncTask.java:695)
10-17 18:07:37.763  4889  4889 E Icon    : 	at android.os.AsyncTask.-wrap1(Unknown Source:0)
10-17 18:07:37.763  4889  4889 E Icon    : 	at android.os.AsyncTask$InternalHandler.handleMessage(AsyncTask.java:712)
10-17 18:07:37.763  4889  4889 E Icon    : 	at android.os.Handler.dispatchMessage(Handler.java:105)
10-17 18:07:37.763  4889  4889 E Icon    : 	at android.os.Looper.loop(Looper.java:164)
10-17 18:07:37.763  4889  4889 E Icon    : 	at android.app.ActivityThread.main(ActivityThread.java:6541)
10-17 18:07:37.763  4889  4889 E Icon    : 	at java.lang.reflect.Method.invoke(Native Method)
10-17 18:07:37.763  4889  4889 E Icon    : 	at com.android.internal.os.Zygote$MethodAndArgsCaller.run(Zygote.java:240)
10-17 18:07:37.763  4889  4889 E Icon    : 	at com.android.internal.os.ZygoteInit.main(ZygoteInit.java:767)
10-17 18:07:37.984  4144  4161 W com.android.nfc: Waited one second for android.hardware.nfc@1.0::INfc/default. Waiting another...
10-17 18:07:38.985  4144  4161 W com.android.nfc: Waited one second for android.hardware.nfc@1.0::INfc/default. Waiting another...
10-17 18:07:39.043   607  1826 I ActivityManager: START u0 {act=android.intent.action.MAIN cmp=com.android.settings/.SubSettings (has extras)} from uid 1000
10-17 18:07:39.192  4889  4889 D SubSettings: Launching fragment com.android.settings.applications.ManageApplications
10-17 18:07:39.278  4889  4915 W TileUtils: Found com.android.settings.backup.BackupSettingsActivity for intent Intent { act=com.android.settings.action.SETTINGS pkg=com.android.settings } missing metadata com.android.settings.category
10-17 18:07:39.298  4889  4915 D DatabaseIndexingManager: Indexing locale 'en_US' took 15 millis
10-17 18:07:39.364  4889  4916 W Adreno-EGL: <qeglDrvAPI_eglGetConfigAttrib:607>: EGL_BAD_ATTRIBUTE
10-17 18:07:39.380  4889  4915 D DatabaseIndexingManager: Indexing locale 'en_US' took 23 millis
10-17 18:07:39.395  4889  4916 I vndksupport: sphal namespace is not configured for this process. Loading /vendor/lib/hw/gralloc.msm8960.so from the current namespace instead.
10-17 18:07:39.457   607   682 I ActivityManager: Displayed com.android.settings/.SubSettings: +385ms
10-17 18:07:39.502  4889  4916 D OpenGLRenderer: endAllActiveAnimators on 0x8e452180 (RippleDrawable) with handle 0x8e47cb90
10-17 18:07:39.503  4889  4915 W TileUtils: Found com.android.settings.backup.BackupSettingsActivity for intent Intent { act=com.android.settings.action.SETTINGS pkg=com.android.settings } missing metadata com.android.settings.category
10-17 18:07:39.636  4889  4894 I zygote  : Do partial code cache collection, code=49KB, data=59KB
10-17 18:07:39.636  4889  4894 I zygote  : After code cache collection, code=49KB, data=59KB
10-17 18:07:39.636  4889  4894 I zygote  : Increasing code cache capacity to 256KB
10-17 18:07:39.858  4889  4904 I zygote  : Waiting for a blocking GC ProfileSaver
10-17 18:07:39.973  4889  4900 I zygote  : Background concurrent copying GC freed 31425(2MB) AllocSpace objects, 1(16KB) LOS objects, 49% free, 3MB/7MB, paused 305us total 154.602ms
10-17 18:07:39.973  4889  4904 I zygote  : WaitForGcToComplete blocked for 114.746ms for cause ProfileSaver
10-17 18:07:39.985  4144  4161 W com.android.nfc: Waited one second for android.hardware.nfc@1.0::INfc/default. Waiting another...
10-17 18:07:40.085  4955  4955 E android.hardware.nfc@1.0-service: Could not get passthrough implementation for android.hardware.nfc@1.0::INfc/default.
10-17 18:07:40.985  4144  4161 W com.android.nfc: Waited one second for android.hardware.nfc@1.0::INfc/default. Waiting another...
10-17 18:07:41.985  4144  4161 W com.android.nfc: Waited one second for android.hardware.nfc@1.0::INfc/default. Waiting another...
10-17 18:07:42.629   607   671 I ActivityManager: START u0 {act=android.intent.action.MAIN cmp=com.android.settings/.SubSettings (has extras)} from uid 1000
10-17 18:07:42.703  4889  4889 D SubSettings: Launching fragment com.android.settings.applications.InstalledAppDetails
10-17 18:07:42.807  4889  4889 W Settings: Unable to find info for package: null
10-17 18:07:42.876  4889  4913 W TileUtils: Found com.android.settings.backup.BackupSettingsActivity for intent Intent { act=com.android.settings.action.SETTINGS pkg=com.android.settings } missing metadata com.android.settings.category
10-17 18:07:42.895  4889  4913 D DatabaseIndexingManager: Indexing locale 'en_US' took 14 millis
10-17 18:07:42.921  4889  4889 W InstalledAppDetails: App is not explicitly stopped
10-17 18:07:42.935  4889  4889 W ContextImpl: Calling a method in the system process without a qualified user: android.app.ContextImpl.bindService:1540 android.content.ContextWrapper.bindService:678 android.content.pm.permission.RuntimePermissionPresenter$RemoteService.processMessage:154 android.content.pm.permission.RuntimePermissionPresenter.getAppPermissions:118 com.android.settingslib.applications.PermissionsSummaryHelper.getPermissionSummary:34 
10-17 18:07:42.940  4889  4889 D AppUtils: Have 0 number of activities in preferred list
10-17 18:07:42.986  4144  4161 W com.android.nfc: Waited one second for android.hardware.nfc@1.0::INfc/default. Waiting another...
10-17 18:07:42.997  4889  4913 D DatabaseIndexingManager: Indexing locale 'en_US' took 45 millis
10-17 18:07:43.000   607  1591 E HalDeviceManager: Should have at least 1 chip!
10-17 18:07:43.000   607  1591 E HalDeviceManager: getSupportedIfaceTypesInternal: no chip info found
10-17 18:07:43.002   607  2320 E BatteryStatsService: no controller energy info supplied
10-17 18:07:43.002   607  2320 E BatteryStatsService: no controller energy info supplied
10-17 18:07:43.019   607  2320 E KernelUidCpuFreqTimeReader: Failed to read /proc/uid_time_in_state: java.io.FileNotFoundException: /proc/uid_time_in_state (No such file or directory)
10-17 18:07:43.029   607  2320 E BatteryStatsService: modem info is invalid: ModemActivityInfo{ mTimestamp=0 mSleepTimeMs=0 mIdleTimeMs=0 mTxTimeMs[]=[0, 0, 0, 0, 0] mRxTimeMs=0 mEnergyUsed=0}
10-17 18:07:43.039   197   197 D SurfaceFlinger: duplicate layer name: changing com.android.settings/com.android.settings.SubSettings to com.android.settings/com.android.settings.SubSettings#1
10-17 18:07:43.091  4889  4916 W Adreno-EGL: <qeglDrvAPI_eglGetConfigAttrib:607>: EGL_BAD_ATTRIBUTE
10-17 18:07:43.099  4889  4916 I vndksupport: sphal namespace is not configured for this process. Loading /vendor/lib/hw/gralloc.msm8960.so from the current namespace instead.
10-17 18:07:43.165  4913  4913 W com.android.settings: type=1400 audit(0.0:237): avc: granted { read } for comm=4173796E635461736B202332 name="pagetypeinfo" dev="proc" ino=4026533636 scontext=u:r:system_app:s0 tcontext=u:object_r:proc:s0 tclass=file
10-17 18:07:43.165  4913  4913 W com.android.settings: type=1400 audit(0.0:238): avc: granted { read open } for comm=4173796E635461736B202332 name="pagetypeinfo" dev="proc" ino=4026533636 scontext=u:r:system_app:s0 tcontext=u:object_r:proc:s0 tclass=file
10-17 18:07:43.165  4913  4913 W com.android.settings: type=1400 audit(0.0:239): avc: granted { getattr } for comm=4173796E635461736B202332 path="/proc/pagetypeinfo" dev="proc" ino=4026533636 scontext=u:r:system_app:s0 tcontext=u:object_r:proc:s0 tclass=file
10-17 18:07:43.175  4913  4913 W com.android.settings: type=1400 audit(0.0:240): avc: granted { getattr } for comm=4173796E635461736B202332 path="/proc/pagetypeinfo" dev="proc" ino=4026533636 scontext=u:r:system_app:s0 tcontext=u:object_r:proc:s0 tclass=file
10-17 18:07:43.181  4889  4889 W InstalledAppDetails: App is not explicitly stopped
10-17 18:07:43.188  4889  4889 D AppUtils: Have 0 number of activities in preferred list
10-17 18:07:43.207  4889  4913 W ProcStatsManager: No process com.android.messaging/10061 for service com.android.messaging.datamodel.action.BackgroundWorkerService
10-17 18:07:43.207  4889  4913 W ProcStatsManager: No process com.android.messaging/10061 for service com.android.messaging.datamodel.action.ActionServiceImpl
10-17 18:07:43.208  4889  4913 W ProcStatsManager: No process com.android.defcontainer/10005 for service com.android.defcontainer.DefaultContainerService
10-17 18:07:43.208  4889  4913 W ProcStatsManager: No process com.android.carrierconfig/10002 for service com.android.carrierconfig.DefaultCarrierConfigService
10-17 18:07:43.208  4889  4913 W ProcStatsManager: No process com.android.printspooler/10056 for service com.android.printspooler.model.PrintSpoolerService
10-17 18:07:43.209  4889  4913 W ProcStatsManager: No process com.android.cellbroadcastreceiver/10004 for service com.android.cellbroadcastreceiver.CellBroadcastConfigService
10-17 18:07:43.209  4889  4913 W ProcStatsManager: No process com.android.keychain/1000 for service com.android.keychain.KeyChainService
10-17 18:07:43.209  4889  4913 W ProcStatsManager: No process com.android.dialer/10014 for service com.android.voicemail.impl.OmtpService
10-17 18:07:43.209  4889  4913 W ProcStatsManager: No process com.android.dialer/10014 for service com.android.voicemail.impl.StatusCheckJobService
10-17 18:07:43.209  4889  4913 W ProcStatsManager: No process com.android.gallery3d/10013 for service com.android.gallery3d.app.PackagesMonitor$AsyncService
10-17 18:07:43.209  4889  4913 W ProcStatsManager: No process android.ext.services/10009 for service android.ext.services.storage.CacheQuotaServiceImpl
10-17 18:07:43.210  4889  4913 W ProcStatsManager: No process com.android.packageinstaller/10021 for service com.android.packageinstaller.permission.service.RuntimePermissionPresenterServiceImpl
10-17 18:07:43.210  4889  4913 W ProcStatsManager: No process com.android.email/10045 for service com.android.email.service.EmailBroadcastProcessorService
10-17 18:07:43.235  4913  4913 W com.android.settings: type=1400 audit(0.0:241): avc: granted { read } for comm=4173796E635461736B202332 name="pagetypeinfo" dev="proc" ino=4026533636 scontext=u:r:system_app:s0 tcontext=u:object_r:proc:s0 tclass=file
10-17 18:07:43.235  4913  4913 W com.android.settings: type=1400 audit(0.0:242): avc: granted { read open } for comm=4173796E635461736B202332 name="pagetypeinfo" dev="proc" ino=4026533636 scontext=u:r:system_app:s0 tcontext=u:object_r:proc:s0 tclass=file
10-17 18:07:43.235  4913  4913 W com.android.settings: type=1400 audit(0.0:243): avc: granted { getattr } for comm=4173796E635461736B202332 path="/proc/pagetypeinfo" dev="proc" ino=4026533636 scontext=u:r:system_app:s0 tcontext=u:object_r:proc:s0 tclass=file
10-17 18:07:43.245  4913  4913 W com.android.settings: type=1400 audit(0.0:244): avc: granted { getattr } for comm=4173796E635461736B202332 path="/proc/pagetypeinfo" dev="proc" ino=4026533636 scontext=u:r:system_app:s0 tcontext=u:object_r:proc:s0 tclass=file
10-17 18:07:43.283   607   617 I zygote  : Background concurrent copying GC freed 44187(2MB) AllocSpace objects, 33(952KB) LOS objects, 42% free, 6MB/11MB, paused 366us total 323.760ms
10-17 18:07:43.368  4889  4913 W ProcStatsManager: No process com.android.messaging/10061 for service com.android.messaging.datamodel.action.BackgroundWorkerService
10-17 18:07:43.368  4889  4913 W ProcStatsManager: No process com.android.messaging/10061 for service com.android.messaging.datamodel.action.ActionServiceImpl
10-17 18:07:43.368  4889  4913 W ProcStatsManager: No process com.android.defcontainer/10005 for service com.android.defcontainer.DefaultContainerService
10-17 18:07:43.368  4889  4913 W ProcStatsManager: No process com.android.carrierconfig/10002 for service com.android.carrierconfig.DefaultCarrierConfigService
10-17 18:07:43.369  4889  4913 W ProcStatsManager: No process com.android.printspooler/10056 for service com.android.printspooler.model.PrintSpoolerService
10-17 18:07:43.370  4889  4913 W ProcStatsManager: No process com.android.cellbroadcastreceiver/10004 for service com.android.cellbroadcastreceiver.CellBroadcastConfigService
10-17 18:07:43.370  4889  4913 W ProcStatsManager: No process com.android.keychain/1000 for service com.android.keychain.KeyChainService
10-17 18:07:43.370  4889  4913 W ProcStatsManager: No process com.android.dialer/10014 for service com.android.voicemail.impl.OmtpService
10-17 18:07:43.370  4889  4913 W ProcStatsManager: No process com.android.dialer/10014 for service com.android.voicemail.impl.StatusCheckJobService
10-17 18:07:43.371  4889  4913 W ProcStatsManager: No process com.android.gallery3d/10013 for service com.android.gallery3d.app.PackagesMonitor$AsyncService
10-17 18:07:43.371  4889  4913 W ProcStatsManager: No process android.ext.services/10009 for service android.ext.services.storage.CacheQuotaServiceImpl
10-17 18:07:43.372  4889  4913 W ProcStatsManager: No process com.android.packageinstaller/10021 for service com.android.packageinstaller.permission.service.RuntimePermissionPresenterServiceImpl
10-17 18:07:43.372  4889  4913 W ProcStatsManager: No process com.android.email/10045 for service com.android.email.service.EmailBroadcastProcessorService
10-17 18:07:43.440  4889  4913 W TileUtils: Found com.android.settings.backup.BackupSettingsActivity for intent Intent { act=com.android.settings.action.SETTINGS pkg=com.android.settings } missing metadata com.android.settings.category
10-17 18:07:43.522  4889  4900 I zygote  : Background concurrent copying GC freed 28895(2MB) AllocSpace objects, 27(620KB) LOS objects, 49% free, 8MB/17MB, paused 5.249ms total 257.415ms
10-17 18:07:43.530   607   682 I ActivityManager: Displayed com.android.settings/.SubSettings: +871ms
10-17 18:07:43.560  2741  2741 I zygote  : Deoptimizing com.android.packageinstaller.permission.model.AppPermissionGroup com.android.packageinstaller.permission.model.AppPermissionGroup.create(android.content.Context, android.content.pm.PackageInfo, android.content.pm.PackageItemInfo, java.util.List, android.os.UserHandle) due to JIT inline cache
10-17 18:07:43.580  4889  4889 I zygote  : Deoptimizing void com.android.settingslib.applications.ApplicationsState$MainHandler.handleMessage(android.os.Message) due to JIT inline cache
10-17 18:07:43.580  4889  4889 D InstalledAppDetails: Package change irrelevant, skipping
10-17 18:07:43.986  4144  4161 W com.android.nfc: Waited one second for android.hardware.nfc@1.0::INfc/default. Waiting another...
10-17 18:07:44.951   206   277 D ThermalDaemon: Sensor 'tsens_tz_sensor4' - alarm raised 1 at 60.0 degC
10-17 18:07:44.954   212  2788 I chatty  : uid=1041(audioserver) writer expire 3992 lines
10-17 18:07:44.986  4144  4161 W com.android.nfc: Waited one second for android.hardware.nfc@1.0::INfc/default. Waiting another...
10-17 18:07:45.079  4980  4980 E android.hardware.nfc@1.0-service: Could not get passthrough implementation for android.hardware.nfc@1.0::INfc/default.
10-17 18:07:45.232   607   671 I ActivityManager: START u0 {act=android.intent.action.MANAGE_APP_PERMISSIONS cmp=com.android.packageinstaller/.permission.ui.ManagePermissionsActivity (has extras)} from uid 1000
10-17 18:07:45.343  4889  4894 I zygote  : Do full code cache collection, code=126KB, data=114KB
10-17 18:07:45.345  4889  4894 I zygote  : After code cache collection, code=107KB, data=74KB
10-17 18:07:45.492  2741  4523 W Adreno-EGL: <qeglDrvAPI_eglGetConfigAttrib:607>: EGL_BAD_ATTRIBUTE
10-17 18:07:45.536  2741  4523 I vndksupport: sphal namespace is not configured for this process. Loading /vendor/lib/hw/gralloc.msm8960.so from the current namespace instead.
10-17 18:07:45.756  4889  4916 D OpenGLRenderer: endAllActiveAnimators on 0x88695c00 (RippleDrawable) with handle 0x8e47c6c0
10-17 18:07:45.763   607   682 I ActivityManager: Displayed com.android.packageinstaller/.permission.ui.ManagePermissionsActivity: +487ms
10-17 18:07:45.986  4144  4161 W com.android.nfc: Waited one second for android.hardware.nfc@1.0::INfc/default. Waiting another...
10-17 18:07:46.741   607   607 I GnssLocationProvider: WakeLock acquired by sendMessage(SET_REQUEST, 0, com.android.server.location.GnssLocationProvider$GpsRequest@ef7d0eb)
10-17 18:07:46.742   607   673 I GnssLocationProvider: WakeLock released by handleMessage(SET_REQUEST, 0, com.android.server.location.GnssLocationProvider$GpsRequest@ef7d0eb)
10-17 18:07:46.987  4144  4161 W com.android.nfc: Waited one second for android.hardware.nfc@1.0::INfc/default. Waiting another...
10-17 18:07:47.679   607   675 D AutofillManagerService: onBackKeyPressed()
10-17 18:07:47.740  4889  4915 W TileUtils: Found com.android.settings.backup.BackupSettingsActivity for intent Intent { act=com.android.settings.action.SETTINGS pkg=com.android.settings } missing metadata com.android.settings.category
10-17 18:07:47.764  4889  4915 D DatabaseIndexingManager: Indexing locale 'en_US' took 19 millis
10-17 18:07:47.817  4889  4889 W InstalledAppDetails: App is not explicitly stopped
10-17 18:07:47.823  4889  4889 D AppUtils: Have 0 number of activities in preferred list
10-17 18:07:47.853  4889  4915 D DatabaseIndexingManager: Indexing locale 'en_US' took 19 millis
10-17 18:07:47.873   607  1591 E HalDeviceManager: Should have at least 1 chip!
10-17 18:07:47.873   607  1591 E HalDeviceManager: getSupportedIfaceTypesInternal: no chip info found
10-17 18:07:47.874   607  2320 E BatteryStatsService: no controller energy info supplied
10-17 18:07:47.876   607  2320 E BatteryStatsService: no controller energy info supplied
10-17 18:07:47.887  4889  4916 W Adreno-EGL: <qeglDrvAPI_eglGetConfigAttrib:607>: EGL_BAD_ATTRIBUTE
10-17 18:07:47.897   607  2320 E BatteryStatsService: modem info is invalid: ModemActivityInfo{ mTimestamp=0 mSleepTimeMs=0 mIdleTimeMs=0 mTxTimeMs[]=[0, 0, 0, 0, 0] mRxTimeMs=0 mEnergyUsed=0}
10-17 18:07:47.919  4915  4915 W com.android.settings: type=1400 audit(0.0:245): avc: granted { read } for comm=4173796E635461736B202333 name="pagetypeinfo" dev="proc" ino=4026533636 scontext=u:r:system_app:s0 tcontext=u:object_r:proc:s0 tclass=file
10-17 18:07:47.919  4915  4915 W com.android.settings: type=1400 audit(0.0:246): avc: granted { read open } for comm=4173796E635461736B202333 name="pagetypeinfo" dev="proc" ino=4026533636 scontext=u:r:system_app:s0 tcontext=u:object_r:proc:s0 tclass=file
