--------- beginning of system
10-17 17:57:30.931   170   170 I vold    : Vold 3.0 (the awakening) firing up
10-17 17:57:30.931   170   170 V vold    : Detected support for: exfat ext4 f2fs ntfs vfat
10-17 17:57:30.939   170   170 I vold    : [libfs_mgr]fs_mgr_read_fstab_dt(): failed to read fstab from dt
10-17 17:57:30.946   170   176 D vold    : e4crypt_init_user0
10-17 17:57:30.947   170   176 D vold    : e4crypt_prepare_user_storage for volume null, user 0, serial 0, flags 1
10-17 17:57:30.947   170   176 D vold    : Preparing: /data/system/users/0
10-17 17:57:30.947   170   176 D vold    : Preparing: /data/misc/profiles/cur/0
10-17 17:57:30.947   170   176 D vold    : Preparing: /data/system_de/0
10-17 17:57:30.948   170   176 D vold    : Preparing: /data/misc_de/0
10-17 17:57:30.948   170   176 D vold    : Preparing: /data/user_de/0
10-17 17:57:30.948   170   176 D vold    : e4crypt_unlock_user_key 0 serial=0 token_present=0
10-17 17:57:30.948   170   176 E vold    : Failed to chmod /data/system_ce/0: No such file or directory
10-17 17:57:30.948   170   176 E vold    : Failed to chmod /data/misc_ce/0: No such file or directory
10-17 17:57:34.319   214   214 I installd: installd firing up
10-17 17:57:34.530   221   221 I wificond: wificond is starting up...
10-17 17:57:34.966   191   191 I android.hardware.wifi@1.0-service: Wifi Hal is starting up...
10-17 17:57:35.312   220   351 I /system/bin/storaged: storaged: Start
10-17 17:58:55.904   185   185 D Zygote32Timing: BeginIcuCachePinning took to complete: 37ms
10-17 17:58:57.158   185   185 D Zygote32Timing: PreloadClasses took to complete: 1254ms
10-17 17:58:57.621   185   185 D Zygote32Timing: PreloadResources took to complete: 463ms
10-17 17:58:57.750   185   185 D Zygote32Timing: ZygotePreload took to complete: 1883ms
10-17 17:58:57.833   185   185 D Zygote32Timing: PostZygoteInitGC took to complete: 83ms
10-17 17:58:57.833   185   185 D Zygote32Timing: ZygoteInit took to complete: 1966ms
10-17 17:59:23.087   607   607 I SystemServer: InitBeforeStartServices
10-17 17:59:23.088   607   607 W SystemServer: Timezone not set; setting to GMT.
10-17 17:59:23.103   607   607 I SystemServer: Entered the Android system server!
10-17 17:59:23.406   607   607 D SystemServerTiming: InitBeforeStartServices took to complete: 318ms
10-17 17:59:23.406   607   607 I SystemServer: StartServices
10-17 17:59:23.406   607   607 I SystemServer: Reading configuration...
10-17 17:59:23.406   607   607 I SystemServer: ReadingSystemConfig
10-17 17:59:23.408   607   607 D SystemServerTiming: ReadingSystemConfig took to complete: 1ms
10-17 17:59:23.408   607   607 I SystemServer: StartInstaller
10-17 17:59:23.408   607   672 D SystemServerInitThreadPool: Started executing ReadingSystemConfig
10-17 17:59:23.408   607   607 I SystemServiceManager: Starting com.android.server.pm.Installer
10-17 17:59:23.412   607   607 D SystemServerTiming: StartInstaller took to complete: 4ms
10-17 17:59:23.412   607   607 I SystemServer: DeviceIdentifiersPolicyService
10-17 17:59:23.412   607   607 I SystemServiceManager: Starting com.android.server.os.DeviceIdentifiersPolicyService
10-17 17:59:23.413   607   607 D SystemServerTiming: DeviceIdentifiersPolicyService took to complete: 2ms
10-17 17:59:23.414   607   607 I SystemServer: StartActivityManager
10-17 17:59:23.414   607   607 I SystemServiceManager: Starting com.android.server.am.ActivityManagerService$Lifecycle
10-17 17:59:23.449   607   607 I ActivityManager: Memory class: 192
10-17 17:59:23.450   607   674 I ServiceThread: Enabled StrictMode logging for ActivityManager looper.
10-17 17:59:23.453   607   675 I ServiceThread: Enabled StrictMode logging for android.ui looper.
10-17 17:59:23.464   607   672 D SystemServerInitThreadPool: Finished executing ReadingSystemConfig
10-17 17:59:23.498   607   607 D BatteryStatsImpl: Reading daily items from /data/system/batterystats-daily.xml
10-17 17:59:23.634   607   607 I AppOps  : No existing app ops /data/system/appops.xml; starting empty
10-17 17:59:23.645   607   607 I IntentFirewall: Read new rules (A:0 B:0 S:0)
10-17 17:59:23.655   607   682 I ServiceThread: Enabled StrictMode logging for android.display looper.
10-17 17:59:23.670   607   607 D AppOps  : AppOpsService published
10-17 17:59:23.670   607   607 D SystemServerTiming: StartActivityManager took to complete: 257ms
10-17 17:59:23.671   607   607 I SystemServer: StartPowerManager
10-17 17:59:23.671   607   607 I SystemServiceManager: Starting com.android.server.power.PowerManagerService
10-17 17:59:23.683   607   684 I ServiceThread: Enabled StrictMode logging for PowerManagerService looper.
10-17 17:59:23.704   607   607 D SystemServerTiming: StartPowerManager took to complete: 33ms
10-17 17:59:23.704   607   607 I SystemServer: InitPowerManagement
10-17 17:59:23.706   607   607 D SystemServerTiming: InitPowerManagement took to complete: 2ms
10-17 17:59:23.706   607   607 I SystemServer: StartRecoverySystemService
10-17 17:59:23.706   607   607 I SystemServiceManager: Starting com.android.server.RecoverySystemService
10-17 17:59:23.708   607   607 D SystemServerTiming: StartRecoverySystemService took to complete: 2ms
10-17 17:59:23.709   607   607 V RescueParty: Disabled because of active USB connection
10-17 17:59:23.709   607   607 I SystemServer: StartLightsService
10-17 17:59:23.709   607   607 I SystemServiceManager: Starting com.android.server.lights.LightsService
10-17 17:59:23.710   607   607 D SystemServerTiming: StartLightsService took to complete: 1ms
10-17 17:59:23.710   607   607 I SystemServer: StartDisplayManager
10-17 17:59:23.710   607   607 I SystemServiceManager: Starting com.android.server.display.DisplayManagerService
10-17 17:59:23.720   607   607 D SystemServerTiming: StartDisplayManager took to complete: 10ms
10-17 17:59:23.720   607   607 I SystemServer: WaitForDisplay
10-17 17:59:23.720   607   607 I SystemServiceManager: Starting phase 100
10-17 17:59:23.724   607   682 I DisplayManagerService: Display device added: DisplayDeviceInfo{"Built-in Screen": uniqueId="local:0", 768 x 1280, modeId 1, defaultModeId 1, supportedModes [{id=1, width=768, height=1280, fps=60.0}], colorMode 0, supportedColorModes [0], HdrCapabilities android.view.Display$HdrCapabilities@a69d6308, density 320, 159.895 x 160.157 dpi, appVsyncOff 1000000, presDeadline 16666667, touch INTERNAL, rotation 0, type BUILT_IN, state UNKNOWN, FLAG_DEFAULT_DISPLAY, FLAG_ROTATES_WITH_CONTENT, FLAG_SECURE, FLAG_SUPPORTS_PROTECTED_BUFFERS}
10-17 17:59:23.751   607   607 D SystemServerTiming: WaitForDisplay took to complete: 31ms
10-17 17:59:23.752   607   682 I DisplayManagerService: Display device changed state: "Built-in Screen", ON
10-17 17:59:23.752   607   607 I SystemServer: StartPackageManagerService
10-17 17:59:23.773   607   607 W FileUtils: Failed to chmod(/data/system/packages.list): android.system.ErrnoException: chmod failed: ENOENT (No such file or directory)
10-17 17:59:23.808   607   607 D SELinuxMMAC: Using policy file /system/etc/selinux/plat_mac_permissions.xml
10-17 17:59:23.811   607   607 D SELinuxMMAC: Using policy file /vendor/etc/selinux/nonplat_mac_permissions.xml
10-17 17:59:23.817   607   607 I PackageManager: No settings file; creating initial state
10-17 17:59:23.935   607   607 I PackageManager: /system/framework/framework-res.apk changed; collecting certs
10-17 17:59:24.424   607   607 E PackageManager: Adding duplicate shared id: 1000 name=android
10-17 17:59:24.460   607   607 I PackageManager: /system/priv-app/CallLogBackup changed; collecting certs
10-17 17:59:24.469   607   607 E PackageManager: Adding duplicate user id: 10000 name=com.android.calllogbackup
10-17 17:59:24.472   607   607 I PackageManager: /system/priv-app/BackupRestoreConfirmation changed; collecting certs
10-17 17:59:24.497   607   607 I PackageManager: /system/priv-app/BlockedNumberProvider changed; collecting certs
10-17 17:59:24.507   607   607 E PackageManager: Adding duplicate user id: 10000 name=com.android.providers.blockednumber
10-17 17:59:24.521   607   607 I PackageManager: /system/priv-app/CarrierConfig changed; collecting certs
10-17 17:59:24.532   607   607 I PackageManager: /system/priv-app/CalendarProvider changed; collecting certs
10-17 17:59:24.544   607   607 E PackageManager: Adding duplicate user id: 10003 name=com.android.providers.calendar
10-17 17:59:24.549   607   607 I PackageManager: /system/priv-app/CellBroadcastReceiver changed; collecting certs
10-17 17:59:24.608   607   693 W PackageParser: No actions in intent filter at /system/priv-app/Contacts/Contacts.apk Binary XML file line #443
10-17 17:59:24.615   607   607 I PackageManager: /system/priv-app/ContactsProvider changed; collecting certs
10-17 17:59:24.636   607   607 E PackageManager: Adding duplicate user id: 10000 name=com.android.providers.contacts
10-17 17:59:24.639   607   607 I PackageManager: /system/priv-app/DefaultContainerService changed; collecting certs
10-17 17:59:24.649   607   607 I PackageManager: /system/priv-app/CtsShimPrivPrebuilt changed; collecting certs
10-17 17:59:24.657   607   607 I PackageManager: /system/priv-app/Contacts changed; collecting certs
10-17 17:59:24.855   607   607 I PackageManager: /system/priv-app/DownloadProvider changed; collecting certs
10-17 17:59:24.870   607   607 E PackageManager: Adding duplicate user id: 10008 name=com.android.providers.downloads
10-17 17:59:24.874   607   607 I PackageManager: /system/priv-app/ExtServices changed; collecting certs
10-17 17:59:24.879   607   607 I PackageManager: /system/priv-app/DocumentsUI changed; collecting certs
10-17 17:59:24.927   607   607 I PackageManager: /system/priv-app/FusedLocation changed; collecting certs
10-17 17:59:24.933   607   607 E PackageManager: Adding duplicate shared id: 1000 name=com.android.location.fused
10-17 17:59:24.936   607   607 I PackageManager: /system/priv-app/EmergencyInfo changed; collecting certs
10-17 17:59:24.963   607   607 E PackageManager: Adding duplicate user id: 10011 name=com.android.emergency
10-17 17:59:24.966   607   607 I PackageManager: /system/priv-app/ExternalStorageProvider changed; collecting certs
10-17 17:59:24.973   607   607 I PackageManager: /system/priv-app/InputDevices changed; collecting certs
10-17 17:59:24.981   607   607 E PackageManager: Adding duplicate shared id: 1000 name=com.android.inputdevices
10-17 17:59:24.984   607   607 I PackageManager: /system/priv-app/Gallery2 changed; collecting certs
10-17 17:59:25.122   607   607 I PackageManager: /system/priv-app/Dialer changed; collecting certs
10-17 17:59:25.161   607   695 W PackageParser: Ignoring duplicate uses-permissions/uses-permissions-sdk-m: android.permission.INSTALL_GRANT_RUNTIME_PERMISSIONS in package: com.android.shell at: Binary XML file line #105
10-17 17:59:25.366   607   607 I PackageManager: /system/priv-app/Launcher2 changed; collecting certs
10-17 17:59:25.409   607   607 I PackageManager: /system/priv-app/ManagedProvisioning changed; collecting certs
10-17 17:59:25.448   607   607 I PackageManager: /system/priv-app/MtpDocumentsProvider changed; collecting certs
10-17 17:59:25.456   607   607 E PackageManager: Adding duplicate user id: 10008 name=com.android.mtp
10-17 17:59:25.460   607   607 I PackageManager: /system/priv-app/MmsService changed; collecting certs
10-17 17:59:25.465   607   607 E PackageManager: Adding duplicate shared id: 1001 name=com.android.mms.service
10-17 17:59:25.468   607   607 I PackageManager: /system/priv-app/MediaProvider changed; collecting certs
10-17 17:59:25.479   607   607 E PackageManager: Adding duplicate user id: 10008 name=com.android.providers.media
10-17 17:59:25.486   607   607 I PackageManager: /system/priv-app/MusicFX changed; collecting certs
10-17 17:59:25.494   607   607 I PackageManager: /system/priv-app/OneTimeInitializer changed; collecting certs
10-17 17:59:25.503   607   607 I PackageManager: /system/priv-app/Provision changed; collecting certs
10-17 17:59:25.513   607   607 I PackageManager: /system/priv-app/ProxyHandler changed; collecting certs
10-17 17:59:25.519   607   607 I PackageManager: /system/priv-app/PackageInstaller changed; collecting certs
10-17 17:59:25.695   607   607 I PackageManager: /system/priv-app/SettingsProvider changed; collecting certs
10-17 17:59:25.719   607   695 W PackageParser: Ignoring duplicate uses-permissions/uses-permissions-sdk-m: android.permission.CONFIGURE_WIFI_DISPLAY in package: com.android.systemui at: Binary XML file line #125
10-17 17:59:25.723   607   607 E PackageManager: Adding duplicate shared id: 1000 name=com.android.providers.settings
10-17 17:59:25.733   607   607 I PackageManager: /system/priv-app/SharedStorageBackup changed; collecting certs
10-17 17:59:25.739   607   607 I PackageManager: /system/priv-app/Shell changed; collecting certs
10-17 17:59:25.747   607   607 E PackageManager: Adding duplicate shared id: 2000 name=com.android.shell
10-17 17:59:25.750   607   607 I PackageManager: /system/priv-app/StatementService changed; collecting certs
10-17 17:59:25.757   607   607 I PackageManager: /system/priv-app/Tag changed; collecting certs
10-17 17:59:25.769   607   607 I PackageManager: /system/priv-app/StorageManager changed; collecting certs
10-17 17:59:25.859   607   607 I PackageManager: /system/priv-app/Telecom changed; collecting certs
10-17 17:59:25.938   607   607 E PackageManager: Adding duplicate shared id: 1000 name=com.android.server.telecom
10-17 17:59:25.941   607   607 I PackageManager: /system/priv-app/TelephonyProvider changed; collecting certs
10-17 17:59:25.950   607   607 E PackageManager: Adding duplicate shared id: 1001 name=com.android.providers.telephony
10-17 17:59:25.953   607   607 I PackageManager: /system/priv-app/VpnDialogs changed; collecting certs
10-17 17:59:25.960   607   607 I PackageManager: /system/priv-app/TeleService changed; collecting certs
10-17 17:59:26.109   607   607 E PackageManager: Adding duplicate shared id: 1001 name=com.android.phone
10-17 17:59:26.113   607   607 I PackageManager: /system/priv-app/WallpaperCropper changed; collecting certs
10-17 17:59:26.121   607   607 I PackageManager: /system/priv-app/SystemUI changed; collecting certs
10-17 17:59:26.367   607   607 E PackageManager: Adding duplicate user id: 10028 name=com.android.systemui
10-17 17:59:26.372   607   607 I PackageManager: /system/priv-app/Settings changed; collecting certs
10-17 17:59:26.956   607   607 E PackageManager: Adding duplicate shared id: 1000 name=com.android.settings
10-17 17:59:26.990   607   607 I PackageManager: /system/app/BasicDreams changed; collecting certs
10-17 17:59:26.999   607   607 I PackageManager: /system/app/BluetoothMidiService changed; collecting certs
10-17 17:59:27.017   607   607 I PackageManager: /system/app/BookmarkProvider changed; collecting certs
10-17 17:59:27.026   607   716 W PackageParser: Ignoring duplicate uses-permissions/uses-permissions-sdk-m: android.permission.READ_CONTACTS in package: com.android.bluetooth at: Binary XML file line #61
10-17 17:59:27.030   607   716 W PackageParser: No actions in intent filter at /system/app/Bluetooth/Bluetooth.apk Binary XML file line #218
10-17 17:59:27.043   607   607 I PackageManager: /system/app/Browser2 changed; collecting certs
10-17 17:59:27.053   607   607 I PackageManager: /system/app/BuiltInPrintService changed; collecting certs
10-17 17:59:27.067   607   716 W PackageParser: No actions in intent filter at /system/app/CarrierDefaultApp/CarrierDefaultApp.apk Binary XML file line #49
10-17 17:59:27.075   607   607 I PackageManager: /system/app/Bluetooth changed; collecting certs
10-17 17:59:27.124   607   607 E PackageManager: Adding duplicate shared id: 1002 name=com.android.bluetooth
10-17 17:59:27.128   607   607 I PackageManager: /system/app/CarrierDefaultApp changed; collecting certs
10-17 17:59:27.136   607   607 I PackageManager: /system/app/CaptivePortalLogin changed; collecting certs
10-17 17:59:27.144   607   607 I PackageManager: /system/app/Calendar changed; collecting certs
10-17 17:59:27.203   607   607 I PackageManager: /system/app/Camera2 changed; collecting certs
10-17 17:59:27.206   607   716 W PackageParser: Ignoring duplicate uses-permissions/uses-permissions-sdk-m: android.permission.WRITE_CONTACTS in package: com.android.email at: Binary XML file line #40
10-17 17:59:27.335   607   607 I PackageManager: /system/app/CompanionDeviceManager changed; collecting certs
10-17 17:59:27.341   607   607 I PackageManager: /system/app/CtsShimPrebuilt changed; collecting certs
10-17 17:59:27.347   607   607 I PackageManager: /system/app/CertInstaller changed; collecting certs
10-17 17:59:27.361   607   607 I PackageManager: /system/app/DownloadProviderUi changed; collecting certs
10-17 17:59:27.365   607   718 W PackageParser: Ignoring duplicate uses-permissions/uses-permissions-sdk-m: android.permission.CHANGE_WIFI_STATE in package: com.android.nfc at: Binary XML file line #47
10-17 17:59:27.365   607   718 W PackageParser: Ignoring duplicate uses-permissions/uses-permissions-sdk-m: android.permission.ACCESS_WIFI_STATE in package: com.android.nfc at: Binary XML file line #48
10-17 17:59:27.374   607   607 E PackageManager: Adding duplicate user id: 10008 name=com.android.providers.downloads.ui
10-17 17:59:27.378   607   607 I PackageManager: /system/app/EasterEgg changed; collecting certs
10-17 17:59:27.390   607   607 I PackageManager: /system/app/ExtShared changed; collecting certs
10-17 17:59:27.396   607   607 I PackageManager: /system/app/HTMLViewer changed; collecting certs
10-17 17:59:27.406   607   607 I PackageManager: /system/app/DeskClock changed; collecting certs
10-17 17:59:27.503   607   607 I PackageManager: /system/app/Email changed; collecting certs
10-17 17:59:27.646   607   607 I PackageManager: /system/app/ExactCalculator changed; collecting certs
10-17 17:59:27.664   607   607 I PackageManager: /system/app/KeyChain changed; collecting certs
10-17 17:59:27.675   607   607 E PackageManager: Adding duplicate shared id: 1000 name=com.android.keychain
10-17 17:59:27.679   607   607 I PackageManager: /system/app/LiveWallpapersPicker changed; collecting certs
10-17 17:59:27.750   607   607 I PackageManager: /system/app/Music changed; collecting certs
10-17 17:59:27.770   607   607 I PackageManager: /system/app/PacProcessor changed; collecting certs
10-17 17:59:27.777   607   607 I PackageManager: /system/app/OpenWnn changed; collecting certs
10-17 17:59:27.839   607   607 I PackageManager: /system/app/NfcNci changed; collecting certs
10-17 17:59:27.890   607   607 E PackageManager: Adding duplicate shared id: 1027 name=com.android.nfc
10-17 17:59:27.894   607   607 I PackageManager: /system/app/PicoTts changed; collecting certs
10-17 17:59:27.900   607   607 I PackageManager: /system/app/PhotoTable changed; collecting certs
10-17 17:59:27.919   607   607 I PackageManager: /system/app/PixelTheme changed; collecting certs
10-17 17:59:27.924   607   607 I PackageManager: /system/app/PrintRecommendationService changed; collecting certs
10-17 17:59:27.930   607   607 I PackageManager: /system/app/LatinIME changed; collecting certs
10-17 17:59:28.325   607   607 I PackageManager: /system/app/PrintSpooler changed; collecting certs
10-17 17:59:28.343   607   607 I PackageManager: /system/app/QuickSearchBox changed; collecting certs
10-17 17:59:28.357   607   607 I PackageManager: /system/app/Stock changed; collecting certs
10-17 17:59:28.361   607   607 I PackageManager: /system/app/UserDictionaryProvider changed; collecting certs
10-17 17:59:28.366   607   607 E PackageManager: Adding duplicate user id: 10000 name=com.android.providers.userdictionary
10-17 17:59:28.369   607   607 I PackageManager: /system/app/WAPPushManager changed; collecting certs
10-17 17:59:28.374   607   607 I PackageManager: /system/app/WallpaperBackup changed; collecting certs
10-17 17:59:28.378   607   607 E PackageManager: Adding duplicate shared id: 1000 name=com.android.wallpaperbackup
10-17 17:59:28.380   607   607 I PackageManager: /system/app/webview changed; collecting certs
10-17 17:59:29.781   607   607 I PackageManager: /system/app/messaging changed; collecting certs
10-17 17:59:29.970   607   607 I PackageManager: Time to scan packages: 6.149 seconds
10-17 17:59:29.985   607   607 V PackageManager: reconcileAppsData for null u0 0x3 migrateAppData=true
10-17 17:59:30.289   607   607 V PackageManager: reconcileAppsData finished 18 packages
10-17 17:59:30.291   607   727 D SystemServerInitThreadPool: Started executing prepareAppData
10-17 17:59:30.298   607   727 D SystemServerTimingAsync: AppDataFixup took to complete: 7ms
10-17 17:59:30.470   607   607 D PackageManager: Ephemeral resolver not found with new action; try old one
10-17 17:59:30.470   607   607 D PackageManager: Ephemeral resolver NOT found; no matching intent filters
10-17 17:59:30.470   607   607 D PackageManager: Ephemeral installer not found with new action; try old one
10-17 17:59:30.470   607   607 D PackageManager: Clear ephemeral installer activity
10-17 17:59:30.549   607   607 D SystemServerTiming: StartPackageManagerService took to complete: 6797ms
10-17 17:59:30.549   607   607 I SystemServer: StartOtaDexOptService
10-17 17:59:30.551   607   607 D OTADexopt: No upgrade, skipping A/B artifacts check.
10-17 17:59:30.551   607   607 D SystemServerTiming: StartOtaDexOptService took to complete: 2ms
10-17 17:59:30.551   607   607 I SystemServer: StartUserManagerService
10-17 17:59:30.551   607   607 I SystemServiceManager: Starting com.android.server.pm.UserManagerService$LifeCycle
10-17 17:59:30.552   607   607 D SystemServerTiming: StartUserManagerService took to complete: 1ms
10-17 17:59:30.552   607   607 I SystemServer: InitAttributerCache
10-17 17:59:30.552   607   607 D SystemServerTiming: InitAttributerCache took to complete: 0ms
10-17 17:59:30.552   607   607 I SystemServer: SetSystemProcess
10-17 17:59:30.578   607   607 D SystemServerTiming: SetSystemProcess took to complete: 26ms
10-17 17:59:30.580   607   732 I ServiceThread: Enabled StrictMode logging for android.anim looper.
10-17 17:59:30.581   607   607 I SystemServer: StartOverlayManagerService
10-17 17:59:30.584   607   607 D SystemServerTiming: StartOverlayManagerService took to complete: 3ms
10-17 17:59:30.584   607   733 D SystemServerInitThreadPool: Started executing Init OverlayManagerService
10-17 17:59:30.585   607   607 I SystemServer: StartDropBoxManager
10-17 17:59:30.586   607   607 I SystemServiceManager: Starting com.android.server.DropBoxManagerService
10-17 17:59:30.588   607   734 D SystemServerInitThreadPool: Started executing StartSensorService
10-17 17:59:30.588   607   607 D SystemServerTiming: StartDropBoxManager took to complete: 2ms
10-17 17:59:30.588   607   607 I SystemServer: StartBatteryService
10-17 17:59:30.588   607   607 I SystemServiceManager: Starting com.android.server.BatteryService
10-17 17:59:30.604   607   607 D SystemServerTiming: StartBatteryService took to complete: 17ms
10-17 17:59:30.605   607   607 I SystemServer: StartUsageService
10-17 17:59:30.607   607   607 I SystemServiceManager: Starting com.android.server.usage.UsageStatsService
10-17 17:59:30.646   607   607 D SystemServerTiming: StartUsageService took to complete: 41ms
10-17 17:59:30.646   607   607 I SystemServer: StartWebViewUpdateService
10-17 17:59:30.647   607   607 I SystemServiceManager: Starting com.android.server.webkit.WebViewUpdateService
10-17 17:59:30.653   607   607 D SystemServerTiming: StartWebViewUpdateService took to complete: 7ms
10-17 17:59:30.655   607   607 I SystemServer: StartKeyAttestationApplicationIdProviderService
10-17 17:59:30.655   607   672 D SystemServerInitThreadPool: Started executing SecondaryZygotePreload
10-17 17:59:30.655   607   672 I SystemServer: SecondaryZygotePreload
10-17 17:59:30.660   607   607 D SystemServerTiming: StartKeyAttestationApplicationIdProviderService took to complete: 5ms
10-17 17:59:30.660   607   607 I SystemServer: StartKeyChainSystemService
10-17 17:59:30.660   607   607 I SystemServiceManager: Starting com.android.server.security.KeyChainSystemService
10-17 17:59:30.661   607   607 D SystemServerTiming: StartKeyChainSystemService took to complete: 1ms
10-17 17:59:30.661   607   607 I SystemServer: StartSchedulingPolicyService
10-17 17:59:30.663   607   607 D SystemServerTiming: StartSchedulingPolicyService took to complete: 2ms
10-17 17:59:30.663   607   607 I SystemServer: StartTelecomLoaderService
10-17 17:59:30.663   607   607 I SystemServiceManager: Starting com.android.server.telecom.TelecomLoaderService
10-17 17:59:30.664   607   607 D SystemServerTiming: StartTelecomLoaderService took to complete: 1ms
10-17 17:59:30.664   607   607 I SystemServer: StartTelephonyRegistry
10-17 17:59:30.667   607   672 E SystemServer: Unable to preload default resources
10-17 17:59:30.667   607   672 D SystemServerTimingAsync: SecondaryZygotePreload took to complete: 12ms
10-17 17:59:30.667   607   672 D SystemServerInitThreadPool: Finished executing SecondaryZygotePreload
10-17 17:59:30.673   607   734 D SystemServerTimingAsync: StartSensorService took to complete: 85ms
10-17 17:59:30.673   607   734 D SystemServerInitThreadPool: Finished executing StartSensorService
10-17 17:59:30.696   607   607 D SystemServerTiming: StartTelephonyRegistry took to complete: 32ms
10-17 17:59:30.696   607   607 I SystemServer: StartEntropyMixer
10-17 17:59:30.697   607   607 W EntropyMixer: No existing entropy file -- first boot?
10-17 17:59:30.699   607   607 I EntropyMixer: Added HW RNG output to entropy pool
10-17 17:59:30.699   607   607 I EntropyMixer: Writing entropy...
10-17 17:59:30.716   607   607 D SystemServerTiming: StartEntropyMixer took to complete: 20ms
10-17 17:59:30.716   607   607 I SystemServer: Camera Service Proxy
10-17 17:59:30.716   607   607 I SystemServer: StartCameraServiceProxy
10-17 17:59:30.716   607   607 I SystemServiceManager: Starting com.android.server.camera.CameraServiceProxy
10-17 17:59:30.718   607   743 I ServiceThread: Enabled StrictMode logging for CameraService_proxy looper.
10-17 17:59:30.720   607   607 D SystemServerTiming: StartCameraServiceProxy took to complete: 4ms
10-17 17:59:30.720   607   607 I SystemServer: StartAccountManagerService
10-17 17:59:30.720   607   607 I SystemServiceManager: Starting com.android.server.accounts.AccountManagerService$Lifecycle
10-17 17:59:30.732   607   607 D SystemServerTiming: StartAccountManagerService took to complete: 12ms
10-17 17:59:30.732   607   607 I SystemServer: StartContentService
10-17 17:59:30.732   607   607 I SystemServiceManager: Starting com.android.server.content.ContentService$Lifecycle
10-17 17:59:30.736   607   607 D SystemServerTiming: StartContentService took to complete: 4ms
10-17 17:59:30.736   607   607 I SystemServer: InstallSystemProviders
10-17 17:59:30.927   607   607 I SettingsState: No settings state /data/system/users/0/settings_system.xml
10-17 17:59:30.958   607   607 I SettingsState: No settings state /data/system/users/0/settings_secure.xml
10-17 17:59:30.965   607   607 D SettingsProvider: Generated and saved new ANDROID_ID [e69c32e4a81a6fd8] for user 0
10-17 17:59:30.972   607   607 I SettingsState: No settings state /data/system/users/0/settings_global.xml
10-17 17:59:31.003   607   607 D SettingsProvider: Setting [] as Autofill Service for user 0
10-17 17:59:31.068   607   607 I SettingsState: No settings state /data/system/users/0/settings_ssaid.xml
10-17 17:59:31.083   607   607 D SystemServerTiming: InstallSystemProviders took to complete: 347ms
10-17 17:59:31.083   607   607 I SystemServer: StartVibratorService
10-17 17:59:31.090   607   607 D SystemServerTiming: StartVibratorService took to complete: 7ms
10-17 17:59:31.090   607   607 I SystemServer: StartConsumerIrService
10-17 17:59:31.094   607   607 D SystemServerTiming: StartConsumerIrService took to complete: 4ms
10-17 17:59:31.094   607   607 I SystemServer: StartAlarmManagerService
10-17 17:59:31.094   607   607 I SystemServiceManager: Starting com.android.server.AlarmManagerService
10-17 17:59:31.104   607   607 D SystemServerTiming: StartAlarmManagerService took to complete: 11ms
10-17 17:59:31.105   607   607 I SystemServer: InitWatchdog
10-17 17:59:31.105   607   607 D SystemServerTiming: InitWatchdog took to complete: 0ms
10-17 17:59:31.105   607   607 I SystemServer: StartInputManagerService
10-17 17:59:31.106   607   607 I InputManager: Initializing input manager, mUseDevInputEventForAudioJack=true
10-17 17:59:31.107   607   607 D SystemServerTiming: StartInputManagerService took to complete: 2ms
10-17 17:59:31.107   607   607 I SystemServer: StartWindowManagerService
10-17 17:59:31.134   607   682 I WindowManager: No existing display settings /data/system/display_settings.xml; starting empty
10-17 17:59:31.194   607   607 D SystemServerTiming: StartWindowManagerService took to complete: 87ms
10-17 17:59:31.194   607   607 I SystemServer: StartVrManagerService
10-17 17:59:31.194   607   672 D SystemServerInitThreadPool: Started executing StartHidlServices
10-17 17:59:31.194   607   672 I SystemServer: StartHidlServices
10-17 17:59:31.194   607   607 I SystemServiceManager: Starting com.android.server.vr.VrManagerService
10-17 17:59:31.203   607   672 D SystemServerTiming: StartHidlServices took to complete: 9ms
10-17 17:59:31.203   607   672 D SystemServerInitThreadPool: Finished executing StartHidlServices
10-17 17:59:31.205   607   607 D SystemServerTiming: StartVrManagerService took to complete: 11ms
10-17 17:59:31.205   607   607 I SystemServer: SetWindowManagerService
10-17 17:59:31.210   607   607 D SystemServerTiming: SetWindowManagerService took to complete: 5ms
10-17 17:59:31.210   607   607 I SystemServer: StartInputManager
10-17 17:59:31.210   607   607 I InputManager: Starting input manager
10-17 17:59:31.215   607   607 D SystemServerTiming: StartInputManager took to complete: 4ms
10-17 17:59:31.215   607   607 I SystemServer: DisplayManagerWindowManagerAndInputReady
10-17 17:59:31.216   607   607 D SystemServerTiming: DisplayManagerWindowManagerAndInputReady took to complete: 1ms
10-17 17:59:31.216   607   607 I SystemServer: StartBluetoothService
10-17 17:59:31.217   607   607 I SystemServiceManager: Starting com.android.server.BluetoothService
10-17 17:59:31.223   607   607 D BluetoothManagerService: Loading stored name and address
10-17 17:59:31.224   607   607 D BluetoothManagerService: Stored bluetooth Name=null,Address=null
10-17 17:59:31.224   607   607 D BluetoothManagerService: Bluetooth persisted state: 1
10-17 17:59:31.224   607   607 D BluetoothManagerService: Startup: Bluetooth persisted state is ON.
10-17 17:59:31.234   607   607 D SystemServerTiming: StartBluetoothService took to complete: 17ms
10-17 17:59:31.234   607   607 I SystemServer: IpConnectivityMetrics
10-17 17:59:31.235   607   607 I SystemServiceManager: Starting com.android.server.connectivity.IpConnectivityMetrics
10-17 17:59:31.237   607   607 D SystemServerTiming: IpConnectivityMetrics took to complete: 3ms
10-17 17:59:31.237   607   607 I SystemServer: PinnerService
10-17 17:59:31.237   607   607 I SystemServiceManager: Starting com.android.server.PinnerService
10-17 17:59:31.240   607   607 D SystemServerTiming: PinnerService took to complete: 2ms
10-17 17:59:31.240   607   607 I SystemServer: StartInputMethodManagerLifecycle
10-17 17:59:31.240   607   607 I SystemServiceManager: Starting com.android.server.InputMethodManagerService$Lifecycle
10-17 17:59:31.284   607   733 D SystemServerInitThreadPool: Finished executing Init OverlayManagerService
10-17 17:59:31.299   607   607 D SystemServerTiming: StartInputMethodManagerLifecycle took to complete: 60ms
10-17 17:59:31.300   607   607 I SystemServer: StartAccessibilityManagerService
10-17 17:59:31.308   607   607 D SystemServerTiming: StartAccessibilityManagerService took to complete: 8ms
10-17 17:59:31.308   607   607 I SystemServer: MakeDisplayReady
10-17 17:59:31.310   607   607 I ActivityManager: Config changes=5df8 {1.0 ?mcc?mnc [en_US] ldltr sw384dp w384dp h640dp 320dpi nrml long port ?uimode ?night -touch -keyb/h/h -nav/h appBounds=Rect(0, 0 - 768, 1280) s.2}
10-17 17:59:31.317   607   607 I ActivityManager: Override config changes=40007dfc {1.0 ?mcc?mnc [en_US] ldltr sw384dp w384dp h640dp 320dpi nrml long port ?uimode ?night -touch -keyb/h/h -nav/h appBounds=Rect(0, 0 - 768, 1280) s.2} for displayId=0
10-17 17:59:31.320   607   673 I UsageStatsDatabase: Upgrading from version 0 to 3
10-17 17:59:31.320   607   673 I UsageStatsDatabase: Deleting all usage stats files
10-17 17:59:31.324   607   673 I UsageStatsService: User[0] Rollover scheduled @ 2017-10-18 12:29:31(1508329771310)
10-17 17:59:31.325   607   673 D UsageStatsService: Initializing defaults for system apps on user 0
10-17 17:59:31.329   607   673 E AppIdleHistory: Unable to read app idle file for user 0
10-17 17:59:31.332   607   607 I ActivityManager: Config changes=508 {1.0 ?mcc?mnc [en_US] ldltr sw384dp w384dp h568dp 320dpi nrml port ?uimode ?night finger -keyb/h/h -nav/h appBounds=Rect(0, 0 - 768, 1184) s.3}
10-17 17:59:31.336   607   607 I ActivityManager: Override config changes=508 {1.0 ?mcc?mnc [en_US] ldltr sw384dp w384dp h568dp 320dpi nrml port ?uimode ?night finger -keyb/h/h -nav/h appBounds=Rect(0, 0 - 768, 1184) s.3} for displayId=0
10-17 17:59:31.339   607   607 D SystemServerTiming: MakeDisplayReady took to complete: 32ms
10-17 17:59:31.340   607   607 I SystemServer: StartStorageManagerService
10-17 17:59:31.340   607   607 I SystemServiceManager: Starting com.android.server.StorageManagerService$Lifecycle
10-17 17:59:31.351   607   607 D SystemServerTiming: StartStorageManagerService took to complete: 11ms
10-17 17:59:31.351   607   607 I SystemServer: StartStorageStatsService
10-17 17:59:31.351   607   607 I SystemServiceManager: Starting com.android.server.usage.StorageStatsService$Lifecycle
10-17 17:59:31.352   607   770 D StorageManagerService: Thinking about init, mSystemReady=false, mDaemonConnected=true
10-17 17:59:31.352   607   770 D StorageManagerService: Thinking about reset, mSystemReady=false, mDaemonConnected=true
10-17 17:59:31.352   607   770 D StorageManagerService: Thinking about init, mSystemReady=false, mDaemonConnected=true
10-17 17:59:31.352   607   770 D StorageManagerService: Thinking about reset, mSystemReady=false, mDaemonConnected=true
10-17 17:59:31.352   607   770 D CryptdConnector: SND -> {1 cryptfs getfield SystemLocale}
10-17 17:59:31.354   607   772 D CryptdConnector: RCV <- {200 1 -1}
10-17 17:59:31.356   607   770 W StorageManagerService: No primary storage mounted!
10-17 17:59:31.356   607   770 D VoldConnector: SND -> {1 asec list}
10-17 17:59:31.357   607   771 D VoldConnector: RCV <- {200 1 asec operation succeeded}
10-17 17:59:31.361   607   607 D SystemServerTiming: StartStorageStatsService took to complete: 10ms
10-17 17:59:31.361   607   607 I SystemServer: StartUiModeManager
10-17 17:59:31.362   607   607 I SystemServiceManager: Starting com.android.server.UiModeManagerService
10-17 17:59:31.366   607   734 D SystemServerInitThreadPool: Started executing UiModeManager.onStart
10-17 17:59:31.366   607   734 I ActivityManager: Config changes=200 {1.0 ?mcc?mnc [en_US] ldltr sw384dp w384dp h568dp 320dpi nrml port finger -keyb/h/h -nav/h appBounds=Rect(0, 0 - 768, 1184) s.4}
10-17 17:59:31.367   607   607 D SystemServerTiming: StartUiModeManager took to complete: 6ms
10-17 17:59:31.367   607   607 I SystemServer: UpdatePackagesIfNeeded
10-17 17:59:31.441   607   734 I ActivityManager: Override config changes=200 {1.0 ?mcc?mnc [en_US] ldltr sw384dp w384dp h568dp 320dpi nrml port finger -keyb/h/h -nav/h appBounds=Rect(0, 0 - 768, 1184) s.4} for displayId=0
10-17 17:59:31.445   607   770 W StorageManagerService: No primary storage mounted!
10-17 17:59:31.445   607   770 D VoldConnector: SND -> {2 asec list}
10-17 17:59:31.446   607   771 D VoldConnector: RCV <- {200 2 asec operation succeeded}
10-17 17:59:31.450   607   734 D SystemServerInitThreadPool: Finished executing UiModeManager.onStart
10-17 17:59:46.727   607   727 D SystemServerTimingAsync: AppDataPrepare took to complete: 16429ms
10-17 17:59:46.727   607   727 I PackageManager: Deferred reconcileAppsData finished 64 packages
10-17 17:59:46.727   607   727 D SystemServerInitThreadPool: Finished executing prepareAppData
10-17 18:00:31.576   607   607 D SystemServerTiming: UpdatePackagesIfNeeded took to complete: 60209ms
10-17 18:00:31.576   607   607 I SystemServer: PerformFstrimIfNeeded
10-17 18:00:31.578   607   607 W PackageManager: No disk maintenance in 1508243431578; running immediately
10-17 18:00:31.578   607   607 D SystemServerTiming: PerformFstrimIfNeeded took to complete: 1ms
10-17 18:00:31.578   607   770 I StorageManagerService: Running fstrim idle maintenance
10-17 18:00:31.578   607   607 I SystemServer: StartLockSettingsService
10-17 18:00:31.579   607   770 D VoldConnector: SND -> {3 fstrim dotrim}
10-17 18:00:31.579   607   607 I SystemServiceManager: Starting com.android.server.LockSettingsService$Lifecycle
10-17 18:00:31.580   170   175 I vold    : [libfs_mgr]fs_mgr_read_fstab_dt(): failed to read fstab from dt
10-17 18:00:31.581   607   771 D VoldConnector: RCV <- {200 3 Command succeeded}
10-17 18:00:31.583   170  1585 D vold    : Starting trim of /cache
10-17 18:00:31.608   607   607 D SystemServerTiming: StartLockSettingsService took to complete: 29ms
10-17 18:00:31.609   607   607 I SystemServer: StartDeviceIdleController
10-17 18:00:31.611   607   607 I SystemServiceManager: Starting com.android.server.DeviceIdleController
10-17 18:00:31.622   607   607 D SystemServerTiming: StartDeviceIdleController took to complete: 13ms
10-17 18:00:31.622   607   607 I SystemServer: StartDevicePolicyManager
10-17 18:00:31.622   607   607 I SystemServiceManager: Starting com.android.server.devicepolicy.DevicePolicyManagerService$Lifecycle
10-17 18:00:31.649   170  1585 I vold    : Trimmed 568033280 bytes on /cache in 66ms
10-17 18:00:31.650   607   771 D VoldConnector: RCV <- {662 /cache 568033280 66314697}
10-17 18:00:31.650   170  1585 D vold    : Starting trim of /data
10-17 18:00:31.655   607   607 D SystemServerTiming: StartDevicePolicyManager took to complete: 33ms
10-17 18:00:31.655   607   607 I SystemServer: StartStatusBarManagerService
10-17 18:00:31.659   607   607 D SystemServerTiming: StartStatusBarManagerService took to complete: 4ms
10-17 18:00:31.659   607   607 I SystemServer: StartClipboardService
10-17 18:00:31.659   607   607 I SystemServiceManager: Starting com.android.server.clipboard.ClipboardService
10-17 18:00:31.662   607   607 D SystemServerTiming: StartClipboardService took to complete: 3ms
10-17 18:00:31.662   607   607 I SystemServer: StartNetworkManagementService
10-17 18:00:31.668   607  1586 I NetworkManagement: onDaemonConnected()
10-17 18:00:31.672   607   607 D SystemServerTiming: StartNetworkManagementService took to complete: 10ms
10-17 18:00:31.672   607   607 I SystemServer: StartTextServicesManager
10-17 18:00:31.673   607   607 I SystemServiceManager: Starting com.android.server.TextServicesManagerService$Lifecycle
10-17 18:00:31.685   607   607 D SystemServerTiming: StartTextServicesManager took to complete: 13ms
10-17 18:00:31.685   607   607 I SystemServer: StartNetworkScoreService
10-17 18:00:31.689   607   607 D SystemServerTiming: StartNetworkScoreService took to complete: 4ms
10-17 18:00:31.689   607   607 I SystemServer: StartNetworkStatsService
10-17 18:00:31.697   607   607 D SystemServerTiming: StartNetworkStatsService took to complete: 7ms
10-17 18:00:31.697   607   607 I SystemServer: StartNetworkPolicyManagerService
10-17 18:00:31.706   607  1589 I ServiceThread: Enabled StrictMode logging for NetworkPolicy.uid looper.
10-17 18:00:31.707   607   607 D SystemServerTiming: StartNetworkPolicyManagerService took to complete: 10ms
10-17 18:00:31.707   607   607 I SystemServer: StartWifi
10-17 18:00:31.708   607   607 I SystemServiceManager: Starting com.android.server.wifi.WifiService
10-17 18:00:31.920   607   607 D SystemServerTiming: StartWifi took to complete: 212ms
10-17 18:00:31.920   607   607 I SystemServer: StartWifiScanning
10-17 18:00:31.921   607   607 I SystemServiceManager: Starting com.android.server.wifi.scanner.WifiScanningService
10-17 18:00:31.929   607   607 D SystemServerTiming: StartWifiScanning took to complete: 9ms
10-17 18:00:31.929   607   607 I SystemServer: StartWifiRtt
10-17 18:00:31.930   607   607 I SystemServiceManager: Starting com.android.server.wifi.RttService
10-17 18:00:31.934   607   607 D SystemServerTiming: StartWifiRtt took to complete: 6ms
10-17 18:00:31.935   607   607 I SystemServer: No Wi-Fi Aware Service (Aware support Not Present)
10-17 18:00:31.935   607   607 I SystemServer: StartWifiP2P
10-17 18:00:31.935   607   607 I SystemServiceManager: Starting com.android.server.wifi.p2p.WifiP2pService
10-17 18:00:31.947   607   607 D SystemServerTiming: StartWifiP2P took to complete: 12ms
10-17 18:00:31.947   607   607 I SystemServer: StartEthernet
10-17 18:00:31.948   607   607 I SystemServiceManager: Starting com.android.server.ethernet.EthernetService
10-17 18:00:31.951   607   607 D SystemServerTiming: StartEthernet took to complete: 4ms
10-17 18:00:31.951   607   607 I SystemServer: StartConnectivityService
10-17 18:00:31.962   607   607 D ConnectivityService: ConnectivityService starting up
10-17 18:00:31.965   607   607 D ConnectivityService: wifiOnly=false
10-17 18:00:31.966   607   607 E ConnectivityService: Ignoring protectedNetwork 14
10-17 18:00:31.966   607   607 E ConnectivityService: Ignoring protectedNetwork 15
10-17 18:00:31.981   607   607 D SystemServerTiming: StartConnectivityService took to complete: 30ms
10-17 18:00:31.981   607   607 I SystemServer: StartNsdService
10-17 18:00:31.985   607   607 D NsdService: Network service discovery enabled true
10-17 18:00:31.987   607   607 D SystemServerTiming: StartNsdService took to complete: 7ms
10-17 18:00:31.988   607   607 I SystemServer: StartUpdateLockService
10-17 18:00:31.990   607   607 D SystemServerTiming: StartUpdateLockService took to complete: 2ms
10-17 18:00:31.990   607   607 I SystemServer: WaitForAsecScan
10-17 18:00:31.990   607   607 D SystemServerTiming: WaitForAsecScan took to complete: 0ms
10-17 18:00:31.990   607   607 I SystemServer: StartNotificationManager
10-17 18:00:31.991   607   607 I SystemServiceManager: Starting com.android.server.notification.NotificationManagerService
10-17 18:00:32.021   607   607 D ConditionProviders.SCP: new ScheduleConditionProvider()
10-17 18:00:32.026   607   607 D ZenLog  : set_zen_mode: off,init
10-17 18:00:32.036   607   607 D SystemServerTiming: StartNotificationManager took to complete: 46ms
10-17 18:00:32.036   607   607 I SystemServer: StartDeviceMonitor
10-17 18:00:32.037   607   607 I SystemServiceManager: Starting com.android.server.storage.DeviceStorageMonitorService
10-17 18:00:32.039   607   607 D SystemServerTiming: StartDeviceMonitor took to complete: 2ms
10-17 18:00:32.039   607   607 I SystemServer: StartLocationManagerService
10-17 18:00:32.043   607   607 D SystemServerTiming: StartLocationManagerService took to complete: 5ms
10-17 18:00:32.044   607   607 I SystemServer: StartCountryDetectorService
10-17 18:00:32.045   607   607 D SystemServerTiming: StartCountryDetectorService took to complete: 1ms
10-17 18:00:32.046   607   607 I SystemServer: StartSearchManagerService
10-17 18:00:32.046   607   607 I SystemServiceManager: Starting com.android.server.search.SearchManagerService$Lifecycle
10-17 18:00:32.049   607   607 D SystemServerTiming: StartSearchManagerService took to complete: 3ms
10-17 18:00:32.049   607   607 I SystemServer: StartWallpaperManagerService
10-17 18:00:32.049   607   607 I SystemServiceManager: Starting com.android.server.wallpaper.WallpaperManagerService$Lifecycle
10-17 18:00:32.053   607   607 I WallpaperManagerService: No static wallpaper imagery; defaults will be shown
10-17 18:00:32.054   607   607 W WallpaperManagerService: no current wallpaper -- first boot?
10-17 18:00:32.054   607   607 D SystemServerTiming: StartWallpaperManagerService took to complete: 6ms
10-17 18:00:32.055   607   607 I SystemServer: StartAudioService
10-17 18:00:32.055   607   607 I SystemServiceManager: Starting com.android.server.audio.AudioService$Lifecycle
10-17 18:00:32.119   607   607 D SystemServerTiming: StartAudioService took to complete: 64ms
10-17 18:00:32.119   607   607 I SystemServer: StartDockObserver
10-17 18:00:32.119   607   607 I SystemServiceManager: Starting com.android.server.DockObserver
10-17 18:00:32.120   607   607 W DockObserver: This kernel does not have dock station support
10-17 18:00:32.121   607   607 D SystemServerTiming: StartDockObserver took to complete: 2ms
10-17 18:00:32.122   607   607 I SystemServer: StartWiredAccessoryManager
10-17 18:00:32.123   607   607 D SystemServerTiming: StartWiredAccessoryManager took to complete: 1ms
10-17 18:00:32.123   607   607 I SystemServer: StartUsbService
10-17 18:00:32.123   607   607 I SystemServiceManager: Starting com.android.server.usb.UsbService$Lifecycle
10-17 18:00:32.201   607   753 I UsbPortManager: Usb hal service started android.hardware.usb@1.0::IUsb default
10-17 18:00:32.209   607   607 W SystemServiceManager: Service com.android.server.usb.UsbService$Lifecycle took 85 ms in onStart
10-17 18:00:32.209   607   607 D SystemServerTiming: StartUsbService took to complete: 86ms
10-17 18:00:32.209   607   607 I SystemServer: StartSerialService
10-17 18:00:32.211   607   607 D SystemServerTiming: StartSerialService took to complete: 2ms
10-17 18:00:32.211   607   607 I SystemServer: StartHardwarePropertiesManagerService
10-17 18:00:32.214   607   607 D SystemServerTiming: StartHardwarePropertiesManagerService took to complete: 3ms
10-17 18:00:32.214   607   607 I SystemServer: StartTwilightService
10-17 18:00:32.215   607   607 I SystemServiceManager: Starting com.android.server.twilight.TwilightService
10-17 18:00:32.215   607   607 D SystemServerTiming: StartTwilightService took to complete: 0ms
10-17 18:00:32.216   607   607 I SystemServer: StartNightDisplay
10-17 18:00:32.216   607   607 I SystemServiceManager: Starting com.android.server.display.NightDisplayService
10-17 18:00:32.217   607   607 D SystemServerTiming: StartNightDisplay took to complete: 1ms
10-17 18:00:32.217   607   607 I SystemServer: StartJobScheduler
10-17 18:00:32.217   607   607 I SystemServiceManager: Starting com.android.server.job.JobSchedulerService
10-17 18:00:32.226   607   607 D ConnectivityService: requestNetwork for uid/pid:1000/607 NetworkRequest [ TRACK_DEFAULT id=3, [ Capabilities: INTERNET&NOT_RESTRICTED&TRUSTED&NOT_VPN] ]
10-17 18:00:32.231   607   607 D SystemServerTiming: StartJobScheduler took to complete: 15ms
10-17 18:00:32.232   607   607 I SystemServer: StartSoundTrigger
10-17 18:00:32.232   607   607 I SystemServiceManager: Starting com.android.server.soundtrigger.SoundTriggerService
10-17 18:00:32.234   607   607 D SystemServerTiming: StartSoundTrigger took to complete: 2ms
10-17 18:00:32.234   607   607 I SystemServer: StartTrustManager
10-17 18:00:32.235   607   607 I SystemServiceManager: Starting com.android.server.trust.TrustManagerService
10-17 18:00:32.241   607   607 D SystemServerTiming: StartTrustManager took to complete: 6ms
10-17 18:00:32.241   607   607 I SystemServer: StartBackupManager
10-17 18:00:32.241   607   607 I SystemServiceManager: Starting com.android.server.backup.BackupManagerService$Lifecycle
10-17 18:00:32.245   607   607 D SystemServerTiming: StartBackupManager took to complete: 4ms
10-17 18:00:32.245   607   607 I SystemServer: StartAppWidgerService
10-17 18:00:32.245   607   607 I SystemServiceManager: Starting com.android.server.appwidget.AppWidgetService
10-17 18:00:32.255   607   607 D SystemServerTiming: StartAppWidgerService took to complete: 10ms
10-17 18:00:32.255   607   607 I SystemServer: StartVoiceRecognitionManager
10-17 18:00:32.256   607   607 I SystemServiceManager: Starting com.android.server.voiceinteraction.VoiceInteractionManagerService
10-17 18:00:32.259   607   607 D SystemServerTiming: StartVoiceRecognitionManager took to complete: 4ms
10-17 18:00:32.260   607   607 I SystemServer: StartGestureLauncher
10-17 18:00:32.260   607   607 I SystemServiceManager: Starting com.android.server.GestureLauncherService
10-17 18:00:32.260   607   607 D SystemServerTiming: StartGestureLauncher took to complete: 0ms
10-17 18:00:32.260   607   607 I SystemServer: StartSensorNotification
10-17 18:00:32.261   607   607 I SystemServiceManager: Starting com.android.server.SensorNotificationService
10-17 18:00:32.261   607   607 D SystemServerTiming: StartSensorNotification took to complete: 1ms
10-17 18:00:32.261   607   607 I SystemServer: StartContextHubSystemService
10-17 18:00:32.261   607   607 I SystemServiceManager: Starting com.android.server.ContextHubSystemService
10-17 18:00:32.266   607   607 D SystemServerTiming: StartContextHubSystemService took to complete: 5ms
10-17 18:00:32.266   607   607 I SystemServer: StartDiskStatsService
10-17 18:00:32.271   607   607 D SystemServerTiming: StartDiskStatsService took to complete: 4ms
10-17 18:00:32.271   607   607 I SystemServer: StartSamplingProfilerService
10-17 18:00:32.295   607   607 D SystemServerTiming: StartSamplingProfilerService took to complete: 24ms
10-17 18:00:32.295   607   607 I SystemServer: StartNetworkTimeUpdateService
10-17 18:00:32.297   607   607 D SystemServerTiming: StartNetworkTimeUpdateService took to complete: 2ms
10-17 18:00:32.297   607   607 I SystemServer: StartCommonTimeManagementService
10-17 18:00:32.299   607   607 D SystemServerTiming: StartCommonTimeManagementService took to complete: 2ms
