10-16 01:51:33.292  3959  3959 F libc    : Fatal signal 6 (SIGABRT), code -6 in tid 3959 (mm-qcamera-daem)
10-16 01:51:33.332  3959  3959 F libc    : failed to resend signal during crash: Operation not permitted
10-16 01:51:33.334   523   544 I BootReceiver: Copying /data/tombstones/tombstone_04 to DropBox (SYSTEM_TOMBSTONE)
10-16 01:51:33.593   523   894 I ActivityManager: Killing 1874:com.google.android.onetimeinitializer/u0a29 (adj 906): empty #17
10-16 01:51:33.631   523  3233 W ActivityManager: Unable to start service Intent { cmp=com.google.android.gms/.udc.service.UdcContextListenerService (has extras) } U=0: not found
10-16 01:51:34.311   523  1400 W ActivityManager: Unable to start service Intent { cmp=com.google.android.gms/.analytics.service.RefreshEnabledStateService } U=0: not found
10-16 01:51:34.640   523  2080 E AlarmManager: RTC Alarm: 2 null com.google.android.gms com.google.android.gms.matchstick.register_intent_action
10-16 01:51:34.796   523  1400 E AlarmManager: RTC Alarm: 0 null com.google.android.gms com.google.android.gms.reminders.notification.ACTION_REFRESH_ALIAS_LOCATION_REMINDERS
10-16 01:51:34.968   523   534 E AlarmManager: RTC Alarm: 2 null com.google.android.gms com.google.android.gms.gcm.ACTION_CHECK_QUEUE
10-16 01:51:35.142   523  1400 E AlarmManager: RTC Alarm: 2 null com.google.android.gms com.google.android.gms.gcm.ACTION_CHECK_QUEUE
10-16 01:51:35.370   523   894 E AlarmManager: RTC Alarm: 2 null com.google.android.gms com.google.android.gms.gcm.ACTION_CHECK_QUEUE
10-16 01:51:36.393   523  3233 E AlarmManager: RTC Alarm: 2 null com.google.android.gms com.google.android.gms.gcm.ACTION_CHECK_QUEUE
10-16 01:51:36.790   523  1437 E AlarmManager: RTC Alarm: 2 null com.google.android.gms com.google.android.gms.gcm.ACTION_CHECK_QUEUE
10-16 01:51:37.068   523  1166 E AlarmManager: RTC Alarm: 2 null com.google.android.gms com.google.android.gms.gcm.ACTION_CHECK_QUEUE
10-16 01:51:37.183   523   534 E AlarmManager: RTC Alarm: 2 null com.google.android.gms com.google.android.gms.gcm.ACTION_CHECK_QUEUE
10-16 01:51:37.621   523   778 E AlarmManager: RTC Alarm: 2 null com.google.android.gms com.google.android.gms.gcm.ACTION_CHECK_QUEUE
10-16 01:51:38.315  4031  4031 F libc    : CANNOT LINK EXECUTABLE "/vendor/bin/mm-qcamera-daemon": "/system/vendor/lib/libmmjpeg.so" has text relocations
10-16 01:51:38.315  4031  4031 F libc    : Fatal signal 6 (SIGABRT), code -6 in tid 4031 (mm-qcamera-daem)
10-16 01:51:38.361  4031  4031 F libc    : failed to resend signal during crash: Operation not permitted
10-16 01:51:38.365   523   544 I BootReceiver: Copying /data/tombstones/tombstone_05 to DropBox (SYSTEM_TOMBSTONE)
10-16 01:51:38.474   523  1400 E AlarmManager: RTC Alarm: 2 null com.google.android.gms com.google.android.gms.gcm.ACTION_CHECK_QUEUE
10-16 01:51:39.508   523   534 E AlarmManager: RTC Alarm: 2 null com.google.android.gms com.google.android.gms.gcm.ACTION_CHECK_QUEUE
10-16 01:51:39.560   523   778 E AlarmManager: RTC Alarm: 2 null com.google.android.gms com.google.android.gms.gcm.ACTION_CHECK_QUEUE
10-16 01:51:40.768   523  1437 E AlarmManager: RTC Alarm: 2 null com.google.android.gms com.google.android.gms.gcm.ACTION_CHECK_QUEUE
10-16 01:51:41.150   523  1725 E AlarmManager: RTC Alarm: 2 null com.google.android.gms com.google.android.gms.gcm.ACTION_CHECK_QUEUE
10-16 01:51:42.399   523   523 I ActivityManager: Start proc 4054:com.google.android.configupdater/u0a31 for service com.google.android.configupdater/.MainJobService
10-16 01:51:42.578   523   894 I ActivityManager: Killing 2000:org.omnirom.omnijaws/u0a52 (adj 906): empty #17
10-16 01:51:42.594   523   912 E AlarmManager: RTC Alarm: 2 null com.google.android.gms com.google.android.gms.gcm.ACTION_CHECK_QUEUE
10-16 01:51:43.291  4105  4105 F libc    : CANNOT LINK EXECUTABLE "/vendor/bin/mm-qcamera-daemon": "/system/vendor/lib/libmmjpeg.so" has text relocations
10-16 01:51:43.291  4105  4105 F libc    : Fatal signal 6 (SIGABRT), code -6 in tid 4105 (mm-qcamera-daem)
10-16 01:51:43.328  4105  4105 F libc    : failed to resend signal during crash: Operation not permitted
10-16 01:51:43.331   523   544 I BootReceiver: Copying /data/tombstones/tombstone_06 to DropBox (SYSTEM_TOMBSTONE)
10-16 01:51:44.766   523   912 E AlarmManager: RTC Alarm: 2 null com.google.android.gms com.google.android.gms.gcm.ACTION_CHECK_QUEUE
10-16 01:51:45.284   523   778 E AlarmManager: RTC Alarm: 2 null com.google.android.gms com.google.android.gms.gcm.ACTION_CHECK_QUEUE
10-16 01:51:45.875   523   778 E AlarmManager: RTC Alarm: 2 null com.google.android.gms com.google.android.gms.gcm.ACTION_CHECK_QUEUE
10-16 01:51:46.486   523   535 E AlarmManager: RTC Alarm: 2 null com.google.android.gms com.google.android.gms.gcm.ACTION_CHECK_QUEUE
10-16 01:51:48.088   523   778 E AlarmManager: RTC Alarm: 2 null com.google.android.gms com.google.android.gms.gcm.ACTION_CHECK_QUEUE
10-16 01:51:48.257   523  3233 E AlarmManager: RTC Alarm: 2 null com.google.android.gms com.google.android.gms.gcm.ACTION_CHECK_QUEUE
10-16 01:51:48.292  4147  4147 F libc    : CANNOT LINK EXECUTABLE "/vendor/bin/mm-qcamera-daemon": "/system/vendor/lib/libmmjpeg.so" has text relocations
10-16 01:51:48.292  4147  4147 F libc    : Fatal signal 6 (SIGABRT), code -6 in tid 4147 (mm-qcamera-daem)
10-16 01:51:48.335  4147  4147 F libc    : failed to resend signal during crash: Operation not permitted
10-16 01:51:48.337   523   544 I BootReceiver: Copying /data/tombstones/tombstone_07 to DropBox (SYSTEM_TOMBSTONE)
10-16 01:51:48.540   523   535 I ActivityManager: Killing 917:com.android.settings/1000 (adj 906): empty #17
10-16 01:51:48.580   523   547 W ActivityManager: setHasOverlayUi called on unknown pid: 917
10-16 01:51:48.955   523   542 E BatteryStatsService: no controller energy info supplied
10-16 01:51:48.955   523   542 E BatteryStatsService: no controller energy info supplied
10-16 01:51:48.997   523   542 E BatteryStatsService: modem info is invalid: ModemActivityInfo{ mTimestamp=0 mSleepTimeMs=0 mIdleTimeMs=0 mTxTimeMs[]=[0, 0, 0, 0, 0] mRxTimeMs=0 mEnergyUsed=0}
10-16 01:51:49.811   523   535 E AlarmManager: RTC Alarm: 2 null com.google.android.gms com.google.android.gms.gcm.ACTION_CHECK_QUEUE
10-16 01:51:51.123   523  2080 E AlarmManager: RTC Alarm: 2 null com.google.android.gms com.google.android.gms.gcm.ACTION_CHECK_QUEUE
10-16 01:51:51.746   523  1725 I ActivityManager: Killing 2323:com.android.cellbroadcastreceiver/u0a5 (adj 906): empty #17
10-16 01:51:52.861   523  3233 E AlarmManager: RTC Alarm: 2 null com.google.android.gms com.google.android.gms.gcm.ACTION_CHECK_QUEUE
10-16 01:51:53.291  4163  4163 F libc    : CANNOT LINK EXECUTABLE "/vendor/bin/mm-qcamera-daemon": "/system/vendor/lib/libmmjpeg.so" has text relocations
10-16 01:51:53.291  4163  4163 F libc    : Fatal signal 6 (SIGABRT), code -6 in tid 4163 (mm-qcamera-daem)
10-16 01:51:53.331  4163  4163 F libc    : failed to resend signal during crash: Operation not permitted
10-16 01:51:53.334   523   544 I BootReceiver: Copying /data/tombstones/tombstone_08 to DropBox (SYSTEM_TOMBSTONE)
10-16 01:51:54.516   523  1725 E AlarmManager: RTC Alarm: 2 null com.google.android.gms com.google.android.gms.gcm.ACTION_CHECK_QUEUE
10-16 01:51:55.304   523   912 I ActivityManager: Killing 1231:com.android.dialer/u0a12 (adj 906): empty #17
10-16 01:51:55.728   523  1166 E AlarmManager: RTC Alarm: 2 null com.google.android.gms com.google.android.gms.gcm.ACTION_CHECK_QUEUE
10-16 01:51:58.293  4188  4188 F libc    : CANNOT LINK EXECUTABLE "/vendor/bin/mm-qcamera-daemon": "/system/vendor/lib/libmmjpeg.so" has text relocations
10-16 01:51:58.293  4188  4188 F libc    : Fatal signal 6 (SIGABRT), code -6 in tid 4188 (mm-qcamera-daem)
10-16 01:51:58.330  4188  4188 F libc    : failed to resend signal during crash: Operation not permitted
10-16 01:51:58.333   523   544 I BootReceiver: Copying /data/tombstones/tombstone_09 to DropBox (SYSTEM_TOMBSTONE)
10-16 01:52:03.294  4202  4202 F libc    : CANNOT LINK EXECUTABLE "/vendor/bin/mm-qcamera-daemon": "/system/vendor/lib/libmmjpeg.so" has text relocations
10-16 01:52:03.294  4202  4202 F libc    : Fatal signal 6 (SIGABRT), code -6 in tid 4202 (mm-qcamera-daem)
10-16 01:52:03.332  4202  4202 F libc    : failed to resend signal during crash: Operation not permitted
10-16 01:52:03.334   523   544 I BootReceiver: Copying /data/tombstones/tombstone_00 to DropBox (SYSTEM_TOMBSTONE)
10-16 01:52:05.435   523   778 E AlarmManager: RTC Alarm: 2 null com.google.android.gms com.google.android.gms.gcm.ACTION_CHECK_QUEUE
10-16 01:52:05.556   523  3233 E AlarmManager: RTC Alarm: 2 null com.google.android.gms com.google.android.gms.gcm.ACTION_CHECK_QUEUE
10-16 01:52:05.696   523  1400 E AlarmManager: RTC Alarm: 2 null com.google.android.gms com.google.android.gms.gcm.ACTION_CHECK_QUEUE
10-16 01:52:05.855   523  1166 E AlarmManager: RTC Alarm: 2 null com.google.android.gms com.google.android.gms.gcm.ACTION_CHECK_QUEUE
10-16 01:52:06.512   523   535 E AlarmManager: RTC Alarm: 2 null com.google.android.gms com.google.android.gms.gcm.ACTION_CHECK_QUEUE
10-16 01:52:08.295  4236  4236 F libc    : CANNOT LINK EXECUTABLE "/vendor/bin/mm-qcamera-daemon": "/system/vendor/lib/libmmjpeg.so" has text relocations
10-16 01:52:08.296  4236  4236 F libc    : Fatal signal 6 (SIGABRT), code -6 in tid 4236 (mm-qcamera-daem)
10-16 01:52:08.332  4236  4236 F libc    : failed to resend signal during crash: Operation not permitted
10-16 01:52:08.334   523   544 I BootReceiver: Copying /data/tombstones/tombstone_01 to DropBox (SYSTEM_TOMBSTONE)
10-16 01:52:13.296  4249  4249 F libc    : CANNOT LINK EXECUTABLE "/vendor/bin/mm-qcamera-daemon": "/system/vendor/lib/libmmjpeg.so" has text relocations
10-16 01:52:13.296  4249  4249 F libc    : Fatal signal 6 (SIGABRT), code -6 in tid 4249 (mm-qcamera-daem)
10-16 01:52:13.332  4249  4249 F libc    : failed to resend signal during crash: Operation not permitted
10-16 01:52:13.335   523   544 I BootReceiver: Copying /data/tombstones/tombstone_02 to DropBox (SYSTEM_TOMBSTONE)
10-16 01:52:18.297  4262  4262 F libc    : CANNOT LINK EXECUTABLE "/vendor/bin/mm-qcamera-daemon": "/system/vendor/lib/libmmjpeg.so" has text relocations
10-16 01:52:18.298  4262  4262 F libc    : Fatal signal 6 (SIGABRT), code -6 in tid 4262 (mm-qcamera-daem)
10-16 01:52:18.334  4262  4262 F libc    : failed to resend signal during crash: Operation not permitted
10-16 01:52:18.336   523   544 I BootReceiver: Copying /data/tombstones/tombstone_03 to DropBox (SYSTEM_TOMBSTONE)
10-16 01:52:20.672   523  1400 E AlarmManager: RTC Alarm: 2 null com.google.android.gms com.google.android.gms.gcm.ACTION_CHECK_QUEUE
10-16 01:52:22.297   523  3233 E AlarmManager: RTC Alarm: 2 null com.google.android.gms com.google.android.gms.gcm.ACTION_CHECK_QUEUE
10-16 01:52:22.602   523  1400 E AlarmManager: RTC Alarm: 2 null com.google.android.gms com.google.android.gms.gcm.ACTION_CHECK_QUEUE
10-16 01:52:22.609   523   894 E AlarmManager: RTC Alarm: 2 null com.google.android.gms com.google.android.gms.gcm.ACTION_CHECK_QUEUE
10-16 01:52:23.301  4328  4328 F libc    : CANNOT LINK EXECUTABLE "/vendor/bin/mm-qcamera-daemon": "/system/vendor/lib/libmmjpeg.so" has text relocations
10-16 01:52:23.301  4328  4328 F libc    : Fatal signal 6 (SIGABRT), code -6 in tid 4328 (mm-qcamera-daem)
10-16 01:52:23.353  4328  4328 F libc    : failed to resend signal during crash: Operation not permitted
10-16 01:52:23.357   523   544 I BootReceiver: Copying /data/tombstones/tombstone_04 to DropBox (SYSTEM_TOMBSTONE)
10-16 01:52:23.623   523   534 E AlarmManager: RTC Alarm: 2 null com.google.android.gms com.google.android.gms.gcm.ACTION_CHECK_QUEUE
10-16 01:52:28.300  4348  4348 F libc    : CANNOT LINK EXECUTABLE "/vendor/bin/mm-qcamera-daemon": "/system/vendor/lib/libmmjpeg.so" has text relocations
10-16 01:52:28.300  4348  4348 F libc    : Fatal signal 6 (SIGABRT), code -6 in tid 4348 (mm-qcamera-daem)
10-16 01:52:28.336  4348  4348 F libc    : failed to resend signal during crash: Operation not permitted
10-16 01:52:28.339   523   544 I BootReceiver: Copying /data/tombstones/tombstone_05 to DropBox (SYSTEM_TOMBSTONE)
10-16 01:52:30.253  3123  3142 F libc    : Fatal signal 6 (SIGABRT), code -6 in tid 3142 (enableInternal)
10-16 01:52:30.342  3123  3142 F libc    : failed to resend signal during crash: Operation not permitted
10-16 01:52:30.351   523   544 I BootReceiver: Copying /data/tombstones/tombstone_06 to DropBox (SYSTEM_TOMBSTONE)
10-16 01:52:30.359   523   778 I ActivityManager: Process com.android.nfc (pid 3123) has died: pers PER 
10-16 01:52:30.360   523   778 W ActivityManager: Re-adding persistent process ProcessRecord{f8d6120 3123:com.android.nfc/1027}
10-16 01:52:30.375   523   778 I ActivityManager: Start proc 4364:com.android.nfc/1027 for restart com.android.nfc
10-16 01:52:30.605   523   912 W ActivityManager: Unable to start service Intent { act=android.nfc.cardemulation.action.HOST_APDU_SERVICE cmp=com.google.android.gms/.tapandpay.hce.service.TpHceService } U=0: not found
10-16 01:52:33.302  4408  4408 F libc    : CANNOT LINK EXECUTABLE "/vendor/bin/mm-qcamera-daemon": "/system/vendor/lib/libmmjpeg.so" has text relocations
10-16 01:52:33.302  4408  4408 F libc    : Fatal signal 6 (SIGABRT), code -6 in tid 4408 (mm-qcamera-daem)
10-16 01:52:33.339  4408  4408 F libc    : failed to resend signal during crash: Operation not permitted
10-16 01:52:33.342   523   544 I BootReceiver: Copying /data/tombstones/tombstone_07 to DropBox (SYSTEM_TOMBSTONE)
--------- beginning of main
10-16 01:52:38.301  4422  4422 E linker  : "/system/vendor/lib/libmmjpeg.so" has text relocations
10-16 01:52:38.302  4422  4422 F libc    : CANNOT LINK EXECUTABLE "/vendor/bin/mm-qcamera-daemon": "/system/vendor/lib/libmmjpeg.so" has text relocations
10-16 01:52:38.302  4422  4422 F libc    : Fatal signal 6 (SIGABRT), code -6 in tid 4422 (mm-qcamera-daem)
10-16 01:52:38.337  4425  4425 I crash_dump32: obtaining output fd from tombstoned
10-16 01:52:38.337   313   313 I /system/bin/tombstoned: received crash request for pid 4422
10-16 01:52:38.338  4425  4425 I crash_dump32: performing dump of process 4422 (target tid = 4422)
10-16 01:52:38.338  4422  4422 F libc    : failed to resend signal during crash: Operation not permitted
10-16 01:52:38.338  4425  4425 E DEBUG   : unexpected waitpid response: n=4422, status=00000100
10-16 01:52:38.339   313   313 W /system/bin/tombstoned: crash socket received short read of length 0 (expected 8)
10-16 01:52:38.340   523   544 I BootReceiver: Copying /data/tombstones/tombstone_08 to DropBox (SYSTEM_TOMBSTONE)
10-16 01:52:42.706  4429  4429 I chatty  : uid=1027(nfc) expire 3 lines
10-16 01:52:43.302  4434  4434 E linker  : "/system/vendor/lib/libmmjpeg.so" has text relocations
10-16 01:52:43.304  4434  4434 F libc    : CANNOT LINK EXECUTABLE "/vendor/bin/mm-qcamera-daemon": "/system/vendor/lib/libmmjpeg.so" has text relocations
10-16 01:52:43.304  4434  4434 F libc    : Fatal signal 6 (SIGABRT), code -6 in tid 4434 (mm-qcamera-daem)
10-16 01:52:43.338  4437  4437 I crash_dump32: obtaining output fd from tombstoned
10-16 01:52:43.339   313   313 I /system/bin/tombstoned: received crash request for pid 4434
10-16 01:52:43.340  4437  4437 I crash_dump32: performing dump of process 4434 (target tid = 4434)
10-16 01:52:43.340  4434  4434 F libc    : failed to resend signal during crash: Operation not permitted
10-16 01:52:43.342   313   313 W /system/bin/tombstoned: crash socket received short read of length 0 (expected 8)
10-16 01:52:43.343   523   544 I BootReceiver: Copying /data/tombstones/tombstone_09 to DropBox (SYSTEM_TOMBSTONE)
10-16 01:52:43.381   523  1399 I ActivityManager: Killing 2406:com.google.android.ext.services/u0a32 (adj 906): empty #17
10-16 01:52:43.537   523   533 I zygote  : Background concurrent copying GC freed 39801(2MB) AllocSpace objects, 31(828KB) LOS objects, 42% free, 8MB/15MB, paused 396us total 170.867ms
10-16 01:52:47.697  4443  4443 I chatty  : uid=1027(nfc) /vendor/bin/hw/android.hardware.nfc@1.0-service expire 3 lines
10-16 01:52:48.318  4453  4453 E linker  : "/system/vendor/lib/libmmjpeg.so" has text relocations
10-16 01:52:48.319  4453  4453 F libc    : CANNOT LINK EXECUTABLE "/vendor/bin/mm-qcamera-daemon": "/system/vendor/lib/libmmjpeg.so" has text relocations
10-16 01:52:48.319  4453  4453 F libc    : Fatal signal 6 (SIGABRT), code -6 in tid 4453 (mm-qcamera-daem)
10-16 01:52:48.354  4457  4457 I crash_dump32: obtaining output fd from tombstoned
10-16 01:52:48.355   313   313 I /system/bin/tombstoned: received crash request for pid 4453
10-16 01:52:48.355  4457  4457 I crash_dump32: performing dump of process 4453 (target tid = 4453)
10-16 01:52:48.356  4453  4453 F libc    : failed to resend signal during crash: Operation not permitted
10-16 01:52:48.356  4457  4457 E DEBUG   : unexpected waitpid response: n=4453, status=00000100
10-16 01:52:48.357   313   313 W /system/bin/tombstoned: crash socket received short read of length 0 (expected 8)
10-16 01:52:48.358   523   544 I BootReceiver: Copying /data/tombstones/tombstone_00 to DropBox (SYSTEM_TOMBSTONE)
10-16 01:52:48.631  4364  4391 I chatty  : uid=1027(nfc) com.android.nfc expire 15 lines
10-16 01:52:52.685  4462  4462 I chatty  : uid=1027(nfc) expire 3 lines
10-16 01:52:53.305  4467  4467 E linker  : "/system/vendor/lib/libmmjpeg.so" has text relocations
10-16 01:52:53.306  4467  4467 F libc    : CANNOT LINK EXECUTABLE "/vendor/bin/mm-qcamera-daemon": "/system/vendor/lib/libmmjpeg.so" has text relocations
10-16 01:52:53.306  4467  4467 F libc    : Fatal signal 6 (SIGABRT), code -6 in tid 4467 (mm-qcamera-daem)
10-16 01:52:53.341  4470  4470 I crash_dump32: obtaining output fd from tombstoned
10-16 01:52:53.341   313   313 I /system/bin/tombstoned: received crash request for pid 4467
10-16 01:52:53.342  4470  4470 I crash_dump32: performing dump of process 4467 (target tid = 4467)
10-16 01:52:53.342  4467  4467 F libc    : failed to resend signal during crash: Operation not permitted
10-16 01:52:53.342  4470  4470 E DEBUG   : unexpected waitpid response: n=4467, status=00000100
10-16 01:52:53.344   313   313 W /system/bin/tombstoned: crash socket received short read of length 0 (expected 8)
10-16 01:52:53.345   523   544 I BootReceiver: Copying /data/tombstones/tombstone_01 to DropBox (SYSTEM_TOMBSTONE)
10-16 01:52:57.690  4475  4475 I chatty  : uid=1027(nfc) /vendor/bin/hw/android.hardware.nfc@1.0-service expire 3 lines
10-16 01:52:58.306  4480  4480 E linker  : "/system/vendor/lib/libmmjpeg.so" has text relocations
10-16 01:52:58.308  4480  4480 F libc    : CANNOT LINK EXECUTABLE "/vendor/bin/mm-qcamera-daemon": "/system/vendor/lib/libmmjpeg.so" has text relocations
10-16 01:52:58.308  4480  4480 F libc    : Fatal signal 6 (SIGABRT), code -6 in tid 4480 (mm-qcamera-daem)
10-16 01:52:58.342  4484  4484 I crash_dump32: obtaining output fd from tombstoned
10-16 01:52:58.343   313   313 I /system/bin/tombstoned: received crash request for pid 4480
10-16 01:52:58.343  4484  4484 I crash_dump32: performing dump of process 4480 (target tid = 4480)
10-16 01:52:58.344  4480  4480 F libc    : failed to resend signal during crash: Operation not permitted
10-16 01:52:58.344  4484  4484 E DEBUG   : unexpected waitpid response: n=4480, status=00000100
10-16 01:52:58.345   313   313 W /system/bin/tombstoned: crash socket received short read of length 0 (expected 8)
10-16 01:52:58.347   523   544 I BootReceiver: Copying /data/tombstones/tombstone_02 to DropBox (SYSTEM_TOMBSTONE)
10-16 01:53:02.715  4489  4489 I chatty  : uid=1027(nfc) expire 3 lines
10-16 01:53:03.307  4494  4494 E linker  : "/system/vendor/lib/libmmjpeg.so" has text relocations
10-16 01:53:03.309  4494  4494 F libc    : CANNOT LINK EXECUTABLE "/vendor/bin/mm-qcamera-daemon": "/system/vendor/lib/libmmjpeg.so" has text relocations
10-16 01:53:03.309  4494  4494 F libc    : Fatal signal 6 (SIGABRT), code -6 in tid 4494 (mm-qcamera-daem)
10-16 01:53:03.343  4497  4497 I crash_dump32: obtaining output fd from tombstoned
10-16 01:53:03.344   313   313 I /system/bin/tombstoned: received crash request for pid 4494
10-16 01:53:03.345  4497  4497 I crash_dump32: performing dump of process 4494 (target tid = 4494)
10-16 01:53:03.345  4494  4494 F libc    : failed to resend signal during crash: Operation not permitted
10-16 01:53:03.345  4497  4497 E DEBUG   : unexpected waitpid response: n=4494, status=00000100
10-16 01:53:03.346   313   313 W /system/bin/tombstoned: crash socket received short read of length 0 (expected 8)
10-16 01:53:03.348   523   544 I BootReceiver: Copying /data/tombstones/tombstone_03 to DropBox (SYSTEM_TOMBSTONE)
10-16 01:53:03.635  4364  4391 I chatty  : uid=1027(nfc) com.android.nfc expire 13 lines
10-16 01:53:05.683   523  1166 E AlarmManager: RTC Alarm: 2 null com.google.android.gms com.google.android.gms.gcm.ACTION_CHECK_QUEUE
10-16 01:53:05.767   523   535 E AlarmManager: RTC Alarm: 2 null com.google.android.gms com.google.android.gms.gcm.ACTION_CHECK_QUEUE
10-16 01:53:06.026   523   778 E AlarmManager: RTC Alarm: 2 null com.google.android.gms com.google.android.gms.gcm.ACTION_CHECK_QUEUE
10-16 01:53:06.237   523  1166 E AlarmManager: RTC Alarm: 2 null com.google.android.gms com.google.android.gms.gcm.ACTION_CHECK_QUEUE
10-16 01:53:06.353  3257  4525 I GoogleURLConnFactory: Using platform SSLCertificateSocketFactory
10-16 01:53:06.394  3257  4525 I GoogleURLConnFactory: Using platform SSLCertificateSocketFactory
10-16 01:53:06.488  3257  3275 I zygote  : Background concurrent copying GC freed 75228(5MB) AllocSpace objects, 7(136KB) LOS objects, 49% free, 5MB/11MB, paused 305us total 111.541ms
10-16 01:53:07.286  3257  4525 W System.err: java.io.IOException: FileClientSessionCache: Failed to delete /data/user/0/com.google.android.gms/app_sslcache/cloudconfig.googleapis.com.443.
10-16 01:53:07.286  3257  4525 W System.err: 	at com.android.org.conscrypt.FileClientSessionCache$Impl.delete(FileClientSessionCache.java:300)
10-16 01:53:07.286  3257  4525 W System.err: 	at com.android.org.conscrypt.FileClientSessionCache$Impl.makeRoom(FileClientSessionCache.java:259)
10-16 01:53:07.287  3257  4525 W System.err: 	at com.android.org.conscrypt.FileClientSessionCache$Impl.putSessionData(FileClientSessionCache.java:217)
10-16 01:53:07.287  3257  4525 W System.err: 	at com.android.org.conscrypt.ClientSessionContext.putSession(ClientSessionContext.java:121)
10-16 01:53:07.287  3257  4525 W System.err: 	at com.android.org.conscrypt.SSLParametersImpl.setupSession(SSLParametersImpl.java:706)
10-16 01:53:07.287  3257  4525 W System.err: 	at com.android.org.conscrypt.OpenSSLSocketImpl.startHandshake(OpenSSLSocketImpl.java:393)
10-16 01:53:07.287  3257  4525 W System.err: 	at android.net.SSLCertificateSocketFactory.verifyHostname(SSLCertificateSocketFactory.java:200)
10-16 01:53:07.287  3257  4525 W System.err: 	at android.net.SSLCertificateSocketFactory.createSocket(SSLCertificateSocketFactory.java:445)
10-16 01:53:07.287  3257  4525 W System.err: 	at com.android.okhttp.internal.io.RealConnection.connectTls(RealConnection.java:181)
10-16 01:53:07.287  3257  4525 W System.err: 	at com.android.okhttp.internal.io.RealConnection.connectSocket(RealConnection.java:149)
10-16 01:53:07.287  3257  4525 W System.err: 	at com.android.okhttp.internal.io.RealConnection.connect(RealConnection.java:112)
10-16 01:53:07.287  3257  4525 W System.err: 	at com.android.okhttp.internal.http.StreamAllocation.findConnection(StreamAllocation.java:184)
10-16 01:53:07.287  3257  4525 W System.err: 	at com.android.okhttp.internal.http.StreamAllocation.findHealthyConnection(StreamAllocation.java:126)
10-16 01:53:07.287  3257  4525 W System.err: 	at com.android.okhttp.internal.http.StreamAllocation.newStream(StreamAllocation.java:95)
10-16 01:53:07.287  3257  4525 W System.err: 	at com.android.okhttp.internal.http.HttpEngine.connect(HttpEngine.java:281)
10-16 01:53:07.287  3257  4525 W System.err: 	at com.android.okhttp.internal.http.HttpEngine.sendRequest(HttpEngine.java:224)
10-16 01:53:07.287  3257  4525 W System.err: 	at com.android.okhttp.internal.huc.HttpURLConnectionImpl.execute(HttpURLConnectionImpl.java:461)
10-16 01:53:07.287  3257  4525 W System.err: 	at com.android.okhttp.internal.huc.HttpURLConnectionImpl.connect(HttpURLConnectionImpl.java:127)
10-16 01:53:07.287  3257  4525 W System.err: 	at com.android.okhttp.internal.huc.HttpURLConnectionImpl.getOutputStream(HttpURLConnectionImpl.java:258)
10-16 01:53:07.287  3257  4525 W System.err: 	at com.android.okhttp.internal.huc.DelegatingHttpsURLConnection.getOutputStream(DelegatingHttpsURLConnection.java:218)
10-16 01:53:07.287  3257  4525 W System.err: 	at com.android.okhttp.internal.huc.HttpsURLConnectionImpl.getOutputStream(Unknown Source:0)
10-16 01:53:07.287  3257  4525 W System.err: 	at tws.a(:com.google.android.gms@11741436:50)
10-16 01:53:07.287  3257  4525 W System.err: 	at tws.a(:com.google.android.gms@11741436:76)
10-16 01:53:07.288  3257  4525 W System.err: 	at tws.execute(:com.google.android.gms@11741436:8)
10-16 01:53:07.288  3257  4525 W System.err: 	at tws.execute(:com.google.android.gms@11741436:7)
10-16 01:53:07.288  3257  4525 W System.err: 	at kre.a(:com.google.android.gms@11741436:27)
10-16 01:53:07.288  3257  4525 W System.err: 	at kre.a(:com.google.android.gms@11741436:208)
10-16 01:53:07.288  3257  4525 W System.err: 	at com.google.android.gms.clearcut.uploader.QosUploaderChimeraService.a(:com.google.android.gms@11741436:17)
10-16 01:53:07.288  3257  4525 W System.err: 	at com.google.android.gms.clearcut.uploader.QosUploaderChimeraService.c(:com.google.android.gms@11741436:33)
10-16 01:53:07.288  3257  4525 W System.err: 	at com.google.android.gms.clearcut.uploader.QosUploaderChimeraService.a(:com.google.android.gms@11741436:34)
10-16 01:53:07.288  3257  4525 W System.err: 	at com.google.android.gms.clearcut.uploader.QosUploaderChimeraService.a(:com.google.android.gms@11741436:27)
10-16 01:53:07.288  3257  4525 W System.err: 	at sxf.run(:com.google.android.gms@11741436:1)
10-16 01:53:07.288  3257  4525 W System.err: 	at java.util.concurrent.ThreadPoolExecutor.runWorker(ThreadPoolExecutor.java:1162)
10-16 01:53:07.288  3257  4525 W System.err: 	at java.util.concurrent.ThreadPoolExecutor$Worker.run(ThreadPoolExecutor.java:636)
10-16 01:53:07.288  3257  4525 W System.err: 	at java.lang.Thread.run(Thread.java:764)
10-16 01:53:07.288  3257  4525 W System.err: java.io.IOException: FileClientSessionCache: Failed to delete /data/user/0/com.google.android.gms/app_sslcache/googleads.g.doubleclick.net.443.
10-16 01:53:07.289  3257  4525 W System.err: 	at com.android.org.conscrypt.FileClientSessionCache$Impl.delete(FileClientSessionCache.java:300)
10-16 01:53:07.289  3257  4525 W System.err: 	at com.android.org.conscrypt.FileClientSessionCache$Impl.makeRoom(FileClientSessionCache.java:259)
10-16 01:53:07.289  3257  4525 W System.err: 	at com.android.org.conscrypt.FileClientSessionCache$Impl.putSessionData(FileClientSessionCache.java:217)
10-16 01:53:07.289  3257  4525 W System.err: 	at com.android.org.conscrypt.ClientSessionContext.putSession(ClientSessionContext.java:121)
10-16 01:53:07.289  3257  4525 W System.err: 	at com.android.org.conscrypt.SSLParametersImpl.setupSession(SSLParametersImpl.java:706)
10-16 01:53:07.289  3257  4525 W System.err: 	at com.android.org.conscrypt.OpenSSLSocketImpl.startHandshake(OpenSSLSocketImpl.java:393)
10-16 01:53:07.289  3257  4525 W System.err: 	at android.net.SSLCertificateSocketFactory.verifyHostname(SSLCertificateSocketFactory.java:200)
10-16 01:53:07.289  3257  4525 W System.err: 	at android.net.SSLCertificateSocketFactory.createSocket(SSLCertificateSocketFactory.java:445)
10-16 01:53:07.289  3257  4525 W System.err: 	at com.android.okhttp.internal.io.RealConnection.connectTls(RealConnection.java:181)
10-16 01:53:07.289  3257  4525 W System.err: 	at com.android.okhttp.internal.io.RealConnection.connectSocket(RealConnection.java:149)
10-16 01:53:07.289  3257  4525 W System.err: 	at com.android.okhttp.internal.io.RealConnection.connect(RealConnection.java:112)
10-16 01:53:07.290  3257  4525 W System.err: 	at com.android.okhttp.internal.http.StreamAllocation.findConnection(StreamAllocation.java:184)
10-16 01:53:07.290  3257  4525 W System.err: 	at com.android.okhttp.internal.http.StreamAllocation.findHealthyConnection(StreamAllocation.java:126)
10-16 01:53:07.290  3257  4525 W System.err: 	at com.android.okhttp.internal.http.StreamAllocation.newStream(StreamAllocation.java:95)
10-16 01:53:07.290  3257  4525 W System.err: 	at com.android.okhttp.internal.http.HttpEngine.connect(HttpEngine.java:281)
10-16 01:53:07.290  3257  4525 W System.err: 	at com.android.okhttp.internal.http.HttpEngine.sendRequest(HttpEngine.java:224)
10-16 01:53:07.290  3257  4525 W System.err: 	at com.android.okhttp.internal.huc.HttpURLConnectionImpl.execute(HttpURLConnectionImpl.java:461)
10-16 01:53:07.290  3257  4525 W System.err: 	at com.android.okhttp.internal.huc.HttpURLConnectionImpl.connect(HttpURLConnectionImpl.java:127)
10-16 01:53:07.290  3257  4525 W System.err: 	at com.android.okhttp.internal.huc.HttpURLConnectionImpl.getOutputStream(HttpURLConnectionImpl.java:258)
10-16 01:53:07.290  3257  4525 W System.err: 	at com.android.okhttp.internal.huc.DelegatingHttpsURLConnection.getOutputStream(DelegatingHttpsURLConnection.java:218)
10-16 01:53:07.290  3257  4525 W System.err: 	at com.android.okhttp.internal.huc.HttpsURLConnectionImpl.getOutputStream(Unknown Source:0)
10-16 01:53:07.290  3257  4525 W System.err: 	at tws.a(:com.google.android.gms@11741436:50)
10-16 01:53:07.290  3257  4525 W System.err: 	at tws.a(:com.google.android.gms@11741436:76)
10-16 01:53:07.290  3257  4525 W System.err: 	at tws.execute(:com.google.android.gms@11741436:8)
10-16 01:53:07.290  3257  4525 W System.err: 	at tws.execute(:com.google.android.gms@11741436:7)
10-16 01:53:07.290  3257  4525 W System.err: 	at kre.a(:com.google.android.gms@11741436:27)
10-16 01:53:07.290  3257  4525 W System.err: 	at kre.a(:com.google.android.gms@11741436:208)
10-16 01:53:07.290  3257  4525 W System.err: 	at com.google.android.gms.clearcut.uploader.QosUploaderChimeraService.a(:com.google.android.gms@11741436:17)
10-16 01:53:07.290  3257  4525 W System.err: 	at com.google.android.gms.clearcut.uploader.QosUploaderChimeraService.c(:com.google.android.gms@11741436:33)
10-16 01:53:07.290  3257  4525 W System.err: 	at com.google.android.gms.clearcut.uploader.QosUploaderChimeraService.a(:com.google.android.gms@11741436:34)
10-16 01:53:07.290  3257  4525 W System.err: 	at com.google.android.gms.clearcut.uploader.QosUploaderChimeraService.a(:com.google.android.gms@11741436:27)
10-16 01:53:07.290  3257  4525 W System.err: 	at sxf.run(:com.google.android.gms@11741436:1)
10-16 01:53:07.291  3257  4525 W System.err: 	at java.util.concurrent.ThreadPoolExecutor.runWorker(ThreadPoolExecutor.java:1162)
10-16 01:53:07.291  3257  4525 W System.err: 	at java.util.concurrent.ThreadPoolExecutor$Worker.run(ThreadPoolExecutor.java:636)
10-16 01:53:07.291  3257  4525 W System.err: 	at java.lang.Thread.run(Thread.java:764)
10-16 01:53:07.674  4529  4529 I chatty  : uid=1027(nfc) /vendor/bin/hw/android.hardware.nfc@1.0-service expire 3 lines
10-16 01:53:08.309  4531  4531 E linker  : "/system/vendor/lib/libmmjpeg.so" has text relocations
10-16 01:53:08.310  4531  4531 F libc    : CANNOT LINK EXECUTABLE "/vendor/bin/mm-qcamera-daemon": "/system/vendor/lib/libmmjpeg.so" has text relocations
10-16 01:53:08.311  4531  4531 F libc    : Fatal signal 6 (SIGABRT), code -6 in tid 4531 (mm-qcamera-daem)
10-16 01:53:08.351  4534  4534 I crash_dump32: obtaining output fd from tombstoned
10-16 01:53:08.351   313   313 I /system/bin/tombstoned: received crash request for pid 4531
10-16 01:53:08.352  4534  4534 I crash_dump32: performing dump of process 4531 (target tid = 4531)
10-16 01:53:08.352  4531  4531 F libc    : failed to resend signal during crash: Operation not permitted
10-16 01:53:08.352  4534  4534 E DEBUG   : unexpected waitpid response: n=4531, status=00000100
10-16 01:53:08.353   313   313 W /system/bin/tombstoned: crash socket received short read of length 0 (expected 8)
10-16 01:53:08.355   523   544 I BootReceiver: Copying /data/tombstones/tombstone_04 to DropBox (SYSTEM_TOMBSTONE)
10-16 01:53:08.602  3257  3275 I zygote  : Background concurrent copying GC freed 128551(6MB) AllocSpace objects, 3(100KB) LOS objects, 49% free, 5MB/11MB, paused 274us total 115.020ms
10-16 01:53:08.673  3257  4525 W ConfigurationChimeraPro: Got null configs for com.google.android.gms.auth.account.base
10-16 01:53:10.155  3257  4525 I GoogleURLConnFactory: Using platform SSLCertificateSocketFactory
10-16 01:53:10.997  3257  4525 I GoogleURLConnFactory: Using platform SSLCertificateSocketFactory
10-16 01:53:11.148   523  3233 E AlarmManager: RTC Alarm: 2 null com.google.android.gms com.google.android.gms.gcm.ACTION_CHECK_QUEUE
10-16 01:53:11.161  3320  4547 I SpamListSync: SpamListSyncChimeraService.syncSpamList called with tag: telephonyspam.SpamListSyncOneOffTask, extras: null
10-16 01:53:11.164  3320  4547 I SpamListSync: Spam module disabled. Skipping spam list syncing.
10-16 01:53:11.249  3320  4549 I zygote  : Deoptimizing java.lang.Object atoj.get(java.lang.Object) due to JIT inline cache
10-16 01:53:11.251   523  1399 E AlarmManager: RTC Alarm: 2 null com.google.android.gms com.google.android.gms.gcm.ACTION_CHECK_QUEUE
10-16 01:53:11.331   523  1166 E AlarmManager: RTC Alarm: 2 null com.google.android.gms com.google.android.gms.gcm.ACTION_CHECK_QUEUE
10-16 01:53:11.795  3833  3833 I Binder:3629_4: type=1400 audit(0.0:64): avc: denied { read } for name="interrupts" dev="proc" ino=4026533647 scontext=u:r:priv_app:s0:c512,c768 tcontext=u:object_r:proc_interrupts:s0 tclass=file permissive=1
10-16 01:53:11.795  3833  3833 I Binder:3629_4: type=1400 audit(0.0:65): avc: denied { open } for name="interrupts" dev="proc" ino=4026533647 scontext=u:r:priv_app:s0:c512,c768 tcontext=u:object_r:proc_interrupts:s0 tclass=file permissive=1
10-16 01:53:11.829  3629  3833 W SystemServiceRegistry: No service published for: persistent_data_block
10-16 01:53:11.834  3629  3833 I Adreno-EGL: <qeglDrvAPI_eglInitialize:379>: QUALCOMM Build: 10/21/15, 369a2ea, I96aee987eb
10-16 01:53:11.892  3629  3833 I Adreno-EGL: <qeglDrvAPI_eglInitialize:379>: QUALCOMM Build: 10/21/15, 369a2ea, I96aee987eb
10-16 01:53:11.922  3629  3653 W zygote  : Couldn't lock the profile file /data/user/0/com.google.android.gms/app_fb/f.apk.prof: Failed to open file '/data/user/0/com.google.android.gms/app_fb/f.apk.prof': No such file or directory
10-16 01:53:11.922  3629  3653 W zygote  : Could not forcefully load profile /data/user/0/com.google.android.gms/app_fb/f.apk.prof
10-16 01:53:12.040  3629  3833 I Adreno-EGL: <qeglDrvAPI_eglInitialize:379>: QUALCOMM Build: 10/21/15, 369a2ea, I96aee987eb
10-16 01:53:12.465  3257  3566 W GLSUser : [AppCertManager] IOException while requesting key: 
10-16 01:53:12.465  3257  3566 W GLSUser : java.io.IOException: Invalid device key response.
10-16 01:53:12.465  3257  3566 W GLSUser : 	at eyw.a(:com.google.android.gms@11741436:14)
10-16 01:53:12.465  3257  3566 W GLSUser : 	at eyw.a(:com.google.android.gms@11741436:65)
10-16 01:53:12.465  3257  3566 W GLSUser : 	at eyu.a(:com.google.android.gms@11741436:8)
10-16 01:53:12.465  3257  3566 W GLSUser : 	at eyq.a(:com.google.android.gms@11741436:1)
10-16 01:53:12.465  3257  3566 W GLSUser : 	at eyp.a(:com.google.android.gms@11741436:10)
10-16 01:53:12.465  3257  3566 W GLSUser : 	at com.google.android.gms.auth.account.be.legacy.AuthCronChimeraService.b(:com.google.android.gms@11741436:7)
10-16 01:53:12.465  3257  3566 W GLSUser : 	at edr.call(:com.google.android.gms@11741436:3)
10-16 01:53:12.465  3257  3566 W GLSUser : 	at java.util.concurrent.FutureTask.run(FutureTask.java:266)
10-16 01:53:12.465  3257  3566 W GLSUser : 	at mmu.run(:com.google.android.gms@11741436:26)
10-16 01:53:12.465  3257  3566 W GLSUser : 	at java.util.concurrent.ThreadPoolExecutor.runWorker(ThreadPoolExecutor.java:1162)
10-16 01:53:12.465  3257  3566 W GLSUser : 	at java.util.concurrent.ThreadPoolExecutor$Worker.run(ThreadPoolExecutor.java:636)
10-16 01:53:12.465  3257  3566 W GLSUser : 	at mse.run(Unknown Source:7)
10-16 01:53:12.465  3257  3566 W GLSUser : 	at java.lang.Thread.run(Thread.java:764)
10-16 01:53:12.550   523  2080 E AlarmManager: RTC Alarm: 2 null com.google.android.gms com.google.android.gms.gcm.ACTION_CHECK_QUEUE
10-16 01:53:12.651  4563  4563 I chatty  : uid=1027(nfc) /vendor/bin/hw/android.hardware.nfc@1.0-service expire 3 lines
10-16 01:53:13.339  4565  4565 E linker  : "/system/vendor/lib/libmmjpeg.so" has text relocations
10-16 01:53:13.342  4565  4565 F libc    : CANNOT LINK EXECUTABLE "/vendor/bin/mm-qcamera-daemon": "/system/vendor/lib/libmmjpeg.so" has text relocations
10-16 01:53:13.342  4565  4565 F libc    : Fatal signal 6 (SIGABRT), code -6 in tid 4565 (mm-qcamera-daem)
10-16 01:53:13.387  4568  4568 I crash_dump32: obtaining output fd from tombstoned
10-16 01:53:13.388   313   313 I /system/bin/tombstoned: received crash request for pid 4565
10-16 01:53:13.390  4568  4568 I crash_dump32: performing dump of process 4565 (target tid = 4565)
10-16 01:53:13.390  4565  4565 F libc    : failed to resend signal during crash: Operation not permitted
10-16 01:53:13.391  4568  4568 E DEBUG   : unexpected waitpid response: n=4565, status=00000100
10-16 01:53:13.394   313   313 W /system/bin/tombstoned: crash socket received short read of length 0 (expected 8)
10-16 01:53:13.397   523   544 I BootReceiver: Copying /data/tombstones/tombstone_05 to DropBox (SYSTEM_TOMBSTONE)
10-16 01:53:16.633   523   626 I PowerManagerService: Waking up from dozing (uid 1000)...
10-16 01:53:16.636   523   626 E LightsService: Light requested not available on this device. 2
10-16 01:53:16.645  4364  4391 I chatty  : uid=1027(nfc) com.android.nfc expire 11 lines
10-16 01:53:16.659   523   549 I DisplayPowerController: Blocking screen on until initial contents have been drawn.
10-16 01:53:16.705   523   547 I DisplayManagerService: Display device changed state: "Built-in Screen", ON
10-16 01:53:16.705   271   271 D SurfaceFlinger: Set power mode=2, type=0 flinger=0xb4651000
10-16 01:53:16.739   523   626 I InputReader: Reconfiguring input devices.  changes=0x00000004
10-16 01:53:16.790   283   314 E ANDR-PERF-LOCK: Failed to reset optimization for resource: 4 level: 0
10-16 01:53:16.824   523   549 I DisplayPowerController: Unblocked screen on after 165 ms
10-16 01:53:16.831   523   708 D SurfaceControl: Excessive delay in setPowerMode(): 127ms
10-16 01:53:16.833   523   549 W PowerManagerService: Screen on took 209 ms
10-16 01:53:16.833   523   549 I DreamManagerService: Gently waking up from dream.
10-16 01:53:16.834   523   545 I DreamManagerService: Performing gentle wake from dream.
10-16 01:53:16.842   523   912 I DreamManagerService: Leaving dreamland.
10-16 01:53:16.843   523   545 I DreamManagerService: Performing gentle wake from dream.
10-16 01:53:16.843   523   545 I DreamController: Stopping dream: name=ComponentInfo{com.android.systemui/com.android.systemui.doze.DozeService}, isTest=false, canDoze=true, userId=0
10-16 01:53:16.863   523  2080 D WificondControl: Scan result ready event
10-16 01:53:16.938  3257  3412 D BluetoothLeScanner: onScannerRegistered() - status=0 scannerId=5 mScannerId=0
10-16 01:53:16.950  3257  3793 I BeaconBle: Client requested scan, settings=BleSettings [scanMode=LOW_LATENCY, callbackType=ALL_MATCHES, reportDelayMillis=0, 6 filters, 1 clients, callingClientName=Nearby]
10-16 01:53:17.006  3257  3793 I BeaconBle: 'L' hardware scan: 6 filters, scanMode=2, reportdelay=0, callback type=1, #clients=1, workSource=WorkSource{10028 com.google.android.gms}
10-16 01:53:17.009  3257  3793 I BeaconBle: Starting scan on OS scanner. BT state: 12
10-16 01:53:17.013  3257  3805 D BluetoothLeScanner: onScannerRegistered() - status=0 scannerId=6 mScannerId=0
10-16 01:53:17.662  4597  4597 I chatty  : uid=1027(nfc) /vendor/bin/hw/android.hardware.nfc@1.0-service expire 3 lines
10-16 01:53:17.826   744   744 I zygote  : Deoptimizing void com.android.systemui.statusbar.policy.CallbackHandler$1.run() due to JIT inline cache
10-16 01:53:17.959   744   756 I zygote  : Do partial code cache collection, code=251KB, data=185KB
10-16 01:53:17.960   744   756 I zygote  : After code cache collection, code=242KB, data=181KB
10-16 01:53:17.960   744   756 I zygote  : Increasing code cache capacity to 1024KB
10-16 01:53:18.322  4606  4606 E linker  : "/system/vendor/lib/libmmjpeg.so" has text relocations
10-16 01:53:18.323  4606  4606 F libc    : CANNOT LINK EXECUTABLE "/vendor/bin/mm-qcamera-daemon": "/system/vendor/lib/libmmjpeg.so" has text relocations
10-16 01:53:18.323  4606  4606 F libc    : Fatal signal 6 (SIGABRT), code -6 in tid 4606 (mm-qcamera-daem)
10-16 01:53:18.369  4613  4613 I crash_dump32: obtaining output fd from tombstoned
10-16 01:53:18.369   313   313 I /system/bin/tombstoned: received crash request for pid 4606
10-16 01:53:18.370  4613  4613 I crash_dump32: performing dump of process 4606 (target tid = 4606)
10-16 01:53:18.370  4606  4606 F libc    : failed to resend signal during crash: Operation not permitted
10-16 01:53:18.373   313   313 W /system/bin/tombstoned: crash socket received short read of length 0 (expected 8)
10-16 01:53:18.374   523   544 I BootReceiver: Copying /data/tombstones/tombstone_06 to DropBox (SYSTEM_TOMBSTONE)
10-16 01:53:18.525   744   744 D StatusBar: disable<e i a s b H R c s q >
10-16 01:53:18.550   744   744 D StatusBar: disable<e i a s b H R c s q >
10-16 01:53:18.594  1417  1522 W Adreno-EGL: <qeglDrvAPI_eglGetConfigAttrib:607>: EGL_BAD_ATTRIBUTE
10-16 01:53:18.617  1417  1522 I vndksupport: sphal namespace is not configured for this process. Loading /vendor/lib/hw/gralloc.msm8960.so from the current namespace instead.
10-16 01:53:18.646  1417  1422 I zygote  : Do partial code cache collection, code=123KB, data=87KB
10-16 01:53:18.647  1417  1422 I zygote  : After code cache collection, code=123KB, data=87KB
10-16 01:53:18.647  1417  1422 I zygote  : Increasing code cache capacity to 512KB
10-16 01:53:18.678   744   744 D StatusBar: disable<e i a s b H R c s q >
10-16 01:53:18.679   744   744 D StatusBar: disable<e i a s b H R c s q >
10-16 01:53:18.689   288  1788 D ACDB-LOADER: ACDB -> send_afe_cal
10-16 01:53:18.689   288  1788 D audio_hw_primary: enable_snd_device: snd_device(2: speaker)
10-16 01:53:18.699   288  1788 D audio_hw_primary: enable_audio_route: usecase(1) apply and update mixer path: low-latency-playback
10-16 01:53:18.706   744   744 I zygote  : Deoptimizing android.view.NotificationHeaderView com.android.systemui.statusbar.NotificationContentView.getVisibleNotificationHeader() due to JIT inline cache
10-16 01:53:18.711   744   744 I zygote  : Deoptimizing float com.android.systemui.statusbar.stack.StackScrollAlgorithm.updateChildZValue(int, float, com.android.systemui.statusbar.stack.StackScrollState, com.android.systemui.statusbar.stack.StackScrollAlgorithm$StackScrollAlgorithmState, com.android.systemui.statusbar.stack.AmbientState) due to JIT inline cache
10-16 01:53:18.714  1417  1417 I zygote  : Deoptimizing void com.android.launcher3.BubbleTextView.applyIconAndLabel(android.graphics.Bitmap, com.android.launcher3.ItemInfo) due to JIT inline cache
10-16 01:53:18.739   744  1060 W Adreno-EGL: <qeglDrvAPI_eglGetConfigAttrib:607>: EGL_BAD_ATTRIBUTE
10-16 01:53:18.742  3257  3257 W ConfigurationChimeraPro: Got null configs for com.google.android.gms.trustagent.common
10-16 01:53:18.752   744  1060 I vndksupport: sphal namespace is not configured for this process. Loading /vendor/lib/hw/gralloc.msm8960.so from the current namespace instead.
10-16 01:53:18.756   744   744 D StatusBar: disable<e i a s b h!r!c s q >
10-16 01:53:18.895  3320  4629 I Authzen : [DeviceStateSyncManager] The server is in sync with current state. Nothing to do
10-16 01:53:18.940  3320  3581 I CastDatabase: Opening the database
10-16 01:53:18.953  3320  3581 I SQLiteCastStore: 0 CastNetworkInfo instances loaded, 0 CastDeviceInfo instances loaded, 0 paired guest mode devices loaded.
10-16 01:53:19.138   744  1060 W Adreno-EGL: <qeglDrvAPI_eglGetConfigAttrib:607>: EGL_BAD_ATTRIBUTE
10-16 01:53:19.139   744  1060 I vndksupport: sphal namespace is not configured for this process. Loading /vendor/lib/hw/gralloc.msm8960.so from the current namespace instead.
10-16 01:53:19.176  1417  1522 W OpenGLRenderer: Incorrectly called buildLayer on View: ShortcutAndWidgetContainer, destroying layer...
10-16 01:53:19.176  1417  1522 W OpenGLRenderer: Incorrectly called buildLayer on View: ShortcutAndWidgetContainer, destroying layer...
10-16 01:53:19.309  3320  3320 I CastSocket: 26 >= 18. Adding new CastClientAuthKeyManager.
10-16 01:53:19.320  3320  3320 I DiscoveryManager: WifiGuestModeDeviceScanner enabled.
10-16 01:53:19.330  3320  3320 V MediaRouter: Adding route: RouteInfo{ name=Phone, description=null, status=null, category=RouteCategory{ name=System types=ROUTE_TYPE_LIVE_AUDIO ROUTE_TYPE_LIVE_VIDEO  groupable=false }, supportedTypes=ROUTE_TYPE_LIVE_AUDIO ROUTE_TYPE_LIVE_VIDEO , presentationDisplay=null }
10-16 01:53:19.336  3320  3320 V MediaRouter: Selecting route: RouteInfo{ name=Phone, description=null, status=null, category=RouteCategory{ name=System types=ROUTE_TYPE_LIVE_AUDIO ROUTE_TYPE_LIVE_VIDEO  groupable=false }, supportedTypes=ROUTE_TYPE_LIVE_AUDIO ROUTE_TYPE_LIVE_VIDEO , presentationDisplay=null }
10-16 01:53:19.342  3320  3320 I MediaRouter: Found default route: MediaRouter.RouteInfo{ uniqueId=android/zx:DEFAULT_ROUTE, name=Phone, description=null, iconUri=null, enabled=true, connecting=false, connectionState=0, canDisconnect=false, playbackType=0, playbackStream=3, deviceType=0, volumeHandling=1, volume=11, volumeMax=15, presentationDisplayId=-1, extras=null, settingsIntent=null, providerPackageName=android }
10-16 01:53:19.357  3320  3320 V MediaRouter: Selecting route: RouteInfo{ name=Phone, description=null, status=null, category=RouteCategory{ name=System types=ROUTE_TYPE_LIVE_AUDIO ROUTE_TYPE_LIVE_VIDEO  groupable=false }, supportedTypes=ROUTE_TYPE_LIVE_AUDIO ROUTE_TYPE_LIVE_VIDEO , presentationDisplay=null }
10-16 01:53:19.880  3257  3793 I BeaconBle: Client requested scan, settings=BleSettings [scanMode=ZERO_POWER, callbackType=ALL_MATCHES, reportDelayMillis=0, 6 filters, 1 clients, callingClientName=Nearby]
10-16 01:53:19.904  3257  3793 I BeaconBle: Stopping scan on delegate scanner. BT state: 12
10-16 01:53:19.920  3257  3793 I BeaconBle: Resetting - new scanner available: true
10-16 01:53:19.920  3257  3793 I BeaconBle: ZERO_POWER is disabled.
10-16 01:53:19.920  3257  3793 I BeaconBle: 'L' hardware scan: scan stopped, no powered clients
10-16 01:53:20.569   523  1725 D WificondControl: Scan result ready event
10-16 01:53:20.573   523  1437 D WifiPermissionsUtil: Denied: no location permission
10-16 01:53:21.563   523  1437 I ActivityManager: START u0 {act=android.intent.action.MAIN cat=[android.intent.category.LAUNCHER] flg=0x10200000 cmp=net.sourceforge.opencamera/.MainActivity bnds=[18,744][201,964]} from uid 10013
10-16 01:53:21.569   523  1437 E BoostFramework: Exception java.lang.NullPointerException: Attempt to invoke virtual method 'java.lang.Object java.lang.reflect.Method.invoke(java.lang.Object, java.lang.Object[])' on a null object reference
10-16 01:53:21.585   523   595 W System  : ClassLoader referenced unknown path: 
10-16 01:53:21.659   523  2080 I ActivityManager: Start proc 4661:net.sourceforge.opencamera/u0a67 for activity net.sourceforge.opencamera/.MainActivity
10-16 01:53:21.662   523  2080 W System  : ClassLoader referenced unknown path: /system/framework/QPerformance.jar
10-16 01:53:21.668   523  2080 E BoostFramework: BoostFramework() : Exception_1 = java.lang.ClassNotFoundException: Didn't find class "com.qualcomm.qti.Performance" on path: DexPathList[[],nativeLibraryDirectories=[/system/lib, /system/vendor/lib]]
10-16 01:53:21.669   523  2080 E BoostFramework: Exception java.lang.NullPointerException: Attempt to invoke virtual method 'java.lang.Object java.lang.reflect.Method.invoke(java.lang.Object, java.lang.Object[])' on a null object reference
10-16 01:53:21.679  3282  3282 I Finsky  : [2] com.google.android.finsky.externalreferrer.o.e(9): Package first launch for net.sourceforge.opencamera
10-16 01:53:21.685  3282  3282 I Finsky  : [2] com.google.android.finsky.externalreferrer.d.run(57): Backfilling empty external referrer for net.sourceforge.opencamera
10-16 01:53:21.729   523   778 I ActivityManager: Config changes=480 {1.0 404mcc22mnc [en_IN] ldltr sw384dp w592dp h360dp 320dpi nrml land finger -keyb/v/h -nav/h appBounds=Rect(0, 0 - 1184, 768) s.8}
10-16 01:53:21.755   523   778 I ActivityManager: Override config changes=480 {1.0 404mcc22mnc [en_IN] ldltr sw384dp w592dp h360dp 320dpi nrml land finger -keyb/v/h -nav/h appBounds=Rect(0, 0 - 1184, 768) s.8} for displayId=0
10-16 01:53:21.804   523   778 W ActivityManager: Slow operation: 105ms so far, now at attachApplicationLocked: after mServices.attachApplicationLocked
10-16 01:53:21.808   523   626 I InputReader: Reconfiguring input devices.  changes=0x00000004
10-16 01:53:21.808   523   626 I InputReader: Device reconfigured: id=6, name='touch_dev', size 768x1280, orientation 1, mode 1, display id 0
10-16 01:53:21.835   744  1060 W Adreno-EGL: <qeglDrvAPI_eglGetConfigAttrib:607>: EGL_BAD_ATTRIBUTE
10-16 01:53:21.843   744  1060 I vndksupport: sphal namespace is not configured for this process. Loading /vendor/lib/hw/gralloc.msm8960.so from the current namespace instead.
10-16 01:53:22.036   744  1060 W Adreno-EGL: <qeglDrvAPI_eglGetConfigAttrib:607>: EGL_BAD_ATTRIBUTE
