--------- beginning of system
10-16 01:48:55.607   172   172 I vold    : Vold 3.0 (the awakening) firing up
10-16 01:48:55.609   172   172 V vold    : Detected support for: exfat ext4 f2fs ntfs vfat
10-16 01:48:55.627   172   172 I vold    : [libfs_mgr]fs_mgr_read_fstab_dt(): failed to read fstab from dt
10-16 01:48:55.634   172   176 D vold    : e4crypt_init_user0
10-16 01:48:55.635   172   176 D vold    : e4crypt_prepare_user_storage for volume null, user 0, serial 0, flags 1
10-16 01:48:55.635   172   176 D vold    : Preparing: /data/system/users/0
10-16 01:48:55.637   172   176 D vold    : Preparing: /data/misc/profiles/cur/0
10-16 01:48:55.638   172   176 D vold    : Preparing: /data/system_de/0
10-16 01:48:55.639   172   176 D vold    : Preparing: /data/misc_de/0
10-16 01:48:55.640   172   176 D vold    : Preparing: /data/user_de/0
10-16 01:48:55.641   172   176 D vold    : e4crypt_unlock_user_key 0 serial=0 token_present=0
10-16 01:48:58.079   172   174 D vold    : Disk at 7:0 changed
10-16 01:49:04.017   291   291 I installd: installd firing up
10-16 01:49:04.035   302   302 I wificond: wificond is starting up...
10-16 01:49:04.163   265   265 I android.hardware.wifi@1.0-service: Wifi Hal is starting up...
--------- beginning of crash
10-16 01:49:04.209   306   306 F libc    : CANNOT LINK EXECUTABLE "/vendor/bin/mm-qcamera-daemon": "/system/vendor/lib/libmmjpeg.so" has text relocations
10-16 01:49:04.209   306   306 F libc    : Fatal signal 6 (SIGABRT), code -6 in tid 306 (mm-qcamera-daem)
10-16 01:49:04.554   306   306 F libc    : failed to resend signal during crash: Operation not permitted
10-16 01:49:05.572   300   451 I /system/bin/storaged: storaged: Start
10-16 01:49:07.310   258   258 D Zygote32Timing: BeginIcuCachePinning took to complete: 328ms
10-16 01:49:08.540   514   514 F libc    : CANNOT LINK EXECUTABLE "/vendor/bin/mm-qcamera-daemon": "/system/vendor/lib/libmmjpeg.so" has text relocations
10-16 01:49:08.540   514   514 F libc    : Fatal signal 6 (SIGABRT), code -6 in tid 514 (mm-qcamera-daem)
10-16 01:49:08.580   514   514 F libc    : failed to resend signal during crash: Operation not permitted
10-16 01:49:09.237   258   258 D Zygote32Timing: PreloadClasses took to complete: 1927ms
10-16 01:49:09.775   258   258 D Zygote32Timing: PreloadResources took to complete: 537ms
10-16 01:49:09.948   258   258 D Zygote32Timing: ZygotePreload took to complete: 2965ms
10-16 01:49:10.041   258   258 D Zygote32Timing: PostZygoteInitGC took to complete: 93ms
10-16 01:49:10.041   258   258 D Zygote32Timing: ZygoteInit took to complete: 3063ms
10-16 01:49:10.374   523   523 I SystemServer: InitBeforeStartServices
10-16 01:49:10.375   523   523 I SystemServer: Entered the Android system server!
10-16 01:49:10.918   523   523 D SystemServerTiming: InitBeforeStartServices took to complete: 543ms
10-16 01:49:10.918   523   523 I SystemServer: StartServices
10-16 01:49:10.918   523   523 I SystemServer: Reading configuration...
10-16 01:49:10.918   523   523 I SystemServer: ReadingSystemConfig
10-16 01:49:10.920   523   523 D SystemServerTiming: ReadingSystemConfig took to complete: 2ms
10-16 01:49:10.920   523   523 I SystemServer: StartInstaller
10-16 01:49:10.922   523   536 D SystemServerInitThreadPool: Started executing ReadingSystemConfig
10-16 01:49:10.928   523   523 I SystemServiceManager: Starting com.android.server.pm.Installer
10-16 01:49:10.951   523   523 D SystemServerTiming: StartInstaller took to complete: 31ms
10-16 01:49:10.951   523   523 I SystemServer: DeviceIdentifiersPolicyService
10-16 01:49:10.951   523   523 I SystemServiceManager: Starting com.android.server.os.DeviceIdentifiersPolicyService
10-16 01:49:10.953   523   523 D SystemServerTiming: DeviceIdentifiersPolicyService took to complete: 3ms
10-16 01:49:10.954   523   523 I SystemServer: StartActivityManager
10-16 01:49:10.964   523   523 I SystemServiceManager: Starting com.android.server.am.ActivityManagerService$Lifecycle
10-16 01:49:11.043   523   523 I ActivityManager: Memory class: 192
10-16 01:49:11.045   523   538 I ServiceThread: Enabled StrictMode logging for ActivityManager looper.
10-16 01:49:11.047   523   539 I ServiceThread: Enabled StrictMode logging for android.ui looper.
10-16 01:49:11.097   523   536 D SystemServerInitThreadPool: Finished executing ReadingSystemConfig
10-16 01:49:11.158   523   523 D BatteryStatsImpl: Reading daily items from /data/system/batterystats-daily.xml
10-16 01:49:11.414   523   523 I IntentFirewall: Read new rules (A:0 B:0 S:0)
10-16 01:49:11.427   523   547 I ServiceThread: Enabled StrictMode logging for android.display looper.
10-16 01:49:11.445   523   523 D AppOps  : AppOpsService published
10-16 01:49:11.446   523   523 D SystemServerTiming: StartActivityManager took to complete: 492ms
10-16 01:49:11.446   523   523 I SystemServer: StartPowerManager
10-16 01:49:11.446   523   523 I SystemServiceManager: Starting com.android.server.power.PowerManagerService
10-16 01:49:11.475   523   549 I ServiceThread: Enabled StrictMode logging for PowerManagerService looper.
10-16 01:49:11.512   523   523 D SystemServerTiming: StartPowerManager took to complete: 66ms
10-16 01:49:11.512   523   523 I SystemServer: InitPowerManagement
10-16 01:49:11.514   523   523 D SystemServerTiming: InitPowerManagement took to complete: 2ms
10-16 01:49:11.514   523   523 I SystemServer: StartRecoverySystemService
10-16 01:49:11.514   523   523 I SystemServiceManager: Starting com.android.server.RecoverySystemService
10-16 01:49:11.524   523   523 D SystemServerTiming: StartRecoverySystemService took to complete: 10ms
10-16 01:49:11.526   523   523 V RescueParty: Disabled because of manual property
10-16 01:49:11.526   523   523 I SystemServer: StartLightsService
10-16 01:49:11.526   523   523 I SystemServiceManager: Starting com.android.server.lights.LightsService
10-16 01:49:11.530   523   523 D SystemServerTiming: StartLightsService took to complete: 5ms
10-16 01:49:11.531   523   523 I SystemServer: StartDisplayManager
10-16 01:49:11.531   523   523 I SystemServiceManager: Starting com.android.server.display.DisplayManagerService
10-16 01:49:11.536   523   523 D SystemServerTiming: StartDisplayManager took to complete: 5ms
10-16 01:49:11.536   523   523 I SystemServer: WaitForDisplay
10-16 01:49:11.536   523   523 I SystemServiceManager: Starting phase 100
10-16 01:49:11.555   523   547 I DisplayManagerService: Display device added: DisplayDeviceInfo{"Built-in Screen": uniqueId="local:0", 768 x 1280, modeId 1, defaultModeId 1, supportedModes [{id=1, width=768, height=1280, fps=60.0}], colorMode 0, supportedColorModes [0], HdrCapabilities android.view.Display$HdrCapabilities@a69d6308, density 320, 159.895 x 160.157 dpi, appVsyncOff 1000000, presDeadline 16666667, touch INTERNAL, rotation 0, type BUILT_IN, state UNKNOWN, FLAG_DEFAULT_DISPLAY, FLAG_ROTATES_WITH_CONTENT, FLAG_SECURE, FLAG_SUPPORTS_PROTECTED_BUFFERS}
10-16 01:49:11.584   523   523 D SystemServerTiming: WaitForDisplay took to complete: 48ms
10-16 01:49:11.584   523   547 I DisplayManagerService: Display device changed state: "Built-in Screen", ON
10-16 01:49:11.584   523   523 I SystemServer: StartPackageManagerService
10-16 01:49:11.667   523   523 D SELinuxMMAC: Using policy file /system/etc/selinux/plat_mac_permissions.xml
10-16 01:49:11.671   523   523 D SELinuxMMAC: Using policy file /vendor/etc/selinux/nonplat_mac_permissions.xml
10-16 01:49:12.262   523   523 W PackageManager: Package com.google.android.ext.shared library android.ext.shared already exists; skipping
10-16 01:49:12.319   523   523 I PackageManager: /data/app/eu.chainfire.supersu-1 changed; collecting certs
10-16 01:49:12.728   523   523 E PackageManager: updateAllSharedLibrariesLPw failed: Package com.android.dialer requires unavailable shared library com.qualcomm.qti.smartsearch; failing!
10-16 01:49:12.737   523   523 I PackageManager: Time to scan packages: 0.874 seconds
10-16 01:49:12.738   523   523 I PackageManager: Un-granting permission android.permission.INSTALL_GRANT_RUNTIME_PERMISSIONS from package com.android.vending (protectionLevel=770 flags=0x384abe45)
10-16 01:49:12.738   523   523 I PackageManager: Un-granting permission android.permission.GRANT_RUNTIME_PERMISSIONS from package com.android.vending (protectionLevel=770 flags=0x384abe45)
10-16 01:49:12.738   523   523 I PackageManager: Un-granting permission android.permission.REVOKE_RUNTIME_PERMISSIONS from package com.android.vending (protectionLevel=770 flags=0x384abe45)
10-16 01:49:12.738   523   523 I PackageManager: Un-granting permission android.permission.SET_PREFERRED_APPLICATIONS from package com.android.vending (protectionLevel=514 flags=0x384abe45)
10-16 01:49:12.739   523   523 I PackageManager: Un-granting permission android.permission.ACCESS_INSTANT_APPS from package com.android.vending (protectionLevel=770 flags=0x384abe45)
10-16 01:49:12.744   523   523 V PackageManager: Disabling com.google.android.gsf/com.google.android.gsf.update.SystemUpdateActivity
10-16 01:49:12.745   523   523 W PackageManager: Unable to disable com.google.android.gsf/com.google.android.gsf.update.SystemUpdateActivity
10-16 01:49:12.745   523   523 V PackageManager: Disabling com.google.android.gsf/com.google.android.gsf.update.SystemUpdateService$Receiver
10-16 01:49:12.745   523   523 W PackageManager: Unable to disable com.google.android.gsf/com.google.android.gsf.update.SystemUpdateService$Receiver
10-16 01:49:12.745   523   523 V PackageManager: Disabling com.google.android.gsf/com.google.android.gsf.update.SystemUpdateService$SecretCodeReceiver
10-16 01:49:12.745   523   523 W PackageManager: Unable to disable com.google.android.gsf/com.google.android.gsf.update.SystemUpdateService$SecretCodeReceiver
10-16 01:49:12.745   523   523 V PackageManager: Disabling com.google.android.gms/com.google.android.gms.update.SystemUpdateActivity
10-16 01:49:12.745   523   523 V PackageManager: Disabling com.google.android.gms/com.google.android.gms.update.SystemUpdateService$Receiver
10-16 01:49:12.745   523   523 W PackageManager: Unable to disable com.google.android.gms/com.google.android.gms.update.SystemUpdateService$Receiver
10-16 01:49:12.745   523   523 V PackageManager: Disabling com.google.android.gms/com.google.android.gms.update.SystemUpdateService$ActiveReceiver
10-16 01:49:12.745   523   523 W PackageManager: Unable to disable com.google.android.gms/com.google.android.gms.update.SystemUpdateService$ActiveReceiver
10-16 01:49:12.745   523   523 V PackageManager: Disabling com.google.android.gms/com.google.android.gms.update.SystemUpdateService$SecretCodeReceiver
10-16 01:49:12.746   523   523 W PackageManager: Unable to disable com.google.android.gms/com.google.android.gms.update.SystemUpdateService$SecretCodeReceiver
10-16 01:49:12.746   523   523 V PackageManager: Enabling com.google.android.gsf/com.google.android.gsf.update.SystemUpdateService
10-16 01:49:12.746   523   523 W PackageManager: Unable to enable com.google.android.gsf/com.google.android.gsf.update.SystemUpdateService
10-16 01:49:12.746   523   523 V PackageManager: Enabling com.google.android.gms/com.google.android.gms.update.SystemUpdateService
10-16 01:49:12.746   523   523 V PackageManager: reconcileAppsData for null u0 0x3 migrateAppData=true
10-16 01:49:12.940   523   523 V PackageManager: reconcileAppsData finished 19 packages
10-16 01:49:12.942   523   587 D SystemServerInitThreadPool: Started executing prepareAppData
10-16 01:49:13.143   523   523 V PackageManager: Ephemeral resolver found; pkg: com.google.android.gms, info:ResolveInfo{26ba91f com.google.android.gms/.chimera.PersistentBoundBrokerService m=0x108000}
10-16 01:49:13.143   523   523 D PackageManager: Set ephemeral resolver: Pair{ComponentInfo{com.google.android.gms/com.google.android.gms.chimera.PersistentBoundBrokerService} android.intent.action.RESOLVE_INSTANT_APP_PACKAGE}
10-16 01:49:13.146   523   523 D PackageManager: Set ephemeral installer activity: ComponentInfo{com.android.vending/com.google.android.finsky.instantapps.EphemeralInstallerActivity}
10-16 01:49:13.184   523   587 D SystemServerTimingAsync: AppDataFixup took to complete: 243ms
10-16 01:49:13.307   523   523 D SystemServerTiming: StartPackageManagerService took to complete: 1723ms
10-16 01:49:13.308   523   523 I SystemServer: StartOtaDexOptService
10-16 01:49:13.309   523   523 D OTADexopt: No upgrade, skipping A/B artifacts check.
10-16 01:49:13.309   523   523 D SystemServerTiming: StartOtaDexOptService took to complete: 2ms
10-16 01:49:13.309   523   523 I SystemServer: StartUserManagerService
10-16 01:49:13.310   523   523 I SystemServiceManager: Starting com.android.server.pm.UserManagerService$LifeCycle
10-16 01:49:13.310   523   523 D SystemServerTiming: StartUserManagerService took to complete: 0ms
10-16 01:49:13.310   523   523 I SystemServer: InitAttributerCache
10-16 01:49:13.311   523   523 D SystemServerTiming: InitAttributerCache took to complete: 0ms
10-16 01:49:13.311   523   523 I SystemServer: SetSystemProcess
10-16 01:49:13.321   523   523 D SystemServerTiming: SetSystemProcess took to complete: 11ms
10-16 01:49:13.323   523   595 I ServiceThread: Enabled StrictMode logging for android.anim looper.
10-16 01:49:13.323   523   523 I SystemServer: StartOverlayManagerService
10-16 01:49:13.327   523   523 D SystemServerTiming: StartOverlayManagerService took to complete: 3ms
10-16 01:49:13.327   523   596 D SystemServerInitThreadPool: Started executing Init OverlayManagerService
10-16 01:49:13.328   523   523 I SystemServer: StartDropBoxManager
10-16 01:49:13.328   523   523 I SystemServiceManager: Starting com.android.server.DropBoxManagerService
10-16 01:49:13.330   523   523 D SystemServerTiming: StartDropBoxManager took to complete: 2ms
10-16 01:49:13.330   523   523 I SystemServer: StartBatteryService
10-16 01:49:13.331   523   597 D SystemServerInitThreadPool: Started executing StartSensorService
10-16 01:49:13.332   523   523 I SystemServiceManager: Starting com.android.server.BatteryService
10-16 01:49:13.346   523   523 D SystemServerTiming: StartBatteryService took to complete: 16ms
10-16 01:49:13.346   523   523 I SystemServer: StartUsageService
10-16 01:49:13.349   523   523 I SystemServiceManager: Starting com.android.server.usage.UsageStatsService
10-16 01:49:13.353   523   542 E BatteryStatsService: no controller energy info supplied
10-16 01:49:13.355   523   542 E KernelUidCpuFreqTimeReader: Failed to read /proc/uid_time_in_state: java.io.FileNotFoundException: /proc/uid_time_in_state (No such file or directory)
10-16 01:49:13.358   523   542 W KernelMemoryBandwidthStats: No kernel memory bandwidth stats available
10-16 01:49:13.366   523   523 D SystemServerTiming: StartUsageService took to complete: 20ms
10-16 01:49:13.366   523   523 I SystemServer: StartWebViewUpdateService
10-16 01:49:13.372   523   596 D SystemServerInitThreadPool: Finished executing Init OverlayManagerService
10-16 01:49:13.372   523   523 I SystemServiceManager: Starting com.android.server.webkit.WebViewUpdateService
10-16 01:49:13.374   523   542 E KernelUidCpuFreqTimeReader: Failed to read /proc/uid_time_in_state: java.io.FileNotFoundException: /proc/uid_time_in_state (No such file or directory)
10-16 01:49:13.379   523   523 D SystemServerTiming: StartWebViewUpdateService took to complete: 13ms
10-16 01:49:13.380   523   523 I SystemServer: StartKeyAttestationApplicationIdProviderService
10-16 01:49:13.380   523   536 D SystemServerInitThreadPool: Started executing SecondaryZygotePreload
10-16 01:49:13.380   523   536 I SystemServer: SecondaryZygotePreload
10-16 01:49:13.383   523   523 D SystemServerTiming: StartKeyAttestationApplicationIdProviderService took to complete: 3ms
10-16 01:49:13.383   523   523 I SystemServer: StartKeyChainSystemService
10-16 01:49:13.383   523   523 I SystemServiceManager: Starting com.android.server.security.KeyChainSystemService
10-16 01:49:13.384   523   523 D SystemServerTiming: StartKeyChainSystemService took to complete: 1ms
10-16 01:49:13.384   523   523 I SystemServer: StartSchedulingPolicyService
10-16 01:49:13.385   523   523 D SystemServerTiming: StartSchedulingPolicyService took to complete: 2ms
10-16 01:49:13.385   523   523 I SystemServer: StartTelecomLoaderService
10-16 01:49:13.386   523   523 I SystemServiceManager: Starting com.android.server.telecom.TelecomLoaderService
10-16 01:49:13.387   523   523 D SystemServerTiming: StartTelecomLoaderService took to complete: 1ms
10-16 01:49:13.387   523   523 I SystemServer: StartTelephonyRegistry
10-16 01:49:13.391   523   523 D SystemServerTiming: StartTelephonyRegistry took to complete: 4ms
10-16 01:49:13.391   523   523 I SystemServer: StartEntropyMixer
10-16 01:49:13.392   523   536 E SystemServer: Unable to preload default resources
10-16 01:49:13.392   523   536 D SystemServerTimingAsync: SecondaryZygotePreload took to complete: 12ms
10-16 01:49:13.392   523   536 D SystemServerInitThreadPool: Finished executing SecondaryZygotePreload
10-16 01:49:13.395   523   523 I EntropyMixer: Added HW RNG output to entropy pool
10-16 01:49:13.395   523   523 I EntropyMixer: Writing entropy...
10-16 01:49:13.414   523   523 D SystemServerTiming: StartEntropyMixer took to complete: 24ms
10-16 01:49:13.414   523   523 I SystemServer: Camera Service Proxy
10-16 01:49:13.415   523   523 I SystemServer: StartCameraServiceProxy
10-16 01:49:13.415   523   523 I SystemServiceManager: Starting com.android.server.camera.CameraServiceProxy
10-16 01:49:13.426   523   600 I ServiceThread: Enabled StrictMode logging for CameraService_proxy looper.
10-16 01:49:13.427   523   523 D SystemServerTiming: StartCameraServiceProxy took to complete: 13ms
10-16 01:49:13.427   523   523 I SystemServer: StartAccountManagerService
10-16 01:49:13.428   523   523 I SystemServiceManager: Starting com.android.server.accounts.AccountManagerService$Lifecycle
10-16 01:49:13.439   523   523 D SystemServerTiming: StartAccountManagerService took to complete: 11ms
10-16 01:49:13.439   523   523 I SystemServer: StartContentService
10-16 01:49:13.440   523   597 D SystemServerTimingAsync: StartSensorService took to complete: 109ms
10-16 01:49:13.440   523   597 D SystemServerInitThreadPool: Finished executing StartSensorService
10-16 01:49:13.440   523   523 I SystemServiceManager: Starting com.android.server.content.ContentService$Lifecycle
10-16 01:49:13.443   523   523 D SystemServerTiming: StartContentService took to complete: 5ms
10-16 01:49:13.444   523   523 I SystemServer: InstallSystemProviders
10-16 01:49:13.521   523   523 V RescueParty: Disabled because of manual property
10-16 01:49:13.521   523   523 D SystemServerTiming: InstallSystemProviders took to complete: 77ms
10-16 01:49:13.521   523   523 I SystemServer: StartVibratorService
10-16 01:49:13.539   523   523 D SystemServerTiming: StartVibratorService took to complete: 18ms
10-16 01:49:13.539   523   523 I SystemServer: StartConsumerIrService
10-16 01:49:13.541   607   607 F libc    : CANNOT LINK EXECUTABLE "/vendor/bin/mm-qcamera-daemon": "/system/vendor/lib/libmmjpeg.so" has text relocations
10-16 01:49:13.541   607   607 F libc    : Fatal signal 6 (SIGABRT), code -6 in tid 607 (mm-qcamera-daem)
10-16 01:49:13.542   523   523 D SystemServerTiming: StartConsumerIrService took to complete: 3ms
10-16 01:49:13.542   523   523 I SystemServer: StartAlarmManagerService
10-16 01:49:13.542   523   523 I SystemServiceManager: Starting com.android.server.AlarmManagerService
10-16 01:49:13.553   523   523 D SystemServerTiming: StartAlarmManagerService took to complete: 11ms
10-16 01:49:13.553   523   523 I SystemServer: InitWatchdog
10-16 01:49:13.553   523   523 D SystemServerTiming: InitWatchdog took to complete: 0ms
10-16 01:49:13.553   523   523 I SystemServer: StartInputManagerService
10-16 01:49:13.554   523   523 I InputManager: Initializing input manager, mUseDevInputEventForAudioJack=true
10-16 01:49:13.555   523   523 D SystemServerTiming: StartInputManagerService took to complete: 2ms
10-16 01:49:13.556   523   523 I SystemServer: StartWindowManagerService
10-16 01:49:13.585   607   607 F libc    : failed to resend signal during crash: Operation not permitted
10-16 01:49:13.646   523   547 I WindowManager: No existing display settings /data/system/display_settings.xml; starting empty
10-16 01:49:13.710   523   523 D SystemServerTiming: StartWindowManagerService took to complete: 154ms
10-16 01:49:13.712   523   596 D SystemServerInitThreadPool: Started executing StartHidlServices
10-16 01:49:13.712   523   523 I SystemServer: StartVrManagerService
10-16 01:49:13.712   523   596 I SystemServer: StartHidlServices
10-16 01:49:13.712   523   523 I SystemServiceManager: Starting com.android.server.vr.VrManagerService
10-16 01:49:13.721   523   596 D SystemServerTiming: StartHidlServices took to complete: 9ms
10-16 01:49:13.721   523   596 D SystemServerInitThreadPool: Finished executing StartHidlServices
10-16 01:49:13.724   523   523 D SystemServerTiming: StartVrManagerService took to complete: 12ms
10-16 01:49:13.724   523   523 I SystemServer: SetWindowManagerService
10-16 01:49:13.730   523   523 D SystemServerTiming: SetWindowManagerService took to complete: 6ms
10-16 01:49:13.730   523   523 I SystemServer: StartInputManager
10-16 01:49:13.730   523   523 I InputManager: Starting input manager
10-16 01:49:13.738   523   523 D SystemServerTiming: StartInputManager took to complete: 8ms
10-16 01:49:13.738   523   523 I SystemServer: DisplayManagerWindowManagerAndInputReady
10-16 01:49:13.739   523   523 D SystemServerTiming: DisplayManagerWindowManagerAndInputReady took to complete: 1ms
10-16 01:49:13.739   523   523 I SystemServer: StartBluetoothService
10-16 01:49:13.742   523   523 I SystemServiceManager: Starting com.android.server.BluetoothService
10-16 01:49:13.746   523   523 D BluetoothManagerService: Loading stored name and address
10-16 01:49:13.746   523   523 D BluetoothManagerService: Stored bluetooth Name=Nexus 4,Address=10:68:3F:DB:CC:67
10-16 01:49:13.747   523   523 D BluetoothManagerService: Bluetooth persisted state: 1
10-16 01:49:13.747   523   523 D BluetoothManagerService: Startup: Bluetooth persisted state is ON.
10-16 01:49:13.747   523   523 D SystemServerTiming: StartBluetoothService took to complete: 8ms
10-16 01:49:13.747   523   523 I SystemServer: IpConnectivityMetrics
10-16 01:49:13.748   523   523 I SystemServiceManager: Starting com.android.server.connectivity.IpConnectivityMetrics
10-16 01:49:13.749   523   523 D SystemServerTiming: IpConnectivityMetrics took to complete: 3ms
10-16 01:49:13.750   523   523 I SystemServer: PinnerService
10-16 01:49:13.754   523   523 I SystemServiceManager: Starting com.android.server.PinnerService
10-16 01:49:13.756   523   523 D SystemServerTiming: PinnerService took to complete: 6ms
10-16 01:49:13.756   523   523 I SystemServer: StartInputMethodManagerLifecycle
10-16 01:49:13.756   523   523 I SystemServiceManager: Starting com.android.server.InputMethodManagerService$Lifecycle
10-16 01:49:13.772   523   523 D SystemServerTiming: StartInputMethodManagerLifecycle took to complete: 16ms
10-16 01:49:13.772   523   523 I SystemServer: StartAccessibilityManagerService
10-16 01:49:13.783   523   523 D SystemServerTiming: StartAccessibilityManagerService took to complete: 11ms
10-16 01:49:13.783   523   523 I SystemServer: MakeDisplayReady
10-16 01:49:13.785   523   523 I ActivityManager: Config changes=5df8 {1.0 ?mcc?mnc [en_IN] ldltr sw384dp w384dp h640dp 320dpi nrml long port ?uimode ?night -touch -keyb/v/h -nav/h appBounds=Rect(0, 0 - 768, 1280) s.2}
10-16 01:49:13.794   523   523 I ActivityManager: Override config changes=40007dfc {1.0 ?mcc?mnc [en_IN] ldltr sw384dp w384dp h640dp 320dpi nrml long port ?uimode ?night -touch -keyb/v/h -nav/h appBounds=Rect(0, 0 - 768, 1280) s.2} for displayId=0
10-16 01:49:13.820   523   523 I ActivityManager: Config changes=508 {1.0 ?mcc?mnc [en_IN] ldltr sw384dp w384dp h568dp 320dpi nrml port ?uimode ?night finger -keyb/v/h -nav/h appBounds=Rect(0, 0 - 768, 1184) s.3}
10-16 01:49:13.820   523   537 I UsageStatsService: User[0] Rollover scheduled @ 2017-10-17 01:40:40(1508184640570)
10-16 01:49:13.824   523   523 I ActivityManager: Override config changes=508 {1.0 ?mcc?mnc [en_IN] ldltr sw384dp w384dp h568dp 320dpi nrml port ?uimode ?night finger -keyb/v/h -nav/h appBounds=Rect(0, 0 - 768, 1184) s.3} for displayId=0
10-16 01:49:13.829   523   523 D SystemServerTiming: MakeDisplayReady took to complete: 45ms
10-16 01:49:13.829   523   523 I SystemServer: StartStorageManagerService
10-16 01:49:13.829   523   523 I SystemServiceManager: Starting com.android.server.StorageManagerService$Lifecycle
10-16 01:49:13.842   523   523 D SystemServerTiming: StartStorageManagerService took to complete: 13ms
10-16 01:49:13.842   523   523 I SystemServer: StartStorageStatsService
10-16 01:49:13.843   523   523 I SystemServiceManager: Starting com.android.server.usage.StorageStatsService$Lifecycle
10-16 01:49:13.844   523   587 D SystemServerTimingAsync: AppDataPrepare took to complete: 658ms
10-16 01:49:13.844   523   587 I PackageManager: Deferred reconcileAppsData finished 71 packages
10-16 01:49:13.844   523   629 D StorageManagerService: Thinking about init, mSystemReady=false, mDaemonConnected=true
10-16 01:49:13.844   523   587 D SystemServerInitThreadPool: Finished executing prepareAppData
10-16 01:49:13.844   523   629 D StorageManagerService: Thinking about reset, mSystemReady=false, mDaemonConnected=true
10-16 01:49:13.844   523   629 D StorageManagerService: Thinking about init, mSystemReady=false, mDaemonConnected=true
10-16 01:49:13.844   523   629 D StorageManagerService: Thinking about reset, mSystemReady=false, mDaemonConnected=true
10-16 01:49:13.844   523   629 D CryptdConnector: SND -> {1 cryptfs getfield SystemLocale}
10-16 01:49:13.846   523   631 D CryptdConnector: RCV <- {200 1 -1}
10-16 01:49:13.848   523   629 W StorageManagerService: No primary storage mounted!
10-16 01:49:13.848   523   629 D VoldConnector: SND -> {1 asec list}
10-16 01:49:13.850   523   523 D SystemServerTiming: StartStorageStatsService took to complete: 7ms
10-16 01:49:13.850   523   523 I SystemServer: StartUiModeManager
10-16 01:49:13.850   523   523 I SystemServiceManager: Starting com.android.server.UiModeManagerService
10-16 01:49:13.851   523   630 D VoldConnector: RCV <- {200 1 asec operation succeeded}
10-16 01:49:13.853   523   536 D SystemServerInitThreadPool: Started executing UiModeManager.onStart
10-16 01:49:13.853   523   536 I ActivityManager: Config changes=200 {1.0 ?mcc?mnc [en_IN] ldltr sw384dp w384dp h568dp 320dpi nrml port finger -keyb/v/h -nav/h appBounds=Rect(0, 0 - 768, 1184) s.4}
10-16 01:49:13.853   523   523 D SystemServerTiming: StartUiModeManager took to complete: 3ms
10-16 01:49:13.853   523   523 I SystemServer: UpdatePackagesIfNeeded
10-16 01:49:13.853   523   523 D SystemServerTiming: UpdatePackagesIfNeeded took to complete: 0ms
10-16 01:49:13.854   523   523 I SystemServer: PerformFstrimIfNeeded
10-16 01:49:13.854   523   523 D SystemServerTiming: PerformFstrimIfNeeded took to complete: 0ms
10-16 01:49:13.854   523   523 I SystemServer: StartLockSettingsService
10-16 01:49:13.855   523   523 I SystemServiceManager: Starting com.android.server.LockSettingsService$Lifecycle
10-16 01:49:13.968   523   536 I ActivityManager: Override config changes=200 {1.0 ?mcc?mnc [en_IN] ldltr sw384dp w384dp h568dp 320dpi nrml port finger -keyb/v/h -nav/h appBounds=Rect(0, 0 - 768, 1184) s.4} for displayId=0
10-16 01:49:13.978   523   629 W StorageManagerService: No primary storage mounted!
10-16 01:49:13.978   523   629 D VoldConnector: SND -> {2 asec list}
10-16 01:49:13.979   523   630 D VoldConnector: RCV <- {200 2 asec operation succeeded}
10-16 01:49:13.979   523   536 D SystemServerInitThreadPool: Finished executing UiModeManager.onStart
10-16 01:49:13.984   523   523 W SystemServiceManager: Service com.android.server.LockSettingsService$Lifecycle took 129 ms in onStart
10-16 01:49:13.984   523   523 D SystemServerTiming: StartLockSettingsService took to complete: 131ms
10-16 01:49:13.985   523   523 I SystemServer: StartDeviceIdleController
10-16 01:49:13.986   523   523 I SystemServiceManager: Starting com.android.server.DeviceIdleController
10-16 01:49:13.991   523   523 D SystemServerTiming: StartDeviceIdleController took to complete: 6ms
10-16 01:49:13.991   523   523 I SystemServer: StartDevicePolicyManager
10-16 01:49:13.991   523   523 I SystemServiceManager: Starting com.android.server.devicepolicy.DevicePolicyManagerService$Lifecycle
10-16 01:49:14.008   523   523 D SystemServerTiming: StartDevicePolicyManager took to complete: 17ms
10-16 01:49:14.008   523   523 I SystemServer: StartStatusBarManagerService
10-16 01:49:14.013   523   523 D SystemServerTiming: StartStatusBarManagerService took to complete: 5ms
10-16 01:49:14.013   523   523 I SystemServer: StartClipboardService
10-16 01:49:14.013   523   523 I SystemServiceManager: Starting com.android.server.clipboard.ClipboardService
10-16 01:49:14.017   523   523 D SystemServerTiming: StartClipboardService took to complete: 4ms
10-16 01:49:14.017   523   523 I SystemServer: StartNetworkManagementService
10-16 01:49:14.022   523   632 I NetworkManagement: onDaemonConnected()
10-16 01:49:14.025   523   523 D SystemServerTiming: StartNetworkManagementService took to complete: 9ms
10-16 01:49:14.026   523   523 I SystemServer: StartTextServicesManager
10-16 01:49:14.026   523   523 I SystemServiceManager: Starting com.android.server.TextServicesManagerService$Lifecycle
10-16 01:49:14.098   523   523 D SystemServerTiming: StartTextServicesManager took to complete: 72ms
10-16 01:49:14.098   523   523 I SystemServer: StartNetworkScoreService
10-16 01:49:14.101   523   523 D SystemServerTiming: StartNetworkScoreService took to complete: 3ms
10-16 01:49:14.101   523   523 I SystemServer: StartNetworkStatsService
10-16 01:49:14.108   523   523 D SystemServerTiming: StartNetworkStatsService took to complete: 7ms
10-16 01:49:14.108   523   523 I SystemServer: StartNetworkPolicyManagerService
10-16 01:49:14.116   523   639 I ServiceThread: Enabled StrictMode logging for NetworkPolicy.uid looper.
10-16 01:49:14.118   523   523 D SystemServerTiming: StartNetworkPolicyManagerService took to complete: 10ms
10-16 01:49:14.118   523   523 I SystemServer: StartWifi
10-16 01:49:14.143   523   523 I SystemServiceManager: Starting com.android.server.wifi.WifiService
10-16 01:49:14.309   523   523 D SystemServerTiming: StartWifi took to complete: 191ms
10-16 01:49:14.309   523   523 I SystemServer: StartWifiScanning
10-16 01:49:14.309   523   523 I SystemServiceManager: Starting com.android.server.wifi.scanner.WifiScanningService
10-16 01:49:14.312   523   523 D SystemServerTiming: StartWifiScanning took to complete: 4ms
10-16 01:49:14.313   523   523 I SystemServer: StartWifiRtt
10-16 01:49:14.313   523   523 I SystemServiceManager: Starting com.android.server.wifi.RttService
10-16 01:49:14.315   523   523 D SystemServerTiming: StartWifiRtt took to complete: 3ms
10-16 01:49:14.316   523   523 I SystemServer: No Wi-Fi Aware Service (Aware support Not Present)
10-16 01:49:14.316   523   523 I SystemServer: StartWifiP2P
10-16 01:49:14.317   523   523 I SystemServiceManager: Starting com.android.server.wifi.p2p.WifiP2pService
10-16 01:49:14.326   523   523 D SystemServerTiming: StartWifiP2P took to complete: 10ms
10-16 01:49:14.326   523   523 I SystemServer: StartEthernet
10-16 01:49:14.327   523   523 I SystemServiceManager: Starting com.android.server.ethernet.EthernetService
10-16 01:49:14.330   523   523 D SystemServerTiming: StartEthernet took to complete: 3ms
10-16 01:49:14.330   523   523 I SystemServer: StartConnectivityService
10-16 01:49:14.342   523   523 D ConnectivityService: ConnectivityService starting up
10-16 01:49:14.345   523   523 D ConnectivityService: wifiOnly=false
10-16 01:49:14.345   523   523 E ConnectivityService: Ignoring protectedNetwork 14
10-16 01:49:14.345   523   523 E ConnectivityService: Ignoring protectedNetwork 15
10-16 01:49:14.360   523   523 D SystemServerTiming: StartConnectivityService took to complete: 29ms
10-16 01:49:14.360   523   523 I SystemServer: StartNsdService
10-16 01:49:14.363   523   523 D NsdService: Network service discovery enabled true
10-16 01:49:14.365   523   523 D SystemServerTiming: StartNsdService took to complete: 5ms
10-16 01:49:14.365   523   523 I SystemServer: StartUpdateLockService
10-16 01:49:14.368   523   523 D SystemServerTiming: StartUpdateLockService took to complete: 3ms
10-16 01:49:14.368   523   523 I SystemServer: WaitForAsecScan
10-16 01:49:14.368   523   523 D SystemServerTiming: WaitForAsecScan took to complete: 0ms
10-16 01:49:14.368   523   523 I SystemServer: StartNotificationManager
10-16 01:49:14.369   523   523 I SystemServiceManager: Starting com.android.server.notification.NotificationManagerService
10-16 01:49:14.401   523   523 D ConditionProviders.SCP: new ScheduleConditionProvider()
10-16 01:49:14.409   523   523 D ZenLog  : config: readXml,ZenModeConfig[user=0,allowCalls=true,allowRepeatCallers=false,allowMessages=false,allowCallsFrom=contacts,allowMessagesFrom=contacts,allowReminders=true,allowEvents=true,allowWhenScreenOff=true,allowWhenScreenOn=true,automaticRules={642b96f588a147028861cfb956a5eae3=ZenRule[enabled=false,snoozing=false,name=Weeknight,zenMode=ZEN_MODE_ALARMS,conditionId=condition://android/schedule?days=1.2.3.4.5&start=22.0&end=7.0&exitAtAlarm=false,condition=Condition[id=condition://android/schedule?days=1.2.3.4.5&start=22.0&end=7.0&exitAtAlarm=false,summary=...,line1=...,line2=...,icon=0,state=STATE_TRUE,flags=2],component=ComponentInfo{android/com.android.server.notification.ScheduleConditionProvider},id=642b96f588a147028861cfb956a5eae3,creationTime=1508098347180,enabler=null], 420db31d8fa24494afabebf38b19202b=ZenRule[enabled=false,snoozing=false,name=Event,zenMode=ZEN_MODE_ALARMS,conditionId=condition://android/event?userId=-10000&calendar=&reply=1,condition=Condition[id=condition://android/event?userId=-10000&calendar=&reply=1,summary=...,line1=...,line2=...,icon=0,state=STATE_FALSE,flags=2],component=ComponentInfo{android/com.android.server.notification.EventConditionProvider},id=420db31d8fa24494afabebf38b19202b,creationTime=1508098347181,enabler=null], 452681300b844d988dd579d75ecd5733=ZenRule[enabled=false,snoozing=false,name=Weekend,zenMode=ZEN_MODE_ALARMS,conditionId=condition://android/schedule?days=6.7&start=23.30&end=10.0&exitAtAlarm=false,condition=Condition[id=condition://android/schedule?days=6.7&start=23.30&end=10.0&exitAtAlarm=false,summary=...,line1=...,line2=...,icon=0,state=STATE_FALSE,flags=2],component=ComponentInfo{android/com.android.server.notification.ScheduleConditionProvider},id=452681300b844d988dd579d75ecd5733,creationTime=1508098347181,enabler=null]},manualRule=null],Diff[automaticRule[521957d0e9674ee082bfccd247de0bcb]:delete,automaticRule[642b96f588a147028861cfb956a5eae3]:insert,automaticRule[78e2dd419f1f49cb9537ca87ec632be5]:delete,automaticRule[420db31d8fa24494afabebf38b19202b]:insert,automaticRule[6da8c209d1e34a4f8dedc5cfbc00d0e1]:delete,automaticRule[452681300b844d988dd579d75ecd5733]:insert]
10-16 01:49:14.416   523   523 D ZenLog  : set_zen_mode: off,init
10-16 01:49:14.434   523   523 D SystemServerTiming: StartNotificationManager took to complete: 66ms
10-16 01:49:14.434   523   523 I SystemServer: StartDeviceMonitor
10-16 01:49:14.435   523   523 I SystemServiceManager: Starting com.android.server.storage.DeviceStorageMonitorService
10-16 01:49:14.436   523   523 D SystemServerTiming: StartDeviceMonitor took to complete: 3ms
10-16 01:49:14.436   523   523 I SystemServer: StartLocationManagerService
10-16 01:49:14.440   523   523 D SystemServerTiming: StartLocationManagerService took to complete: 3ms
10-16 01:49:14.440   523   523 I SystemServer: StartCountryDetectorService
10-16 01:49:14.442   523   523 D SystemServerTiming: StartCountryDetectorService took to complete: 1ms
10-16 01:49:14.442   523   523 I SystemServer: StartSearchManagerService
10-16 01:49:14.442   523   523 I SystemServiceManager: Starting com.android.server.search.SearchManagerService$Lifecycle
10-16 01:49:14.445   523   523 D SystemServerTiming: StartSearchManagerService took to complete: 3ms
10-16 01:49:14.445   523   523 I SystemServer: StartWallpaperManagerService
10-16 01:49:14.446   523   523 I SystemServiceManager: Starting com.android.server.wallpaper.WallpaperManagerService$Lifecycle
10-16 01:49:14.449   523   523 I WallpaperManagerService: No static wallpaper imagery; defaults will be shown
10-16 01:49:14.451   523   523 D SystemServerTiming: StartWallpaperManagerService took to complete: 6ms
10-16 01:49:14.451   523   523 I SystemServer: StartAudioService
10-16 01:49:14.451   523   523 I SystemServiceManager: Starting com.android.server.audio.AudioService$Lifecycle
10-16 01:49:15.572   523   523 D SystemServerTiming: StartAudioService took to complete: 1121ms
10-16 01:49:15.573   523   523 I SystemServer: StartDockObserver
10-16 01:49:15.573   523   523 I SystemServiceManager: Starting com.android.server.DockObserver
10-16 01:49:15.574   523   523 W DockObserver: This kernel does not have dock station support
10-16 01:49:15.575   523   523 D SystemServerTiming: StartDockObserver took to complete: 2ms
10-16 01:49:15.575   523   523 I SystemServer: StartWiredAccessoryManager
10-16 01:49:15.577   523   523 D SystemServerTiming: StartWiredAccessoryManager took to complete: 3ms
10-16 01:49:15.577   523   523 I SystemServer: StartUsbService
10-16 01:49:15.578   523   523 I SystemServiceManager: Starting com.android.server.usb.UsbService$Lifecycle
10-16 01:49:15.594   523   622 I UsbPortManager: Usb hal service started android.hardware.usb@1.0::IUsb default
10-16 01:49:15.604   523   523 D SystemServerTiming: StartUsbService took to complete: 26ms
10-16 01:49:15.604   523   523 I SystemServer: StartSerialService
10-16 01:49:15.605   523   523 D SystemServerTiming: StartSerialService took to complete: 1ms
10-16 01:49:15.605   523   523 I SystemServer: StartHardwarePropertiesManagerService
10-16 01:49:15.608   523   523 D SystemServerTiming: StartHardwarePropertiesManagerService took to complete: 4ms
10-16 01:49:15.609   523   523 I SystemServer: StartTwilightService
10-16 01:49:15.609   523   523 I SystemServiceManager: Starting com.android.server.twilight.TwilightService
10-16 01:49:15.609   523   523 D SystemServerTiming: StartTwilightService took to complete: 1ms
10-16 01:49:15.610   523   523 I SystemServer: StartNightDisplay
10-16 01:49:15.610   523   523 I SystemServiceManager: Starting com.android.server.display.NightDisplayService
10-16 01:49:15.611   523   523 D SystemServerTiming: StartNightDisplay took to complete: 1ms
10-16 01:49:15.612   523   523 I SystemServer: StartJobScheduler
10-16 01:49:15.612   523   523 I SystemServiceManager: Starting com.android.server.job.JobSchedulerService
10-16 01:49:15.624   523   523 D JobStore: Start tag: job-info
10-16 01:49:15.642   523   523 D ConnectivityService: requestNetwork for uid/pid:1000/523 NetworkRequest [ TRACK_DEFAULT id=3, [ Capabilities: INTERNET&NOT_RESTRICTED&TRUSTED&NOT_VPN] ]
10-16 01:49:15.649   523   523 D SystemServerTiming: StartJobScheduler took to complete: 37ms
10-16 01:49:15.649   523   523 I SystemServer: StartSoundTrigger
10-16 01:49:15.649   523   523 I SystemServiceManager: Starting com.android.server.soundtrigger.SoundTriggerService
10-16 01:49:15.654   523   523 D SystemServerTiming: StartSoundTrigger took to complete: 6ms
10-16 01:49:15.655   523   523 I SystemServer: StartTrustManager
10-16 01:49:15.655   523   523 I SystemServiceManager: Starting com.android.server.trust.TrustManagerService
10-16 01:49:15.658   523   523 D SystemServerTiming: StartTrustManager took to complete: 3ms
10-16 01:49:15.658   523   523 I SystemServer: StartBackupManager
10-16 01:49:15.658   523   523 I SystemServiceManager: Starting com.android.server.backup.BackupManagerService$Lifecycle
10-16 01:49:15.661   523   523 D SystemServerTiming: StartBackupManager took to complete: 4ms
10-16 01:49:15.662   523   523 I SystemServer: StartAppWidgerService
10-16 01:49:15.662   523   523 I SystemServiceManager: Starting com.android.server.appwidget.AppWidgetService
10-16 01:49:15.669   523   523 D SystemServerTiming: StartAppWidgerService took to complete: 7ms
10-16 01:49:15.669   523   523 I SystemServer: StartVoiceRecognitionManager
10-16 01:49:15.670   523   523 I SystemServiceManager: Starting com.android.server.voiceinteraction.VoiceInteractionManagerService
10-16 01:49:15.675   523   523 D SystemServerTiming: StartVoiceRecognitionManager took to complete: 5ms
10-16 01:49:15.675   523   523 I SystemServer: StartGestureLauncher
10-16 01:49:15.675   523   523 I SystemServiceManager: Starting com.android.server.GestureLauncherService
10-16 01:49:15.676   523   523 D SystemServerTiming: StartGestureLauncher took to complete: 2ms
10-16 01:49:15.676   523   523 I SystemServer: StartSensorNotification
10-16 01:49:15.677   523   523 I SystemServiceManager: Starting com.android.server.SensorNotificationService
10-16 01:49:15.677   523   523 D SystemServerTiming: StartSensorNotification took to complete: 0ms
10-16 01:49:15.677   523   523 I SystemServer: StartContextHubSystemService
10-16 01:49:15.677   523   523 I SystemServiceManager: Starting com.android.server.ContextHubSystemService
10-16 01:49:15.681   523   523 D SystemServerTiming: StartContextHubSystemService took to complete: 4ms
10-16 01:49:15.681   523   523 I SystemServer: StartDiskStatsService
10-16 01:49:15.685   523   523 D SystemServerTiming: StartDiskStatsService took to complete: 5ms
10-16 01:49:15.686   523   523 I SystemServer: StartSamplingProfilerService
10-16 01:49:15.697   523   523 D SystemServerTiming: StartSamplingProfilerService took to complete: 11ms
10-16 01:49:15.697   523   523 I SystemServer: StartNetworkTimeUpdateService
10-16 01:49:15.699   523   523 D SystemServerTiming: StartNetworkTimeUpdateService took to complete: 2ms
10-16 01:49:15.700   523   523 I SystemServer: StartCommonTimeManagementService
10-16 01:49:15.702   523   523 D SystemServerTiming: StartCommonTimeManagementService took to complete: 2ms
10-16 01:49:15.702   523   523 I SystemServer: CertBlacklister
10-16 01:49:15.703   523   523 D SystemServerTiming: CertBlacklister took to complete: 1ms
10-16 01:49:15.703   523   523 I SystemServer: StartEmergencyAffordanceService
10-16 01:49:15.704   523   523 I SystemServiceManager: Starting com.android.server.emergency.EmergencyAffordanceService
10-16 01:49:15.704   523   523 D SystemServerTiming: StartEmergencyAffordanceService took to complete: 2ms
10-16 01:49:15.704   523   523 I SystemServer: StartDreamManager
10-16 01:49:15.705   523   523 I SystemServiceManager: Starting com.android.server.dreams.DreamManagerService
10-16 01:49:15.708   523   523 D SystemServerTiming: StartDreamManager took to complete: 3ms
10-16 01:49:15.708   523   523 I SystemServer: AddGraphicsStatsService
10-16 01:49:15.711   523   523 D SystemServerTiming: AddGraphicsStatsService took to complete: 3ms
10-16 01:49:15.712   523   523 I SystemServer: StartPrintManager
10-16 01:49:15.713   523   523 I SystemServiceManager: Starting com.android.server.print.PrintManagerService
10-16 01:49:15.718   523   523 D SystemServerTiming: StartPrintManager took to complete: 5ms
10-16 01:49:15.718   523   523 I SystemServer: StartCompanionDeviceManager
10-16 01:49:15.718   523   523 I SystemServiceManager: Starting com.android.server.companion.CompanionDeviceManagerService
10-16 01:49:15.724   523   523 D SystemServerTiming: StartCompanionDeviceManager took to complete: 6ms
10-16 01:49:15.724   523   523 I SystemServer: StartRestrictionManager
10-16 01:49:15.724   523   523 I SystemServiceManager: Starting com.android.server.restrictions.RestrictionsManagerService
10-16 01:49:15.730   523   523 D SystemServerTiming: StartRestrictionManager took to complete: 6ms
10-16 01:49:15.730   523   523 I SystemServer: StartMediaSessionService
10-16 01:49:15.730   523   523 I SystemServiceManager: Starting com.android.server.media.MediaSessionService
10-16 01:49:15.737   523   523 D SystemServerTiming: StartMediaSessionService took to complete: 7ms
10-16 01:49:15.737   523   523 I SystemServer: StartMediaResourceMonitor
10-16 01:49:15.737   523   523 I SystemServiceManager: Starting com.android.server.media.MediaResourceMonitorService
10-16 01:49:15.738   523   523 D SystemServerTiming: StartMediaResourceMonitor took to complete: 1ms
10-16 01:49:15.738   523   523 I SystemServer: StartMediaRouterService
10-16 01:49:15.740   523   523 D SystemServerTiming: StartMediaRouterService took to complete: 1ms
10-16 01:49:15.740   523   523 I SystemServer: StartBackgroundDexOptService
10-16 01:49:15.741   523   523 D SystemServerTiming: StartBackgroundDexOptService took to complete: 1ms
10-16 01:49:15.741   523   523 I SystemServer: StartPruneInstantAppsJobService
10-16 01:49:15.742   523   523 D SystemServerTiming: StartPruneInstantAppsJobService took to complete: 0ms
10-16 01:49:15.742   523   523 I SystemServer: StartShortcutServiceLifecycle
10-16 01:49:15.742   523   523 I SystemServiceManager: Starting com.android.server.pm.ShortcutService$Lifecycle
10-16 01:49:15.752   523   523 D SystemServerTiming: StartShortcutServiceLifecycle took to complete: 11ms
10-16 01:49:15.753   523   523 I SystemServer: StartLauncherAppsService
10-16 01:49:15.753   523   523 I SystemServiceManager: Starting com.android.server.pm.LauncherAppsService
10-16 01:49:15.755   523   523 D SystemServerTiming: StartLauncherAppsService took to complete: 2ms
10-16 01:49:15.755   523   523 I SystemServer: Starting PocketService
10-16 01:49:15.756   523   523 I SystemServiceManager: Starting com.android.server.pocket.PocketService
10-16 01:49:15.759   523   523 I SystemServer: StartMediaProjectionManager
10-16 01:49:15.760   523   523 I SystemServiceManager: Starting com.android.server.media.projection.MediaProjectionManagerService
10-16 01:49:15.769   523   523 D SystemServerTiming: StartMediaProjectionManager took to complete: 9ms
10-16 01:49:15.775   523   523 I SystemServer: StartJitCompilation
10-16 01:49:15.775   523   523 D SystemServerTiming: StartJitCompilation took to complete: 0ms
10-16 01:49:15.775   523   523 I SystemServer: StartMmsService
10-16 01:49:15.776   523   523 I SystemServiceManager: Starting com.android.server.MmsServiceBroker
10-16 01:49:15.779   523   523 D SystemServerTiming: StartMmsService took to complete: 4ms
10-16 01:49:15.779   523   523 I SystemServer: StartRetailDemoModeService
10-16 01:49:15.779   523   523 I SystemServiceManager: Starting com.android.server.retaildemo.RetailDemoModeService
10-16 01:49:15.781   523   704 I ServiceThread: Enabled StrictMode logging for RetailDemoModeService looper.
10-16 01:49:15.782   523   523 D SystemServerTiming: StartRetailDemoModeService took to complete: 3ms
10-16 01:49:15.782   523   523 I SystemServer: StartAutoFillService
10-16 01:49:15.782   523   523 I SystemServiceManager: Starting com.android.server.autofill.AutofillManagerService
10-16 01:49:15.785   523   523 I AutofillManagerService: Setting debug to true
10-16 01:49:15.788   523   523 D SystemServerTiming: StartAutoFillService took to complete: 6ms
10-16 01:49:15.788   523   523 I SystemServer: MakeVibratorServiceReady
10-16 01:49:15.790   523   523 D SystemServerTiming: MakeVibratorServiceReady took to complete: 2ms
10-16 01:49:15.790   523   523 I SystemServer: MakeLockSettingsServiceReady
10-16 01:49:15.841   523   523 E LockSettingsStorage: Cannot read file java.io.FileNotFoundException: /data/system/gatekeeper.password.key: open failed: ENOENT (No such file or directory)
10-16 01:49:15.841   523   523 E LockSettingsStorage: Cannot read file java.io.FileNotFoundException: /data/system/password.key: open failed: ENOENT (No such file or directory)
10-16 01:49:15.842   523   523 E LockSettingsStorage: Cannot read file java.io.FileNotFoundException: /data/system/gatekeeper.pattern.key: open failed: ENOENT (No such file or directory)
10-16 01:49:15.842   523   523 E LockSettingsStorage: Cannot read file java.io.FileNotFoundException: /data/system/gatekeeper.gesture.key: open failed: ENOENT (No such file or directory)
10-16 01:49:15.843   523   523 E LockSettingsStorage: Cannot read file java.io.FileNotFoundException: /data/system/gesture.key: open failed: ENOENT (No such file or directory)
10-16 01:49:15.843   523   523 D SystemServerTiming: MakeLockSettingsServiceReady took to complete: 53ms
10-16 01:49:15.843   523   523 I SystemServer: StartBootPhaseLockSettingsReady
10-16 01:49:15.843   523   523 I SystemServiceManager: Starting phase 480
10-16 01:49:15.914   523   523 I DevicePolicyManager: Set ro.device_owner property to false
10-16 01:49:15.915   523   523 W SystemServiceManager: Service com.android.server.devicepolicy.DevicePolicyManagerService$Lifecycle took 72 ms in onBootPhase
10-16 01:49:15.918   523   523 W PocketService: Un-handled boot phase:480
10-16 01:49:15.918   523   523 D SystemServerTiming: StartBootPhaseLockSettingsReady took to complete: 75ms
10-16 01:49:15.918   523   523 I SystemServer: StartBootPhaseSystemServicesReady
10-16 01:49:15.918   523   523 I SystemServiceManager: Starting phase 500
10-16 01:49:15.920   523   523 W UsageStatsService: Missing procfs interface: /proc/uid_procstat/set
10-16 01:49:15.922   523   523 D AlarmManager: mAlarmsBlockingEnabled=0 blockedAlarmList=null
10-16 01:49:15.924   523   523 I VrManagerService: No default vr listener service found.
10-16 01:49:15.931   523   523 I WifiService: WifiService starting up with Wi-Fi enabled
