10-16 01:49:20.810   523  1166 I Telecom : CallsManager: Sending phone-account ComponentInfo{com.android.phone/com.android.services.telephony.TelephonyConnectionService}, [e0184adedf913b076626646d3f52c3b49c39ad6d], UserHandle{0} unregistered intent as user: TSI.uPA@ABY
10-16 01:49:20.811   523  1166 I Telecom : CallsManager: Sending phone-account unregistered intent to default dialer: TSI.uPA@ABY
10-16 01:49:20.831   895   895 I TelecomFramework: PstnIncomingCallNotifier: Unregistering: Handler (com.android.internal.telephony.GsmCdmaPhone) {61fed15}
10-16 01:49:20.859   523   535 I Telecom : PhoneAccountRegistrar: Modify account: [ComponentInfo{com.android.phone/com.android.services.telephony.TelephonyConnectionService}, [26c54c33e876414d14ea2f016634d88ca51e9dac], UserHandle{0}]: TSI.rPA@ABg
10-16 01:49:20.862   895   895 I TelecomFramework: AccountEntry: Registered phoneAccount: [[ ] PhoneAccount: ComponentInfo{com.android.phone/com.android.services.telephony.TelephonyConnectionService}, [26c54c33e876414d14ea2f016634d88ca51e9dac], UserHandle{0} Capabilities: CallProvider MultiUser PlaceEmerg SimSub  Audio Routes: BESW Schemes: tel voicemail  Extras: null GroupId: [da39a3ee5e6b4b0d3255bfef95601890afd80709]] with handle: ComponentInfo{com.android.phone/com.android.services.telephony.TelephonyConnectionService}, [26c54c33e876414d14ea2f016634d88ca51e9dac], UserHandle{0}
10-16 01:49:20.862   895   895 I TelecomFramework: PstnIncomingCallNotifier: Registering: Handler (com.android.internal.telephony.GsmCdmaPhone) {61fed15}
10-16 01:49:20.899   523   912 I ActivityManager: Start proc 1208:com.android.carrierconfig/u0a2 for service com.android.carrierconfig/.DefaultCarrierConfigService
10-16 01:49:20.956   895   895 I TelecomFramework: PstnIncomingCallNotifier: Unregistering: Handler (com.android.internal.telephony.GsmCdmaPhone) {61fed15}
10-16 01:49:20.978   523   894 I Telecom : PhoneAccountRegistrar: Modify account: [ComponentInfo{com.android.phone/com.android.services.telephony.TelephonyConnectionService}, [26c54c33e876414d14ea2f016634d88ca51e9dac], UserHandle{0}]: TSI.rPA@ABs
10-16 01:49:20.983   895   895 I TelecomFramework: AccountEntry: Registered phoneAccount: [[ ] PhoneAccount: ComponentInfo{com.android.phone/com.android.services.telephony.TelephonyConnectionService}, [26c54c33e876414d14ea2f016634d88ca51e9dac], UserHandle{0} Capabilities: CallProvider MultiUser PlaceEmerg SimSub  Audio Routes: BESW Schemes: tel voicemail  Extras: null GroupId: [da39a3ee5e6b4b0d3255bfef95601890afd80709]] with handle: ComponentInfo{com.android.phone/com.android.services.telephony.TelephonyConnectionService}, [26c54c33e876414d14ea2f016634d88ca51e9dac], UserHandle{0}
10-16 01:49:20.984   895   895 I TelecomFramework: PstnIncomingCallNotifier: Registering: Handler (com.android.internal.telephony.GsmCdmaPhone) {61fed15}
10-16 01:49:21.007   523   523 D ConditionProviders.SCP: onReceive android.intent.action.TIME_SET
10-16 01:49:21.012   895   895 I TelecomFramework: PstnIncomingCallNotifier: Unregistering: Handler (com.android.internal.telephony.GsmCdmaPhone) {61fed15}
10-16 01:49:21.021   523   538 I ActivityManager: Start proc 1265:com.android.deskclock/u0a48 for broadcast com.android.deskclock/.AlarmInitReceiver
10-16 01:49:21.022   523   523 D ConditionProviders.SCP: notifyCondition condition://android/schedule?days=6.7&start=23.30&end=10.0&exitAtAlarm=false STATE_FALSE reason=!meetsSchedule
10-16 01:49:21.022   523   523 D ConditionProviders.SCP: notifyCondition condition://android/schedule?days=1.2.3.4.5&start=22.0&end=7.0&exitAtAlarm=false STATE_TRUE reason=meetsSchedule
10-16 01:49:21.023   523   523 D ConditionProviders.SCP: Scheduling evaluate for Mon Oct 16 07:00:00 GMT+05:30 2017 (1508117400000), in +5h10m38s993ms, now=Mon Oct 16 01:49:21 GMT+05:30 2017 (1508098761007)
10-16 01:49:21.023   523   523 E AlarmManager: RTC Alarm: 0 null android ScheduleConditionProvider.EVALUATE
10-16 01:49:21.026   523   656 E ActivityThread: Failed to find provider info for com.android.calendar
10-16 01:49:21.026   523   656 E ActivityThread: Failed to find provider info for com.android.calendar
10-16 01:49:21.027   523   656 E AlarmManager: RTC Alarm: 0 null android EventConditionProvider.EVALUATE
10-16 01:49:21.030   523   535 I Telecom : PhoneAccountRegistrar: Modify account: [ComponentInfo{com.android.phone/com.android.services.telephony.TelephonyConnectionService}, [26c54c33e876414d14ea2f016634d88ca51e9dac], UserHandle{0}]: TSI.rPA@AB4
10-16 01:49:21.033   895   895 I TelecomFramework: AccountEntry: Registered phoneAccount: [[ ] PhoneAccount: ComponentInfo{com.android.phone/com.android.services.telephony.TelephonyConnectionService}, [26c54c33e876414d14ea2f016634d88ca51e9dac], UserHandle{0} Capabilities: CallProvider MultiUser PlaceEmerg SimSub  Audio Routes: BESW Schemes: tel voicemail  Extras: null GroupId: [da39a3ee5e6b4b0d3255bfef95601890afd80709]] with handle: ComponentInfo{com.android.phone/com.android.services.telephony.TelephonyConnectionService}, [26c54c33e876414d14ea2f016634d88ca51e9dac], UserHandle{0}
10-16 01:49:21.034   895   895 I TelecomFramework: PstnIncomingCallNotifier: Registering: Handler (com.android.internal.telephony.GsmCdmaPhone) {61fed15}
10-16 01:49:21.102   523   538 I ActivityManager: Start proc 1231:com.android.dialer/u0a12 for broadcast com.android.dialer/.app.voicemail.LegacyVoicemailNotificationReceiver
10-16 01:49:21.108   895   895 I TelecomFramework: PstnPhoneCapabilitiesNotifier: handleVideoCapabilitesChanged. Video capability - false
10-16 01:49:21.109   895   895 I chatty  : uid=1001(radio) com.android.phone identical 2 lines
10-16 01:49:21.109   895   895 I TelecomFramework: PstnPhoneCapabilitiesNotifier: handleVideoCapabilitesChanged. Video capability - false
10-16 01:49:21.150   523  1166 I Telecom : PhoneAccountRegistrar: Modify account: [ComponentInfo{com.android.phone/com.android.services.telephony.TelephonyConnectionService}, [26c54c33e876414d14ea2f016634d88ca51e9dac], UserHandle{0}]: TSI.rPA@ACM
10-16 01:49:21.316   895   895 D MccTable: updateMccMncConfiguration mccmnc='40422' fromServiceState=true
10-16 01:49:21.316   895   895 D MccTable: updateMccMncConfiguration defaultMccMnc=40422
10-16 01:49:21.317   895   895 D MccTable: updateMccMncConfiguration: mcc=404, mnc=22
10-16 01:49:21.317   895   895 D MccTable: WIFI_COUNTRY_CODE set to in
10-16 01:49:21.324   523   534 I WifiService: WifiService trying to set country code to in with persist set to false
10-16 01:49:21.327   302   302 I wificond: Regulatory domain changed
10-16 01:49:21.327   302   302 I wificond: 2.4Ghz frequencies: 2412 2417 2422 2427 2432 2437 2442 2447 2452 2457 2462 2467 2472
10-16 01:49:21.328   302   302 I wificond: 5Ghz non-DFS frequencies: 5180 5200 5220 5240 5260 5280 5300 5320 5745 5765 5785 5805 5825
10-16 01:49:21.328   302   302 I wificond: 5Ghz DFS frequencies:
10-16 01:49:21.328   302   302 I wificond: Regulatory domain changed
10-16 01:49:21.330   302   302 I wificond: 2.4Ghz frequencies: 2412 2417 2422 2427 2432 2437 2442 2447 2452 2457 2462 2467 2472
10-16 01:49:21.330   302   302 I wificond: 5Ghz non-DFS frequencies: 5180 5200 5220 5240 5260 5280 5300 5320 5745 5765 5785 5805 5825
10-16 01:49:21.330   302   302 I wificond: 5Ghz DFS frequencies:
10-16 01:49:21.422   523   523 I Telecom : PhoneAccountRegistrar: SimCallManager queried, returning: null: TSI.gSCMFU@ACQ
10-16 01:49:21.449   523   547 I WindowManager: ******* TELLING SURFACE FLINGER WE ARE BOOTED!
10-16 01:49:21.453   895   895 I TelecomFramework: PstnIncomingCallNotifier: Unregistering: Handler (com.android.internal.telephony.GsmCdmaPhone) {61fed15}
10-16 01:49:21.484   523   912 I Telecom : PhoneAccountRegistrar: Modify account: [ComponentInfo{com.android.phone/com.android.services.telephony.TelephonyConnectionService}, [26c54c33e876414d14ea2f016634d88ca51e9dac], UserHandle{0}(lbl: Idea -> )(desc: Idea -> )]: TSI.rPA@ACU
10-16 01:49:21.489   895   895 I TelecomFramework: AccountEntry: Registered phoneAccount: [[ ] PhoneAccount: ComponentInfo{com.android.phone/com.android.services.telephony.TelephonyConnectionService}, [26c54c33e876414d14ea2f016634d88ca51e9dac], UserHandle{0} Capabilities: CallProvider MultiUser PlaceEmerg SimSub  Audio Routes: BESW Schemes: tel voicemail  Extras: null GroupId: [da39a3ee5e6b4b0d3255bfef95601890afd80709]] with handle: ComponentInfo{com.android.phone/com.android.services.telephony.TelephonyConnectionService}, [26c54c33e876414d14ea2f016634d88ca51e9dac], UserHandle{0}
10-16 01:49:21.490   895   895 I TelecomFramework: PstnIncomingCallNotifier: Registering: Handler (com.android.internal.telephony.GsmCdmaPhone) {61fed15}
10-16 01:49:21.515   895   895 I TelecomFramework: PstnIncomingCallNotifier: Unregistering: Handler (com.android.internal.telephony.GsmCdmaPhone) {61fed15}
10-16 01:49:21.551   523   778 I Telecom : PhoneAccountRegistrar: Modify account: [ComponentInfo{com.android.phone/com.android.services.telephony.TelephonyConnectionService}, [26c54c33e876414d14ea2f016634d88ca51e9dac], UserHandle{0}]: TSI.rPA@ACg
10-16 01:49:21.556   895   895 I TelecomFramework: AccountEntry: Registered phoneAccount: [[ ] PhoneAccount: ComponentInfo{com.android.phone/com.android.services.telephony.TelephonyConnectionService}, [26c54c33e876414d14ea2f016634d88ca51e9dac], UserHandle{0} Capabilities: CallProvider MultiUser PlaceEmerg SimSub  Audio Routes: BESW Schemes: tel voicemail  Extras: null GroupId: [da39a3ee5e6b4b0d3255bfef95601890afd80709]] with handle: ComponentInfo{com.android.phone/com.android.services.telephony.TelephonyConnectionService}, [26c54c33e876414d14ea2f016634d88ca51e9dac], UserHandle{0}
10-16 01:49:21.557   895   895 I TelecomFramework: PstnIncomingCallNotifier: Registering: Handler (com.android.internal.telephony.GsmCdmaPhone) {61fed15}
10-16 01:49:21.670   895   895 I TelecomFramework: PstnPhoneCapabilitiesNotifier: handleVideoCapabilitesChanged. Video capability - false
10-16 01:49:21.670   895   895 I TelecomFramework: PstnPhoneCapabilitiesNotifier: handleVideoCapabilitesChanged. Video capability - false
10-16 01:49:21.709   523   894 I Telecom : PhoneAccountRegistrar: Modify account: [ComponentInfo{com.android.phone/com.android.services.telephony.TelephonyConnectionService}, [26c54c33e876414d14ea2f016634d88ca51e9dac], UserHandle{0}]: TSI.rPA@ACs
10-16 01:49:22.634  1295  1295 F libc    : CANNOT LINK EXECUTABLE "/vendor/bin/mm-qcamera-daemon": "/system/vendor/lib/libmmjpeg.so" has text relocations
10-16 01:49:22.634  1295  1295 F libc    : Fatal signal 6 (SIGABRT), code -6 in tid 1295 (mm-qcamera-daem)
10-16 01:49:22.677  1295  1295 F libc    : failed to resend signal during crash: Operation not permitted
10-16 01:49:26.579   523   547 I SystemServiceManager: Starting phase 1000
10-16 01:49:26.589   523   547 D NightDisplayService: setUp: currentUser=0
10-16 01:49:26.591   523   545 I UsbDeviceManager: Setting USB config to adb
10-16 01:49:26.593   523   547 D NightDisplayService: onAutoModeChanged: autoMode=0
10-16 01:49:26.593   523   547 I NightDisplayService: Turning off night display
10-16 01:49:26.626   523   547 D ActivityManager: Finishing user boot 0
10-16 01:49:26.626   523   547 I ActivityManager: User 0 state changed from BOOTING to RUNNING_LOCKED
10-16 01:49:26.629   523   547 I ActivityManager: User 0 state changed from RUNNING_LOCKED to RUNNING_UNLOCKING
10-16 01:49:26.629   523   547 D CryptdConnector: SND -> {5 cryptfs prepare_user_storage ! 0 0 2}
10-16 01:49:26.631   172   176 D vold    : e4crypt_prepare_user_storage for volume null, user 0, serial 0, flags 2
10-16 01:49:26.631   172   176 D vold    : Preparing: /data/system_ce/0
10-16 01:49:26.631   172   176 D vold    : Preparing: /data/misc_ce/0
10-16 01:49:26.631   172   176 D vold    : Preparing: /data/media/0
10-16 01:49:26.632   172   176 D vold    : Preparing: /data/data
10-16 01:49:26.632   523   631 D CryptdConnector: RCV <- {200 5 Command succeeded}
10-16 01:49:26.635   523   547 V UserDataPreparer: Found /data/user/0 with serial number 0
10-16 01:49:26.637   523   547 V UserDataPreparer: Found /data/system_ce/0 with serial number 0
10-16 01:49:26.637   523   547 V PackageManager: reconcileAppsData for null u0 0x2 migrateAppData=false
10-16 01:49:26.796   523   545 I UsbDeviceManager: Setting USB config to mtp,adb
10-16 01:49:26.823   523   547 V PackageManager: reconcileAppsData finished 90 packages
10-16 01:49:26.824   523   538 I SystemServiceManager: Calling onUnlockUser u0
10-16 01:49:26.824   523   538 D BluetoothManagerService: User 0 unlocked
10-16 01:49:26.825   523   538 D StorageManagerService: onUnlockUser 0
10-16 01:49:26.825   523   538 D VoldConnector: SND -> {6 volume user_started 0}
10-16 01:49:26.826   523   546 D BluetoothManagerService: MESSAGE_USER_UNLOCKED
10-16 01:49:26.827   172   175 D vold    : Linking /storage/emulated/0 to /mnt/user/0/primary
10-16 01:49:26.828   523   630 D VoldConnector: RCV <- {200 6 Command succeeded}
10-16 01:49:26.833   523   629 D StorageManagerService: Volume emulated broadcasting mounted to UserHandle{0}
10-16 01:49:26.854   523   650 D ConnectivityService: Got NetworkFactory Messenger for WIFI
10-16 01:49:26.854   523   650 D ConnectivityService: Got NetworkFactory Messenger for WIFI_UT
10-16 01:49:26.901   523   538 V BackupManagerService: No ancestral data
10-16 01:49:26.931   523   538 V BackupManagerService: Starting with transport com.google.android.gms/.backup.BackupTransportService
10-16 01:49:26.936   523   538 D BackupTransportManager: Binding to transport: android/com.android.internal.backup.LocalTransportService
10-16 01:49:26.941   523   538 D BackupTransportManager: Binding to transport: com.google.android.gms/.backup.BackupTransportService
10-16 01:49:26.958   523  1316 V KeyValueBackupJob: Scheduling k/v pass in 246 minutes
10-16 01:49:26.960   523   538 I ActivityManager: Start proc 1334:com.google.android.gms.persistent/u0a28 for service com.google.android.gms/.backup.BackupTransportService
10-16 01:49:26.961   523   538 D BackupTransportManager: Binding to transport: com.google.android.gms/.backup.component.D2dTransportService
10-16 01:49:26.970   523   538 I BackupManagerService: Backup enabled => false
10-16 01:49:26.990   523   535 I ActivityManager: Start proc 1351:android.process.media/u0a9 for broadcast com.android.providers.downloads/.DownloadReceiver
10-16 01:49:26.993   523   538 W SystemServiceManager: Service com.android.server.backup.BackupManagerService$Lifecycle took 151 ms in onUnlockUser 
10-16 01:49:26.999   523  1316 V KeyValueBackupJob: Scheduling k/v pass in 241 minutes
10-16 01:49:26.999   523   523 D BackupTransportManager: Bound to transport: android/com.android.internal.backup.LocalTransportService
10-16 01:49:27.096   523  1316 I BackupManagerService: Found stale backup journal, scheduling
10-16 01:49:27.230   523   538 W SystemServiceManager: Service com.android.server.appwidget.AppWidgetService took 237 ms in onUnlockUser 
10-16 01:49:27.230   523   538 W VoiceInteractionManagerService: no available voice interaction services found for user 0
10-16 01:49:27.230   523   538 W VoiceInteractionManagerService: no available voice recognition services found for user 0
10-16 01:49:27.234   523   538 I ActivityManager: Loading recents for user 0 into memory.
10-16 01:49:27.265   523   538 I ActivityManager: Start proc 1372:com.android.nfc/1027 for added application com.android.nfc
10-16 01:49:27.291   523   538 I ActivityManager: User 0 state changed from RUNNING_UNLOCKING to RUNNING_UNLOCKED
10-16 01:49:27.291   523   538 I ActivityManager: Sending BOOT_COMPLETE user #0
10-16 01:49:27.357   523   894 I ActivityManager: Start proc 1401:com.android.smspush/u0a59 for service com.android.smspush/.WapPushManager
10-16 01:49:27.357   523   539 W Looper  : Dispatch took 109ms on android.ui, h=Handler (com.android.server.am.ActivityManagerService$UiHandler) {38eb819} cb=null msg=53
10-16 01:49:27.391   523  1166 I ActivityManager: START u0 {act=android.intent.action.MAIN cat=[android.intent.category.HOME] flg=0x10000100 cmp=com.android.launcher3/.Launcher} from uid 0
10-16 01:49:27.445   523   538 I ActivityManager: Start proc 1417:com.android.launcher3/u0a13 for activity com.android.launcher3/.Launcher
10-16 01:49:27.636  1453  1453 F libc    : CANNOT LINK EXECUTABLE "/vendor/bin/mm-qcamera-daemon": "/system/vendor/lib/libmmjpeg.so" has text relocations
10-16 01:49:27.636  1453  1453 F libc    : Fatal signal 6 (SIGABRT), code -6 in tid 1453 (mm-qcamera-daem)
10-16 01:49:27.681  1453  1453 F libc    : failed to resend signal during crash: Operation not permitted
10-16 01:49:27.705   302   302 W wificond: Scan is not started. Ignore abort request
10-16 01:49:27.710   523  1437 I ActivityManager: Start proc 1460:com.android.vending/u0a19 for content provider com.android.vending/com.google.android.finsky.addtohomescreen.AddToHomeScreenSettingProvider
10-16 01:49:27.819   523   894 I ActivityManager: Start proc 1478:com.android.launcher3:wallpaper_chooser/u0a13 for service com.android.launcher3/.dynamicui.ColorExtractionService
10-16 01:49:27.979   523  1399 I ActivityManager: Start proc 1498:com.google.process.gapps/u0a28 for content provider com.google.android.gsf/.gservices.GservicesProvider
10-16 01:49:28.029   523   538 W ActivityManager: Activity pause timeout for ActivityRecord{3edd600 u0 com.android.launcher3/.Launcher t2}
10-16 01:49:28.459   523  1437 I ActivityManager: Start proc 1540:android.process.acore/u0a1 for content provider com.android.providers.contacts/.CallLogProvider
10-16 01:49:28.490   523  1537 I BootReceiver: Copying /proc/last_kmsg to DropBox (SYSTEM_LAST_KMSG)
10-16 01:49:28.496   523   537 I ActivityManager: Start proc 1553:com.android.printspooler/u0a55 for service com.android.printspooler/.model.PrintSpoolerService
10-16 01:49:28.526   523   645 D ConnectivityService: registerNetworkAgent NetworkAgentInfo{ ni{[type: WIFI[], state: CONNECTING/CONNECTING, reason: (unspecified), extra: "Nitinkumar Chobhe", failover: false, available: true, roaming: false, metered: false]}  network{100}  nethandle{429513165534}  lp{{LinkAddresses: []  Routes: [] DnsAddresses: [] Domains: null MTU: 0}}  nc{[ Transports: WIFI Capabilities: NOT_METERED&INTERNET&NOT_RESTRICTED&TRUSTED&NOT_VPN LinkUpBandwidth>=1048576Kbps LinkDnBandwidth>=1048576Kbps]}  Score{20}  everValidated{false}  lastValidated{false}  created{false} lingering{false} explicitlySelected{false} acceptUnvalidated{false} everCaptivePortalDetected{false} lastCaptivePortalDetected{false} }
10-16 01:49:28.526   523   650 D ConnectivityService: NetworkAgentInfo [WIFI () - 100] EVENT_NETWORK_INFO_CHANGED, going from null to CONNECTING
10-16 01:49:28.557   523  1537 I BootReceiver: Copying audit failures to DropBox
10-16 01:49:28.579   523  1537 I BootReceiver: Copied 2178 worth of audits to DropBox
10-16 01:49:28.590   523  1537 I BootReceiver: boot_fs_shutdown,6939,2
10-16 01:49:28.593   523  1537 I BootReceiver: Checking for fsck errors
10-16 01:49:28.603   523  1537 I BootReceiver: fs_stat, partition:cache stat:0x3
10-16 01:49:28.604   523  1537 I BootReceiver: fs_stat, partition:userdata stat:0xb
10-16 01:49:28.605   523  1537 I BootReceiver: fs_stat, partition:persist stat:0x3
10-16 01:49:28.606   523  1537 I BootReceiver: Copying /data/tombstones/tombstone_02 to DropBox (SYSTEM_TOMBSTONE)
10-16 01:49:28.619   523  1537 I BootReceiver: Copying /data/tombstones/tombstone_03 to DropBox (SYSTEM_TOMBSTONE)
10-16 01:49:28.642   523  1537 I BootReceiver: Copying /data/tombstones/tombstone_04 to DropBox (SYSTEM_TOMBSTONE)
10-16 01:49:28.657   523  1537 I BootReceiver: Copying /data/tombstones/tombstone_05 to DropBox (SYSTEM_TOMBSTONE)
10-16 01:49:28.667   523  1537 I BootReceiver: Copying /data/tombstones/tombstone_06 to DropBox (SYSTEM_TOMBSTONE)
10-16 01:49:28.679   523  1537 I BootReceiver: Copying /data/tombstones/tombstone_07 to DropBox (SYSTEM_TOMBSTONE)
10-16 01:49:28.684   523  1537 I BootReceiver: Copying /data/tombstones/tombstone_08 to DropBox (SYSTEM_TOMBSTONE)
10-16 01:49:28.832   523   537 I ActivityManager: Start proc 1588:com.android.keychain/1000 for service com.android.keychain/.KeyChainService
10-16 01:49:28.970   523   523 I Telecom : DefaultDialerCache: Refreshing default dialer for user 0: now com.android.dialer: DDC.oR@ADE
10-16 01:49:29.003   523   894 I ActivityManager: Start proc 1611:com.android.calendar/u0a43 for broadcast com.android.calendar/.alerts.AlertReceiver
10-16 01:49:29.036   523   523 I Telecom : PhoneAccountRegistrar: SimCallManager queried, returning: null: TSI.gSCMFU@ADM
10-16 01:49:29.292   523   778 I ActivityManager: Start proc 1652:com.android.contacts/u0a7 for broadcast com.android.contacts/.interactions.OnBootOrUpgradeReceiver
10-16 01:49:29.340   523  1399 I ActivityManager: Start proc 1658:com.android.providers.calendar/u0a3 for content provider com.android.providers.calendar/.CalendarProvider2
10-16 01:49:29.359   523  1437 I ActivityManager: Start proc 1672:com.google.android.gms/u0a28 for content provider com.google.android.gms/.chimera.container.GmsModuleProvider
10-16 01:49:29.666   523   535 I ActivityManager: Start proc 1710:com.android.managedprovisioning/u0a14 for broadcast com.android.managedprovisioning/.preprovisioning.BootReminder
10-16 01:49:29.925   523   535 I ActivityManager: Start proc 1734:com.android.messaging/u0a63 for broadcast com.android.messaging/.receiver.BootAndPackageReplacedReceiver
10-16 01:49:30.353   523   894 I ActivityManager: Start proc 1766:com.android.packageinstaller/u0a18 for broadcast com.android.packageinstaller/.TemporaryFileManager
10-16 01:49:30.707   523  1725 D MmsServiceBroker: getCarrierConfigValues() by com.android.messaging
10-16 01:49:30.707   523  1725 W MmsServiceBroker: MmsService not connected. Try connecting...
10-16 01:49:30.711   523   523 I MmsServiceBroker: Connecting to MmsService
10-16 01:49:30.711   523   523 W ContextImpl: Calling a method in the system process without a qualified user: android.app.ContextImpl.bindService:1540 com.android.server.MmsServiceBroker.tryConnecting:241 com.android.server.MmsServiceBroker.-wrap3:0 com.android.server.MmsServiceBroker$1.handleMessage:83 android.os.Handler.dispatchMessage:105 
10-16 01:49:30.761   523   534 E AlarmManager: RTC Alarm: 2 null com.android.providers.calendar com.android.providers.calendar.intent.CalendarProvider2
10-16 01:49:30.806   523   523 I MmsServiceBroker: MmsService connected
10-16 01:49:30.909   523   535 D MmsServiceBroker: getCarrierConfigValues() by com.android.messaging
10-16 01:49:30.931   523   535 E AlarmManager: RTC Alarm: 2 null com.android.vending com.google.android.finsky.scheduler.FALLBACK2
10-16 01:49:30.941   523  1400 E AlarmManager: RTC Alarm: 2 null com.android.vending com.google.android.finsky.scheduler.FALLBACK3
10-16 01:49:30.948   523   778 E AlarmManager: RTC Alarm: 0 null com.android.vending com.android.vending/com.google.android.finsky.hygiene.DailyHygiene$DailyHygieneService
10-16 01:49:30.968   523   912 D MmsServiceBroker: getCarrierConfigValues() by com.android.messaging
10-16 01:49:31.006   523   534 I ActivityManager: Start proc 1810:com.google.android.configupdater/u0a31 for broadcast com.google.android.configupdater/.MainReceiver
10-16 01:49:31.122   523   523 D BackupTransportManager: Bound to transport: com.google.android.gms/.backup.BackupTransportService
10-16 01:49:31.199   523   523 D BackupTransportManager: Bound to transport: com.google.android.gms/.backup.component.D2dTransportService
10-16 01:49:31.747   523  1725 I ActivityManager: Start proc 1874:com.google.android.onetimeinitializer/u0a29 for broadcast com.google.android.onetimeinitializer/.OneTimeInitializerReceiver
10-16 01:49:31.898   523  1399 I ActivityManager: Start proc 1904:com.google.android.partnersetup/u0a30 for broadcast com.google.android.partnersetup/.GooglePartnerSetup
10-16 01:49:31.981   523   649 E WifiP2pService: P2p socket connection failed
10-16 01:49:32.018   523   650 D ConnectivityService: NetworkAgentInfo [WIFI () - 100] EVENT_NETWORK_INFO_CHANGED, going from CONNECTING to CONNECTED
10-16 01:49:32.019   523   650 D ConnectivityService: Adding iface wlan0 to network 100
10-16 01:49:32.030   523   650 D ConnectivityService: Setting DNS servers for network 100 to [/192.168.1.1]
10-16 01:49:32.093   523   542 E BatteryStatsService: no controller energy info supplied
10-16 01:49:32.104   523   650 D ConnectivityService: Switching to new default network: NetworkAgentInfo{ ni{[type: WIFI[], state: CONNECTED/CONNECTED, reason: (unspecified), extra: "Nitinkumar Chobhe", failover: false, available: true, roaming: false, metered: false]}  network{100}  nethandle{429513165534}  lp{{InterfaceName: wlan0 LinkAddresses: [fe80::ea92:a4ff:fe98:3175/64,192.168.1.2/24,]  Routes: [fe80::/64 -> :: wlan0,192.168.1.0/24 -> 0.0.0.0 wlan0,0.0.0.0/0 -> 192.168.1.1 wlan0,] DnsAddresses: [192.168.1.1,] Domains: Home MTU: 0 TcpBufferSizes: 524288,1048576,2097152,262144,524288,1048576}}  nc{[ Transports: WIFI Capabilities: NOT_METERED&INTERNET&NOT_RESTRICTED&TRUSTED&NOT_VPN&FOREGROUND LinkUpBandwidth>=1048576Kbps LinkDnBandwidth>=1048576Kbps SignalStrength: -47]}  Score{20}  everValidated{false}  lastValidated{false}  created{true} lingering{false} explicitlySelected{false} acceptUnvalidated{false} everCaptivePortalDetected{false} lastCaptivePortalDetected{false} }
10-16 01:49:32.279   523   542 E BatteryStatsService: no controller energy info supplied
10-16 01:49:32.284   523   650 D ConnectivityService: Sending CONNECTED broadcast for type 1 NetworkAgentInfo [WIFI () - 100] isDefaultNetwork=true
10-16 01:49:32.657   523   535 I ActivityManager: Start proc 1963:com.google.process.gapps/u0a61 for broadcast com.google.android.syncadapters.contacts/.ContactsSyncAdapterBroadcastReceiver
10-16 01:49:32.726  1960  1960 F libc    : CANNOT LINK EXECUTABLE "/vendor/bin/mm-qcamera-daemon": "/system/vendor/lib/libmmjpeg.so" has text relocations
10-16 01:49:32.727  1960  1960 F libc    : Fatal signal 6 (SIGABRT), code -6 in tid 1960 (mm-qcamera-daem)
10-16 01:49:32.751   523   539 W Looper  : Dispatch took 119ms on android.ui, h=Handler (com.android.server.am.ActivityManagerService$UiHandler) {38eb819} cb=null msg=53
10-16 01:49:32.841  1960  1960 F libc    : failed to resend signal during crash: Operation not permitted
10-16 01:49:32.853   523   544 I BootReceiver: Copying /data/tombstones/tombstone_09 to DropBox (SYSTEM_TOMBSTONE)
10-16 01:49:33.052   523  1400 I ActivityManager: Start proc 2000:org.omnirom.omnijaws/u0a52 for broadcast org.omnirom.omnijaws/.SystemReceiver
10-16 01:49:33.138   523   912 V BackupManagerService: selectBackupTransportAsync() called with transport com.google.android.gms/.backup.BackupTransportService
10-16 01:49:33.153   523   912 V BackupManagerService: Transport successfully selected: com.google.android.gms/.backup.BackupTransportService
10-16 01:49:33.217   523   650 D ConnectivityService: NetworkAgentInfo [WIFI () - 100] validation passed
10-16 01:49:33.296   523  1725 I ActivityManager: Finished processing BOOT_COMPLETED for u0
10-16 01:49:33.319   523   534 E AlarmManager: RTC Alarm: 2 null com.google.android.gms com.google.android.gms.drive.ApiService.RESET_AFTER_BOOT
10-16 01:49:33.369   523   535 I ActivityManager: Start proc 2027:com.google.android.gms.unstable/u0a28 for service com.google.android.gms/.droidguard.DroidGuardService
10-16 01:49:33.697   523  1166 E AlarmManager: RTC Alarm: 2 null com.google.android.gms com.google.android.gms.auth.authzen.CHECK_REGISTRATION
10-16 01:49:33.829   523  1399 I ActivityManager: Killing 1174:com.android.cellbroadcastreceiver/u0a5 (adj 906): empty #17
10-16 01:49:33.919   523   523 I Telecom : DefaultDialerCache: Refreshing default dialer for user 0: now com.android.dialer: DDC.oR@ADo
10-16 01:49:33.991   523   523 I Telecom : DefaultDialerCache: Refreshing default dialer for user 0: now com.android.dialer: DDC.oR@ADs
10-16 01:49:34.350   523   537 W VoiceInteractionManagerService: no available voice interaction services found for user 0
10-16 01:49:34.433   523   537 W VoiceInteractionManagerService: no available voice interaction services found for user 0
10-16 01:49:34.567   523   912 I ActivityManager: Start proc 2090:com.google.android.gms.ui/u0a28 for service com.google.android.gms/.chimera.UiIntentOperationService
10-16 01:49:36.011   523  1400 E AlarmManager: RTC Alarm: 0 null com.google.android.gms com.google.android.gms.reminders.notification.ACTION_REFRESH_ALIAS_LOCATION_REMINDERS
10-16 01:49:36.042   523  1725 E AlarmManager: RTC Alarm: 2 null com.google.android.gms com.google.android.gms.gcm.HEARTBEAT_ALARM
10-16 01:49:36.106   523   534 E AlarmManager: RTC Alarm: 0 null com.google.android.gms com.google.android.gms.reminders.notification.ACTION_REFRESH_TIME_REMINDERS
10-16 01:49:36.218   523  1166 E AlarmManager: RTC Alarm: 2 null com.google.android.gms com.google.android.gms.gcm.HEARTBEAT_ALARM
10-16 01:49:37.645  1672  2043 E ActivityThread: Failed to find provider info for com.google.android.wearable.settings
10-16 01:49:38.238   523  1725 E AlarmManager: RTC Alarm: 2 null com.google.android.gms com.google.android.gms/com.google.android.location.internal.GoogleLocationManagerService
10-16 01:49:38.238   523   535 I ActivityManager: START u0 {act=android.intent.action.MAIN cat=[android.intent.category.LAUNCHER] flg=0x10200000 cmp=com.android.vending/.AssetBrowserActivity bnds=[201,744][384,964]} from uid 10013
10-16 01:49:38.292  2229  2229 F libc    : CANNOT LINK EXECUTABLE "/vendor/bin/mm-qcamera-daemon": "/system/vendor/lib/libmmjpeg.so" has text relocations
10-16 01:49:38.292  2229  2229 F libc    : Fatal signal 6 (SIGABRT), code -6 in tid 2229 (mm-qcamera-daem)
10-16 01:49:38.360   523  1166 E AlarmManager: RTC Alarm: 2 null com.google.android.gms com.google.android.gms/com.google.android.location.internal.GoogleLocationManagerService
10-16 01:49:38.404  2229  2229 F libc    : failed to resend signal during crash: Operation not permitted
10-16 01:49:38.412   523   544 I BootReceiver: Copying /data/tombstones/tombstone_00 to DropBox (SYSTEM_TOMBSTONE)
10-16 01:49:38.418   523   535 I ActivityManager: START u0 {act=android.intent.action.MAIN cat=[android.intent.category.LAUNCHER] flg=0x10000000 cmp=com.android.vending/com.google.android.finsky.activities.MainActivity bnds=[201,744][384,964]} from uid 10019
10-16 01:49:38.833   523   542 E BatteryStatsService: no controller energy info supplied
10-16 01:49:38.833   523   542 E BatteryStatsService: no controller energy info supplied
10-16 01:49:38.847   523   542 E KernelUidCpuFreqTimeReader: Failed to read /proc/uid_time_in_state: java.io.FileNotFoundException: /proc/uid_time_in_state (No such file or directory)
10-16 01:49:38.851   523   542 E BatteryStatsService: modem info is invalid: ModemActivityInfo{ mTimestamp=0 mSleepTimeMs=0 mIdleTimeMs=0 mTxTimeMs[]=[0, 0, 0, 0, 0] mRxTimeMs=0 mEnergyUsed=0}
10-16 01:49:38.868   523   894 E AlarmManager: RTC Alarm: 2 null com.google.android.gms com.google.android.gms.matchstick.register_intent_action
10-16 01:49:39.358   523  1166 E AlarmManager: RTC Alarm: 2 null com.google.android.gms com.google.android.gms/.nearby.messages.service.NearbyMessagesService
10-16 01:49:39.430   523   894 E AlarmManager: RTC Alarm: 2 null com.google.android.gms com.google.android.gms/com.google.android.location.internal.AnalyticsSamplerReceiver
10-16 01:49:39.565   523   534 E AlarmManager: RTC Alarm: 2 null com.google.android.gms com.google.android.gms/com.google.android.location.internal.server.GoogleLocationService
10-16 01:49:39.588   523   535 E AlarmManager: RTC Alarm: 2 null com.google.android.gms com.google.android.gms/com.google.android.location.internal.server.GoogleLocationService
10-16 01:49:39.592   523  1437 E AlarmManager: RTC Alarm: 2 null com.google.android.gms com.google.android.gms/com.google.android.location.internal.server.GoogleLocationService
10-16 01:49:39.600   523  1399 E AlarmManager: RTC Alarm: 2 null com.google.android.gms com.google.android.gms/com.google.android.location.internal.server.GoogleLocationService
10-16 01:49:39.604   523   535 E AlarmManager: RTC Alarm: 2 null com.google.android.gms com.google.android.gms/com.google.android.location.internal.server.GoogleLocationService
10-16 01:49:41.158   523  2080 I ActivityManager: Start proc 2323:com.android.cellbroadcastreceiver/u0a5 for broadcast com.android.cellbroadcastreceiver/.CellBroadcastReceiver
10-16 01:49:41.829   523   714 E TaskPersister: File error accessing recents directory (directory doesn't exist?).
10-16 01:49:42.281   523  1166 I ActivityManager: Killing 1478:com.android.launcher3:wallpaper_chooser/u0a13 (adj 906): empty #17
10-16 01:49:42.712   523  1166 D ConnectivityService: registerNetworkAgent NetworkAgentInfo{ ni{[type: MOBILE[HSPA+], state: CONNECTED/CONNECTED, reason: connected, extra: internet, failover: false, available: true, roaming: false, metered: true]}  network{101}  nethandle{433808132830}  lp{{InterfaceName: rmnet_usb0 LinkAddresses: [100.98.168.144/30,]  Routes: [0.0.0.0/0 -> 100.98.168.145 rmnet_usb0,] DnsAddresses: [112.110.249.193,112.110.249.199,] Domains: null MTU: 1358 TcpBufferSizes: 40778,244668,734003,16777,100663,301990}}  nc{[ Transports: CELLULAR Capabilities: SUPL&INTERNET&NOT_RESTRICTED&TRUSTED&NOT_VPN LinkUpBandwidth>=5898Kbps LinkDnBandwidth>=14336Kbps Specifier: <1>]}  Score{10}  everValidated{false}  lastValidated{false}  created{false} lingering{false} explicitlySelected{false} acceptUnvalidated{false} everCaptivePortalDetected{false} lastCaptivePortalDetected{false} }
10-16 01:49:42.749   523   650 D ConnectivityService: NetworkAgentInfo [MOBILE (HSPA+) - 101] EVENT_NETWORK_INFO_CHANGED, going from null to CONNECTED
10-16 01:49:42.752   523  1399 E AlarmManager: RTC Alarm: 2 null com.google.android.gms CONTEXT_MANAGER_ALARM_WAKEUP_55951
10-16 01:49:42.753   523   650 D ConnectivityService: Adding iface rmnet_usb0 to network 101
10-16 01:49:42.770   523   650 D ConnectivityService: Setting DNS servers for network 101 to [/112.110.249.193, /112.110.249.199]
10-16 01:49:42.851   523   912 E AlarmManager: RTC Alarm: 2 null com.google.android.gms com.google.android.gms/com.google.android.contextmanager.service.ContextManagerService
10-16 01:49:43.311  2391  2391 F libc    : CANNOT LINK EXECUTABLE "/vendor/bin/mm-qcamera-daemon": "/system/vendor/lib/libmmjpeg.so" has text relocations
10-16 01:49:43.311  2391  2391 F libc    : Fatal signal 6 (SIGABRT), code -6 in tid 2391 (mm-qcamera-daem)
10-16 01:49:43.423   523   650 D ConnectivityService: NetworkAgentInfo [MOBILE (HSPA+) - 101] validation passed
10-16 01:49:43.477  2391  2391 F libc    : failed to resend signal during crash: Operation not permitted
10-16 01:49:43.482   523   544 I BootReceiver: Copying /data/tombstones/tombstone_01 to DropBox (SYSTEM_TOMBSTONE)
10-16 01:49:43.543   523   546 I ActivityManager: Start proc 2406:com.google.android.ext.services/u0a32 for service com.google.android.ext.services/android.ext.services.storage.CacheQuotaServiceImpl
10-16 01:49:43.872   523  1166 D PackageManager: Ignoring attempt to set enabled state of disabled component com.google.android.gsf/com.google.android.gsf.update.SystemUpdateActivity
10-16 01:49:43.874   523   894 D PackageManager: Ignoring attempt to set enabled state of disabled component com.google.android.gsf/com.google.android.gsf.update.SystemUpdateService$SecretCodeReceiver
10-16 01:49:43.875   523  2080 D PackageManager: Ignoring attempt to set enabled state of disabled component com.google.android.gsf/com.google.android.gsf.update.SystemUpdateService$Receiver
10-16 01:49:43.886   523   535 I ActivityManager: Killing 1208:com.android.carrierconfig/u0a2 (adj 906): empty #17
10-16 01:49:43.929   523   538 I ActivityManager: Waited long enough for: ServiceRecord{4869c49 u0 com.android.providers.media/.MediaScannerService}
10-16 01:49:44.005   523   778 E AlarmManager: RTC Alarm: 2 null com.google.android.gms com.google.android.gms/com.google.android.location.places.service.PlaceDetectionAsyncService
10-16 01:49:44.219   523  1399 E AlarmManager: RTC Alarm: 2 null com.google.android.gms CONTEXT_MANAGER_ALARM_WAKEUP_55951
10-16 01:49:44.327   523   912 E AlarmManager: RTC Alarm: 2 null com.google.android.gms com.google.android.gms/com.google.android.location.places.service.PlaceDetectionAsyncService
10-16 01:49:44.505   523  1725 E AlarmManager: RTC Alarm: 2 null com.google.android.gms CONTEXT_MANAGER_ALARM_WAKEUP_55951
10-16 01:49:44.542   523   894 E AlarmManager: RTC Alarm: 2 null com.google.android.gms com.google.android.gms/com.google.android.location.places.service.PlaceDetectionAsyncService
10-16 01:49:44.852   523   894 I ActivityManager: Killing 1588:com.android.keychain/1000 (adj 906): empty #17
10-16 01:49:44.888   523   538 I ActivityManager: Waited long enough for: ServiceRecord{8a9df34 u0 com.android.calendar/.alerts.InitAlarmsService}
10-16 01:49:45.827   523  1725 E AlarmManager: RTC Alarm: 2 null com.google.android.gms com.google.android.gms.gcm.ACTION_CHECK_QUEUE
10-16 01:49:46.180   523  2080 E AlarmManager: RTC Alarm: 2 null com.google.android.gms com.google.android.gms.gcm.ACTION_CHECK_QUEUE
10-16 01:49:46.262   523   534 E AlarmManager: RTC Alarm: 2 null com.google.android.gms com.google.android.gms.gcm.ACTION_CHECK_QUEUE
10-16 01:49:46.356   523  1437 E AlarmManager: RTC Alarm: 2 null com.google.android.gms com.google.android.gms.gcm.ACTION_CHECK_QUEUE
10-16 01:49:46.707   523  1437 E AlarmManager: RTC Alarm: 2 null com.google.android.gms com.google.android.gms.gcm.ACTION_CHECK_QUEUE
10-16 01:49:47.029   523  1166 E AlarmManager: RTC Alarm: 2 null com.google.android.gms com.google.android.gms.gcm.ACTION_CHECK_QUEUE
10-16 01:49:47.033   523   523 I Telecom : DefaultDialerCache: Refreshing default dialer for user 0: now com.android.dialer: DDC.oR@AEM
10-16 01:49:47.433  1672  2043 E ActivityThread: Failed to find provider info for com.google.android.wearable.settings
10-16 01:49:47.463   523   537 W VoiceInteractionManagerService: no available voice interaction services found for user 0
10-16 01:49:47.505   523  1725 E AlarmManager: RTC Alarm: 2 null com.google.android.gms com.google.android.gms.gcm.ACTION_CHECK_QUEUE
10-16 01:49:48.219   523   894 E AlarmManager: RTC Alarm: 2 null com.google.android.gms com.google.android.gms.gcm.ACTION_CHECK_QUEUE
10-16 01:49:48.347  2498  2498 F libc    : CANNOT LINK EXECUTABLE "/vendor/bin/mm-qcamera-daemon": "/system/vendor/lib/libmmjpeg.so" has text relocations
10-16 01:49:48.347  2498  2498 F libc    : Fatal signal 6 (SIGABRT), code -6 in tid 2498 (mm-qcamera-daem)
10-16 01:49:48.527  1672  2073 E ActivityThread: Failed to find provider info for com.google.android.wearable.settings
10-16 01:49:48.565   523   778 I ActivityManager: Start proc 2508:com.android.keychain/1000 for service com.android.keychain/.KeyChainService
10-16 01:49:49.151  2498  2498 F libc    : failed to resend signal during crash: Operation not permitted
10-16 01:49:49.159   523   544 I BootReceiver: Copying /data/tombstones/tombstone_02 to DropBox (SYSTEM_TOMBSTONE)
10-16 01:49:49.494   523  2080 E AlarmManager: RTC Alarm: 2 null com.google.android.gms com.google.android.gms.gcm.ACTION_CHECK_QUEUE
10-16 01:49:49.708   523   912 E AlarmManager: RTC Alarm: 2 null com.google.android.gms com.google.android.gms.gcm.ACTION_CHECK_QUEUE
10-16 01:49:49.938   523  1399 E AlarmManager: RTC Alarm: 2 null com.google.android.gms com.google.android.gms.gcm.ACTION_CHECK_QUEUE
10-16 01:49:50.034   523  2080 E AlarmManager: RTC Alarm: 2 null com.google.android.gms com.google.android.gms.gcm.ACTION_CHECK_QUEUE
10-16 01:49:50.156   523  1437 E AlarmManager: RTC Alarm: 2 null com.google.android.gms com.google.android.gms.gcm.ACTION_CHECK_QUEUE
10-16 01:49:50.267   523  1166 E AlarmManager: RTC Alarm: 2 null com.google.android.gms com.google.android.gms.gcm.ACTION_CHECK_QUEUE
10-16 01:49:50.433   523   912 E AlarmManager: RTC Alarm: 2 null com.google.android.gms com.google.android.gms.gcm.ACTION_CHECK_QUEUE
10-16 01:49:50.490   523   534 E AlarmManager: RTC Alarm: 2 null com.google.android.gms com.google.android.gms.gcm.ACTION_CHECK_QUEUE
10-16 01:49:50.609   523  1437 E AlarmManager: RTC Alarm: 2 null com.google.android.gms com.google.android.gms.gcm.ACTION_CHECK_QUEUE
10-16 01:49:50.770   523   534 E AlarmManager: RTC Alarm: 2 null com.google.android.gms com.google.android.gms.gcm.ACTION_CHECK_QUEUE
10-16 01:49:50.805   523   894 E AlarmManager: RTC Alarm: 2 null com.google.android.gms com.google.android.gms.gcm.ACTION_CHECK_QUEUE
10-16 01:49:51.153   523  1399 E AlarmManager: RTC Alarm: 2 null com.google.android.gms com.google.android.gms.gcm.ACTION_CHECK_QUEUE
10-16 01:49:51.242   523  1725 E AlarmManager: RTC Alarm: 2 null com.google.android.gms com.google.android.gms.gcm.ACTION_CHECK_QUEUE
10-16 01:49:51.614  1672  2073 E ActivityThread: Failed to find provider info for com.google.android.wearable.settings
10-16 01:49:51.942   523   778 E AlarmManager: RTC Alarm: 2 null com.google.android.gms com.google.android.gms.gcm.ACTION_CHECK_QUEUE
10-16 01:49:52.015   523   778 E AlarmManager: RTC Alarm: 2 null com.google.android.gms com.google.android.gms.gcm.ACTION_CHECK_QUEUE
10-16 01:49:52.183   523   778 I ActivityManager: Killing 1652:com.android.contacts/u0a7 (adj 906): empty #17
10-16 01:49:52.340   523  1400 E AlarmManager: RTC Alarm: 2 null com.google.android.gms com.google.android.gms.gcm.ACTION_CHECK_QUEUE
10-16 01:49:52.378   523  1400 E AlarmManager: RTC Alarm: 2 null com.google.android.gms com.google.android.gms.gcm.ACTION_CHECK_QUEUE
10-16 01:49:52.473   523   912 I ActivityManager: Killing 1265:com.android.deskclock/u0a48 (adj 906): empty #17
10-16 01:49:52.560   523  1399 E AlarmManager: RTC Alarm: 2 null com.google.android.gms com.google.android.gms.gcm.ACTION_CHECK_QUEUE
10-16 01:49:52.618   523  1399 E AlarmManager: RTC Alarm: 2 null com.google.android.gms com.google.android.gms.gcm.ACTION_CHECK_QUEUE
10-16 01:49:52.702   523   912 E AlarmManager: RTC Alarm: 2 null com.google.android.gms com.google.android.gms.gcm.ACTION_CHECK_QUEUE
10-16 01:49:52.750   523   778 E AlarmManager: RTC Alarm: 2 null com.google.android.gms com.google.android.gms.gcm.ACTION_CHECK_QUEUE
10-16 01:49:53.105   523  1725 E AlarmManager: RTC Alarm: 2 null com.google.android.gms com.google.android.gms.gcm.ACTION_CHECK_QUEUE
10-16 01:49:53.158   523  2080 E AlarmManager: RTC Alarm: 2 null com.google.android.gms com.google.android.gms.gcm.ACTION_CHECK_QUEUE
10-16 01:49:53.276  2572  2572 F libc    : CANNOT LINK EXECUTABLE "/vendor/bin/mm-qcamera-daemon": "/system/vendor/lib/libmmjpeg.so" has text relocations
10-16 01:49:53.276  2572  2572 F libc    : Fatal signal 6 (SIGABRT), code -6 in tid 2572 (mm-qcamera-daem)
10-16 01:49:53.436   523   534 E AlarmManager: RTC Alarm: 2 null com.google.android.gms com.google.android.gms.gcm.ACTION_CHECK_QUEUE
10-16 01:49:53.477   523  1166 E AlarmManager: RTC Alarm: 2 null com.google.android.gms com.google.android.gms.gcm.ACTION_CHECK_QUEUE
10-16 01:49:53.530  2572  2572 F libc    : failed to resend signal during crash: Operation not permitted
10-16 01:49:53.535   523   544 I BootReceiver: Copying /data/tombstones/tombstone_03 to DropBox (SYSTEM_TOMBSTONE)
10-16 01:49:54.356   523   894 E AlarmManager: RTC Alarm: 2 null com.google.android.gms com.google.android.gms.gcm.ACTION_CHECK_QUEUE
10-16 01:49:54.400   523   912 E AlarmManager: RTC Alarm: 2 null com.google.android.gms com.google.android.gms.gcm.ACTION_CHECK_QUEUE
10-16 01:49:54.707   523  1399 E AlarmManager: RTC Alarm: 2 null com.google.android.gms com.google.android.gms.gcm.ACTION_CHECK_QUEUE
10-16 01:49:54.766   523  1437 I ActivityManager: START u0 {cmp=com.android.vending/com.google.android.finsky.billing.lightpurchase.LightPurchaseFlowActivity (has extras)} from uid 10019
10-16 01:49:54.781   523  1399 E AlarmManager: RTC Alarm: 2 null com.google.android.gms com.google.android.gms.gcm.ACTION_CHECK_QUEUE
10-16 01:49:55.110   523   535 I ActivityManager: START u0 {cmp=com.android.vending/com.google.android.finsky.activities.AppsPermissionsActivity (has extras)} from uid 10019
10-16 01:49:55.304   523  1166 E AlarmManager: RTC Alarm: 2 null com.google.android.gms com.google.android.gms.gcm.ACTION_CHECK_QUEUE
10-16 01:49:55.348   523   534 E AlarmManager: RTC Alarm: 2 null com.google.android.gms com.google.android.gms.gcm.ACTION_CHECK_QUEUE
10-16 01:49:55.481   523  2080 I ActivityManager: Killing 1710:com.android.managedprovisioning/u0a14 (adj 906): empty #17
10-16 01:49:55.656   523  1400 E AlarmManager: RTC Alarm: 2 null com.google.android.gms com.google.android.gms.gcm.ACTION_CHECK_QUEUE
10-16 01:49:55.739   523   535 E AlarmManager: RTC Alarm: 2 null com.google.android.gms com.google.android.gms.gcm.ACTION_CHECK_QUEUE
10-16 01:49:56.167   523  1725 E AlarmManager: RTC Alarm: 2 null com.google.android.gms com.google.android.gms.gcm.ACTION_CHECK_QUEUE
10-16 01:49:56.237   523  1166 E AlarmManager: RTC Alarm: 2 null com.google.android.gms com.google.android.gms.gcm.ACTION_CHECK_QUEUE
10-16 01:49:56.593   523  1400 E AlarmManager: RTC Alarm: 2 null com.google.android.gms com.google.android.gms.gcm.ACTION_CHECK_QUEUE
10-16 01:49:56.689   523  1400 E AlarmManager: RTC Alarm: 2 null com.google.android.gms com.google.android.gms.gcm.ACTION_CHECK_QUEUE
10-16 01:49:56.886   523   894 E AlarmManager: RTC Alarm: 2 null com.google.android.gms com.google.android.gms.gcm.ACTION_CHECK_QUEUE
10-16 01:49:56.926   523   894 E AlarmManager: RTC Alarm: 2 null com.google.android.gms com.google.android.gms.gcm.ACTION_CHECK_QUEUE
10-16 01:49:57.457   523  1400 E AlarmManager: RTC Alarm: 2 null com.google.android.gms com.google.android.gms.gcm.ACTION_CHECK_QUEUE
10-16 01:49:57.500   523  2080 E AlarmManager: RTC Alarm: 2 null com.google.android.gms com.google.android.gms.gcm.ACTION_CHECK_QUEUE
10-16 01:49:57.821   523   535 E AlarmManager: RTC Alarm: 2 null com.google.android.gms com.google.android.gms.gcm.ACTION_CHECK_QUEUE
10-16 01:49:57.862   523   535 E AlarmManager: RTC Alarm: 2 null com.google.android.gms com.google.android.gms.gcm.ACTION_CHECK_QUEUE
10-16 01:49:58.257  2616  2616 F libc    : CANNOT LINK EXECUTABLE "/vendor/bin/mm-qcamera-daemon": "/system/vendor/lib/libmmjpeg.so" has text relocations
10-16 01:49:58.257  2616  2616 F libc    : Fatal signal 6 (SIGABRT), code -6 in tid 2616 (mm-qcamera-daem)
10-16 01:49:58.289   523   714 E TaskPersister: File error accessing recents directory (directory doesn't exist?).
10-16 01:49:58.305  2616  2616 F libc    : failed to resend signal during crash: Operation not permitted
10-16 01:49:58.308   523   544 I BootReceiver: Copying /data/tombstones/tombstone_04 to DropBox (SYSTEM_TOMBSTONE)
10-16 01:49:58.328   523   538 I ActivityManager: Killing 1766:com.android.packageinstaller/u0a18 (adj 906): empty #17
10-16 01:49:58.375   523  1725 E AlarmManager: RTC Alarm: 2 null com.google.android.gms com.google.android.gms.gcm.ACTION_CHECK_QUEUE
10-16 01:49:58.395   523  1400 E AlarmManager: RTC Alarm: 2 null com.google.android.gms com.google.android.gms.gcm.ACTION_CHECK_QUEUE
10-16 01:49:58.764   523  1166 E AlarmManager: RTC Alarm: 2 null com.google.android.gms com.google.android.gms.gcm.ACTION_CHECK_QUEUE
10-16 01:49:58.792   523   912 E AlarmManager: RTC Alarm: 2 null com.google.android.gms com.google.android.gms.gcm.ACTION_CHECK_QUEUE
10-16 01:49:59.424   523   912 E AlarmManager: RTC Alarm: 2 null com.google.android.gms com.google.android.gms.gcm.ACTION_CHECK_QUEUE
10-16 01:49:59.451   523   535 E AlarmManager: RTC Alarm: 2 null com.google.android.gms com.google.android.gms.gcm.ACTION_CHECK_QUEUE
10-16 01:49:59.902   523  2080 E AlarmManager: RTC Alarm: 2 null com.android.providers.calendar com.android.providers.calendar.intent.CalendarProvider2
10-16 01:50:01.359   523   778 E AlarmManager: RTC Alarm: 2 null com.google.android.gms com.google.android.gms.gcm.ACTION_CHECK_QUEUE
10-16 01:50:01.396   523  1400 E AlarmManager: RTC Alarm: 2 null com.google.android.gms com.google.android.gms.gcm.ACTION_CHECK_QUEUE
10-16 01:50:01.825   523  1725 E AlarmManager: RTC Alarm: 2 null com.google.android.gms com.google.android.gms.gcm.ACTION_CHECK_QUEUE
10-16 01:50:01.852   523   778 E AlarmManager: RTC Alarm: 2 null com.google.android.gms com.google.android.gms.gcm.ACTION_CHECK_QUEUE
10-16 01:50:02.236   523  1399 E AlarmManager: RTC Alarm: 2 null com.google.android.gms com.google.android.gms.gcm.ACTION_CHECK_QUEUE
10-16 01:50:02.261   523   778 E AlarmManager: RTC Alarm: 2 null com.google.android.gms com.google.android.gms.gcm.ACTION_CHECK_QUEUE
10-16 01:50:02.627   523   912 E AlarmManager: RTC Alarm: 2 null com.google.android.gms com.google.android.gms.gcm.ACTION_CHECK_QUEUE
10-16 01:50:02.646   523  2080 E AlarmManager: RTC Alarm: 2 null com.google.android.gms com.google.android.gms.gcm.ACTION_CHECK_QUEUE
10-16 01:50:03.126   523  2080 E AlarmManager: RTC Alarm: 2 null com.google.android.gms com.google.android.gms.gcm.ACTION_CHECK_QUEUE
10-16 01:50:03.156   523   912 E AlarmManager: RTC Alarm: 2 null com.google.android.gms com.google.android.gms.gcm.ACTION_CHECK_QUEUE
10-16 01:50:03.252  2674  2674 F libc    : CANNOT LINK EXECUTABLE "/vendor/bin/mm-qcamera-daemon": "/system/vendor/lib/libmmjpeg.so" has text relocations
10-16 01:50:03.253  2674  2674 F libc    : Fatal signal 6 (SIGABRT), code -6 in tid 2674 (mm-qcamera-daem)
10-16 01:50:03.290  2674  2674 F libc    : failed to resend signal during crash: Operation not permitted
10-16 01:50:03.293   523   544 I BootReceiver: Copying /data/tombstones/tombstone_05 to DropBox (SYSTEM_TOMBSTONE)
10-16 01:50:03.320   523  2080 I ActivityManager: Killing 1611:com.android.calendar/u0a43 (adj 906): empty #17
