10-16 01:57:38.378  6023  6023 E linker  : "/system/vendor/lib/libmmjpeg.so" has text relocations
10-16 01:57:38.380  6023  6023 F libc    : CANNOT LINK EXECUTABLE "/vendor/bin/mm-qcamera-daemon": "/system/vendor/lib/libmmjpeg.so" has text relocations
10-16 01:57:38.380  6023  6023 F libc    : Fatal signal 6 (SIGABRT), code -6 in tid 6023 (mm-qcamera-daem)
10-16 01:57:38.415  6026  6026 I crash_dump32: obtaining output fd from tombstoned
10-16 01:57:38.415   313   313 I /system/bin/tombstoned: received crash request for pid 6023
10-16 01:57:38.416  6026  6026 I crash_dump32: performing dump of process 6023 (target tid = 6023)
10-16 01:57:38.416  6023  6023 F libc    : failed to resend signal during crash: Operation not permitted
10-16 01:57:38.416  6026  6026 E DEBUG   : unexpected waitpid response: n=6023, status=00000100
10-16 01:57:38.417   313   313 W /system/bin/tombstoned: crash socket received short read of length 0 (expected 8)
10-16 01:57:38.419   523   544 I BootReceiver: Copying /data/tombstones/tombstone_01 to DropBox (SYSTEM_TOMBSTONE)
10-16 01:57:42.775  6033  6033 I chatty  : uid=1027(nfc) expire 3 lines
10-16 01:57:43.379  6038  6038 E linker  : "/system/vendor/lib/libmmjpeg.so" has text relocations
10-16 01:57:43.381  6038  6038 F libc    : CANNOT LINK EXECUTABLE "/vendor/bin/mm-qcamera-daemon": "/system/vendor/lib/libmmjpeg.so" has text relocations
10-16 01:57:43.381  6038  6038 F libc    : Fatal signal 6 (SIGABRT), code -6 in tid 6038 (mm-qcamera-daem)
10-16 01:57:43.415  6041  6041 I crash_dump32: obtaining output fd from tombstoned
10-16 01:57:43.415   313   313 I /system/bin/tombstoned: received crash request for pid 6038
10-16 01:57:43.416  6041  6041 I crash_dump32: performing dump of process 6038 (target tid = 6038)
10-16 01:57:43.416  6038  6038 F libc    : failed to resend signal during crash: Operation not permitted
10-16 01:57:43.417  6041  6041 E DEBUG   : unexpected waitpid response: n=6038, status=00000100
10-16 01:57:43.418   313   313 W /system/bin/tombstoned: crash socket received short read of length 0 (expected 8)
10-16 01:57:43.419   523   544 I BootReceiver: Copying /data/tombstones/tombstone_02 to DropBox (SYSTEM_TOMBSTONE)
10-16 01:57:44.009  5910  5930 I chatty  : uid=1027(nfc) com.android.nfc expire 5 lines
10-16 01:57:47.750  6046  6046 I chatty  : uid=1027(nfc) expire 3 lines
10-16 01:57:48.381  6051  6051 E linker  : "/system/vendor/lib/libmmjpeg.so" has text relocations
10-16 01:57:48.382  6051  6051 F libc    : CANNOT LINK EXECUTABLE "/vendor/bin/mm-qcamera-daemon": "/system/vendor/lib/libmmjpeg.so" has text relocations
10-16 01:57:48.382  6051  6051 F libc    : Fatal signal 6 (SIGABRT), code -6 in tid 6051 (mm-qcamera-daem)
10-16 01:57:48.417  6054  6054 I crash_dump32: obtaining output fd from tombstoned
10-16 01:57:48.417   313   313 I /system/bin/tombstoned: received crash request for pid 6051
10-16 01:57:48.418  6054  6054 I crash_dump32: performing dump of process 6051 (target tid = 6051)
10-16 01:57:48.418  6051  6051 F libc    : failed to resend signal during crash: Operation not permitted
10-16 01:57:48.418  6054  6054 E DEBUG   : unexpected waitpid response: n=6051, status=00000100
10-16 01:57:48.419   313   313 W /system/bin/tombstoned: crash socket received short read of length 0 (expected 8)
10-16 01:57:48.420   523   544 I BootReceiver: Copying /data/tombstones/tombstone_03 to DropBox (SYSTEM_TOMBSTONE)
10-16 01:57:49.012  5910  5930 I chatty  : uid=1027(nfc) com.android.nfc expire 4 lines
10-16 01:57:52.760  6058  6058 I chatty  : uid=1027(nfc) expire 3 lines
10-16 01:57:53.013  5910  5930 I chatty  : uid=1027(nfc) com.android.nfc expire 6 lines
10-16 01:57:53.382  6063  6063 E linker  : "/system/vendor/lib/libmmjpeg.so" has text relocations
10-16 01:57:53.383  6063  6063 F libc    : CANNOT LINK EXECUTABLE "/vendor/bin/mm-qcamera-daemon": "/system/vendor/lib/libmmjpeg.so" has text relocations
10-16 01:57:53.383  6063  6063 F libc    : Fatal signal 6 (SIGABRT), code -6 in tid 6063 (mm-qcamera-daem)
10-16 01:57:53.418  6066  6066 I crash_dump32: obtaining output fd from tombstoned
10-16 01:57:53.418   313   313 I /system/bin/tombstoned: received crash request for pid 6063
10-16 01:57:53.419  6066  6066 I crash_dump32: performing dump of process 6063 (target tid = 6063)
10-16 01:57:53.419  6063  6063 F libc    : failed to resend signal during crash: Operation not permitted
10-16 01:57:53.421   313   313 W /system/bin/tombstoned: crash socket received short read of length 0 (expected 8)
10-16 01:57:53.422   523   544 I BootReceiver: Copying /data/tombstones/tombstone_04 to DropBox (SYSTEM_TOMBSTONE)
10-16 01:57:57.750  6071  6071 I chatty  : uid=1027(nfc) /vendor/bin/hw/android.hardware.nfc@1.0-service expire 3 lines
10-16 01:57:58.383  6076  6076 E linker  : "/system/vendor/lib/libmmjpeg.so" has text relocations
10-16 01:57:58.384  6076  6076 F libc    : CANNOT LINK EXECUTABLE "/vendor/bin/mm-qcamera-daemon": "/system/vendor/lib/libmmjpeg.so" has text relocations
10-16 01:57:58.384  6076  6076 F libc    : Fatal signal 6 (SIGABRT), code -6 in tid 6076 (mm-qcamera-daem)
10-16 01:57:58.418  6079  6079 I crash_dump32: obtaining output fd from tombstoned
10-16 01:57:58.419   313   313 I /system/bin/tombstoned: received crash request for pid 6076
10-16 01:57:58.419  6079  6079 I crash_dump32: performing dump of process 6076 (target tid = 6076)
10-16 01:57:58.420  6076  6076 F libc    : failed to resend signal during crash: Operation not permitted
10-16 01:57:58.420  6079  6079 E DEBUG   : unexpected waitpid response: n=6076, status=00000100
10-16 01:57:58.421   313   313 W /system/bin/tombstoned: crash socket received short read of length 0 (expected 8)
10-16 01:57:58.422   523   544 I BootReceiver: Copying /data/tombstones/tombstone_05 to DropBox (SYSTEM_TOMBSTONE)
10-16 01:57:59.015  5910  5930 I chatty  : uid=1027(nfc) com.android.nfc expire 9 lines
10-16 01:58:02.760  6083  6083 I chatty  : uid=1027(nfc) expire 3 lines
10-16 01:58:03.384  6088  6088 E linker  : "/system/vendor/lib/libmmjpeg.so" has text relocations
10-16 01:58:03.385  6088  6088 F libc    : CANNOT LINK EXECUTABLE "/vendor/bin/mm-qcamera-daemon": "/system/vendor/lib/libmmjpeg.so" has text relocations
10-16 01:58:03.385  6088  6088 F libc    : Fatal signal 6 (SIGABRT), code -6 in tid 6088 (mm-qcamera-daem)
10-16 01:58:03.420  6091  6091 I crash_dump32: obtaining output fd from tombstoned
10-16 01:58:03.420   313   313 I /system/bin/tombstoned: received crash request for pid 6088
10-16 01:58:03.421  6091  6091 I crash_dump32: performing dump of process 6088 (target tid = 6088)
10-16 01:58:03.421  6088  6088 F libc    : failed to resend signal during crash: Operation not permitted
10-16 01:58:03.422  6091  6091 E DEBUG   : unexpected waitpid response: n=6088, status=00000100
10-16 01:58:03.423   313   313 W /system/bin/tombstoned: crash socket received short read of length 0 (expected 8)
10-16 01:58:03.424   523   544 I BootReceiver: Copying /data/tombstones/tombstone_06 to DropBox (SYSTEM_TOMBSTONE)
10-16 01:58:07.740  6096  6096 I chatty  : uid=1027(nfc) expire 3 lines
10-16 01:58:08.021  5910  5930 I chatty  : uid=1027(nfc) com.android.nfc expire 6 lines
10-16 01:58:08.385  6101  6101 E linker  : "/system/vendor/lib/libmmjpeg.so" has text relocations
10-16 01:58:08.386  6101  6101 F libc    : CANNOT LINK EXECUTABLE "/vendor/bin/mm-qcamera-daemon": "/system/vendor/lib/libmmjpeg.so" has text relocations
10-16 01:58:08.386  6101  6101 F libc    : Fatal signal 6 (SIGABRT), code -6 in tid 6101 (mm-qcamera-daem)
10-16 01:58:08.420  6104  6104 I crash_dump32: obtaining output fd from tombstoned
10-16 01:58:08.421   313   313 I /system/bin/tombstoned: received crash request for pid 6101
10-16 01:58:08.421  6104  6104 I crash_dump32: performing dump of process 6101 (target tid = 6101)
10-16 01:58:08.422  6101  6101 F libc    : failed to resend signal during crash: Operation not permitted
10-16 01:58:08.422  6104  6104 E DEBUG   : unexpected waitpid response: n=6101, status=00000100
10-16 01:58:08.423   313   313 W /system/bin/tombstoned: crash socket received short read of length 0 (expected 8)
10-16 01:58:08.424   523   544 I BootReceiver: Copying /data/tombstones/tombstone_07 to DropBox (SYSTEM_TOMBSTONE)
10-16 01:58:12.758  6109  6109 I chatty  : uid=1027(nfc) /vendor/bin/hw/android.hardware.nfc@1.0-service expire 3 lines
10-16 01:58:13.386  6114  6114 E linker  : "/system/vendor/lib/libmmjpeg.so" has text relocations
10-16 01:58:13.387  6114  6114 F libc    : CANNOT LINK EXECUTABLE "/vendor/bin/mm-qcamera-daemon": "/system/vendor/lib/libmmjpeg.so" has text relocations
10-16 01:58:13.388  6114  6114 F libc    : Fatal signal 6 (SIGABRT), code -6 in tid 6114 (mm-qcamera-daem)
10-16 01:58:13.422  6117  6117 I crash_dump32: obtaining output fd from tombstoned
10-16 01:58:13.423   313   313 I /system/bin/tombstoned: received crash request for pid 6114
10-16 01:58:13.423  6117  6117 I crash_dump32: performing dump of process 6114 (target tid = 6114)
10-16 01:58:13.424  6114  6114 F libc    : failed to resend signal during crash: Operation not permitted
10-16 01:58:13.424  6117  6117 E DEBUG   : unexpected waitpid response: n=6114, status=00000100
10-16 01:58:13.425   313   313 W /system/bin/tombstoned: crash socket received short read of length 0 (expected 8)
10-16 01:58:13.426   523   544 I BootReceiver: Copying /data/tombstones/tombstone_08 to DropBox (SYSTEM_TOMBSTONE)
10-16 01:58:14.024  5910  5930 I chatty  : uid=1027(nfc) com.android.nfc expire 10 lines
10-16 01:58:17.781  6123  6123 I chatty  : uid=1027(nfc) expire 3 lines
10-16 01:58:18.388  6128  6128 E linker  : "/system/vendor/lib/libmmjpeg.so" has text relocations
10-16 01:58:18.389  6128  6128 F libc    : CANNOT LINK EXECUTABLE "/vendor/bin/mm-qcamera-daemon": "/system/vendor/lib/libmmjpeg.so" has text relocations
10-16 01:58:18.389  6128  6128 F libc    : Fatal signal 6 (SIGABRT), code -6 in tid 6128 (mm-qcamera-daem)
10-16 01:58:18.424  6131  6131 I crash_dump32: obtaining output fd from tombstoned
10-16 01:58:18.424   313   313 I /system/bin/tombstoned: received crash request for pid 6128
10-16 01:58:18.425  6131  6131 I crash_dump32: performing dump of process 6128 (target tid = 6128)
10-16 01:58:18.425  6128  6128 F libc    : failed to resend signal during crash: Operation not permitted
10-16 01:58:18.427   313   313 W /system/bin/tombstoned: crash socket received short read of length 0 (expected 8)
10-16 01:58:18.428   523   544 I BootReceiver: Copying /data/tombstones/tombstone_09 to DropBox (SYSTEM_TOMBSTONE)
10-16 01:58:22.762  6136  6136 I chatty  : uid=1027(nfc) expire 3 lines
10-16 01:58:23.389  6141  6141 E linker  : "/system/vendor/lib/libmmjpeg.so" has text relocations
10-16 01:58:23.390  6141  6141 F libc    : CANNOT LINK EXECUTABLE "/vendor/bin/mm-qcamera-daemon": "/system/vendor/lib/libmmjpeg.so" has text relocations
10-16 01:58:23.391  6141  6141 F libc    : Fatal signal 6 (SIGABRT), code -6 in tid 6141 (mm-qcamera-daem)
10-16 01:58:23.425  6145  6145 I crash_dump32: obtaining output fd from tombstoned
10-16 01:58:23.426   313   313 I /system/bin/tombstoned: received crash request for pid 6141
10-16 01:58:23.426  6145  6145 I crash_dump32: performing dump of process 6141 (target tid = 6141)
10-16 01:58:23.427  6141  6141 F libc    : failed to resend signal during crash: Operation not permitted
10-16 01:58:23.427  6145  6145 E DEBUG   : unexpected waitpid response: n=6141, status=00000100
10-16 01:58:23.428   313   313 W /system/bin/tombstoned: crash socket received short read of length 0 (expected 8)
10-16 01:58:23.430   523   544 I BootReceiver: Copying /data/tombstones/tombstone_00 to DropBox (SYSTEM_TOMBSTONE)
10-16 01:58:24.028  5910  5930 I chatty  : uid=1027(nfc) com.android.nfc expire 4 lines
10-16 01:58:24.034  1351  4785 W OkHttpClient: A connection to https://redirector.gvt1.com/ was leaked. Did you forget to close a response body?
10-16 01:58:27.760  6150  6150 I chatty  : uid=1027(nfc) expire 3 lines
10-16 01:58:28.029  5910  5930 I chatty  : uid=1027(nfc) com.android.nfc expire 6 lines
10-16 01:58:28.390  6155  6155 E linker  : "/system/vendor/lib/libmmjpeg.so" has text relocations
10-16 01:58:28.391  6155  6155 F libc    : CANNOT LINK EXECUTABLE "/vendor/bin/mm-qcamera-daemon": "/system/vendor/lib/libmmjpeg.so" has text relocations
10-16 01:58:28.391  6155  6155 F libc    : Fatal signal 6 (SIGABRT), code -6 in tid 6155 (mm-qcamera-daem)
10-16 01:58:28.426  6158  6158 I crash_dump32: obtaining output fd from tombstoned
10-16 01:58:28.426   313   313 I /system/bin/tombstoned: received crash request for pid 6155
10-16 01:58:28.427  6158  6158 I crash_dump32: performing dump of process 6155 (target tid = 6155)
10-16 01:58:28.427  6155  6155 F libc    : failed to resend signal during crash: Operation not permitted
10-16 01:58:28.427  6158  6158 E DEBUG   : unexpected waitpid response: n=6155, status=00000100
10-16 01:58:28.429   313   313 W /system/bin/tombstoned: crash socket received short read of length 0 (expected 8)
10-16 01:58:28.430   523   544 I BootReceiver: Copying /data/tombstones/tombstone_01 to DropBox (SYSTEM_TOMBSTONE)
10-16 01:58:28.622   282   344 D ThermalDaemon: Sensor 'batt_therm' - alarm cleared 5 at 40.0 degC
10-16 01:58:32.787  6163  6163 I chatty  : uid=1027(nfc) expire 3 lines
10-16 01:58:32.991  5910  5931 I chatty  : uid=1027(nfc) com.android.nfc expire 203 lines
10-16 01:58:33.069  5931  5931 I chatty  : uid=1027(nfc) com.android.nfc expire 1 line
10-16 01:58:33.241  5910  5931 I chatty  : uid=1027(nfc) com.android.nfc expire 87 lines
10-16 01:58:33.243  5910  5931 F libc    : Fatal signal 6 (SIGABRT), code -6 in tid 5931 (enableInternal)
10-16 01:58:33.334  6171  6171 I chatty  : uid=1027(nfc) crash_dump32 expire 3 lines
10-16 01:58:33.335   313   313 I /system/bin/tombstoned: received crash request for pid 5910
10-16 01:58:33.336  5910  5931 F libc    : failed to resend signal during crash: Operation not permitted
10-16 01:58:33.350   313   313 W /system/bin/tombstoned: crash socket received short read of length 0 (expected 8)
10-16 01:58:33.351   523   544 I BootReceiver: Copying /data/tombstones/tombstone_02 to DropBox (SYSTEM_TOMBSTONE)
10-16 01:58:33.354   162   162 I ServiceManager: service 'nfc' died
10-16 01:58:33.355   523  1725 I ActivityManager: Process com.android.nfc (pid 5910) has died: pers PER 
10-16 01:58:33.355   523  1725 W ActivityManager: Re-adding persistent process ProcessRecord{f8d6120 5910:com.android.nfc/1027}
10-16 01:58:33.373   523  1725 I ActivityManager: Start proc 6172:com.android.nfc/1027 for restart com.android.nfc
10-16 01:58:33.409   258   258 I Zygote  : Process 5910 exited cleanly (1)
10-16 01:58:33.409  6175  6175 E linker  : "/system/vendor/lib/libmmjpeg.so" has text relocations
10-16 01:58:33.411  6175  6175 F libc    : CANNOT LINK EXECUTABLE "/vendor/bin/mm-qcamera-daemon": "/system/vendor/lib/libmmjpeg.so" has text relocations
10-16 01:58:33.411  6175  6175 F libc    : Fatal signal 6 (SIGABRT), code -6 in tid 6175 (mm-qcamera-daem)
10-16 01:58:33.448  6189  6189 I crash_dump32: obtaining output fd from tombstoned
10-16 01:58:33.449   313   313 I /system/bin/tombstoned: received crash request for pid 6175
10-16 01:58:33.450  6189  6189 I crash_dump32: performing dump of process 6175 (target tid = 6175)
10-16 01:58:33.450  6175  6175 F libc    : failed to resend signal during crash: Operation not permitted
10-16 01:58:33.453   313   313 W /system/bin/tombstoned: crash socket received short read of length 0 (expected 8)
10-16 01:58:33.454   523   544 I BootReceiver: Copying /data/tombstones/tombstone_03 to DropBox (SYSTEM_TOMBSTONE)
10-16 01:58:33.533  6172  6172 I chatty  : uid=1027(nfc) com.android.nfc expire 14 lines
10-16 01:58:33.673   523   778 W ActivityManager: Unable to start service Intent { act=android.nfc.cardemulation.action.HOST_APDU_SERVICE cmp=com.google.android.gms/.tapandpay.hce.service.TpHceService } U=0: not found
10-16 01:58:33.680  6172  6197 I chatty  : uid=1027(nfc) com.android.nfc expire 26 lines
10-16 01:58:33.687  6172  6201 I chatty  : uid=1027(nfc) com.android.nfc expire 1 line
10-16 01:58:33.687  6172  6200 I chatty  : uid=1027(nfc) com.android.nfc expire 1 line
10-16 01:58:37.786  6206  6206 I chatty  : uid=1027(nfc) expire 3 lines
10-16 01:58:38.392  6211  6211 E linker  : "/system/vendor/lib/libmmjpeg.so" has text relocations
10-16 01:58:38.393  6211  6211 F libc    : CANNOT LINK EXECUTABLE "/vendor/bin/mm-qcamera-daemon": "/system/vendor/lib/libmmjpeg.so" has text relocations
10-16 01:58:38.393  6211  6211 F libc    : Fatal signal 6 (SIGABRT), code -6 in tid 6211 (mm-qcamera-daem)
10-16 01:58:38.428  6214  6214 I crash_dump32: obtaining output fd from tombstoned
10-16 01:58:38.428   313   313 I /system/bin/tombstoned: received crash request for pid 6211
10-16 01:58:38.429  6214  6214 I crash_dump32: performing dump of process 6211 (target tid = 6211)
10-16 01:58:38.429  6211  6211 F libc    : failed to resend signal during crash: Operation not permitted
10-16 01:58:38.430  6214  6214 E DEBUG   : unexpected waitpid response: n=6211, status=00000100
10-16 01:58:38.431   313   313 W /system/bin/tombstoned: crash socket received short read of length 0 (expected 8)
10-16 01:58:38.432   523   544 I BootReceiver: Copying /data/tombstones/tombstone_04 to DropBox (SYSTEM_TOMBSTONE)
10-16 01:58:42.784  6219  6219 I chatty  : uid=1027(nfc) expire 3 lines
10-16 01:58:43.393  6224  6224 E linker  : "/system/vendor/lib/libmmjpeg.so" has text relocations
10-16 01:58:43.394  6224  6224 F libc    : CANNOT LINK EXECUTABLE "/vendor/bin/mm-qcamera-daemon": "/system/vendor/lib/libmmjpeg.so" has text relocations
10-16 01:58:43.395  6224  6224 F libc    : Fatal signal 6 (SIGABRT), code -6 in tid 6224 (mm-qcamera-daem)
10-16 01:58:43.429  6227  6227 I crash_dump32: obtaining output fd from tombstoned
10-16 01:58:43.430   313   313 I /system/bin/tombstoned: received crash request for pid 6224
10-16 01:58:43.430  6227  6227 I crash_dump32: performing dump of process 6224 (target tid = 6224)
10-16 01:58:43.431  6224  6224 F libc    : failed to resend signal during crash: Operation not permitted
10-16 01:58:43.431  6227  6227 E DEBUG   : unexpected waitpid response: n=6224, status=00000100
10-16 01:58:43.432   313   313 W /system/bin/tombstoned: crash socket received short read of length 0 (expected 8)
10-16 01:58:43.433   523   544 I BootReceiver: Copying /data/tombstones/tombstone_05 to DropBox (SYSTEM_TOMBSTONE)
10-16 01:58:47.768  6233  6233 I chatty  : uid=1027(nfc) /vendor/bin/hw/android.hardware.nfc@1.0-service expire 3 lines
10-16 01:58:48.395  6238  6238 E linker  : "/system/vendor/lib/libmmjpeg.so" has text relocations
10-16 01:58:48.396  6238  6238 F libc    : CANNOT LINK EXECUTABLE "/vendor/bin/mm-qcamera-daemon": "/system/vendor/lib/libmmjpeg.so" has text relocations
10-16 01:58:48.396  6238  6238 F libc    : Fatal signal 6 (SIGABRT), code -6 in tid 6238 (mm-qcamera-daem)
10-16 01:58:48.430  6241  6241 I crash_dump32: obtaining output fd from tombstoned
10-16 01:58:48.431   313   313 I /system/bin/tombstoned: received crash request for pid 6238
10-16 01:58:48.432  6241  6241 I crash_dump32: performing dump of process 6238 (target tid = 6238)
10-16 01:58:48.432  6238  6238 F libc    : failed to resend signal during crash: Operation not permitted
10-16 01:58:48.432  6241  6241 E DEBUG   : unexpected waitpid response: n=6238, status=00000100
10-16 01:58:48.433   313   313 W /system/bin/tombstoned: crash socket received short read of length 0 (expected 8)
10-16 01:58:48.434   523   544 I BootReceiver: Copying /data/tombstones/tombstone_06 to DropBox (SYSTEM_TOMBSTONE)
10-16 01:58:48.695  6172  6197 I chatty  : uid=1027(nfc) com.android.nfc expire 15 lines
10-16 01:58:52.789  6246  6246 I chatty  : uid=1027(nfc) expire 3 lines
10-16 01:58:53.395  6252  6252 E linker  : "/system/vendor/lib/libmmjpeg.so" has text relocations
10-16 01:58:53.397  6252  6252 F libc    : CANNOT LINK EXECUTABLE "/vendor/bin/mm-qcamera-daemon": "/system/vendor/lib/libmmjpeg.so" has text relocations
10-16 01:58:53.397  6252  6252 F libc    : Fatal signal 6 (SIGABRT), code -6 in tid 6252 (mm-qcamera-daem)
10-16 01:58:53.431  6255  6255 I crash_dump32: obtaining output fd from tombstoned
10-16 01:58:53.432   313   313 I /system/bin/tombstoned: received crash request for pid 6252
10-16 01:58:53.432  6255  6255 I crash_dump32: performing dump of process 6252 (target tid = 6252)
10-16 01:58:53.433  6252  6252 F libc    : failed to resend signal during crash: Operation not permitted
10-16 01:58:53.433  6255  6255 E DEBUG   : unexpected waitpid response: n=6252, status=00000100
10-16 01:58:53.434   313   313 W /system/bin/tombstoned: crash socket received short read of length 0 (expected 8)
10-16 01:58:53.435   523   544 I BootReceiver: Copying /data/tombstones/tombstone_07 to DropBox (SYSTEM_TOMBSTONE)
10-16 01:58:54.789   523  3233 E AlarmManager: RTC Alarm: 2 null com.google.android.gms com.google.android.gms.gcm.HEARTBEAT_ALARM
10-16 01:58:54.852   523  1400 E AlarmManager: RTC Alarm: 2 null com.google.android.gms com.google.android.gms.gcm.ACTION_CHECK_QUEUE
10-16 01:58:54.886   523   778 E AlarmManager: RTC Alarm: 2 null com.google.android.gms com.google.android.gms.gcm.ACTION_CHECK_QUEUE
10-16 01:58:54.894  3282  3295 I Finsky  : [195] com.google.android.finsky.contentfilterui.m.a(8): Received content filters request from sharedUserId=com.google.uid.shared:10028
10-16 01:58:54.909  3257  3417 W ConfigurationChimeraPro: Got null configs for com.google.android.gms.auth.account.base
10-16 01:58:54.910  3257  3417 W GLSUser : [DeviceKeyStore] Cannot load key: Device key file not found.
10-16 01:58:54.938  3257  3257 W SystemServiceRegistry: No service published for: persistent_data_block
10-16 01:58:55.588  3629  3645 W SystemServiceRegistry: No service published for: persistent_data_block
10-16 01:58:55.591  3645  3645 I Binder:3629_1: type=1400 audit(0.0:78): avc: denied { read } for name="interrupts" dev="proc" ino=4026533647 scontext=u:r:priv_app:s0:c512,c768 tcontext=u:object_r:proc_interrupts:s0 tclass=file permissive=1
10-16 01:58:55.591  3645  3645 I Binder:3629_1: type=1400 audit(0.0:79): avc: denied { open } for name="interrupts" dev="proc" ino=4026533647 scontext=u:r:priv_app:s0:c512,c768 tcontext=u:object_r:proc_interrupts:s0 tclass=file permissive=1
10-16 01:58:55.725  3629  3645 I Adreno-EGL: <qeglDrvAPI_eglInitialize:379>: QUALCOMM Build: 10/21/15, 369a2ea, I96aee987eb
10-16 01:58:55.776  3629  3645 I chatty  : uid=10028(u0_a28) Binder:3629_1 identical 1 line
10-16 01:58:55.834  3629  3645 I Adreno-EGL: <qeglDrvAPI_eglInitialize:379>: QUALCOMM Build: 10/21/15, 369a2ea, I96aee987eb
10-16 01:58:56.222  3257  3417 W GLSUser : [AppCertManager] IOException while requesting key: 
10-16 01:58:56.222  3257  3417 W GLSUser : java.io.IOException: Invalid device key response.
10-16 01:58:56.222  3257  3417 W GLSUser : 	at eyw.a(:com.google.android.gms@11741436:14)
10-16 01:58:56.222  3257  3417 W GLSUser : 	at eyw.a(:com.google.android.gms@11741436:65)
10-16 01:58:56.222  3257  3417 W GLSUser : 	at eyw.a(:com.google.android.gms@11741436:22)
10-16 01:58:56.222  3257  3417 W GLSUser : 	at eyu.a(:com.google.android.gms@11741436:4)
10-16 01:58:56.222  3257  3417 W GLSUser : 	at eyr.a(:com.google.android.gms@11741436:2)
10-16 01:58:56.222  3257  3417 W GLSUser : 	at eyp.a(:com.google.android.gms@11741436:10)
10-16 01:58:56.222  3257  3417 W GLSUser : 	at eyp.a(:com.google.android.gms@11741436:24)
10-16 01:58:56.222  3257  3417 W GLSUser : 	at mgf.d(:com.google.android.gms@11741436:3)
10-16 01:58:56.222  3257  3417 W GLSUser : 	at mgw.a(:com.google.android.gms@11741436:60)
10-16 01:58:56.222  3257  3417 W GLSUser : 	at vgl.b(:com.google.android.gms@11741436:29)
10-16 01:58:56.222  3257  3417 W GLSUser : 	at vgl.a(Unknown Source:0)
10-16 01:58:56.222  3257  3417 W GLSUser : 	at vgw.call(:com.google.android.gms@11741436:2)
10-16 01:58:56.222  3257  3417 W GLSUser : 	at java.util.concurrent.FutureTask.run(FutureTask.java:266)
10-16 01:58:56.222  3257  3417 W GLSUser : 	at mmu.run(:com.google.android.gms@11741436:26)
10-16 01:58:56.222  3257  3417 W GLSUser : 	at java.util.concurrent.ThreadPoolExecutor.runWorker(ThreadPoolExecutor.java:1162)
10-16 01:58:56.222  3257  3417 W GLSUser : 	at java.util.concurrent.ThreadPoolExecutor$Worker.run(ThreadPoolExecutor.java:636)
10-16 01:58:56.222  3257  3417 W GLSUser : 	at mse.run(Unknown Source:7)
10-16 01:58:56.222  3257  3417 W GLSUser : 	at java.lang.Thread.run(Thread.java:764)
10-16 01:58:56.223  3257  3417 W GLSUser : [DeviceKeyStore] Cannot load key: Device key file not found.
10-16 01:58:56.223   523   778 E AlarmManager: RTC Alarm: 2 null com.google.android.gms com.google.android.gms.gcm.ACTION_CHECK_QUEUE
10-16 01:58:56.227  3257  3420 W GLSUser : [DeviceKeyStore] Cannot load key: Device key file not found.
10-16 01:58:56.228  3257  3420 W GLSUser : [DeviceKeyStore] Cannot load key: Device key file not found.
10-16 01:58:56.542  3257  6261 E InstantApps: DomainFilterImpl: Error while reading domain filter from WHAPI
10-16 01:58:56.542  3257  6261 E InstantApps: java.util.concurrent.ExecutionException: bbtc: INVALID_ARGUMENT: Application credential header not valid. Please fix the client to pass a valid application credential header.
10-16 01:58:56.542  3257  6261 E InstantApps: 	at java.util.concurrent.FutureTask.report(FutureTask.java:123)
10-16 01:58:56.542  3257  6261 E InstantApps: 	at java.util.concurrent.FutureTask.get(FutureTask.java:193)
10-16 01:58:56.542  3257  6261 E InstantApps: 	at vgv.get(:com.google.android.gms@11741436:2)
10-16 01:58:56.542  3257  6261 E InstantApps: 	at vlh.a(:com.google.android.gms@11741436:7)
10-16 01:58:56.542  3257  6261 E InstantApps: 	at vlh.a(:com.google.android.gms@11741436:49)
10-16 01:58:56.542  3257  6261 E InstantApps: 	at vlh.a(:com.google.android.gms@11741436:137)
10-16 01:58:56.542  3257  6261 E InstantApps: 	at vle.a(:com.google.android.gms@11741436:1)
10-16 01:58:56.542  3257  6261 E InstantApps: 	at com.google.android.gms.instantapps.routing.DomainFilterUpdateChimeraService.a(:com.google.android.gms@11741436:10)
10-16 01:58:56.542  3257  6261 E InstantApps: 	at sxf.run(:com.google.android.gms@11741436:1)
10-16 01:58:56.542  3257  6261 E InstantApps: 	at java.util.concurrent.ThreadPoolExecutor.runWorker(ThreadPoolExecutor.java:1162)
10-16 01:58:56.542  3257  6261 E InstantApps: 	at java.util.concurrent.ThreadPoolExecutor$Worker.run(ThreadPoolExecutor.java:636)
10-16 01:58:56.542  3257  6261 E InstantApps: 	at java.lang.Thread.run(Thread.java:764)
10-16 01:58:56.542  3257  6261 E InstantApps: Caused by: bbtc: INVALID_ARGUMENT: Application credential header not valid. Please fix the client to pass a valid application credential header.
10-16 01:58:56.542  3257  6261 E InstantApps: 	at bbsy.c(:com.google.android.gms@11741436:3)
10-16 01:58:56.542  3257  6261 E InstantApps: 	at mgw.a(:com.google.android.gms@11741436:82)
10-16 01:58:56.542  3257  6261 E InstantApps: 	at vgj.b(:com.google.android.gms@11741436:57)
10-16 01:58:56.542  3257  6261 E InstantApps: 	at vgj.a(Unknown Source:0)
10-16 01:58:56.542  3257  6261 E InstantApps: 	at vgw.call(:com.google.android.gms@11741436:2)
10-16 01:58:56.542  3257  6261 E InstantApps: 	at java.util.concurrent.FutureTask.run(FutureTask.java:266)
10-16 01:58:56.542  3257  6261 E InstantApps: 	at mmu.run(:com.google.android.gms@11741436:26)
10-16 01:58:56.542  3257  6261 E InstantApps: 	at java.util.concurrent.ThreadPoolExecutor.runWorker(ThreadPoolExecutor.java:1162)
10-16 01:58:56.542  3257  6261 E InstantApps: 	at java.util.concurrent.ThreadPoolExecutor$Worker.run(ThreadPoolExecutor.java:636)
10-16 01:58:56.542  3257  6261 E InstantApps: 	at mse.run(Unknown Source:7)
10-16 01:58:56.542  3257  6261 E InstantApps: 	... 1 more
10-16 01:58:56.603  3257  3417 E InstantApps: UserPrefsUpdater: Failed updateUserPrefs: status=0
10-16 01:58:56.616  3257  3257 E InstantApps: DomainFilterImpl: Silent feedback result: Status{statusCode=SUCCESS, resolution=null}
10-16 01:58:56.617  3257  6261 W InstantApps: DomainFilterUpdateChimeraService: Retry later
10-16 01:58:56.655  3582  5670 E gf_ErrorReportUtil: Error trying to get the application info for com.google.android.gms.instantapps
10-16 01:58:56.671   523   894 E AlarmManager: RTC Alarm: 2 null com.google.android.gms com.google.android.gms.gcm.ACTION_CHECK_QUEUE
10-16 01:58:56.672  3582  5670 E gf_ErrorReportUtil: Error trying to add app version info for com.google.android.webview
10-16 01:58:56.683  3582  5670 I GoogleURLConnFactory: Using platform SSLCertificateSocketFactory
10-16 01:58:57.762  6285  6285 I chatty  : uid=1027(nfc) /vendor/bin/hw/android.hardware.nfc@1.0-service expire 3 lines
10-16 01:58:58.066  3582  5670 W gF_HttpHelper: sending report status: 204
10-16 01:58:58.076   523   534 E AlarmManager: RTC Alarm: 2 null com.google.android.gms com.google.android.gms.gcm.ACTION_CHECK_QUEUE
10-16 01:58:58.397  6290  6290 E linker  : "/system/vendor/lib/libmmjpeg.so" has text relocations
10-16 01:58:58.399  6290  6290 F libc    : CANNOT LINK EXECUTABLE "/vendor/bin/mm-qcamera-daemon": "/system/vendor/lib/libmmjpeg.so" has text relocations
10-16 01:58:58.399  6290  6290 F libc    : Fatal signal 6 (SIGABRT), code -6 in tid 6290 (mm-qcamera-daem)
10-16 01:58:58.434  6293  6293 I crash_dump32: obtaining output fd from tombstoned
10-16 01:58:58.434   313   313 I /system/bin/tombstoned: received crash request for pid 6290
10-16 01:58:58.435  6293  6293 I crash_dump32: performing dump of process 6290 (target tid = 6290)
10-16 01:58:58.435  6290  6290 F libc    : failed to resend signal during crash: Operation not permitted
10-16 01:58:58.436  6293  6293 E DEBUG   : unexpected waitpid response: n=6290, status=00000100
10-16 01:58:58.437   313   313 W /system/bin/tombstoned: crash socket received short read of length 0 (expected 8)
10-16 01:58:58.438   523   544 I BootReceiver: Copying /data/tombstones/tombstone_08 to DropBox (SYSTEM_TOMBSTONE)
10-16 01:59:02.787  6298  6298 I chatty  : uid=1027(nfc) expire 3 lines
10-16 01:59:03.398  6309  6309 E linker  : "/system/vendor/lib/libmmjpeg.so" has text relocations
10-16 01:59:03.399  6309  6309 F libc    : CANNOT LINK EXECUTABLE "/vendor/bin/mm-qcamera-daemon": "/system/vendor/lib/libmmjpeg.so" has text relocations
10-16 01:59:03.400  6309  6309 F libc    : Fatal signal 6 (SIGABRT), code -6 in tid 6309 (mm-qcamera-daem)
10-16 01:59:03.434  6312  6312 I crash_dump32: obtaining output fd from tombstoned
10-16 01:59:03.434   313   313 I /system/bin/tombstoned: received crash request for pid 6309
10-16 01:59:03.435  6312  6312 I crash_dump32: performing dump of process 6309 (target tid = 6309)
10-16 01:59:03.435  6309  6309 F libc    : failed to resend signal during crash: Operation not permitted
10-16 01:59:03.436  6312  6312 E DEBUG   : unexpected waitpid response: n=6309, status=00000100
10-16 01:59:03.437   313   313 W /system/bin/tombstoned: crash socket received short read of length 0 (expected 8)
10-16 01:59:03.438   523   544 I BootReceiver: Copying /data/tombstones/tombstone_09 to DropBox (SYSTEM_TOMBSTONE)
10-16 01:59:03.702  6172  6197 I chatty  : uid=1027(nfc) com.android.nfc expire 15 lines
10-16 01:59:07.761  6324  6324 I chatty  : uid=1027(nfc) /vendor/bin/hw/android.hardware.nfc@1.0-service expire 3 lines
10-16 01:59:08.399  6329  6329 E linker  : "/system/vendor/lib/libmmjpeg.so" has text relocations
10-16 01:59:08.400  6329  6329 F libc    : CANNOT LINK EXECUTABLE "/vendor/bin/mm-qcamera-daemon": "/system/vendor/lib/libmmjpeg.so" has text relocations
10-16 01:59:08.400  6329  6329 F libc    : Fatal signal 6 (SIGABRT), code -6 in tid 6329 (mm-qcamera-daem)
10-16 01:59:08.435  6332  6332 I crash_dump32: obtaining output fd from tombstoned
10-16 01:59:08.435   313   313 I /system/bin/tombstoned: received crash request for pid 6329
10-16 01:59:08.436  6332  6332 I crash_dump32: performing dump of process 6329 (target tid = 6329)
10-16 01:59:08.436  6329  6329 F libc    : failed to resend signal during crash: Operation not permitted
10-16 01:59:08.436  6332  6332 E DEBUG   : unexpected waitpid response: n=6329, status=00000100
10-16 01:59:08.437   313   313 W /system/bin/tombstoned: crash socket received short read of length 0 (expected 8)
10-16 01:59:08.438   523   544 I BootReceiver: Copying /data/tombstones/tombstone_00 to DropBox (SYSTEM_TOMBSTONE)
10-16 01:59:12.786  6339  6339 I chatty  : uid=1027(nfc) /vendor/bin/hw/android.hardware.nfc@1.0-service expire 3 lines
10-16 01:59:13.401  6344  6344 E linker  : "/system/vendor/lib/libmmjpeg.so" has text relocations
10-16 01:59:13.402  6344  6344 F libc    : CANNOT LINK EXECUTABLE "/vendor/bin/mm-qcamera-daemon": "/system/vendor/lib/libmmjpeg.so" has text relocations
10-16 01:59:13.402  6344  6344 F libc    : Fatal signal 6 (SIGABRT), code -6 in tid 6344 (mm-qcamera-daem)
10-16 01:59:13.437  6347  6347 I crash_dump32: obtaining output fd from tombstoned
10-16 01:59:13.437   313   313 I /system/bin/tombstoned: received crash request for pid 6344
10-16 01:59:13.438  6347  6347 I crash_dump32: performing dump of process 6344 (target tid = 6344)
10-16 01:59:13.438  6344  6344 F libc    : failed to resend signal during crash: Operation not permitted
10-16 01:59:13.439  6347  6347 E DEBUG   : unexpected waitpid response: n=6344, status=00000100
10-16 01:59:13.440   313   313 W /system/bin/tombstoned: crash socket received short read of length 0 (expected 8)
10-16 01:59:13.441   523   544 I BootReceiver: Copying /data/tombstones/tombstone_01 to DropBox (SYSTEM_TOMBSTONE)
10-16 01:59:17.765  6352  6352 I chatty  : uid=1027(nfc) /vendor/bin/hw/android.hardware.nfc@1.0-service expire 3 lines
10-16 01:59:18.402  6357  6357 E linker  : "/system/vendor/lib/libmmjpeg.so" has text relocations
10-16 01:59:18.403  6357  6357 F libc    : CANNOT LINK EXECUTABLE "/vendor/bin/mm-qcamera-daemon": "/system/vendor/lib/libmmjpeg.so" has text relocations
10-16 01:59:18.403  6357  6357 F libc    : Fatal signal 6 (SIGABRT), code -6 in tid 6357 (mm-qcamera-daem)
10-16 01:59:18.438  6360  6360 I crash_dump32: obtaining output fd from tombstoned
10-16 01:59:18.438   313   313 I /system/bin/tombstoned: received crash request for pid 6357
10-16 01:59:18.439  6360  6360 I crash_dump32: performing dump of process 6357 (target tid = 6357)
10-16 01:59:18.440  6357  6357 F libc    : failed to resend signal during crash: Operation not permitted
10-16 01:59:18.440  6360  6360 E DEBUG   : unexpected waitpid response: n=6357, status=00000100
10-16 01:59:18.441   313   313 W /system/bin/tombstoned: crash socket received short read of length 0 (expected 8)
10-16 01:59:18.442   523   544 I BootReceiver: Copying /data/tombstones/tombstone_02 to DropBox (SYSTEM_TOMBSTONE)
10-16 01:59:18.706  6172  6197 I chatty  : uid=1027(nfc) com.android.nfc expire 15 lines
10-16 01:59:18.758   265   265 E WifiHAL : acquire_supported_features: requestResponse Error:-95
10-16 01:59:18.758   265   265 E WifiHAL : wifi_get_logger_supported_feature_set: Error -95 happened. 
10-16 01:59:18.775   523   542 E BatteryStatsService: no controller energy info supplied
10-16 01:59:18.776   523   542 E BatteryStatsService: no controller energy info supplied
10-16 01:59:18.783   523   542 E BatteryStatsService: modem info is invalid: ModemActivityInfo{ mTimestamp=0 mSleepTimeMs=0 mIdleTimeMs=0 mTxTimeMs[]=[0, 0, 0, 0, 0] mRxTimeMs=0 mEnergyUsed=0}
10-16 01:59:18.823   523   538 W ProcessCpuTracker: Skipping unknown process pid 6362
10-16 01:59:22.759  6376  6376 I chatty  : uid=1027(nfc) /vendor/bin/hw/android.hardware.nfc@1.0-service expire 3 lines
10-16 01:59:23.403  6378  6378 E linker  : "/system/vendor/lib/libmmjpeg.so" has text relocations
10-16 01:59:23.404  6378  6378 F libc    : CANNOT LINK EXECUTABLE "/vendor/bin/mm-qcamera-daemon": "/system/vendor/lib/libmmjpeg.so" has text relocations
10-16 01:59:23.405  6378  6378 F libc    : Fatal signal 6 (SIGABRT), code -6 in tid 6378 (mm-qcamera-daem)
10-16 01:59:23.440  6381  6381 I crash_dump32: obtaining output fd from tombstoned
10-16 01:59:23.440   313   313 I /system/bin/tombstoned: received crash request for pid 6378
10-16 01:59:23.441  6381  6381 I crash_dump32: performing dump of process 6378 (target tid = 6378)
10-16 01:59:23.442  6378  6378 F libc    : failed to resend signal during crash: Operation not permitted
10-16 01:59:23.443   313   313 W /system/bin/tombstoned: crash socket received short read of length 0 (expected 8)
10-16 01:59:23.445   523   544 I BootReceiver: Copying /data/tombstones/tombstone_03 to DropBox (SYSTEM_TOMBSTONE)
10-16 01:59:27.791  6387  6387 I chatty  : uid=1027(nfc) expire 3 lines
10-16 01:59:28.404  6392  6392 E linker  : "/system/vendor/lib/libmmjpeg.so" has text relocations
10-16 01:59:28.405  6392  6392 F libc    : CANNOT LINK EXECUTABLE "/vendor/bin/mm-qcamera-daemon": "/system/vendor/lib/libmmjpeg.so" has text relocations
10-16 01:59:28.405  6392  6392 F libc    : Fatal signal 6 (SIGABRT), code -6 in tid 6392 (mm-qcamera-daem)
10-16 01:59:28.440  6395  6395 I crash_dump32: obtaining output fd from tombstoned
10-16 01:59:28.440   313   313 I /system/bin/tombstoned: received crash request for pid 6392
10-16 01:59:28.441  6395  6395 I crash_dump32: performing dump of process 6392 (target tid = 6392)
10-16 01:59:28.441  6392  6392 F libc    : failed to resend signal during crash: Operation not permitted
10-16 01:59:28.443   313   313 W /system/bin/tombstoned: crash socket received short read of length 0 (expected 8)
10-16 01:59:28.444   523   544 I BootReceiver: Copying /data/tombstones/tombstone_04 to DropBox (SYSTEM_TOMBSTONE)
10-16 01:59:32.793  6401  6401 I chatty  : uid=1027(nfc) expire 3 lines
10-16 01:59:33.405  6412  6412 E linker  : "/system/vendor/lib/libmmjpeg.so" has text relocations
10-16 01:59:33.406  6412  6412 F libc    : CANNOT LINK EXECUTABLE "/vendor/bin/mm-qcamera-daemon": "/system/vendor/lib/libmmjpeg.so" has text relocations
10-16 01:59:33.406  6412  6412 F libc    : Fatal signal 6 (SIGABRT), code -6 in tid 6412 (mm-qcamera-daem)
10-16 01:59:33.441  6415  6415 I crash_dump32: obtaining output fd from tombstoned
10-16 01:59:33.442   313   313 I /system/bin/tombstoned: received crash request for pid 6412
10-16 01:59:33.442  6415  6415 I crash_dump32: performing dump of process 6412 (target tid = 6412)
10-16 01:59:33.443  6412  6412 F libc    : failed to resend signal during crash: Operation not permitted
10-16 01:59:33.443  6415  6415 E DEBUG   : unexpected waitpid response: n=6412, status=00000100
10-16 01:59:33.444   313   313 W /system/bin/tombstoned: crash socket received short read of length 0 (expected 8)
10-16 01:59:33.445   523   544 I BootReceiver: Copying /data/tombstones/tombstone_05 to DropBox (SYSTEM_TOMBSTONE)
10-16 01:59:33.582   523   862 I GnssLocationProvider: WakeLock acquired by sendMessage(DOWNLOAD_XTRA_DATA, 0, null)
10-16 01:59:33.582   523   537 D GnssLocationProvider: handleDownloadXtraData() called when Xtra not supported
10-16 01:59:33.583   523   537 I GnssLocationProvider: WakeLock released by handleMessage(DOWNLOAD_XTRA_DATA, 0, null)
10-16 01:59:33.712  6172  6197 I chatty  : uid=1027(nfc) com.android.nfc expire 15 lines
10-16 01:59:37.782  6419  6419 I chatty  : uid=1027(nfc) /vendor/bin/hw/android.hardware.nfc@1.0-service expire 3 lines
10-16 01:59:38.407  6430  6430 E linker  : "/system/vendor/lib/libmmjpeg.so" has text relocations
10-16 01:59:38.408  6430  6430 F libc    : CANNOT LINK EXECUTABLE "/vendor/bin/mm-qcamera-daemon": "/system/vendor/lib/libmmjpeg.so" has text relocations
10-16 01:59:38.408  6430  6430 F libc    : Fatal signal 6 (SIGABRT), code -6 in tid 6430 (mm-qcamera-daem)
10-16 01:59:38.443  6433  6433 I crash_dump32: obtaining output fd from tombstoned
10-16 01:59:38.443   313   313 I /system/bin/tombstoned: received crash request for pid 6430
10-16 01:59:38.444  6433  6433 I crash_dump32: performing dump of process 6430 (target tid = 6430)
10-16 01:59:38.444  6430  6430 F libc    : failed to resend signal during crash: Operation not permitted
10-16 01:59:38.445  6433  6433 E DEBUG   : unexpected waitpid response: n=6430, status=00000100
10-16 01:59:38.446   313   313 W /system/bin/tombstoned: crash socket received short read of length 0 (expected 8)
10-16 01:59:38.447   523   544 I BootReceiver: Copying /data/tombstones/tombstone_06 to DropBox (SYSTEM_TOMBSTONE)
10-16 01:59:42.795  6438  6438 I chatty  : uid=1027(nfc) /vendor/bin/hw/android.hardware.nfc@1.0-service expire 3 lines
10-16 01:59:43.408  6443  6443 E linker  : "/system/vendor/lib/libmmjpeg.so" has text relocations
10-16 01:59:43.409  6443  6443 F libc    : CANNOT LINK EXECUTABLE "/vendor/bin/mm-qcamera-daemon": "/system/vendor/lib/libmmjpeg.so" has text relocations
10-16 01:59:43.409  6443  6443 F libc    : Fatal signal 6 (SIGABRT), code -6 in tid 6443 (mm-qcamera-daem)
10-16 01:59:43.444  6446  6446 I crash_dump32: obtaining output fd from tombstoned
10-16 01:59:43.444   313   313 I /system/bin/tombstoned: received crash request for pid 6443
10-16 01:59:43.445  6446  6446 I crash_dump32: performing dump of process 6443 (target tid = 6443)
10-16 01:59:43.445  6443  6443 F libc    : failed to resend signal during crash: Operation not permitted
10-16 01:59:43.445  6446  6446 E DEBUG   : unexpected waitpid response: n=6443, status=00000100
10-16 01:59:43.447   313   313 W /system/bin/tombstoned: crash socket received short read of length 0 (expected 8)
10-16 01:59:43.448   523   544 I BootReceiver: Copying /data/tombstones/tombstone_07 to DropBox (SYSTEM_TOMBSTONE)
10-16 01:59:47.780  6452  6452 I chatty  : uid=1027(nfc) /vendor/bin/hw/android.hardware.nfc@1.0-service expire 3 lines
10-16 01:59:48.409  6457  6457 E linker  : "/system/vendor/lib/libmmjpeg.so" has text relocations
10-16 01:59:48.410  6457  6457 F libc    : CANNOT LINK EXECUTABLE "/vendor/bin/mm-qcamera-daemon": "/system/vendor/lib/libmmjpeg.so" has text relocations
10-16 01:59:48.411  6457  6457 F libc    : Fatal signal 6 (SIGABRT), code -6 in tid 6457 (mm-qcamera-daem)
10-16 01:59:48.445  6460  6460 I crash_dump32: obtaining output fd from tombstoned
10-16 01:59:48.446   313   313 I /system/bin/tombstoned: received crash request for pid 6457
10-16 01:59:48.446  6460  6460 I crash_dump32: performing dump of process 6457 (target tid = 6457)
10-16 01:59:48.446  6457  6457 F libc    : failed to resend signal during crash: Operation not permitted
10-16 01:59:48.447  6460  6460 E DEBUG   : unexpected waitpid response: n=6457, status=00000100
10-16 01:59:48.448   313   313 W /system/bin/tombstoned: crash socket received short read of length 0 (expected 8)
10-16 01:59:48.449   523   544 I BootReceiver: Copying /data/tombstones/tombstone_08 to DropBox (SYSTEM_TOMBSTONE)
10-16 01:59:48.717  6172  6197 I chatty  : uid=1027(nfc) com.android.nfc expire 15 lines
10-16 01:59:52.779  6465  6465 I chatty  : uid=1027(nfc) /vendor/bin/hw/android.hardware.nfc@1.0-service expire 3 lines
10-16 01:59:53.410  6475  6475 E linker  : "/system/vendor/lib/libmmjpeg.so" has text relocations
10-16 01:59:53.412  6475  6475 F libc    : CANNOT LINK EXECUTABLE "/vendor/bin/mm-qcamera-daemon": "/system/vendor/lib/libmmjpeg.so" has text relocations
10-16 01:59:53.412  6475  6475 F libc    : Fatal signal 6 (SIGABRT), code -6 in tid 6475 (mm-qcamera-daem)
10-16 01:59:53.446  6479  6479 I crash_dump32: obtaining output fd from tombstoned
10-16 01:59:53.447   313   313 I /system/bin/tombstoned: received crash request for pid 6475
10-16 01:59:53.447  6479  6479 I crash_dump32: performing dump of process 6475 (target tid = 6475)
10-16 01:59:53.448  6475  6475 F libc    : failed to resend signal during crash: Operation not permitted
10-16 01:59:53.448  6479  6479 E DEBUG   : unexpected waitpid response: n=6475, status=00000100
10-16 01:59:53.449   313   313 W /system/bin/tombstoned: crash socket received short read of length 0 (expected 8)
10-16 01:59:53.450   523   544 I BootReceiver: Copying /data/tombstones/tombstone_09 to DropBox (SYSTEM_TOMBSTONE)
10-16 01:59:57.779  6484  6484 I chatty  : uid=1027(nfc) expire 3 lines
10-16 01:59:58.411  6489  6489 E linker  : "/system/vendor/lib/libmmjpeg.so" has text relocations
10-16 01:59:58.413  6489  6489 F libc    : CANNOT LINK EXECUTABLE "/vendor/bin/mm-qcamera-daemon": "/system/vendor/lib/libmmjpeg.so" has text relocations
10-16 01:59:58.413  6489  6489 F libc    : Fatal signal 6 (SIGABRT), code -6 in tid 6489 (mm-qcamera-daem)
10-16 01:59:58.447  6492  6492 I crash_dump32: obtaining output fd from tombstoned
10-16 01:59:58.448   313   313 I /system/bin/tombstoned: received crash request for pid 6489
10-16 01:59:58.448  6492  6492 I crash_dump32: performing dump of process 6489 (target tid = 6489)
10-16 01:59:58.449  6489  6489 F libc    : failed to resend signal during crash: Operation not permitted
10-16 01:59:58.449  6492  6492 E DEBUG   : unexpected waitpid response: n=6489, status=00000100
10-16 01:59:58.450   313   313 W /system/bin/tombstoned: crash socket received short read of length 0 (expected 8)
10-16 01:59:58.452   523   544 I BootReceiver: Copying /data/tombstones/tombstone_00 to DropBox (SYSTEM_TOMBSTONE)
10-16 01:59:58.617   523   533 I zygote  : Background concurrent copying GC freed 56510(4MB) AllocSpace objects, 97(2MB) LOS objects, 42% free, 8MB/15MB, paused 396us total 166.229ms
10-16 02:00:02.812  6497  6497 I chatty  : uid=1027(nfc) /vendor/bin/hw/android.hardware.nfc@1.0-service expire 3 lines
10-16 02:00:03.413  6502  6502 E linker  : "/system/vendor/lib/libmmjpeg.so" has text relocations
10-16 02:00:03.414  6502  6502 F libc    : CANNOT LINK EXECUTABLE "/vendor/bin/mm-qcamera-daemon": "/system/vendor/lib/libmmjpeg.so" has text relocations
10-16 02:00:03.414  6502  6502 F libc    : Fatal signal 6 (SIGABRT), code -6 in tid 6502 (mm-qcamera-daem)
10-16 02:00:03.448  6505  6505 I crash_dump32: obtaining output fd from tombstoned
10-16 02:00:03.448   313   313 I /system/bin/tombstoned: received crash request for pid 6502
10-16 02:00:03.449  6505  6505 I crash_dump32: performing dump of process 6502 (target tid = 6502)
10-16 02:00:03.450  6502  6502 F libc    : failed to resend signal during crash: Operation not permitted
10-16 02:00:03.450  6505  6505 E DEBUG   : unexpected waitpid response: n=6502, status=00000100
10-16 02:00:03.451   313   313 W /system/bin/tombstoned: crash socket received short read of length 0 (expected 8)
10-16 02:00:03.452   523   544 I BootReceiver: Copying /data/tombstones/tombstone_01 to DropBox (SYSTEM_TOMBSTONE)
10-16 02:00:03.684  6172  6198 I chatty  : uid=1027(nfc) com.android.nfc expire 2 lines
10-16 02:00:03.722  6172  6197 I chatty  : uid=1027(nfc) com.android.nfc expire 1 line
10-16 02:00:03.807  6198  6198 I chatty  : uid=1027(nfc) com.android.nfc expire 1 line
10-16 02:00:03.971  6172  6198 I chatty  : uid=1027(nfc) com.android.nfc expire 306 lines
10-16 02:00:03.980  6172  6198 F libc    : Fatal signal 6 (SIGABRT), code -6 in tid 6198 (enableInternal)
10-16 02:00:04.089  6511  6511 I chatty  : uid=1027(nfc) crash_dump32 expire 3 lines
10-16 02:00:04.089   313   313 I /system/bin/tombstoned: received crash request for pid 6172
10-16 02:00:04.090  6172  6198 F libc    : failed to resend signal during crash: Operation not permitted
10-16 02:00:04.092   313   313 W /system/bin/tombstoned: crash socket received short read of length 0 (expected 8)
10-16 02:00:04.093   523   544 I BootReceiver: Copying /data/tombstones/tombstone_02 to DropBox (SYSTEM_TOMBSTONE)
10-16 02:00:04.102   162   162 I ServiceManager: service 'nfc' died
10-16 02:00:04.103   523  2080 I ActivityManager: Process com.android.nfc (pid 6172) has died: pers PER 
10-16 02:00:04.104   523  2080 W ActivityManager: Re-adding persistent process ProcessRecord{f8d6120 6172:com.android.nfc/1027}
10-16 02:00:04.108   258   258 I Zygote  : Process 6172 exited cleanly (1)
10-16 02:00:04.121   523  2080 I ActivityManager: Start proc 6512:com.android.nfc/1027 for restart com.android.nfc
10-16 02:00:04.224  6512  6512 I chatty  : uid=1027(nfc) com.android.nfc expire 14 lines
10-16 02:00:04.361   523   535 W ActivityManager: Unable to start service Intent { act=android.nfc.cardemulation.action.HOST_APDU_SERVICE cmp=com.google.android.gms/.tapandpay.hce.service.TpHceService } U=0: not found
10-16 02:00:04.368  6512  6534 I chatty  : uid=1027(nfc) com.android.nfc expire 22 lines
10-16 02:00:04.373  6512  6538 I chatty  : uid=1027(nfc) com.android.nfc expire 1 line
10-16 02:00:04.373  6512  6537 I chatty  : uid=1027(nfc) com.android.nfc expire 1 line
10-16 02:00:07.760  6549  6549 I chatty  : uid=1027(nfc) /vendor/bin/hw/android.hardware.nfc@1.0-service expire 3 lines
10-16 02:00:08.414  6551  6551 E linker  : "/system/vendor/lib/libmmjpeg.so" has text relocations
10-16 02:00:08.416  6551  6551 F libc    : CANNOT LINK EXECUTABLE "/vendor/bin/mm-qcamera-daemon": "/system/vendor/lib/libmmjpeg.so" has text relocations
10-16 02:00:08.416  6551  6551 F libc    : Fatal signal 6 (SIGABRT), code -6 in tid 6551 (mm-qcamera-daem)
10-16 02:00:08.450  6554  6554 I crash_dump32: obtaining output fd from tombstoned
10-16 02:00:08.451   313   313 I /system/bin/tombstoned: received crash request for pid 6551
10-16 02:00:08.452  6554  6554 I crash_dump32: performing dump of process 6551 (target tid = 6551)
10-16 02:00:08.452  6551  6551 F libc    : failed to resend signal during crash: Operation not permitted
10-16 02:00:08.454   313   313 W /system/bin/tombstoned: crash socket received short read of length 0 (expected 8)
10-16 02:00:08.455   523   544 I BootReceiver: Copying /data/tombstones/tombstone_03 to DropBox (SYSTEM_TOMBSTONE)
10-16 02:00:09.424   744   744 I zygote  : Deoptimizing void com.android.keyguard.KeyguardUpdateMonitor$1.handleMessage(android.os.Message) due to JIT inline cache
