09-18 07:11:25.358   764   764 D Zygote  : begin preload
09-18 07:11:25.358   764   764 I Zygote  : Installing ICU cache reference pinning...
09-18 07:11:25.358   764   764 I Zygote  : Preloading ICU data...
09-18 07:11:25.375   764   764 I Zygote  : Preloading classes...
09-18 07:11:25.629   764   764 E ActivityRecognitionHardware: activity_recognition HAL is deprecated. class_init is effectively a no-op
09-18 07:11:25.652   764   764 I zygote  : Thread[1,tid=764,Native,Thread*=0xaa384000,peer=0x12c01c68,"main"] recursive attempt to load library "/system/lib/libmedia_jni.so"
09-18 07:11:25.652   764   764 D MtpDeviceJNI: register_android_mtp_MtpDevice
09-18 07:11:25.653   764   764 I zygote  : Thread[1,tid=764,Native,Thread*=0xaa384000,peer=0x12c01c68,"main"] recursive attempt to load library "/system/lib/libmedia_jni.so"
09-18 07:11:25.653   764   764 I zygote  : Thread[1,tid=764,Native,Thread*=0xaa384000,peer=0x12c01c68,"main"] recursive attempt to load library "/system/lib/libmedia_jni.so"
09-18 07:11:25.747   764   764 W main    : type=1400 audit(0.0:248): avc: granted { read } for name="cpu" dev="sysfs" ino=32 scontext=u:r:zygote:s0 tcontext=u:object_r:sysfs:s0 tclass=dir
09-18 07:11:25.859   764   764 I System  : Loaded time zone names for "" in 83ms (82ms in ICU)
09-18 07:11:25.904   764   764 I System  : Loaded time zone names for "en_US" in 44ms (43ms in ICU)
09-18 07:11:25.919   764   764 I Zygote  : ...preloaded 4570 classes in 545ms.
09-18 07:11:25.919   764   764 I zygote  : VMRuntime.preloadDexCaches starting
09-18 07:11:26.082   764   764 I zygote  : VMRuntime.preloadDexCaches strings total=306476 before=2962 after=2962
09-18 07:11:26.082   764   764 I zygote  : VMRuntime.preloadDexCaches types total=26177 before=2681 after=3314
09-18 07:11:26.082   764   764 I zygote  : VMRuntime.preloadDexCaches fields total=123826 before=2155 after=1211
09-18 07:11:26.082   764   764 I zygote  : VMRuntime.preloadDexCaches methods total=219886 before=87630 after=87729
09-18 07:11:26.082   764   764 I zygote  : VMRuntime.preloadDexCaches finished
09-18 07:11:26.165   764   764 I Zygote  : Preloading resources...
09-18 07:11:26.196   764   764 W Resources: Preloaded drawable resource #0x1080257 (android:drawable/dialog_background_material) that varies with configuration!!
09-18 07:11:26.201   764   764 W Resources: Preloaded color resource #0x10600de (android:color/material_grey_800) that varies with configuration!!
09-18 07:11:26.201   764   764 W Resources: Preloaded drawable resource #0x10802b0 (android:drawable/floating_popup_background_dark) that varies with configuration!!
09-18 07:11:26.296   764   764 I Zygote  : ...preloaded 114 resources in 132ms.
09-18 07:11:26.304   764   764 W Resources: Preloaded color resource #0x1060036 (android:color/background_cache_hint_selector_material_dark) that varies with configuration!!
09-18 07:11:26.304   764   764 W Resources: Preloaded color resource #0x1060053 (android:color/btn_default_material_dark) that varies with configuration!!
09-18 07:11:26.306   764   764 I Zygote  : ...preloaded 41 resources in 10ms.
09-18 07:11:26.307   764   764 F libEGL  : couldn't find an OpenGL ES implementation
09-18 07:11:26.307   764   764 F libc    : Fatal signal 6 (SIGABRT), code -6 in tid 764 (main)
09-18 07:11:26.313   837   837 E libc    : failed to raise ambient capability 37: Invalid argument
09-18 07:11:26.313   837   837 E libc    : failed to raise ambient capability 38: Invalid argument
09-18 07:11:26.313   837   837 E libc    : failed to raise ambient capability 39: Invalid argument
09-18 07:11:26.313   837   837 E libc    : failed to raise ambient capability 40: Invalid argument
09-18 07:11:26.313   837   837 E libc    : failed to raise ambient capability 41: Invalid argument
09-18 07:11:26.313   837   837 E libc    : failed to raise ambient capability 42: Invalid argument
09-18 07:11:26.313   837   837 E libc    : failed to raise ambient capability 43: Invalid argument
09-18 07:11:26.313   837   837 E libc    : failed to raise ambient capability 44: Invalid argument
09-18 07:11:26.313   837   837 E libc    : failed to raise ambient capability 45: Invalid argument
09-18 07:11:26.313   837   837 E libc    : failed to raise ambient capability 46: Invalid argument
09-18 07:11:26.314   837   837 E libc    : failed to raise ambient capability 47: Invalid argument
09-18 07:11:26.314   837   837 E libc    : failed to raise ambient capability 48: Invalid argument
09-18 07:11:26.314   837   837 E libc    : failed to raise ambient capability 49: Invalid argument
09-18 07:11:26.314   837   837 E libc    : failed to raise ambient capability 50: Invalid argument
09-18 07:11:26.314   837   837 E libc    : failed to raise ambient capability 51: Invalid argument
09-18 07:11:26.314   837   837 E libc    : failed to raise ambient capability 52: Invalid argument
09-18 07:11:26.314   837   837 E libc    : failed to raise ambient capability 53: Invalid argument
09-18 07:11:26.315   837   837 E libc    : failed to raise ambient capability 54: Invalid argument
09-18 07:11:26.315   837   837 E libc    : failed to raise ambient capability 55: Invalid argument
09-18 07:11:26.315   837   837 E libc    : failed to raise ambient capability 56: Invalid argument
09-18 07:11:26.315   837   837 E libc    : failed to raise ambient capability 57: Invalid argument
09-18 07:11:26.315   837   837 E libc    : failed to raise ambient capability 58: Invalid argument
09-18 07:11:26.315   837   837 E libc    : failed to raise ambient capability 59: Invalid argument
09-18 07:11:26.315   837   837 E libc    : failed to raise ambient capability 60: Invalid argument
09-18 07:11:26.316   837   837 E libc    : failed to raise ambient capability 61: Invalid argument
09-18 07:11:26.316   837   837 E libc    : failed to raise ambient capability 62: Invalid argument
09-18 07:11:26.316   837   837 E libc    : failed to raise ambient capability 63: Invalid argument
09-18 07:11:26.418   838   838 I crash_dump32: obtaining output fd from tombstoned
09-18 07:11:26.419   838   838 E libc    : failed to connect to tombstoned: No such file or directory
09-18 07:11:26.419   838   838 I crash_dump32: performing dump of process 764 (target tid = 764)
09-18 07:11:26.420   764   764 F libc    : failed to resend signal during crash: Operation not permitted
09-18 07:11:31.415   171   171 I ServiceManager: service 'media.sound_trigger_hw' died
09-18 07:11:31.416   171   171 I ServiceManager: service 'media.radio' died
09-18 07:11:31.416   171   171 I ServiceManager: service 'media.aaudio' died
09-18 07:11:31.416   171   171 I ServiceManager: service 'media.audio_flinger' died
09-18 07:11:31.416   171   171 I ServiceManager: service 'media.audio_policy' died
09-18 07:11:31.428   171   171 I ServiceManager: service 'media.camera' died
09-18 07:11:31.452   171   171 I ServiceManager: service 'media.player' died
09-18 07:11:31.452   171   171 I ServiceManager: service 'media.resource_manager' died
09-18 07:11:31.462   171   171 I ServiceManager: service 'netd' died
09-18 07:11:31.478   171   171 I ServiceManager: service 'wificond' died
09-18 07:11:31.563   843   843 W netd    : type=1400 audit(0.0:250): avc: granted { getattr } for path="/vendor" dev="rootfs" ino=4768 scontext=u:r:netd:s0 tcontext=u:object_r:rootfs:s0 tclass=lnk_file
09-18 07:11:31.626   843   843 I Netd    : Netd 1.0 starting
09-18 07:11:31.627   843   843 D TetherController: Setting IP forward enable = 0
09-18 07:11:31.643   846   846 W iptables-restor: type=1400 audit(0.0:251): avc: granted { getattr } for path="/vendor" dev="rootfs" ino=4768 scontext=u:r:netd:s0 tcontext=u:object_r:rootfs:s0 tclass=lnk_file
09-18 07:11:31.656   845   845 I wificond: wificond is starting up...
09-18 07:11:31.663   847   847 W ip6tables-resto: type=1400 audit(0.0:252): avc: granted { getattr } for path="/vendor" dev="rootfs" ino=4768 scontext=u:r:netd:s0 tcontext=u:object_r:rootfs:s0 tclass=lnk_file
09-18 07:11:31.683   848   848 W iptables: type=1400 audit(0.0:253): avc: granted { getattr } for path="/vendor" dev="rootfs" ino=4768 scontext=u:r:netd:s0 tcontext=u:object_r:rootfs:s0 tclass=lnk_file
09-18 07:11:31.723   849   849 W ip6tables: type=1400 audit(0.0:254): avc: granted { getattr } for path="/vendor" dev="rootfs" ino=4768 scontext=u:r:netd:s0 tcontext=u:object_r:rootfs:s0 tclass=lnk_file
09-18 07:11:31.763   850   850 W iptables: type=1400 audit(0.0:255): avc: granted { getattr } for path="/vendor" dev="rootfs" ino=4768 scontext=u:r:netd:s0 tcontext=u:object_r:rootfs:s0 tclass=lnk_file
09-18 07:11:31.813   851   851 W ip6tables: type=1400 audit(0.0:256): avc: granted { getattr } for path="/vendor" dev="rootfs" ino=4768 scontext=u:r:netd:s0 tcontext=u:object_r:rootfs:s0 tclass=lnk_file
09-18 07:11:31.863   852   852 W iptables: type=1400 audit(0.0:257): avc: granted { getattr } for path="/vendor" dev="rootfs" ino=4768 scontext=u:r:netd:s0 tcontext=u:object_r:rootfs:s0 tclass=lnk_file
09-18 07:11:31.878   172   172 W /system/bin/hwservicemanager: getTransportFromManifest: Cannot find entry android.hardware.configstore@1.0::ISurfaceFlingerConfigs in either framework or device manifest, using default transport.
09-18 07:11:31.879   844   844 I /system/bin/surfaceflinger: android::hardware::configstore::V1_0::ISurfaceFlingerConfigs::maxFrameBufferAcquiredBuffers retrieved: 2 (default)
09-18 07:11:31.881   172   172 W /system/bin/hwservicemanager: getTransportFromManifest: Cannot find entry android.hardware.configstore@1.0::ISurfaceFlingerConfigs in either framework or device manifest, using default transport.
09-18 07:11:31.882   844   844 I /system/bin/surfaceflinger: android::hardware::configstore::V1_0::ISurfaceFlingerConfigs::startGraphicsAllocatorService retrieved: 0
09-18 07:11:31.893   844   844 I SurfaceFlinger: SurfaceFlinger is starting
09-18 07:11:31.895   172   172 W /system/bin/hwservicemanager: getTransportFromManifest: Cannot find entry android.hardware.configstore@1.0::ISurfaceFlingerConfigs in either framework or device manifest, using default transport.
09-18 07:11:31.896   844   844 I /system/bin/surfaceflinger: android::hardware::configstore::V1_0::ISurfaceFlingerConfigs::vsyncEventPhaseOffsetNs retrieved: 1000000 (default)
09-18 07:11:31.896   172   172 W /system/bin/hwservicemanager: getTransportFromManifest: Cannot find entry android.hardware.configstore@1.0::ISurfaceFlingerConfigs in either framework or device manifest, using default transport.
09-18 07:11:31.897   844   844 I /system/bin/surfaceflinger: android::hardware::configstore::V1_0::ISurfaceFlingerConfigs::vsyncSfEventPhaseOffsetNs retrieved: 1000000 (default)
09-18 07:11:31.898   172   172 W /system/bin/hwservicemanager: getTransportFromManifest: Cannot find entry android.hardware.configstore@1.0::ISurfaceFlingerConfigs in either framework or device manifest, using default transport.
09-18 07:11:31.899   844   844 I /system/bin/surfaceflinger: android::hardware::configstore::V1_0::ISurfaceFlingerConfigs::maxVirtualDisplaySize retrieved: 0 (default)
09-18 07:11:31.900   172   172 W /system/bin/hwservicemanager: getTransportFromManifest: Cannot find entry android.hardware.configstore@1.0::ISurfaceFlingerConfigs in either framework or device manifest, using default transport.
09-18 07:11:31.901   844   844 I /system/bin/surfaceflinger: android::hardware::configstore::V1_0::ISurfaceFlingerConfigs::hasSyncFramework retrieved: 1
09-18 07:11:31.901   172   172 W /system/bin/hwservicemanager: getTransportFromManifest: Cannot find entry android.hardware.configstore@1.0::ISurfaceFlingerConfigs in either framework or device manifest, using default transport.
09-18 07:11:31.902   844   844 I /system/bin/surfaceflinger: android::hardware::configstore::V1_0::ISurfaceFlingerConfigs::useContextPriority retrieved: 0 (default)
09-18 07:11:31.903   172   172 W /system/bin/hwservicemanager: getTransportFromManifest: Cannot find entry android.hardware.configstore@1.0::ISurfaceFlingerConfigs in either framework or device manifest, using default transport.
09-18 07:11:31.904   844   844 I /system/bin/surfaceflinger: android::hardware::configstore::V1_0::ISurfaceFlingerConfigs::presentTimeOffsetFromVSyncNs retrieved: 0
09-18 07:11:31.905   172   172 W /system/bin/hwservicemanager: getTransportFromManifest: Cannot find entry android.hardware.configstore@1.0::ISurfaceFlingerConfigs in either framework or device manifest, using default transport.
09-18 07:11:31.907   844   844 I /system/bin/surfaceflinger: android::hardware::configstore::V1_0::ISurfaceFlingerConfigs::useHwcForRGBtoYUV retrieved: 0
09-18 07:11:31.908   844   844 I /system/bin/surfaceflinger: android::hardware::configstore::V1_0::ISurfaceFlingerConfigs::maxFrameBufferAcquiredBuffers retrieved: 2 (default)
09-18 07:11:31.908   844   844 I SurfaceFlinger: Enabling HWC virtual displays
09-18 07:11:31.908   844   844 I SurfaceFlinger: Disabling Triple Buffering
09-18 07:11:31.908   844   844 I SurfaceFlinger: SurfaceFlinger's main thread ready to run. Initializing graphics H/W...
09-18 07:11:31.908   844   844 F libEGL  : couldn't find an OpenGL ES implementation
09-18 07:11:31.908   844   844 F libc    : Fatal signal 6 (SIGABRT), code -6 in tid 844 (surfaceflinger)
09-18 07:11:31.923   857   857 W ip6tables: type=1400 audit(0.0:258): avc: granted { getattr } for path="/vendor" dev="rootfs" ino=4768 scontext=u:r:netd:s0 tcontext=u:object_r:rootfs:s0 tclass=lnk_file
09-18 07:11:31.960   860   860 I crash_dump32: obtaining output fd from tombstoned
09-18 07:11:31.960   860   860 E libc    : failed to connect to tombstoned: No such file or directory
09-18 07:11:31.961   860   860 I crash_dump32: performing dump of process 844 (target tid = 844)
09-18 07:11:31.961   844   844 F libc    : failed to resend signal during crash: Operation not permitted
09-18 07:11:31.963   861   861 W iptables: type=1400 audit(0.0:259): avc: granted { getattr } for path="/vendor" dev="rootfs" ino=4768 scontext=u:r:netd:s0 tcontext=u:object_r:rootfs:s0 tclass=lnk_file
09-18 07:11:32.019   840   840 I FastMixerState: sMaxFastTracks = 8
09-18 07:11:32.021   840   840 I audioserver: ServiceManager: 0xaa1174c0
09-18 07:11:32.021   840   840 W BatteryNotifier: batterystats service unavailable!
09-18 07:11:32.023   172   172 W /system/bin/hwservicemanager: getTransportFromManifest: Cannot find entry android.hardware.audio@2.0::IDevicesFactory in either framework or device manifest, using default transport.
09-18 07:11:32.031   172   172 W /system/bin/hwservicemanager: getTransportFromManifest: Cannot find entry android.hardware.audio.effect@2.0::IEffectsFactory in either framework or device manifest, using default transport.
09-18 07:11:32.036   841   841 I cameraserver: ServiceManager: 0xa9597500
09-18 07:11:32.036   841   841 I CameraService: CameraService started (pid=841)
09-18 07:11:32.036   841   841 I CameraService: CameraService process starting
09-18 07:11:32.038   841   841 W BatteryNotifier: batterystats service unavailable!
09-18 07:11:32.038   841   841 W BatteryNotifier: batterystats service unavailable!
09-18 07:11:32.041   172   172 W /system/bin/hwservicemanager: getTransportFromManifest: Cannot find entry android.hardware.camera.provider@2.4::ICameraProvider in either framework or device manifest, using default transport.
09-18 07:11:32.044   840   840 I AudioFlinger: Using default 3000 mSec as standby time.
09-18 07:11:32.046   840   840 I APM::ConfigParsingUtils: loadAudioPolicyConfig() loaded /system/etc/audio_policy.conf
09-18 07:11:32.047   840   840 I vndksupport: sphal namespace is not configured for this process. Loading /vendor/lib/hw/audio.primary.msm8960.so from the current namespace instead.
09-18 07:11:32.051   841   841 E CamProvider@2.4-impl: Could not load camera HAL module: -2 (No such file or directory)
09-18 07:11:32.051   841   841 E CamProvider@2.4-impl: HIDL_FETCH_ICameraProvider: camera provider init failed!
09-18 07:11:32.052   840   840 D audio_hw_primary: adev_open: enter
09-18 07:11:32.053   874   874 W ip6tables: type=1400 audit(0.0:262): avc: granted { getattr } for path="/vendor" dev="rootfs" ino=4768 scontext=u:r:netd:s0 tcontext=u:object_r:rootfs:s0 tclass=lnk_file
09-18 07:11:32.073   876   876 W iptables: type=1400 audit(0.0:263): avc: granted { getattr } for path="/vendor" dev="rootfs" ino=4768 scontext=u:r:netd:s0 tcontext=u:object_r:rootfs:s0 tclass=lnk_file
09-18 07:11:32.093   877   877 W ip6tables: type=1400 audit(0.0:264): avc: granted { getattr } for path="/vendor" dev="rootfs" ino=4768 scontext=u:r:netd:s0 tcontext=u:object_r:rootfs:s0 tclass=lnk_file
09-18 07:11:32.103   878   878 W iptables: type=1400 audit(0.0:265): avc: granted { getattr } for path="/vendor" dev="rootfs" ino=4768 scontext=u:r:netd:s0 tcontext=u:object_r:rootfs:s0 tclass=lnk_file
09-18 07:11:32.129   840   840 E audio_route: unknown enum value string Off for ctl TTY Mode
09-18 07:11:32.135   840   840 E msm8960_platform: platform_init: DLOPEN failed for libacdbloader.so
09-18 07:11:32.135   840   840 E msm8960_platform: platform_init: DLOPEN failed for libcsd-client.so
09-18 07:11:32.136   840   840 E ext_speaker: open_speaker_bundle: DLOPEN failed for /vendor/lib/soundfx/libspeakerbundle.so
09-18 07:11:32.136   840   840 W audio_hw_primary: adev_open: DLOPEN failed for /vendor/lib/soundfx/libqcomvisualizer.so
09-18 07:11:32.136   840   840 W audio_hw_primary: adev_open: DLOPEN failed for /vendor/lib/soundfx/libqcompostprocbundle.so
09-18 07:11:32.136   840   840 W audio_hw_primary: adev_open: DLOPEN failed for libadm.so
09-18 07:11:32.137   840   840 E audio_hw_utils: audio_extn_utils_send_default_app_type_cfg: Could not get ctl for mixer cmd - App Type Config
09-18 07:11:32.137   840   840 D audio_hw_primary: adev_open: exit
09-18 07:11:32.137   840   840 W DeviceHAL: Device 0xaa15f300 get_master_volume: Function not implemented
09-18 07:11:32.137   840   840 W DeviceHAL: Device 0xaa15f300 get_master_mute: Function not implemented
09-18 07:11:32.137   840   840 W DeviceHAL: Device 0xaa15f300 set_master_volume: Function not implemented
09-18 07:11:32.137   840   840 W DeviceHAL: Device 0xaa15f300 set_master_mute: Function not implemented
09-18 07:11:32.137   840   840 I AudioFlinger: loadHwModule() Loaded primary audio interface, handle 10
09-18 07:11:32.137   840   840 I AudioFlinger: openOutput() this 0xaa13d000, module 10 Device 2, SamplingRate 48000, Format 0x000001, Channels 3, flags 2
09-18 07:11:32.138   840   840 I AudioFlinger: HAL output buffer size 240 frames, normal sink buffer size 960 frames
09-18 07:11:32.139   172   172 W /system/bin/hwservicemanager: getTransportFromManifest: Cannot find entry android.hardware.audio.effect@2.0::IEffectsFactory in either framework or device manifest, using default transport.
09-18 07:11:32.150   840   840 E voice_processing: init: can't find /system/lib/soundfx/libqcomvoiceprocessingdescriptors.so
09-18 07:11:32.150   840   840 I BufferProvider: found effect "Multichannel Downmix To Stereo" from The Android Open Source Project
09-18 07:11:32.150   840   840 I AudioFlinger: Using module 10 as the primary audio interface
09-18 07:11:32.151   840   840 W AudioFlinger: moveEffects() bad srcOutput 0
09-18 07:11:32.152   840   884 I AudioFlinger: AudioFlinger's thread 0xa93068c0 tid=884 ready to run
09-18 07:11:32.152   840   884 W AudioFlinger: no wake lock to update, system not ready yet
09-18 07:11:32.152   840   884 D audio_hw_primary: out_set_parameters: enter: usecase(1: low-latency-playback) kvpairs: routing=2
09-18 07:11:32.154   840   840 I AudioFlinger: openOutput() this 0xaa13d000, module 10 Device 2, SamplingRate 48000, Format 0x000001, Channels 3, flags 8
09-18 07:11:32.155   840   840 I AudioFlinger: HAL output buffer size 960 frames, normal sink buffer size 960 frames
09-18 07:11:32.155   840   884 W AudioFlinger: no wake lock to update, system not ready yet
09-18 07:11:32.160   843   843 I Netd    : Creating child chains: 520.8ms
09-18 07:11:32.160   843   843 I Netd    : Setting up OEM hooks: 0.1ms
09-18 07:11:32.163   840   886 I AudioFlinger: AudioFlinger's thread 0xa8c83540 tid=886 ready to run
09-18 07:11:32.164   840   886 W AudioFlinger: no wake lock to update, system not ready yet
09-18 07:11:32.164   840   886 D audio_hw_primary: out_set_parameters: enter: usecase(0: deep-buffer-playback) kvpairs: routing=2
09-18 07:11:32.166   840   886 W AudioFlinger: no wake lock to update, system not ready yet
09-18 07:11:32.167   843   843 I Netd    : Setting up FirewallController hooks: 7.3ms
09-18 07:11:32.168   840   888 I AudioFlinger: AudioFlinger's thread 0xa8a032c0 tid=888 ready to run
09-18 07:11:32.171   843   843 I Netd    : Setting up NatController hooks: 4.0ms
09-18 07:11:32.175   843   843 I Netd    : Setting up BandwidthController hooks: 3.6ms
09-18 07:11:32.175   843   843 I Netd    : Setting up IdletimerController hooks: 0.1ms
09-18 07:11:32.182   842   842 I mediaserver: ServiceManager: 0xb3297560
09-18 07:11:32.183   842   842 W BatteryNotifier: batterystats service unavailable!
09-18 07:11:32.183   843   843 I Netd    : Disabling bandwidth control: 8.1ms
09-18 07:11:32.185   840   840 I bt_a2dp_hw: adev_open:  adev_open in A2dp_hw module
09-18 07:11:32.185   840   840 I AudioFlinger: loadHwModule() Loaded a2dp audio interface, handle 18
09-18 07:11:32.186   840   840 I vndksupport: sphal namespace is not configured for this process. Loading /vendor/lib/hw/audio.usb.default.so from the current namespace instead.
09-18 07:11:32.186   843   843 E Netd    : Error adding route 0.0.0.0/0 -> (null) dummy0 to table 1002: File exists
09-18 07:11:32.186   843   843 I Netd    : Initializing RouteController: 3.0ms
09-18 07:11:32.188   840   840 I AudioFlinger: loadHwModule() Loaded usb audio interface, handle 26
09-18 07:11:32.188   843   843 D MDnsDS  : MDnsSdListener::Hander starting up
09-18 07:11:32.188   840   840 I vndksupport: sphal namespace is not configured for this process. Loading /vendor/lib/hw/audio.r_submix.default.so from the current namespace instead.
09-18 07:11:32.189   843   843 I Netd    : Registering NetdNativeService: 1.1ms
09-18 07:11:32.190   840   840 I r_submix: adev_open(name=audio_hw_if)
09-18 07:11:32.190   843   843 I Netd    : Starting CommandListener: 0.2ms
09-18 07:11:32.190   840   840 I r_submix: adev_init_check()
09-18 07:11:32.190   840   840 W DeviceHAL: Device 0xa8a03480 set_master_mute: Function not implemented
09-18 07:11:32.190   843   843 I Netd    : Netd started in 564ms
09-18 07:11:32.190   840   840 I AudioFlinger: loadHwModule() Loaded r_submix audio interface, handle 34
09-18 07:11:32.190   840   840 D r_submix: adev_open_input_stream(addr=0)
09-18 07:11:32.190   840   840 D r_submix: submix_audio_device_create_pipe_l(addr=0, idx=9)
09-18 07:11:32.190   840   840 D r_submix:   now using address 0 for route 9
09-18 07:11:32.191   840   903 I AudioFlinger: AudioFlinger's thread 0xa8a1c840 tid=903 ready to run
09-18 07:11:32.191   843   896 D MDnsDS  : MDnsSdListener starting to monitor
09-18 07:11:32.191   843   896 D MDnsDS  : Going to poll with pollCount 1
09-18 07:11:32.192   840   840 D r_submix: adev_close_input_stream()
09-18 07:11:32.192   840   840 D r_submix: submix_audio_device_release_pipe_l(idx=9) addr=0
09-18 07:11:32.192   840   840 D r_submix: submix_audio_device_destroy_pipe_l(): pipe destroyed
09-18 07:11:32.193   840   840 I RadioService: RadioService
09-18 07:11:32.193   840   840 I RadioService: onFirstRef
09-18 07:11:32.194   172   172 W /system/bin/hwservicemanager: getTransportFromManifest: Cannot find entry android.hardware.broadcastradio@1.0::IBroadcastRadioFactory in either framework or device manifest, using default transport.
09-18 07:11:32.195   840   840 E RadioService: could not read implementation properties
09-18 07:11:32.196   172   172 W /system/bin/hwservicemanager: getTransportFromManifest: Cannot find entry android.hardware.soundtrigger@2.0::ISoundTriggerHw in either framework or device manifest, using default transport.
09-18 07:11:32.196   840   840 E SoundTriggerHwService: could not read implementation properties
09-18 07:11:32.544   839   839 W app_process: type=1400 audit(0.0:267): avc: granted { read } for name="online" dev="sysfs" ino=34 scontext=u:r:zygote:s0 tcontext=u:object_r:sysfs:s0 tclass=file
09-18 07:11:32.575   839   839 D AndroidRuntime: >>>>>> START com.android.internal.os.ZygoteInit uid 0 <<<<<<
09-18 07:11:32.585   839   839 I zygote  : option[0]=-Xzygote
09-18 07:11:32.585   839   839 I zygote  : option[1]=-Xstacktracefile:/data/anr/traces.txt
09-18 07:11:32.585   839   839 I zygote  : option[2]=exit
09-18 07:11:32.585   839   839 I zygote  : option[3]=vfprintf
09-18 07:11:32.585   839   839 I zygote  : option[4]=sensitiveThread
09-18 07:11:32.585   839   839 I zygote  : option[5]=-verbose:gc
09-18 07:11:32.585   839   839 I zygote  : option[6]=-Xms8m
09-18 07:11:32.585   839   839 I zygote  : option[7]=-Xmx512m
09-18 07:11:32.585   839   839 I zygote  : option[8]=-XX:HeapGrowthLimit=192m
09-18 07:11:32.585   839   839 I zygote  : option[9]=-XX:HeapMinFree=512k
09-18 07:11:32.585   839   839 I zygote  : option[10]=-XX:HeapMaxFree=8m
09-18 07:11:32.585   839   839 I zygote  : option[11]=-XX:HeapTargetUtilization=0.75
09-18 07:11:32.585   839   839 I zygote  : option[12]=-Xusejit:true
09-18 07:11:32.585   839   839 I zygote  : option[13]=-Xjitsaveprofilinginfo
09-18 07:11:32.585   839   839 I zygote  : option[14]=-agentlib:jdwp=transport=dt_android_adb,suspend=n,server=y
09-18 07:11:32.585   839   839 I zygote  : option[15]=-Ximage-compiler-option
09-18 07:11:32.585   839   839 I zygote  : option[16]=--runtime-arg
09-18 07:11:32.585   839   839 I zygote  : option[17]=-Ximage-compiler-option
09-18 07:11:32.585   839   839 I zygote  : option[18]=-Xms64m
09-18 07:11:32.585   839   839 I zygote  : option[19]=-Ximage-compiler-option
09-18 07:11:32.585   839   839 I zygote  : option[20]=--runtime-arg
09-18 07:11:32.585   839   839 I zygote  : option[21]=-Ximage-compiler-option
09-18 07:11:32.585   839   839 I zygote  : option[22]=-Xmx64m
09-18 07:11:32.585   839   839 I zygote  : option[23]=-Ximage-compiler-option
09-18 07:11:32.586   839   839 I zygote  : option[24]=--image-classes=/system/etc/preloaded-classes
09-18 07:11:32.586   839   839 I zygote  : option[25]=-Ximage-compiler-option
09-18 07:11:32.586   839   839 I zygote  : option[26]=--compiled-classes=/system/etc/compiled-classes
09-18 07:11:32.586   839   839 I zygote  : option[27]=-Xcompiler-option
09-18 07:11:32.586   839   839 I zygote  : option[28]=--runtime-arg
09-18 07:11:32.586   839   839 I zygote  : option[29]=-Xcompiler-option
09-18 07:11:32.586   839   839 I zygote  : option[30]=-Xms64m
09-18 07:11:32.586   839   839 I zygote  : option[31]=-Xcompiler-option
09-18 07:11:32.586   839   839 I zygote  : option[32]=--runtime-arg
09-18 07:11:32.586   839   839 I zygote  : option[33]=-Xcompiler-option
09-18 07:11:32.586   839   839 I zygote  : option[34]=-Xmx512m
09-18 07:11:32.586   839   839 I zygote  : option[35]=-Ximage-compiler-option
09-18 07:11:32.586   839   839 I zygote  : option[36]=--instruction-set-variant=krait
09-18 07:11:32.586   839   839 I zygote  : option[37]=-Xcompiler-option
09-18 07:11:32.586   839   839 I zygote  : option[38]=--instruction-set-variant=krait
09-18 07:11:32.586   839   839 I zygote  : option[39]=-Ximage-compiler-option
09-18 07:11:32.586   839   839 I zygote  : option[40]=--instruction-set-features=default
09-18 07:11:32.586   839   839 I zygote  : option[41]=-Xcompiler-option
09-18 07:11:32.586   839   839 I zygote  : option[42]=--instruction-set-features=default
09-18 07:11:32.586   839   839 I zygote  : option[43]=-Duser.locale=en-US
09-18 07:11:32.586   839   839 I zygote  : option[44]=--cpu-abilist=armeabi-v7a,armeabi
09-18 07:11:32.586   839   839 I zygote  : option[45]=-Xfingerprint:google/mako/mako:7.1.2/NJH47F/4146041:user/release-keys
09-18 07:11:32.872   839   839 I SamplingProfilerIntegration: Profiling disabled.
09-18 07:11:32.872   839   839 D Zygote  : begin preload
09-18 07:11:32.873   839   839 I Zygote  : Installing ICU cache reference pinning...
09-18 07:11:32.873   839   839 I Zygote  : Preloading ICU data...
09-18 07:11:32.889   839   839 I Zygote  : Preloading classes...
09-18 07:11:33.146   839   839 E ActivityRecognitionHardware: activity_recognition HAL is deprecated. class_init is effectively a no-op
09-18 07:11:33.168   839   839 I zygote  : Thread[1,tid=839,Native,Thread*=0xa5784000,peer=0x12c01c68,"main"] recursive attempt to load library "/system/lib/libmedia_jni.so"
09-18 07:11:33.169   839   839 D MtpDeviceJNI: register_android_mtp_MtpDevice
09-18 07:11:33.169   839   839 I zygote  : Thread[1,tid=839,Native,Thread*=0xa5784000,peer=0x12c01c68,"main"] recursive attempt to load library "/system/lib/libmedia_jni.so"
09-18 07:11:33.170   839   839 I zygote  : Thread[1,tid=839,Native,Thread*=0xa5784000,peer=0x12c01c68,"main"] recursive attempt to load library "/system/lib/libmedia_jni.so"
09-18 07:11:33.264   839   839 W main    : type=1400 audit(0.0:270): avc: granted { read } for name="cpu" dev="sysfs" ino=32 scontext=u:r:zygote:s0 tcontext=u:object_r:sysfs:s0 tclass=dir
09-18 07:11:33.378   839   839 I System  : Loaded time zone names for "" in 84ms (83ms in ICU)
09-18 07:11:33.423   839   839 I System  : Loaded time zone names for "en_US" in 44ms (43ms in ICU)
09-18 07:11:33.439   839   839 I Zygote  : ...preloaded 4570 classes in 549ms.
09-18 07:11:33.439   839   839 I zygote  : VMRuntime.preloadDexCaches starting
09-18 07:11:33.604   839   839 I zygote  : VMRuntime.preloadDexCaches strings total=306476 before=2962 after=2962
09-18 07:11:33.604   839   839 I zygote  : VMRuntime.preloadDexCaches types total=26177 before=2681 after=3314
09-18 07:11:33.604   839   839 I zygote  : VMRuntime.preloadDexCaches fields total=123826 before=2155 after=1211
09-18 07:11:33.604   839   839 I zygote  : VMRuntime.preloadDexCaches methods total=219886 before=87630 after=87729
09-18 07:11:33.604   839   839 I zygote  : VMRuntime.preloadDexCaches finished
09-18 07:11:33.678   839   839 I Zygote  : Preloading resources...
09-18 07:11:33.732   839   839 W Resources: Preloaded drawable resource #0x1080257 (android:drawable/dialog_background_material) that varies with configuration!!
09-18 07:11:33.738   839   839 W Resources: Preloaded color resource #0x10600de (android:color/material_grey_800) that varies with configuration!!
09-18 07:11:33.738   839   839 W Resources: Preloaded drawable resource #0x10802b0 (android:drawable/floating_popup_background_dark) that varies with configuration!!
09-18 07:11:33.837   839   839 I Zygote  : ...preloaded 114 resources in 159ms.
09-18 07:11:33.845   839   839 W Resources: Preloaded color resource #0x1060036 (android:color/background_cache_hint_selector_material_dark) that varies with configuration!!
09-18 07:11:33.846   839   839 W Resources: Preloaded color resource #0x1060053 (android:color/btn_default_material_dark) that varies with configuration!!
09-18 07:11:33.848   839   839 I Zygote  : ...preloaded 41 resources in 10ms.
09-18 07:11:33.848   839   839 F libEGL  : couldn't find an OpenGL ES implementation
09-18 07:11:33.849   839   839 F libc    : Fatal signal 6 (SIGABRT), code -6 in tid 839 (main)
09-18 07:11:33.855   911   911 E libc    : failed to raise ambient capability 37: Invalid argument
09-18 07:11:33.855   911   911 E libc    : failed to raise ambient capability 38: Invalid argument
09-18 07:11:33.855   911   911 E libc    : failed to raise ambient capability 39: Invalid argument
09-18 07:11:33.855   911   911 E libc    : failed to raise ambient capability 40: Invalid argument
09-18 07:11:33.855   911   911 E libc    : failed to raise ambient capability 41: Invalid argument
09-18 07:11:33.856   911   911 E libc    : failed to raise ambient capability 42: Invalid argument
09-18 07:11:33.856   911   911 E libc    : failed to raise ambient capability 43: Invalid argument
09-18 07:11:33.856   911   911 E libc    : failed to raise ambient capability 44: Invalid argument
09-18 07:11:33.856   911   911 E libc    : failed to raise ambient capability 45: Invalid argument
09-18 07:11:33.856   911   911 E libc    : failed to raise ambient capability 46: Invalid argument
09-18 07:11:33.856   911   911 E libc    : failed to raise ambient capability 47: Invalid argument
09-18 07:11:33.856   911   911 E libc    : failed to raise ambient capability 48: Invalid argument
09-18 07:11:33.856   911   911 E libc    : failed to raise ambient capability 49: Invalid argument
09-18 07:11:33.856   911   911 E libc    : failed to raise ambient capability 50: Invalid argument
09-18 07:11:33.856   911   911 E libc    : failed to raise ambient capability 51: Invalid argument
09-18 07:11:33.857   911   911 E libc    : failed to raise ambient capability 52: Invalid argument
09-18 07:11:33.857   911   911 E libc    : failed to raise ambient capability 53: Invalid argument
09-18 07:11:33.857   911   911 E libc    : failed to raise ambient capability 54: Invalid argument
09-18 07:11:33.857   911   911 E libc    : failed to raise ambient capability 55: Invalid argument
09-18 07:11:33.857   911   911 E libc    : failed to raise ambient capability 56: Invalid argument
09-18 07:11:33.857   911   911 E libc    : failed to raise ambient capability 57: Invalid argument
09-18 07:11:33.857   911   911 E libc    : failed to raise ambient capability 58: Invalid argument
09-18 07:11:33.857   911   911 E libc    : failed to raise ambient capability 59: Invalid argument
09-18 07:11:33.857   911   911 E libc    : failed to raise ambient capability 60: Invalid argument
09-18 07:11:33.857   911   911 E libc    : failed to raise ambient capability 61: Invalid argument
09-18 07:11:33.858   911   911 E libc    : failed to raise ambient capability 62: Invalid argument
09-18 07:11:33.858   911   911 E libc    : failed to raise ambient capability 63: Invalid argument
09-18 07:11:33.937   912   912 I crash_dump32: obtaining output fd from tombstoned
09-18 07:11:33.937   912   912 E libc    : failed to connect to tombstoned: No such file or directory
09-18 07:11:33.937   912   912 I crash_dump32: performing dump of process 839 (target tid = 839)
09-18 07:11:33.938   839   839 F libc    : failed to resend signal during crash: Operation not permitted
09-18 07:11:36.984   171   171 I ServiceManager: service 'media.audio_flinger' died
09-18 07:11:36.984   171   171 I ServiceManager: service 'media.audio_policy' died
09-18 07:11:36.984   171   171 I ServiceManager: service 'media.sound_trigger_hw' died
09-18 07:11:36.984   171   171 I ServiceManager: service 'media.radio' died
09-18 07:11:36.984   171   171 I ServiceManager: service 'media.aaudio' died
09-18 07:11:37.011   171   171 I ServiceManager: service 'media.camera' died
09-18 07:11:37.031   171   171 I ServiceManager: service 'media.player' died
09-18 07:11:37.031   171   171 I ServiceManager: service 'media.resource_manager' died
09-18 07:11:37.047   171   171 I ServiceManager: service 'netd' died
09-18 07:11:37.057   171   171 I ServiceManager: service 'wificond' died
09-18 07:11:37.709   917   917 W netd    : type=1400 audit(0.0:272): avc: granted { getattr } for path="/vendor" dev="rootfs" ino=4768 scontext=u:r:netd:s0 tcontext=u:object_r:rootfs:s0 tclass=lnk_file
09-18 07:11:37.758   919   919 I wificond: wificond is starting up...
09-18 07:11:37.788   917   917 I Netd    : Netd 1.0 starting
09-18 07:11:37.788   917   917 D TetherController: Setting IP forward enable = 0
09-18 07:11:37.799   920   920 W iptables-restor: type=1400 audit(0.0:273): avc: granted { getattr } for path="/vendor" dev="rootfs" ino=4768 scontext=u:r:netd:s0 tcontext=u:object_r:rootfs:s0 tclass=lnk_file
09-18 07:11:37.839   921   921 W ip6tables-resto: type=1400 audit(0.0:274): avc: granted { getattr } for path="/vendor" dev="rootfs" ino=4768 scontext=u:r:netd:s0 tcontext=u:object_r:rootfs:s0 tclass=lnk_file
09-18 07:11:37.859   172   172 W /system/bin/hwservicemanager: getTransportFromManifest: Cannot find entry android.hardware.configstore@1.0::ISurfaceFlingerConfigs in either framework or device manifest, using default transport.
09-18 07:11:37.861   918   918 I /system/bin/surfaceflinger: android::hardware::configstore::V1_0::ISurfaceFlingerConfigs::maxFrameBufferAcquiredBuffers retrieved: 2 (default)
09-18 07:11:37.863   172   172 W /system/bin/hwservicemanager: getTransportFromManifest: Cannot find entry android.hardware.configstore@1.0::ISurfaceFlingerConfigs in either framework or device manifest, using default transport.
09-18 07:11:37.865   918   918 I /system/bin/surfaceflinger: android::hardware::configstore::V1_0::ISurfaceFlingerConfigs::startGraphicsAllocatorService retrieved: 0
09-18 07:11:37.868   918   918 I SurfaceFlinger: SurfaceFlinger is starting
09-18 07:11:37.869   172   172 W /system/bin/hwservicemanager: getTransportFromManifest: Cannot find entry android.hardware.configstore@1.0::ISurfaceFlingerConfigs in either framework or device manifest, using default transport.
09-18 07:11:37.871   918   918 I /system/bin/surfaceflinger: android::hardware::configstore::V1_0::ISurfaceFlingerConfigs::vsyncEventPhaseOffsetNs retrieved: 1000000 (default)
09-18 07:11:37.873   172   172 W /system/bin/hwservicemanager: getTransportFromManifest: Cannot find entry android.hardware.configstore@1.0::ISurfaceFlingerConfigs in either framework or device manifest, using default transport.
09-18 07:11:37.875   918   918 I /system/bin/surfaceflinger: android::hardware::configstore::V1_0::ISurfaceFlingerConfigs::vsyncSfEventPhaseOffsetNs retrieved: 1000000 (default)
09-18 07:11:37.876   172   172 W /system/bin/hwservicemanager: getTransportFromManifest: Cannot find entry android.hardware.configstore@1.0::ISurfaceFlingerConfigs in either framework or device manifest, using default transport.
09-18 07:11:37.878   918   918 I /system/bin/surfaceflinger: android::hardware::configstore::V1_0::ISurfaceFlingerConfigs::maxVirtualDisplaySize retrieved: 0 (default)
09-18 07:11:37.879   172   172 W /system/bin/hwservicemanager: getTransportFromManifest: Cannot find entry android.hardware.configstore@1.0::ISurfaceFlingerConfigs in either framework or device manifest, using default transport.
09-18 07:11:37.881   918   918 I /system/bin/surfaceflinger: android::hardware::configstore::V1_0::ISurfaceFlingerConfigs::hasSyncFramework retrieved: 1
09-18 07:11:37.882   172   172 W /system/bin/hwservicemanager: getTransportFromManifest: Cannot find entry android.hardware.configstore@1.0::ISurfaceFlingerConfigs in either framework or device manifest, using default transport.
09-18 07:11:37.884   918   918 I /system/bin/surfaceflinger: android::hardware::configstore::V1_0::ISurfaceFlingerConfigs::useContextPriority retrieved: 0 (default)
09-18 07:11:37.886   172   172 W /system/bin/hwservicemanager: getTransportFromManifest: Cannot find entry android.hardware.configstore@1.0::ISurfaceFlingerConfigs in either framework or device manifest, using default transport.
09-18 07:11:37.887   918   918 I /system/bin/surfaceflinger: android::hardware::configstore::V1_0::ISurfaceFlingerConfigs::presentTimeOffsetFromVSyncNs retrieved: 0
09-18 07:11:37.888   172   172 W /system/bin/hwservicemanager: getTransportFromManifest: Cannot find entry android.hardware.configstore@1.0::ISurfaceFlingerConfigs in either framework or device manifest, using default transport.
09-18 07:11:37.890   918   918 I /system/bin/surfaceflinger: android::hardware::configstore::V1_0::ISurfaceFlingerConfigs::useHwcForRGBtoYUV retrieved: 0
09-18 07:11:37.891   918   918 I /system/bin/surfaceflinger: android::hardware::configstore::V1_0::ISurfaceFlingerConfigs::maxFrameBufferAcquiredBuffers retrieved: 2 (default)
09-18 07:11:37.891   918   918 I SurfaceFlinger: Enabling HWC virtual displays
09-18 07:11:37.891   918   918 I SurfaceFlinger: Disabling Triple Buffering
09-18 07:11:37.891   918   918 I SurfaceFlinger: SurfaceFlinger's main thread ready to run. Initializing graphics H/W...
09-18 07:11:37.891   918   918 F libEGL  : couldn't find an OpenGL ES implementation
09-18 07:11:37.891   918   918 F libc    : Fatal signal 6 (SIGABRT), code -6 in tid 918 (surfaceflinger)
09-18 07:11:37.929   930   930 W ip6tables: type=1400 audit(0.0:276): avc: granted { getattr } for path="/vendor" dev="rootfs" ino=4768 scontext=u:r:netd:s0 tcontext=u:object_r:rootfs:s0 tclass=lnk_file
09-18 07:11:37.946   929   929 I crash_dump32: obtaining output fd from tombstoned
09-18 07:11:37.946   929   929 E libc    : failed to connect to tombstoned: No such file or directory
09-18 07:11:37.947   929   929 I crash_dump32: performing dump of process 918 (target tid = 918)
09-18 07:11:37.947   918   918 F libc    : failed to resend signal during crash: Operation not permitted
09-18 07:11:37.969   931   931 W iptables: type=1400 audit(0.0:277): avc: granted { getattr } for path="/vendor" dev="rootfs" ino=4768 scontext=u:r:netd:s0 tcontext=u:object_r:rootfs:s0 tclass=lnk_file
09-18 07:11:37.999   932   932 W ip6tables: type=1400 audit(0.0:278): avc: granted { getattr } for path="/vendor" dev="rootfs" ino=4768 scontext=u:r:netd:s0 tcontext=u:object_r:rootfs:s0 tclass=lnk_file
09-18 07:11:38.049   933   933 W iptables: type=1400 audit(0.0:279): avc: granted { getattr } for path="/vendor" dev="rootfs" ino=4768 scontext=u:r:netd:s0 tcontext=u:object_r:rootfs:s0 tclass=lnk_file
09-18 07:11:38.092   914   914 I FastMixerState: sMaxFastTracks = 8
09-18 07:11:38.094   914   914 I audioserver: ServiceManager: 0xb06174c0
09-18 07:11:38.095   914   914 W BatteryNotifier: batterystats service unavailable!
09-18 07:11:38.097   172   172 W /system/bin/hwservicemanager: getTransportFromManifest: Cannot find entry android.hardware.audio@2.0::IDevicesFactory in either framework or device manifest, using default transport.
09-18 07:11:38.104   172   172 W /system/bin/hwservicemanager: getTransportFromManifest: Cannot find entry android.hardware.audio.effect@2.0::IEffectsFactory in either framework or device manifest, using default transport.
09-18 07:11:38.113   914   914 I AudioFlinger: Using default 3000 mSec as standby time.
09-18 07:11:38.116   914   914 I APM::ConfigParsingUtils: loadAudioPolicyConfig() loaded /system/etc/audio_policy.conf
09-18 07:11:38.117   914   914 I vndksupport: sphal namespace is not configured for this process. Loading /vendor/lib/hw/audio.primary.msm8960.so from the current namespace instead.
09-18 07:11:38.123   914   914 D audio_hw_primary: adev_open: enter
09-18 07:11:38.129   944   944 W ip6tables: type=1400 audit(0.0:282): avc: granted { getattr } for path="/vendor" dev="rootfs" ino=4768 scontext=u:r:netd:s0 tcontext=u:object_r:rootfs:s0 tclass=lnk_file
09-18 07:11:38.169   945   945 W iptables: type=1400 audit(0.0:283): avc: granted { getattr } for path="/vendor" dev="rootfs" ino=4768 scontext=u:r:netd:s0 tcontext=u:object_r:rootfs:s0 tclass=lnk_file
09-18 07:11:38.206   914   914 E audio_route: unknown enum value string Off for ctl TTY Mode
09-18 07:11:38.210   916   916 I mediaserver: ServiceManager: 0xa9097560
09-18 07:11:38.211   916   916 W BatteryNotifier: batterystats service unavailable!
09-18 07:11:38.215   914   914 E msm8960_platform: platform_init: DLOPEN failed for libacdbloader.so
09-18 07:11:38.216   914   914 E msm8960_platform: platform_init: DLOPEN failed for libcsd-client.so
09-18 07:11:38.216   914   914 E ext_speaker: open_speaker_bundle: DLOPEN failed for /vendor/lib/soundfx/libspeakerbundle.so
09-18 07:11:38.216   914   914 W audio_hw_primary: adev_open: DLOPEN failed for /vendor/lib/soundfx/libqcomvisualizer.so
09-18 07:11:38.217   914   914 W audio_hw_primary: adev_open: DLOPEN failed for /vendor/lib/soundfx/libqcompostprocbundle.so
09-18 07:11:38.217   914   914 W audio_hw_primary: adev_open: DLOPEN failed for libadm.so
09-18 07:11:38.217   914   914 E audio_hw_utils: audio_extn_utils_send_default_app_type_cfg: Could not get ctl for mixer cmd - App Type Config
09-18 07:11:38.217   914   914 D audio_hw_primary: adev_open: exit
09-18 07:11:38.217   914   914 W DeviceHAL: Device 0xb065f300 get_master_volume: Function not implemented
09-18 07:11:38.217   914   914 W DeviceHAL: Device 0xb065f300 get_master_mute: Function not implemented
09-18 07:11:38.217   914   914 W DeviceHAL: Device 0xb065f300 set_master_volume: Function not implemented
09-18 07:11:38.217   914   914 W DeviceHAL: Device 0xb065f300 set_master_mute: Function not implemented
09-18 07:11:38.217   914   914 I AudioFlinger: loadHwModule() Loaded primary audio interface, handle 10
09-18 07:11:38.218   914   914 I AudioFlinger: openOutput() this 0xb063d000, module 10 Device 2, SamplingRate 48000, Format 0x000001, Channels 3, flags 2
09-18 07:11:38.218   914   914 I AudioFlinger: HAL output buffer size 240 frames, normal sink buffer size 960 frames
09-18 07:11:38.221   172   172 W /system/bin/hwservicemanager: getTransportFromManifest: Cannot find entry android.hardware.audio.effect@2.0::IEffectsFactory in either framework or device manifest, using default transport.
09-18 07:11:38.219   949   949 W ip6tables: type=1400 audit(0.0:284): avc: granted { getattr } for path="/vendor" dev="rootfs" ino=4768 scontext=u:r:netd:s0 tcontext=u:object_r:rootfs:s0 tclass=lnk_file
09-18 07:11:38.221   172   172 W /system/bin/hwservicemanager: getTransportFromManifest: Cannot find entry android.hardware.audio.effect@2.0::IEffectsFactory in either framework or device manifest, using default transport.
09-18 07:11:38.230   914   914 E voice_processing: init: can't find /system/lib/soundfx/libqcomvoiceprocessingdescriptors.so
09-18 07:11:38.230   914   914 I BufferProvider: found effect "Multichannel Downmix To Stereo" from The Android Open Source Project
09-18 07:11:38.231   914   914 I AudioFlinger: Using module 10 as the primary audio interface
09-18 07:11:38.231   914   914 W AudioFlinger: moveEffects() bad srcOutput 0
09-18 07:11:38.232   914   952 I AudioFlinger: AudioFlinger's thread 0xaf8060c0 tid=952 ready to run
09-18 07:11:38.232   914   952 W AudioFlinger: no wake lock to update, system not ready yet
09-18 07:11:38.232   914   952 D audio_hw_primary: out_set_parameters: enter: usecase(1: low-latency-playback) kvpairs: routing=2
09-18 07:11:38.235   914   914 I AudioFlinger: openOutput() this 0xb063d000, module 10 Device 2, SamplingRate 48000, Format 0x000001, Channels 3, flags 8
09-18 07:11:38.236   914   914 I AudioFlinger: HAL output buffer size 960 frames, normal sink buffer size 960 frames
09-18 07:11:38.236   914   952 W AudioFlinger: no wake lock to update, system not ready yet
09-18 07:11:38.237   914   954 I AudioFlinger: AudioFlinger's thread 0xaf183100 tid=954 ready to run
09-18 07:11:38.237   914   954 W AudioFlinger: no wake lock to update, system not ready yet
09-18 07:11:38.238   914   954 D audio_hw_primary: out_set_parameters: enter: usecase(0: deep-buffer-playback) kvpairs: routing=2
09-18 07:11:38.240   914   954 W AudioFlinger: no wake lock to update, system not ready yet
09-18 07:11:38.241   914   956 I AudioFlinger: AudioFlinger's thread 0xaef03680 tid=956 ready to run
09-18 07:11:38.252   914   914 I bt_a2dp_hw: adev_open:  adev_open in A2dp_hw module
09-18 07:11:38.252   914   914 I AudioFlinger: loadHwModule() Loaded a2dp audio interface, handle 18
09-18 07:11:38.252   914   914 I vndksupport: sphal namespace is not configured for this process. Loading /vendor/lib/hw/audio.usb.default.so from the current namespace instead.
09-18 07:11:38.255   914   914 I AudioFlinger: loadHwModule() Loaded usb audio interface, handle 26
09-18 07:11:38.255   914   914 I vndksupport: sphal namespace is not configured for this process. Loading /vendor/lib/hw/audio.r_submix.default.so from the current namespace instead.
09-18 07:11:38.256   914   914 I r_submix: adev_open(name=audio_hw_if)
09-18 07:11:38.256   914   914 I r_submix: adev_init_check()
09-18 07:11:38.257   914   914 W DeviceHAL: Device 0xaef03580 set_master_mute: Function not implemented
09-18 07:11:38.257   914   914 I AudioFlinger: loadHwModule() Loaded r_submix audio interface, handle 34
09-18 07:11:38.257   914   914 D r_submix: adev_open_input_stream(addr=0)
09-18 07:11:38.257   914   914 D r_submix: submix_audio_device_create_pipe_l(addr=0, idx=9)
09-18 07:11:38.257   914   914 D r_submix:   now using address 0 for route 9
09-18 07:11:38.258   914   961 I AudioFlinger: AudioFlinger's thread 0xaef1cb80 tid=961 ready to run
09-18 07:11:38.259   914   961 D r_submix: adev_close_input_stream()
09-18 07:11:38.259   914   961 D r_submix: submix_audio_device_release_pipe_l(idx=9) addr=0
09-18 07:11:38.259   914   961 D r_submix: submix_audio_device_destroy_pipe_l(): pipe destroyed
09-18 07:11:38.261   914   914 I RadioService: RadioService
09-18 07:11:38.261   914   914 I RadioService: onFirstRef
09-18 07:11:38.262   172   172 W /system/bin/hwservicemanager: getTransportFromManifest: Cannot find entry android.hardware.broadcastradio@1.0::IBroadcastRadioFactory in either framework or device manifest, using default transport.
09-18 07:11:38.263   914   914 E RadioService: could not read implementation properties
09-18 07:11:38.264   172   172 W /system/bin/hwservicemanager: getTransportFromManifest: Cannot find entry android.hardware.soundtrigger@2.0::ISoundTriggerHw in either framework or device manifest, using default transport.
09-18 07:11:38.265   914   914 E SoundTriggerHwService: could not read implementation properties
09-18 07:11:38.279   964   964 W iptables: type=1400 audit(0.0:287): avc: granted { getattr } for path="/vendor" dev="rootfs" ino=4768 scontext=u:r:netd:s0 tcontext=u:object_r:rootfs:s0 tclass=lnk_file
09-18 07:11:38.289   965   965 W ip6tables: type=1400 audit(0.0:288): avc: granted { getattr } for path="/vendor" dev="rootfs" ino=4768 scontext=u:r:netd:s0 tcontext=u:object_r:rootfs:s0 tclass=lnk_file
