--------- beginning of main
09-18 07:08:42.423   170   170 W auditd  : type=2000 audit(0.0:1): initialized
09-18 07:08:43.540   170   170 I auditd  : type=1403 audit(0.0:2): policy loaded auid=4294967295 ses=4294967295
09-18 07:08:44.170     1     1 I init    : type=1400 audit(0.0:3): avc: denied { create } for name="sdcard" scontext=u:r:init:s0 tcontext=u:object_r:tmpfs:s0 tclass=lnk_file permissive=1
09-18 07:08:44.230   157   157 W e2fsck  : type=1400 audit(0.0:4): avc: granted { getattr } for path="/vendor" dev="rootfs" ino=4768 scontext=u:r:fsck:s0 tcontext=u:object_r:rootfs:s0 tclass=lnk_file
09-18 07:08:44.280   157   157 W e2fsck  : type=1400 audit(0.0:5): avc: granted { read } for name="online" dev="sysfs" ino=34 scontext=u:r:fsck:s0 tcontext=u:object_r:sysfs:s0 tclass=file
09-18 07:08:44.280   157   157 W e2fsck  : type=1400 audit(0.0:6): avc: granted { read open } for name="online" dev="sysfs" ino=34 scontext=u:r:fsck:s0 tcontext=u:object_r:sysfs:s0 tclass=file
09-18 07:08:44.280   157   157 W e2fsck  : type=1400 audit(0.0:7): avc: granted { getattr } for path="/sys/devices/system/cpu/online" dev="sysfs" ino=34 scontext=u:r:fsck:s0 tcontext=u:object_r:sysfs:s0 tclass=file
09-18 07:08:44.290   157   157 I e2fsck  : type=1400 audit(0.0:8): avc: denied { read } for name="mmcblk0p22" dev="tmpfs" ino=8509 scontext=u:r:fsck:s0 tcontext=u:object_r:block_device:s0 tclass=blk_file permissive=1
09-18 07:08:44.290   157   157 I e2fsck  : type=1400 audit(0.0:9): avc: denied { open } for name="mmcblk0p22" dev="tmpfs" ino=8509 scontext=u:r:fsck:s0 tcontext=u:object_r:block_device:s0 tclass=blk_file permissive=1
09-18 07:08:44.290   157   157 I e2fsck  : type=1400 audit(0.0:10): avc: denied { write } for name="mmcblk0p22" dev="tmpfs" ino=8509 scontext=u:r:fsck:s0 tcontext=u:object_r:block_device:s0 tclass=blk_file permissive=1
09-18 07:08:44.615     0   173 I SELinux : SELinux: Loaded service_contexts from:
09-18 07:08:44.623     0   173 I SELinux :     /vndservice_contexts
09-18 07:08:44.632     0   171 I SELinux : SELinux: Loaded service_contexts from:
09-18 07:08:44.634     0   171 I SELinux :     /plat_service_contexts
09-18 07:08:44.634     0   171 I SELinux :     /nonplat_service_contexts
09-18 07:08:44.670   172   172 I hwservicemanage: type=1400 audit(0.0:29): avc: denied { read } for name="online" dev="sysfs" ino=34 scontext=u:r:hwservicemanager:s0 tcontext=u:object_r:sysfs:s0 tclass=file permissive=1
09-18 07:08:44.670   172   172 I hwservicemanage: type=1400 audit(0.0:30): avc: denied { open } for name="online" dev="sysfs" ino=34 scontext=u:r:hwservicemanager:s0 tcontext=u:object_r:sysfs:s0 tclass=file permissive=1
09-18 07:08:44.670   172   172 I hwservicemanage: type=1400 audit(0.0:31): avc: denied { getattr } for path="/sys/devices/system/cpu/online" dev="sysfs" ino=34 scontext=u:r:hwservicemanager:s0 tcontext=u:object_r:sysfs:s0 tclass=file permissive=1
09-18 07:08:44.691   172   172 E hwservicemanager: BINDER_SET_INHERIT_FIFO_PRIO failed with error -1
09-18 07:08:44.780   182   182 I vdc     : type=1400 audit(0.0:32): avc: denied { read } for name="online" dev="sysfs" ino=34 scontext=u:r:vdc:s0 tcontext=u:object_r:sysfs:s0 tclass=file permissive=1
09-18 07:08:44.780   182   182 I vdc     : type=1400 audit(0.0:33): avc: denied { open } for name="online" dev="sysfs" ino=34 scontext=u:r:vdc:s0 tcontext=u:object_r:sysfs:s0 tclass=file permissive=1
09-18 07:08:44.780   182   182 I vdc     : type=1400 audit(0.0:34): avc: denied { getattr } for path="/sys/devices/system/cpu/online" dev="sysfs" ino=34 scontext=u:r:vdc:s0 tcontext=u:object_r:sysfs:s0 tclass=file permissive=1
--------- beginning of system
09-18 07:08:44.802   179   179 I vold    : Vold 3.0 (the awakening) firing up
09-18 07:08:44.803   179   179 V vold    : Detected support for: ext4 f2fs vfat
09-18 07:08:44.807   179   179 I vold    : [libfs_mgr]fs_mgr_read_fstab_dt(): failed to read fstab from dt
09-18 07:08:44.817   179   185 D vold    : e4crypt_init_user0
09-18 07:08:44.817   179   185 D vold    : e4crypt_prepare_user_storage for volume null, user 0, serial 0, flags 1
09-18 07:08:44.817   179   185 D vold    : Preparing: /data/system/users/0
09-18 07:08:44.818   179   185 D vold    : Preparing: /data/misc/profiles/cur/0
09-18 07:08:44.818   179   185 D vold    : Preparing: /data/system_de/0
09-18 07:08:44.818   179   185 D vold    : Preparing: /data/misc_de/0
09-18 07:08:44.819   179   185 D vold    : Preparing: /data/user_de/0
09-18 07:08:44.819   179   185 D vold    : e4crypt_unlock_user_key 0 serial=0 token_present=0
09-18 07:08:44.819   179   185 E vold    : Failed to chmod /data/system_ce/0: No such file or directory
09-18 07:08:44.819   179   185 E vold    : Failed to chmod /data/misc_ce/0: No such file or directory
09-18 07:08:46.892   186   186 I tzdatacheck: type=1400 audit(0.0:35): avc: denied { read } for name="online" dev="sysfs" ino=34 scontext=u:r:tzdatacheck:s0 tcontext=u:object_r:sysfs:s0 tclass=file permissive=1
09-18 07:08:46.892   186   186 I tzdatacheck: type=1400 audit(0.0:36): avc: denied { open } for name="online" dev="sysfs" ino=34 scontext=u:r:tzdatacheck:s0 tcontext=u:object_r:sysfs:s0 tclass=file permissive=1
09-18 07:08:46.892   186   186 I tzdatacheck: type=1400 audit(0.0:37): avc: denied { getattr } for path="/sys/devices/system/cpu/online" dev="sysfs" ino=34 scontext=u:r:tzdatacheck:s0 tcontext=u:object_r:sysfs:s0 tclass=file permissive=1
09-18 07:08:46.904   186   186 I /system/bin/tzdatacheck: timezone distro dir /data/misc/zoneinfo/current does not exist. No action required.
09-18 07:09:47.831   205   205 I adbd    : type=1400 audit(0.0:38): avc: denied { read } for name="online" dev="sysfs" ino=34 scontext=u:r:adbd:s0 tcontext=u:object_r:sysfs:s0 tclass=file permissive=1
09-18 07:09:47.831   205   205 I adbd    : type=1400 audit(0.0:39): avc: denied { open } for name="online" dev="sysfs" ino=34 scontext=u:r:adbd:s0 tcontext=u:object_r:sysfs:s0 tclass=file permissive=1
09-18 07:09:47.831   205   205 I adbd    : type=1400 audit(0.0:40): avc: denied { getattr } for path="/sys/devices/system/cpu/online" dev="sysfs" ino=34 scontext=u:r:adbd:s0 tcontext=u:object_r:sysfs:s0 tclass=file permissive=1
09-18 07:09:47.831   192   192 I android.hidl.al: type=1400 audit(0.0:41): avc: denied { read } for name="online" dev="sysfs" ino=34 scontext=u:r:hal_allocator_default:s0 tcontext=u:object_r:sysfs:s0 tclass=file permissive=1
09-18 07:09:47.831   192   192 I android.hidl.al: type=1400 audit(0.0:42): avc: denied { open } for name="online" dev="sysfs" ino=34 scontext=u:r:hal_allocator_default:s0 tcontext=u:object_r:sysfs:s0 tclass=file permissive=1
09-18 07:09:47.831   192   192 I android.hidl.al: type=1400 audit(0.0:43): avc: denied { getattr } for path="/sys/devices/system/cpu/online" dev="sysfs" ino=34 scontext=u:r:hal_allocator_default:s0 tcontext=u:object_r:sysfs:s0 tclass=file permissive=1
09-18 07:09:47.841   193   193 I android.hardwar: type=1400 audit(0.0:44): avc: denied { read } for name="online" dev="sysfs" ino=34 scontext=u:r:hal_configstore_default:s0 tcontext=u:object_r:sysfs:s0 tclass=file permissive=1
09-18 07:09:47.841   193   193 I android.hardwar: type=1400 audit(0.0:45): avc: denied { open } for name="online" dev="sysfs" ino=34 scontext=u:r:hal_configstore_default:s0 tcontext=u:object_r:sysfs:s0 tclass=file permissive=1
09-18 07:09:47.841   193   193 I android.hardwar: type=1400 audit(0.0:46): avc: denied { getattr } for path="/sys/devices/system/cpu/online" dev="sysfs" ino=34 scontext=u:r:hal_configstore_default:s0 tcontext=u:object_r:sysfs:s0 tclass=file permissive=1
09-18 07:09:47.846   192   192 I ServiceManagement: Removing namespace from process name android.hidl.allocator@1.0-service to allocator@1.0-s.
09-18 07:09:47.854   193   193 I ServiceManagement: Removing namespace from process name android.hardware.configstore@1.0-service to configstore@1.0.
09-18 07:09:47.861   204   204 I sh      : type=1400 audit(0.0:47): avc: denied { read } for name="online" dev="sysfs" ino=34 scontext=u:r:shell:s0 tcontext=u:object_r:sysfs:s0 tclass=file permissive=1
09-18 07:09:47.861   204   204 I sh      : type=1400 audit(0.0:48): avc: denied { open } for name="online" dev="sysfs" ino=34 scontext=u:r:shell:s0 tcontext=u:object_r:sysfs:s0 tclass=file permissive=1
09-18 07:09:47.861   204   204 I sh      : type=1400 audit(0.0:49): avc: denied { getattr } for path="/sys/devices/system/cpu/online" dev="sysfs" ino=34 scontext=u:r:shell:s0 tcontext=u:object_r:sysfs:s0 tclass=file permissive=1
09-18 07:09:47.868   198   198 I lowmemorykiller: Using in-kernel low memory killer interface
09-18 07:09:47.892   194   194 I ServiceManagement: Removing namespace from process name android.hardware.usb@1.0-service to usb@1.0-service.
09-18 07:09:47.895   194   194 I android.hardware.usb@1.0-service: USB HAL Ready.
09-18 07:09:47.898   172   172 W /system/bin/hwservicemanager: getTransportFromManifest: Cannot find entry android.hardware.health@1.0::IHealth in either framework or device manifest, using default transport.
09-18 07:09:47.923   195   195 I android.hardware.wifi@1.0-service: Wifi Hal is starting up...
09-18 07:09:47.923   195   195 I ServiceManagement: Removing namespace from process name android.hardware.wifi@1.0-service to wifi@1.0-servic.
09-18 07:09:48.046   172   172 W /system/bin/hwservicemanager: getTransportFromManifest: Cannot find entry android.hardware.configstore@1.0::ISurfaceFlingerConfigs in either framework or device manifest, using default transport.
09-18 07:09:48.048   199   199 I /system/bin/surfaceflinger: android::hardware::configstore::V1_0::ISurfaceFlingerConfigs::maxFrameBufferAcquiredBuffers retrieved: 2 (default)
09-18 07:09:48.049   172   172 W /system/bin/hwservicemanager: getTransportFromManifest: Cannot find entry android.hardware.configstore@1.0::ISurfaceFlingerConfigs in either framework or device manifest, using default transport.
09-18 07:09:48.050   199   199 I /system/bin/surfaceflinger: android::hardware::configstore::V1_0::ISurfaceFlingerConfigs::startGraphicsAllocatorService retrieved: 0
09-18 07:09:48.053   199   199 I SurfaceFlinger: SurfaceFlinger is starting
09-18 07:09:48.053   172   172 W /system/bin/hwservicemanager: getTransportFromManifest: Cannot find entry android.hardware.configstore@1.0::ISurfaceFlingerConfigs in either framework or device manifest, using default transport.
09-18 07:09:48.054   199   199 I /system/bin/surfaceflinger: android::hardware::configstore::V1_0::ISurfaceFlingerConfigs::vsyncEventPhaseOffsetNs retrieved: 1000000 (default)
09-18 07:09:48.055   172   172 W /system/bin/hwservicemanager: getTransportFromManifest: Cannot find entry android.hardware.configstore@1.0::ISurfaceFlingerConfigs in either framework or device manifest, using default transport.
09-18 07:09:48.056   199   199 I /system/bin/surfaceflinger: android::hardware::configstore::V1_0::ISurfaceFlingerConfigs::vsyncSfEventPhaseOffsetNs retrieved: 1000000 (default)
09-18 07:09:48.056   172   172 W /system/bin/hwservicemanager: getTransportFromManifest: Cannot find entry android.hardware.configstore@1.0::ISurfaceFlingerConfigs in either framework or device manifest, using default transport.
09-18 07:09:48.057   199   199 I /system/bin/surfaceflinger: android::hardware::configstore::V1_0::ISurfaceFlingerConfigs::maxVirtualDisplaySize retrieved: 0 (default)
09-18 07:09:48.058   172   172 W /system/bin/hwservicemanager: getTransportFromManifest: Cannot find entry android.hardware.configstore@1.0::ISurfaceFlingerConfigs in either framework or device manifest, using default transport.
09-18 07:09:48.059   199   199 I /system/bin/surfaceflinger: android::hardware::configstore::V1_0::ISurfaceFlingerConfigs::hasSyncFramework retrieved: 1
09-18 07:09:48.059   172   172 W /system/bin/hwservicemanager: getTransportFromManifest: Cannot find entry android.hardware.configstore@1.0::ISurfaceFlingerConfigs in either framework or device manifest, using default transport.
09-18 07:09:48.060   199   199 I /system/bin/surfaceflinger: android::hardware::configstore::V1_0::ISurfaceFlingerConfigs::useContextPriority retrieved: 0 (default)
09-18 07:09:48.061   172   172 W /system/bin/hwservicemanager: getTransportFromManifest: Cannot find entry android.hardware.configstore@1.0::ISurfaceFlingerConfigs in either framework or device manifest, using default transport.
09-18 07:09:48.061   199   199 I /system/bin/surfaceflinger: android::hardware::configstore::V1_0::ISurfaceFlingerConfigs::presentTimeOffsetFromVSyncNs retrieved: 0
09-18 07:09:48.062   172   172 W /system/bin/hwservicemanager: getTransportFromManifest: Cannot find entry android.hardware.configstore@1.0::ISurfaceFlingerConfigs in either framework or device manifest, using default transport.
09-18 07:09:48.063   199   199 I /system/bin/surfaceflinger: android::hardware::configstore::V1_0::ISurfaceFlingerConfigs::useHwcForRGBtoYUV retrieved: 0
09-18 07:09:48.063   199   199 I /system/bin/surfaceflinger: android::hardware::configstore::V1_0::ISurfaceFlingerConfigs::maxFrameBufferAcquiredBuffers retrieved: 2 (default)
09-18 07:09:48.063   199   199 I SurfaceFlinger: Enabling HWC virtual displays
09-18 07:09:48.063   199   199 I SurfaceFlinger: Disabling Triple Buffering
09-18 07:09:48.063   199   199 I SurfaceFlinger: SurfaceFlinger's main thread ready to run. Initializing graphics H/W...
09-18 07:09:48.063   199   199 F libEGL  : couldn't find an OpenGL ES implementation
--------- beginning of crash
09-18 07:09:48.064   199   199 F libc    : Fatal signal 6 (SIGABRT), code -6 in tid 199 (surfaceflinger)
09-18 07:09:48.112   217   217 I crash_dump32: type=1400 audit(0.0:50): avc: denied { read } for name="online" dev="sysfs" ino=34 scontext=u:r:crash_dump:s0 tcontext=u:object_r:sysfs:s0 tclass=file permissive=1
09-18 07:09:48.112   217   217 I crash_dump32: type=1400 audit(0.0:51): avc: denied { open } for name="online" dev="sysfs" ino=34 scontext=u:r:crash_dump:s0 tcontext=u:object_r:sysfs:s0 tclass=file permissive=1
09-18 07:09:48.112   217   217 I crash_dump32: type=1400 audit(0.0:52): avc: denied { getattr } for path="/sys/devices/system/cpu/online" dev="sysfs" ino=34 scontext=u:r:crash_dump:s0 tcontext=u:object_r:sysfs:s0 tclass=file permissive=1
09-18 07:09:48.139   218   218 I crash_dump32: obtaining output fd from tombstoned
09-18 07:09:48.140   218   218 E libc    : failed to connect to tombstoned: No such file or directory
09-18 07:09:48.140   218   218 I crash_dump32: performing dump of process 199 (target tid = 199)
09-18 07:09:48.141   199   199 F libc    : failed to resend signal during crash: Operation not permitted
09-18 07:09:53.801   172   172 W /system/bin/hwservicemanager: getTransportFromManifest: Cannot find entry android.hardware.configstore@1.0::ISurfaceFlingerConfigs in either framework or device manifest, using default transport.
09-18 07:09:53.803   221   221 I /system/bin/surfaceflinger: android::hardware::configstore::V1_0::ISurfaceFlingerConfigs::maxFrameBufferAcquiredBuffers retrieved: 2 (default)
09-18 07:09:53.804   172   172 W /system/bin/hwservicemanager: getTransportFromManifest: Cannot find entry android.hardware.configstore@1.0::ISurfaceFlingerConfigs in either framework or device manifest, using default transport.
09-18 07:09:53.805   221   221 I /system/bin/surfaceflinger: android::hardware::configstore::V1_0::ISurfaceFlingerConfigs::startGraphicsAllocatorService retrieved: 0
09-18 07:09:53.807   221   221 I SurfaceFlinger: SurfaceFlinger is starting
09-18 07:09:53.808   172   172 W /system/bin/hwservicemanager: getTransportFromManifest: Cannot find entry android.hardware.configstore@1.0::ISurfaceFlingerConfigs in either framework or device manifest, using default transport.
09-18 07:09:53.809   221   221 I /system/bin/surfaceflinger: android::hardware::configstore::V1_0::ISurfaceFlingerConfigs::vsyncEventPhaseOffsetNs retrieved: 1000000 (default)
09-18 07:09:53.810   172   172 W /system/bin/hwservicemanager: getTransportFromManifest: Cannot find entry android.hardware.configstore@1.0::ISurfaceFlingerConfigs in either framework or device manifest, using default transport.
09-18 07:09:53.811   221   221 I /system/bin/surfaceflinger: android::hardware::configstore::V1_0::ISurfaceFlingerConfigs::vsyncSfEventPhaseOffsetNs retrieved: 1000000 (default)
09-18 07:09:53.812   172   172 W /system/bin/hwservicemanager: getTransportFromManifest: Cannot find entry android.hardware.configstore@1.0::ISurfaceFlingerConfigs in either framework or device manifest, using default transport.
09-18 07:09:53.813   221   221 I /system/bin/surfaceflinger: android::hardware::configstore::V1_0::ISurfaceFlingerConfigs::maxVirtualDisplaySize retrieved: 0 (default)
09-18 07:09:53.814   172   172 W /system/bin/hwservicemanager: getTransportFromManifest: Cannot find entry android.hardware.configstore@1.0::ISurfaceFlingerConfigs in either framework or device manifest, using default transport.
09-18 07:09:53.816   221   221 I /system/bin/surfaceflinger: android::hardware::configstore::V1_0::ISurfaceFlingerConfigs::hasSyncFramework retrieved: 1
09-18 07:09:53.816   172   172 W /system/bin/hwservicemanager: getTransportFromManifest: Cannot find entry android.hardware.configstore@1.0::ISurfaceFlingerConfigs in either framework or device manifest, using default transport.
09-18 07:09:53.817   221   221 I /system/bin/surfaceflinger: android::hardware::configstore::V1_0::ISurfaceFlingerConfigs::useContextPriority retrieved: 0 (default)
09-18 07:09:53.818   172   172 W /system/bin/hwservicemanager: getTransportFromManifest: Cannot find entry android.hardware.configstore@1.0::ISurfaceFlingerConfigs in either framework or device manifest, using default transport.
09-18 07:09:53.820   221   221 I /system/bin/surfaceflinger: android::hardware::configstore::V1_0::ISurfaceFlingerConfigs::presentTimeOffsetFromVSyncNs retrieved: 0
09-18 07:09:53.820   172   172 W /system/bin/hwservicemanager: getTransportFromManifest: Cannot find entry android.hardware.configstore@1.0::ISurfaceFlingerConfigs in either framework or device manifest, using default transport.
09-18 07:09:53.821   221   221 I /system/bin/surfaceflinger: android::hardware::configstore::V1_0::ISurfaceFlingerConfigs::useHwcForRGBtoYUV retrieved: 0
09-18 07:09:53.822   221   221 I /system/bin/surfaceflinger: android::hardware::configstore::V1_0::ISurfaceFlingerConfigs::maxFrameBufferAcquiredBuffers retrieved: 2 (default)
09-18 07:09:53.822   221   221 I SurfaceFlinger: Enabling HWC virtual displays
09-18 07:09:53.822   221   221 I SurfaceFlinger: Disabling Triple Buffering
09-18 07:09:53.822   221   221 I SurfaceFlinger: SurfaceFlinger's main thread ready to run. Initializing graphics H/W...
09-18 07:09:53.823   221   221 F libEGL  : couldn't find an OpenGL ES implementation
09-18 07:09:53.824   221   221 F libc    : Fatal signal 6 (SIGABRT), code -6 in tid 221 (surfaceflinger)
09-18 07:09:53.861   229   229 I crash_dump32: obtaining output fd from tombstoned
09-18 07:09:53.861   229   229 E libc    : failed to connect to tombstoned: No such file or directory
09-18 07:09:53.861   229   229 I crash_dump32: performing dump of process 221 (target tid = 221)
09-18 07:09:53.861   221   221 F libc    : failed to resend signal during crash: Operation not permitted
09-18 07:09:54.858   220   220 W app_process: type=1400 audit(0.0:53): avc: granted { read } for name="online" dev="sysfs" ino=34 scontext=u:r:zygote:s0 tcontext=u:object_r:sysfs:s0 tclass=file
09-18 07:09:54.858   220   220 W app_process: type=1400 audit(0.0:54): avc: granted { read open } for name="online" dev="sysfs" ino=34 scontext=u:r:zygote:s0 tcontext=u:object_r:sysfs:s0 tclass=file
09-18 07:09:54.858   220   220 W app_process: type=1400 audit(0.0:55): avc: granted { getattr } for path="/sys/devices/system/cpu/online" dev="sysfs" ino=34 scontext=u:r:zygote:s0 tcontext=u:object_r:sysfs:s0 tclass=file
09-18 07:09:54.899   220   220 D AndroidRuntime: >>>>>> START com.android.internal.os.ZygoteInit uid 0 <<<<<<
09-18 07:09:54.975   220   220 I zygote  : option[0]=-Xzygote
09-18 07:09:54.976   220   220 I zygote  : option[1]=-Xstacktracefile:/data/anr/traces.txt
09-18 07:09:54.976   220   220 I zygote  : option[2]=exit
09-18 07:09:54.976   220   220 I zygote  : option[3]=vfprintf
09-18 07:09:54.976   220   220 I zygote  : option[4]=sensitiveThread
09-18 07:09:54.976   220   220 I zygote  : option[5]=-verbose:gc
09-18 07:09:54.976   220   220 I zygote  : option[6]=-Xms8m
09-18 07:09:54.976   220   220 I zygote  : option[7]=-Xmx512m
09-18 07:09:54.976   220   220 I zygote  : option[8]=-XX:HeapGrowthLimit=192m
09-18 07:09:54.976   220   220 I zygote  : option[9]=-XX:HeapMinFree=512k
09-18 07:09:54.976   220   220 I zygote  : option[10]=-XX:HeapMaxFree=8m
09-18 07:09:54.976   220   220 I zygote  : option[11]=-XX:HeapTargetUtilization=0.75
09-18 07:09:54.976   220   220 I zygote  : option[12]=-Xusejit:true
09-18 07:09:54.976   220   220 I zygote  : option[13]=-Xjitsaveprofilinginfo
09-18 07:09:54.976   220   220 I zygote  : option[14]=-agentlib:jdwp=transport=dt_android_adb,suspend=n,server=y
09-18 07:09:54.976   220   220 I zygote  : option[15]=-Ximage-compiler-option
09-18 07:09:54.976   220   220 I zygote  : option[16]=--runtime-arg
09-18 07:09:54.976   220   220 I zygote  : option[17]=-Ximage-compiler-option
09-18 07:09:54.976   220   220 I zygote  : option[18]=-Xms64m
09-18 07:09:54.976   220   220 I zygote  : option[19]=-Ximage-compiler-option
09-18 07:09:54.976   220   220 I zygote  : option[20]=--runtime-arg
09-18 07:09:54.976   220   220 I zygote  : option[21]=-Ximage-compiler-option
09-18 07:09:54.976   220   220 I zygote  : option[22]=-Xmx64m
09-18 07:09:54.976   220   220 I zygote  : option[23]=-Ximage-compiler-option
09-18 07:09:54.976   220   220 I zygote  : option[24]=--image-classes=/system/etc/preloaded-classes
09-18 07:09:54.976   220   220 I zygote  : option[25]=-Ximage-compiler-option
09-18 07:09:54.976   220   220 I zygote  : option[26]=--compiled-classes=/system/etc/compiled-classes
09-18 07:09:54.977   220   220 I zygote  : option[27]=-Xcompiler-option
09-18 07:09:54.977   220   220 I zygote  : option[28]=--runtime-arg
09-18 07:09:54.977   220   220 I zygote  : option[29]=-Xcompiler-option
09-18 07:09:54.977   220   220 I zygote  : option[30]=-Xms64m
09-18 07:09:54.977   220   220 I zygote  : option[31]=-Xcompiler-option
09-18 07:09:54.977   220   220 I zygote  : option[32]=--runtime-arg
09-18 07:09:54.977   220   220 I zygote  : option[33]=-Xcompiler-option
09-18 07:09:54.977   220   220 I zygote  : option[34]=-Xmx512m
09-18 07:09:54.977   220   220 I zygote  : option[35]=-Ximage-compiler-option
09-18 07:09:54.977   220   220 I zygote  : option[36]=--instruction-set-variant=krait
09-18 07:09:54.977   220   220 I zygote  : option[37]=-Xcompiler-option
09-18 07:09:54.977   220   220 I zygote  : option[38]=--instruction-set-variant=krait
09-18 07:09:54.977   220   220 I zygote  : option[39]=-Ximage-compiler-option
09-18 07:09:54.977   220   220 I zygote  : option[40]=--instruction-set-features=default
09-18 07:09:54.977   220   220 I zygote  : option[41]=-Xcompiler-option
09-18 07:09:54.977   220   220 I zygote  : option[42]=--instruction-set-features=default
09-18 07:09:54.977   220   220 I zygote  : option[43]=-Duser.locale=en-US
09-18 07:09:54.977   220   220 I zygote  : option[44]=--cpu-abilist=armeabi-v7a,armeabi
09-18 07:09:54.977   220   220 I zygote  : option[45]=-Xfingerprint:google/mako/mako:7.1.2/NJH47F/4146041:user/release-keys
09-18 07:09:54.998   220   220 I zygote  : Pruning dalvik-cache since we are relocating an image and will need to recompile
09-18 07:09:54.998   220   220 I zygote  : RelocateImage: /system/bin/patchoat --input-image-location=/system/framework/boot.art --output-image-file=/data/dalvik-cache/arm/system@framework@boot.art --instruction-set=arm --base-offset-delta=-12472320
09-18 07:09:55.028   230   230 W patchoat: type=1400 audit(0.0:56): avc: granted { read } for name="online" dev="sysfs" ino=34 scontext=u:r:zygote:s0 tcontext=u:object_r:sysfs:s0 tclass=file
09-18 07:09:55.028   230   230 W patchoat: type=1400 audit(0.0:57): avc: granted { read open } for name="online" dev="sysfs" ino=34 scontext=u:r:zygote:s0 tcontext=u:object_r:sysfs:s0 tclass=file
09-18 07:09:55.028   230   230 W patchoat: type=1400 audit(0.0:58): avc: granted { getattr } for path="/sys/devices/system/cpu/online" dev="sysfs" ino=34 scontext=u:r:zygote:s0 tcontext=u:object_r:sysfs:s0 tclass=file
09-18 07:09:58.127   220   220 I SamplingProfilerIntegration: Profiling disabled.
09-18 07:09:58.131   220   220 D Zygote  : begin preload
09-18 07:09:58.131   220   220 I Zygote  : Installing ICU cache reference pinning...
09-18 07:09:58.131   220   220 I Zygote  : Preloading ICU data...
09-18 07:09:58.244   220   220 I Zygote  : Preloading classes...
09-18 07:09:58.992   238   238 W netd    : type=1400 audit(0.0:59): avc: granted { getattr } for path="/vendor" dev="rootfs" ino=4768 scontext=u:r:netd:s0 tcontext=u:object_r:rootfs:s0 tclass=lnk_file
09-18 07:09:59.083   239   239 I wificond: wificond is starting up...
09-18 07:09:59.104   238   238 I Netd    : Netd 1.0 starting
09-18 07:09:59.104   238   238 D TetherController: Setting IP forward enable = 0
09-18 07:09:59.122   242   242 W iptables-restor: type=1400 audit(0.0:60): avc: granted { getattr } for path="/vendor" dev="rootfs" ino=4768 scontext=u:r:netd:s0 tcontext=u:object_r:rootfs:s0 tclass=lnk_file
09-18 07:09:59.176   172   172 W /system/bin/hwservicemanager: getTransportFromManifest: Cannot find entry android.hardware.configstore@1.0::ISurfaceFlingerConfigs in either framework or device manifest, using default transport.
09-18 07:09:59.177   241   241 I /system/bin/surfaceflinger: android::hardware::configstore::V1_0::ISurfaceFlingerConfigs::maxFrameBufferAcquiredBuffers retrieved: 2 (default)
09-18 07:09:59.179   172   172 W /system/bin/hwservicemanager: getTransportFromManifest: Cannot find entry android.hardware.configstore@1.0::ISurfaceFlingerConfigs in either framework or device manifest, using default transport.
09-18 07:09:59.180   241   241 I /system/bin/surfaceflinger: android::hardware::configstore::V1_0::ISurfaceFlingerConfigs::startGraphicsAllocatorService retrieved: 0
09-18 07:09:59.182   243   243 W ip6tables-resto: type=1400 audit(0.0:61): avc: granted { getattr } for path="/vendor" dev="rootfs" ino=4768 scontext=u:r:netd:s0 tcontext=u:object_r:rootfs:s0 tclass=lnk_file
09-18 07:09:59.182   241   241 I SurfaceFlinger: SurfaceFlinger is starting
09-18 07:09:59.183   172   172 W /system/bin/hwservicemanager: getTransportFromManifest: Cannot find entry android.hardware.configstore@1.0::ISurfaceFlingerConfigs in either framework or device manifest, using default transport.
09-18 07:09:59.184   241   241 I /system/bin/surfaceflinger: android::hardware::configstore::V1_0::ISurfaceFlingerConfigs::vsyncEventPhaseOffsetNs retrieved: 1000000 (default)
09-18 07:09:59.185   172   172 W /system/bin/hwservicemanager: getTransportFromManifest: Cannot find entry android.hardware.configstore@1.0::ISurfaceFlingerConfigs in either framework or device manifest, using default transport.
09-18 07:09:59.186   241   241 I /system/bin/surfaceflinger: android::hardware::configstore::V1_0::ISurfaceFlingerConfigs::vsyncSfEventPhaseOffsetNs retrieved: 1000000 (default)
09-18 07:09:59.186   172   172 W /system/bin/hwservicemanager: getTransportFromManifest: Cannot find entry android.hardware.configstore@1.0::ISurfaceFlingerConfigs in either framework or device manifest, using default transport.
09-18 07:09:59.188   241   241 I /system/bin/surfaceflinger: android::hardware::configstore::V1_0::ISurfaceFlingerConfigs::maxVirtualDisplaySize retrieved: 0 (default)
09-18 07:09:59.189   172   172 W /system/bin/hwservicemanager: getTransportFromManifest: Cannot find entry android.hardware.configstore@1.0::ISurfaceFlingerConfigs in either framework or device manifest, using default transport.
09-18 07:09:59.190   241   241 I /system/bin/surfaceflinger: android::hardware::configstore::V1_0::ISurfaceFlingerConfigs::hasSyncFramework retrieved: 1
09-18 07:09:59.191   172   172 W /system/bin/hwservicemanager: getTransportFromManifest: Cannot find entry android.hardware.configstore@1.0::ISurfaceFlingerConfigs in either framework or device manifest, using default transport.
09-18 07:09:59.192   241   241 I /system/bin/surfaceflinger: android::hardware::configstore::V1_0::ISurfaceFlingerConfigs::useContextPriority retrieved: 0 (default)
09-18 07:09:59.193   172   172 W /system/bin/hwservicemanager: getTransportFromManifest: Cannot find entry android.hardware.configstore@1.0::ISurfaceFlingerConfigs in either framework or device manifest, using default transport.
09-18 07:09:59.194   241   241 I /system/bin/surfaceflinger: android::hardware::configstore::V1_0::ISurfaceFlingerConfigs::presentTimeOffsetFromVSyncNs retrieved: 0
09-18 07:09:59.194   172   172 W /system/bin/hwservicemanager: getTransportFromManifest: Cannot find entry android.hardware.configstore@1.0::ISurfaceFlingerConfigs in either framework or device manifest, using default transport.
09-18 07:09:59.195   241   241 I /system/bin/surfaceflinger: android::hardware::configstore::V1_0::ISurfaceFlingerConfigs::useHwcForRGBtoYUV retrieved: 0
09-18 07:09:59.195   241   241 I /system/bin/surfaceflinger: android::hardware::configstore::V1_0::ISurfaceFlingerConfigs::maxFrameBufferAcquiredBuffers retrieved: 2 (default)
09-18 07:09:59.195   241   241 I SurfaceFlinger: Enabling HWC virtual displays
09-18 07:09:59.195   241   241 I SurfaceFlinger: Disabling Triple Buffering
09-18 07:09:59.196   241   241 I SurfaceFlinger: SurfaceFlinger's main thread ready to run. Initializing graphics H/W...
09-18 07:09:59.196   241   241 F libEGL  : couldn't find an OpenGL ES implementation
09-18 07:09:59.196   241   241 F libc    : Fatal signal 6 (SIGABRT), code -6 in tid 241 (surfaceflinger)
09-18 07:09:59.212   249   249 I crash_dump32: type=1400 audit(0.0:62): avc: denied { read } for name="online" dev="sysfs" ino=34 scontext=u:r:crash_dump:s0 tcontext=u:object_r:sysfs:s0 tclass=file permissive=1
09-18 07:09:59.212   249   249 I crash_dump32: type=1400 audit(0.0:63): avc: denied { open } for name="online" dev="sysfs" ino=34 scontext=u:r:crash_dump:s0 tcontext=u:object_r:sysfs:s0 tclass=file permissive=1
09-18 07:09:59.212   249   249 I crash_dump32: type=1400 audit(0.0:64): avc: denied { getattr } for path="/sys/devices/system/cpu/online" dev="sysfs" ino=34 scontext=u:r:crash_dump:s0 tcontext=u:object_r:sysfs:s0 tclass=file permissive=1
09-18 07:09:59.232   250   250 W iptables: type=1400 audit(0.0:65): avc: granted { getattr } for path="/vendor" dev="rootfs" ino=4768 scontext=u:r:netd:s0 tcontext=u:object_r:rootfs:s0 tclass=lnk_file
09-18 07:09:59.243   251   251 I crash_dump32: obtaining output fd from tombstoned
09-18 07:09:59.243   251   251 E libc    : failed to connect to tombstoned: No such file or directory
09-18 07:09:59.243   251   251 I crash_dump32: performing dump of process 241 (target tid = 241)
09-18 07:09:59.243   241   241 F libc    : failed to resend signal during crash: Operation not permitted
09-18 07:09:59.263   252   252 W ip6tables: type=1400 audit(0.0:66): avc: granted { getattr } for path="/vendor" dev="rootfs" ino=4768 scontext=u:r:netd:s0 tcontext=u:object_r:rootfs:s0 tclass=lnk_file
09-18 07:09:59.323   253   253 W iptables: type=1400 audit(0.0:67): avc: granted { getattr } for path="/vendor" dev="rootfs" ino=4768 scontext=u:r:netd:s0 tcontext=u:object_r:rootfs:s0 tclass=lnk_file
09-18 07:09:59.363   254   254 W ip6tables: type=1400 audit(0.0:68): avc: granted { getattr } for path="/vendor" dev="rootfs" ino=4768 scontext=u:r:netd:s0 tcontext=u:object_r:rootfs:s0 tclass=lnk_file
09-18 07:09:59.393   235   235 I audioserver: type=1400 audit(0.0:69): avc: denied { read } for name="online" dev="sysfs" ino=34 scontext=u:r:audioserver:s0 tcontext=u:object_r:sysfs:s0 tclass=file permissive=1
09-18 07:09:59.393   235   235 I audioserver: type=1400 audit(0.0:70): avc: denied { open } for name="online" dev="sysfs" ino=34 scontext=u:r:audioserver:s0 tcontext=u:object_r:sysfs:s0 tclass=file permissive=1
09-18 07:09:59.393   235   235 I audioserver: type=1400 audit(0.0:71): avc: denied { getattr } for path="/sys/devices/system/cpu/online" dev="sysfs" ino=34 scontext=u:r:audioserver:s0 tcontext=u:object_r:sysfs:s0 tclass=file permissive=1
09-18 07:09:59.403   255   255 W iptables: type=1400 audit(0.0:72): avc: granted { getattr } for path="/vendor" dev="rootfs" ino=4768 scontext=u:r:netd:s0 tcontext=u:object_r:rootfs:s0 tclass=lnk_file
09-18 07:09:59.411   235   235 I FastMixerState: sMaxFastTracks = 8
09-18 07:09:59.412   235   235 I audioserver: ServiceManager: 0xacc974c0
09-18 07:09:59.413   235   235 W BatteryNotifier: batterystats service unavailable!
09-18 07:09:59.414   172   172 W /system/bin/hwservicemanager: getTransportFromManifest: Cannot find entry android.hardware.audio@2.0::IDevicesFactory in either framework or device manifest, using default transport.
09-18 07:09:59.423   256   256 W ip6tables: type=1400 audit(0.0:73): avc: granted { getattr } for path="/vendor" dev="rootfs" ino=4768 scontext=u:r:netd:s0 tcontext=u:object_r:rootfs:s0 tclass=lnk_file
09-18 07:09:59.443   257   257 W iptables: type=1400 audit(0.0:74): avc: granted { getattr } for path="/vendor" dev="rootfs" ino=4768 scontext=u:r:netd:s0 tcontext=u:object_r:rootfs:s0 tclass=lnk_file
09-18 07:09:59.452   172   172 W /system/bin/hwservicemanager: getTransportFromManifest: Cannot find entry android.hardware.audio.effect@2.0::IEffectsFactory in either framework or device manifest, using default transport.
09-18 07:09:59.466   235   235 I AudioFlinger: Using default 3000 mSec as standby time.
09-18 07:09:59.483   264   264 W ip6tables: type=1400 audit(0.0:75): avc: granted { getattr } for path="/vendor" dev="rootfs" ino=4768 scontext=u:r:netd:s0 tcontext=u:object_r:rootfs:s0 tclass=lnk_file
09-18 07:09:59.485   235   235 I APM::ConfigParsingUtils: loadAudioPolicyConfig() loaded /system/etc/audio_policy.conf
09-18 07:09:59.486   235   235 I vndksupport: sphal namespace is not configured for this process. Loading /vendor/lib/hw/audio.primary.msm8960.so from the current namespace instead.
09-18 07:09:59.512   235   235 D audio_hw_primary: adev_open: enter
09-18 07:09:59.514   237   237 I mediaserver: ServiceManager: 0xb2f17560
09-18 07:09:59.515   237   237 W BatteryNotifier: batterystats service unavailable!
09-18 07:09:59.523   267   267 W iptables: type=1400 audit(0.0:76): avc: granted { getattr } for path="/vendor" dev="rootfs" ino=4768 scontext=u:r:netd:s0 tcontext=u:object_r:rootfs:s0 tclass=lnk_file
09-18 07:09:59.533   236   236 I cameraserver: type=1400 audit(0.0:77): avc: denied { read } for name="online" dev="sysfs" ino=34 scontext=u:r:cameraserver:s0 tcontext=u:object_r:sysfs:s0 tclass=file permissive=1
09-18 07:09:59.533   236   236 I cameraserver: type=1400 audit(0.0:78): avc: denied { open } for name="online" dev="sysfs" ino=34 scontext=u:r:cameraserver:s0 tcontext=u:object_r:sysfs:s0 tclass=file permissive=1
09-18 07:09:59.533   236   236 I cameraserver: type=1400 audit(0.0:79): avc: denied { getattr } for path="/sys/devices/system/cpu/online" dev="sysfs" ino=34 scontext=u:r:cameraserver:s0 tcontext=u:object_r:sysfs:s0 tclass=file permissive=1
09-18 07:09:59.543   269   269 W ip6tables: type=1400 audit(0.0:80): avc: granted { getattr } for path="/vendor" dev="rootfs" ino=4768 scontext=u:r:netd:s0 tcontext=u:object_r:rootfs:s0 tclass=lnk_file
09-18 07:09:59.545   236   236 I cameraserver: ServiceManager: 0xaeb17500
09-18 07:09:59.545   236   236 I CameraService: CameraService started (pid=236)
09-18 07:09:59.546   236   236 I CameraService: CameraService process starting
09-18 07:09:59.546   236   236 W BatteryNotifier: batterystats service unavailable!
09-18 07:09:59.546   236   236 W BatteryNotifier: batterystats service unavailable!
09-18 07:09:59.548   172   172 W /system/bin/hwservicemanager: getTransportFromManifest: Cannot find entry android.hardware.camera.provider@2.4::ICameraProvider in either framework or device manifest, using default transport.
09-18 07:09:59.563   272   272 W iptables: type=1400 audit(0.0:81): avc: granted { getattr } for path="/vendor" dev="rootfs" ino=4768 scontext=u:r:netd:s0 tcontext=u:object_r:rootfs:s0 tclass=lnk_file
09-18 07:09:59.571   236   236 E CamProvider@2.4-impl: Could not load camera HAL module: -2 (No such file or directory)
09-18 07:09:59.571   236   236 E CamProvider@2.4-impl: HIDL_FETCH_ICameraProvider: camera provider init failed!
09-18 07:09:59.583   274   274 W ip6tables: type=1400 audit(0.0:82): avc: granted { getattr } for path="/vendor" dev="rootfs" ino=4768 scontext=u:r:netd:s0 tcontext=u:object_r:rootfs:s0 tclass=lnk_file
09-18 07:09:59.592   235   235 E audio_route: unknown enum value string Off for ctl TTY Mode
09-18 07:09:59.599   235   235 E msm8960_platform: platform_init: DLOPEN failed for libacdbloader.so
09-18 07:09:59.600   235   235 E msm8960_platform: platform_init: DLOPEN failed for libcsd-client.so
09-18 07:09:59.600   235   235 E ext_speaker: open_speaker_bundle: DLOPEN failed for /vendor/lib/soundfx/libspeakerbundle.so
09-18 07:09:59.601   235   235 W audio_hw_primary: adev_open: DLOPEN failed for /vendor/lib/soundfx/libqcomvisualizer.so
09-18 07:09:59.601   235   235 W audio_hw_primary: adev_open: DLOPEN failed for /vendor/lib/soundfx/libqcompostprocbundle.so
09-18 07:09:59.601   235   235 W audio_hw_primary: adev_open: DLOPEN failed for libadm.so
09-18 07:09:59.601   235   235 E audio_hw_utils: audio_extn_utils_send_default_app_type_cfg: Could not get ctl for mixer cmd - App Type Config
09-18 07:09:59.601   235   235 D audio_hw_primary: adev_open: exit
09-18 07:09:59.602   235   235 W DeviceHAL: Device 0xaccdf300 get_master_volume: Function not implemented
09-18 07:09:59.602   235   235 W DeviceHAL: Device 0xaccdf300 get_master_mute: Function not implemented
09-18 07:09:59.602   235   235 W DeviceHAL: Device 0xaccdf300 set_master_volume: Function not implemented
09-18 07:09:59.602   235   235 W DeviceHAL: Device 0xaccdf300 set_master_mute: Function not implemented
09-18 07:09:59.602   235   235 I AudioFlinger: loadHwModule() Loaded primary audio interface, handle 10
09-18 07:09:59.602   235   235 I AudioFlinger: openOutput() this 0xaccbd000, module 10 Device 2, SamplingRate 48000, Format 0x000001, Channels 3, flags 2
09-18 07:09:59.603   275   275 W iptables: type=1400 audit(0.0:83): avc: granted { getattr } for path="/vendor" dev="rootfs" ino=4768 scontext=u:r:netd:s0 tcontext=u:object_r:rootfs:s0 tclass=lnk_file
09-18 07:09:59.603   235   235 I AudioFlinger: HAL output buffer size 240 frames, normal sink buffer size 960 frames
09-18 07:09:59.604   172   172 W /system/bin/hwservicemanager: getTransportFromManifest: Cannot find entry android.hardware.audio.effect@2.0::IEffectsFactory in either framework or device manifest, using default transport.
09-18 07:09:59.613   279   279 W ip6tables: type=1400 audit(0.0:84): avc: granted { getattr } for path="/vendor" dev="rootfs" ino=4768 scontext=u:r:netd:s0 tcontext=u:object_r:rootfs:s0 tclass=lnk_file
09-18 07:09:59.620   235   235 E voice_processing: init: can't find /system/lib/soundfx/libqcomvoiceprocessingdescriptors.so
09-18 07:09:59.620   235   235 I BufferProvider: found effect "Multichannel Downmix To Stereo" from The Android Open Source Project
09-18 07:09:59.621   235   235 I AudioFlinger: Using module 10 as the primary audio interface
09-18 07:09:59.621   235   235 W AudioFlinger: moveEffects() bad srcOutput 0
09-18 07:09:59.622   235   281 I AudioFlinger: AudioFlinger's thread 0xabe86b00 tid=281 ready to run
09-18 07:09:59.622   235   281 W AudioFlinger: no wake lock to update, system not ready yet
09-18 07:09:59.622   235   281 D audio_hw_primary: out_set_parameters: enter: usecase(1: low-latency-playback) kvpairs: routing=2
09-18 07:09:59.623   235   281 W AudioFlinger: no wake lock to update, system not ready yet
09-18 07:09:59.624   235   235 I AudioFlinger: openOutput() this 0xaccbd000, module 10 Device 2, SamplingRate 48000, Format 0x000001, Channels 3, flags 8
09-18 07:09:59.624   235   235 I AudioFlinger: HAL output buffer size 960 frames, normal sink buffer size 960 frames
09-18 07:09:59.624   235   283 I AudioFlinger: AudioFlinger's thread 0xabc83c80 tid=283 ready to run
09-18 07:09:59.625   235   283 W AudioFlinger: no wake lock to update, system not ready yet
09-18 07:09:59.625   235   283 W AudioFlinger: no wake lock to update, system not ready yet
09-18 07:09:59.625   235   283 D audio_hw_primary: out_set_parameters: enter: usecase(0: deep-buffer-playback) kvpairs: routing=2
09-18 07:09:59.627   235   285 I AudioFlinger: AudioFlinger's thread 0xab583500 tid=285 ready to run
09-18 07:09:59.637   238   238 I Netd    : Creating child chains: 515.0ms
09-18 07:09:59.637   238   238 I Netd    : Setting up OEM hooks: 0.2ms
09-18 07:09:59.644   238   238 I Netd    : Setting up FirewallController hooks: 6.3ms
09-18 07:09:59.647   238   238 I Netd    : Setting up NatController hooks: 3.5ms
09-18 07:09:59.651   238   238 I Netd    : Setting up BandwidthController hooks: 3.4ms
09-18 07:09:59.651   238   238 I Netd    : Setting up IdletimerController hooks: 0.1ms
09-18 07:09:59.655   235   235 I bt_a2dp_hw: adev_open:  adev_open in A2dp_hw module
09-18 07:09:59.655   235   235 I AudioFlinger: loadHwModule() Loaded a2dp audio interface, handle 18
09-18 07:09:59.655   235   235 I vndksupport: sphal namespace is not configured for this process. Loading /vendor/lib/hw/audio.usb.default.so from the current namespace instead.
09-18 07:09:59.657   238   238 I Netd    : Disabling bandwidth control: 6.7ms
09-18 07:09:59.659   235   235 I AudioFlinger: loadHwModule() Loaded usb audio interface, handle 26
09-18 07:09:59.660   235   235 I vndksupport: sphal namespace is not configured for this process. Loading /vendor/lib/hw/audio.r_submix.default.so from the current namespace instead.
09-18 07:09:59.661   238   238 I Netd    : Initializing RouteController: 3.5ms
09-18 07:09:59.662   235   235 I r_submix: adev_open(name=audio_hw_if)
09-18 07:09:59.663   235   235 I r_submix: adev_init_check()
09-18 07:09:59.663   238   238 D MDnsDS  : MDnsSdListener::Hander starting up
09-18 07:09:59.663   235   235 W DeviceHAL: Device 0xab583800 set_master_mute: Function not implemented
09-18 07:09:59.663   235   235 I AudioFlinger: loadHwModule() Loaded r_submix audio interface, handle 34
09-18 07:09:59.663   235   235 D r_submix: adev_open_input_stream(addr=0)
09-18 07:09:59.663   238   293 D MDnsDS  : MDnsSdListener starting to monitor
09-18 07:09:59.663   238   293 D MDnsDS  : Going to poll with pollCount 1
09-18 07:09:59.663   235   235 D r_submix: submix_audio_device_create_pipe_l(addr=0, idx=9)
09-18 07:09:59.663   235   235 D r_submix:   now using address 0 for route 9
09-18 07:09:59.664   235   297 I AudioFlinger: AudioFlinger's thread 0xab59c840 tid=297 ready to run
09-18 07:09:59.664   235   235 D r_submix: adev_close_input_stream()
09-18 07:09:59.664   235   235 D r_submix: submix_audio_device_release_pipe_l(idx=9) addr=0
09-18 07:09:59.664   235   235 D r_submix: submix_audio_device_destroy_pipe_l(): pipe destroyed
09-18 07:09:59.664   238   238 I Netd    : Registering NetdNativeService: 1.3ms
09-18 07:09:59.665   238   238 I Netd    : Starting CommandListener: 0.2ms
09-18 07:09:59.665   238   238 I Netd    : Netd started in 562ms
09-18 07:09:59.666   235   235 I RadioService: RadioService
09-18 07:09:59.666   235   235 I RadioService: onFirstRef
09-18 07:09:59.666   172   172 W /system/bin/hwservicemanager: getTransportFromManifest: Cannot find entry android.hardware.broadcastradio@1.0::IBroadcastRadioFactory in either framework or device manifest, using default transport.
09-18 07:09:59.667   235   235 E RadioService: could not read implementation properties
09-18 07:09:59.668   172   172 W /system/bin/hwservicemanager: getTransportFromManifest: Cannot find entry android.hardware.soundtrigger@2.0::ISoundTriggerHw in either framework or device manifest, using default transport.
09-18 07:09:59.669   235   235 E SoundTriggerHwService: could not read implementation properties
09-18 07:09:59.963   240   240 W app_process: type=1400 audit(0.0:85): avc: granted { read } for name="online" dev="sysfs" ino=34 scontext=u:r:zygote:s0 tcontext=u:object_r:sysfs:s0 tclass=file
09-18 07:09:59.963   240   240 W app_process: type=1400 audit(0.0:86): avc: granted { read open } for name="online" dev="sysfs" ino=34 scontext=u:r:zygote:s0 tcontext=u:object_r:sysfs:s0 tclass=file
09-18 07:09:59.963   240   240 W app_process: type=1400 audit(0.0:87): avc: granted { getattr } for path="/sys/devices/system/cpu/online" dev="sysfs" ino=34 scontext=u:r:zygote:s0 tcontext=u:object_r:sysfs:s0 tclass=file
09-18 07:09:59.998   240   240 D AndroidRuntime: >>>>>> START com.android.internal.os.ZygoteInit uid 0 <<<<<<
09-18 07:10:00.007   240   240 I zygote  : option[0]=-Xzygote
09-18 07:10:00.007   240   240 I zygote  : option[1]=-Xstacktracefile:/data/anr/traces.txt
09-18 07:10:00.007   240   240 I zygote  : option[2]=exit
09-18 07:10:00.007   240   240 I zygote  : option[3]=vfprintf
09-18 07:10:00.007   240   240 I zygote  : option[4]=sensitiveThread
09-18 07:10:00.007   240   240 I zygote  : option[5]=-verbose:gc
09-18 07:10:00.008   240   240 I zygote  : option[6]=-Xms8m
09-18 07:10:00.008   240   240 I zygote  : option[7]=-Xmx512m
09-18 07:10:00.008   240   240 I zygote  : option[8]=-XX:HeapGrowthLimit=192m
09-18 07:10:00.008   240   240 I zygote  : option[9]=-XX:HeapMinFree=512k
09-18 07:10:00.008   240   240 I zygote  : option[10]=-XX:HeapMaxFree=8m
09-18 07:10:00.008   240   240 I zygote  : option[11]=-XX:HeapTargetUtilization=0.75
09-18 07:10:00.008   240   240 I zygote  : option[12]=-Xusejit:true
09-18 07:10:00.008   240   240 I zygote  : option[13]=-Xjitsaveprofilinginfo
09-18 07:10:00.008   240   240 I zygote  : option[14]=-agentlib:jdwp=transport=dt_android_adb,suspend=n,server=y
09-18 07:10:00.008   240   240 I zygote  : option[15]=-Ximage-compiler-option
09-18 07:10:00.008   240   240 I zygote  : option[16]=--runtime-arg
09-18 07:10:00.008   240   240 I zygote  : option[17]=-Ximage-compiler-option
09-18 07:10:00.008   240   240 I zygote  : option[18]=-Xms64m
09-18 07:10:00.008   240   240 I zygote  : option[19]=-Ximage-compiler-option
09-18 07:10:00.008   240   240 I zygote  : option[20]=--runtime-arg
09-18 07:10:00.008   240   240 I zygote  : option[21]=-Ximage-compiler-option
09-18 07:10:00.008   240   240 I zygote  : option[22]=-Xmx64m
09-18 07:10:00.008   240   240 I zygote  : option[23]=-Ximage-compiler-option
09-18 07:10:00.008   240   240 I zygote  : option[24]=--image-classes=/system/etc/preloaded-classes
09-18 07:10:00.008   240   240 I zygote  : option[25]=-Ximage-compiler-option
09-18 07:10:00.008   240   240 I zygote  : option[26]=--compiled-classes=/system/etc/compiled-classes
09-18 07:10:00.008   240   240 I zygote  : option[27]=-Xcompiler-option
09-18 07:10:00.008   240   240 I zygote  : option[28]=--runtime-arg
09-18 07:10:00.008   240   240 I zygote  : option[29]=-Xcompiler-option
09-18 07:10:00.008   240   240 I zygote  : option[30]=-Xms64m
09-18 07:10:00.008   240   240 I zygote  : option[31]=-Xcompiler-option
09-18 07:10:00.008   240   240 I zygote  : option[32]=--runtime-arg
09-18 07:10:00.008   240   240 I zygote  : option[33]=-Xcompiler-option
09-18 07:10:00.008   240   240 I zygote  : option[34]=-Xmx512m
09-18 07:10:00.009   240   240 I zygote  : option[35]=-Ximage-compiler-option
09-18 07:10:00.009   240   240 I zygote  : option[36]=--instruction-set-variant=krait
09-18 07:10:00.009   240   240 I zygote  : option[37]=-Xcompiler-option
09-18 07:10:00.009   240   240 I zygote  : option[38]=--instruction-set-variant=krait
09-18 07:10:00.009   240   240 I zygote  : option[39]=-Ximage-compiler-option
09-18 07:10:00.009   240   240 I zygote  : option[40]=--instruction-set-features=default
09-18 07:10:00.009   240   240 I zygote  : option[41]=-Xcompiler-option
09-18 07:10:00.009   240   240 I zygote  : option[42]=--instruction-set-features=default
09-18 07:10:00.009   240   240 I zygote  : option[43]=-Duser.locale=en-US
09-18 07:10:00.009   240   240 I zygote  : option[44]=--cpu-abilist=armeabi-v7a,armeabi
09-18 07:10:00.009   240   240 I zygote  : option[45]=-Xfingerprint:google/mako/mako:7.1.2/NJH47F/4146041:user/release-keys
09-18 07:10:00.318   240   240 I SamplingProfilerIntegration: Profiling disabled.
09-18 07:10:00.318   240   240 D Zygote  : begin preload
09-18 07:10:00.318   240   240 I Zygote  : Installing ICU cache reference pinning...
09-18 07:10:00.318   240   240 I Zygote  : Preloading ICU data...
09-18 07:10:00.335   240   240 I Zygote  : Preloading classes...
09-18 07:10:00.608   240   240 E ActivityRecognitionHardware: activity_recognition HAL is deprecated. class_init is effectively a no-op
09-18 07:10:00.670   240   240 I zygote  : Thread[1,tid=240,Native,Thread*=0xa5884000,peer=0x12c01c68,"main"] recursive attempt to load library "/system/lib/libmedia_jni.so"
09-18 07:10:00.671   240   240 D MtpDeviceJNI: register_android_mtp_MtpDevice
09-18 07:10:00.671   240   240 I zygote  : Thread[1,tid=240,Native,Thread*=0xa5884000,peer=0x12c01c68,"main"] recursive attempt to load library "/system/lib/libmedia_jni.so"
09-18 07:10:00.671   240   240 I zygote  : Thread[1,tid=240,Native,Thread*=0xa5884000,peer=0x12c01c68,"main"] recursive attempt to load library "/system/lib/libmedia_jni.so"
09-18 07:10:00.834   240   240 W main    : type=1400 audit(0.0:88): avc: granted { read } for name="cpu" dev="sysfs" ino=32 scontext=u:r:zygote:s0 tcontext=u:object_r:sysfs:s0 tclass=dir
