09-18 07:10:00.834   240   240 W main    : type=1400 audit(0.0:89): avc: granted { read open } for name="cpu" dev="sysfs" ino=32 scontext=u:r:zygote:s0 tcontext=u:object_r:sysfs:s0 tclass=dir
09-18 07:10:00.961   240   240 I System  : Loaded time zone names for "" in 96ms (95ms in ICU)
09-18 07:10:01.006   240   240 I System  : Loaded time zone names for "en_US" in 44ms (43ms in ICU)
09-18 07:10:01.027   240   240 I Zygote  : ...preloaded 4570 classes in 691ms.
09-18 07:10:01.027   240   240 I zygote  : VMRuntime.preloadDexCaches starting
09-18 07:10:01.206   240   240 I zygote  : VMRuntime.preloadDexCaches strings total=306476 before=2962 after=2962
09-18 07:10:01.206   240   240 I zygote  : VMRuntime.preloadDexCaches types total=26177 before=2681 after=3314
09-18 07:10:01.206   240   240 I zygote  : VMRuntime.preloadDexCaches fields total=123826 before=2155 after=1211
09-18 07:10:01.206   240   240 I zygote  : VMRuntime.preloadDexCaches methods total=219886 before=87630 after=87729
09-18 07:10:01.206   240   240 I zygote  : VMRuntime.preloadDexCaches finished
09-18 07:10:01.467   240   240 I Zygote  : Preloading resources...
09-18 07:10:01.510   240   240 W Resources: Preloaded drawable resource #0x1080257 (android:drawable/dialog_background_material) that varies with configuration!!
09-18 07:10:01.517   240   240 W Resources: Preloaded color resource #0x10600de (android:color/material_grey_800) that varies with configuration!!
09-18 07:10:01.517   240   240 W Resources: Preloaded drawable resource #0x10802b0 (android:drawable/floating_popup_background_dark) that varies with configuration!!
09-18 07:10:01.631   240   240 I Zygote  : ...preloaded 114 resources in 165ms.
09-18 07:10:01.639   240   240 W Resources: Preloaded color resource #0x1060036 (android:color/background_cache_hint_selector_material_dark) that varies with configuration!!
09-18 07:10:01.639   240   240 W Resources: Preloaded color resource #0x1060053 (android:color/btn_default_material_dark) that varies with configuration!!
09-18 07:10:01.641   240   240 I Zygote  : ...preloaded 41 resources in 10ms.
09-18 07:10:01.642   240   240 F libEGL  : couldn't find an OpenGL ES implementation
09-18 07:10:01.642   240   240 F libc    : Fatal signal 6 (SIGABRT), code -6 in tid 240 (main)
09-18 07:10:01.652   308   308 E libc    : failed to raise ambient capability 37: Invalid argument
09-18 07:10:01.652   308   308 E libc    : failed to raise ambient capability 38: Invalid argument
09-18 07:10:01.652   308   308 E libc    : failed to raise ambient capability 39: Invalid argument
09-18 07:10:01.652   308   308 E libc    : failed to raise ambient capability 40: Invalid argument
09-18 07:10:01.652   308   308 E libc    : failed to raise ambient capability 41: Invalid argument
09-18 07:10:01.652   308   308 E libc    : failed to raise ambient capability 42: Invalid argument
09-18 07:10:01.652   308   308 E libc    : failed to raise ambient capability 43: Invalid argument
09-18 07:10:01.653   308   308 E libc    : failed to raise ambient capability 44: Invalid argument
09-18 07:10:01.653   308   308 E libc    : failed to raise ambient capability 45: Invalid argument
09-18 07:10:01.653   308   308 E libc    : failed to raise ambient capability 46: Invalid argument
09-18 07:10:01.653   308   308 E libc    : failed to raise ambient capability 47: Invalid argument
09-18 07:10:01.653   308   308 E libc    : failed to raise ambient capability 48: Invalid argument
09-18 07:10:01.653   308   308 E libc    : failed to raise ambient capability 49: Invalid argument
09-18 07:10:01.653   308   308 E libc    : failed to raise ambient capability 50: Invalid argument
09-18 07:10:01.653   308   308 E libc    : failed to raise ambient capability 51: Invalid argument
09-18 07:10:01.653   308   308 E libc    : failed to raise ambient capability 52: Invalid argument
09-18 07:10:01.653   308   308 E libc    : failed to raise ambient capability 53: Invalid argument
09-18 07:10:01.653   308   308 E libc    : failed to raise ambient capability 54: Invalid argument
09-18 07:10:01.653   308   308 E libc    : failed to raise ambient capability 55: Invalid argument
09-18 07:10:01.653   308   308 E libc    : failed to raise ambient capability 56: Invalid argument
09-18 07:10:01.653   308   308 E libc    : failed to raise ambient capability 57: Invalid argument
09-18 07:10:01.653   308   308 E libc    : failed to raise ambient capability 58: Invalid argument
09-18 07:10:01.653   308   308 E libc    : failed to raise ambient capability 59: Invalid argument
09-18 07:10:01.653   308   308 E libc    : failed to raise ambient capability 60: Invalid argument
09-18 07:10:01.653   308   308 E libc    : failed to raise ambient capability 61: Invalid argument
09-18 07:10:01.654   308   308 E libc    : failed to raise ambient capability 62: Invalid argument
09-18 07:10:01.654   308   308 E libc    : failed to raise ambient capability 63: Invalid argument
09-18 07:10:01.734   309   309 I crash_dump32: obtaining output fd from tombstoned
09-18 07:10:01.735   309   309 E libc    : failed to connect to tombstoned: No such file or directory
09-18 07:10:01.735   309   309 I crash_dump32: performing dump of process 240 (target tid = 240)
09-18 07:10:01.735   240   240 F libc    : failed to resend signal during crash: Operation not permitted
09-18 07:10:04.340   171   171 I ServiceManager: service 'media.sound_trigger_hw' died
09-18 07:10:04.341   171   171 I ServiceManager: service 'media.radio' died
09-18 07:10:04.341   171   171 I ServiceManager: service 'media.aaudio' died
09-18 07:10:04.341   171   171 I ServiceManager: service 'media.audio_flinger' died
09-18 07:10:04.341   171   171 I ServiceManager: service 'media.audio_policy' died
09-18 07:10:04.453   171   171 I ServiceManager: service 'media.camera' died
09-18 07:10:04.473   171   171 I ServiceManager: service 'media.player' died
09-18 07:10:04.474   171   171 I ServiceManager: service 'media.resource_manager' died
09-18 07:10:05.941   171   171 I ServiceManager: service 'netd' died
09-18 07:10:06.007   171   171 I ServiceManager: service 'wificond' died
09-18 07:10:11.995   314   314 W netd    : type=1400 audit(0.0:90): avc: granted { getattr } for path="/vendor" dev="rootfs" ino=4768 scontext=u:r:netd:s0 tcontext=u:object_r:rootfs:s0 tclass=lnk_file
09-18 07:10:12.087   316   316 I wificond: wificond is starting up...
09-18 07:10:12.107   314   314 I Netd    : Netd 1.0 starting
09-18 07:10:12.108   314   314 D TetherController: Setting IP forward enable = 0
09-18 07:10:12.135   317   317 W iptables-restor: type=1400 audit(0.0:91): avc: granted { getattr } for path="/vendor" dev="rootfs" ino=4768 scontext=u:r:netd:s0 tcontext=u:object_r:rootfs:s0 tclass=lnk_file
09-18 07:10:12.155   318   318 W ip6tables-resto: type=1400 audit(0.0:92): avc: granted { getattr } for path="/vendor" dev="rootfs" ino=4768 scontext=u:r:netd:s0 tcontext=u:object_r:rootfs:s0 tclass=lnk_file
09-18 07:10:12.195   319   319 W iptables: type=1400 audit(0.0:93): avc: granted { getattr } for path="/vendor" dev="rootfs" ino=4768 scontext=u:r:netd:s0 tcontext=u:object_r:rootfs:s0 tclass=lnk_file
09-18 07:10:12.245   320   320 W ip6tables: type=1400 audit(0.0:94): avc: granted { getattr } for path="/vendor" dev="rootfs" ino=4768 scontext=u:r:netd:s0 tcontext=u:object_r:rootfs:s0 tclass=lnk_file
09-18 07:10:12.272   172   172 W /system/bin/hwservicemanager: getTransportFromManifest: Cannot find entry android.hardware.configstore@1.0::ISurfaceFlingerConfigs in either framework or device manifest, using default transport.
09-18 07:10:12.284   315   315 I /system/bin/surfaceflinger: android::hardware::configstore::V1_0::ISurfaceFlingerConfigs::maxFrameBufferAcquiredBuffers retrieved: 2 (default)
09-18 07:10:12.285   321   321 W iptables: type=1400 audit(0.0:95): avc: granted { getattr } for path="/vendor" dev="rootfs" ino=4768 scontext=u:r:netd:s0 tcontext=u:object_r:rootfs:s0 tclass=lnk_file
09-18 07:10:12.286   172   172 W /system/bin/hwservicemanager: getTransportFromManifest: Cannot find entry android.hardware.configstore@1.0::ISurfaceFlingerConfigs in either framework or device manifest, using default transport.
09-18 07:10:12.287   315   315 I /system/bin/surfaceflinger: android::hardware::configstore::V1_0::ISurfaceFlingerConfigs::startGraphicsAllocatorService retrieved: 0
09-18 07:10:12.289   315   315 I SurfaceFlinger: SurfaceFlinger is starting
09-18 07:10:12.290   172   172 W /system/bin/hwservicemanager: getTransportFromManifest: Cannot find entry android.hardware.configstore@1.0::ISurfaceFlingerConfigs in either framework or device manifest, using default transport.
09-18 07:10:12.291   315   315 I /system/bin/surfaceflinger: android::hardware::configstore::V1_0::ISurfaceFlingerConfigs::vsyncEventPhaseOffsetNs retrieved: 1000000 (default)
09-18 07:10:12.292   172   172 W /system/bin/hwservicemanager: getTransportFromManifest: Cannot find entry android.hardware.configstore@1.0::ISurfaceFlingerConfigs in either framework or device manifest, using default transport.
09-18 07:10:12.293   315   315 I /system/bin/surfaceflinger: android::hardware::configstore::V1_0::ISurfaceFlingerConfigs::vsyncSfEventPhaseOffsetNs retrieved: 1000000 (default)
09-18 07:10:12.294   172   172 W /system/bin/hwservicemanager: getTransportFromManifest: Cannot find entry android.hardware.configstore@1.0::ISurfaceFlingerConfigs in either framework or device manifest, using default transport.
09-18 07:10:12.295   315   315 I /system/bin/surfaceflinger: android::hardware::configstore::V1_0::ISurfaceFlingerConfigs::maxVirtualDisplaySize retrieved: 0 (default)
09-18 07:10:12.296   172   172 W /system/bin/hwservicemanager: getTransportFromManifest: Cannot find entry android.hardware.configstore@1.0::ISurfaceFlingerConfigs in either framework or device manifest, using default transport.
09-18 07:10:12.297   315   315 I /system/bin/surfaceflinger: android::hardware::configstore::V1_0::ISurfaceFlingerConfigs::hasSyncFramework retrieved: 1
09-18 07:10:12.298   172   172 W /system/bin/hwservicemanager: getTransportFromManifest: Cannot find entry android.hardware.configstore@1.0::ISurfaceFlingerConfigs in either framework or device manifest, using default transport.
09-18 07:10:12.300   315   315 I /system/bin/surfaceflinger: android::hardware::configstore::V1_0::ISurfaceFlingerConfigs::useContextPriority retrieved: 0 (default)
09-18 07:10:12.300   172   172 W /system/bin/hwservicemanager: getTransportFromManifest: Cannot find entry android.hardware.configstore@1.0::ISurfaceFlingerConfigs in either framework or device manifest, using default transport.
09-18 07:10:12.301   315   315 I /system/bin/surfaceflinger: android::hardware::configstore::V1_0::ISurfaceFlingerConfigs::presentTimeOffsetFromVSyncNs retrieved: 0
09-18 07:10:12.302   172   172 W /system/bin/hwservicemanager: getTransportFromManifest: Cannot find entry android.hardware.configstore@1.0::ISurfaceFlingerConfigs in either framework or device manifest, using default transport.
09-18 07:10:12.303   315   315 I /system/bin/surfaceflinger: android::hardware::configstore::V1_0::ISurfaceFlingerConfigs::useHwcForRGBtoYUV retrieved: 0
09-18 07:10:12.303   315   315 I /system/bin/surfaceflinger: android::hardware::configstore::V1_0::ISurfaceFlingerConfigs::maxFrameBufferAcquiredBuffers retrieved: 2 (default)
09-18 07:10:12.303   315   315 I SurfaceFlinger: Enabling HWC virtual displays
09-18 07:10:12.303   315   315 I SurfaceFlinger: Disabling Triple Buffering
09-18 07:10:12.304   315   315 I SurfaceFlinger: SurfaceFlinger's main thread ready to run. Initializing graphics H/W...
09-18 07:10:12.304   315   315 F libEGL  : couldn't find an OpenGL ES implementation
09-18 07:10:12.304   315   315 F libc    : Fatal signal 6 (SIGABRT), code -6 in tid 315 (surfaceflinger)
09-18 07:10:12.335   328   328 W ip6tables: type=1400 audit(0.0:96): avc: granted { getattr } for path="/vendor" dev="rootfs" ino=4768 scontext=u:r:netd:s0 tcontext=u:object_r:rootfs:s0 tclass=lnk_file
09-18 07:10:12.359   329   329 I crash_dump32: obtaining output fd from tombstoned
09-18 07:10:12.359   329   329 E libc    : failed to connect to tombstoned: No such file or directory
09-18 07:10:12.359   329   329 I crash_dump32: performing dump of process 315 (target tid = 315)
09-18 07:10:12.360   315   315 F libc    : failed to resend signal during crash: Operation not permitted
09-18 07:10:12.395   330   330 W iptables: type=1400 audit(0.0:97): avc: granted { getattr } for path="/vendor" dev="rootfs" ino=4768 scontext=u:r:netd:s0 tcontext=u:object_r:rootfs:s0 tclass=lnk_file
09-18 07:10:12.407   311   311 I FastMixerState: sMaxFastTracks = 8
09-18 07:10:12.409   311   311 I audioserver: ServiceManager: 0xb33174c0
09-18 07:10:12.409   311   311 W BatteryNotifier: batterystats service unavailable!
09-18 07:10:12.411   172   172 W /system/bin/hwservicemanager: getTransportFromManifest: Cannot find entry android.hardware.audio@2.0::IDevicesFactory in either framework or device manifest, using default transport.
09-18 07:10:12.417   172   172 W /system/bin/hwservicemanager: getTransportFromManifest: Cannot find entry android.hardware.audio.effect@2.0::IEffectsFactory in either framework or device manifest, using default transport.
09-18 07:10:12.426   311   311 I AudioFlinger: Using default 3000 mSec as standby time.
09-18 07:10:12.428   311   311 I APM::ConfigParsingUtils: loadAudioPolicyConfig() loaded /system/etc/audio_policy.conf
09-18 07:10:12.429   311   311 I vndksupport: sphal namespace is not configured for this process. Loading /vendor/lib/hw/audio.primary.msm8960.so from the current namespace instead.
09-18 07:10:12.434   311   311 D audio_hw_primary: adev_open: enter
09-18 07:10:12.435   338   338 W ip6tables: type=1400 audit(0.0:98): avc: granted { getattr } for path="/vendor" dev="rootfs" ino=4768 scontext=u:r:netd:s0 tcontext=u:object_r:rootfs:s0 tclass=lnk_file
09-18 07:10:12.465   340   340 W iptables: type=1400 audit(0.0:99): avc: granted { getattr } for path="/vendor" dev="rootfs" ino=4768 scontext=u:r:netd:s0 tcontext=u:object_r:rootfs:s0 tclass=lnk_file
09-18 07:10:12.495   342   342 W ip6tables: type=1400 audit(0.0:100): avc: granted { getattr } for path="/vendor" dev="rootfs" ino=4768 scontext=u:r:netd:s0 tcontext=u:object_r:rootfs:s0 tclass=lnk_file
09-18 07:10:12.496   313   313 I mediaserver: ServiceManager: 0xa5117560
09-18 07:10:12.497   313   313 W BatteryNotifier: batterystats service unavailable!
09-18 07:10:12.505   311   311 E audio_route: unknown enum value string Off for ctl TTY Mode
09-18 07:10:12.511   311   311 E msm8960_platform: platform_init: DLOPEN failed for libacdbloader.so
09-18 07:10:12.512   311   311 E msm8960_platform: platform_init: DLOPEN failed for libcsd-client.so
09-18 07:10:12.512   311   311 E ext_speaker: open_speaker_bundle: DLOPEN failed for /vendor/lib/soundfx/libspeakerbundle.so
09-18 07:10:12.512   311   311 W audio_hw_primary: adev_open: DLOPEN failed for /vendor/lib/soundfx/libqcomvisualizer.so
09-18 07:10:12.512   311   311 W audio_hw_primary: adev_open: DLOPEN failed for /vendor/lib/soundfx/libqcompostprocbundle.so
09-18 07:10:12.513   311   311 W audio_hw_primary: adev_open: DLOPEN failed for libadm.so
09-18 07:10:12.513   311   311 E audio_hw_utils: audio_extn_utils_send_default_app_type_cfg: Could not get ctl for mixer cmd - App Type Config
09-18 07:10:12.513   311   311 D audio_hw_primary: adev_open: exit
09-18 07:10:12.513   311   311 W DeviceHAL: Device 0xb335f300 get_master_volume: Function not implemented
09-18 07:10:12.513   311   311 W DeviceHAL: Device 0xb335f300 get_master_mute: Function not implemented
09-18 07:10:12.513   311   311 W DeviceHAL: Device 0xb335f300 set_master_volume: Function not implemented
09-18 07:10:12.513   311   311 W DeviceHAL: Device 0xb335f300 set_master_mute: Function not implemented
09-18 07:10:12.513   311   311 I AudioFlinger: loadHwModule() Loaded primary audio interface, handle 10
09-18 07:10:12.513   311   311 I AudioFlinger: openOutput() this 0xb333d000, module 10 Device 2, SamplingRate 48000, Format 0x000001, Channels 3, flags 2
09-18 07:10:12.514   311   311 I AudioFlinger: HAL output buffer size 240 frames, normal sink buffer size 960 frames
09-18 07:10:12.515   172   172 W /system/bin/hwservicemanager: getTransportFromManifest: Cannot find entry android.hardware.audio.effect@2.0::IEffectsFactory in either framework or device manifest, using default transport.
09-18 07:10:12.523   311   311 E voice_processing: init: can't find /system/lib/soundfx/libqcomvoiceprocessingdescriptors.so
09-18 07:10:12.523   311   311 I BufferProvider: found effect "Multichannel Downmix To Stereo" from The Android Open Source Project
09-18 07:10:12.524   311   311 I AudioFlinger: Using module 10 as the primary audio interface
09-18 07:10:12.525   350   350 W iptables: type=1400 audit(0.0:101): avc: granted { getattr } for path="/vendor" dev="rootfs" ino=4768 scontext=u:r:netd:s0 tcontext=u:object_r:rootfs:s0 tclass=lnk_file
09-18 07:10:12.525   311   311 W AudioFlinger: moveEffects() bad srcOutput 0
09-18 07:10:12.525   311   347 I AudioFlinger: AudioFlinger's thread 0xb2506980 tid=347 ready to run
09-18 07:10:12.526   311   347 W AudioFlinger: no wake lock to update, system not ready yet
09-18 07:10:12.526   311   347 D audio_hw_primary: out_set_parameters: enter: usecase(1: low-latency-playback) kvpairs: routing=2
09-18 07:10:12.526   311   347 W AudioFlinger: no wake lock to update, system not ready yet
09-18 07:10:12.528   311   311 I AudioFlinger: openOutput() this 0xb333d000, module 10 Device 2, SamplingRate 48000, Format 0x000001, Channels 3, flags 8
09-18 07:10:12.528   311   311 I AudioFlinger: HAL output buffer size 960 frames, normal sink buffer size 960 frames
09-18 07:10:12.529   311   349 I AudioFlinger: AudioFlinger's thread 0xb1e83780 tid=349 ready to run
09-18 07:10:12.529   311   349 W AudioFlinger: no wake lock to update, system not ready yet
09-18 07:10:12.529   311   349 W AudioFlinger: no wake lock to update, system not ready yet
09-18 07:10:12.529   311   349 D audio_hw_primary: out_set_parameters: enter: usecase(0: deep-buffer-playback) kvpairs: routing=2
09-18 07:10:12.532   311   352 I AudioFlinger: AudioFlinger's thread 0xb1c03c00 tid=352 ready to run
09-18 07:10:12.541   311   311 I bt_a2dp_hw: adev_open:  adev_open in A2dp_hw module
09-18 07:10:12.542   311   311 I AudioFlinger: loadHwModule() Loaded a2dp audio interface, handle 18
09-18 07:10:12.542   311   311 I vndksupport: sphal namespace is not configured for this process. Loading /vendor/lib/hw/audio.usb.default.so from the current namespace instead.
09-18 07:10:12.544   311   311 I AudioFlinger: loadHwModule() Loaded usb audio interface, handle 26
09-18 07:10:12.544   311   311 I vndksupport: sphal namespace is not configured for this process. Loading /vendor/lib/hw/audio.r_submix.default.so from the current namespace instead.
09-18 07:10:12.545   357   357 W ip6tables: type=1400 audit(0.0:102): avc: granted { getattr } for path="/vendor" dev="rootfs" ino=4768 scontext=u:r:netd:s0 tcontext=u:object_r:rootfs:s0 tclass=lnk_file
09-18 07:10:12.546   311   311 I r_submix: adev_open(name=audio_hw_if)
09-18 07:10:12.546   311   311 I r_submix: adev_init_check()
09-18 07:10:12.546   311   311 W DeviceHAL: Device 0xb1c03cc0 set_master_mute: Function not implemented
09-18 07:10:12.546   311   311 I AudioFlinger: loadHwModule() Loaded r_submix audio interface, handle 34
09-18 07:10:12.546   311   311 D r_submix: adev_open_input_stream(addr=0)
09-18 07:10:12.546   311   311 D r_submix: submix_audio_device_create_pipe_l(addr=0, idx=9)
09-18 07:10:12.546   311   311 D r_submix:   now using address 0 for route 9
09-18 07:10:12.547   311   356 I AudioFlinger: AudioFlinger's thread 0xb1c1c1c0 tid=356 ready to run
09-18 07:10:12.548   311   311 D r_submix: adev_close_input_stream()
09-18 07:10:12.548   311   311 D r_submix: submix_audio_device_release_pipe_l(idx=9) addr=0
09-18 07:10:12.548   311   311 D r_submix: submix_audio_device_destroy_pipe_l(): pipe destroyed
09-18 07:10:12.549   311   311 I RadioService: RadioService
09-18 07:10:12.549   311   311 I RadioService: onFirstRef
09-18 07:10:12.550   172   172 W /system/bin/hwservicemanager: getTransportFromManifest: Cannot find entry android.hardware.broadcastradio@1.0::IBroadcastRadioFactory in either framework or device manifest, using default transport.
09-18 07:10:12.551   311   311 E RadioService: could not read implementation properties
09-18 07:10:12.553   172   172 W /system/bin/hwservicemanager: getTransportFromManifest: Cannot find entry android.hardware.soundtrigger@2.0::ISoundTriggerHw in either framework or device manifest, using default transport.
09-18 07:10:12.554   311   311 E SoundTriggerHwService: could not read implementation properties
09-18 07:10:12.561   312   312 I cameraserver: ServiceManager: 0xaab17500
09-18 07:10:12.561   312   312 I CameraService: CameraService started (pid=312)
09-18 07:10:12.561   312   312 I CameraService: CameraService process starting
09-18 07:10:12.562   312   312 W BatteryNotifier: batterystats service unavailable!
09-18 07:10:12.562   312   312 W BatteryNotifier: batterystats service unavailable!
09-18 07:10:12.564   172   172 W /system/bin/hwservicemanager: getTransportFromManifest: Cannot find entry android.hardware.camera.provider@2.4::ICameraProvider in either framework or device manifest, using default transport.
09-18 07:10:12.565   361   361 W iptables: type=1400 audit(0.0:103): avc: granted { getattr } for path="/vendor" dev="rootfs" ino=4768 scontext=u:r:netd:s0 tcontext=u:object_r:rootfs:s0 tclass=lnk_file
09-18 07:10:12.574   312   312 E CamProvider@2.4-impl: Could not load camera HAL module: -2 (No such file or directory)
09-18 07:10:12.574   312   312 E CamProvider@2.4-impl: HIDL_FETCH_ICameraProvider: camera provider init failed!
09-18 07:10:12.576   363   363 W ip6tables: type=1400 audit(0.0:104): avc: granted { getattr } for path="/vendor" dev="rootfs" ino=4768 scontext=u:r:netd:s0 tcontext=u:object_r:rootfs:s0 tclass=lnk_file
09-18 07:10:12.596   364   364 W iptables: type=1400 audit(0.0:105): avc: granted { getattr } for path="/vendor" dev="rootfs" ino=4768 scontext=u:r:netd:s0 tcontext=u:object_r:rootfs:s0 tclass=lnk_file
09-18 07:10:12.606   365   365 W ip6tables: type=1400 audit(0.0:106): avc: granted { getattr } for path="/vendor" dev="rootfs" ino=4768 scontext=u:r:netd:s0 tcontext=u:object_r:rootfs:s0 tclass=lnk_file
09-18 07:10:12.638   314   314 I Netd    : Creating child chains: 508.8ms
09-18 07:10:12.638   314   314 I Netd    : Setting up OEM hooks: 0.2ms
09-18 07:10:12.644   314   314 I Netd    : Setting up FirewallController hooks: 6.6ms
09-18 07:10:12.648   314   314 I Netd    : Setting up NatController hooks: 3.4ms
09-18 07:10:12.651   314   314 I Netd    : Setting up BandwidthController hooks: 3.0ms
09-18 07:10:12.651   314   314 I Netd    : Setting up IdletimerController hooks: 0.1ms
09-18 07:10:12.657   314   314 I Netd    : Disabling bandwidth control: 6.1ms
09-18 07:10:12.659   314   314 E Netd    : Error adding route 0.0.0.0/0 -> (null) dummy0 to table 1002: File exists
09-18 07:10:12.660   314   314 I Netd    : Initializing RouteController: 2.7ms
09-18 07:10:12.661   314   314 D MDnsDS  : MDnsSdListener::Hander starting up
09-18 07:10:12.661   314   371 D MDnsDS  : MDnsSdListener starting to monitor
09-18 07:10:12.661   314   371 D MDnsDS  : Going to poll with pollCount 1
09-18 07:10:12.662   314   314 I Netd    : Registering NetdNativeService: 0.9ms
09-18 07:10:12.663   314   314 I Netd    : Starting CommandListener: 0.3ms
09-18 07:10:12.663   314   314 I Netd    : Netd started in 556ms
09-18 07:10:12.986   310   310 W app_process: type=1400 audit(0.0:107): avc: granted { read } for name="online" dev="sysfs" ino=34 scontext=u:r:zygote:s0 tcontext=u:object_r:sysfs:s0 tclass=file
09-18 07:10:12.986   310   310 W app_process: type=1400 audit(0.0:108): avc: granted { read open } for name="online" dev="sysfs" ino=34 scontext=u:r:zygote:s0 tcontext=u:object_r:sysfs:s0 tclass=file
09-18 07:10:12.986   310   310 W app_process: type=1400 audit(0.0:109): avc: granted { getattr } for path="/sys/devices/system/cpu/online" dev="sysfs" ino=34 scontext=u:r:zygote:s0 tcontext=u:object_r:sysfs:s0 tclass=file
09-18 07:10:13.017   310   310 D AndroidRuntime: >>>>>> START com.android.internal.os.ZygoteInit uid 0 <<<<<<
09-18 07:10:13.027   310   310 I zygote  : option[0]=-Xzygote
09-18 07:10:13.027   310   310 I zygote  : option[1]=-Xstacktracefile:/data/anr/traces.txt
09-18 07:10:13.027   310   310 I zygote  : option[2]=exit
09-18 07:10:13.027   310   310 I zygote  : option[3]=vfprintf
09-18 07:10:13.027   310   310 I zygote  : option[4]=sensitiveThread
09-18 07:10:13.027   310   310 I zygote  : option[5]=-verbose:gc
09-18 07:10:13.027   310   310 I zygote  : option[6]=-Xms8m
09-18 07:10:13.027   310   310 I zygote  : option[7]=-Xmx512m
09-18 07:10:13.027   310   310 I zygote  : option[8]=-XX:HeapGrowthLimit=192m
09-18 07:10:13.027   310   310 I zygote  : option[9]=-XX:HeapMinFree=512k
09-18 07:10:13.027   310   310 I zygote  : option[10]=-XX:HeapMaxFree=8m
09-18 07:10:13.027   310   310 I zygote  : option[11]=-XX:HeapTargetUtilization=0.75
09-18 07:10:13.027   310   310 I zygote  : option[12]=-Xusejit:true
09-18 07:10:13.027   310   310 I zygote  : option[13]=-Xjitsaveprofilinginfo
09-18 07:10:13.027   310   310 I zygote  : option[14]=-agentlib:jdwp=transport=dt_android_adb,suspend=n,server=y
09-18 07:10:13.027   310   310 I zygote  : option[15]=-Ximage-compiler-option
09-18 07:10:13.027   310   310 I zygote  : option[16]=--runtime-arg
09-18 07:10:13.027   310   310 I zygote  : option[17]=-Ximage-compiler-option
09-18 07:10:13.027   310   310 I zygote  : option[18]=-Xms64m
09-18 07:10:13.028   310   310 I zygote  : option[19]=-Ximage-compiler-option
09-18 07:10:13.028   310   310 I zygote  : option[20]=--runtime-arg
09-18 07:10:13.028   310   310 I zygote  : option[21]=-Ximage-compiler-option
09-18 07:10:13.028   310   310 I zygote  : option[22]=-Xmx64m
09-18 07:10:13.028   310   310 I zygote  : option[23]=-Ximage-compiler-option
09-18 07:10:13.028   310   310 I zygote  : option[24]=--image-classes=/system/etc/preloaded-classes
09-18 07:10:13.028   310   310 I zygote  : option[25]=-Ximage-compiler-option
09-18 07:10:13.028   310   310 I zygote  : option[26]=--compiled-classes=/system/etc/compiled-classes
09-18 07:10:13.028   310   310 I zygote  : option[27]=-Xcompiler-option
09-18 07:10:13.028   310   310 I zygote  : option[28]=--runtime-arg
09-18 07:10:13.028   310   310 I zygote  : option[29]=-Xcompiler-option
09-18 07:10:13.028   310   310 I zygote  : option[30]=-Xms64m
09-18 07:10:13.028   310   310 I zygote  : option[31]=-Xcompiler-option
09-18 07:10:13.028   310   310 I zygote  : option[32]=--runtime-arg
09-18 07:10:13.028   310   310 I zygote  : option[33]=-Xcompiler-option
09-18 07:10:13.028   310   310 I zygote  : option[34]=-Xmx512m
09-18 07:10:13.028   310   310 I zygote  : option[35]=-Ximage-compiler-option
09-18 07:10:13.028   310   310 I zygote  : option[36]=--instruction-set-variant=krait
09-18 07:10:13.028   310   310 I zygote  : option[37]=-Xcompiler-option
09-18 07:10:13.028   310   310 I zygote  : option[38]=--instruction-set-variant=krait
09-18 07:10:13.028   310   310 I zygote  : option[39]=-Ximage-compiler-option
09-18 07:10:13.028   310   310 I zygote  : option[40]=--instruction-set-features=default
09-18 07:10:13.028   310   310 I zygote  : option[41]=-Xcompiler-option
09-18 07:10:13.028   310   310 I zygote  : option[42]=--instruction-set-features=default
09-18 07:10:13.028   310   310 I zygote  : option[43]=-Duser.locale=en-US
09-18 07:10:13.028   310   310 I zygote  : option[44]=--cpu-abilist=armeabi-v7a,armeabi
09-18 07:10:13.028   310   310 I zygote  : option[45]=-Xfingerprint:google/mako/mako:7.1.2/NJH47F/4146041:user/release-keys
09-18 07:10:13.340   310   310 I SamplingProfilerIntegration: Profiling disabled.
09-18 07:10:13.340   310   310 D Zygote  : begin preload
09-18 07:10:13.340   310   310 I Zygote  : Installing ICU cache reference pinning...
09-18 07:10:13.340   310   310 I Zygote  : Preloading ICU data...
09-18 07:10:13.357   310   310 I Zygote  : Preloading classes...
09-18 07:10:13.612   310   310 E ActivityRecognitionHardware: activity_recognition HAL is deprecated. class_init is effectively a no-op
09-18 07:10:13.635   310   310 I zygote  : Thread[1,tid=310,Native,Thread*=0xa6704000,peer=0x12c01c68,"main"] recursive attempt to load library "/system/lib/libmedia_jni.so"
09-18 07:10:13.635   310   310 D MtpDeviceJNI: register_android_mtp_MtpDevice
09-18 07:10:13.636   310   310 I zygote  : Thread[1,tid=310,Native,Thread*=0xa6704000,peer=0x12c01c68,"main"] recursive attempt to load library "/system/lib/libmedia_jni.so"
09-18 07:10:13.636   310   310 I zygote  : Thread[1,tid=310,Native,Thread*=0xa6704000,peer=0x12c01c68,"main"] recursive attempt to load library "/system/lib/libmedia_jni.so"
09-18 07:10:13.737   310   310 W main    : type=1400 audit(0.0:110): avc: granted { read } for name="cpu" dev="sysfs" ino=32 scontext=u:r:zygote:s0 tcontext=u:object_r:sysfs:s0 tclass=dir
09-18 07:10:13.737   310   310 W main    : type=1400 audit(0.0:111): avc: granted { read open } for name="cpu" dev="sysfs" ino=32 scontext=u:r:zygote:s0 tcontext=u:object_r:sysfs:s0 tclass=dir
09-18 07:10:13.843   310   310 I System  : Loaded time zone names for "" in 83ms (82ms in ICU)
09-18 07:10:13.888   310   310 I System  : Loaded time zone names for "en_US" in 44ms (43ms in ICU)
09-18 07:10:13.903   310   310 I Zygote  : ...preloaded 4570 classes in 547ms.
09-18 07:10:13.903   310   310 I zygote  : VMRuntime.preloadDexCaches starting
09-18 07:10:14.066   310   310 I zygote  : VMRuntime.preloadDexCaches strings total=306476 before=2962 after=2962
09-18 07:10:14.066   310   310 I zygote  : VMRuntime.preloadDexCaches types total=26177 before=2681 after=3314
09-18 07:10:14.066   310   310 I zygote  : VMRuntime.preloadDexCaches fields total=123826 before=2155 after=1211
09-18 07:10:14.066   310   310 I zygote  : VMRuntime.preloadDexCaches methods total=219886 before=87630 after=87729
09-18 07:10:14.066   310   310 I zygote  : VMRuntime.preloadDexCaches finished
09-18 07:10:14.162   310   310 I Zygote  : Preloading resources...
09-18 07:10:14.196   310   310 W Resources: Preloaded drawable resource #0x1080257 (android:drawable/dialog_background_material) that varies with configuration!!
09-18 07:10:14.201   310   310 W Resources: Preloaded color resource #0x10600de (android:color/material_grey_800) that varies with configuration!!
09-18 07:10:14.201   310   310 W Resources: Preloaded drawable resource #0x10802b0 (android:drawable/floating_popup_background_dark) that varies with configuration!!
09-18 07:10:14.300   310   310 I Zygote  : ...preloaded 114 resources in 137ms.
09-18 07:10:14.308   310   310 W Resources: Preloaded color resource #0x1060036 (android:color/background_cache_hint_selector_material_dark) that varies with configuration!!
09-18 07:10:14.308   310   310 W Resources: Preloaded color resource #0x1060053 (android:color/btn_default_material_dark) that varies with configuration!!
09-18 07:10:14.310   310   310 I Zygote  : ...preloaded 41 resources in 11ms.
09-18 07:10:14.311   310   310 F libEGL  : couldn't find an OpenGL ES implementation
09-18 07:10:14.311   310   310 F libc    : Fatal signal 6 (SIGABRT), code -6 in tid 310 (main)
09-18 07:10:14.318   383   383 E libc    : failed to raise ambient capability 37: Invalid argument
09-18 07:10:14.318   383   383 E libc    : failed to raise ambient capability 38: Invalid argument
09-18 07:10:14.318   383   383 E libc    : failed to raise ambient capability 39: Invalid argument
09-18 07:10:14.318   383   383 E libc    : failed to raise ambient capability 40: Invalid argument
09-18 07:10:14.318   383   383 E libc    : failed to raise ambient capability 41: Invalid argument
09-18 07:10:14.319   383   383 E libc    : failed to raise ambient capability 42: Invalid argument
09-18 07:10:14.319   383   383 E libc    : failed to raise ambient capability 43: Invalid argument
09-18 07:10:14.319   383   383 E libc    : failed to raise ambient capability 44: Invalid argument
09-18 07:10:14.319   383   383 E libc    : failed to raise ambient capability 45: Invalid argument
09-18 07:10:14.319   383   383 E libc    : failed to raise ambient capability 46: Invalid argument
09-18 07:10:14.319   383   383 E libc    : failed to raise ambient capability 47: Invalid argument
09-18 07:10:14.319   383   383 E libc    : failed to raise ambient capability 48: Invalid argument
09-18 07:10:14.319   383   383 E libc    : failed to raise ambient capability 49: Invalid argument
09-18 07:10:14.319   383   383 E libc    : failed to raise ambient capability 50: Invalid argument
09-18 07:10:14.319   383   383 E libc    : failed to raise ambient capability 51: Invalid argument
09-18 07:10:14.319   383   383 E libc    : failed to raise ambient capability 52: Invalid argument
09-18 07:10:14.319   383   383 E libc    : failed to raise ambient capability 53: Invalid argument
09-18 07:10:14.319   383   383 E libc    : failed to raise ambient capability 54: Invalid argument
09-18 07:10:14.319   383   383 E libc    : failed to raise ambient capability 55: Invalid argument
09-18 07:10:14.319   383   383 E libc    : failed to raise ambient capability 56: Invalid argument
09-18 07:10:14.319   383   383 E libc    : failed to raise ambient capability 57: Invalid argument
09-18 07:10:14.319   383   383 E libc    : failed to raise ambient capability 58: Invalid argument
09-18 07:10:14.319   383   383 E libc    : failed to raise ambient capability 59: Invalid argument
09-18 07:10:14.319   383   383 E libc    : failed to raise ambient capability 60: Invalid argument
09-18 07:10:14.320   383   383 E libc    : failed to raise ambient capability 61: Invalid argument
09-18 07:10:14.320   383   383 E libc    : failed to raise ambient capability 62: Invalid argument
09-18 07:10:14.320   383   383 E libc    : failed to raise ambient capability 63: Invalid argument
09-18 07:10:14.432   384   384 I crash_dump32: obtaining output fd from tombstoned
09-18 07:10:14.432   384   384 E libc    : failed to connect to tombstoned: No such file or directory
09-18 07:10:14.432   384   384 I crash_dump32: performing dump of process 310 (target tid = 310)
09-18 07:10:14.432   310   310 F libc    : failed to resend signal during crash: Operation not permitted
09-18 07:10:23.385   171   171 I ServiceManager: service 'media.sound_trigger_hw' died
09-18 07:10:23.385   171   171 I ServiceManager: service 'media.radio' died
09-18 07:10:23.385   171   171 I ServiceManager: service 'media.aaudio' died
09-18 07:10:23.385   171   171 I ServiceManager: service 'media.audio_flinger' died
09-18 07:10:23.385   171   171 I ServiceManager: service 'media.audio_policy' died
09-18 07:10:23.398   171   171 I ServiceManager: service 'media.camera' died
09-18 07:10:23.411   171   171 I ServiceManager: service 'media.player' died
09-18 07:10:23.411   171   171 I ServiceManager: service 'media.resource_manager' died
09-18 07:10:23.420   171   171 I ServiceManager: service 'netd' died
09-18 07:10:23.598   171   171 I ServiceManager: service 'wificond' died
09-18 07:10:23.676   389   389 W netd    : type=1400 audit(0.0:112): avc: granted { getattr } for path="/vendor" dev="rootfs" ino=4768 scontext=u:r:netd:s0 tcontext=u:object_r:rootfs:s0 tclass=lnk_file
09-18 07:10:23.768   389   389 I Netd    : Netd 1.0 starting
09-18 07:10:23.771   391   391 I wificond: wificond is starting up...
09-18 07:10:23.773   389   389 D TetherController: Setting IP forward enable = 0
09-18 07:10:23.776   392   392 W iptables-restor: type=1400 audit(0.0:113): avc: granted { getattr } for path="/vendor" dev="rootfs" ino=4768 scontext=u:r:netd:s0 tcontext=u:object_r:rootfs:s0 tclass=lnk_file
09-18 07:10:23.796   393   393 W ip6tables-resto: type=1400 audit(0.0:114): avc: granted { getattr } for path="/vendor" dev="rootfs" ino=4768 scontext=u:r:netd:s0 tcontext=u:object_r:rootfs:s0 tclass=lnk_file
09-18 07:10:23.826   394   394 W iptables: type=1400 audit(0.0:115): avc: granted { getattr } for path="/vendor" dev="rootfs" ino=4768 scontext=u:r:netd:s0 tcontext=u:object_r:rootfs:s0 tclass=lnk_file
09-18 07:10:23.847   395   395 W ip6tables: type=1400 audit(0.0:116): avc: granted { getattr } for path="/vendor" dev="rootfs" ino=4768 scontext=u:r:netd:s0 tcontext=u:object_r:rootfs:s0 tclass=lnk_file
09-18 07:10:23.907   396   396 W iptables: type=1400 audit(0.0:117): avc: granted { getattr } for path="/vendor" dev="rootfs" ino=4768 scontext=u:r:netd:s0 tcontext=u:object_r:rootfs:s0 tclass=lnk_file
09-18 07:10:23.957   397   397 W ip6tables: type=1400 audit(0.0:118): avc: granted { getattr } for path="/vendor" dev="rootfs" ino=4768 scontext=u:r:netd:s0 tcontext=u:object_r:rootfs:s0 tclass=lnk_file
09-18 07:10:23.970   172   172 W /system/bin/hwservicemanager: getTransportFromManifest: Cannot find entry android.hardware.configstore@1.0::ISurfaceFlingerConfigs in either framework or device manifest, using default transport.
09-18 07:10:23.984   390   390 I /system/bin/surfaceflinger: android::hardware::configstore::V1_0::ISurfaceFlingerConfigs::maxFrameBufferAcquiredBuffers retrieved: 2 (default)
09-18 07:10:23.985   172   172 W /system/bin/hwservicemanager: getTransportFromManifest: Cannot find entry android.hardware.configstore@1.0::ISurfaceFlingerConfigs in either framework or device manifest, using default transport.
09-18 07:10:23.986   390   390 I /system/bin/surfaceflinger: android::hardware::configstore::V1_0::ISurfaceFlingerConfigs::startGraphicsAllocatorService retrieved: 0
09-18 07:10:23.987   401   401 W iptables: type=1400 audit(0.0:119): avc: granted { getattr } for path="/vendor" dev="rootfs" ino=4768 scontext=u:r:netd:s0 tcontext=u:object_r:rootfs:s0 tclass=lnk_file
09-18 07:10:23.988   390   390 I SurfaceFlinger: SurfaceFlinger is starting
09-18 07:10:23.989   172   172 W /system/bin/hwservicemanager: getTransportFromManifest: Cannot find entry android.hardware.configstore@1.0::ISurfaceFlingerConfigs in either framework or device manifest, using default transport.
09-18 07:10:23.990   390   390 I /system/bin/surfaceflinger: android::hardware::configstore::V1_0::ISurfaceFlingerConfigs::vsyncEventPhaseOffsetNs retrieved: 1000000 (default)
09-18 07:10:23.991   172   172 W /system/bin/hwservicemanager: getTransportFromManifest: Cannot find entry android.hardware.configstore@1.0::ISurfaceFlingerConfigs in either framework or device manifest, using default transport.
09-18 07:10:23.992   390   390 I /system/bin/surfaceflinger: android::hardware::configstore::V1_0::ISurfaceFlingerConfigs::vsyncSfEventPhaseOffsetNs retrieved: 1000000 (default)
09-18 07:10:23.993   172   172 W /system/bin/hwservicemanager: getTransportFromManifest: Cannot find entry android.hardware.configstore@1.0::ISurfaceFlingerConfigs in either framework or device manifest, using default transport.
09-18 07:10:23.994   390   390 I /system/bin/surfaceflinger: android::hardware::configstore::V1_0::ISurfaceFlingerConfigs::maxVirtualDisplaySize retrieved: 0 (default)
09-18 07:10:23.995   172   172 W /system/bin/hwservicemanager: getTransportFromManifest: Cannot find entry android.hardware.configstore@1.0::ISurfaceFlingerConfigs in either framework or device manifest, using default transport.
09-18 07:10:23.996   390   390 I /system/bin/surfaceflinger: android::hardware::configstore::V1_0::ISurfaceFlingerConfigs::hasSyncFramework retrieved: 1
09-18 07:10:23.997   172   172 W /system/bin/hwservicemanager: getTransportFromManifest: Cannot find entry android.hardware.configstore@1.0::ISurfaceFlingerConfigs in either framework or device manifest, using default transport.
09-18 07:10:23.998   390   390 I /system/bin/surfaceflinger: android::hardware::configstore::V1_0::ISurfaceFlingerConfigs::useContextPriority retrieved: 0 (default)
09-18 07:10:23.999   172   172 W /system/bin/hwservicemanager: getTransportFromManifest: Cannot find entry android.hardware.configstore@1.0::ISurfaceFlingerConfigs in either framework or device manifest, using default transport.
09-18 07:10:24.014   390   390 I /system/bin/surfaceflinger: android::hardware::configstore::V1_0::ISurfaceFlingerConfigs::presentTimeOffsetFromVSyncNs retrieved: 0
09-18 07:10:24.015   172   172 W /system/bin/hwservicemanager: getTransportFromManifest: Cannot find entry android.hardware.configstore@1.0::ISurfaceFlingerConfigs in either framework or device manifest, using default transport.
09-18 07:10:24.016   390   390 I /system/bin/surfaceflinger: android::hardware::configstore::V1_0::ISurfaceFlingerConfigs::useHwcForRGBtoYUV retrieved: 0
09-18 07:10:24.016   390   390 I /system/bin/surfaceflinger: android::hardware::configstore::V1_0::ISurfaceFlingerConfigs::maxFrameBufferAcquiredBuffers retrieved: 2 (default)
09-18 07:10:24.016   390   390 I SurfaceFlinger: Enabling HWC virtual displays
09-18 07:10:24.016   390   390 I SurfaceFlinger: Disabling Triple Buffering
09-18 07:10:24.016   390   390 I SurfaceFlinger: SurfaceFlinger's main thread ready to run. Initializing graphics H/W...
09-18 07:10:24.016   390   390 F libEGL  : couldn't find an OpenGL ES implementation
09-18 07:10:24.017   390   390 F libc    : Fatal signal 6 (SIGABRT), code -6 in tid 390 (surfaceflinger)
09-18 07:10:24.047   405   405 W ip6tables: type=1400 audit(0.0:120): avc: granted { getattr } for path="/vendor" dev="rootfs" ino=4768 scontext=u:r:netd:s0 tcontext=u:object_r:rootfs:s0 tclass=lnk_file
09-18 07:10:24.069   406   406 I crash_dump32: obtaining output fd from tombstoned
09-18 07:10:24.069   406   406 E libc    : failed to connect to tombstoned: No such file or directory
09-18 07:10:24.069   406   406 I crash_dump32: performing dump of process 390 (target tid = 390)
09-18 07:10:24.070   390   390 F libc    : failed to resend signal during crash: Operation not permitted
09-18 07:10:24.097   407   407 W iptables: type=1400 audit(0.0:121): avc: granted { getattr } for path="/vendor" dev="rootfs" ino=4768 scontext=u:r:netd:s0 tcontext=u:object_r:rootfs:s0 tclass=lnk_file
09-18 07:10:24.097   386   386 I FastMixerState: sMaxFastTracks = 8
09-18 07:10:24.098   386   386 I audioserver: ServiceManager: 0xafc174c0
09-18 07:10:24.099   386   386 W BatteryNotifier: batterystats service unavailable!
09-18 07:10:24.100   172   172 W /system/bin/hwservicemanager: getTransportFromManifest: Cannot find entry android.hardware.audio@2.0::IDevicesFactory in either framework or device manifest, using default transport.
09-18 07:10:24.106   172   172 W /system/bin/hwservicemanager: getTransportFromManifest: Cannot find entry android.hardware.audio.effect@2.0::IEffectsFactory in either framework or device manifest, using default transport.
09-18 07:10:24.115   386   386 I AudioFlinger: Using default 3000 mSec as standby time.
09-18 07:10:24.117   386   386 I APM::ConfigParsingUtils: loadAudioPolicyConfig() loaded /system/etc/audio_policy.conf
09-18 07:10:24.118   386   386 I vndksupport: sphal namespace is not configured for this process. Loading /vendor/lib/hw/audio.primary.msm8960.so from the current namespace instead.
09-18 07:10:24.122   386   386 D audio_hw_primary: adev_open: enter
09-18 07:10:24.127   415   415 W ip6tables: type=1400 audit(0.0:122): avc: granted { getattr } for path="/vendor" dev="rootfs" ino=4768 scontext=u:r:netd:s0 tcontext=u:object_r:rootfs:s0 tclass=lnk_file
09-18 07:10:24.157   417   417 W iptables: type=1400 audit(0.0:123): avc: granted { getattr } for path="/vendor" dev="rootfs" ino=4768 scontext=u:r:netd:s0 tcontext=u:object_r:rootfs:s0 tclass=lnk_file
09-18 07:10:24.162   388   388 I mediaserver: ServiceManager: 0xadb17560
09-18 07:10:24.163   388   388 W BatteryNotifier: batterystats service unavailable!
09-18 07:10:24.177   419   419 W ip6tables: type=1400 audit(0.0:124): avc: granted { getattr } for path="/vendor" dev="rootfs" ino=4768 scontext=u:r:netd:s0 tcontext=u:object_r:rootfs:s0 tclass=lnk_file
09-18 07:10:24.196   386   386 E audio_route: unknown enum value string Off for ctl TTY Mode
09-18 07:10:24.197   420   420 W iptables: type=1400 audit(0.0:125): avc: granted { getattr } for path="/vendor" dev="rootfs" ino=4768 scontext=u:r:netd:s0 tcontext=u:object_r:rootfs:s0 tclass=lnk_file
09-18 07:10:24.203   386   386 E msm8960_platform: platform_init: DLOPEN failed for libacdbloader.so
09-18 07:10:24.203   386   386 E msm8960_platform: platform_init: DLOPEN failed for libcsd-client.so
09-18 07:10:24.203   386   386 E ext_speaker: open_speaker_bundle: DLOPEN failed for /vendor/lib/soundfx/libspeakerbundle.so
09-18 07:10:24.204   386   386 W audio_hw_primary: adev_open: DLOPEN failed for /vendor/lib/soundfx/libqcomvisualizer.so
09-18 07:10:24.204   386   386 W audio_hw_primary: adev_open: DLOPEN failed for /vendor/lib/soundfx/libqcompostprocbundle.so
09-18 07:10:24.204   386   386 W audio_hw_primary: adev_open: DLOPEN failed for libadm.so
09-18 07:10:24.204   386   386 E audio_hw_utils: audio_extn_utils_send_default_app_type_cfg: Could not get ctl for mixer cmd - App Type Config
09-18 07:10:24.204   386   386 D audio_hw_primary: adev_open: exit
09-18 07:10:24.205   386   386 W DeviceHAL: Device 0xafc5f300 get_master_volume: Function not implemented
09-18 07:10:24.205   386   386 W DeviceHAL: Device 0xafc5f300 get_master_mute: Function not implemented
09-18 07:10:24.205   386   386 W DeviceHAL: Device 0xafc5f300 set_master_volume: Function not implemented
09-18 07:10:24.205   386   386 W DeviceHAL: Device 0xafc5f300 set_master_mute: Function not implemented
09-18 07:10:24.205   386   386 I AudioFlinger: loadHwModule() Loaded primary audio interface, handle 10
09-18 07:10:24.205   386   386 I AudioFlinger: openOutput() this 0xafc3d000, module 10 Device 2, SamplingRate 48000, Format 0x000001, Channels 3, flags 2
09-18 07:10:24.205   386   386 I AudioFlinger: HAL output buffer size 240 frames, normal sink buffer size 960 frames
09-18 07:10:24.206   172   172 W /system/bin/hwservicemanager: getTransportFromManifest: Cannot find entry android.hardware.audio.effect@2.0::IEffectsFactory in either framework or device manifest, using default transport.
09-18 07:10:24.215   386   386 E voice_processing: init: can't find /system/lib/soundfx/libqcomvoiceprocessingdescriptors.so
09-18 07:10:24.216   386   386 I BufferProvider: found effect "Multichannel Downmix To Stereo" from The Android Open Source Project
09-18 07:10:24.216   386   386 I AudioFlinger: Using module 10 as the primary audio interface
09-18 07:10:24.217   426   426 W ip6tables: type=1400 audit(0.0:126): avc: granted { getattr } for path="/vendor" dev="rootfs" ino=4768 scontext=u:r:netd:s0 tcontext=u:object_r:rootfs:s0 tclass=lnk_file
09-18 07:10:24.217   386   386 W AudioFlinger: moveEffects() bad srcOutput 0
09-18 07:10:24.222   386   425 I AudioFlinger: AudioFlinger's thread 0xaee06980 tid=425 ready to run
09-18 07:10:24.222   386   425 W AudioFlinger: no wake lock to update, system not ready yet
09-18 07:10:24.223   386   425 D audio_hw_primary: out_set_parameters: enter: usecase(1: low-latency-playback) kvpairs: routing=2
09-18 07:10:24.223   386   425 W AudioFlinger: no wake lock to update, system not ready yet
09-18 07:10:24.224   386   386 I AudioFlinger: openOutput() this 0xafc3d000, module 10 Device 2, SamplingRate 48000, Format 0x000001, Channels 3, flags 8
09-18 07:10:24.225   386   386 I AudioFlinger: HAL output buffer size 960 frames, normal sink buffer size 960 frames
09-18 07:10:24.225   386   428 I AudioFlinger: AudioFlinger's thread 0xae783c40 tid=428 ready to run
09-18 07:10:24.225   386   428 W AudioFlinger: no wake lock to update, system not ready yet
09-18 07:10:24.226   386   428 W AudioFlinger: no wake lock to update, system not ready yet
09-18 07:10:24.226   386   428 D audio_hw_primary: out_set_parameters: enter: usecase(0: deep-buffer-playback) kvpairs: routing=2
09-18 07:10:24.228   386   430 I AudioFlinger: AudioFlinger's thread 0xae503000 tid=430 ready to run
09-18 07:10:24.237   435   435 W iptables: type=1400 audit(0.0:127): avc: granted { getattr } for path="/vendor" dev="rootfs" ino=4768 scontext=u:r:netd:s0 tcontext=u:object_r:rootfs:s0 tclass=lnk_file
09-18 07:10:24.239   386   386 I bt_a2dp_hw: adev_open:  adev_open in A2dp_hw module
09-18 07:10:24.239   386   386 I AudioFlinger: loadHwModule() Loaded a2dp audio interface, handle 18
09-18 07:10:24.239   386   386 I vndksupport: sphal namespace is not configured for this process. Loading /vendor/lib/hw/audio.usb.default.so from the current namespace instead.
09-18 07:10:24.241   386   386 I AudioFlinger: loadHwModule() Loaded usb audio interface, handle 26
09-18 07:10:24.242   386   386 I vndksupport: sphal namespace is not configured for this process. Loading /vendor/lib/hw/audio.r_submix.default.so from the current namespace instead.
09-18 07:10:24.243   386   386 I r_submix: adev_open(name=audio_hw_if)
09-18 07:10:24.243   386   386 I r_submix: adev_init_check()
09-18 07:10:24.243   386   386 W DeviceHAL: Device 0xae503080 set_master_mute: Function not implemented
09-18 07:10:24.243   386   386 I AudioFlinger: loadHwModule() Loaded r_submix audio interface, handle 34
09-18 07:10:24.244   386   386 D r_submix: adev_open_input_stream(addr=0)
09-18 07:10:24.244   386   386 D r_submix: submix_audio_device_create_pipe_l(addr=0, idx=9)
09-18 07:10:24.244   386   386 D r_submix:   now using address 0 for route 9
09-18 07:10:24.245   386   434 I AudioFlinger: AudioFlinger's thread 0xae51cdc0 tid=434 ready to run
09-18 07:10:24.246   386   434 D r_submix: adev_close_input_stream()
09-18 07:10:24.246   386   434 D r_submix: submix_audio_device_release_pipe_l(idx=9) addr=0
