09-16 11:11:56.532 14906 14906 F DEBUG   : Abort message: 'CANNOT LINK EXECUTABLE "/system/bin/mm-qcamera-daemon": "/system/lib/libmmjpeg.so" has text relocations'
09-16 11:11:56.532 14906 14906 F DEBUG   :     r0 00000000  r1 00003a32  r2 00000006  r3 00000008
09-16 11:11:56.532 14906 14906 F DEBUG   :     r4 00003a32  r5 00003a32  r6 be976830  r7 0000010c
09-16 11:11:56.532 14906 14906 F DEBUG   :     r8 be977ae4  r9 af283010  sl be976ad8  fp af2cfcd0
09-16 11:11:56.532 14906 14906 F DEBUG   :     ip 00000000  sp be976820  lr af339597  pc af34383c  cpsr 200d0010
09-16 11:11:56.539   820  1010 I BootReceiver: Copying /data/tombstones/tombstone_07 to DropBox (SYSTEM_TOMBSTONE)
09-16 11:11:56.553 14906 14906 F DEBUG   : 
09-16 11:11:56.553 14906 14906 F DEBUG   : backtrace:
09-16 11:11:56.553 14906 14906 F DEBUG   :     #00 pc 0006783c  /system/bin/linker (__dl_tgkill+12)
09-16 11:11:56.553 14906 14906 F DEBUG   :     #01 pc 0005d593  /system/bin/linker (__dl_abort+54)
09-16 11:11:56.553 14906 14906 F DEBUG   :     #02 pc 00018c21  /system/bin/linker (__dl___libc_fatal+24)
09-16 11:11:56.553 14906 14906 F DEBUG   :     #03 pc 00010267  /system/bin/linker (__dl___linker_init+1986)
09-16 11:11:56.554 14906 14906 F DEBUG   :     #04 pc 00015324  /system/bin/linker (_start+4)
09-16 11:11:56.554   820  2370 I ActivityManager: Process com.android.nfc (pid 14824) has died: pers PER 
09-16 11:11:56.555   820  2370 W ActivityManager: Re-adding persistent process ProcessRecord{ce92822 14824:com.android.nfc/1027}
09-16 11:11:56.567   820  2370 I ActivityManager: Start proc 14916:com.android.nfc/1027 for restart com.android.nfc
09-16 11:11:56.626   820  2331 W NativeCrashListener: Couldn't find ProcessRecord for pid 14898
09-16 11:11:56.628   820  1010 I BootReceiver: Copying /data/tombstones/tombstone_09 to DropBox (SYSTEM_TOMBSTONE)
09-16 11:11:56.728   820  1012 D BluetoothManagerService: MESSAGE_RESTART_BLUETOOTH_SERVICE
09-16 11:11:56.740   820  1012 I ActivityManager: Start proc 14946:com.android.bluetooth/1002 for service com.android.bluetooth/.btservice.AdapterService
09-16 11:11:56.851 14916 14963 F libc    : Fatal signal 11 (SIGSEGV), code 1, fault addr 0x0 in tid 14963 (AsyncTask #1)
09-16 11:11:56.923   820   820 D BluetoothManagerService: BluetoothServiceConnection: com.android.bluetooth.btservice.AdapterService
09-16 11:11:56.927   820  1012 D BluetoothManagerService: MESSAGE_BLUETOOTH_SERVICE_CONNECTED: 1
09-16 11:11:56.929   820  1012 D BluetoothManagerService: Broadcasting onBluetoothServiceUp() to 5 receivers.
09-16 11:11:56.933   820  1012 D BluetoothManagerService: MESSAGE_GET_NAME_AND_ADDRESS
09-16 11:11:56.935   820  1012 D BluetoothManagerService: MESSAGE_BLUETOOTH_STATE_CHANGE: OFF > BLE_TURNING_ON
09-16 11:11:56.935   820  1012 D BluetoothManagerService: Sending BLE State Change: OFF > BLE_TURNING_ON
09-16 11:11:56.954 14975 14975 F DEBUG   : *** *** *** *** *** *** *** *** *** *** *** *** *** *** *** ***
09-16 11:11:56.954 14975 14975 F DEBUG   : Build fingerprint: 'google/mako/mako:7.1.2/NJH47F/4146041:user/release-keys'
09-16 11:11:56.954 14975 14975 F DEBUG   : Revision: '0'
09-16 11:11:56.954 14975 14975 F DEBUG   : ABI: 'arm'
09-16 11:11:56.954 14975 14975 F DEBUG   : pid: 14916, tid: 14963, name: AsyncTask #1  >>> com.android.nfc <<<
09-16 11:11:56.954 14975 14975 F DEBUG   : signal 11 (SIGSEGV), code 1 (SEGV_MAPERR), fault addr 0x0
09-16 11:11:56.954 14975 14975 F DEBUG   : Cause: null pointer dereference
09-16 11:11:56.954 14975 14975 F DEBUG   :     r0 0000000e  r1 a73ec187  r2 000fffff  r3 00000001
09-16 11:11:56.954 14975 14975 F DEBUG   :     r4 00000000  r5 8da37d38  r6 8da37e04  r7 8da37eb4
09-16 11:11:56.955 14975 14975 F DEBUG   :     r8 00015fa0  r9 8da37a78  sl 8d907bf8  fp 8d907b84
09-16 11:11:56.955 14975 14975 F DEBUG   :     ip 8daaac1c  sp 8d907a60  lr 8da97497  pc 8da374d8  cpsr 600f0010
09-16 11:11:56.973 14946 14990 F libc    : Fatal signal 6 (SIGABRT), code -6 in tid 14990 (hci_thread)
09-16 11:11:56.993 14975 14975 F DEBUG   : 
09-16 11:11:56.993 14975 14975 F DEBUG   : backtrace:
09-16 11:11:56.993 14975 14975 F DEBUG   :     #00 pc 000764d8  /system/lib/libnfc-nci.so (_ZN13NfcAdaptation26InitializeHalDeviceContextEv+376)
09-16 11:11:56.993 14975 14975 F DEBUG   :     #01 pc 00075e4c  /system/lib/libnfc-nci.so (_ZN13NfcAdaptation10InitializeEv+832)
09-16 11:11:56.993 14975 14975 F DEBUG   :     #02 pc 0000dbf5  /system/lib/libnfc_nci_jni.so (_ZN7androidL23nfcManager_doInitializeEP7_JNIEnvP8_jobject+52)
09-16 11:11:56.993 14975 14975 F DEBUG   :     #03 pc 0002d8eb  /data/dalvik-cache/arm/system@app@NfcNci@NfcNci.apk@classes.dex (offset 0xf000)
09-16 11:11:57.390   820  1017 I PowerManagerService: Going to sleep due to screen timeout (uid 1000)...
09-16 11:11:57.750 14946 14990 F libc    : crash_dump helper failed to exec
09-16 11:11:57.755   820  1010 I BootReceiver: Copying /data/tombstones/tombstone_01 to DropBox (SYSTEM_TOMBSTONE)
09-16 11:11:57.768   820  3985 I ActivityManager: Process com.android.bluetooth (pid 14946) has died: psvc IMPF
09-16 11:11:57.768   820   820 D BluetoothManagerService: BluetoothServiceConnection, disconnected: com.android.bluetooth.btservice.AdapterService
09-16 11:11:57.768   820  1012 E BluetoothManagerService: MESSAGE_BLUETOOTH_SERVICE_DISCONNECTED(1)
09-16 11:11:57.768   820  3985 W ActivityManager: Scheduling restart of crashed service com.android.bluetooth/.btservice.AdapterService in 1000ms
09-16 11:11:57.768   820  1012 D BluetoothManagerService: Broadcasting onBluetoothServiceDown() to 4 receivers.
09-16 11:11:57.768   820  3985 W ActivityManager: Scheduling restart of crashed service com.android.bluetooth/.gatt.GattService in 10999ms
09-16 11:11:57.777   820  2398 I ActivityManager: Process com.android.nfc (pid 14916) has died: pers PER 
09-16 11:11:57.778   820  2398 W ActivityManager: Re-adding persistent process ProcessRecord{ce92822 14916:com.android.nfc/1027}
09-16 11:11:57.785   820  1017 I DisplayPowerController: Blocking screen off
09-16 11:11:57.789   820  2398 I ActivityManager: Start proc 15016:com.android.nfc/1027 for restart com.android.nfc
09-16 11:11:57.809   820  1017 I DreamManagerService: Entering dreamland.
09-16 11:11:57.809   820  1017 I PowerManagerService: Dozing...
09-16 11:11:57.810   820  1017 I DisplayPowerController: Unblocked screen off after 25 ms
09-16 11:11:57.810   820  1011 I DreamController: Starting dream: name=ComponentInfo{com.android.systemui/com.android.systemui.doze.DozeService}, isTest=false, canDoze=true, userId=0
09-16 11:11:57.816   820  1010 I BootReceiver: Copying /data/tombstones/tombstone_00 to DropBox (SYSTEM_TOMBSTONE)
09-16 11:11:57.846   820  1017 W ProcessCpuTracker: Skipping unknown process pid 14916
09-16 11:11:57.846   820  1017 W ProcessCpuTracker: Skipping unknown process pid 14946
09-16 11:11:57.848   820  2370 W CameraService_proxy: Could not notify mediaserver, camera service not available.
09-16 11:11:57.848   820  2370 I CameraService_proxy: Could not notify camera service of user switch, retrying...
09-16 11:11:57.853   820  1013 I DisplayManagerService: Display device changed state: "Built-in Screen", OFF
09-16 11:11:57.968   820  1012 D BluetoothManagerService: MESSAGE_RESTART_BLUETOOTH_SERVICE
09-16 11:11:57.980   820  1012 I ActivityManager: Start proc 15040:com.android.bluetooth/1002 for service com.android.bluetooth/.btservice.AdapterService
09-16 11:11:58.135 15016 15057 F libc    : Fatal signal 11 (SIGSEGV), code 1, fault addr 0x0 in tid 15057 (AsyncTask #1)
09-16 11:11:58.162   820   820 D BluetoothManagerService: Bluetooth Adapter name changed to Nexus 4
09-16 11:11:58.163   820   820 D BluetoothManagerService: Stored Bluetooth name: Nexus 4
09-16 11:11:58.171   820   820 D BluetoothManagerService: BluetoothServiceConnection: com.android.bluetooth.btservice.AdapterService
09-16 11:11:58.171   820  1012 D BluetoothManagerService: MESSAGE_BLUETOOTH_SERVICE_CONNECTED: 1
09-16 11:11:58.173   820  1012 D BluetoothManagerService: Broadcasting onBluetoothServiceUp() to 5 receivers.
09-16 11:11:58.176   820  1012 D BluetoothManagerService: MESSAGE_GET_NAME_AND_ADDRESS
09-16 11:11:58.179   820  1012 D BluetoothManagerService: Stored Bluetooth name: Nexus 4
09-16 11:11:58.179   820  1012 D BluetoothManagerService: MESSAGE_BLUETOOTH_STATE_CHANGE: OFF > BLE_TURNING_ON
09-16 11:11:58.179   820  1012 D BluetoothManagerService: Sending BLE State Change: OFF > BLE_TURNING_ON
09-16 11:11:58.210 15040 15080 F libc    : Fatal signal 6 (SIGABRT), code -6 in tid 15080 (hci_thread)
09-16 11:11:58.227 15076 15076 F DEBUG   : *** *** *** *** *** *** *** *** *** *** *** *** *** *** *** ***
09-16 11:11:58.227 15076 15076 F DEBUG   : Build fingerprint: 'google/mako/mako:7.1.2/NJH47F/4146041:user/release-keys'
09-16 11:11:58.228 15076 15076 F DEBUG   : Revision: '0'
09-16 11:11:58.228 15076 15076 F DEBUG   : ABI: 'arm'
09-16 11:11:58.228 15076 15076 F DEBUG   : pid: 15016, tid: 15057, name: AsyncTask #1  >>> com.android.nfc <<<
09-16 11:11:58.228 15076 15076 F DEBUG   : signal 11 (SIGSEGV), code 1 (SEGV_MAPERR), fault addr 0x0
09-16 11:11:58.228 15076 15076 F DEBUG   : Cause: null pointer dereference
09-16 11:11:58.228 15076 15076 F DEBUG   :     r0 0000000e  r1 a73ec187  r2 000fffff  r3 00000001
09-16 11:11:58.228 15076 15076 F DEBUG   :     r4 00000000  r5 8da06d38  r6 8da06e04  r7 8da06eb4
09-16 11:11:58.228 15076 15076 F DEBUG   :     r8 00015fa0  r9 8da06a78  sl 8d92fbf8  fp 8d92fb84
09-16 11:11:58.228 15076 15076 F DEBUG   :     ip 8d96ec1c  sp 8d92fa60  lr 8d95b497  pc 8da064d8  cpsr 600f0010
09-16 11:11:58.271 15076 15076 F DEBUG   : 
09-16 11:11:58.271 15076 15076 F DEBUG   : backtrace:
09-16 11:11:58.271 15076 15076 F DEBUG   :     #00 pc 000764d8  /system/lib/libnfc-nci.so (_ZN13NfcAdaptation26InitializeHalDeviceContextEv+376)
09-16 11:11:58.271 15076 15076 F DEBUG   :     #01 pc 00075e4c  /system/lib/libnfc-nci.so (_ZN13NfcAdaptation10InitializeEv+832)
09-16 11:11:58.272 15076 15076 F DEBUG   :     #02 pc 0000dbf5  /system/lib/libnfc_nci_jni.so (_ZN7androidL23nfcManager_doInitializeEP7_JNIEnvP8_jobject+52)
09-16 11:11:58.272 15076 15076 F DEBUG   :     #03 pc 0002d8eb  /data/dalvik-cache/arm/system@app@NfcNci@NfcNci.apk@classes.dex (offset 0xf000)
09-16 11:11:58.959 15040 15080 F libc    : crash_dump helper failed to exec
09-16 11:11:58.962   820  1010 I BootReceiver: Copying /data/tombstones/tombstone_03 to DropBox (SYSTEM_TOMBSTONE)
09-16 11:11:58.978   820   820 D BluetoothManagerService: BluetoothServiceConnection, disconnected: com.android.bluetooth.btservice.AdapterService
09-16 11:11:58.978   820  1012 E BluetoothManagerService: MESSAGE_BLUETOOTH_SERVICE_DISCONNECTED(1)
09-16 11:11:58.978   820  1012 D BluetoothManagerService: Broadcasting onBluetoothServiceDown() to 3 receivers.
09-16 11:11:58.979   820  3301 I ActivityManager: Process com.android.bluetooth (pid 15040) has died: psvc IMPF
09-16 11:11:58.980   820  3301 W ActivityManager: Scheduling restart of crashed service com.android.bluetooth/.btservice.AdapterService in 1000ms
09-16 11:11:58.980   820  3301 W ActivityManager: Scheduling restart of crashed service com.android.bluetooth/.gatt.GattService in 11000ms
09-16 11:11:58.983   820  1010 I BootReceiver: Copying /data/tombstones/tombstone_02 to DropBox (SYSTEM_TOMBSTONE)
09-16 11:11:58.989   820  3308 I ActivityManager: Process com.android.nfc (pid 15016) has died: pers PER 
09-16 11:11:58.990   820  3308 W ActivityManager: Re-adding persistent process ProcessRecord{ce92822 15016:com.android.nfc/1027}
09-16 11:11:59.023   820  3308 I ActivityManager: Start proc 15094:com.android.nfc/1027 for restart com.android.nfc
09-16 11:11:59.178   820  1012 D BluetoothManagerService: MESSAGE_RESTART_BLUETOOTH_SERVICE
09-16 11:11:59.196   820  1012 I ActivityManager: Start proc 15115:com.android.bluetooth/1002 for service com.android.bluetooth/.btservice.AdapterService
09-16 11:11:59.272 15094 15132 F libc    : Fatal signal 11 (SIGSEGV), code 1, fault addr 0x0 in tid 15132 (AsyncTask #1)
09-16 11:11:59.356 15140 15140 F DEBUG   : *** *** *** *** *** *** *** *** *** *** *** *** *** *** *** ***
09-16 11:11:59.356 15140 15140 F DEBUG   : Build fingerprint: 'google/mako/mako:7.1.2/NJH47F/4146041:user/release-keys'
09-16 11:11:59.356 15140 15140 F DEBUG   : Revision: '0'
09-16 11:11:59.356 15140 15140 F DEBUG   : ABI: 'arm'
09-16 11:11:59.356 15140 15140 F DEBUG   : pid: 15094, tid: 15132, name: AsyncTask #1  >>> com.android.nfc <<<
09-16 11:11:59.356 15140 15140 F DEBUG   : signal 11 (SIGSEGV), code 1 (SEGV_MAPERR), fault addr 0x0
09-16 11:11:59.356 15140 15140 F DEBUG   : Cause: null pointer dereference
09-16 11:11:59.357 15140 15140 F DEBUG   :     r0 0000000e  r1 a73ec187  r2 000fffff  r3 00000001
09-16 11:11:59.357 15140 15140 F DEBUG   :     r4 00000000  r5 8d9fad38  r6 8d9fae04  r7 8d9faeb4
09-16 11:11:59.357 15140 15140 F DEBUG   :     r8 00015fa0  r9 8d9faa78  sl 8d907bf8  fp 8d907b84
09-16 11:11:59.357 15140 15140 F DEBUG   :     ip 8da72c1c  sp 8d907a60  lr 8da5f497  pc 8d9fa4d8  cpsr 600f0010
09-16 11:11:59.368   820   820 D BluetoothManagerService: BluetoothServiceConnection: com.android.bluetooth.btservice.AdapterService
09-16 11:11:59.368   820  1012 D BluetoothManagerService: MESSAGE_BLUETOOTH_SERVICE_CONNECTED: 1
09-16 11:11:59.373   820  1012 D BluetoothManagerService: Broadcasting onBluetoothServiceUp() to 5 receivers.
09-16 11:11:59.377   820  1012 D BluetoothManagerService: MESSAGE_GET_NAME_AND_ADDRESS
09-16 11:11:59.381   820  1012 D BluetoothManagerService: MESSAGE_BLUETOOTH_STATE_CHANGE: OFF > BLE_TURNING_ON
09-16 11:11:59.381   820  1012 D BluetoothManagerService: Sending BLE State Change: OFF > BLE_TURNING_ON
09-16 11:11:59.395 15140 15140 F DEBUG   : 
09-16 11:11:59.395 15140 15140 F DEBUG   : backtrace:
09-16 11:11:59.396 15140 15140 F DEBUG   :     #00 pc 000764d8  /system/lib/libnfc-nci.so (_ZN13NfcAdaptation26InitializeHalDeviceContextEv+376)
09-16 11:11:59.396 15140 15140 F DEBUG   :     #01 pc 00075e4c  /system/lib/libnfc-nci.so (_ZN13NfcAdaptation10InitializeEv+832)
09-16 11:11:59.396 15140 15140 F DEBUG   :     #02 pc 0000dbf5  /system/lib/libnfc_nci_jni.so (_ZN7androidL23nfcManager_doInitializeEP7_JNIEnvP8_jobject+52)
09-16 11:11:59.396 15140 15140 F DEBUG   :     #03 pc 0002d8eb  /data/dalvik-cache/arm/system@app@NfcNci@NfcNci.apk@classes.dex (offset 0xf000)
09-16 11:11:59.410 15115 15157 F libc    : Fatal signal 6 (SIGABRT), code -6 in tid 15157 (hci_thread)
09-16 11:12:00.057 15115 15157 F libc    : crash_dump helper failed to exec
09-16 11:12:00.063   820  1010 I BootReceiver: Copying /data/tombstones/tombstone_05 to DropBox (SYSTEM_TOMBSTONE)
09-16 11:12:00.077   820   820 D BluetoothManagerService: BluetoothServiceConnection, disconnected: com.android.bluetooth.btservice.AdapterService
09-16 11:12:00.077   820  1012 E BluetoothManagerService: MESSAGE_BLUETOOTH_SERVICE_DISCONNECTED(1)
09-16 11:12:00.078   820  1012 D BluetoothManagerService: Broadcasting onBluetoothServiceDown() to 4 receivers.
09-16 11:12:00.078   820  2398 I ActivityManager: Process com.android.bluetooth (pid 15115) has died: psvc IMPF
09-16 11:12:00.078   820  2398 W ActivityManager: Scheduling restart of crashed service com.android.bluetooth/.btservice.AdapterService in 1000ms
09-16 11:12:00.078   820  2398 W ActivityManager: Scheduling restart of crashed service com.android.bluetooth/.gatt.GattService in 11000ms
09-16 11:12:00.092   820  1001 I ActivityManager: Process com.android.nfc (pid 15094) has died: pers PER 
09-16 11:12:00.092   820  1001 W ActivityManager: Re-adding persistent process ProcessRecord{ce92822 15094:com.android.nfc/1027}
09-16 11:12:00.095   820  1010 I BootReceiver: Copying /data/tombstones/tombstone_04 to DropBox (SYSTEM_TOMBSTONE)
09-16 11:12:00.103   820  1001 I ActivityManager: Start proc 15168:com.android.nfc/1027 for restart com.android.nfc
09-16 11:12:00.277   820  1012 D BluetoothManagerService: MESSAGE_RESTART_BLUETOOTH_SERVICE
09-16 11:12:00.289   820  1012 I ActivityManager: Start proc 15190:com.android.bluetooth/1002 for service com.android.bluetooth/.btservice.AdapterService
09-16 11:12:00.369 15168 15204 F libc    : Fatal signal 11 (SIGSEGV), code 1, fault addr 0x0 in tid 15204 (AsyncTask #1)
09-16 11:12:00.454 15217 15217 F DEBUG   : *** *** *** *** *** *** *** *** *** *** *** *** *** *** *** ***
09-16 11:12:00.454 15217 15217 F DEBUG   : Build fingerprint: 'google/mako/mako:7.1.2/NJH47F/4146041:user/release-keys'
09-16 11:12:00.454 15217 15217 F DEBUG   : Revision: '0'
09-16 11:12:00.454 15217 15217 F DEBUG   : ABI: 'arm'
09-16 11:12:00.454 15217 15217 F DEBUG   : pid: 15168, tid: 15204, name: AsyncTask #1  >>> com.android.nfc <<<
09-16 11:12:00.454 15217 15217 F DEBUG   : signal 11 (SIGSEGV), code 1 (SEGV_MAPERR), fault addr 0x0
09-16 11:12:00.454 15217 15217 F DEBUG   : Cause: null pointer dereference
09-16 11:12:00.454 15217 15217 F DEBUG   :     r0 0000000e  r1 a73ec187  r2 000fffff  r3 00000001
09-16 11:12:00.455 15217 15217 F DEBUG   :     r4 00000000  r5 8da3cd38  r6 8da3ce04  r7 8da3ceb4
09-16 11:12:00.455 15217 15217 F DEBUG   :     r8 00015fa0  r9 8da3ca78  sl 8d90ebf8  fp 8d90eb84
09-16 11:12:00.455 15217 15217 F DEBUG   :     ip 8daabc1c  sp 8d90ea60  lr 8da98497  pc 8da3c4d8  cpsr 600f0010
09-16 11:12:00.483   820   820 D BluetoothManagerService: BluetoothServiceConnection: com.android.bluetooth.btservice.AdapterService
09-16 11:12:00.489   820  1012 D BluetoothManagerService: MESSAGE_BLUETOOTH_SERVICE_CONNECTED: 1
09-16 11:12:00.490 15217 15217 F DEBUG   : 
09-16 11:12:00.490 15217 15217 F DEBUG   : backtrace:
09-16 11:12:00.490 15217 15217 F DEBUG   :     #00 pc 000764d8  /system/lib/libnfc-nci.so (_ZN13NfcAdaptation26InitializeHalDeviceContextEv+376)
09-16 11:12:00.490 15217 15217 F DEBUG   :     #01 pc 00075e4c  /system/lib/libnfc-nci.so (_ZN13NfcAdaptation10InitializeEv+832)
09-16 11:12:00.490 15217 15217 F DEBUG   :     #02 pc 0000dbf5  /system/lib/libnfc_nci_jni.so (_ZN7androidL23nfcManager_doInitializeEP7_JNIEnvP8_jobject+52)
09-16 11:12:00.490 15217 15217 F DEBUG   :     #03 pc 0002d8eb  /data/dalvik-cache/arm/system@app@NfcNci@NfcNci.apk@classes.dex (offset 0xf000)
09-16 11:12:00.491   820  1012 D BluetoothManagerService: Broadcasting onBluetoothServiceUp() to 5 receivers.
09-16 11:12:00.513   820  1012 D BluetoothManagerService: MESSAGE_GET_NAME_AND_ADDRESS
09-16 11:12:00.516   820  1012 D BluetoothManagerService: MESSAGE_BLUETOOTH_STATE_CHANGE: OFF > BLE_TURNING_ON
09-16 11:12:00.516   820  1012 D BluetoothManagerService: Sending BLE State Change: OFF > BLE_TURNING_ON
09-16 11:12:00.547 15190 15234 F libc    : Fatal signal 6 (SIGABRT), code -6 in tid 15234 (hci_thread)
09-16 11:12:00.772 15241 15241 F libc    : CANNOT LINK EXECUTABLE "/system/bin/mm-qcamera-daemon": "/system/lib/libmmjpeg.so" has text relocations
09-16 11:12:00.773 15241 15241 F libc    : Fatal signal 6 (SIGABRT), code -6 in tid 15241 (mm-qcamera-daem)
09-16 11:12:01.159 15190 15234 F libc    : crash_dump helper failed to exec
09-16 11:12:01.161   820  1010 I BootReceiver: Copying /data/tombstones/tombstone_07 to DropBox (SYSTEM_TOMBSTONE)
09-16 11:12:01.175   820   820 D BluetoothManagerService: BluetoothServiceConnection, disconnected: com.android.bluetooth.btservice.AdapterService
09-16 11:12:01.175   820  2747 I ActivityManager: Process com.android.bluetooth (pid 15190) has died: psvc IMPF
09-16 11:12:01.175   820  1012 E BluetoothManagerService: MESSAGE_BLUETOOTH_SERVICE_DISCONNECTED(1)
09-16 11:12:01.176   820  1012 D BluetoothManagerService: Broadcasting onBluetoothServiceDown() to 4 receivers.
09-16 11:12:01.176   820  2747 W ActivityManager: Scheduling restart of crashed service com.android.bluetooth/.gatt.GattService in 1000ms
09-16 11:12:01.176   820  2747 W ActivityManager: Scheduling restart of crashed service com.android.bluetooth/.btservice.AdapterService in 1000ms
09-16 11:12:01.178 15250 15250 F DEBUG   : *** *** *** *** *** *** *** *** *** *** *** *** *** *** *** ***
09-16 11:12:01.178 15250 15250 F DEBUG   : Build fingerprint: 'google/mako/mako:7.1.2/NJH47F/4146041:user/release-keys'
09-16 11:12:01.179 15250 15250 F DEBUG   : Revision: '0'
09-16 11:12:01.179 15250 15250 F DEBUG   : ABI: 'arm'
09-16 11:12:01.179 15250 15250 F DEBUG   : pid: 15241, tid: 15241, name: mm-qcamera-daem  >>> /system/bin/mm-qcamera-daemon <<<
09-16 11:12:01.179 15250 15250 F DEBUG   : signal 6 (SIGABRT), code -6 (SI_TKILL), fault addr --------
09-16 11:12:01.193   820  1010 I BootReceiver: Copying /data/tombstones/tombstone_06 to DropBox (SYSTEM_TOMBSTONE)
09-16 11:12:01.197 15250 15250 F DEBUG   : Abort message: 'CANNOT LINK EXECUTABLE "/system/bin/mm-qcamera-daemon": "/system/lib/libmmjpeg.so" has text relocations'
09-16 11:12:01.197 15250 15250 F DEBUG   :     r0 00000000  r1 00003b89  r2 00000006  r3 00000008
09-16 11:12:01.197 15250 15250 F DEBUG   :     r4 00003b89  r5 00003b89  r6 beaac830  r7 0000010c
09-16 11:12:01.197 15250 15250 F DEBUG   :     r8 beaadae4  r9 b0859010  sl beaacad8  fp b08a5cd0
09-16 11:12:01.197 15250 15250 F DEBUG   :     ip 00000000  sp beaac820  lr b090f597  pc b091983c  cpsr 200d0010
09-16 11:12:01.219 15250 15250 F DEBUG   : 
09-16 11:12:01.219 15250 15250 F DEBUG   : backtrace:
09-16 11:12:01.219 15250 15250 F DEBUG   :     #00 pc 0006783c  /system/bin/linker (__dl_tgkill+12)
09-16 11:12:01.219 15250 15250 F DEBUG   :     #01 pc 0005d593  /system/bin/linker (__dl_abort+54)
09-16 11:12:01.220 15250 15250 F DEBUG   :     #02 pc 00018c21  /system/bin/linker (__dl___libc_fatal+24)
09-16 11:12:01.220 15250 15250 F DEBUG   :     #03 pc 00010267  /system/bin/linker (__dl___linker_init+1986)
09-16 11:12:01.220 15250 15250 F DEBUG   :     #04 pc 00015324  /system/bin/linker (_start+4)
09-16 11:12:01.235   820  1001 I ActivityManager: Process com.android.nfc (pid 15168) has died: pers PER 
09-16 11:12:01.235   820  1001 W ActivityManager: Re-adding persistent process ProcessRecord{ce92822 15168:com.android.nfc/1027}
09-16 11:12:01.249   820  1001 I ActivityManager: Start proc 15258:com.android.nfc/1027 for restart com.android.nfc
09-16 11:12:01.291   820  2331 W NativeCrashListener: Couldn't find ProcessRecord for pid 15241
09-16 11:12:01.293   820  1010 I BootReceiver: Copying /data/tombstones/tombstone_08 to DropBox (SYSTEM_TOMBSTONE)
09-16 11:12:01.375   820  1012 D BluetoothManagerService: MESSAGE_RESTART_BLUETOOTH_SERVICE
09-16 11:12:01.387   820  1012 I ActivityManager: Start proc 15288:com.android.bluetooth/1002 for service com.android.bluetooth/.btservice.AdapterService
09-16 11:12:01.495 15258 15305 F libc    : Fatal signal 11 (SIGSEGV), code 1, fault addr 0x0 in tid 15305 (AsyncTask #1)
09-16 11:12:01.560   820   820 D BluetoothManagerService: BluetoothServiceConnection: com.android.bluetooth.btservice.AdapterService
09-16 11:12:01.565   820  1012 D BluetoothManagerService: MESSAGE_BLUETOOTH_SERVICE_CONNECTED: 1
09-16 11:12:01.567   820  1012 D BluetoothManagerService: Broadcasting onBluetoothServiceUp() to 5 receivers.
09-16 11:12:01.570   820  1012 D BluetoothManagerService: MESSAGE_GET_NAME_AND_ADDRESS
09-16 11:12:01.571   820  1012 D BluetoothManagerService: MESSAGE_BLUETOOTH_STATE_CHANGE: OFF > BLE_TURNING_ON
09-16 11:12:01.571   820  1012 D BluetoothManagerService: Sending BLE State Change: OFF > BLE_TURNING_ON
09-16 11:12:01.585 15315 15315 F DEBUG   : *** *** *** *** *** *** *** *** *** *** *** *** *** *** *** ***
09-16 11:12:01.585 15315 15315 F DEBUG   : Build fingerprint: 'google/mako/mako:7.1.2/NJH47F/4146041:user/release-keys'
09-16 11:12:01.585 15315 15315 F DEBUG   : Revision: '0'
09-16 11:12:01.585 15315 15315 F DEBUG   : ABI: 'arm'
09-16 11:12:01.585 15315 15315 F DEBUG   : pid: 15258, tid: 15305, name: AsyncTask #1  >>> com.android.nfc <<<
09-16 11:12:01.585 15315 15315 F DEBUG   : signal 11 (SIGSEGV), code 1 (SEGV_MAPERR), fault addr 0x0
09-16 11:12:01.585 15315 15315 F DEBUG   : Cause: null pointer dereference
09-16 11:12:01.586 15315 15315 F DEBUG   :     r0 0000000e  r1 a73ec187  r2 000fffff  r3 00000001
09-16 11:12:01.586 15315 15315 F DEBUG   :     r4 00000000  r5 8da7bd38  r6 8da7be04  r7 8da7beb4
09-16 11:12:01.586 15315 15315 F DEBUG   :     r8 00015fa0  r9 8da7ba78  sl 8d922bf8  fp 8d922b84
09-16 11:12:01.586 15315 15315 F DEBUG   :     ip 8d9efc1c  sp 8d922a60  lr 8d9dc497  pc 8da7b4d8  cpsr 600f0010
09-16 11:12:01.608 15288 15330 F libc    : Fatal signal 6 (SIGABRT), code -6 in tid 15330 (hci_thread)
09-16 11:12:01.621 15315 15315 F DEBUG   : 
09-16 11:12:01.621 15315 15315 F DEBUG   : backtrace:
09-16 11:12:01.621 15315 15315 F DEBUG   :     #00 pc 000764d8  /system/lib/libnfc-nci.so (_ZN13NfcAdaptation26InitializeHalDeviceContextEv+376)
09-16 11:12:01.621 15315 15315 F DEBUG   :     #01 pc 00075e4c  /system/lib/libnfc-nci.so (_ZN13NfcAdaptation10InitializeEv+832)
09-16 11:12:01.621 15315 15315 F DEBUG   :     #02 pc 0000dbf5  /system/lib/libnfc_nci_jni.so (_ZN7androidL23nfcManager_doInitializeEP7_JNIEnvP8_jobject+52)
09-16 11:12:01.621 15315 15315 F DEBUG   :     #03 pc 0002d8eb  /data/dalvik-cache/arm/system@app@NfcNci@NfcNci.apk@classes.dex (offset 0xf000)
09-16 11:12:02.265   820  1010 I BootReceiver: Copying /data/tombstones/tombstone_09 to DropBox (SYSTEM_TOMBSTONE)
09-16 11:12:02.267 15288 15330 F libc    : crash_dump helper failed to exec
09-16 11:12:02.324   820  3308 I ActivityManager: Process com.android.nfc (pid 15258) has died: pers PER 
09-16 11:12:02.326   820  3308 W ActivityManager: Re-adding persistent process ProcessRecord{ce92822 15258:com.android.nfc/1027}
09-16 11:12:02.326   820   820 D BluetoothManagerService: BluetoothServiceConnection, disconnected: com.android.bluetooth.btservice.AdapterService
09-16 11:12:02.327   820  1012 E BluetoothManagerService: MESSAGE_BLUETOOTH_SERVICE_DISCONNECTED(1)
09-16 11:12:02.327   820  1012 D BluetoothManagerService: Broadcasting onBluetoothServiceDown() to 3 receivers.
09-16 11:12:02.338   820  3308 I ActivityManager: Start proc 15355:com.android.nfc/1027 for restart com.android.nfc
09-16 11:12:02.343   820  3348 I ActivityManager: Process com.android.bluetooth (pid 15288) has died: psvc IMPF
09-16 11:12:02.343   820  3348 W ActivityManager: Scheduling restart of crashed service com.android.bluetooth/.gatt.GattService in 1000ms
09-16 11:12:02.343   820  3348 W ActivityManager: Scheduling restart of crashed service com.android.bluetooth/.btservice.AdapterService in 1000ms
09-16 11:12:02.356   820  1010 I BootReceiver: Copying /data/tombstones/tombstone_00 to DropBox (SYSTEM_TOMBSTONE)
09-16 11:12:02.440   820  3341 D CryptdConnector: SND -> {4 cryptfs getpw}
09-16 11:12:02.441   176   182 D VoldCryptCmdListener: cryptfs getpw
09-16 11:12:02.441   820  1162 D CryptdConnector: RCV <- {200 4 -1}
09-16 11:12:02.442   820  3341 D CryptdConnector: SND -> {5 cryptfs clearpw}
09-16 11:12:02.442   176   182 D VoldCryptCmdListener: cryptfs clearpw
09-16 11:12:02.443   820  1162 D CryptdConnector: RCV <- {200 5 0}
09-16 11:12:02.528   820  1012 D BluetoothManagerService: MESSAGE_RESTART_BLUETOOTH_SERVICE
09-16 11:12:02.542   820  1012 I ActivityManager: Start proc 15376:com.android.bluetooth/1002 for service com.android.bluetooth/.btservice.AdapterService
09-16 11:12:02.752 15355 15394 F libc    : Fatal signal 11 (SIGSEGV), code 1, fault addr 0x0 in tid 15394 (AsyncTask #1)
09-16 11:12:02.766   820   820 D BluetoothManagerService: Bluetooth Adapter name changed to Nexus 4
09-16 11:12:02.766   820   820 D BluetoothManagerService: Stored Bluetooth name: Nexus 4
09-16 11:12:02.775   820   820 D BluetoothManagerService: BluetoothServiceConnection: com.android.bluetooth.btservice.AdapterService
09-16 11:12:02.775   820  1012 D BluetoothManagerService: MESSAGE_BLUETOOTH_SERVICE_CONNECTED: 1
09-16 11:12:02.782   820  1012 D BluetoothManagerService: Broadcasting onBluetoothServiceUp() to 5 receivers.
09-16 11:12:02.785   820  1012 D BluetoothManagerService: MESSAGE_GET_NAME_AND_ADDRESS
09-16 11:12:02.786   820  1012 D BluetoothManagerService: Stored Bluetooth name: Nexus 4
09-16 11:12:02.786   820  1012 D BluetoothManagerService: MESSAGE_BLUETOOTH_STATE_CHANGE: OFF > BLE_TURNING_ON
09-16 11:12:02.786   820  1012 D BluetoothManagerService: Sending BLE State Change: OFF > BLE_TURNING_ON
09-16 11:12:02.821 15376 15420 F libc    : Fatal signal 6 (SIGABRT), code -6 in tid 15420 (hci_thread)
09-16 11:12:02.851 15415 15415 F DEBUG   : *** *** *** *** *** *** *** *** *** *** *** *** *** *** *** ***
09-16 11:12:02.851 15415 15415 F DEBUG   : Build fingerprint: 'google/mako/mako:7.1.2/NJH47F/4146041:user/release-keys'
09-16 11:12:02.851 15415 15415 F DEBUG   : Revision: '0'
09-16 11:12:02.851 15415 15415 F DEBUG   : ABI: 'arm'
09-16 11:12:02.851 15415 15415 F DEBUG   : pid: 15355, tid: 15394, name: AsyncTask #1  >>> com.android.nfc <<<
09-16 11:12:02.851 15415 15415 F DEBUG   : signal 11 (SIGSEGV), code 1 (SEGV_MAPERR), fault addr 0x0
09-16 11:12:02.851 15415 15415 F DEBUG   : Cause: null pointer dereference
09-16 11:12:02.851 15415 15415 F DEBUG   :     r0 0000000e  r1 a73ec187  r2 000fffff  r3 00000001
09-16 11:12:02.851 15415 15415 F DEBUG   :     r4 00000000  r5 8d980d38  r6 8d980e04  r7 8d980eb4
09-16 11:12:02.851 15415 15415 F DEBUG   :     r8 00015fa0  r9 8d980a78  sl 8d908bf8  fp 8d908b84
09-16 11:12:02.851 15415 15415 F DEBUG   :     ip 8da7ac1c  sp 8d908a60  lr 8da67497  pc 8d9804d8  cpsr 600f0010
09-16 11:12:02.894 15415 15415 F DEBUG   : 
09-16 11:12:02.894 15415 15415 F DEBUG   : backtrace:
09-16 11:12:02.894 15415 15415 F DEBUG   :     #00 pc 000764d8  /system/lib/libnfc-nci.so (_ZN13NfcAdaptation26InitializeHalDeviceContextEv+376)
09-16 11:12:02.894 15415 15415 F DEBUG   :     #01 pc 00075e4c  /system/lib/libnfc-nci.so (_ZN13NfcAdaptation10InitializeEv+832)
09-16 11:12:02.894 15415 15415 F DEBUG   :     #02 pc 0000dbf5  /system/lib/libnfc_nci_jni.so (_ZN7androidL23nfcManager_doInitializeEP7_JNIEnvP8_jobject+52)
09-16 11:12:02.894 15415 15415 F DEBUG   :     #03 pc 0002d8eb  /data/dalvik-cache/arm/system@app@NfcNci@NfcNci.apk@classes.dex (offset 0xf000)
09-16 11:12:03.568 15376 15420 F libc    : crash_dump helper failed to exec
09-16 11:12:03.571   820  1010 I BootReceiver: Copying /data/tombstones/tombstone_02 to DropBox (SYSTEM_TOMBSTONE)
09-16 11:12:03.586   820  1002 I ActivityManager: Process com.android.bluetooth (pid 15376) has died: psvc IMPF
09-16 11:12:03.586   820   820 D BluetoothManagerService: BluetoothServiceConnection, disconnected: com.android.bluetooth.btservice.AdapterService
09-16 11:12:03.587   820  1012 E BluetoothManagerService: MESSAGE_BLUETOOTH_SERVICE_DISCONNECTED(1)
09-16 11:12:03.587   820  1012 D BluetoothManagerService: Broadcasting onBluetoothServiceDown() to 4 receivers.
09-16 11:12:03.587   820  1002 W ActivityManager: Scheduling restart of crashed service com.android.bluetooth/.btservice.AdapterService in 1000ms
09-16 11:12:03.587   820  1002 W ActivityManager: Scheduling restart of crashed service com.android.bluetooth/.gatt.GattService in 11000ms
09-16 11:12:03.592   820  1010 I BootReceiver: Copying /data/tombstones/tombstone_01 to DropBox (SYSTEM_TOMBSTONE)
09-16 11:12:03.601   820  1001 I ActivityManager: Process com.android.nfc (pid 15355) has died: pers PER 
09-16 11:12:03.601   820  1001 W ActivityManager: Re-adding persistent process ProcessRecord{ce92822 15355:com.android.nfc/1027}
09-16 11:12:03.614   820  1001 I ActivityManager: Start proc 15435:com.android.nfc/1027 for restart com.android.nfc
09-16 11:12:03.787   820  1012 D BluetoothManagerService: MESSAGE_RESTART_BLUETOOTH_SERVICE
09-16 11:12:03.809   820  1012 I ActivityManager: Start proc 15452:com.android.bluetooth/1002 for service com.android.bluetooth/.btservice.AdapterService
09-16 11:12:03.863 15435 15466 F libc    : Fatal signal 11 (SIGSEGV), code 1, fault addr 0x0 in tid 15466 (AsyncTask #1)
09-16 11:12:03.947 15479 15479 F DEBUG   : *** *** *** *** *** *** *** *** *** *** *** *** *** *** *** ***
09-16 11:12:03.948 15479 15479 F DEBUG   : Build fingerprint: 'google/mako/mako:7.1.2/NJH47F/4146041:user/release-keys'
09-16 11:12:03.948 15479 15479 F DEBUG   : Revision: '0'
09-16 11:12:03.948 15479 15479 F DEBUG   : ABI: 'arm'
09-16 11:12:03.948 15479 15479 F DEBUG   : pid: 15435, tid: 15466, name: AsyncTask #1  >>> com.android.nfc <<<
09-16 11:12:03.948 15479 15479 F DEBUG   : signal 11 (SIGSEGV), code 1 (SEGV_MAPERR), fault addr 0x0
09-16 11:12:03.948 15479 15479 F DEBUG   : Cause: null pointer dereference
09-16 11:12:03.948 15479 15479 F DEBUG   :     r0 0000000e  r1 a73ec187  r2 000fffff  r3 00000001
09-16 11:12:03.948 15479 15479 F DEBUG   :     r4 00000000  r5 8d9fcd38  r6 8d9fce04  r7 8d9fceb4
09-16 11:12:03.948 15479 15479 F DEBUG   :     r8 00015fa0  r9 8d9fca78  sl 8d932bf8  fp 8d932b84
09-16 11:12:03.948 15479 15479 F DEBUG   :     ip 8d96cc1c  sp 8d932a60  lr 8d959497  pc 8d9fc4d8  cpsr 600f0010
09-16 11:12:03.982 15479 15479 F DEBUG   : 
09-16 11:12:03.982 15479 15479 F DEBUG   : backtrace:
09-16 11:12:03.982 15479 15479 F DEBUG   :     #00 pc 000764d8  /system/lib/libnfc-nci.so (_ZN13NfcAdaptation26InitializeHalDeviceContextEv+376)
09-16 11:12:03.983 15479 15479 F DEBUG   :     #01 pc 00075e4c  /system/lib/libnfc-nci.so (_ZN13NfcAdaptation10InitializeEv+832)
09-16 11:12:03.983 15479 15479 F DEBUG   :     #02 pc 0000dbf5  /system/lib/libnfc_nci_jni.so (_ZN7androidL23nfcManager_doInitializeEP7_JNIEnvP8_jobject+52)
09-16 11:12:03.983 15479 15479 F DEBUG   :     #03 pc 0002d8eb  /data/dalvik-cache/arm/system@app@NfcNci@NfcNci.apk@classes.dex (offset 0xf000)
09-16 11:12:03.989   820   820 D BluetoothManagerService: BluetoothServiceConnection: com.android.bluetooth.btservice.AdapterService
09-16 11:12:03.990   820  1012 D BluetoothManagerService: MESSAGE_BLUETOOTH_SERVICE_CONNECTED: 1
09-16 11:12:03.992   820  1012 D BluetoothManagerService: Broadcasting onBluetoothServiceUp() to 5 receivers.
09-16 11:12:03.997   820  1012 D BluetoothManagerService: MESSAGE_GET_NAME_AND_ADDRESS
09-16 11:12:04.000   820  1012 D BluetoothManagerService: MESSAGE_BLUETOOTH_STATE_CHANGE: OFF > BLE_TURNING_ON
09-16 11:12:04.000   820  1012 D BluetoothManagerService: Sending BLE State Change: OFF > BLE_TURNING_ON
09-16 11:12:04.030 15452 15496 F libc    : Fatal signal 6 (SIGABRT), code -6 in tid 15496 (hci_thread)
09-16 11:12:04.634 15452 15496 F libc    : crash_dump helper failed to exec
09-16 11:12:04.636   820  1010 I BootReceiver: Copying /data/tombstones/tombstone_04 to DropBox (SYSTEM_TOMBSTONE)
09-16 11:12:04.649   820  3348 I ActivityManager: Process com.android.bluetooth (pid 15452) has died: psvc IMPF
09-16 11:12:04.650   820  3348 W ActivityManager: Scheduling restart of crashed service com.android.bluetooth/.gatt.GattService in 1000ms
09-16 11:12:04.650   820  3348 W ActivityManager: Scheduling restart of crashed service com.android.bluetooth/.btservice.AdapterService in 1000ms
09-16 11:12:04.656   820   820 D BluetoothManagerService: BluetoothServiceConnection, disconnected: com.android.bluetooth.btservice.AdapterService
09-16 11:12:04.657   820  1012 E BluetoothManagerService: MESSAGE_BLUETOOTH_SERVICE_DISCONNECTED(1)
09-16 11:12:04.657   820  1012 D BluetoothManagerService: Broadcasting onBluetoothServiceDown() to 4 receivers.
09-16 11:12:04.657   820  1012 E BluetoothManagerService: Unable to call onBluetoothServiceDown() on callback #1
09-16 11:12:04.657   820  1012 E BluetoothManagerService: android.os.DeadObjectException
09-16 11:12:04.657   820  1012 E BluetoothManagerService: 	at android.os.BinderProxy.transactNative(Native Method)
09-16 11:12:04.657   820  1012 E BluetoothManagerService: 	at android.os.BinderProxy.transact(Binder.java:748)
09-16 11:12:04.657   820  1012 E BluetoothManagerService: 	at android.bluetooth.IBluetoothManagerCallback$Stub$Proxy.onBluetoothServiceDown(IBluetoothManagerCallback.java:105)
09-16 11:12:04.657   820  1012 E BluetoothManagerService: 	at com.android.server.BluetoothManagerService.sendBluetoothServiceDownCallback(BluetoothManagerService.java:1243)
09-16 11:12:04.657   820  1012 E BluetoothManagerService: 	at com.android.server.BluetoothManagerService.-wrap15(Unknown Source:0)
09-16 11:12:04.657   820  1012 E BluetoothManagerService: 	at com.android.server.BluetoothManagerService$BluetoothHandler.handleMessage(BluetoothManagerService.java:1652)
09-16 11:12:04.657   820  1012 E BluetoothManagerService: 	at android.os.Handler.dispatchMessage(Handler.java:105)
09-16 11:12:04.657   820  1012 E BluetoothManagerService: 	at android.os.Looper.loop(Looper.java:164)
09-16 11:12:04.657   820  1012 E BluetoothManagerService: 	at android.os.HandlerThread.run(HandlerThread.java:65)
09-16 11:12:04.657   820  1012 E BluetoothManagerService: 	at com.android.server.ServiceThread.run(ServiceThread.java:46)
09-16 11:12:04.658   820  1002 I ActivityManager: Process com.android.nfc (pid 15435) has died: pers PER 
09-16 11:12:04.658   820  1002 W ActivityManager: Re-adding persistent process ProcessRecord{ce92822 15435:com.android.nfc/1027}
09-16 11:12:04.665   820  1010 I BootReceiver: Copying /data/tombstones/tombstone_03 to DropBox (SYSTEM_TOMBSTONE)
09-16 11:12:04.671   820  1002 I ActivityManager: Start proc 15508:com.android.nfc/1027 for restart com.android.nfc
09-16 11:12:04.857   820  1012 D BluetoothManagerService: MESSAGE_RESTART_BLUETOOTH_SERVICE
09-16 11:12:04.868   820  1012 I ActivityManager: Start proc 15525:com.android.bluetooth/1002 for service com.android.bluetooth/.btservice.AdapterService
09-16 11:12:04.926 15508 15539 F libc    : Fatal signal 11 (SIGSEGV), code 1, fault addr 0x0 in tid 15539 (AsyncTask #1)
09-16 11:12:05.008 15552 15552 F DEBUG   : *** *** *** *** *** *** *** *** *** *** *** *** *** *** *** ***
09-16 11:12:05.008 15552 15552 F DEBUG   : Build fingerprint: 'google/mako/mako:7.1.2/NJH47F/4146041:user/release-keys'
09-16 11:12:05.008 15552 15552 F DEBUG   : Revision: '0'
09-16 11:12:05.009 15552 15552 F DEBUG   : ABI: 'arm'
09-16 11:12:05.009 15552 15552 F DEBUG   : pid: 15508, tid: 15539, name: AsyncTask #1  >>> com.android.nfc <<<
09-16 11:12:05.009 15552 15552 F DEBUG   : signal 11 (SIGSEGV), code 1 (SEGV_MAPERR), fault addr 0x0
09-16 11:12:05.009 15552 15552 F DEBUG   : Cause: null pointer dereference
09-16 11:12:05.009 15552 15552 F DEBUG   :     r0 0000000e  r1 a73ec187  r2 000fffff  r3 00000001
09-16 11:12:05.009 15552 15552 F DEBUG   :     r4 00000000  r5 8da04d38  r6 8da04e04  r7 8da04eb4
09-16 11:12:05.009 15552 15552 F DEBUG   :     r8 00015fa0  r9 8da04a78  sl 8d8febf8  fp 8d8feb84
09-16 11:12:05.009 15552 15552 F DEBUG   :     ip 8da79c1c  sp 8d8fea60  lr 8da66497  pc 8da044d8  cpsr 600f0010
09-16 11:12:05.043 15552 15552 F DEBUG   : 
09-16 11:12:05.043 15552 15552 F DEBUG   : backtrace:
09-16 11:12:05.043 15552 15552 F DEBUG   :     #00 pc 000764d8  /system/lib/libnfc-nci.so (_ZN13NfcAdaptation26InitializeHalDeviceContextEv+376)
09-16 11:12:05.043 15552 15552 F DEBUG   :     #01 pc 00075e4c  /system/lib/libnfc-nci.so (_ZN13NfcAdaptation10InitializeEv+832)
09-16 11:12:05.043 15552 15552 F DEBUG   :     #02 pc 0000dbf5  /system/lib/libnfc_nci_jni.so (_ZN7androidL23nfcManager_doInitializeEP7_JNIEnvP8_jobject+52)
09-16 11:12:05.043 15552 15552 F DEBUG   :     #03 pc 0002d8eb  /data/dalvik-cache/arm/system@app@NfcNci@NfcNci.apk@classes.dex (offset 0xf000)
09-16 11:12:05.051   820   820 D BluetoothManagerService: BluetoothServiceConnection: com.android.bluetooth.btservice.AdapterService
09-16 11:12:05.051   820  1012 D BluetoothManagerService: MESSAGE_BLUETOOTH_SERVICE_CONNECTED: 1
09-16 11:12:05.055   820  1012 D BluetoothManagerService: Broadcasting onBluetoothServiceUp() to 5 receivers.
09-16 11:12:05.059   820  1012 D BluetoothManagerService: MESSAGE_GET_NAME_AND_ADDRESS
09-16 11:12:05.060   820  1012 D BluetoothManagerService: MESSAGE_BLUETOOTH_STATE_CHANGE: OFF > BLE_TURNING_ON
09-16 11:12:05.060   820  1012 D BluetoothManagerService: Sending BLE State Change: OFF > BLE_TURNING_ON
09-16 11:12:05.101 15525 15570 F libc    : Fatal signal 6 (SIGABRT), code -6 in tid 15570 (hci_thread)
09-16 11:12:05.691   820  1010 I BootReceiver: Copying /data/tombstones/tombstone_05 to DropBox (SYSTEM_TOMBSTONE)
09-16 11:12:05.699 15525 15570 F libc    : crash_dump helper failed to exec
09-16 11:12:05.729   820  2370 I ActivityManager: Process com.android.nfc (pid 15508) has died: pers PER 
09-16 11:12:05.730   820  2370 W ActivityManager: Re-adding persistent process ProcessRecord{ce92822 15508:com.android.nfc/1027}
09-16 11:12:05.742   820  2370 I ActivityManager: Start proc 15582:com.android.nfc/1027 for restart com.android.nfc
09-16 11:12:05.795   820   820 D BluetoothManagerService: BluetoothServiceConnection, disconnected: com.android.bluetooth.btservice.AdapterService
09-16 11:12:05.795   820  2747 I ActivityManager: Process com.android.bluetooth (pid 15525) has died: psvc IMPF
09-16 11:12:05.796   820  1012 E BluetoothManagerService: MESSAGE_BLUETOOTH_SERVICE_DISCONNECTED(1)
09-16 11:12:05.796   820  2747 W ActivityManager: Scheduling restart of crashed service com.android.bluetooth/.gatt.GattService in 1000ms
09-16 11:12:05.796   820  1012 D BluetoothManagerService: Broadcasting onBluetoothServiceDown() to 3 receivers.
09-16 11:12:05.796   820  2747 W ActivityManager: Scheduling restart of crashed service com.android.bluetooth/.btservice.AdapterService in 1000ms
09-16 11:12:05.820 15588 15588 F libc    : CANNOT LINK EXECUTABLE "/system/bin/mm-qcamera-daemon": "/system/lib/libmmjpeg.so" has text relocations
09-16 11:12:05.821 15588 15588 F libc    : Fatal signal 6 (SIGABRT), code -6 in tid 15588 (mm-qcamera-daem)
09-16 11:12:05.822   820  1010 I BootReceiver: Copying /data/tombstones/tombstone_06 to DropBox (SYSTEM_TOMBSTONE)
09-16 11:12:05.860 15616 15616 F DEBUG   : *** *** *** *** *** *** *** *** *** *** *** *** *** *** *** ***
09-16 11:12:05.860 15616 15616 F DEBUG   : Build fingerprint: 'google/mako/mako:7.1.2/NJH47F/4146041:user/release-keys'
09-16 11:12:05.860 15616 15616 F DEBUG   : Revision: '0'
09-16 11:12:05.860 15616 15616 F DEBUG   : ABI: 'arm'
09-16 11:12:05.860 15616 15616 F DEBUG   : pid: 15588, tid: 15588, name: mm-qcamera-daem  >>> /system/bin/mm-qcamera-daemon <<<
09-16 11:12:05.860 15616 15616 F DEBUG   : signal 6 (SIGABRT), code -6 (SI_TKILL), fault addr --------
09-16 11:12:05.865 15616 15616 F DEBUG   : Abort message: 'CANNOT LINK EXECUTABLE "/system/bin/mm-qcamera-daemon": "/system/lib/libmmjpeg.so" has text relocations'
09-16 11:12:05.865 15616 15616 F DEBUG   :     r0 00000000  r1 00003ce4  r2 00000006  r3 00000008
09-16 11:12:05.865 15616 15616 F DEBUG   :     r4 00003ce4  r5 00003ce4  r6 bee51830  r7 0000010c
09-16 11:12:05.865 15616 15616 F DEBUG   :     r8 bee52ae4  r9 ab153010  sl bee51ad8  fp ab19fcd0
09-16 11:12:05.865 15616 15616 F DEBUG   :     ip 00000000  sp bee51820  lr ab209597  pc ab21383c  cpsr 200d0010
09-16 11:12:05.874 15616 15616 F DEBUG   : 
09-16 11:12:05.874 15616 15616 F DEBUG   : backtrace:
09-16 11:12:05.874 15616 15616 F DEBUG   :     #00 pc 0006783c  /system/bin/linker (__dl_tgkill+12)
09-16 11:12:05.874 15616 15616 F DEBUG   :     #01 pc 0005d593  /system/bin/linker (__dl_abort+54)
09-16 11:12:05.874 15616 15616 F DEBUG   :     #02 pc 00018c21  /system/bin/linker (__dl___libc_fatal+24)
09-16 11:12:05.874 15616 15616 F DEBUG   :     #03 pc 00010267  /system/bin/linker (__dl___linker_init+1986)
09-16 11:12:05.875 15616 15616 F DEBUG   :     #04 pc 00015324  /system/bin/linker (_start+4)
09-16 11:12:05.916   820  2331 W NativeCrashListener: Couldn't find ProcessRecord for pid 15588
09-16 11:12:05.917   820  1010 I BootReceiver: Copying /data/tombstones/tombstone_07 to DropBox (SYSTEM_TOMBSTONE)
09-16 11:12:05.996   820  1012 D BluetoothManagerService: MESSAGE_RESTART_BLUETOOTH_SERVICE
09-16 11:12:06.008   820  1012 I ActivityManager: Start proc 15622:com.android.bluetooth/1002 for service com.android.bluetooth/.btservice.AdapterService
09-16 11:12:06.036 15582 15634 F libc    : Fatal signal 11 (SIGSEGV), code 1, fault addr 0x0 in tid 15634 (AsyncTask #1)
09-16 11:12:06.118 15645 15645 F DEBUG   : *** *** *** *** *** *** *** *** *** *** *** *** *** *** *** ***
09-16 11:12:06.118 15645 15645 F DEBUG   : Build fingerprint: 'google/mako/mako:7.1.2/NJH47F/4146041:user/release-keys'
09-16 11:12:06.119 15645 15645 F DEBUG   : Revision: '0'
09-16 11:12:06.119 15645 15645 F DEBUG   : ABI: 'arm'
09-16 11:12:06.119 15645 15645 F DEBUG   : pid: 15582, tid: 15634, name: AsyncTask #1  >>> com.android.nfc <<<
09-16 11:12:06.119 15645 15645 F DEBUG   : signal 11 (SIGSEGV), code 1 (SEGV_MAPERR), fault addr 0x0
09-16 11:12:06.119 15645 15645 F DEBUG   : Cause: null pointer dereference
09-16 11:12:06.119 15645 15645 F DEBUG   :     r0 0000000e  r1 a73ec187  r2 000fffff  r3 00000001
09-16 11:12:06.119 15645 15645 F DEBUG   :     r4 00000000  r5 8da06d38  r6 8da06e04  r7 8da06eb4
09-16 11:12:06.119 15645 15645 F DEBUG   :     r8 00015fa0  r9 8da06a78  sl 8d914bf8  fp 8d914b84
09-16 11:12:06.119 15645 15645 F DEBUG   :     ip 8dab5c1c  sp 8d914a60  lr 8daa2497  pc 8da064d8  cpsr 600f0010
09-16 11:12:06.154 15645 15645 F DEBUG   : 
09-16 11:12:06.154 15645 15645 F DEBUG   : backtrace:
09-16 11:12:06.154 15645 15645 F DEBUG   :     #00 pc 000764d8  /system/lib/libnfc-nci.so (_ZN13NfcAdaptation26InitializeHalDeviceContextEv+376)
09-16 11:12:06.154 15645 15645 F DEBUG   :     #01 pc 00075e4c  /system/lib/libnfc-nci.so (_ZN13NfcAdaptation10InitializeEv+832)
09-16 11:12:06.154 15645 15645 F DEBUG   :     #02 pc 0000dbf5  /system/lib/libnfc_nci_jni.so (_ZN7androidL23nfcManager_doInitializeEP7_JNIEnvP8_jobject+52)
09-16 11:12:06.154 15645 15645 F DEBUG   :     #03 pc 0002d8eb  /data/dalvik-cache/arm/system@app@NfcNci@NfcNci.apk@classes.dex (offset 0xf000)
09-16 11:12:06.195   820   820 D BluetoothManagerService: BluetoothServiceConnection: com.android.bluetooth.btservice.AdapterService
09-16 11:12:06.195   820  1012 D BluetoothManagerService: MESSAGE_BLUETOOTH_SERVICE_CONNECTED: 1
09-16 11:12:06.196   820  1012 D BluetoothManagerService: Broadcasting onBluetoothServiceUp() to 5 receivers.
09-16 11:12:06.199   820  1012 D BluetoothManagerService: MESSAGE_GET_NAME_AND_ADDRESS
09-16 11:12:06.204   820  1012 D BluetoothManagerService: MESSAGE_BLUETOOTH_STATE_CHANGE: OFF > BLE_TURNING_ON
09-16 11:12:06.204   820  1012 D BluetoothManagerService: Sending BLE State Change: OFF > BLE_TURNING_ON
09-16 11:12:06.237 15622 15666 F libc    : Fatal signal 6 (SIGABRT), code -6 in tid 15666 (hci_thread)
09-16 11:12:06.827 15622 15666 F libc    : crash_dump helper failed to exec
09-16 11:12:06.828   820  1010 I BootReceiver: Copying /data/tombstones/tombstone_09 to DropBox (SYSTEM_TOMBSTONE)
09-16 11:12:06.845   820  2747 I ActivityManager: Process com.android.nfc (pid 15582) has died: pers PER 
09-16 11:12:06.845   820  2747 W ActivityManager: Re-adding persistent process ProcessRecord{ce92822 15582:com.android.nfc/1027}
09-16 11:12:06.848   820   820 D BluetoothManagerService: BluetoothServiceConnection, disconnected: com.android.bluetooth.btservice.AdapterService
09-16 11:12:06.848   820  1012 E BluetoothManagerService: MESSAGE_BLUETOOTH_SERVICE_DISCONNECTED(1)
09-16 11:12:06.848   820  1012 D BluetoothManagerService: Broadcasting onBluetoothServiceDown() to 3 receivers.
09-16 11:12:06.861   820  1010 I BootReceiver: Copying /data/tombstones/tombstone_08 to DropBox (SYSTEM_TOMBSTONE)
09-16 11:12:06.873   820  2747 I ActivityManager: Start proc 15675:com.android.nfc/1027 for restart com.android.nfc
09-16 11:12:06.877   820  1001 I ActivityManager: Process com.android.bluetooth (pid 15622) has died: psvc IMPF
09-16 11:12:06.878   820  1001 W ActivityManager: Scheduling restart of crashed service com.android.bluetooth/.btservice.AdapterService in 1000ms
09-16 11:12:06.878   820  1001 W ActivityManager: Scheduling restart of crashed service com.android.bluetooth/.gatt.GattService in 11000ms
09-16 11:12:07.049   820  1012 D BluetoothManagerService: MESSAGE_RESTART_BLUETOOTH_SERVICE
09-16 11:12:07.061   820  1012 I ActivityManager: Start proc 15691:com.android.bluetooth/1002 for service com.android.bluetooth/.btservice.AdapterService
09-16 11:12:07.239 15675 15718 F libc    : Fatal signal 11 (SIGSEGV), code 1, fault addr 0x0 in tid 15718 (AsyncTask #1)
09-16 11:12:07.280   820   820 D BluetoothManagerService: BluetoothServiceConnection: com.android.bluetooth.btservice.AdapterService
09-16 11:12:07.284   820  1012 D BluetoothManagerService: MESSAGE_BLUETOOTH_SERVICE_CONNECTED: 1
09-16 11:12:07.287   820  1012 D BluetoothManagerService: Broadcasting onBluetoothServiceUp() to 5 receivers.
09-16 11:12:07.289   820  1012 D BluetoothManagerService: MESSAGE_GET_NAME_AND_ADDRESS
09-16 11:12:07.292   820  1012 D BluetoothManagerService: MESSAGE_BLUETOOTH_STATE_CHANGE: OFF > BLE_TURNING_ON
09-16 11:12:07.292   820  1012 D BluetoothManagerService: Sending BLE State Change: OFF > BLE_TURNING_ON
09-16 11:12:07.324 15691 15742 F libc    : Fatal signal 6 (SIGABRT), code -6 in tid 15742 (hci_thread)
09-16 11:12:07.332 15735 15735 F DEBUG   : *** *** *** *** *** *** *** *** *** *** *** *** *** *** *** ***
09-16 11:12:07.332 15735 15735 F DEBUG   : Build fingerprint: 'google/mako/mako:7.1.2/NJH47F/4146041:user/release-keys'
09-16 11:12:07.333 15735 15735 F DEBUG   : Revision: '0'
09-16 11:12:07.333 15735 15735 F DEBUG   : ABI: 'arm'
09-16 11:12:07.333 15735 15735 F DEBUG   : pid: 15675, tid: 15718, name: AsyncTask #1  >>> com.android.nfc <<<
09-16 11:12:07.333 15735 15735 F DEBUG   : signal 11 (SIGSEGV), code 1 (SEGV_MAPERR), fault addr 0x0
09-16 11:12:07.333 15735 15735 F DEBUG   : Cause: null pointer dereference
09-16 11:12:07.333 15735 15735 F DEBUG   :     r0 0000000e  r1 a73ec187  r2 000fffff  r3 00000001
09-16 11:12:07.333 15735 15735 F DEBUG   :     r4 00000000  r5 8da41d38  r6 8da41e04  r7 8da41eb4
