09-16 11:12:30.779 17440 17440 F libc    : Fatal signal 6 (SIGABRT), code -6 in tid 17440 (mm-qcamera-daem)
09-16 11:12:31.262 17387 17434 F libc    : crash_dump helper failed to exec
09-16 11:12:31.265 17448 17448 F DEBUG   : *** *** *** *** *** *** *** *** *** *** *** *** *** *** *** ***
09-16 11:12:31.265 17448 17448 F DEBUG   : Build fingerprint: 'google/mako/mako:7.1.2/NJH47F/4146041:user/release-keys'
09-16 11:12:31.266 17448 17448 F DEBUG   : Revision: '0'
09-16 11:12:31.266 17448 17448 F DEBUG   : ABI: 'arm'
09-16 11:12:31.266 17448 17448 F DEBUG   : pid: 17440, tid: 17440, name: mm-qcamera-daem  >>> /system/bin/mm-qcamera-daemon <<<
09-16 11:12:31.266 17448 17448 F DEBUG   : signal 6 (SIGABRT), code -6 (SI_TKILL), fault addr --------
09-16 11:12:31.270 17448 17448 F DEBUG   : Abort message: 'CANNOT LINK EXECUTABLE "/system/bin/mm-qcamera-daemon": "/system/lib/libmmjpeg.so" has text relocations'
09-16 11:12:31.270 17448 17448 F DEBUG   :     r0 00000000  r1 00004420  r2 00000006  r3 00000008
09-16 11:12:31.270 17448 17448 F DEBUG   :     r4 00004420  r5 00004420  r6 bed21830  r7 0000010c
09-16 11:12:31.270 17448 17448 F DEBUG   :     r8 bed22ae4  r9 a7579010  sl bed21ad8  fp a75c5cd0
09-16 11:12:31.270 17448 17448 F DEBUG   :     ip 00000000  sp bed21820  lr a762f597  pc a763983c  cpsr 200d0010
09-16 11:12:31.275   820  1010 I BootReceiver: Copying /data/tombstones/tombstone_06 to DropBox (SYSTEM_TOMBSTONE)
09-16 11:12:31.287 17448 17448 F DEBUG   : 
09-16 11:12:31.287 17448 17448 F DEBUG   : backtrace:
09-16 11:12:31.287 17448 17448 F DEBUG   :     #00 pc 0006783c  /system/bin/linker (__dl_tgkill+12)
09-16 11:12:31.287 17448 17448 F DEBUG   :     #01 pc 0005d593  /system/bin/linker (__dl_abort+54)
09-16 11:12:31.288 17448 17448 F DEBUG   :     #02 pc 00018c21  /system/bin/linker (__dl___libc_fatal+24)
09-16 11:12:31.288 17448 17448 F DEBUG   :     #03 pc 00010267  /system/bin/linker (__dl___linker_init+1986)
09-16 11:12:31.288 17448 17448 F DEBUG   :     #04 pc 00015324  /system/bin/linker (_start+4)
09-16 11:12:31.300   820   820 D BluetoothManagerService: BluetoothServiceConnection, disconnected: com.android.bluetooth.btservice.AdapterService
09-16 11:12:31.300   820  1012 E BluetoothManagerService: MESSAGE_BLUETOOTH_SERVICE_DISCONNECTED(1)
09-16 11:12:31.301   820  1012 D BluetoothManagerService: Broadcasting onBluetoothServiceDown() to 4 receivers.
09-16 11:12:31.302   820  1001 I ActivityManager: Process com.android.bluetooth (pid 17387) has died: psvc IMPF
09-16 11:12:31.302   820  1001 W ActivityManager: Scheduling restart of crashed service com.android.bluetooth/.btservice.AdapterService in 1000ms
09-16 11:12:31.302   820  1001 W ActivityManager: Scheduling restart of crashed service com.android.bluetooth/.gatt.GattService in 11000ms
09-16 11:12:31.310   820  1010 I BootReceiver: Copying /data/tombstones/tombstone_05 to DropBox (SYSTEM_TOMBSTONE)
09-16 11:12:31.332   820  2747 I ActivityManager: Process com.android.nfc (pid 17366) has died: pers PER 
09-16 11:12:31.337   820  2747 W ActivityManager: Re-adding persistent process ProcessRecord{ce92822 17366:com.android.nfc/1027}
09-16 11:12:31.350   820  2747 I ActivityManager: Start proc 17464:com.android.nfc/1027 for restart com.android.nfc
09-16 11:12:31.359   820  2331 W NativeCrashListener: Couldn't find ProcessRecord for pid 17440
09-16 11:12:31.388   820  1010 I BootReceiver: Copying /data/tombstones/tombstone_07 to DropBox (SYSTEM_TOMBSTONE)
09-16 11:12:31.501   820  1012 D BluetoothManagerService: MESSAGE_RESTART_BLUETOOTH_SERVICE
09-16 11:12:31.512   820  1012 I ActivityManager: Start proc 17487:com.android.bluetooth/1002 for service com.android.bluetooth/.btservice.AdapterService
09-16 11:12:31.583 17464 17492 F libc    : Fatal signal 11 (SIGSEGV), code 1, fault addr 0x0 in tid 17492 (AsyncTask #1)
09-16 11:12:31.669 17511 17511 F DEBUG   : *** *** *** *** *** *** *** *** *** *** *** *** *** *** *** ***
09-16 11:12:31.669 17511 17511 F DEBUG   : Build fingerprint: 'google/mako/mako:7.1.2/NJH47F/4146041:user/release-keys'
09-16 11:12:31.669 17511 17511 F DEBUG   : Revision: '0'
09-16 11:12:31.669 17511 17511 F DEBUG   : ABI: 'arm'
09-16 11:12:31.669 17511 17511 F DEBUG   : pid: 17464, tid: 17492, name: AsyncTask #1  >>> com.android.nfc <<<
09-16 11:12:31.669 17511 17511 F DEBUG   : signal 11 (SIGSEGV), code 1 (SEGV_MAPERR), fault addr 0x0
09-16 11:12:31.669 17511 17511 F DEBUG   : Cause: null pointer dereference
09-16 11:12:31.669 17511 17511 F DEBUG   :     r0 0000000e  r1 a73ec187  r2 000fffff  r3 00000001
09-16 11:12:31.669 17511 17511 F DEBUG   :     r4 00000000  r5 8d97bd38  r6 8d97be04  r7 8d97beb4
09-16 11:12:31.669 17511 17511 F DEBUG   :     r8 00015fa0  r9 8d97ba78  sl 8d903bf8  fp 8d903b84
09-16 11:12:31.669 17511 17511 F DEBUG   :     ip 8d9f9c1c  sp 8d903a60  lr 8d9e6497  pc 8d97b4d8  cpsr 600f0010
09-16 11:12:31.703 17511 17511 F DEBUG   : 
09-16 11:12:31.703 17511 17511 F DEBUG   : backtrace:
09-16 11:12:31.703 17511 17511 F DEBUG   :     #00 pc 000764d8  /system/lib/libnfc-nci.so (_ZN13NfcAdaptation26InitializeHalDeviceContextEv+376)
09-16 11:12:31.704 17511 17511 F DEBUG   :     #01 pc 00075e4c  /system/lib/libnfc-nci.so (_ZN13NfcAdaptation10InitializeEv+832)
09-16 11:12:31.704 17511 17511 F DEBUG   :     #02 pc 0000dbf5  /system/lib/libnfc_nci_jni.so (_ZN7androidL23nfcManager_doInitializeEP7_JNIEnvP8_jobject+52)
09-16 11:12:31.704 17511 17511 F DEBUG   :     #03 pc 0002d8eb  /data/dalvik-cache/arm/system@app@NfcNci@NfcNci.apk@classes.dex (offset 0xf000)
09-16 11:12:31.734   820   820 D BluetoothManagerService: BluetoothServiceConnection: com.android.bluetooth.btservice.AdapterService
09-16 11:12:31.734   820  1012 D BluetoothManagerService: MESSAGE_BLUETOOTH_SERVICE_CONNECTED: 1
09-16 11:12:31.735   820  1012 D BluetoothManagerService: Broadcasting onBluetoothServiceUp() to 5 receivers.
09-16 11:12:31.741   820  1012 D BluetoothManagerService: MESSAGE_GET_NAME_AND_ADDRESS
09-16 11:12:31.743   820  1012 D BluetoothManagerService: MESSAGE_BLUETOOTH_STATE_CHANGE: OFF > BLE_TURNING_ON
09-16 11:12:31.743   820  1012 D BluetoothManagerService: Sending BLE State Change: OFF > BLE_TURNING_ON
09-16 11:12:31.775 17487 17527 F libc    : Fatal signal 6 (SIGABRT), code -6 in tid 17527 (hci_thread)
09-16 11:12:32.421 17487 17527 F libc    : crash_dump helper failed to exec
09-16 11:12:32.432   820  1010 I BootReceiver: Copying /data/tombstones/tombstone_09 to DropBox (SYSTEM_TOMBSTONE)
09-16 11:12:32.441   820  2370 I ActivityManager: Process com.android.bluetooth (pid 17487) has died: psvc IMPF
09-16 11:12:32.441   820  2370 W ActivityManager: Scheduling restart of crashed service com.android.bluetooth/.btservice.AdapterService in 1000ms
09-16 11:12:32.441   820  2370 W ActivityManager: Scheduling restart of crashed service com.android.bluetooth/.gatt.GattService in 11000ms
09-16 11:12:32.441   820   820 D BluetoothManagerService: BluetoothServiceConnection, disconnected: com.android.bluetooth.btservice.AdapterService
09-16 11:12:32.442   820  1012 E BluetoothManagerService: MESSAGE_BLUETOOTH_SERVICE_DISCONNECTED(1)
09-16 11:12:32.442   820  1012 D BluetoothManagerService: Broadcasting onBluetoothServiceDown() to 4 receivers.
09-16 11:12:32.454   820  3348 I ActivityManager: Process com.android.nfc (pid 17464) has died: pers PER 
09-16 11:12:32.454   820  3348 W ActivityManager: Re-adding persistent process ProcessRecord{ce92822 17464:com.android.nfc/1027}
09-16 11:12:32.464   820  1010 I BootReceiver: Copying /data/tombstones/tombstone_08 to DropBox (SYSTEM_TOMBSTONE)
09-16 11:12:32.473   820  3348 I ActivityManager: Start proc 17541:com.android.nfc/1027 for restart com.android.nfc
09-16 11:12:32.641   820  1012 D BluetoothManagerService: MESSAGE_RESTART_BLUETOOTH_SERVICE
09-16 11:12:32.653   820  1012 I ActivityManager: Start proc 17568:com.android.bluetooth/1002 for service com.android.bluetooth/.btservice.AdapterService
09-16 11:12:32.726 17541 17583 F libc    : Fatal signal 11 (SIGSEGV), code 1, fault addr 0x0 in tid 17583 (AsyncTask #1)
09-16 11:12:32.814 17592 17592 F DEBUG   : *** *** *** *** *** *** *** *** *** *** *** *** *** *** *** ***
09-16 11:12:32.814 17592 17592 F DEBUG   : Build fingerprint: 'google/mako/mako:7.1.2/NJH47F/4146041:user/release-keys'
09-16 11:12:32.814 17592 17592 F DEBUG   : Revision: '0'
09-16 11:12:32.815 17592 17592 F DEBUG   : ABI: 'arm'
09-16 11:12:32.815 17592 17592 F DEBUG   : pid: 17541, tid: 17583, name: AsyncTask #1  >>> com.android.nfc <<<
09-16 11:12:32.815 17592 17592 F DEBUG   : signal 11 (SIGSEGV), code 1 (SEGV_MAPERR), fault addr 0x0
09-16 11:12:32.815 17592 17592 F DEBUG   : Cause: null pointer dereference
09-16 11:12:32.815 17592 17592 F DEBUG   :     r0 0000000e  r1 a73ec187  r2 000fffff  r3 00000001
09-16 11:12:32.815 17592 17592 F DEBUG   :     r4 00000000  r5 8d980d38  r6 8d980e04  r7 8d980eb4
09-16 11:12:32.815 17592 17592 F DEBUG   :     r8 00015fa0  r9 8d980a78  sl 8d908bf8  fp 8d908b84
09-16 11:12:32.815 17592 17592 F DEBUG   :     ip 8da74c1c  sp 8d908a60  lr 8da61497  pc 8d9804d8  cpsr 600f0010
09-16 11:12:32.818   820   820 D BluetoothManagerService: Bluetooth Adapter name changed to Nexus 4
09-16 11:12:32.818   820   820 D BluetoothManagerService: Stored Bluetooth name: Nexus 4
09-16 11:12:32.826   820   820 D BluetoothManagerService: BluetoothServiceConnection: com.android.bluetooth.btservice.AdapterService
09-16 11:12:32.828   820  1012 D BluetoothManagerService: MESSAGE_BLUETOOTH_SERVICE_CONNECTED: 1
09-16 11:12:32.834   820  1012 D BluetoothManagerService: Broadcasting onBluetoothServiceUp() to 5 receivers.
09-16 11:12:32.836   820  1012 D BluetoothManagerService: MESSAGE_GET_NAME_AND_ADDRESS
09-16 11:12:32.838   820  1012 D BluetoothManagerService: Stored Bluetooth name: Nexus 4
09-16 11:12:32.838   820  1012 D BluetoothManagerService: MESSAGE_BLUETOOTH_STATE_CHANGE: OFF > BLE_TURNING_ON
09-16 11:12:32.838   820  1012 D BluetoothManagerService: Sending BLE State Change: OFF > BLE_TURNING_ON
09-16 11:12:32.849 17592 17592 F DEBUG   : 
09-16 11:12:32.849 17592 17592 F DEBUG   : backtrace:
09-16 11:12:32.850 17592 17592 F DEBUG   :     #00 pc 000764d8  /system/lib/libnfc-nci.so (_ZN13NfcAdaptation26InitializeHalDeviceContextEv+376)
09-16 11:12:32.850 17592 17592 F DEBUG   :     #01 pc 00075e4c  /system/lib/libnfc-nci.so (_ZN13NfcAdaptation10InitializeEv+832)
09-16 11:12:32.850 17592 17592 F DEBUG   :     #02 pc 0000dbf5  /system/lib/libnfc_nci_jni.so (_ZN7androidL23nfcManager_doInitializeEP7_JNIEnvP8_jobject+52)
09-16 11:12:32.850 17592 17592 F DEBUG   :     #03 pc 0002d8eb  /data/dalvik-cache/arm/system@app@NfcNci@NfcNci.apk@classes.dex (offset 0xf000)
09-16 11:12:32.868 17568 17613 F libc    : Fatal signal 6 (SIGABRT), code -6 in tid 17613 (hci_thread)
09-16 11:12:33.518 17568 17613 F libc    : crash_dump helper failed to exec
09-16 11:12:33.521   820  1010 I BootReceiver: Copying /data/tombstones/tombstone_01 to DropBox (SYSTEM_TOMBSTONE)
09-16 11:12:33.533   820   820 D BluetoothManagerService: BluetoothServiceConnection, disconnected: com.android.bluetooth.btservice.AdapterService
09-16 11:12:33.533   820  1012 E BluetoothManagerService: MESSAGE_BLUETOOTH_SERVICE_DISCONNECTED(1)
09-16 11:12:33.533   820  1012 D BluetoothManagerService: Broadcasting onBluetoothServiceDown() to 4 receivers.
09-16 11:12:33.534   820  3301 I ActivityManager: Process com.android.bluetooth (pid 17568) has died: psvc IMPF
09-16 11:12:33.534   820  3301 W ActivityManager: Scheduling restart of crashed service com.android.bluetooth/.btservice.AdapterService in 1000ms
09-16 11:12:33.534   820  3301 W ActivityManager: Scheduling restart of crashed service com.android.bluetooth/.gatt.GattService in 10999ms
09-16 11:12:33.544   820  3985 I ActivityManager: Process com.android.nfc (pid 17541) has died: pers PER 
09-16 11:12:33.545   820  3985 W ActivityManager: Re-adding persistent process ProcessRecord{ce92822 17541:com.android.nfc/1027}
09-16 11:12:33.548   820  1010 I BootReceiver: Copying /data/tombstones/tombstone_00 to DropBox (SYSTEM_TOMBSTONE)
09-16 11:12:33.559   820  3985 I ActivityManager: Start proc 17626:com.android.nfc/1027 for restart com.android.nfc
09-16 11:12:33.734   820  1012 D BluetoothManagerService: MESSAGE_RESTART_BLUETOOTH_SERVICE
09-16 11:12:33.747   820  1012 I ActivityManager: Start proc 17648:com.android.bluetooth/1002 for service com.android.bluetooth/.btservice.AdapterService
09-16 11:12:33.826 17626 17663 F libc    : Fatal signal 11 (SIGSEGV), code 1, fault addr 0x0 in tid 17663 (AsyncTask #1)
09-16 11:12:33.909 17671 17671 F DEBUG   : *** *** *** *** *** *** *** *** *** *** *** *** *** *** *** ***
09-16 11:12:33.909 17671 17671 F DEBUG   : Build fingerprint: 'google/mako/mako:7.1.2/NJH47F/4146041:user/release-keys'
09-16 11:12:33.909 17671 17671 F DEBUG   : Revision: '0'
09-16 11:12:33.909 17671 17671 F DEBUG   : ABI: 'arm'
09-16 11:12:33.909 17671 17671 F DEBUG   : pid: 17626, tid: 17663, name: AsyncTask #1  >>> com.android.nfc <<<
09-16 11:12:33.909 17671 17671 F DEBUG   : signal 11 (SIGSEGV), code 1 (SEGV_MAPERR), fault addr 0x0
09-16 11:12:33.909 17671 17671 F DEBUG   : Cause: null pointer dereference
09-16 11:12:33.910 17671 17671 F DEBUG   :     r0 0000000e  r1 a73ec187  r2 000fffff  r3 00000001
09-16 11:12:33.910 17671 17671 F DEBUG   :     r4 00000000  r5 8d9fed38  r6 8d9fee04  r7 8d9feeb4
09-16 11:12:33.910 17671 17671 F DEBUG   :     r8 00015fa0  r9 8d9fea78  sl 8d918bf8  fp 8d918b84
09-16 11:12:33.910 17671 17671 F DEBUG   :     ip 8dabbc1c  sp 8d918a60  lr 8daa8497  pc 8d9fe4d8  cpsr 600f0010
09-16 11:12:33.923   820   820 D BluetoothManagerService: BluetoothServiceConnection: com.android.bluetooth.btservice.AdapterService
09-16 11:12:33.929   820  1012 D BluetoothManagerService: MESSAGE_BLUETOOTH_SERVICE_CONNECTED: 1
09-16 11:12:33.930   820  1012 D BluetoothManagerService: Broadcasting onBluetoothServiceUp() to 5 receivers.
09-16 11:12:33.933   820  1012 D BluetoothManagerService: MESSAGE_GET_NAME_AND_ADDRESS
09-16 11:12:33.935   820  1012 D BluetoothManagerService: MESSAGE_BLUETOOTH_STATE_CHANGE: OFF > BLE_TURNING_ON
09-16 11:12:33.935   820  1012 D BluetoothManagerService: Sending BLE State Change: OFF > BLE_TURNING_ON
09-16 11:12:33.951 17671 17671 F DEBUG   : 
09-16 11:12:33.951 17671 17671 F DEBUG   : backtrace:
09-16 11:12:33.952 17671 17671 F DEBUG   :     #00 pc 000764d8  /system/lib/libnfc-nci.so (_ZN13NfcAdaptation26InitializeHalDeviceContextEv+376)
09-16 11:12:33.952 17671 17671 F DEBUG   :     #01 pc 00075e4c  /system/lib/libnfc-nci.so (_ZN13NfcAdaptation10InitializeEv+832)
09-16 11:12:33.952 17671 17671 F DEBUG   :     #02 pc 0000dbf5  /system/lib/libnfc_nci_jni.so (_ZN7androidL23nfcManager_doInitializeEP7_JNIEnvP8_jobject+52)
09-16 11:12:33.952 17671 17671 F DEBUG   :     #03 pc 0002d8eb  /data/dalvik-cache/arm/system@app@NfcNci@NfcNci.apk@classes.dex (offset 0xf000)
09-16 11:12:33.965 17648 17687 F libc    : Fatal signal 6 (SIGABRT), code -6 in tid 17687 (hci_thread)
09-16 11:12:34.660 17648 17687 F libc    : crash_dump helper failed to exec
09-16 11:12:34.663   820  1010 I BootReceiver: Copying /data/tombstones/tombstone_03 to DropBox (SYSTEM_TOMBSTONE)
09-16 11:12:34.678   820   820 D BluetoothManagerService: BluetoothServiceConnection, disconnected: com.android.bluetooth.btservice.AdapterService
09-16 11:12:34.678   820  1012 E BluetoothManagerService: MESSAGE_BLUETOOTH_SERVICE_DISCONNECTED(1)
09-16 11:12:34.678   820  1012 D BluetoothManagerService: Broadcasting onBluetoothServiceDown() to 4 receivers.
09-16 11:12:34.679   820  1002 I ActivityManager: Process com.android.bluetooth (pid 17648) has died: psvc IMPF
09-16 11:12:34.679   820  1002 W ActivityManager: Scheduling restart of crashed service com.android.bluetooth/.gatt.GattService in 1000ms
09-16 11:12:34.679   820  1002 W ActivityManager: Scheduling restart of crashed service com.android.bluetooth/.btservice.AdapterService in 1000ms
09-16 11:12:34.694   820  1010 I BootReceiver: Copying /data/tombstones/tombstone_02 to DropBox (SYSTEM_TOMBSTONE)
09-16 11:12:34.704   820  2747 I ActivityManager: Process com.android.nfc (pid 17626) has died: pers PER 
09-16 11:12:34.705   820  2747 W ActivityManager: Re-adding persistent process ProcessRecord{ce92822 17626:com.android.nfc/1027}
09-16 11:12:34.724   820  2747 I ActivityManager: Start proc 17698:com.android.nfc/1027 for restart com.android.nfc
09-16 11:12:34.879   820  1012 D BluetoothManagerService: MESSAGE_RESTART_BLUETOOTH_SERVICE
09-16 11:12:34.891   820  1012 I ActivityManager: Start proc 17720:com.android.bluetooth/1002 for service com.android.bluetooth/.btservice.AdapterService
09-16 11:12:34.971 17698 17736 F libc    : Fatal signal 11 (SIGSEGV), code 1, fault addr 0x0 in tid 17736 (AsyncTask #1)
09-16 11:12:35.062 17744 17744 F DEBUG   : *** *** *** *** *** *** *** *** *** *** *** *** *** *** *** ***
09-16 11:12:35.062 17744 17744 F DEBUG   : Build fingerprint: 'google/mako/mako:7.1.2/NJH47F/4146041:user/release-keys'
09-16 11:12:35.062 17744 17744 F DEBUG   : Revision: '0'
09-16 11:12:35.062 17744 17744 F DEBUG   : ABI: 'arm'
09-16 11:12:35.062 17744 17744 F DEBUG   : pid: 17698, tid: 17736, name: AsyncTask #1  >>> com.android.nfc <<<
09-16 11:12:35.062 17744 17744 F DEBUG   : signal 11 (SIGSEGV), code 1 (SEGV_MAPERR), fault addr 0x0
09-16 11:12:35.062 17744 17744 F DEBUG   : Cause: null pointer dereference
09-16 11:12:35.062 17744 17744 F DEBUG   :     r0 0000000e  r1 a73ec187  r2 000fffff  r3 00000001
09-16 11:12:35.062 17744 17744 F DEBUG   :     r4 00000000  r5 8d977d38  r6 8d977e04  r7 8d977eb4
09-16 11:12:35.062 17744 17744 F DEBUG   :     r8 00015fa0  r9 8d977a78  sl 8d8ffbf8  fp 8d8ffb84
09-16 11:12:35.062 17744 17744 F DEBUG   :     ip 8da29c1c  sp 8d8ffa60  lr 8da16497  pc 8d9774d8  cpsr 600f0010
09-16 11:12:35.065   820   820 D BluetoothManagerService: BluetoothServiceConnection: com.android.bluetooth.btservice.AdapterService
09-16 11:12:35.066   820  1012 D BluetoothManagerService: MESSAGE_BLUETOOTH_SERVICE_CONNECTED: 1
09-16 11:12:35.068   820  1012 D BluetoothManagerService: Broadcasting onBluetoothServiceUp() to 5 receivers.
09-16 11:12:35.070   820  1012 D BluetoothManagerService: MESSAGE_GET_NAME_AND_ADDRESS
09-16 11:12:35.072   820  1012 D BluetoothManagerService: MESSAGE_BLUETOOTH_STATE_CHANGE: OFF > BLE_TURNING_ON
09-16 11:12:35.072   820  1012 D BluetoothManagerService: Sending BLE State Change: OFF > BLE_TURNING_ON
09-16 11:12:35.098 17744 17744 F DEBUG   : 
09-16 11:12:35.098 17744 17744 F DEBUG   : backtrace:
09-16 11:12:35.099 17744 17744 F DEBUG   :     #00 pc 000764d8  /system/lib/libnfc-nci.so (_ZN13NfcAdaptation26InitializeHalDeviceContextEv+376)
09-16 11:12:35.099 17744 17744 F DEBUG   :     #01 pc 00075e4c  /system/lib/libnfc-nci.so (_ZN13NfcAdaptation10InitializeEv+832)
09-16 11:12:35.099 17744 17744 F DEBUG   :     #02 pc 0000dbf5  /system/lib/libnfc_nci_jni.so (_ZN7androidL23nfcManager_doInitializeEP7_JNIEnvP8_jobject+52)
09-16 11:12:35.099 17744 17744 F DEBUG   :     #03 pc 0002d8eb  /data/dalvik-cache/arm/system@app@NfcNci@NfcNci.apk@classes.dex (offset 0xf000)
09-16 11:12:35.105 17720 17760 F libc    : Fatal signal 6 (SIGABRT), code -6 in tid 17760 (hci_thread)
09-16 11:12:35.818 17720 17760 F libc    : crash_dump helper failed to exec
09-16 11:12:35.820 17771 17771 F libc    : CANNOT LINK EXECUTABLE "/system/bin/mm-qcamera-daemon": "/system/lib/libmmjpeg.so" has text relocations
09-16 11:12:35.820 17771 17771 F libc    : Fatal signal 6 (SIGABRT), code -6 in tid 17771 (mm-qcamera-daem)
09-16 11:12:35.823   820  1010 I BootReceiver: Copying /data/tombstones/tombstone_05 to DropBox (SYSTEM_TOMBSTONE)
09-16 11:12:35.832   820   820 D BluetoothManagerService: BluetoothServiceConnection, disconnected: com.android.bluetooth.btservice.AdapterService
09-16 11:12:35.833   820  1012 E BluetoothManagerService: MESSAGE_BLUETOOTH_SERVICE_DISCONNECTED(1)
09-16 11:12:35.833   820  1012 D BluetoothManagerService: Broadcasting onBluetoothServiceDown() to 4 receivers.
09-16 11:12:35.833   820  3348 I ActivityManager: Process com.android.bluetooth (pid 17720) has died: psvc IMPF
09-16 11:12:35.833   820  3348 W ActivityManager: Scheduling restart of crashed service com.android.bluetooth/.gatt.GattService in 1000ms
09-16 11:12:35.833   820  3348 W ActivityManager: Scheduling restart of crashed service com.android.bluetooth/.btservice.AdapterService in 1000ms
09-16 11:12:35.841   820  2800 I ActivityManager: Process com.android.nfc (pid 17698) has died: pers PER 
09-16 11:12:35.842   820  2800 W ActivityManager: Re-adding persistent process ProcessRecord{ce92822 17698:com.android.nfc/1027}
09-16 11:12:35.854   820  2800 I ActivityManager: Start proc 17789:com.android.nfc/1027 for restart com.android.nfc
09-16 11:12:35.859   820  1010 I BootReceiver: Copying /data/tombstones/tombstone_04 to DropBox (SYSTEM_TOMBSTONE)
09-16 11:12:35.865 17795 17795 F DEBUG   : *** *** *** *** *** *** *** *** *** *** *** *** *** *** *** ***
09-16 11:12:35.866 17795 17795 F DEBUG   : Build fingerprint: 'google/mako/mako:7.1.2/NJH47F/4146041:user/release-keys'
09-16 11:12:35.866 17795 17795 F DEBUG   : Revision: '0'
09-16 11:12:35.866 17795 17795 F DEBUG   : ABI: 'arm'
09-16 11:12:35.866 17795 17795 F DEBUG   : pid: 17771, tid: 17771, name: mm-qcamera-daem  >>> /system/bin/mm-qcamera-daemon <<<
09-16 11:12:35.866 17795 17795 F DEBUG   : signal 6 (SIGABRT), code -6 (SI_TKILL), fault addr --------
09-16 11:12:35.871 17795 17795 F DEBUG   : Abort message: 'CANNOT LINK EXECUTABLE "/system/bin/mm-qcamera-daemon": "/system/lib/libmmjpeg.so" has text relocations'
09-16 11:12:35.872 17795 17795 F DEBUG   :     r0 00000000  r1 0000456b  r2 00000006  r3 00000008
09-16 11:12:35.872 17795 17795 F DEBUG   :     r4 0000456b  r5 0000456b  r6 bef3e830  r7 0000010c
09-16 11:12:35.872 17795 17795 F DEBUG   :     r8 bef3fae4  r9 acfbb010  sl bef3ead8  fp ad007cd0
09-16 11:12:35.872 17795 17795 F DEBUG   :     ip 00000000  sp bef3e820  lr ad071597  pc ad07b83c  cpsr 200d0010
09-16 11:12:35.882 17795 17795 F DEBUG   : 
09-16 11:12:35.882 17795 17795 F DEBUG   : backtrace:
09-16 11:12:35.882 17795 17795 F DEBUG   :     #00 pc 0006783c  /system/bin/linker (__dl_tgkill+12)
09-16 11:12:35.882 17795 17795 F DEBUG   :     #01 pc 0005d593  /system/bin/linker (__dl_abort+54)
09-16 11:12:35.882 17795 17795 F DEBUG   :     #02 pc 00018c21  /system/bin/linker (__dl___libc_fatal+24)
09-16 11:12:35.882 17795 17795 F DEBUG   :     #03 pc 00010267  /system/bin/linker (__dl___linker_init+1986)
09-16 11:12:35.882 17795 17795 F DEBUG   :     #04 pc 00015324  /system/bin/linker (_start+4)
09-16 11:12:35.931   820  2331 W NativeCrashListener: Couldn't find ProcessRecord for pid 17771
09-16 11:12:35.933   820  1010 I BootReceiver: Copying /data/tombstones/tombstone_06 to DropBox (SYSTEM_TOMBSTONE)
09-16 11:12:36.032   820  1012 D BluetoothManagerService: MESSAGE_RESTART_BLUETOOTH_SERVICE
09-16 11:12:36.053   820  1012 I ActivityManager: Start proc 17812:com.android.bluetooth/1002 for service com.android.bluetooth/.btservice.AdapterService
09-16 11:12:36.097 17789 17826 F libc    : Fatal signal 11 (SIGSEGV), code 1, fault addr 0x0 in tid 17826 (AsyncTask #1)
09-16 11:12:36.181 17838 17838 F DEBUG   : *** *** *** *** *** *** *** *** *** *** *** *** *** *** *** ***
09-16 11:12:36.181 17838 17838 F DEBUG   : Build fingerprint: 'google/mako/mako:7.1.2/NJH47F/4146041:user/release-keys'
09-16 11:12:36.181 17838 17838 F DEBUG   : Revision: '0'
09-16 11:12:36.181 17838 17838 F DEBUG   : ABI: 'arm'
09-16 11:12:36.181 17838 17838 F DEBUG   : pid: 17789, tid: 17826, name: AsyncTask #1  >>> com.android.nfc <<<
09-16 11:12:36.181 17838 17838 F DEBUG   : signal 11 (SIGSEGV), code 1 (SEGV_MAPERR), fault addr 0x0
09-16 11:12:36.181 17838 17838 F DEBUG   : Cause: null pointer dereference
09-16 11:12:36.181 17838 17838 F DEBUG   :     r0 0000000e  r1 a73ec187  r2 000fffff  r3 00000001
09-16 11:12:36.181 17838 17838 F DEBUG   :     r4 00000000  r5 8da42d38  r6 8da42e04  r7 8da42eb4
09-16 11:12:36.181 17838 17838 F DEBUG   :     r8 00015fa0  r9 8da42a78  sl 8d906bf8  fp 8d906b84
09-16 11:12:36.181 17838 17838 F DEBUG   :     ip 8d930c1c  sp 8d906a60  lr 8d91d497  pc 8da424d8  cpsr 600f0010
09-16 11:12:36.215 17838 17838 F DEBUG   : 
09-16 11:12:36.215 17838 17838 F DEBUG   : backtrace:
09-16 11:12:36.216 17838 17838 F DEBUG   :     #00 pc 000764d8  /system/lib/libnfc-nci.so (_ZN13NfcAdaptation26InitializeHalDeviceContextEv+376)
09-16 11:12:36.216 17838 17838 F DEBUG   :     #01 pc 00075e4c  /system/lib/libnfc-nci.so (_ZN13NfcAdaptation10InitializeEv+832)
09-16 11:12:36.216 17838 17838 F DEBUG   :     #02 pc 0000dbf5  /system/lib/libnfc_nci_jni.so (_ZN7androidL23nfcManager_doInitializeEP7_JNIEnvP8_jobject+52)
09-16 11:12:36.216 17838 17838 F DEBUG   :     #03 pc 0002d8eb  /data/dalvik-cache/arm/system@app@NfcNci@NfcNci.apk@classes.dex (offset 0xf000)
09-16 11:12:36.217   820   820 D BluetoothManagerService: BluetoothServiceConnection: com.android.bluetooth.btservice.AdapterService
09-16 11:12:36.223   820  1012 D BluetoothManagerService: MESSAGE_BLUETOOTH_SERVICE_CONNECTED: 1
09-16 11:12:36.225   820  1012 D BluetoothManagerService: Broadcasting onBluetoothServiceUp() to 5 receivers.
09-16 11:12:36.229   820  1012 D BluetoothManagerService: MESSAGE_GET_NAME_AND_ADDRESS
09-16 11:12:36.232   820  1012 D BluetoothManagerService: MESSAGE_BLUETOOTH_STATE_CHANGE: OFF > BLE_TURNING_ON
09-16 11:12:36.232   820  1012 D BluetoothManagerService: Sending BLE State Change: OFF > BLE_TURNING_ON
09-16 11:12:36.271 17812 17856 F libc    : Fatal signal 6 (SIGABRT), code -6 in tid 17856 (hci_thread)
09-16 11:12:36.923 17812 17856 F libc    : crash_dump helper failed to exec
09-16 11:12:36.926   820  1010 I BootReceiver: Copying /data/tombstones/tombstone_08 to DropBox (SYSTEM_TOMBSTONE)
09-16 11:12:36.965   820  1010 I BootReceiver: Copying /data/tombstones/tombstone_07 to DropBox (SYSTEM_TOMBSTONE)
09-16 11:12:36.973   820   820 D BluetoothManagerService: BluetoothServiceConnection, disconnected: com.android.bluetooth.btservice.AdapterService
09-16 11:12:36.973   820  2800 I ActivityManager: Process com.android.bluetooth (pid 17812) has died: psvc IMPF
09-16 11:12:36.974   820  2800 W ActivityManager: Scheduling restart of crashed service com.android.bluetooth/.btservice.AdapterService in 1000ms
09-16 11:12:36.974   820  2800 W ActivityManager: Scheduling restart of crashed service com.android.bluetooth/.gatt.GattService in 11000ms
09-16 11:12:36.975   820  1012 E BluetoothManagerService: MESSAGE_BLUETOOTH_SERVICE_DISCONNECTED(1)
09-16 11:12:36.975   820  1012 D BluetoothManagerService: Broadcasting onBluetoothServiceDown() to 4 receivers.
09-16 11:12:36.976   820  1012 E BluetoothManagerService: Unable to call onBluetoothServiceDown() on callback #0
09-16 11:12:36.976   820  1012 E BluetoothManagerService: android.os.DeadObjectException: Transaction failed on small parcel; remote process probably died
09-16 11:12:36.976   820  1012 E BluetoothManagerService: 	at android.os.BinderProxy.transactNative(Native Method)
09-16 11:12:36.976   820  1012 E BluetoothManagerService: 	at android.os.BinderProxy.transact(Binder.java:748)
09-16 11:12:36.976   820  1012 E BluetoothManagerService: 	at android.bluetooth.IBluetoothManagerCallback$Stub$Proxy.onBluetoothServiceDown(IBluetoothManagerCallback.java:105)
09-16 11:12:36.976   820  1012 E BluetoothManagerService: 	at com.android.server.BluetoothManagerService.sendBluetoothServiceDownCallback(BluetoothManagerService.java:1243)
09-16 11:12:36.976   820  1012 E BluetoothManagerService: 	at com.android.server.BluetoothManagerService.-wrap15(Unknown Source:0)
09-16 11:12:36.976   820  1012 E BluetoothManagerService: 	at com.android.server.BluetoothManagerService$BluetoothHandler.handleMessage(BluetoothManagerService.java:1652)
09-16 11:12:36.976   820  1012 E BluetoothManagerService: 	at android.os.Handler.dispatchMessage(Handler.java:105)
09-16 11:12:36.976   820  1012 E BluetoothManagerService: 	at android.os.Looper.loop(Looper.java:164)
09-16 11:12:36.976   820  1012 E BluetoothManagerService: 	at android.os.HandlerThread.run(HandlerThread.java:65)
09-16 11:12:36.976   820  1012 E BluetoothManagerService: 	at com.android.server.ServiceThread.run(ServiceThread.java:46)
09-16 11:12:37.013   820  3985 I ActivityManager: Process com.android.nfc (pid 17789) has died: pers PER 
09-16 11:12:37.014   820  3985 W ActivityManager: Re-adding persistent process ProcessRecord{ce92822 17789:com.android.nfc/1027}
09-16 11:12:37.026   820  3985 I ActivityManager: Start proc 17867:com.android.nfc/1027 for restart com.android.nfc
09-16 11:12:37.176   820  1012 D BluetoothManagerService: MESSAGE_RESTART_BLUETOOTH_SERVICE
09-16 11:12:37.188   820  1012 I ActivityManager: Start proc 17893:com.android.bluetooth/1002 for service com.android.bluetooth/.btservice.AdapterService
09-16 11:12:37.315 17867 17910 F libc    : Fatal signal 11 (SIGSEGV), code 1, fault addr 0x0 in tid 17910 (AsyncTask #1)
09-16 11:12:37.368   820   820 D BluetoothManagerService: BluetoothServiceConnection: com.android.bluetooth.btservice.AdapterService
09-16 11:12:37.370   820  1012 D BluetoothManagerService: MESSAGE_BLUETOOTH_SERVICE_CONNECTED: 1
09-16 11:12:37.374   820  1012 D BluetoothManagerService: Broadcasting onBluetoothServiceUp() to 5 receivers.
09-16 11:12:37.377   820  1012 D BluetoothManagerService: MESSAGE_GET_NAME_AND_ADDRESS
09-16 11:12:37.380   820  1012 D BluetoothManagerService: MESSAGE_BLUETOOTH_STATE_CHANGE: OFF > BLE_TURNING_ON
09-16 11:12:37.380   820  1012 D BluetoothManagerService: Sending BLE State Change: OFF > BLE_TURNING_ON
09-16 11:12:37.400 17925 17925 F DEBUG   : *** *** *** *** *** *** *** *** *** *** *** *** *** *** *** ***
09-16 11:12:37.401 17925 17925 F DEBUG   : Build fingerprint: 'google/mako/mako:7.1.2/NJH47F/4146041:user/release-keys'
09-16 11:12:37.401 17925 17925 F DEBUG   : Revision: '0'
09-16 11:12:37.401 17925 17925 F DEBUG   : ABI: 'arm'
09-16 11:12:37.401 17925 17925 F DEBUG   : pid: 17867, tid: 17910, name: AsyncTask #1  >>> com.android.nfc <<<
09-16 11:12:37.401 17925 17925 F DEBUG   : signal 11 (SIGSEGV), code 1 (SEGV_MAPERR), fault addr 0x0
09-16 11:12:37.401 17925 17925 F DEBUG   : Cause: null pointer dereference
09-16 11:12:37.401 17925 17925 F DEBUG   :     r0 0000000e  r1 a73ec187  r2 000fffff  r3 00000001
09-16 11:12:37.401 17925 17925 F DEBUG   :     r4 00000000  r5 8da76d38  r6 8da76e04  r7 8da76eb4
09-16 11:12:37.401 17925 17925 F DEBUG   :     r8 00015fa0  r9 8da76a78  sl 8d90cbf8  fp 8d90cb84
09-16 11:12:37.401 17925 17925 F DEBUG   :     ip 8d9ebc1c  sp 8d90ca60  lr 8d9d8497  pc 8da764d8  cpsr 600f0010
09-16 11:12:37.412 17893 17934 F libc    : Fatal signal 6 (SIGABRT), code -6 in tid 17934 (hci_thread)
09-16 11:12:37.439 17925 17925 F DEBUG   : 
09-16 11:12:37.439 17925 17925 F DEBUG   : backtrace:
09-16 11:12:37.439 17925 17925 F DEBUG   :     #00 pc 000764d8  /system/lib/libnfc-nci.so (_ZN13NfcAdaptation26InitializeHalDeviceContextEv+376)
09-16 11:12:37.439 17925 17925 F DEBUG   :     #01 pc 00075e4c  /system/lib/libnfc-nci.so (_ZN13NfcAdaptation10InitializeEv+832)
09-16 11:12:37.440 17925 17925 F DEBUG   :     #02 pc 0000dbf5  /system/lib/libnfc_nci_jni.so (_ZN7androidL23nfcManager_doInitializeEP7_JNIEnvP8_jobject+52)
09-16 11:12:37.440 17925 17925 F DEBUG   :     #03 pc 0002d8eb  /data/dalvik-cache/arm/system@app@NfcNci@NfcNci.apk@classes.dex (offset 0xf000)
09-16 11:12:38.093 17893 17934 F libc    : crash_dump helper failed to exec
09-16 11:12:38.095   820  1010 I BootReceiver: Copying /data/tombstones/tombstone_00 to DropBox (SYSTEM_TOMBSTONE)
09-16 11:12:38.110   820  1002 I ActivityManager: Process com.android.nfc (pid 17867) has died: pers PER 
09-16 11:12:38.110   820  1002 W ActivityManager: Re-adding persistent process ProcessRecord{ce92822 17867:com.android.nfc/1027}
09-16 11:12:38.112   820   820 D BluetoothManagerService: BluetoothServiceConnection, disconnected: com.android.bluetooth.btservice.AdapterService
09-16 11:12:38.112   820  1012 E BluetoothManagerService: MESSAGE_BLUETOOTH_SERVICE_DISCONNECTED(1)
09-16 11:12:38.112   820  1012 D BluetoothManagerService: Broadcasting onBluetoothServiceDown() to 3 receivers.
09-16 11:12:38.122   820  1002 I ActivityManager: Start proc 17952:com.android.nfc/1027 for restart com.android.nfc
09-16 11:12:38.124   820  3985 I ActivityManager: Process com.android.bluetooth (pid 17893) has died: psvc IMPF
09-16 11:12:38.125   820  3985 W ActivityManager: Scheduling restart of crashed service com.android.bluetooth/.gatt.GattService in 1000ms
09-16 11:12:38.125   820  3985 W ActivityManager: Scheduling restart of crashed service com.android.bluetooth/.btservice.AdapterService in 1000ms
09-16 11:12:38.126   820  1010 I BootReceiver: Copying /data/tombstones/tombstone_09 to DropBox (SYSTEM_TOMBSTONE)
09-16 11:12:38.313   820  1012 D BluetoothManagerService: MESSAGE_RESTART_BLUETOOTH_SERVICE
09-16 11:12:38.325   820  1012 I ActivityManager: Start proc 17968:com.android.bluetooth/1002 for service com.android.bluetooth/.btservice.AdapterService
09-16 11:12:38.471 17952 17985 F libc    : Fatal signal 11 (SIGSEGV), code 1, fault addr 0x0 in tid 17985 (AsyncTask #1)
09-16 11:12:38.522   820   820 D BluetoothManagerService: BluetoothServiceConnection: com.android.bluetooth.btservice.AdapterService
09-16 11:12:38.525   820  1012 D BluetoothManagerService: MESSAGE_BLUETOOTH_SERVICE_CONNECTED: 1
09-16 11:12:38.527   820  1012 D BluetoothManagerService: Broadcasting onBluetoothServiceUp() to 5 receivers.
09-16 11:12:38.531   820  1012 D BluetoothManagerService: MESSAGE_GET_NAME_AND_ADDRESS
09-16 11:12:38.536   820  1012 D BluetoothManagerService: MESSAGE_BLUETOOTH_STATE_CHANGE: OFF > BLE_TURNING_ON
09-16 11:12:38.536   820  1012 D BluetoothManagerService: Sending BLE State Change: OFF > BLE_TURNING_ON
09-16 11:12:38.574 17968 18010 F libc    : Fatal signal 6 (SIGABRT), code -6 in tid 18010 (hci_thread)
09-16 11:12:38.576 18001 18001 F DEBUG   : *** *** *** *** *** *** *** *** *** *** *** *** *** *** *** ***
09-16 11:12:38.576 18001 18001 F DEBUG   : Build fingerprint: 'google/mako/mako:7.1.2/NJH47F/4146041:user/release-keys'
09-16 11:12:38.576 18001 18001 F DEBUG   : Revision: '0'
09-16 11:12:38.576 18001 18001 F DEBUG   : ABI: 'arm'
09-16 11:12:38.576 18001 18001 F DEBUG   : pid: 17952, tid: 17985, name: AsyncTask #1  >>> com.android.nfc <<<
09-16 11:12:38.576 18001 18001 F DEBUG   : signal 11 (SIGSEGV), code 1 (SEGV_MAPERR), fault addr 0x0
09-16 11:12:38.576 18001 18001 F DEBUG   : Cause: null pointer dereference
09-16 11:12:38.577 18001 18001 F DEBUG   :     r0 0000000e  r1 a73ec187  r2 000fffff  r3 00000001
09-16 11:12:38.577 18001 18001 F DEBUG   :     r4 00000000  r5 8da83d38  r6 8da83e04  r7 8da83eb4
09-16 11:12:38.577 18001 18001 F DEBUG   :     r8 00015fa0  r9 8da83a78  sl 8d90ebf8  fp 8d90eb84
09-16 11:12:38.577 18001 18001 F DEBUG   :     ip 8d9aec1c  sp 8d90ea60  lr 8d99b497  pc 8da834d8  cpsr 600f0010
09-16 11:12:38.622 18001 18001 F DEBUG   : 
09-16 11:12:38.622 18001 18001 F DEBUG   : backtrace:
09-16 11:12:38.622 18001 18001 F DEBUG   :     #00 pc 000764d8  /system/lib/libnfc-nci.so (_ZN13NfcAdaptation26InitializeHalDeviceContextEv+376)
09-16 11:12:38.622 18001 18001 F DEBUG   :     #01 pc 00075e4c  /system/lib/libnfc-nci.so (_ZN13NfcAdaptation10InitializeEv+832)
09-16 11:12:38.622 18001 18001 F DEBUG   :     #02 pc 0000dbf5  /system/lib/libnfc_nci_jni.so (_ZN7androidL23nfcManager_doInitializeEP7_JNIEnvP8_jobject+52)
09-16 11:12:38.622 18001 18001 F DEBUG   :     #03 pc 0002d8eb  /data/dalvik-cache/arm/system@app@NfcNci@NfcNci.apk@classes.dex (offset 0xf000)
09-16 11:12:39.281 17968 18010 F libc    : crash_dump helper failed to exec
09-16 11:12:39.283   820  1010 I BootReceiver: Copying /data/tombstones/tombstone_02 to DropBox (SYSTEM_TOMBSTONE)
09-16 11:12:39.300   820  3308 I ActivityManager: Process com.android.nfc (pid 17952) has died: pers PER 
09-16 11:12:39.301   820   820 D BluetoothManagerService: BluetoothServiceConnection, disconnected: com.android.bluetooth.btservice.AdapterService
09-16 11:12:39.301   820  1012 E BluetoothManagerService: MESSAGE_BLUETOOTH_SERVICE_DISCONNECTED(1)
09-16 11:12:39.301   820  3308 W ActivityManager: Re-adding persistent process ProcessRecord{ce92822 17952:com.android.nfc/1027}
09-16 11:12:39.301   820  1012 D BluetoothManagerService: Broadcasting onBluetoothServiceDown() to 3 receivers.
09-16 11:12:39.306   820  1010 I BootReceiver: Copying /data/tombstones/tombstone_01 to DropBox (SYSTEM_TOMBSTONE)
09-16 11:12:39.321   820  3308 I ActivityManager: Start proc 18026:com.android.nfc/1027 for restart com.android.nfc
09-16 11:12:39.324   820  2370 I ActivityManager: Process com.android.bluetooth (pid 17968) has died: psvc IMPF
09-16 11:12:39.324   820  2370 W ActivityManager: Scheduling restart of crashed service com.android.bluetooth/.gatt.GattService in 1000ms
09-16 11:12:39.324   820  2370 W ActivityManager: Scheduling restart of crashed service com.android.bluetooth/.btservice.AdapterService in 1000ms
09-16 11:12:39.502   820  1012 D BluetoothManagerService: MESSAGE_RESTART_BLUETOOTH_SERVICE
09-16 11:12:39.514   820  1012 I ActivityManager: Start proc 18052:com.android.bluetooth/1002 for service com.android.bluetooth/.btservice.AdapterService
09-16 11:12:39.642 18026 18073 F libc    : Fatal signal 11 (SIGSEGV), code 1, fault addr 0x0 in tid 18073 (AsyncTask #1)
09-16 11:12:39.708   820   820 D BluetoothManagerService: BluetoothServiceConnection: com.android.bluetooth.btservice.AdapterService
09-16 11:12:39.708   820  1012 D BluetoothManagerService: MESSAGE_BLUETOOTH_SERVICE_CONNECTED: 1
09-16 11:12:39.712   820  1012 D BluetoothManagerService: Broadcasting onBluetoothServiceUp() to 5 receivers.
09-16 11:12:39.714   820  1012 D BluetoothManagerService: MESSAGE_GET_NAME_AND_ADDRESS
09-16 11:12:39.719   820  1012 D BluetoothManagerService: MESSAGE_BLUETOOTH_STATE_CHANGE: OFF > BLE_TURNING_ON
09-16 11:12:39.719   820  1012 D BluetoothManagerService: Sending BLE State Change: OFF > BLE_TURNING_ON
--------- beginning of main
09-16 11:12:39.724 18052 18092 I chatty  : uid=1002(bluetooth) com.android.bluetooth expire 1 line
09-16 11:12:39.740 18086 18086 I chatty  : uid=1027(nfc) crash_dump32 expire 2 lines
09-16 11:12:39.740   245   245 I /system/bin/tombstoned: received crash request for pid 18026
09-16 11:12:39.742 18052 18080 I chatty  : uid=1002(bluetooth) com.android.bluetooth expire 3 lines
09-16 11:12:39.742 18086 18086 F DEBUG   : *** *** *** *** *** *** *** *** *** *** *** *** *** *** *** ***
09-16 11:12:39.742 18086 18086 F DEBUG   : Build fingerprint: 'google/mako/mako:7.1.2/NJH47F/4146041:user/release-keys'
09-16 11:12:39.743 18086 18086 F DEBUG   : Revision: '0'
09-16 11:12:39.743 18086 18086 F DEBUG   : ABI: 'arm'
09-16 11:12:39.743 18086 18086 F DEBUG   : pid: 18026, tid: 18073, name: AsyncTask #1  >>> com.android.nfc <<<
09-16 11:12:39.743 18052 18081 I chatty  : uid=1002(bluetooth) com.android.bluetooth expire 8 lines
09-16 11:12:39.743 18086 18086 F DEBUG   : signal 11 (SIGSEGV), code 1 (SEGV_MAPERR), fault addr 0x0
09-16 11:12:39.743 18086 18086 F DEBUG   : Cause: null pointer dereference
09-16 11:12:39.743 18086 18086 F DEBUG   :     r0 0000000e  r1 a73ec187  r2 000fffff  r3 00000001
09-16 11:12:39.743 18086 18086 F DEBUG   :     r4 00000000  r5 8d9bbd38  r6 8d9bbe04  r7 8d9bbeb4
09-16 11:12:39.743 18086 18086 F DEBUG   :     r8 00015fa0  r9 8d9bba78  sl 8d8febf8  fp 8d8feb84
09-16 11:12:39.743 18086 18086 F DEBUG   :     ip 8d928c1c  sp 8d8fea60  lr 8d915497  pc 8d9bb4d8  cpsr 600f0010
09-16 11:12:39.744 18052 18096 I chatty  : uid=1002(bluetooth) com.android.bluetooth expire 6 lines
09-16 11:12:39.746   170   170 W /system/bin/hwservicemanager: getTransportFromManifest: Cannot find entry android.hardware.bluetooth@1.0::IBluetoothHci in either framework or device manifest, using default transport.
09-16 11:12:39.753 18052 18096 F libc    : Fatal signal 6 (SIGABRT), code -6 in tid 18096 (hci_thread)
09-16 11:12:39.760 18100 18100 I chatty  : uid=1002(bluetooth) com.android.bluetooth expire 3 lines
09-16 11:12:39.796   245   245 I /system/bin/tombstoned: received crash request for pid 18052
09-16 11:12:39.796   245   245 I /system/bin/tombstoned: enqueueing crash request for pid 18052
09-16 11:12:39.797 18086 18086 F DEBUG   : 
09-16 11:12:39.797 18086 18086 F DEBUG   : backtrace:
09-16 11:12:39.797 18086 18086 F DEBUG   :     #00 pc 000764d8  /system/lib/libnfc-nci.so (_ZN13NfcAdaptation26InitializeHalDeviceContextEv+376)
09-16 11:12:39.797 18086 18086 F DEBUG   :     #01 pc 00075e4c  /system/lib/libnfc-nci.so (_ZN13NfcAdaptation10InitializeEv+832)
09-16 11:12:39.797 18086 18086 F DEBUG   :     #02 pc 0000dbf5  /system/lib/libnfc_nci_jni.so (_ZN7androidL23nfcManager_doInitializeEP7_JNIEnvP8_jobject+52)
09-16 11:12:39.797 18086 18086 F DEBUG   :     #03 pc 0002d8eb  /data/dalvik-cache/arm/system@app@NfcNci@NfcNci.apk@classes.dex (offset 0xf000)
09-16 11:12:40.433   820  1010 I BootReceiver: Copying /data/tombstones/tombstone_03 to DropBox (SYSTEM_TOMBSTONE)
09-16 11:12:40.434   245   245 E /system/bin/tombstoned: Tombstone written to: /data/tombstones//tombstone_03
09-16 11:12:40.435 18052 18096 F libc    : crash_dump helper failed to exec
09-16 11:12:40.442   245   245 W /system/bin/tombstoned: crash socket received short read of length 0 (expected 8)
09-16 11:12:40.448   169   169 I ServiceManager: service 'nfc' died
09-16 11:12:40.448   820  3348 I ActivityManager: Process com.android.nfc (pid 18026) has died: pers PER 
09-16 11:12:40.449   820  3348 W ActivityManager: Re-adding persistent process ProcessRecord{ce92822 18026:com.android.nfc/1027}
09-16 11:12:40.460   820  3348 I ActivityManager: Start proc 18105:com.android.nfc/1027 for restart com.android.nfc
09-16 11:12:40.504   190   190 I Zygote  : Process 18026 exited due to signal (11)
09-16 11:12:40.516   820  1010 I BootReceiver: Copying /data/tombstones/tombstone_04 to DropBox (SYSTEM_TOMBSTONE)
09-16 11:12:40.533   820   820 D BluetoothManagerService: BluetoothServiceConnection, disconnected: com.android.bluetooth.btservice.AdapterService
09-16 11:12:40.533   820  1012 E BluetoothManagerService: MESSAGE_BLUETOOTH_SERVICE_DISCONNECTED(1)
09-16 11:12:40.533   820  1012 D BluetoothManagerService: Broadcasting onBluetoothServiceDown() to 3 receivers.
09-16 11:12:40.534   820  2370 I ActivityManager: Process com.android.bluetooth (pid 18052) has died: psvc IMPF
09-16 11:12:40.535   820  2370 W ActivityManager: Scheduling restart of crashed service com.android.bluetooth/.btservice.AdapterService in 1000ms
09-16 11:12:40.535   820  2370 W ActivityManager: Scheduling restart of crashed service com.android.bluetooth/.gatt.GattService in 11000ms
09-16 11:12:40.592   820   830 I zygote  : Background concurrent copying GC freed 7712(732KB) AllocSpace objects, 42(5MB) LOS objects, 42% free, 5MB/9MB, paused 335us total 131.603ms
09-16 11:12:40.593   190   190 I Zygote  : Process 18052 exited due to signal (6)
09-16 11:12:40.648 18105 18105 I chatty  : uid=1027(nfc) com.android.nfc expire 13 lines
09-16 11:12:40.734   820  1012 D BluetoothManagerService: MESSAGE_RESTART_BLUETOOTH_SERVICE
09-16 11:12:40.746   820  1012 I ActivityManager: Start proc 18127:com.android.bluetooth/1002 for service com.android.bluetooth/.btservice.AdapterService
09-16 11:12:40.775   169   169 I ServiceManager: service 'media.camera' died
09-16 11:12:40.797 18140 18140 E linker  : "/system/lib/libmmjpeg.so" has text relocations
09-16 11:12:40.798 18140 18140 F libc    : CANNOT LINK EXECUTABLE "/system/bin/mm-qcamera-daemon": "/system/lib/libmmjpeg.so" has text relocations
09-16 11:12:40.799 18140 18140 F libc    : Fatal signal 6 (SIGABRT), code -6 in tid 18140 (mm-qcamera-daem)
09-16 11:12:40.807 18132 18132 E Diag_Lib:  Diag_LSM_Init: Failed to open handle to diag driver, error = 2
09-16 11:12:40.807 18132 18132 E Sensors : sns_fsa_la.c(386):fsa: fflush failed, 9
09-16 11:12:40.808 18132 18132 E Sensors : sns_fsa_la.c(386):fsa: fflush failed, 9
09-16 11:12:40.816 18105 18145 I chatty  : uid=1027(nfc) com.android.nfc expire 11 lines
09-16 11:12:40.822 18105 18149 I chatty  : uid=1027(nfc) com.android.nfc expire 1 line
09-16 11:12:40.822 18105 18148 I chatty  : uid=1027(nfc) com.android.nfc expire 1 line
09-16 11:12:40.822 18105 18145 I chatty  : uid=1027(nfc) com.android.nfc expire 3 lines
09-16 11:12:40.824   170   170 W /system/bin/hwservicemanager: getTransportFromManifest: Cannot find entry android.hardware.nfc@1.0::INfc in either framework or device manifest, using default transport.
09-16 11:12:40.835 18105 18145 F libc    : Fatal signal 11 (SIGSEGV), code 1, fault addr 0x0 in tid 18145 (AsyncTask #1)
09-16 11:12:40.839 18152 18152 I crash_dump32: obtaining output fd from tombstoned
09-16 11:12:40.839 18132 18160 W Sensors : sns_smr_la.c(446):smr_la: smr_apps_la_thread_main is starting, fd=10, sns_smr.en_rx_msg_ptr=aed189d4
09-16 11:12:40.840   245   245 I /system/bin/tombstoned: received crash request for pid 18140
09-16 11:12:40.840 18152 18152 I crash_dump32: performing dump of process 18140 (target tid = 18140)
09-16 11:12:40.841 18152 18152 F DEBUG   : *** *** *** *** *** *** *** *** *** *** *** *** *** *** *** ***
09-16 11:12:40.841 18152 18152 F DEBUG   : Build fingerprint: 'google/mako/mako:7.1.2/NJH47F/4146041:user/release-keys'
09-16 11:12:40.841 18152 18152 F DEBUG   : Revision: '0'
09-16 11:12:40.841 18152 18152 F DEBUG   : ABI: 'arm'
09-16 11:12:40.841 18152 18152 F DEBUG   : pid: 18140, tid: 18140, name: mm-qcamera-daem  >>> /system/bin/mm-qcamera-daemon <<<
09-16 11:12:40.841 18152 18152 F DEBUG   : signal 6 (SIGABRT), code -6 (SI_TKILL), fault addr --------
09-16 11:12:40.846 18152 18152 F DEBUG   : Abort message: 'CANNOT LINK EXECUTABLE "/system/bin/mm-qcamera-daemon": "/system/lib/libmmjpeg.so" has text relocations'
09-16 11:12:40.846 18152 18152 F DEBUG   :     r0 00000000  r1 000046dc  r2 00000006  r3 00000008
09-16 11:12:40.846 18152 18152 F DEBUG   :     r4 000046dc  r5 000046dc  r6 bec6e830  r7 0000010c
09-16 11:12:40.846 18152 18152 F DEBUG   :     r8 bec6fae4  r9 b5972010  sl bec6ead8  fp b59becd0
09-16 11:12:40.846 18152 18152 F DEBUG   :     ip 00000000  sp bec6e820  lr b5a28597  pc b5a3283c  cpsr 200d0010
09-16 11:12:40.849 18132 18160 W Sensors : sns_smr_la.c(467):smr_la: poll return revents: 0x1/ffffffff errno: 0
09-16 11:12:40.849 18132 18160 W Sensors : sns_main.c(1430):sns_main_exit called
09-16 11:12:40.849 18132 18160 E Sensors : error connecting error -1 Connection refused
09-16 11:12:40.856 18152 18152 F DEBUG   : 
09-16 11:12:40.856 18152 18152 F DEBUG   : backtrace:
09-16 11:12:40.856 18152 18152 F DEBUG   :     #00 pc 0006783c  /system/bin/linker (__dl_tgkill+12)
09-16 11:12:40.856 18152 18152 F DEBUG   :     #01 pc 0005d593  /system/bin/linker (__dl_abort+54)
09-16 11:12:40.856 18152 18152 F DEBUG   :     #02 pc 00018c21  /system/bin/linker (__dl___libc_fatal+24)
09-16 11:12:40.857 18152 18152 F DEBUG   :     #03 pc 00010267  /system/bin/linker (__dl___linker_init+1986)
09-16 11:12:40.857 18152 18152 F DEBUG   :     #04 pc 00015324  /system/bin/linker (_start+4)
09-16 11:12:40.876 18127 18127 I chatty  : uid=1002(bluetooth) com.android.bluetooth expire 34 lines
09-16 11:12:40.901   820  2331 W NativeCrashListener: Couldn't find ProcessRecord for pid 18140
09-16 11:12:40.901   245   245 E /system/bin/tombstoned: Tombstone written to: /data/tombstones//tombstone_05
09-16 11:12:40.902   820  1010 I BootReceiver: Copying /data/tombstones/tombstone_05 to DropBox (SYSTEM_TOMBSTONE)
09-16 11:12:40.928 18167 18167 I chatty  : uid=1027(nfc) crash_dump32 expire 2 lines
09-16 11:12:40.928   245   245 I /system/bin/tombstoned: received crash request for pid 18105
09-16 11:12:40.929 18167 18167 F DEBUG   : *** *** *** *** *** *** *** *** *** *** *** *** *** *** *** ***
09-16 11:12:40.929 18167 18167 F DEBUG   : Build fingerprint: 'google/mako/mako:7.1.2/NJH47F/4146041:user/release-keys'
09-16 11:12:40.929 18167 18167 F DEBUG   : Revision: '0'
09-16 11:12:40.929 18167 18167 F DEBUG   : ABI: 'arm'
09-16 11:12:40.929 18167 18167 F DEBUG   : pid: 18105, tid: 18145, name: AsyncTask #1  >>> com.android.nfc <<<
09-16 11:12:40.929 18167 18167 F DEBUG   : signal 11 (SIGSEGV), code 1 (SEGV_MAPERR), fault addr 0x0
09-16 11:12:40.930 18167 18167 F DEBUG   : Cause: null pointer dereference
09-16 11:12:40.930 18167 18167 F DEBUG   :     r0 0000000e  r1 a73ec187  r2 000fffff  r3 00000001
09-16 11:12:40.930 18167 18167 F DEBUG   :     r4 00000000  r5 8d979d38  r6 8d979e04  r7 8d979eb4
09-16 11:12:40.930 18167 18167 F DEBUG   :     r8 00015fa0  r9 8d979a78  sl 8d901bf8  fp 8d901b84
09-16 11:12:40.930 18167 18167 F DEBUG   :     ip 8d9f8c1c  sp 8d901a60  lr 8d9e5497  pc 8d9794d8  cpsr 600f0010
09-16 11:12:40.933 18127 18170 I chatty  : uid=1002(bluetooth) com.android.bluetooth expire 13 lines
09-16 11:12:40.934 18127 18171 I chatty  : uid=1002(bluetooth) com.android.bluetooth expire 18 lines
09-16 11:12:40.937 18127 18174 I chatty  : uid=1002(bluetooth) com.android.bluetooth expire 1 line
09-16 11:12:40.937 18127 18175 I chatty  : uid=1002(bluetooth) com.android.bluetooth expire 1 line
09-16 11:12:40.942 18127 18176 I chatty  : uid=1002(bluetooth) com.android.bluetooth expire 4 lines
09-16 11:12:40.944   820   820 D BluetoothManagerService: Bluetooth Adapter name changed to Nexus 4
09-16 11:12:40.945   820   820 D BluetoothManagerService: Stored Bluetooth name: Nexus 4
09-16 11:12:40.952   820   820 D BluetoothManagerService: BluetoothServiceConnection: com.android.bluetooth.btservice.AdapterService
09-16 11:12:40.952   820  1012 D BluetoothManagerService: MESSAGE_BLUETOOTH_SERVICE_CONNECTED: 1
09-16 11:12:40.955   820  1012 D BluetoothManagerService: Broadcasting onBluetoothServiceUp() to 5 receivers.
