09-16 11:12:54.995   170   170 W /system/bin/hwservicemanager: getTransportFromManifest: Cannot find entry android.hardware.bluetooth@1.0::IBluetoothHci in either framework or device manifest, using default transport.
09-16 11:12:55.002 19147 19188 F libc    : Fatal signal 6 (SIGABRT), code -6 in tid 19188 (hci_thread)
09-16 11:12:55.009 19192 19192 I chatty  : uid=1002(bluetooth) com.android.bluetooth expire 3 lines
09-16 11:12:55.047   245   245 I /system/bin/tombstoned: received crash request for pid 19147
09-16 11:12:55.047   245   245 I /system/bin/tombstoned: enqueueing crash request for pid 19147
09-16 11:12:55.766   820  1010 I BootReceiver: Copying /data/tombstones/tombstone_02 to DropBox (SYSTEM_TOMBSTONE)
09-16 11:12:55.770   245   245 E /system/bin/tombstoned: Tombstone written to: /data/tombstones//tombstone_02
09-16 11:12:55.772 19147 19188 F libc    : crash_dump helper failed to exec
09-16 11:12:55.773   245   245 W /system/bin/tombstoned: crash socket received short read of length 0 (expected 8)
09-16 11:12:55.792   169   169 I ServiceManager: service 'nfc' died
09-16 11:12:55.792   820  2800 I ActivityManager: Process com.android.nfc (pid 19125) has died: pers PER 
09-16 11:12:55.794   820  2800 W ActivityManager: Re-adding persistent process ProcessRecord{ce92822 19125:com.android.nfc/1027}
09-16 11:12:55.806   820   820 D BluetoothManagerService: BluetoothServiceConnection, disconnected: com.android.bluetooth.btservice.AdapterService
09-16 11:12:55.806   820  1012 E BluetoothManagerService: MESSAGE_BLUETOOTH_SERVICE_DISCONNECTED(1)
09-16 11:12:55.806   169   169 I ServiceManager: service 'media.camera' died
09-16 11:12:55.807   820  1012 D BluetoothManagerService: Broadcasting onBluetoothServiceDown() to 3 receivers.
09-16 11:12:55.807   820  2800 I ActivityManager: Start proc 19209:com.android.nfc/1027 for restart com.android.nfc
09-16 11:12:55.814 19200 19200 E linker  : "/system/lib/libmmjpeg.so" has text relocations
09-16 11:12:55.816   820  3985 I ActivityManager: Process com.android.bluetooth (pid 19147) has died: psvc IMPF
09-16 11:12:55.816   820  3985 W ActivityManager: Scheduling restart of crashed service com.android.bluetooth/.gatt.GattService in 1000ms
09-16 11:12:55.816   820  3985 W ActivityManager: Scheduling restart of crashed service com.android.bluetooth/.btservice.AdapterService in 1000ms
09-16 11:12:55.818 19199 19199 E Diag_Lib:  Diag_LSM_Init: Failed to open handle to diag driver, error = 2
09-16 11:12:55.819 19199 19199 E Sensors : sns_fsa_la.c(386):fsa: fflush failed, 9
09-16 11:12:55.819 19199 19199 E Sensors : sns_fsa_la.c(386):fsa: fflush failed, 9
09-16 11:12:55.820 19200 19200 F libc    : CANNOT LINK EXECUTABLE "/system/bin/mm-qcamera-daemon": "/system/lib/libmmjpeg.so" has text relocations
09-16 11:12:55.820 19200 19200 F libc    : Fatal signal 6 (SIGABRT), code -6 in tid 19200 (mm-qcamera-daem)
09-16 11:12:55.843   190   190 I Zygote  : Process 19125 exited due to signal (11)
09-16 11:12:55.844 19199 19219 W Sensors : sns_smr_la.c(446):smr_la: smr_apps_la_thread_main is starting, fd=10, sns_smr.en_rx_msg_ptr=b0b469d4
09-16 11:12:55.855 19221 19221 I crash_dump32: obtaining output fd from tombstoned
09-16 11:12:55.855   245   245 I /system/bin/tombstoned: received crash request for pid 19200
09-16 11:12:55.859 19221 19221 I crash_dump32: performing dump of process 19200 (target tid = 19200)
09-16 11:12:55.860 19221 19221 F DEBUG   : *** *** *** *** *** *** *** *** *** *** *** *** *** *** *** ***
09-16 11:12:55.860 19221 19221 F DEBUG   : Build fingerprint: 'google/mako/mako:7.1.2/NJH47F/4146041:user/release-keys'
09-16 11:12:55.860 19221 19221 F DEBUG   : Revision: '0'
09-16 11:12:55.860 19221 19221 F DEBUG   : ABI: 'arm'
09-16 11:12:55.860 19221 19221 F DEBUG   : pid: 19200, tid: 19200, name: mm-qcamera-daem  >>> /system/bin/mm-qcamera-daemon <<<
09-16 11:12:55.860 19221 19221 F DEBUG   : signal 6 (SIGABRT), code -6 (SI_TKILL), fault addr --------
09-16 11:12:55.861 19199 19219 W Sensors : sns_smr_la.c(467):smr_la: poll return revents: 0x1/ffffffff errno: 0
09-16 11:12:55.862   820  1010 I BootReceiver: Copying /data/tombstones/tombstone_03 to DropBox (SYSTEM_TOMBSTONE)
09-16 11:12:55.862 19199 19219 W Sensors : sns_main.c(1430):sns_main_exit called
09-16 11:12:55.862 19199 19219 E Sensors : error connecting error -1 Connection refused
09-16 11:12:55.863   190   190 I Zygote  : Process 19147 exited due to signal (6)
09-16 11:12:55.871 19221 19221 F DEBUG   : Abort message: 'CANNOT LINK EXECUTABLE "/system/bin/mm-qcamera-daemon": "/system/lib/libmmjpeg.so" has text relocations'
09-16 11:12:55.871 19221 19221 F DEBUG   :     r0 00000000  r1 00004b00  r2 00000006  r3 00000008
09-16 11:12:55.872 19221 19221 F DEBUG   :     r4 00004b00  r5 00004b00  r6 beac7830  r7 0000010c
09-16 11:12:55.872 19221 19221 F DEBUG   :     r8 beac8ae4  r9 afdd9010  sl beac7ad8  fp afe25cd0
09-16 11:12:55.872 19221 19221 F DEBUG   :     ip 00000000  sp beac7820  lr afe8f597  pc afe9983c  cpsr 200d0010
09-16 11:12:55.881 19221 19221 F DEBUG   : 
09-16 11:12:55.881 19221 19221 F DEBUG   : backtrace:
09-16 11:12:55.881 19221 19221 F DEBUG   :     #00 pc 0006783c  /system/bin/linker (__dl_tgkill+12)
09-16 11:12:55.881 19221 19221 F DEBUG   :     #01 pc 0005d593  /system/bin/linker (__dl_abort+54)
09-16 11:12:55.881 19221 19221 F DEBUG   :     #02 pc 00018c21  /system/bin/linker (__dl___libc_fatal+24)
09-16 11:12:55.881 19221 19221 F DEBUG   :     #03 pc 00010267  /system/bin/linker (__dl___linker_init+1986)
09-16 11:12:55.881 19221 19221 F DEBUG   :     #04 pc 00015324  /system/bin/linker (_start+4)
09-16 11:12:55.892   206   286 D ThermalDaemon: Sensor 'tsens_tz_sensor8' - alarm raised 1 at 62.0 degC
09-16 11:12:55.922   820  2331 W NativeCrashListener: Couldn't find ProcessRecord for pid 19200
09-16 11:12:55.922   245   245 E /system/bin/tombstoned: Tombstone written to: /data/tombstones//tombstone_04
09-16 11:12:55.923   820  1010 I BootReceiver: Copying /data/tombstones/tombstone_04 to DropBox (SYSTEM_TOMBSTONE)
09-16 11:12:55.984 19209 19209 I chatty  : uid=1027(nfc) com.android.nfc expire 13 lines
09-16 11:12:56.006   820  1012 D BluetoothManagerService: MESSAGE_RESTART_BLUETOOTH_SERVICE
09-16 11:12:56.018   820  1012 I ActivityManager: Start proc 19238:com.android.bluetooth/1002 for service com.android.bluetooth/.btservice.AdapterService
09-16 11:12:56.114 19238 19238 I chatty  : uid=1002(bluetooth) com.android.bluetooth expire 21 lines
09-16 11:12:56.132 19209 19257 I chatty  : uid=1027(nfc) com.android.nfc expire 12 lines
09-16 11:12:56.155 19209 19261 I chatty  : uid=1027(nfc) com.android.nfc expire 1 line
09-16 11:12:56.156 19209 19260 I chatty  : uid=1027(nfc) com.android.nfc expire 1 line
09-16 11:12:56.158   170   170 W /system/bin/hwservicemanager: getTransportFromManifest: Cannot find entry android.hardware.nfc@1.0::INfc in either framework or device manifest, using default transport.
09-16 11:12:56.165 19209 19257 I chatty  : uid=1027(nfc) com.android.nfc expire 2 lines
09-16 11:12:56.167 19209 19257 F libc    : Fatal signal 11 (SIGSEGV), code 1, fault addr 0x0 in tid 19257 (AsyncTask #1)
09-16 11:12:56.168 19238 19262 I chatty  : uid=1002(bluetooth) com.android.bluetooth expire 13 lines
09-16 11:12:56.168 19238 19264 I chatty  : uid=1002(bluetooth) com.android.bluetooth expire 18 lines
09-16 11:12:56.171 19238 19267 I chatty  : uid=1002(bluetooth) com.android.bluetooth expire 1 line
09-16 11:12:56.172 19238 19268 I chatty  : uid=1002(bluetooth) com.android.bluetooth expire 1 line
09-16 11:12:56.176 19238 19270 I chatty  : uid=1002(bluetooth) com.android.bluetooth expire 1 line
09-16 11:12:56.182 19238 19238 I chatty  : uid=1002(bluetooth) com.android.bluetooth expire 15 lines
09-16 11:12:56.187   820   820 D BluetoothManagerService: BluetoothServiceConnection: com.android.bluetooth.btservice.AdapterService
09-16 11:12:56.187   820  1012 D BluetoothManagerService: MESSAGE_BLUETOOTH_SERVICE_CONNECTED: 1
09-16 11:12:56.189   820  1012 D BluetoothManagerService: Broadcasting onBluetoothServiceUp() to 5 receivers.
09-16 11:12:56.192 19238 19251 I chatty  : uid=1002(bluetooth) com.android.bluetooth expire 1 line
09-16 11:12:56.195   820  1012 D BluetoothManagerService: MESSAGE_GET_NAME_AND_ADDRESS
09-16 11:12:56.197   820  1012 D BluetoothManagerService: MESSAGE_BLUETOOTH_STATE_CHANGE: OFF > BLE_TURNING_ON
09-16 11:12:56.198   820  1012 D BluetoothManagerService: Sending BLE State Change: OFF > BLE_TURNING_ON
09-16 11:12:56.200 19238 19273 I chatty  : uid=1002(bluetooth) com.android.bluetooth expire 1 line
09-16 11:12:56.219 19238 19280 I chatty  : uid=1002(bluetooth) com.android.bluetooth expire 6 lines
09-16 11:12:56.221   170   170 W /system/bin/hwservicemanager: getTransportFromManifest: Cannot find entry android.hardware.bluetooth@1.0::IBluetoothHci in either framework or device manifest, using default transport.
09-16 11:12:56.228 19238 19280 F libc    : Fatal signal 6 (SIGABRT), code -6 in tid 19280 (hci_thread)
09-16 11:12:56.235 19285 19285 I chatty  : uid=1002(bluetooth) crash_dump32 expire 3 lines
09-16 11:12:56.256 19279 19279 I chatty  : uid=1027(nfc) crash_dump32 expire 2 lines
09-16 11:12:56.257   245   245 I /system/bin/tombstoned: received crash request for pid 19209
09-16 11:12:56.258 19279 19279 F DEBUG   : *** *** *** *** *** *** *** *** *** *** *** *** *** *** *** ***
09-16 11:12:56.258 19279 19279 F DEBUG   : Build fingerprint: 'google/mako/mako:7.1.2/NJH47F/4146041:user/release-keys'
09-16 11:12:56.258 19279 19279 F DEBUG   : Revision: '0'
09-16 11:12:56.258 19279 19279 F DEBUG   : ABI: 'arm'
09-16 11:12:56.258 19279 19279 F DEBUG   : pid: 19209, tid: 19257, name: AsyncTask #1  >>> com.android.nfc <<<
09-16 11:12:56.259 19279 19279 F DEBUG   : signal 11 (SIGSEGV), code 1 (SEGV_MAPERR), fault addr 0x0
09-16 11:12:56.259 19279 19279 F DEBUG   : Cause: null pointer dereference
09-16 11:12:56.259 19279 19279 F DEBUG   :     r0 0000000e  r1 a73ec187  r2 000fffff  r3 00000001
09-16 11:12:56.259 19279 19279 F DEBUG   :     r4 00000000  r5 8d977d38  r6 8d977e04  r7 8d977eb4
09-16 11:12:56.259 19279 19279 F DEBUG   :     r8 00015fa0  r9 8d977a78  sl 8d8ffbf8  fp 8d8ffb84
09-16 11:12:56.259 19279 19279 F DEBUG   :     ip 8d9f9c1c  sp 8d8ffa60  lr 8d9e6497  pc 8d9774d8  cpsr 600f0010
09-16 11:12:56.272   245   245 I /system/bin/tombstoned: received crash request for pid 19238
09-16 11:12:56.272   245   245 I /system/bin/tombstoned: enqueueing crash request for pid 19238
09-16 11:12:56.294 19279 19279 F DEBUG   : 
09-16 11:12:56.294 19279 19279 F DEBUG   : backtrace:
09-16 11:12:56.294 19279 19279 F DEBUG   :     #00 pc 000764d8  /system/lib/libnfc-nci.so (_ZN13NfcAdaptation26InitializeHalDeviceContextEv+376)
09-16 11:12:56.294 19279 19279 F DEBUG   :     #01 pc 00075e4c  /system/lib/libnfc-nci.so (_ZN13NfcAdaptation10InitializeEv+832)
09-16 11:12:56.294 19279 19279 F DEBUG   :     #02 pc 0000dbf5  /system/lib/libnfc_nci_jni.so (_ZN7androidL23nfcManager_doInitializeEP7_JNIEnvP8_jobject+52)
09-16 11:12:56.294 19279 19279 F DEBUG   :     #03 pc 0002d8eb  /data/dalvik-cache/arm/system@app@NfcNci@NfcNci.apk@classes.dex (offset 0xf000)
09-16 11:12:57.004   245   245 E /system/bin/tombstoned: Tombstone written to: /data/tombstones//tombstone_05
09-16 11:12:57.006 19238 19280 F libc    : crash_dump helper failed to exec
09-16 11:12:57.008   820  1010 I BootReceiver: Copying /data/tombstones/tombstone_06 to DropBox (SYSTEM_TOMBSTONE)
09-16 11:12:57.009   245   245 W /system/bin/tombstoned: crash socket received short read of length 0 (expected 8)
09-16 11:12:57.019   820   820 D BluetoothManagerService: BluetoothServiceConnection, disconnected: com.android.bluetooth.btservice.AdapterService
09-16 11:12:57.019   820  2370 I ActivityManager: Process com.android.bluetooth (pid 19238) has died: psvc IMPF
09-16 11:12:57.019   820  2370 W ActivityManager: Scheduling restart of crashed service com.android.bluetooth/.btservice.AdapterService in 1000ms
09-16 11:12:57.019   820  1012 E BluetoothManagerService: MESSAGE_BLUETOOTH_SERVICE_DISCONNECTED(1)
09-16 11:12:57.019   820  2370 W ActivityManager: Scheduling restart of crashed service com.android.bluetooth/.gatt.GattService in 11000ms
09-16 11:12:57.019   820  1012 D BluetoothManagerService: Broadcasting onBluetoothServiceDown() to 4 receivers.
09-16 11:12:57.034   169   169 I ServiceManager: service 'nfc' died
09-16 11:12:57.034   820  3308 I ActivityManager: Process com.android.nfc (pid 19209) has died: pers PER 
09-16 11:12:57.035   820  3308 W ActivityManager: Re-adding persistent process ProcessRecord{ce92822 19209:com.android.nfc/1027}
09-16 11:12:57.046   820  3308 I ActivityManager: Start proc 19292:com.android.nfc/1027 for restart com.android.nfc
09-16 11:12:57.048   820  1010 I BootReceiver: Copying /data/tombstones/tombstone_05 to DropBox (SYSTEM_TOMBSTONE)
09-16 11:12:57.073   190   190 I Zygote  : Process 19238 exited due to signal (6)
09-16 11:12:57.083   190   190 I Zygote  : Process 19209 exited due to signal (11)
09-16 11:12:57.151 19292 19292 I chatty  : uid=1027(nfc) com.android.nfc expire 13 lines
09-16 11:12:57.220   820  1012 D BluetoothManagerService: MESSAGE_RESTART_BLUETOOTH_SERVICE
09-16 11:12:57.234   820  1012 I ActivityManager: Start proc 19313:com.android.bluetooth/1002 for service com.android.bluetooth/.btservice.AdapterService
09-16 11:12:57.311 19292 19331 I chatty  : uid=1027(nfc) com.android.nfc expire 14 lines
09-16 11:12:57.317 19292 19335 I chatty  : uid=1027(nfc) com.android.nfc expire 1 line
09-16 11:12:57.317 19292 19334 I chatty  : uid=1027(nfc) com.android.nfc expire 1 line
09-16 11:12:57.319   170   170 W /system/bin/hwservicemanager: getTransportFromManifest: Cannot find entry android.hardware.nfc@1.0::INfc in either framework or device manifest, using default transport.
09-16 11:12:57.328 19292 19331 F libc    : Fatal signal 11 (SIGSEGV), code 1, fault addr 0x0 in tid 19331 (AsyncTask #1)
09-16 11:12:57.352 19313 19313 I chatty  : uid=1002(bluetooth) com.android.bluetooth expire 36 lines
09-16 11:12:57.408 19313 19346 I chatty  : uid=1002(bluetooth) com.android.bluetooth expire 13 lines
09-16 11:12:57.409 19313 19347 I chatty  : uid=1002(bluetooth) com.android.bluetooth expire 18 lines
09-16 11:12:57.411 19313 19350 I chatty  : uid=1002(bluetooth) com.android.bluetooth expire 1 line
09-16 11:12:57.412 19313 19351 I chatty  : uid=1002(bluetooth) com.android.bluetooth expire 1 line
09-16 11:12:57.415 19345 19345 I chatty  : uid=1027(nfc) crash_dump32 expire 2 lines
09-16 11:12:57.415   245   245 I /system/bin/tombstoned: received crash request for pid 19292
09-16 11:12:57.416 19313 19352 I chatty  : uid=1002(bluetooth) com.android.bluetooth expire 1 line
09-16 11:12:57.416 19345 19345 F DEBUG   : *** *** *** *** *** *** *** *** *** *** *** *** *** *** *** ***
09-16 11:12:57.417 19345 19345 F DEBUG   : Build fingerprint: 'google/mako/mako:7.1.2/NJH47F/4146041:user/release-keys'
09-16 11:12:57.417 19345 19345 F DEBUG   : Revision: '0'
09-16 11:12:57.417 19345 19345 F DEBUG   : ABI: 'arm'
09-16 11:12:57.417 19345 19345 F DEBUG   : pid: 19292, tid: 19331, name: AsyncTask #1  >>> com.android.nfc <<<
09-16 11:12:57.417 19345 19345 F DEBUG   : signal 11 (SIGSEGV), code 1 (SEGV_MAPERR), fault addr 0x0
09-16 11:12:57.417 19345 19345 F DEBUG   : Cause: null pointer dereference
09-16 11:12:57.417 19345 19345 F DEBUG   :     r0 0000000e  r1 a73ec187  r2 000fffff  r3 00000001
09-16 11:12:57.417 19345 19345 F DEBUG   :     r4 00000000  r5 8d97cd38  r6 8d97ce04  r7 8d97ceb4
09-16 11:12:57.417 19345 19345 F DEBUG   :     r8 00015fa0  r9 8d97ca78  sl 8d904bf8  fp 8d904b84
09-16 11:12:57.417 19345 19345 F DEBUG   :     ip 8da70c1c  sp 8d904a60  lr 8da5d497  pc 8d97c4d8  cpsr 600f0010
09-16 11:12:57.428   820   820 D BluetoothManagerService: BluetoothServiceConnection: com.android.bluetooth.btservice.AdapterService
09-16 11:12:57.429   820  1012 D BluetoothManagerService: MESSAGE_BLUETOOTH_SERVICE_CONNECTED: 1
09-16 11:12:57.432   820  1012 D BluetoothManagerService: Broadcasting onBluetoothServiceUp() to 5 receivers.
09-16 11:12:57.434 19313 19327 I chatty  : uid=1002(bluetooth) com.android.bluetooth expire 1 line
09-16 11:12:57.435   820  1012 D BluetoothManagerService: MESSAGE_GET_NAME_AND_ADDRESS
09-16 11:12:57.437   820  1012 D BluetoothManagerService: MESSAGE_BLUETOOTH_STATE_CHANGE: OFF > BLE_TURNING_ON
09-16 11:12:57.437   820  1012 D BluetoothManagerService: Sending BLE State Change: OFF > BLE_TURNING_ON
09-16 11:12:57.439 19313 19357 I chatty  : uid=1002(bluetooth) com.android.bluetooth expire 1 line
09-16 11:12:57.453 19345 19345 F DEBUG   : 
09-16 11:12:57.453 19345 19345 F DEBUG   : backtrace:
09-16 11:12:57.453 19345 19345 F DEBUG   :     #00 pc 000764d8  /system/lib/libnfc-nci.so (_ZN13NfcAdaptation26InitializeHalDeviceContextEv+376)
09-16 11:12:57.453 19345 19345 F DEBUG   :     #01 pc 00075e4c  /system/lib/libnfc-nci.so (_ZN13NfcAdaptation10InitializeEv+832)
09-16 11:12:57.453 19345 19345 F DEBUG   :     #02 pc 0000dbf5  /system/lib/libnfc_nci_jni.so (_ZN7androidL23nfcManager_doInitializeEP7_JNIEnvP8_jobject+52)
09-16 11:12:57.453 19345 19345 F DEBUG   :     #03 pc 0002d8eb  /data/dalvik-cache/arm/system@app@NfcNci@NfcNci.apk@classes.dex (offset 0xf000)
09-16 11:12:57.470 19313 19361 I chatty  : uid=1002(bluetooth) com.android.bluetooth expire 6 lines
09-16 11:12:57.473   170   170 W /system/bin/hwservicemanager: getTransportFromManifest: Cannot find entry android.hardware.bluetooth@1.0::IBluetoothHci in either framework or device manifest, using default transport.
09-16 11:12:57.480 19313 19361 F libc    : Fatal signal 6 (SIGABRT), code -6 in tid 19361 (hci_thread)
09-16 11:12:57.487 19366 19366 I chatty  : uid=1002(bluetooth) crash_dump32 expire 3 lines
09-16 11:12:57.526   245   245 I /system/bin/tombstoned: received crash request for pid 19313
09-16 11:12:57.526   245   245 I /system/bin/tombstoned: enqueueing crash request for pid 19313
09-16 11:12:57.762 19338 19338 I cameraserver: type=1400 audit(0.0:782): avc: denied { getattr } for path="/sys/devices/system/cpu/online" dev="sysfs" ino=34 scontext=u:r:cameraserver:s0 tcontext=u:object_r:sysfs:s0 tclass=file permissive=1
09-16 11:12:57.781 19338 19338 I cameraserver: ServiceManager: 0xaa68e500
09-16 11:12:57.781 19338 19338 I CameraService: CameraService started (pid=19338)
09-16 11:12:57.781 19338 19338 I CameraService: CameraService process starting
09-16 11:12:57.787   170   170 W /system/bin/hwservicemanager: getTransportFromManifest: Cannot find entry android.hardware.camera.provider@2.4::ICameraProvider in either framework or device manifest, using default transport.
09-16 11:12:58.126   245   245 E /system/bin/tombstoned: Tombstone written to: /data/tombstones//tombstone_07
09-16 11:12:58.128 19313 19361 F libc    : crash_dump helper failed to exec
09-16 11:12:58.129   245   245 W /system/bin/tombstoned: crash socket received short read of length 0 (expected 8)
09-16 11:12:58.130   820  1010 I BootReceiver: Copying /data/tombstones/tombstone_08 to DropBox (SYSTEM_TOMBSTONE)
09-16 11:12:58.146   820   820 D BluetoothManagerService: BluetoothServiceConnection, disconnected: com.android.bluetooth.btservice.AdapterService
09-16 11:12:58.146   820  1001 I ActivityManager: Process com.android.bluetooth (pid 19313) has died: psvc IMPF
09-16 11:12:58.147   820  1001 W ActivityManager: Scheduling restart of crashed service com.android.bluetooth/.gatt.GattService in 1000ms
09-16 11:12:58.147   820  1012 E BluetoothManagerService: MESSAGE_BLUETOOTH_SERVICE_DISCONNECTED(1)
09-16 11:12:58.147   820  1001 W ActivityManager: Scheduling restart of crashed service com.android.bluetooth/.btservice.AdapterService in 1000ms
09-16 11:12:58.147   820  1012 D BluetoothManagerService: Broadcasting onBluetoothServiceDown() to 4 receivers.
09-16 11:12:58.151   169   169 I ServiceManager: service 'nfc' died
09-16 11:12:58.152   820  2398 I ActivityManager: Process com.android.nfc (pid 19292) has died: pers PER 
09-16 11:12:58.153   820  2398 W ActivityManager: Re-adding persistent process ProcessRecord{ce92822 19292:com.android.nfc/1027}
09-16 11:12:58.170   820  2398 I ActivityManager: Start proc 19380:com.android.nfc/1027 for restart com.android.nfc
09-16 11:12:58.193   190   190 I Zygote  : Process 19313 exited due to signal (6)
09-16 11:12:58.203   190   190 I Zygote  : Process 19292 exited due to signal (11)
09-16 11:12:58.242   820  1010 I BootReceiver: Copying /data/tombstones/tombstone_07 to DropBox (SYSTEM_TOMBSTONE)
09-16 11:12:58.243 19380 19380 I chatty  : uid=1027(nfc) com.android.nfc expire 13 lines
09-16 11:12:58.348   820  1012 D BluetoothManagerService: MESSAGE_RESTART_BLUETOOTH_SERVICE
09-16 11:12:58.360   820  1012 I ActivityManager: Start proc 19397:com.android.bluetooth/1002 for service com.android.bluetooth/.btservice.AdapterService
09-16 11:12:58.372   820   830 I zygote  : Background concurrent copying GC freed 8689(932KB) AllocSpace objects, 41(3MB) LOS objects, 42% free, 6MB/11MB, paused 396us total 129.314ms
09-16 11:12:58.440 19380 19419 I chatty  : uid=1027(nfc) com.android.nfc expire 12 lines
09-16 11:12:58.445 19380 19423 I chatty  : uid=1027(nfc) com.android.nfc expire 1 line
09-16 11:12:58.445 19380 19422 I chatty  : uid=1027(nfc) com.android.nfc expire 1 line
09-16 11:12:58.447   170   170 W /system/bin/hwservicemanager: getTransportFromManifest: Cannot find entry android.hardware.nfc@1.0::INfc in either framework or device manifest, using default transport.
09-16 11:12:58.455 19380 19419 I chatty  : uid=1027(nfc) com.android.nfc expire 2 lines
09-16 11:12:58.456 19380 19419 F libc    : Fatal signal 11 (SIGSEGV), code 1, fault addr 0x0 in tid 19419 (AsyncTask #1)
09-16 11:12:58.505 19397 19397 I chatty  : uid=1002(bluetooth) com.android.bluetooth expire 16 lines
09-16 11:12:58.537 19431 19431 I chatty  : uid=1027(nfc) crash_dump32 expire 2 lines
09-16 11:12:58.537   245   245 I /system/bin/tombstoned: received crash request for pid 19380
09-16 11:12:58.538 19431 19431 F DEBUG   : *** *** *** *** *** *** *** *** *** *** *** *** *** *** *** ***
09-16 11:12:58.539 19431 19431 F DEBUG   : Build fingerprint: 'google/mako/mako:7.1.2/NJH47F/4146041:user/release-keys'
09-16 11:12:58.539 19431 19431 F DEBUG   : Revision: '0'
09-16 11:12:58.539 19431 19431 F DEBUG   : ABI: 'arm'
09-16 11:12:58.539 19431 19431 F DEBUG   : pid: 19380, tid: 19419, name: AsyncTask #1  >>> com.android.nfc <<<
09-16 11:12:58.539 19431 19431 F DEBUG   : signal 11 (SIGSEGV), code 1 (SEGV_MAPERR), fault addr 0x0
09-16 11:12:58.539 19431 19431 F DEBUG   : Cause: null pointer dereference
09-16 11:12:58.539 19431 19431 F DEBUG   :     r0 0000000e  r1 a73ec187  r2 000fffff  r3 00000001
09-16 11:12:58.539 19431 19431 F DEBUG   :     r4 00000000  r5 8d9b9d38  r6 8d9b9e04  r7 8d9b9eb4
09-16 11:12:58.539 19431 19431 F DEBUG   :     r8 00015fa0  r9 8d9b9a78  sl 8d90fbf8  fp 8d90fb84
09-16 11:12:58.539 19431 19431 F DEBUG   :     ip 8d939c1c  sp 8d90fa60  lr 8d926497  pc 8d9b94d8  cpsr 600f0010
09-16 11:12:58.559 19397 19432 I chatty  : uid=1002(bluetooth) com.android.bluetooth expire 13 lines
09-16 11:12:58.560 19397 19433 I chatty  : uid=1002(bluetooth) com.android.bluetooth expire 18 lines
09-16 11:12:58.563 19397 19436 I chatty  : uid=1002(bluetooth) com.android.bluetooth expire 1 line
09-16 11:12:58.563 19397 19437 I chatty  : uid=1002(bluetooth) com.android.bluetooth expire 1 line
09-16 11:12:58.567 19397 19438 I chatty  : uid=1002(bluetooth) com.android.bluetooth expire 4 lines
09-16 11:12:58.568 19397 19397 I chatty  : uid=1002(bluetooth) com.android.bluetooth expire 18 lines
09-16 11:12:58.570   820   820 D BluetoothManagerService: Bluetooth Adapter name changed to Nexus 4
09-16 11:12:58.571   820   820 D BluetoothManagerService: Stored Bluetooth name: Nexus 4
09-16 11:12:58.573 19431 19431 F DEBUG   : 
09-16 11:12:58.573 19431 19431 F DEBUG   : backtrace:
09-16 11:12:58.573 19431 19431 F DEBUG   :     #00 pc 000764d8  /system/lib/libnfc-nci.so (_ZN13NfcAdaptation26InitializeHalDeviceContextEv+376)
09-16 11:12:58.573 19431 19431 F DEBUG   :     #01 pc 00075e4c  /system/lib/libnfc-nci.so (_ZN13NfcAdaptation10InitializeEv+832)
09-16 11:12:58.573 19431 19431 F DEBUG   :     #02 pc 0000dbf5  /system/lib/libnfc_nci_jni.so (_ZN7androidL23nfcManager_doInitializeEP7_JNIEnvP8_jobject+52)
09-16 11:12:58.573 19431 19431 F DEBUG   :     #03 pc 0002d8eb  /data/dalvik-cache/arm/system@app@NfcNci@NfcNci.apk@classes.dex (offset 0xf000)
09-16 11:12:58.578   820   820 D BluetoothManagerService: BluetoothServiceConnection: com.android.bluetooth.btservice.AdapterService
09-16 11:12:58.578   820  1012 D BluetoothManagerService: MESSAGE_BLUETOOTH_SERVICE_CONNECTED: 1
09-16 11:12:58.587   820  1012 D BluetoothManagerService: Broadcasting onBluetoothServiceUp() to 5 receivers.
09-16 11:12:58.589 19397 19409 I chatty  : uid=1002(bluetooth) com.android.bluetooth expire 1 line
09-16 11:12:58.590   820  1012 D BluetoothManagerService: MESSAGE_GET_NAME_AND_ADDRESS
09-16 11:12:58.596   820  1012 D BluetoothManagerService: Stored Bluetooth name: Nexus 4
09-16 11:12:58.596   820  1012 D BluetoothManagerService: MESSAGE_BLUETOOTH_STATE_CHANGE: OFF > BLE_TURNING_ON
09-16 11:12:58.596   820  1012 D BluetoothManagerService: Sending BLE State Change: OFF > BLE_TURNING_ON
09-16 11:12:58.599 19397 19443 I chatty  : uid=1002(bluetooth) com.android.bluetooth expire 1 line
09-16 11:12:58.618 19397 19447 I chatty  : uid=1002(bluetooth) com.android.bluetooth expire 6 lines
09-16 11:12:58.621   170   170 W /system/bin/hwservicemanager: getTransportFromManifest: Cannot find entry android.hardware.bluetooth@1.0::IBluetoothHci in either framework or device manifest, using default transport.
09-16 11:12:58.628 19397 19447 F libc    : Fatal signal 6 (SIGABRT), code -6 in tid 19447 (hci_thread)
09-16 11:12:58.635 19452 19452 I chatty  : uid=1002(bluetooth) crash_dump32 expire 3 lines
09-16 11:12:58.673   245   245 I /system/bin/tombstoned: received crash request for pid 19397
09-16 11:12:58.673   245   245 I /system/bin/tombstoned: enqueueing crash request for pid 19397
09-16 11:12:58.971  2713  2713 I com.android.phone: Looking for service android.hardware.radio@1.0::IRadio/slot1
09-16 11:12:58.973   170   170 W /system/bin/hwservicemanager: getTransportFromManifest: Cannot find entry android.hardware.radio@1.0::IRadio in either framework or device manifest, using default transport.
09-16 11:12:58.974  2713  2713 I com.android.phone: Looking for service android.hardware.radio.deprecated@1.0::IOemHook/slot1
09-16 11:12:58.975   170   170 W /system/bin/hwservicemanager: getTransportFromManifest: Cannot find entry android.hardware.radio.deprecated@1.0::IOemHook in either framework or device manifest, using default transport.
09-16 11:12:59.274   245   245 E /system/bin/tombstoned: Tombstone written to: /data/tombstones//tombstone_09
09-16 11:12:59.277 19397 19447 F libc    : crash_dump helper failed to exec
09-16 11:12:59.278   245   245 W /system/bin/tombstoned: crash socket received short read of length 0 (expected 8)
09-16 11:12:59.281   820  1010 I BootReceiver: Copying /data/tombstones/tombstone_00 to DropBox (SYSTEM_TOMBSTONE)
09-16 11:12:59.291   820   820 D BluetoothManagerService: BluetoothServiceConnection, disconnected: com.android.bluetooth.btservice.AdapterService
09-16 11:12:59.291   820  1012 E BluetoothManagerService: MESSAGE_BLUETOOTH_SERVICE_DISCONNECTED(1)
09-16 11:12:59.291   820  1012 D BluetoothManagerService: Broadcasting onBluetoothServiceDown() to 4 receivers.
09-16 11:12:59.292   820  3341 I ActivityManager: Process com.android.bluetooth (pid 19397) has died: psvc IMPF
09-16 11:12:59.293   820  3341 W ActivityManager: Scheduling restart of crashed service com.android.bluetooth/.gatt.GattService in 1000ms
09-16 11:12:59.293   820  3341 W ActivityManager: Scheduling restart of crashed service com.android.bluetooth/.btservice.AdapterService in 1000ms
09-16 11:12:59.317   820  1010 I BootReceiver: Copying /data/tombstones/tombstone_09 to DropBox (SYSTEM_TOMBSTONE)
09-16 11:12:59.324   169   169 I ServiceManager: service 'nfc' died
09-16 11:12:59.325   820  2398 I ActivityManager: Process com.android.nfc (pid 19380) has died: pers PER 
09-16 11:12:59.326   820  2398 W ActivityManager: Re-adding persistent process ProcessRecord{ce92822 19380:com.android.nfc/1027}
09-16 11:12:59.338   190   190 I Zygote  : Process 19397 exited due to signal (6)
09-16 11:12:59.341   820  2398 I ActivityManager: Start proc 19461:com.android.nfc/1027 for restart com.android.nfc
09-16 11:12:59.364   190   190 I Zygote  : Process 19380 exited due to signal (11)
09-16 11:12:59.433 19461 19461 I chatty  : uid=1027(nfc) com.android.nfc expire 13 lines
09-16 11:12:59.492   820  1012 D BluetoothManagerService: MESSAGE_RESTART_BLUETOOTH_SERVICE
09-16 11:12:59.504   820  1012 I ActivityManager: Start proc 19487:com.android.bluetooth/1002 for service com.android.bluetooth/.btservice.AdapterService
09-16 11:12:59.583 19461 19504 I chatty  : uid=1027(nfc) com.android.nfc expire 11 lines
09-16 11:12:59.588 19461 19508 I chatty  : uid=1027(nfc) com.android.nfc expire 1 line
09-16 11:12:59.588 19461 19507 I chatty  : uid=1027(nfc) com.android.nfc expire 1 line
09-16 11:12:59.588 19461 19504 I chatty  : uid=1027(nfc) com.android.nfc expire 3 lines
09-16 11:12:59.590   170   170 W /system/bin/hwservicemanager: getTransportFromManifest: Cannot find entry android.hardware.nfc@1.0::INfc in either framework or device manifest, using default transport.
09-16 11:12:59.600 19461 19504 F libc    : Fatal signal 11 (SIGSEGV), code 1, fault addr 0x0 in tid 19504 (AsyncTask #1)
09-16 11:12:59.605 19487 19487 I chatty  : uid=1002(bluetooth) com.android.bluetooth expire 34 lines
09-16 11:12:59.668 19487 19515 I chatty  : uid=1002(bluetooth) com.android.bluetooth expire 13 lines
09-16 11:12:59.668 19487 19516 I chatty  : uid=1002(bluetooth) com.android.bluetooth expire 18 lines
09-16 11:12:59.671 19487 19519 I chatty  : uid=1002(bluetooth) com.android.bluetooth expire 1 line
09-16 11:12:59.672 19487 19520 I chatty  : uid=1002(bluetooth) com.android.bluetooth expire 1 line
09-16 11:12:59.676 19487 19521 I chatty  : uid=1002(bluetooth) com.android.bluetooth expire 4 lines
09-16 11:12:59.679   820   820 D BluetoothManagerService: Bluetooth Adapter name changed to Nexus 4
09-16 11:12:59.679   820   820 D BluetoothManagerService: Stored Bluetooth name: Nexus 4
09-16 11:12:59.683 19514 19514 I chatty  : uid=1027(nfc) crash_dump32 expire 2 lines
09-16 11:12:59.684   245   245 I /system/bin/tombstoned: received crash request for pid 19461
09-16 11:12:59.685 19514 19514 F DEBUG   : *** *** *** *** *** *** *** *** *** *** *** *** *** *** *** ***
09-16 11:12:59.685 19514 19514 F DEBUG   : Build fingerprint: 'google/mako/mako:7.1.2/NJH47F/4146041:user/release-keys'
09-16 11:12:59.685 19514 19514 F DEBUG   : Revision: '0'
09-16 11:12:59.685 19514 19514 F DEBUG   : ABI: 'arm'
09-16 11:12:59.685 19514 19514 F DEBUG   : pid: 19461, tid: 19504, name: AsyncTask #1  >>> com.android.nfc <<<
09-16 11:12:59.685 19514 19514 F DEBUG   : signal 11 (SIGSEGV), code 1 (SEGV_MAPERR), fault addr 0x0
09-16 11:12:59.685 19514 19514 F DEBUG   : Cause: null pointer dereference
09-16 11:12:59.685 19514 19514 F DEBUG   :     r0 0000000e  r1 a73ec187  r2 000fffff  r3 00000001
09-16 11:12:59.685 19514 19514 F DEBUG   :     r4 00000000  r5 8da86d38  r6 8da86e04  r7 8da86eb4
09-16 11:12:59.685 19514 19514 F DEBUG   :     r8 00015fa0  r9 8da86a78  sl 8d8febf8  fp 8d8feb84
09-16 11:12:59.686 19514 19514 F DEBUG   :     ip 8d928c1c  sp 8d8fea60  lr 8d915497  pc 8da864d8  cpsr 600f0010
09-16 11:12:59.687   820   820 D BluetoothManagerService: BluetoothServiceConnection: com.android.bluetooth.btservice.AdapterService
09-16 11:12:59.692   820  1012 D BluetoothManagerService: MESSAGE_BLUETOOTH_SERVICE_CONNECTED: 1
09-16 11:12:59.694   820  1012 D BluetoothManagerService: Broadcasting onBluetoothServiceUp() to 5 receivers.
09-16 11:12:59.696 19487 19500 I chatty  : uid=1002(bluetooth) com.android.bluetooth expire 1 line
09-16 11:12:59.696   820  1012 D BluetoothManagerService: MESSAGE_GET_NAME_AND_ADDRESS
09-16 11:12:59.698   820  1012 D BluetoothManagerService: Stored Bluetooth name: Nexus 4
09-16 11:12:59.698   820  1012 D BluetoothManagerService: MESSAGE_BLUETOOTH_STATE_CHANGE: OFF > BLE_TURNING_ON
09-16 11:12:59.698   820  1012 D BluetoothManagerService: Sending BLE State Change: OFF > BLE_TURNING_ON
09-16 11:12:59.700 19487 19526 I chatty  : uid=1002(bluetooth) com.android.bluetooth expire 1 line
09-16 11:12:59.719 19487 19530 I chatty  : uid=1002(bluetooth) com.android.bluetooth expire 6 lines
09-16 11:12:59.721   170   170 W /system/bin/hwservicemanager: getTransportFromManifest: Cannot find entry android.hardware.bluetooth@1.0::IBluetoothHci in either framework or device manifest, using default transport.
09-16 11:12:59.728 19487 19530 F libc    : Fatal signal 6 (SIGABRT), code -6 in tid 19530 (hci_thread)
09-16 11:12:59.735 19535 19535 I chatty  : uid=1002(bluetooth) com.android.bluetooth expire 3 lines
09-16 11:12:59.742 19514 19514 F DEBUG   : 
09-16 11:12:59.742 19514 19514 F DEBUG   : backtrace:
09-16 11:12:59.742 19514 19514 F DEBUG   :     #00 pc 000764d8  /system/lib/libnfc-nci.so (_ZN13NfcAdaptation26InitializeHalDeviceContextEv+376)
09-16 11:12:59.742 19514 19514 F DEBUG   :     #01 pc 00075e4c  /system/lib/libnfc-nci.so (_ZN13NfcAdaptation10InitializeEv+832)
09-16 11:12:59.743 19514 19514 F DEBUG   :     #02 pc 0000dbf5  /system/lib/libnfc_nci_jni.so (_ZN7androidL23nfcManager_doInitializeEP7_JNIEnvP8_jobject+52)
09-16 11:12:59.743 19514 19514 F DEBUG   :     #03 pc 0002d8eb  /data/dalvik-cache/arm/system@app@NfcNci@NfcNci.apk@classes.dex (offset 0xf000)
09-16 11:12:59.772   245   245 I /system/bin/tombstoned: received crash request for pid 19487
09-16 11:12:59.772   245   245 I /system/bin/tombstoned: enqueueing crash request for pid 19487
09-16 11:13:00.432   245   245 E /system/bin/tombstoned: Tombstone written to: /data/tombstones//tombstone_01
09-16 11:13:00.433 19487 19530 F libc    : crash_dump helper failed to exec
09-16 11:13:00.434   245   245 W /system/bin/tombstoned: crash socket received short read of length 0 (expected 8)
09-16 11:13:00.436   820  1010 I BootReceiver: Copying /data/tombstones/tombstone_02 to DropBox (SYSTEM_TOMBSTONE)
09-16 11:13:00.467   820  1010 I BootReceiver: Copying /data/tombstones/tombstone_01 to DropBox (SYSTEM_TOMBSTONE)
09-16 11:13:00.483   169   169 I ServiceManager: service 'nfc' died
09-16 11:13:00.483   820  2370 I ActivityManager: Process com.android.nfc (pid 19461) has died: pers PER 
09-16 11:13:00.484   820  2370 W ActivityManager: Re-adding persistent process ProcessRecord{ce92822 19461:com.android.nfc/1027}
09-16 11:13:00.496   820  2370 I ActivityManager: Start proc 19543:com.android.nfc/1027 for restart com.android.nfc
09-16 11:13:00.517   820  3985 I ActivityManager: Process com.android.bluetooth (pid 19487) has died: psvc IMPF
09-16 11:13:00.518   820   820 D BluetoothManagerService: BluetoothServiceConnection, disconnected: com.android.bluetooth.btservice.AdapterService
09-16 11:13:00.518   820  3985 W ActivityManager: Scheduling restart of crashed service com.android.bluetooth/.gatt.GattService in 1000ms
09-16 11:13:00.518   820  3985 W ActivityManager: Scheduling restart of crashed service com.android.bluetooth/.btservice.AdapterService in 1000ms
09-16 11:13:00.519   820  1012 E BluetoothManagerService: MESSAGE_BLUETOOTH_SERVICE_DISCONNECTED(1)
09-16 11:13:00.519   820  1012 D BluetoothManagerService: Broadcasting onBluetoothServiceDown() to 3 receivers.
09-16 11:13:00.543   190   190 I Zygote  : Process 19461 exited due to signal (11)
09-16 11:13:00.553   190   190 I Zygote  : Process 19487 exited due to signal (6)
09-16 11:13:00.653 19543 19543 I chatty  : uid=1027(nfc) com.android.nfc expire 13 lines
09-16 11:13:00.718   820  1012 D BluetoothManagerService: MESSAGE_RESTART_BLUETOOTH_SERVICE
09-16 11:13:00.731   820  1012 I ActivityManager: Start proc 19569:com.android.bluetooth/1002 for service com.android.bluetooth/.btservice.AdapterService
09-16 11:13:00.774   169   169 I ServiceManager: service 'media.camera' died
09-16 11:13:00.788 19584 19584 E Diag_Lib:  Diag_LSM_Init: Failed to open handle to diag driver, error = 2
09-16 11:13:00.788 19584 19584 E Sensors : sns_fsa_la.c(386):fsa: fflush failed, 9
09-16 11:13:00.789 19584 19584 E Sensors : sns_fsa_la.c(386):fsa: fflush failed, 9
09-16 11:13:00.800 19585 19585 E linker  : "/system/lib/libmmjpeg.so" has text relocations
09-16 11:13:00.801 19585 19585 F libc    : CANNOT LINK EXECUTABLE "/system/bin/mm-qcamera-daemon": "/system/lib/libmmjpeg.so" has text relocations
09-16 11:13:00.802 19585 19585 F libc    : Fatal signal 6 (SIGABRT), code -6 in tid 19585 (mm-qcamera-daem)
09-16 11:13:00.816 19543 19590 I chatty  : uid=1027(nfc) com.android.nfc expire 12 lines
09-16 11:13:00.817 19584 19592 W Sensors : sns_smr_la.c(446):smr_la: smr_apps_la_thread_main is starting, fd=10, sns_smr.en_rx_msg_ptr=b0cf19d4
09-16 11:13:00.821 19543 19597 I chatty  : uid=1027(nfc) com.android.nfc expire 1 line
09-16 11:13:00.821 19543 19596 I chatty  : uid=1027(nfc) com.android.nfc expire 1 line
09-16 11:13:00.823   170   170 W /system/bin/hwservicemanager: getTransportFromManifest: Cannot find entry android.hardware.nfc@1.0::INfc in either framework or device manifest, using default transport.
09-16 11:13:00.831 19543 19590 I chatty  : uid=1027(nfc) com.android.nfc expire 2 lines
09-16 11:13:00.832 19543 19590 F libc    : Fatal signal 11 (SIGSEGV), code 1, fault addr 0x0 in tid 19590 (AsyncTask #1)
09-16 11:13:00.833 19584 19592 W Sensors : sns_smr_la.c(467):smr_la: poll return revents: 0x1/ffffffff errno: 0
09-16 11:13:00.833 19584 19592 W Sensors : sns_main.c(1430):sns_main_exit called
09-16 11:13:00.833 19584 19592 E Sensors : error connecting error -1 Connection refused
09-16 11:13:00.842 19601 19601 I crash_dump32: obtaining output fd from tombstoned
09-16 11:13:00.843   245   245 I /system/bin/tombstoned: received crash request for pid 19585
09-16 11:13:00.844 19601 19601 I crash_dump32: performing dump of process 19585 (target tid = 19585)
09-16 11:13:00.844 19601 19601 F DEBUG   : *** *** *** *** *** *** *** *** *** *** *** *** *** *** *** ***
09-16 11:13:00.844 19601 19601 F DEBUG   : Build fingerprint: 'google/mako/mako:7.1.2/NJH47F/4146041:user/release-keys'
09-16 11:13:00.844 19601 19601 F DEBUG   : Revision: '0'
09-16 11:13:00.844 19601 19601 F DEBUG   : ABI: 'arm'
09-16 11:13:00.844 19601 19601 F DEBUG   : pid: 19585, tid: 19585, name: mm-qcamera-daem  >>> /system/bin/mm-qcamera-daemon <<<
09-16 11:13:00.844 19601 19601 F DEBUG   : signal 6 (SIGABRT), code -6 (SI_TKILL), fault addr --------
09-16 11:13:00.849 19601 19601 F DEBUG   : Abort message: 'CANNOT LINK EXECUTABLE "/system/bin/mm-qcamera-daemon": "/system/lib/libmmjpeg.so" has text relocations'
09-16 11:13:00.849 19601 19601 F DEBUG   :     r0 00000000  r1 00004c81  r2 00000006  r3 00000008
09-16 11:13:00.849 19601 19601 F DEBUG   :     r4 00004c81  r5 00004c81  r6 bed28830  r7 0000010c
09-16 11:13:00.849 19601 19601 F DEBUG   :     r8 bed29ae4  r9 a8e1d010  sl bed28ad8  fp a8e69cd0
09-16 11:13:00.849 19601 19601 F DEBUG   :     ip 00000000  sp bed28820  lr a8ed3597  pc a8edd83c  cpsr 200d0010
09-16 11:13:00.849 19569 19569 I chatty  : uid=1002(bluetooth) com.android.bluetooth expire 16 lines
09-16 11:13:00.859 19601 19601 F DEBUG   : 
09-16 11:13:00.859 19601 19601 F DEBUG   : backtrace:
09-16 11:13:00.859 19601 19601 F DEBUG   :     #00 pc 0006783c  /system/bin/linker (__dl_tgkill+12)
09-16 11:13:00.859 19601 19601 F DEBUG   :     #01 pc 0005d593  /system/bin/linker (__dl_abort+54)
09-16 11:13:00.859 19601 19601 F DEBUG   :     #02 pc 00018c21  /system/bin/linker (__dl___libc_fatal+24)
09-16 11:13:00.859 19601 19601 F DEBUG   :     #03 pc 00010267  /system/bin/linker (__dl___linker_init+1986)
09-16 11:13:00.859 19601 19601 F DEBUG   :     #04 pc 00015324  /system/bin/linker (_start+4)
09-16 11:13:00.904   820  2331 W NativeCrashListener: Couldn't find ProcessRecord for pid 19585
09-16 11:13:00.904   245   245 E /system/bin/tombstoned: Tombstone written to: /data/tombstones//tombstone_03
09-16 11:13:00.905   820  1010 I BootReceiver: Copying /data/tombstones/tombstone_03 to DropBox (SYSTEM_TOMBSTONE)
09-16 11:13:00.914 19569 19608 I chatty  : uid=1002(bluetooth) com.android.bluetooth expire 1 line
09-16 11:13:00.915 19569 19609 I chatty  : uid=1002(bluetooth) com.android.bluetooth expire 18 lines
09-16 11:13:00.917 19603 19603 I chatty  : uid=1027(nfc) crash_dump32 expire 2 lines
09-16 11:13:00.918   245   245 I /system/bin/tombstoned: received crash request for pid 19543
09-16 11:13:00.918 19569 19612 I chatty  : uid=1002(bluetooth) com.android.bluetooth expire 1 line
09-16 11:13:00.918 19569 19613 I chatty  : uid=1002(bluetooth) com.android.bluetooth expire 1 line
09-16 11:13:00.922 19603 19603 F DEBUG   : *** *** *** *** *** *** *** *** *** *** *** *** *** *** *** ***
09-16 11:13:00.922 19603 19603 F DEBUG   : Build fingerprint: 'google/mako/mako:7.1.2/NJH47F/4146041:user/release-keys'
09-16 11:13:00.922 19603 19603 F DEBUG   : Revision: '0'
09-16 11:13:00.922 19603 19603 F DEBUG   : ABI: 'arm'
09-16 11:13:00.922 19603 19603 F DEBUG   : pid: 19543, tid: 19590, name: AsyncTask #1  >>> com.android.nfc <<<
09-16 11:13:00.922 19569 19614 I chatty  : uid=1002(bluetooth) com.android.bluetooth expire 1 line
09-16 11:13:00.923 19603 19603 F DEBUG   : signal 11 (SIGSEGV), code 1 (SEGV_MAPERR), fault addr 0x0
09-16 11:13:00.923 19603 19603 F DEBUG   : Cause: null pointer dereference
09-16 11:13:00.923 19603 19603 F DEBUG   :     r0 0000000e  r1 a73ec187  r2 000fffff  r3 00000001
09-16 11:13:00.923 19603 19603 F DEBUG   :     r4 00000000  r5 8d976d38  r6 8d976e04  r7 8d976eb4
09-16 11:13:00.923 19603 19603 F DEBUG   :     r8 00015fa0  r9 8d976a78  sl 8d8febf8  fp 8d8feb84
09-16 11:13:00.923 19603 19603 F DEBUG   :     ip 8daadc1c  sp 8d8fea60  lr 8da9a497  pc 8d9764d8  cpsr 600f0010
09-16 11:13:00.923 19569 19569 I chatty  : uid=1002(bluetooth) com.android.bluetooth expire 20 lines
09-16 11:13:00.934   820   820 D BluetoothManagerService: BluetoothServiceConnection: com.android.bluetooth.btservice.AdapterService
09-16 11:13:00.941   820  1012 D BluetoothManagerService: MESSAGE_BLUETOOTH_SERVICE_CONNECTED: 1
09-16 11:13:00.944   820  1012 D BluetoothManagerService: Broadcasting onBluetoothServiceUp() to 5 receivers.
09-16 11:13:00.946 19569 19581 I chatty  : uid=1002(bluetooth) com.android.bluetooth expire 1 line
09-16 11:13:00.946 19569 19608 I chatty  : uid=1002(bluetooth) com.android.bluetooth expire 12 lines
09-16 11:13:00.946   820  1012 D BluetoothManagerService: MESSAGE_GET_NAME_AND_ADDRESS
09-16 11:13:00.950   820  1012 D BluetoothManagerService: MESSAGE_BLUETOOTH_STATE_CHANGE: OFF > BLE_TURNING_ON
09-16 11:13:00.950   820  1012 D BluetoothManagerService: Sending BLE State Change: OFF > BLE_TURNING_ON
09-16 11:13:00.950 19569 19619 I chatty  : uid=1002(bluetooth) com.android.bluetooth expire 1 line
09-16 11:13:00.957 19603 19603 F DEBUG   : 
09-16 11:13:00.957 19603 19603 F DEBUG   : backtrace:
09-16 11:13:00.957 19603 19603 F DEBUG   :     #00 pc 000764d8  /system/lib/libnfc-nci.so (_ZN13NfcAdaptation26InitializeHalDeviceContextEv+376)
09-16 11:13:00.957 19603 19603 F DEBUG   :     #01 pc 00075e4c  /system/lib/libnfc-nci.so (_ZN13NfcAdaptation10InitializeEv+832)
09-16 11:13:00.957 19603 19603 F DEBUG   :     #02 pc 0000dbf5  /system/lib/libnfc_nci_jni.so (_ZN7androidL23nfcManager_doInitializeEP7_JNIEnvP8_jobject+52)
09-16 11:13:00.957 19603 19603 F DEBUG   :     #03 pc 0002d8eb  /data/dalvik-cache/arm/system@app@NfcNci@NfcNci.apk@classes.dex (offset 0xf000)
09-16 11:13:00.959   206   287 D ThermalDaemon: Sensor 'tsens_tz_sensor9' - alarm raised 1 at 60.0 degC
09-16 11:13:00.969 19569 19623 I chatty  : uid=1002(bluetooth) com.android.bluetooth expire 6 lines
09-16 11:13:00.971   170   170 W /system/bin/hwservicemanager: getTransportFromManifest: Cannot find entry android.hardware.bluetooth@1.0::IBluetoothHci in either framework or device manifest, using default transport.
09-16 11:13:00.978 19569 19623 F libc    : Fatal signal 6 (SIGABRT), code -6 in tid 19623 (hci_thread)
09-16 11:13:00.986 19628 19628 I chatty  : uid=1002(bluetooth) crash_dump32 expire 3 lines
09-16 11:13:01.024   245   245 I /system/bin/tombstoned: received crash request for pid 19569
09-16 11:13:01.024   245   245 I /system/bin/tombstoned: enqueueing crash request for pid 19569
09-16 11:13:01.660   245   245 E /system/bin/tombstoned: Tombstone written to: /data/tombstones//tombstone_04
09-16 11:13:01.662 19569 19623 F libc    : crash_dump helper failed to exec
09-16 11:13:01.663   820  1010 I BootReceiver: Copying /data/tombstones/tombstone_05 to DropBox (SYSTEM_TOMBSTONE)
09-16 11:13:01.664   245   245 W /system/bin/tombstoned: crash socket received short read of length 0 (expected 8)
09-16 11:13:01.685   820   820 D BluetoothManagerService: BluetoothServiceConnection, disconnected: com.android.bluetooth.btservice.AdapterService
09-16 11:13:01.685   820  1012 E BluetoothManagerService: MESSAGE_BLUETOOTH_SERVICE_DISCONNECTED(1)
09-16 11:13:01.685   820  1012 D BluetoothManagerService: Broadcasting onBluetoothServiceDown() to 4 receivers.
09-16 11:13:01.685   820  2398 I ActivityManager: Process com.android.bluetooth (pid 19569) has died: psvc IMPF
09-16 11:13:01.686   820  2398 W ActivityManager: Scheduling restart of crashed service com.android.bluetooth/.btservice.AdapterService in 1000ms
09-16 11:13:01.686   820  2398 W ActivityManager: Scheduling restart of crashed service com.android.bluetooth/.gatt.GattService in 11000ms
09-16 11:13:01.698   820  1010 I BootReceiver: Copying /data/tombstones/tombstone_04 to DropBox (SYSTEM_TOMBSTONE)
09-16 11:13:01.713   169   169 I ServiceManager: service 'nfc' died
09-16 11:13:01.723   820  3348 I ActivityManager: Process com.android.nfc (pid 19543) has died: pers PER 
09-16 11:13:01.724   820  3348 W ActivityManager: Re-adding persistent process ProcessRecord{ce92822 19543:com.android.nfc/1027}
09-16 11:13:01.739   190   190 I Zygote  : Process 19569 exited due to signal (6)
09-16 11:13:01.742   820  3348 I ActivityManager: Start proc 19646:com.android.nfc/1027 for restart com.android.nfc
09-16 11:13:01.753   190   190 I Zygote  : Process 19543 exited due to signal (11)
09-16 11:13:01.831 19646 19646 I chatty  : uid=1027(nfc) com.android.nfc expire 15 lines
09-16 11:13:01.843   820   830 I zygote  : Background concurrent copying GC freed 7871(856KB) AllocSpace objects, 52(5MB) LOS objects, 42% free, 5MB/10MB, paused 2.472ms total 137.921ms
09-16 11:13:01.885   820  1012 D BluetoothManagerService: MESSAGE_RESTART_BLUETOOTH_SERVICE
09-16 11:13:01.898   820  1012 I ActivityManager: Start proc 19664:com.android.bluetooth/1002 for service com.android.bluetooth/.btservice.AdapterService
09-16 11:13:01.981 19646 19680 I chatty  : uid=1027(nfc) com.android.nfc expire 12 lines
09-16 11:13:01.987 19646 19685 I chatty  : uid=1027(nfc) com.android.nfc expire 1 line
09-16 11:13:01.987 19646 19684 I chatty  : uid=1027(nfc) com.android.nfc expire 1 line
09-16 11:13:01.989   170   170 W /system/bin/hwservicemanager: getTransportFromManifest: Cannot find entry android.hardware.nfc@1.0::INfc in either framework or device manifest, using default transport.
09-16 11:13:01.997 19646 19680 I chatty  : uid=1027(nfc) com.android.nfc expire 2 lines
09-16 11:13:01.998 19646 19680 F libc    : Fatal signal 11 (SIGSEGV), code 1, fault addr 0x0 in tid 19680 (AsyncTask #1)
09-16 11:13:02.019 19664 19664 I chatty  : uid=1002(bluetooth) com.android.bluetooth expire 16 lines
09-16 11:13:02.074 19664 19690 I chatty  : uid=1002(bluetooth) com.android.bluetooth expire 1 line
09-16 11:13:02.074 19664 19691 I chatty  : uid=1002(bluetooth) com.android.bluetooth expire 8 lines
09-16 11:13:02.078 19689 19689 I chatty  : uid=1027(nfc) crash_dump32 expire 2 lines
09-16 11:13:02.079   245   245 I /system/bin/tombstoned: received crash request for pid 19646
09-16 11:13:02.079 19664 19694 I chatty  : uid=1002(bluetooth) com.android.bluetooth expire 1 line
09-16 11:13:02.080 19689 19689 F DEBUG   : *** *** *** *** *** *** *** *** *** *** *** *** *** *** *** ***
09-16 11:13:02.080 19664 19695 I chatty  : uid=1002(bluetooth) com.android.bluetooth expire 1 line
09-16 11:13:02.080 19689 19689 F DEBUG   : Build fingerprint: 'google/mako/mako:7.1.2/NJH47F/4146041:user/release-keys'
09-16 11:13:02.080 19689 19689 F DEBUG   : Revision: '0'
09-16 11:13:02.080 19689 19689 F DEBUG   : ABI: 'arm'
09-16 11:13:02.080 19689 19689 F DEBUG   : pid: 19646, tid: 19680, name: AsyncTask #1  >>> com.android.nfc <<<
09-16 11:13:02.080 19689 19689 F DEBUG   : signal 11 (SIGSEGV), code 1 (SEGV_MAPERR), fault addr 0x0
09-16 11:13:02.080 19689 19689 F DEBUG   : Cause: null pointer dereference
09-16 11:13:02.080 19689 19689 F DEBUG   :     r0 0000000e  r1 a73ec187  r2 000fffff  r3 00000001
09-16 11:13:02.080 19689 19689 F DEBUG   :     r4 00000000  r5 8d9ffd38  r6 8d9ffe04  r7 8d9ffeb4
09-16 11:13:02.081 19689 19689 F DEBUG   :     r8 00015fa0  r9 8d9ffa78  sl 8d91cbf8  fp 8d91cb84
09-16 11:13:02.081 19689 19689 F DEBUG   :     ip 8d96ec1c  sp 8d91ca60  lr 8d95b497  pc 8d9ff4d8  cpsr 600f0010
09-16 11:13:02.084 19664 19691 I chatty  : uid=1002(bluetooth) com.android.bluetooth expire 10 lines
09-16 11:13:02.085 19664 19696 I chatty  : uid=1002(bluetooth) com.android.bluetooth expire 1 line
09-16 11:13:02.085 19664 19664 I chatty  : uid=1002(bluetooth) com.android.bluetooth expire 20 lines
09-16 11:13:02.095   820   820 D BluetoothManagerService: BluetoothServiceConnection: com.android.bluetooth.btservice.AdapterService
