09-16 11:12:19.055 16592 16592 F DEBUG   : signal 11 (SIGSEGV), code 1 (SEGV_MAPERR), fault addr 0x0
09-16 11:12:19.055 16592 16592 F DEBUG   : Cause: null pointer dereference
09-16 11:12:19.055 16592 16592 F DEBUG   :     r0 0000000e  r1 a73ec187  r2 000fffff  r3 00000001
09-16 11:12:19.056 16592 16592 F DEBUG   :     r4 00000000  r5 8d97fd38  r6 8d97fe04  r7 8d97feb4
09-16 11:12:19.056 16592 16592 F DEBUG   :     r8 00015fa0  r9 8d97fa78  sl 8d907bf8  fp 8d907b84
09-16 11:12:19.056 16592 16592 F DEBUG   :     ip 8da2fc1c  sp 8d907a60  lr 8da1c497  pc 8d97f4d8  cpsr 600f0010
09-16 11:12:19.089 16592 16592 F DEBUG   : 
09-16 11:12:19.089 16592 16592 F DEBUG   : backtrace:
09-16 11:12:19.089 16592 16592 F DEBUG   :     #00 pc 000764d8  /system/lib/libnfc-nci.so (_ZN13NfcAdaptation26InitializeHalDeviceContextEv+376)
09-16 11:12:19.090 16592 16592 F DEBUG   :     #01 pc 00075e4c  /system/lib/libnfc-nci.so (_ZN13NfcAdaptation10InitializeEv+832)
09-16 11:12:19.090 16592 16592 F DEBUG   :     #02 pc 0000dbf5  /system/lib/libnfc_nci_jni.so (_ZN7androidL23nfcManager_doInitializeEP7_JNIEnvP8_jobject+52)
09-16 11:12:19.090 16592 16592 F DEBUG   :     #03 pc 0002d8eb  /data/dalvik-cache/arm/system@app@NfcNci@NfcNci.apk@classes.dex (offset 0xf000)
09-16 11:12:19.091   820   820 D BluetoothManagerService: BluetoothServiceConnection: com.android.bluetooth.btservice.AdapterService
09-16 11:12:19.092   820  1012 D BluetoothManagerService: MESSAGE_BLUETOOTH_SERVICE_CONNECTED: 1
09-16 11:12:19.100   820  1012 D BluetoothManagerService: Broadcasting onBluetoothServiceUp() to 5 receivers.
09-16 11:12:19.103   820  1012 D BluetoothManagerService: MESSAGE_GET_NAME_AND_ADDRESS
09-16 11:12:19.106   820  1012 D BluetoothManagerService: MESSAGE_BLUETOOTH_STATE_CHANGE: OFF > BLE_TURNING_ON
09-16 11:12:19.106   820  1012 D BluetoothManagerService: Sending BLE State Change: OFF > BLE_TURNING_ON
09-16 11:12:19.136 16565 16609 F libc    : Fatal signal 6 (SIGABRT), code -6 in tid 16609 (hci_thread)
09-16 11:12:19.725 16565 16609 F libc    : crash_dump helper failed to exec
09-16 11:12:19.727   820  1010 I BootReceiver: Copying /data/tombstones/tombstone_04 to DropBox (SYSTEM_TOMBSTONE)
09-16 11:12:19.739   820   820 D BluetoothManagerService: BluetoothServiceConnection, disconnected: com.android.bluetooth.btservice.AdapterService
09-16 11:12:19.740   820  1012 E BluetoothManagerService: MESSAGE_BLUETOOTH_SERVICE_DISCONNECTED(1)
09-16 11:12:19.740   820  1012 D BluetoothManagerService: Broadcasting onBluetoothServiceDown() to 4 receivers.
09-16 11:12:19.741   820  2800 I ActivityManager: Process com.android.bluetooth (pid 16565) has died: psvc IMPF
09-16 11:12:19.741   820  2800 W ActivityManager: Scheduling restart of crashed service com.android.bluetooth/.gatt.GattService in 1000ms
09-16 11:12:19.742   820  2800 W ActivityManager: Scheduling restart of crashed service com.android.bluetooth/.btservice.AdapterService in 1000ms
09-16 11:12:19.751   820  3308 I ActivityManager: Process com.android.nfc (pid 16548) has died: pers PER 
09-16 11:12:19.751   820  3308 W ActivityManager: Re-adding persistent process ProcessRecord{ce92822 16548:com.android.nfc/1027}
09-16 11:12:19.755   820  1010 I BootReceiver: Copying /data/tombstones/tombstone_03 to DropBox (SYSTEM_TOMBSTONE)
09-16 11:12:19.771   820  3308 I ActivityManager: Start proc 16620:com.android.nfc/1027 for restart com.android.nfc
09-16 11:12:19.939   820  1012 D BluetoothManagerService: MESSAGE_RESTART_BLUETOOTH_SERVICE
09-16 11:12:19.953   820  1012 I ActivityManager: Start proc 16646:com.android.bluetooth/1002 for service com.android.bluetooth/.btservice.AdapterService
09-16 11:12:20.086 16620 16663 F libc    : Fatal signal 11 (SIGSEGV), code 1, fault addr 0x0 in tid 16663 (AsyncTask #1)
09-16 11:12:20.134   820   820 D BluetoothManagerService: BluetoothServiceConnection: com.android.bluetooth.btservice.AdapterService
09-16 11:12:20.135   820  1012 D BluetoothManagerService: MESSAGE_BLUETOOTH_SERVICE_CONNECTED: 1
09-16 11:12:20.140   820  1012 D BluetoothManagerService: Broadcasting onBluetoothServiceUp() to 5 receivers.
09-16 11:12:20.142   820  1012 D BluetoothManagerService: MESSAGE_GET_NAME_AND_ADDRESS
09-16 11:12:20.143   820  1012 D BluetoothManagerService: MESSAGE_BLUETOOTH_STATE_CHANGE: OFF > BLE_TURNING_ON
09-16 11:12:20.143   820  1012 D BluetoothManagerService: Sending BLE State Change: OFF > BLE_TURNING_ON
09-16 11:12:20.174 16646 16689 F libc    : Fatal signal 6 (SIGABRT), code -6 in tid 16689 (hci_thread)
09-16 11:12:20.190 16680 16680 F DEBUG   : *** *** *** *** *** *** *** *** *** *** *** *** *** *** *** ***
09-16 11:12:20.190 16680 16680 F DEBUG   : Build fingerprint: 'google/mako/mako:7.1.2/NJH47F/4146041:user/release-keys'
09-16 11:12:20.190 16680 16680 F DEBUG   : Revision: '0'
09-16 11:12:20.190 16680 16680 F DEBUG   : ABI: 'arm'
09-16 11:12:20.190 16680 16680 F DEBUG   : pid: 16620, tid: 16663, name: AsyncTask #1  >>> com.android.nfc <<<
09-16 11:12:20.190 16680 16680 F DEBUG   : signal 11 (SIGSEGV), code 1 (SEGV_MAPERR), fault addr 0x0
09-16 11:12:20.190 16680 16680 F DEBUG   : Cause: null pointer dereference
09-16 11:12:20.190 16680 16680 F DEBUG   :     r0 0000000e  r1 a73ec187  r2 000fffff  r3 00000001
09-16 11:12:20.190 16680 16680 F DEBUG   :     r4 00000000  r5 8da3fd38  r6 8da3fe04  r7 8da3feb4
09-16 11:12:20.190 16680 16680 F DEBUG   :     r8 00015fa0  r9 8da3fa78  sl 8d907bf8  fp 8d907b84
09-16 11:12:20.191 16680 16680 F DEBUG   :     ip 8daaac1c  sp 8d907a60  lr 8da97497  pc 8da3f4d8  cpsr 600f0010
09-16 11:12:20.229 16680 16680 F DEBUG   : 
09-16 11:12:20.229 16680 16680 F DEBUG   : backtrace:
09-16 11:12:20.229 16680 16680 F DEBUG   :     #00 pc 000764d8  /system/lib/libnfc-nci.so (_ZN13NfcAdaptation26InitializeHalDeviceContextEv+376)
09-16 11:12:20.229 16680 16680 F DEBUG   :     #01 pc 00075e4c  /system/lib/libnfc-nci.so (_ZN13NfcAdaptation10InitializeEv+832)
09-16 11:12:20.229 16680 16680 F DEBUG   :     #02 pc 0000dbf5  /system/lib/libnfc_nci_jni.so (_ZN7androidL23nfcManager_doInitializeEP7_JNIEnvP8_jobject+52)
09-16 11:12:20.229 16680 16680 F DEBUG   :     #03 pc 0002d8eb  /data/dalvik-cache/arm/system@app@NfcNci@NfcNci.apk@classes.dex (offset 0xf000)
09-16 11:12:20.804 16700 16700 F libc    : CANNOT LINK EXECUTABLE "/system/bin/mm-qcamera-daemon": "/system/lib/libmmjpeg.so" has text relocations
09-16 11:12:20.804 16700 16700 F libc    : Fatal signal 6 (SIGABRT), code -6 in tid 16700 (mm-qcamera-daem)
09-16 11:12:20.928 16646 16689 F libc    : crash_dump helper failed to exec
09-16 11:12:20.930   820  1010 I BootReceiver: Copying /data/tombstones/tombstone_06 to DropBox (SYSTEM_TOMBSTONE)
09-16 11:12:20.942   820   820 D BluetoothManagerService: BluetoothServiceConnection, disconnected: com.android.bluetooth.btservice.AdapterService
09-16 11:12:20.942   820  1012 E BluetoothManagerService: MESSAGE_BLUETOOTH_SERVICE_DISCONNECTED(1)
09-16 11:12:20.942   820  1012 D BluetoothManagerService: Broadcasting onBluetoothServiceDown() to 4 receivers.
09-16 11:12:20.942   820  2747 I ActivityManager: Process com.android.bluetooth (pid 16646) has died: psvc IMPF
09-16 11:12:20.942   820  2747 W ActivityManager: Scheduling restart of crashed service com.android.bluetooth/.btservice.AdapterService in 1000ms
09-16 11:12:20.942   820  2747 W ActivityManager: Scheduling restart of crashed service com.android.bluetooth/.gatt.GattService in 11000ms
09-16 11:12:20.949 16707 16707 F DEBUG   : *** *** *** *** *** *** *** *** *** *** *** *** *** *** *** ***
09-16 11:12:20.949 16707 16707 F DEBUG   : Build fingerprint: 'google/mako/mako:7.1.2/NJH47F/4146041:user/release-keys'
09-16 11:12:20.949 16707 16707 F DEBUG   : Revision: '0'
09-16 11:12:20.949 16707 16707 F DEBUG   : ABI: 'arm'
09-16 11:12:20.949 16707 16707 F DEBUG   : pid: 16700, tid: 16700, name: mm-qcamera-daem  >>> /system/bin/mm-qcamera-daemon <<<
09-16 11:12:20.949 16707 16707 F DEBUG   : signal 6 (SIGABRT), code -6 (SI_TKILL), fault addr --------
09-16 11:12:20.954   820  3985 I ActivityManager: Process com.android.nfc (pid 16620) has died: pers PER 
09-16 11:12:20.955   820  3985 W ActivityManager: Re-adding persistent process ProcessRecord{ce92822 16620:com.android.nfc/1027}
09-16 11:12:20.957 16707 16707 F DEBUG   : Abort message: 'CANNOT LINK EXECUTABLE "/system/bin/mm-qcamera-daemon": "/system/lib/libmmjpeg.so" has text relocations'
09-16 11:12:20.957 16707 16707 F DEBUG   :     r0 00000000  r1 0000413c  r2 00000006  r3 00000008
09-16 11:12:20.957 16707 16707 F DEBUG   :     r4 0000413c  r5 0000413c  r6 beb0b830  r7 0000010c
09-16 11:12:20.957 16707 16707 F DEBUG   :     r8 beb0cae4  r9 b51b6010  sl beb0bad8  fp b5202cd0
09-16 11:12:20.957 16707 16707 F DEBUG   :     ip 00000000  sp beb0b820  lr b526c597  pc b527683c  cpsr 200d0010
09-16 11:12:20.958   820  1010 I BootReceiver: Copying /data/tombstones/tombstone_05 to DropBox (SYSTEM_TOMBSTONE)
09-16 11:12:20.973 16707 16707 F DEBUG   : 
09-16 11:12:20.973 16707 16707 F DEBUG   : backtrace:
09-16 11:12:20.973 16707 16707 F DEBUG   :     #00 pc 0006783c  /system/bin/linker (__dl_tgkill+12)
09-16 11:12:20.973 16707 16707 F DEBUG   :     #01 pc 0005d593  /system/bin/linker (__dl_abort+54)
09-16 11:12:20.973 16707 16707 F DEBUG   :     #02 pc 00018c21  /system/bin/linker (__dl___libc_fatal+24)
09-16 11:12:20.973 16707 16707 F DEBUG   :     #03 pc 00010267  /system/bin/linker (__dl___linker_init+1986)
09-16 11:12:20.973 16707 16707 F DEBUG   :     #04 pc 00015324  /system/bin/linker (_start+4)
09-16 11:12:20.980   820  3985 I ActivityManager: Start proc 16710:com.android.nfc/1027 for restart com.android.nfc
09-16 11:12:21.041   820  2331 W NativeCrashListener: Couldn't find ProcessRecord for pid 16700
09-16 11:12:21.043   820  1010 I BootReceiver: Copying /data/tombstones/tombstone_07 to DropBox (SYSTEM_TOMBSTONE)
09-16 11:12:21.141   820  1012 D BluetoothManagerService: MESSAGE_RESTART_BLUETOOTH_SERVICE
09-16 11:12:21.153   820  1012 I ActivityManager: Start proc 16735:com.android.bluetooth/1002 for service com.android.bluetooth/.btservice.AdapterService
09-16 11:12:21.244 16710 16750 F libc    : Fatal signal 11 (SIGSEGV), code 1, fault addr 0x0 in tid 16750 (AsyncTask #1)
09-16 11:12:21.331 16762 16762 F DEBUG   : *** *** *** *** *** *** *** *** *** *** *** *** *** *** *** ***
09-16 11:12:21.331 16762 16762 F DEBUG   : Build fingerprint: 'google/mako/mako:7.1.2/NJH47F/4146041:user/release-keys'
09-16 11:12:21.331 16762 16762 F DEBUG   : Revision: '0'
09-16 11:12:21.331 16762 16762 F DEBUG   : ABI: 'arm'
09-16 11:12:21.331 16762 16762 F DEBUG   : pid: 16710, tid: 16750, name: AsyncTask #1  >>> com.android.nfc <<<
09-16 11:12:21.331 16762 16762 F DEBUG   : signal 11 (SIGSEGV), code 1 (SEGV_MAPERR), fault addr 0x0
09-16 11:12:21.331 16762 16762 F DEBUG   : Cause: null pointer dereference
09-16 11:12:21.331 16762 16762 F DEBUG   :     r0 0000000e  r1 a73ec187  r2 000fffff  r3 00000001
09-16 11:12:21.331 16762 16762 F DEBUG   :     r4 00000000  r5 8d97cd38  r6 8d97ce04  r7 8d97ceb4
09-16 11:12:21.331 16762 16762 F DEBUG   :     r8 00015fa0  r9 8d97ca78  sl 8d904bf8  fp 8d904b84
09-16 11:12:21.331 16762 16762 F DEBUG   :     ip 8da72c1c  sp 8d904a60  lr 8da5f497  pc 8d97c4d8  cpsr 600f0010
09-16 11:12:21.367 16762 16762 F DEBUG   : 
09-16 11:12:21.367 16762 16762 F DEBUG   : backtrace:
09-16 11:12:21.367 16762 16762 F DEBUG   :     #00 pc 000764d8  /system/lib/libnfc-nci.so (_ZN13NfcAdaptation26InitializeHalDeviceContextEv+376)
09-16 11:12:21.367 16762 16762 F DEBUG   :     #01 pc 00075e4c  /system/lib/libnfc-nci.so (_ZN13NfcAdaptation10InitializeEv+832)
09-16 11:12:21.367 16762 16762 F DEBUG   :     #02 pc 0000dbf5  /system/lib/libnfc_nci_jni.so (_ZN7androidL23nfcManager_doInitializeEP7_JNIEnvP8_jobject+52)
09-16 11:12:21.367 16762 16762 F DEBUG   :     #03 pc 0002d8eb  /data/dalvik-cache/arm/system@app@NfcNci@NfcNci.apk@classes.dex (offset 0xf000)
09-16 11:12:21.373   820   820 D BluetoothManagerService: Bluetooth Adapter name changed to Nexus 4
09-16 11:12:21.373   820   820 D BluetoothManagerService: Stored Bluetooth name: Nexus 4
09-16 11:12:21.381   820   820 D BluetoothManagerService: BluetoothServiceConnection: com.android.bluetooth.btservice.AdapterService
09-16 11:12:21.386   820  1012 D BluetoothManagerService: MESSAGE_BLUETOOTH_SERVICE_CONNECTED: 1
09-16 11:12:21.388   820  1012 D BluetoothManagerService: Broadcasting onBluetoothServiceUp() to 5 receivers.
09-16 11:12:21.389   820  1012 D BluetoothManagerService: MESSAGE_GET_NAME_AND_ADDRESS
09-16 11:12:21.392   820  1012 D BluetoothManagerService: Stored Bluetooth name: Nexus 4
09-16 11:12:21.392   820  1012 D BluetoothManagerService: MESSAGE_BLUETOOTH_STATE_CHANGE: OFF > BLE_TURNING_ON
09-16 11:12:21.392   820  1012 D BluetoothManagerService: Sending BLE State Change: OFF > BLE_TURNING_ON
09-16 11:12:21.429 16735 16778 F libc    : Fatal signal 6 (SIGABRT), code -6 in tid 16778 (hci_thread)
09-16 11:12:22.065 16735 16778 F libc    : crash_dump helper failed to exec
09-16 11:12:22.067   820  1010 I BootReceiver: Copying /data/tombstones/tombstone_09 to DropBox (SYSTEM_TOMBSTONE)
09-16 11:12:22.079   820  1002 I ActivityManager: Process com.android.bluetooth (pid 16735) has died: psvc IMPF
09-16 11:12:22.079   820   820 D BluetoothManagerService: BluetoothServiceConnection, disconnected: com.android.bluetooth.btservice.AdapterService
09-16 11:12:22.079   820  1002 W ActivityManager: Scheduling restart of crashed service com.android.bluetooth/.gatt.GattService in 1000ms
09-16 11:12:22.079   820  1002 W ActivityManager: Scheduling restart of crashed service com.android.bluetooth/.btservice.AdapterService in 1000ms
09-16 11:12:22.081   820  1012 E BluetoothManagerService: MESSAGE_BLUETOOTH_SERVICE_DISCONNECTED(1)
09-16 11:12:22.081   820  1012 D BluetoothManagerService: Broadcasting onBluetoothServiceDown() to 4 receivers.
09-16 11:12:22.093   820  3985 I ActivityManager: Process com.android.nfc (pid 16710) has died: pers PER 
09-16 11:12:22.093   820  3985 W ActivityManager: Re-adding persistent process ProcessRecord{ce92822 16710:com.android.nfc/1027}
09-16 11:12:22.095   820  1010 I BootReceiver: Copying /data/tombstones/tombstone_08 to DropBox (SYSTEM_TOMBSTONE)
09-16 11:12:22.106   820  3985 I ActivityManager: Start proc 16801:com.android.nfc/1027 for restart com.android.nfc
09-16 11:12:22.282   820  1012 D BluetoothManagerService: MESSAGE_RESTART_BLUETOOTH_SERVICE
09-16 11:12:22.304   820  1012 I ActivityManager: Start proc 16822:com.android.bluetooth/1002 for service com.android.bluetooth/.btservice.AdapterService
09-16 11:12:22.401 16801 16839 F libc    : Fatal signal 11 (SIGSEGV), code 1, fault addr 0x0 in tid 16839 (AsyncTask #1)
09-16 11:12:22.484 16853 16853 F DEBUG   : *** *** *** *** *** *** *** *** *** *** *** *** *** *** *** ***
09-16 11:12:22.484 16853 16853 F DEBUG   : Build fingerprint: 'google/mako/mako:7.1.2/NJH47F/4146041:user/release-keys'
09-16 11:12:22.484 16853 16853 F DEBUG   : Revision: '0'
09-16 11:12:22.484 16853 16853 F DEBUG   : ABI: 'arm'
09-16 11:12:22.484 16853 16853 F DEBUG   : pid: 16801, tid: 16839, name: AsyncTask #1  >>> com.android.nfc <<<
09-16 11:12:22.484 16853 16853 F DEBUG   : signal 11 (SIGSEGV), code 1 (SEGV_MAPERR), fault addr 0x0
09-16 11:12:22.484 16853 16853 F DEBUG   : Cause: null pointer dereference
09-16 11:12:22.484 16853 16853 F DEBUG   :     r0 0000000e  r1 a73ec187  r2 000fffff  r3 00000001
09-16 11:12:22.484 16853 16853 F DEBUG   :     r4 00000000  r5 8d986d38  r6 8d986e04  r7 8d986eb4
09-16 11:12:22.484 16853 16853 F DEBUG   :     r8 00015fa0  r9 8d986a78  sl 8d90ebf8  fp 8d90eb84
09-16 11:12:22.484 16853 16853 F DEBUG   :     ip 8d9ebc1c  sp 8d90ea60  lr 8d9d8497  pc 8d9864d8  cpsr 600f0010
09-16 11:12:22.491   820   820 D BluetoothManagerService: Bluetooth Adapter name changed to Nexus 4
09-16 11:12:22.492   820   820 D BluetoothManagerService: Stored Bluetooth name: Nexus 4
09-16 11:12:22.499   820   820 D BluetoothManagerService: BluetoothServiceConnection: com.android.bluetooth.btservice.AdapterService
09-16 11:12:22.505   820  1012 D BluetoothManagerService: MESSAGE_BLUETOOTH_SERVICE_CONNECTED: 1
09-16 11:12:22.506   820  1012 D BluetoothManagerService: Broadcasting onBluetoothServiceUp() to 5 receivers.
09-16 11:12:22.509   820  1012 D BluetoothManagerService: MESSAGE_GET_NAME_AND_ADDRESS
09-16 11:12:22.512   820  1012 D BluetoothManagerService: Stored Bluetooth name: Nexus 4
09-16 11:12:22.512   820  1012 D BluetoothManagerService: MESSAGE_BLUETOOTH_STATE_CHANGE: OFF > BLE_TURNING_ON
09-16 11:12:22.512   820  1012 D BluetoothManagerService: Sending BLE State Change: OFF > BLE_TURNING_ON
09-16 11:12:22.522 16853 16853 F DEBUG   : 
09-16 11:12:22.522 16853 16853 F DEBUG   : backtrace:
09-16 11:12:22.522 16853 16853 F DEBUG   :     #00 pc 000764d8  /system/lib/libnfc-nci.so (_ZN13NfcAdaptation26InitializeHalDeviceContextEv+376)
09-16 11:12:22.522 16853 16853 F DEBUG   :     #01 pc 00075e4c  /system/lib/libnfc-nci.so (_ZN13NfcAdaptation10InitializeEv+832)
09-16 11:12:22.522 16853 16853 F DEBUG   :     #02 pc 0000dbf5  /system/lib/libnfc_nci_jni.so (_ZN7androidL23nfcManager_doInitializeEP7_JNIEnvP8_jobject+52)
09-16 11:12:22.522 16853 16853 F DEBUG   :     #03 pc 0002d8eb  /data/dalvik-cache/arm/system@app@NfcNci@NfcNci.apk@classes.dex (offset 0xf000)
09-16 11:12:22.542 16822 16869 F libc    : Fatal signal 6 (SIGABRT), code -6 in tid 16869 (hci_thread)
09-16 11:12:23.229 16822 16869 F libc    : crash_dump helper failed to exec
09-16 11:12:23.232   820  1010 I BootReceiver: Copying /data/tombstones/tombstone_01 to DropBox (SYSTEM_TOMBSTONE)
09-16 11:12:23.256   820  3301 I ActivityManager: Process com.android.nfc (pid 16801) has died: pers PER 
09-16 11:12:23.258   820  3301 W ActivityManager: Re-adding persistent process ProcessRecord{ce92822 16801:com.android.nfc/1027}
09-16 11:12:23.259   820   820 D BluetoothManagerService: BluetoothServiceConnection, disconnected: com.android.bluetooth.btservice.AdapterService
09-16 11:12:23.259   820  1012 E BluetoothManagerService: MESSAGE_BLUETOOTH_SERVICE_DISCONNECTED(1)
09-16 11:12:23.260   820  1012 D BluetoothManagerService: Broadcasting onBluetoothServiceDown() to 3 receivers.
09-16 11:12:23.261   820  1010 I BootReceiver: Copying /data/tombstones/tombstone_00 to DropBox (SYSTEM_TOMBSTONE)
09-16 11:12:23.282   820  3301 I ActivityManager: Start proc 16887:com.android.nfc/1027 for restart com.android.nfc
09-16 11:12:23.286   820  2800 I ActivityManager: Process com.android.bluetooth (pid 16822) has died: psvc IMPF
09-16 11:12:23.286   820  2800 W ActivityManager: Scheduling restart of crashed service com.android.bluetooth/.gatt.GattService in 1000ms
09-16 11:12:23.287   820  2800 W ActivityManager: Scheduling restart of crashed service com.android.bluetooth/.btservice.AdapterService in 1000ms
09-16 11:12:23.460   820  1012 D BluetoothManagerService: MESSAGE_RESTART_BLUETOOTH_SERVICE
09-16 11:12:23.481   820  1012 I ActivityManager: Start proc 16903:com.android.bluetooth/1002 for service com.android.bluetooth/.btservice.AdapterService
09-16 11:12:23.620 16887 16921 F libc    : Fatal signal 11 (SIGSEGV), code 1, fault addr 0x0 in tid 16921 (AsyncTask #1)
09-16 11:12:23.678   820   820 D BluetoothManagerService: BluetoothServiceConnection: com.android.bluetooth.btservice.AdapterService
09-16 11:12:23.686   820  1012 D BluetoothManagerService: MESSAGE_BLUETOOTH_SERVICE_CONNECTED: 1
09-16 11:12:23.689   820  1012 D BluetoothManagerService: Broadcasting onBluetoothServiceUp() to 5 receivers.
09-16 11:12:23.691   820  1012 D BluetoothManagerService: MESSAGE_GET_NAME_AND_ADDRESS
09-16 11:12:23.693   820  1012 D BluetoothManagerService: MESSAGE_BLUETOOTH_STATE_CHANGE: OFF > BLE_TURNING_ON
09-16 11:12:23.693   820  1012 D BluetoothManagerService: Sending BLE State Change: OFF > BLE_TURNING_ON
09-16 11:12:23.718 16935 16935 F DEBUG   : *** *** *** *** *** *** *** *** *** *** *** *** *** *** *** ***
09-16 11:12:23.718 16935 16935 F DEBUG   : Build fingerprint: 'google/mako/mako:7.1.2/NJH47F/4146041:user/release-keys'
09-16 11:12:23.718 16935 16935 F DEBUG   : Revision: '0'
09-16 11:12:23.718 16935 16935 F DEBUG   : ABI: 'arm'
09-16 11:12:23.718 16935 16935 F DEBUG   : pid: 16887, tid: 16921, name: AsyncTask #1  >>> com.android.nfc <<<
09-16 11:12:23.718 16935 16935 F DEBUG   : signal 11 (SIGSEGV), code 1 (SEGV_MAPERR), fault addr 0x0
09-16 11:12:23.718 16935 16935 F DEBUG   : Cause: null pointer dereference
09-16 11:12:23.718 16935 16935 F DEBUG   :     r0 0000000e  r1 a73ec187  r2 000fffff  r3 00000001
09-16 11:12:23.718 16935 16935 F DEBUG   :     r4 00000000  r5 8d9bad38  r6 8d9bae04  r7 8d9baeb4
09-16 11:12:23.719 16935 16935 F DEBUG   :     r8 00015fa0  r9 8d9baa78  sl 8d904bf8  fp 8d904b84
09-16 11:12:23.719 16935 16935 F DEBUG   :     ip 8d92ec1c  sp 8d904a60  lr 8d91b497  pc 8d9ba4d8  cpsr 600f0010
09-16 11:12:23.723 16903 16949 F libc    : Fatal signal 6 (SIGABRT), code -6 in tid 16949 (hci_thread)
09-16 11:12:23.759 16935 16935 F DEBUG   : 
09-16 11:12:23.759 16935 16935 F DEBUG   : backtrace:
09-16 11:12:23.759 16935 16935 F DEBUG   :     #00 pc 000764d8  /system/lib/libnfc-nci.so (_ZN13NfcAdaptation26InitializeHalDeviceContextEv+376)
09-16 11:12:23.760 16935 16935 F DEBUG   :     #01 pc 00075e4c  /system/lib/libnfc-nci.so (_ZN13NfcAdaptation10InitializeEv+832)
09-16 11:12:23.760 16935 16935 F DEBUG   :     #02 pc 0000dbf5  /system/lib/libnfc_nci_jni.so (_ZN7androidL23nfcManager_doInitializeEP7_JNIEnvP8_jobject+52)
09-16 11:12:23.760 16935 16935 F DEBUG   :     #03 pc 0002d8eb  /data/dalvik-cache/arm/system@app@NfcNci@NfcNci.apk@classes.dex (offset 0xf000)
09-16 11:12:24.423 16903 16949 F libc    : crash_dump helper failed to exec
09-16 11:12:24.429   820  1010 I BootReceiver: Copying /data/tombstones/tombstone_03 to DropBox (SYSTEM_TOMBSTONE)
09-16 11:12:24.437   820   820 D BluetoothManagerService: BluetoothServiceConnection, disconnected: com.android.bluetooth.btservice.AdapterService
09-16 11:12:24.438   820  2800 I ActivityManager: Process com.android.bluetooth (pid 16903) has died: psvc IMPF
09-16 11:12:24.438   820  1012 E BluetoothManagerService: MESSAGE_BLUETOOTH_SERVICE_DISCONNECTED(1)
09-16 11:12:24.438   820  1012 D BluetoothManagerService: Broadcasting onBluetoothServiceDown() to 4 receivers.
09-16 11:12:24.438   820  2800 W ActivityManager: Scheduling restart of crashed service com.android.bluetooth/.gatt.GattService in 1000ms
09-16 11:12:24.438   820  2800 W ActivityManager: Scheduling restart of crashed service com.android.bluetooth/.btservice.AdapterService in 1000ms
09-16 11:12:24.449   820  2747 I ActivityManager: Process com.android.nfc (pid 16887) has died: pers PER 
09-16 11:12:24.450   820  2747 W ActivityManager: Re-adding persistent process ProcessRecord{ce92822 16887:com.android.nfc/1027}
09-16 11:12:24.453   820  1010 I BootReceiver: Copying /data/tombstones/tombstone_02 to DropBox (SYSTEM_TOMBSTONE)
09-16 11:12:24.471   820  2747 I ActivityManager: Start proc 16962:com.android.nfc/1027 for restart com.android.nfc
09-16 11:12:24.639   820  1012 D BluetoothManagerService: MESSAGE_RESTART_BLUETOOTH_SERVICE
09-16 11:12:24.651   820  1012 I ActivityManager: Start proc 16979:com.android.bluetooth/1002 for service com.android.bluetooth/.btservice.AdapterService
09-16 11:12:24.728 16962 16994 F libc    : Fatal signal 11 (SIGSEGV), code 1, fault addr 0x0 in tid 16994 (AsyncTask #1)
09-16 11:12:24.828 17004 17004 F DEBUG   : *** *** *** *** *** *** *** *** *** *** *** *** *** *** *** ***
09-16 11:12:24.828 17004 17004 F DEBUG   : Build fingerprint: 'google/mako/mako:7.1.2/NJH47F/4146041:user/release-keys'
09-16 11:12:24.828 17004 17004 F DEBUG   : Revision: '0'
09-16 11:12:24.828 17004 17004 F DEBUG   : ABI: 'arm'
09-16 11:12:24.828 17004 17004 F DEBUG   : pid: 16962, tid: 16994, name: AsyncTask #1  >>> com.android.nfc <<<
09-16 11:12:24.828 17004 17004 F DEBUG   : signal 11 (SIGSEGV), code 1 (SEGV_MAPERR), fault addr 0x0
09-16 11:12:24.828 17004 17004 F DEBUG   : Cause: null pointer dereference
09-16 11:12:24.829 17004 17004 F DEBUG   :     r0 0000000e  r1 a73ec187  r2 000fffff  r3 00000001
09-16 11:12:24.829 17004 17004 F DEBUG   :     r4 00000000  r5 8da85d38  r6 8da85e04  r7 8da85eb4
09-16 11:12:24.829 17004 17004 F DEBUG   :     r8 00015fa0  r9 8da85a78  sl 8d90abf8  fp 8d90ab84
09-16 11:12:24.829 17004 17004 F DEBUG   :     ip 8d934c1c  sp 8d90aa60  lr 8d921497  pc 8da854d8  cpsr 600f0010
09-16 11:12:24.846   820   820 D BluetoothManagerService: BluetoothServiceConnection: com.android.bluetooth.btservice.AdapterService
09-16 11:12:24.851   820  1012 D BluetoothManagerService: MESSAGE_BLUETOOTH_SERVICE_CONNECTED: 1
09-16 11:12:24.853   820  1012 D BluetoothManagerService: Broadcasting onBluetoothServiceUp() to 5 receivers.
09-16 11:12:24.855   820  1012 D BluetoothManagerService: MESSAGE_GET_NAME_AND_ADDRESS
09-16 11:12:24.866   820  1012 D BluetoothManagerService: MESSAGE_BLUETOOTH_STATE_CHANGE: OFF > BLE_TURNING_ON
09-16 11:12:24.866   820  1012 D BluetoothManagerService: Sending BLE State Change: OFF > BLE_TURNING_ON
09-16 11:12:24.872 17004 17004 F DEBUG   : 
09-16 11:12:24.872 17004 17004 F DEBUG   : backtrace:
09-16 11:12:24.873 17004 17004 F DEBUG   :     #00 pc 000764d8  /system/lib/libnfc-nci.so (_ZN13NfcAdaptation26InitializeHalDeviceContextEv+376)
09-16 11:12:24.873 17004 17004 F DEBUG   :     #01 pc 00075e4c  /system/lib/libnfc-nci.so (_ZN13NfcAdaptation10InitializeEv+832)
09-16 11:12:24.873 17004 17004 F DEBUG   :     #02 pc 0000dbf5  /system/lib/libnfc_nci_jni.so (_ZN7androidL23nfcManager_doInitializeEP7_JNIEnvP8_jobject+52)
09-16 11:12:24.875 17004 17004 F DEBUG   :     #03 pc 0002d8eb  /data/dalvik-cache/arm/system@app@NfcNci@NfcNci.apk@classes.dex (offset 0xf000)
09-16 11:12:24.911 16979 17020 F libc    : Fatal signal 6 (SIGABRT), code -6 in tid 17020 (hci_thread)
09-16 11:12:25.563   820  1010 I BootReceiver: Copying /data/tombstones/tombstone_04 to DropBox (SYSTEM_TOMBSTONE)
09-16 11:12:25.574 16979 17020 F libc    : crash_dump helper failed to exec
09-16 11:12:25.616   820   820 D BluetoothManagerService: BluetoothServiceConnection, disconnected: com.android.bluetooth.btservice.AdapterService
09-16 11:12:25.616   820  1012 E BluetoothManagerService: MESSAGE_BLUETOOTH_SERVICE_DISCONNECTED(1)
09-16 11:12:25.617   820  1012 D BluetoothManagerService: Broadcasting onBluetoothServiceDown() to 4 receivers.
09-16 11:12:25.617   820  3301 I ActivityManager: Process com.android.bluetooth (pid 16979) has died: psvc IMPF
09-16 11:12:25.618   820  3301 W ActivityManager: Scheduling restart of crashed service com.android.bluetooth/.gatt.GattService in 1000ms
09-16 11:12:25.618   820  3301 W ActivityManager: Scheduling restart of crashed service com.android.bluetooth/.btservice.AdapterService in 1000ms
09-16 11:12:25.625   820  3308 I ActivityManager: Process com.android.nfc (pid 16962) has died: pers PER 
09-16 11:12:25.626   820  3308 W ActivityManager: Re-adding persistent process ProcessRecord{ce92822 16962:com.android.nfc/1027}
09-16 11:12:25.639   820  3308 I ActivityManager: Start proc 17033:com.android.nfc/1027 for restart com.android.nfc
09-16 11:12:25.648   820  1010 I BootReceiver: Copying /data/tombstones/tombstone_05 to DropBox (SYSTEM_TOMBSTONE)
09-16 11:12:25.780 17051 17051 F libc    : CANNOT LINK EXECUTABLE "/system/bin/mm-qcamera-daemon": "/system/lib/libmmjpeg.so" has text relocations
09-16 11:12:25.780 17051 17051 F libc    : Fatal signal 6 (SIGABRT), code -6 in tid 17051 (mm-qcamera-daem)
09-16 11:12:25.816   820  1012 D BluetoothManagerService: MESSAGE_RESTART_BLUETOOTH_SERVICE
09-16 11:12:25.818 17059 17059 F DEBUG   : *** *** *** *** *** *** *** *** *** *** *** *** *** *** *** ***
09-16 11:12:25.818 17059 17059 F DEBUG   : Build fingerprint: 'google/mako/mako:7.1.2/NJH47F/4146041:user/release-keys'
09-16 11:12:25.818 17059 17059 F DEBUG   : Revision: '0'
09-16 11:12:25.818 17059 17059 F DEBUG   : ABI: 'arm'
09-16 11:12:25.818 17059 17059 F DEBUG   : pid: 17051, tid: 17051, name: mm-qcamera-daem  >>> /system/bin/mm-qcamera-daemon <<<
09-16 11:12:25.818 17059 17059 F DEBUG   : signal 6 (SIGABRT), code -6 (SI_TKILL), fault addr --------
09-16 11:12:25.823 17059 17059 F DEBUG   : Abort message: 'CANNOT LINK EXECUTABLE "/system/bin/mm-qcamera-daemon": "/system/lib/libmmjpeg.so" has text relocations'
09-16 11:12:25.823 17059 17059 F DEBUG   :     r0 00000000  r1 0000429b  r2 00000006  r3 00000008
09-16 11:12:25.823 17059 17059 F DEBUG   :     r4 0000429b  r5 0000429b  r6 be948830  r7 0000010c
09-16 11:12:25.823 17059 17059 F DEBUG   :     r8 be949ae4  r9 ad923010  sl be948ad8  fp ad96fcd0
09-16 11:12:25.823 17059 17059 F DEBUG   :     ip 00000000  sp be948820  lr ad9d9597  pc ad9e383c  cpsr 200d0010
09-16 11:12:25.830   820  1012 I ActivityManager: Start proc 17065:com.android.bluetooth/1002 for service com.android.bluetooth/.btservice.AdapterService
09-16 11:12:25.833 17059 17059 F DEBUG   : 
09-16 11:12:25.833 17059 17059 F DEBUG   : backtrace:
09-16 11:12:25.834 17059 17059 F DEBUG   :     #00 pc 0006783c  /system/bin/linker (__dl_tgkill+12)
09-16 11:12:25.834 17059 17059 F DEBUG   :     #01 pc 0005d593  /system/bin/linker (__dl_abort+54)
09-16 11:12:25.834 17059 17059 F DEBUG   :     #02 pc 00018c21  /system/bin/linker (__dl___libc_fatal+24)
09-16 11:12:25.834 17059 17059 F DEBUG   :     #03 pc 00010267  /system/bin/linker (__dl___linker_init+1986)
09-16 11:12:25.834 17059 17059 F DEBUG   :     #04 pc 00015324  /system/bin/linker (_start+4)
09-16 11:12:25.888   820  2331 W NativeCrashListener: Couldn't find ProcessRecord for pid 17051
09-16 11:12:25.889   820  1010 I BootReceiver: Copying /data/tombstones/tombstone_06 to DropBox (SYSTEM_TOMBSTONE)
09-16 11:12:25.908 17033 17083 F libc    : Fatal signal 11 (SIGSEGV), code 1, fault addr 0x0 in tid 17083 (AsyncTask #1)
09-16 11:12:25.991 17093 17093 F DEBUG   : *** *** *** *** *** *** *** *** *** *** *** *** *** *** *** ***
09-16 11:12:25.991 17093 17093 F DEBUG   : Build fingerprint: 'google/mako/mako:7.1.2/NJH47F/4146041:user/release-keys'
09-16 11:12:25.991 17093 17093 F DEBUG   : Revision: '0'
09-16 11:12:25.991 17093 17093 F DEBUG   : ABI: 'arm'
09-16 11:12:25.991 17093 17093 F DEBUG   : pid: 17033, tid: 17083, name: AsyncTask #1  >>> com.android.nfc <<<
09-16 11:12:25.991 17093 17093 F DEBUG   : signal 11 (SIGSEGV), code 1 (SEGV_MAPERR), fault addr 0x0
09-16 11:12:25.991 17093 17093 F DEBUG   : Cause: null pointer dereference
09-16 11:12:25.991 17093 17093 F DEBUG   :     r0 0000000e  r1 a73ec187  r2 000fffff  r3 00000001
09-16 11:12:25.991 17093 17093 F DEBUG   :     r4 00000000  r5 8d9b8d38  r6 8d9b8e04  r7 8d9b8eb4
09-16 11:12:25.991 17093 17093 F DEBUG   :     r8 00015fa0  r9 8d9b8a78  sl 8d918bf8  fp 8d918b84
09-16 11:12:25.991 17093 17093 F DEBUG   :     ip 8da2ac1c  sp 8d918a60  lr 8da17497  pc 8d9b84d8  cpsr 600f0010
09-16 11:12:26.010   820   820 D BluetoothManagerService: BluetoothServiceConnection: com.android.bluetooth.btservice.AdapterService
09-16 11:12:26.010   820  1012 D BluetoothManagerService: MESSAGE_BLUETOOTH_SERVICE_CONNECTED: 1
09-16 11:12:26.011   820  1012 D BluetoothManagerService: Broadcasting onBluetoothServiceUp() to 5 receivers.
09-16 11:12:26.014   820  1012 D BluetoothManagerService: MESSAGE_GET_NAME_AND_ADDRESS
09-16 11:12:26.015   820  1012 D BluetoothManagerService: MESSAGE_BLUETOOTH_STATE_CHANGE: OFF > BLE_TURNING_ON
09-16 11:12:26.015   820  1012 D BluetoothManagerService: Sending BLE State Change: OFF > BLE_TURNING_ON
09-16 11:12:26.028 17093 17093 F DEBUG   : 
09-16 11:12:26.028 17093 17093 F DEBUG   : backtrace:
09-16 11:12:26.029 17093 17093 F DEBUG   :     #00 pc 000764d8  /system/lib/libnfc-nci.so (_ZN13NfcAdaptation26InitializeHalDeviceContextEv+376)
09-16 11:12:26.029 17093 17093 F DEBUG   :     #01 pc 00075e4c  /system/lib/libnfc-nci.so (_ZN13NfcAdaptation10InitializeEv+832)
09-16 11:12:26.029 17093 17093 F DEBUG   :     #02 pc 0000dbf5  /system/lib/libnfc_nci_jni.so (_ZN7androidL23nfcManager_doInitializeEP7_JNIEnvP8_jobject+52)
09-16 11:12:26.029 17093 17093 F DEBUG   :     #03 pc 0002d8eb  /data/dalvik-cache/arm/system@app@NfcNci@NfcNci.apk@classes.dex (offset 0xf000)
09-16 11:12:26.053 17065 17109 F libc    : Fatal signal 6 (SIGABRT), code -6 in tid 17109 (hci_thread)
09-16 11:12:26.707 17065 17109 F libc    : crash_dump helper failed to exec
09-16 11:12:26.713   820  1010 I BootReceiver: Copying /data/tombstones/tombstone_08 to DropBox (SYSTEM_TOMBSTONE)
09-16 11:12:26.736   820   820 D BluetoothManagerService: BluetoothServiceConnection, disconnected: com.android.bluetooth.btservice.AdapterService
09-16 11:12:26.736   820  1012 E BluetoothManagerService: MESSAGE_BLUETOOTH_SERVICE_DISCONNECTED(1)
09-16 11:12:26.736   820  1012 D BluetoothManagerService: Broadcasting onBluetoothServiceDown() to 4 receivers.
09-16 11:12:26.737   820  3301 I ActivityManager: Process com.android.bluetooth (pid 17065) has died: psvc IMPF
09-16 11:12:26.737   820  3301 W ActivityManager: Scheduling restart of crashed service com.android.bluetooth/.gatt.GattService in 1000ms
09-16 11:12:26.737   820  3301 W ActivityManager: Scheduling restart of crashed service com.android.bluetooth/.btservice.AdapterService in 1000ms
09-16 11:12:26.745   820  1010 I BootReceiver: Copying /data/tombstones/tombstone_07 to DropBox (SYSTEM_TOMBSTONE)
09-16 11:12:26.748   820  2800 I ActivityManager: Process com.android.nfc (pid 17033) has died: pers PER 
09-16 11:12:26.749   820  2800 W ActivityManager: Re-adding persistent process ProcessRecord{ce92822 17033:com.android.nfc/1027}
09-16 11:12:26.761   820  2800 I ActivityManager: Start proc 17125:com.android.nfc/1027 for restart com.android.nfc
09-16 11:12:26.937   820  1012 D BluetoothManagerService: MESSAGE_RESTART_BLUETOOTH_SERVICE
09-16 11:12:26.955   820  1012 I ActivityManager: Start proc 17151:com.android.bluetooth/1002 for service com.android.bluetooth/.btservice.AdapterService
09-16 11:12:27.047 17125 17168 F libc    : Fatal signal 11 (SIGSEGV), code 1, fault addr 0x0 in tid 17168 (AsyncTask #1)
09-16 11:12:27.129 17176 17176 F DEBUG   : *** *** *** *** *** *** *** *** *** *** *** *** *** *** *** ***
09-16 11:12:27.129 17176 17176 F DEBUG   : Build fingerprint: 'google/mako/mako:7.1.2/NJH47F/4146041:user/release-keys'
09-16 11:12:27.129 17176 17176 F DEBUG   : Revision: '0'
09-16 11:12:27.129 17176 17176 F DEBUG   : ABI: 'arm'
09-16 11:12:27.129 17176 17176 F DEBUG   : pid: 17125, tid: 17168, name: AsyncTask #1  >>> com.android.nfc <<<
09-16 11:12:27.129 17176 17176 F DEBUG   : signal 11 (SIGSEGV), code 1 (SEGV_MAPERR), fault addr 0x0
09-16 11:12:27.129 17176 17176 F DEBUG   : Cause: null pointer dereference
09-16 11:12:27.129 17176 17176 F DEBUG   :     r0 0000000e  r1 a73ec187  r2 000fffff  r3 00000001
09-16 11:12:27.129 17176 17176 F DEBUG   :     r4 00000000  r5 8d982d38  r6 8d982e04  r7 8d982eb4
09-16 11:12:27.130 17176 17176 F DEBUG   :     r8 00015fa0  r9 8d982a78  sl 8d90abf8  fp 8d90ab84
09-16 11:12:27.130 17176 17176 F DEBUG   :     ip 8da72c1c  sp 8d90aa60  lr 8da5f497  pc 8d9824d8  cpsr 600f0010
09-16 11:12:27.132   820   820 D BluetoothManagerService: BluetoothServiceConnection: com.android.bluetooth.btservice.AdapterService
09-16 11:12:27.132   820  1012 D BluetoothManagerService: MESSAGE_BLUETOOTH_SERVICE_CONNECTED: 1
09-16 11:12:27.134   820  1012 D BluetoothManagerService: Broadcasting onBluetoothServiceUp() to 5 receivers.
09-16 11:12:27.137   820  1012 D BluetoothManagerService: MESSAGE_GET_NAME_AND_ADDRESS
09-16 11:12:27.140   820  1012 D BluetoothManagerService: MESSAGE_BLUETOOTH_STATE_CHANGE: OFF > BLE_TURNING_ON
09-16 11:12:27.140   820  1012 D BluetoothManagerService: Sending BLE State Change: OFF > BLE_TURNING_ON
09-16 11:12:27.170 17176 17176 F DEBUG   : 
09-16 11:12:27.170 17176 17176 F DEBUG   : backtrace:
09-16 11:12:27.170 17176 17176 F DEBUG   :     #00 pc 000764d8  /system/lib/libnfc-nci.so (_ZN13NfcAdaptation26InitializeHalDeviceContextEv+376)
09-16 11:12:27.170 17176 17176 F DEBUG   :     #01 pc 00075e4c  /system/lib/libnfc-nci.so (_ZN13NfcAdaptation10InitializeEv+832)
09-16 11:12:27.170 17176 17176 F DEBUG   :     #02 pc 0000dbf5  /system/lib/libnfc_nci_jni.so (_ZN7androidL23nfcManager_doInitializeEP7_JNIEnvP8_jobject+52)
09-16 11:12:27.170 17176 17176 F DEBUG   :     #03 pc 0002d8eb  /data/dalvik-cache/arm/system@app@NfcNci@NfcNci.apk@classes.dex (offset 0xf000)
09-16 11:12:27.171 17151 17192 F libc    : Fatal signal 6 (SIGABRT), code -6 in tid 17192 (hci_thread)
09-16 11:12:27.871 17151 17192 F libc    : crash_dump helper failed to exec
09-16 11:12:27.873   820  1010 I BootReceiver: Copying /data/tombstones/tombstone_00 to DropBox (SYSTEM_TOMBSTONE)
09-16 11:12:27.886   820   820 D BluetoothManagerService: BluetoothServiceConnection, disconnected: com.android.bluetooth.btservice.AdapterService
09-16 11:12:27.886   820  1012 E BluetoothManagerService: MESSAGE_BLUETOOTH_SERVICE_DISCONNECTED(1)
09-16 11:12:27.886   820  1012 D BluetoothManagerService: Broadcasting onBluetoothServiceDown() to 4 receivers.
09-16 11:12:27.886   820  2800 I ActivityManager: Process com.android.bluetooth (pid 17151) has died: psvc IMPF
09-16 11:12:27.887   820  2800 W ActivityManager: Scheduling restart of crashed service com.android.bluetooth/.btservice.AdapterService in 1000ms
09-16 11:12:27.887   820  2800 W ActivityManager: Scheduling restart of crashed service com.android.bluetooth/.gatt.GattService in 11000ms
09-16 11:12:27.894   820  1002 I ActivityManager: Process com.android.nfc (pid 17125) has died: pers PER 
09-16 11:12:27.895   820  1002 W ActivityManager: Re-adding persistent process ProcessRecord{ce92822 17125:com.android.nfc/1027}
09-16 11:12:27.905   820  1010 I BootReceiver: Copying /data/tombstones/tombstone_09 to DropBox (SYSTEM_TOMBSTONE)
09-16 11:12:27.913   820  1002 I ActivityManager: Start proc 17211:com.android.nfc/1027 for restart com.android.nfc
09-16 11:12:28.085   820  1012 D BluetoothManagerService: MESSAGE_RESTART_BLUETOOTH_SERVICE
09-16 11:12:28.104   820  1012 I ActivityManager: Start proc 17233:com.android.bluetooth/1002 for service com.android.bluetooth/.btservice.AdapterService
09-16 11:12:28.153 17211 17247 F libc    : Fatal signal 11 (SIGSEGV), code 1, fault addr 0x0 in tid 17247 (AsyncTask #1)
09-16 11:12:28.237 17256 17256 F DEBUG   : *** *** *** *** *** *** *** *** *** *** *** *** *** *** *** ***
09-16 11:12:28.237 17256 17256 F DEBUG   : Build fingerprint: 'google/mako/mako:7.1.2/NJH47F/4146041:user/release-keys'
09-16 11:12:28.237 17256 17256 F DEBUG   : Revision: '0'
09-16 11:12:28.237 17256 17256 F DEBUG   : ABI: 'arm'
09-16 11:12:28.237 17256 17256 F DEBUG   : pid: 17211, tid: 17247, name: AsyncTask #1  >>> com.android.nfc <<<
09-16 11:12:28.237 17256 17256 F DEBUG   : signal 11 (SIGSEGV), code 1 (SEGV_MAPERR), fault addr 0x0
09-16 11:12:28.237 17256 17256 F DEBUG   : Cause: null pointer dereference
09-16 11:12:28.237 17256 17256 F DEBUG   :     r0 0000000e  r1 a73ec187  r2 000fffff  r3 00000001
09-16 11:12:28.238 17256 17256 F DEBUG   :     r4 00000000  r5 8d9bfd38  r6 8d9bfe04  r7 8d9bfeb4
09-16 11:12:28.238 17256 17256 F DEBUG   :     r8 00015fa0  r9 8d9bfa78  sl 8d901bf8  fp 8d901b84
09-16 11:12:28.238 17256 17256 F DEBUG   :     ip 8d92bc1c  sp 8d901a60  lr 8d918497  pc 8d9bf4d8  cpsr 600f0010
09-16 11:12:28.271 17256 17256 F DEBUG   : 
09-16 11:12:28.271 17256 17256 F DEBUG   : backtrace:
09-16 11:12:28.271 17256 17256 F DEBUG   :     #00 pc 000764d8  /system/lib/libnfc-nci.so (_ZN13NfcAdaptation26InitializeHalDeviceContextEv+376)
09-16 11:12:28.271 17256 17256 F DEBUG   :     #01 pc 00075e4c  /system/lib/libnfc-nci.so (_ZN13NfcAdaptation10InitializeEv+832)
09-16 11:12:28.271 17256 17256 F DEBUG   :     #02 pc 0000dbf5  /system/lib/libnfc_nci_jni.so (_ZN7androidL23nfcManager_doInitializeEP7_JNIEnvP8_jobject+52)
09-16 11:12:28.272 17256 17256 F DEBUG   :     #03 pc 0002d8eb  /data/dalvik-cache/arm/system@app@NfcNci@NfcNci.apk@classes.dex (offset 0xf000)
09-16 11:12:28.277   820   820 D BluetoothManagerService: BluetoothServiceConnection: com.android.bluetooth.btservice.AdapterService
09-16 11:12:28.278   820  1012 D BluetoothManagerService: MESSAGE_BLUETOOTH_SERVICE_CONNECTED: 1
09-16 11:12:28.279   820  1012 D BluetoothManagerService: Broadcasting onBluetoothServiceUp() to 5 receivers.
09-16 11:12:28.284   820  1012 D BluetoothManagerService: MESSAGE_GET_NAME_AND_ADDRESS
09-16 11:12:28.286   820  1012 D BluetoothManagerService: MESSAGE_BLUETOOTH_STATE_CHANGE: OFF > BLE_TURNING_ON
09-16 11:12:28.286   820  1012 D BluetoothManagerService: Sending BLE State Change: OFF > BLE_TURNING_ON
09-16 11:12:28.317 17233 17272 F libc    : Fatal signal 6 (SIGABRT), code -6 in tid 17272 (hci_thread)
09-16 11:12:28.927 17233 17272 F libc    : crash_dump helper failed to exec
09-16 11:12:28.933   820  1010 I BootReceiver: Copying /data/tombstones/tombstone_02 to DropBox (SYSTEM_TOMBSTONE)
09-16 11:12:28.943   820  2800 I ActivityManager: Process com.android.bluetooth (pid 17233) has died: psvc IMPF
09-16 11:12:28.943   820   820 D BluetoothManagerService: BluetoothServiceConnection, disconnected: com.android.bluetooth.btservice.AdapterService
09-16 11:12:28.943   820  2800 W ActivityManager: Scheduling restart of crashed service com.android.bluetooth/.btservice.AdapterService in 1000ms
09-16 11:12:28.943   820  2800 W ActivityManager: Scheduling restart of crashed service com.android.bluetooth/.gatt.GattService in 10999ms
09-16 11:12:28.944   820  1012 E BluetoothManagerService: MESSAGE_BLUETOOTH_SERVICE_DISCONNECTED(1)
09-16 11:12:28.944   820  1012 D BluetoothManagerService: Broadcasting onBluetoothServiceDown() to 4 receivers.
09-16 11:12:28.949   820  1002 I ActivityManager: Process com.android.nfc (pid 17211) has died: pers PER 
09-16 11:12:28.950   820  1002 W ActivityManager: Re-adding persistent process ProcessRecord{ce92822 17211:com.android.nfc/1027}
09-16 11:12:28.961   820  1002 I ActivityManager: Start proc 17285:com.android.nfc/1027 for restart com.android.nfc
09-16 11:12:28.966   820  1010 I BootReceiver: Copying /data/tombstones/tombstone_01 to DropBox (SYSTEM_TOMBSTONE)
09-16 11:12:29.145   820  1012 D BluetoothManagerService: MESSAGE_RESTART_BLUETOOTH_SERVICE
09-16 11:12:29.157   820  1012 I ActivityManager: Start proc 17312:com.android.bluetooth/1002 for service com.android.bluetooth/.btservice.AdapterService
09-16 11:12:29.205 17285 17327 F libc    : Fatal signal 11 (SIGSEGV), code 1, fault addr 0x0 in tid 17327 (AsyncTask #1)
09-16 11:12:29.289 17337 17337 F DEBUG   : *** *** *** *** *** *** *** *** *** *** *** *** *** *** *** ***
09-16 11:12:29.289 17337 17337 F DEBUG   : Build fingerprint: 'google/mako/mako:7.1.2/NJH47F/4146041:user/release-keys'
09-16 11:12:29.289 17337 17337 F DEBUG   : Revision: '0'
09-16 11:12:29.289 17337 17337 F DEBUG   : ABI: 'arm'
09-16 11:12:29.289 17337 17337 F DEBUG   : pid: 17285, tid: 17327, name: AsyncTask #1  >>> com.android.nfc <<<
09-16 11:12:29.289 17337 17337 F DEBUG   : signal 11 (SIGSEGV), code 1 (SEGV_MAPERR), fault addr 0x0
09-16 11:12:29.289 17337 17337 F DEBUG   : Cause: null pointer dereference
09-16 11:12:29.289 17337 17337 F DEBUG   :     r0 0000000e  r1 a73ec187  r2 000fffff  r3 00000001
09-16 11:12:29.289 17337 17337 F DEBUG   :     r4 00000000  r5 8da7bd38  r6 8da7be04  r7 8da7beb4
09-16 11:12:29.289 17337 17337 F DEBUG   :     r8 00015fa0  r9 8da7ba78  sl 8d939bf8  fp 8d939b84
09-16 11:12:29.289 17337 17337 F DEBUG   :     ip 8d9eac1c  sp 8d939a60  lr 8d9d7497  pc 8da7b4d8  cpsr 600f0010
09-16 11:12:29.323 17337 17337 F DEBUG   : 
09-16 11:12:29.323 17337 17337 F DEBUG   : backtrace:
09-16 11:12:29.323 17337 17337 F DEBUG   :     #00 pc 000764d8  /system/lib/libnfc-nci.so (_ZN13NfcAdaptation26InitializeHalDeviceContextEv+376)
09-16 11:12:29.323 17337 17337 F DEBUG   :     #01 pc 00075e4c  /system/lib/libnfc-nci.so (_ZN13NfcAdaptation10InitializeEv+832)
09-16 11:12:29.323 17337 17337 F DEBUG   :     #02 pc 0000dbf5  /system/lib/libnfc_nci_jni.so (_ZN7androidL23nfcManager_doInitializeEP7_JNIEnvP8_jobject+52)
09-16 11:12:29.323 17337 17337 F DEBUG   :     #03 pc 0002d8eb  /data/dalvik-cache/arm/system@app@NfcNci@NfcNci.apk@classes.dex (offset 0xf000)
09-16 11:12:29.325   820   820 D BluetoothManagerService: Bluetooth Adapter name changed to Nexus 4
09-16 11:12:29.325   820   820 D BluetoothManagerService: Stored Bluetooth name: Nexus 4
09-16 11:12:29.338   820   820 D BluetoothManagerService: BluetoothServiceConnection: com.android.bluetooth.btservice.AdapterService
09-16 11:12:29.339   820  1012 D BluetoothManagerService: MESSAGE_BLUETOOTH_SERVICE_CONNECTED: 1
09-16 11:12:29.342   820  1012 D BluetoothManagerService: Broadcasting onBluetoothServiceUp() to 5 receivers.
09-16 11:12:29.344   820  1012 D BluetoothManagerService: MESSAGE_GET_NAME_AND_ADDRESS
09-16 11:12:29.346   820  1012 D BluetoothManagerService: Stored Bluetooth name: Nexus 4
09-16 11:12:29.346   820  1012 D BluetoothManagerService: MESSAGE_BLUETOOTH_STATE_CHANGE: OFF > BLE_TURNING_ON
09-16 11:12:29.346   820  1012 D BluetoothManagerService: Sending BLE State Change: OFF > BLE_TURNING_ON
09-16 11:12:29.379 17312 17355 F libc    : Fatal signal 6 (SIGABRT), code -6 in tid 17355 (hci_thread)
09-16 11:12:30.034 17312 17355 F libc    : crash_dump helper failed to exec
09-16 11:12:30.035   820  1010 I BootReceiver: Copying /data/tombstones/tombstone_04 to DropBox (SYSTEM_TOMBSTONE)
09-16 11:12:30.057   820  1010 I BootReceiver: Copying /data/tombstones/tombstone_03 to DropBox (SYSTEM_TOMBSTONE)
09-16 11:12:30.058   820  3341 I ActivityManager: Process com.android.nfc (pid 17285) has died: pers PER 
09-16 11:12:30.059   820  3341 W ActivityManager: Re-adding persistent process ProcessRecord{ce92822 17285:com.android.nfc/1027}
09-16 11:12:30.072   820  3341 I ActivityManager: Start proc 17366:com.android.nfc/1027 for restart com.android.nfc
09-16 11:12:30.080   820  1001 I ActivityManager: Process com.android.bluetooth (pid 17312) has died: psvc IMPF
09-16 11:12:30.080   820   820 D BluetoothManagerService: BluetoothServiceConnection, disconnected: com.android.bluetooth.btservice.AdapterService
09-16 11:12:30.081   820  1001 W ActivityManager: Scheduling restart of crashed service com.android.bluetooth/.btservice.AdapterService in 1000ms
09-16 11:12:30.081   820  1012 E BluetoothManagerService: MESSAGE_BLUETOOTH_SERVICE_DISCONNECTED(1)
09-16 11:12:30.081   820  1001 W ActivityManager: Scheduling restart of crashed service com.android.bluetooth/.gatt.GattService in 11000ms
09-16 11:12:30.081   820  1012 D BluetoothManagerService: Broadcasting onBluetoothServiceDown() to 3 receivers.
09-16 11:12:30.281   820  1012 D BluetoothManagerService: MESSAGE_RESTART_BLUETOOTH_SERVICE
09-16 11:12:30.293   820  1012 I ActivityManager: Start proc 17387:com.android.bluetooth/1002 for service com.android.bluetooth/.btservice.AdapterService
09-16 11:12:30.424 17366 17409 F libc    : Fatal signal 11 (SIGSEGV), code 1, fault addr 0x0 in tid 17409 (AsyncTask #1)
09-16 11:12:30.477   820   820 D BluetoothManagerService: Bluetooth Adapter name changed to Nexus 4
09-16 11:12:30.477   820   820 D BluetoothManagerService: Stored Bluetooth name: Nexus 4
09-16 11:12:30.486   820   820 D BluetoothManagerService: BluetoothServiceConnection: com.android.bluetooth.btservice.AdapterService
09-16 11:12:30.486   820  1012 D BluetoothManagerService: MESSAGE_BLUETOOTH_SERVICE_CONNECTED: 1
09-16 11:12:30.491   820  1012 D BluetoothManagerService: Broadcasting onBluetoothServiceUp() to 5 receivers.
09-16 11:12:30.494   820  1012 D BluetoothManagerService: MESSAGE_GET_NAME_AND_ADDRESS
09-16 11:12:30.498   820  1012 D BluetoothManagerService: Stored Bluetooth name: Nexus 4
09-16 11:12:30.498   820  1012 D BluetoothManagerService: MESSAGE_BLUETOOTH_STATE_CHANGE: OFF > BLE_TURNING_ON
09-16 11:12:30.498   820  1012 D BluetoothManagerService: Sending BLE State Change: OFF > BLE_TURNING_ON
09-16 11:12:30.510 17420 17420 F DEBUG   : *** *** *** *** *** *** *** *** *** *** *** *** *** *** *** ***
09-16 11:12:30.510 17420 17420 F DEBUG   : Build fingerprint: 'google/mako/mako:7.1.2/NJH47F/4146041:user/release-keys'
09-16 11:12:30.510 17420 17420 F DEBUG   : Revision: '0'
09-16 11:12:30.510 17420 17420 F DEBUG   : ABI: 'arm'
09-16 11:12:30.510 17420 17420 F DEBUG   : pid: 17366, tid: 17409, name: AsyncTask #1  >>> com.android.nfc <<<
09-16 11:12:30.510 17420 17420 F DEBUG   : signal 11 (SIGSEGV), code 1 (SEGV_MAPERR), fault addr 0x0
09-16 11:12:30.510 17420 17420 F DEBUG   : Cause: null pointer dereference
09-16 11:12:30.510 17420 17420 F DEBUG   :     r0 0000000e  r1 a73ec187  r2 000fffff  r3 00000001
09-16 11:12:30.510 17420 17420 F DEBUG   :     r4 00000000  r5 8da37d38  r6 8da37e04  r7 8da37eb4
09-16 11:12:30.510 17420 17420 F DEBUG   :     r8 00015fa0  r9 8da37a78  sl 8d91abf8  fp 8d91ab84
09-16 11:12:30.511 17420 17420 F DEBUG   :     ip 8dab4c1c  sp 8d91aa60  lr 8daa1497  pc 8da374d8  cpsr 600f0010
09-16 11:12:30.528 17387 17434 F libc    : Fatal signal 6 (SIGABRT), code -6 in tid 17434 (hci_thread)
09-16 11:12:30.544 17420 17420 F DEBUG   : 
09-16 11:12:30.544 17420 17420 F DEBUG   : backtrace:
09-16 11:12:30.544 17420 17420 F DEBUG   :     #00 pc 000764d8  /system/lib/libnfc-nci.so (_ZN13NfcAdaptation26InitializeHalDeviceContextEv+376)
09-16 11:12:30.544 17420 17420 F DEBUG   :     #01 pc 00075e4c  /system/lib/libnfc-nci.so (_ZN13NfcAdaptation10InitializeEv+832)
09-16 11:12:30.544 17420 17420 F DEBUG   :     #02 pc 0000dbf5  /system/lib/libnfc_nci_jni.so (_ZN7androidL23nfcManager_doInitializeEP7_JNIEnvP8_jobject+52)
09-16 11:12:30.545 17420 17420 F DEBUG   :     #03 pc 0002d8eb  /data/dalvik-cache/arm/system@app@NfcNci@NfcNci.apk@classes.dex (offset 0xf000)
09-16 11:12:30.779 17440 17440 F libc    : CANNOT LINK EXECUTABLE "/system/bin/mm-qcamera-daemon": "/system/lib/libmmjpeg.so" has text relocations
