09-17 00:39:23.261  3005  3005 D DCT     : [0]onDataSetupComplete: error apn=internet cause=ERROR_UNSPECIFIED
09-17 00:39:23.262  3005  3005 D DCT     : [0]getValidApnContext (onDataSetupCompleteError) on {mApnType=default mState=CONNECTING mWaitingApns={[[ApnSettingV3] IDEA, 631, 40422, internet, , , , , , -1, default | supl, IP, IP, true, 0, 0, 0, false, 0, 0, 0, 0, , , false]} mApnSetting={[ApnSettingV3] IDEA, 631, 40422, internet, , , , , , -1, default | supl, IP, IP, true, 0, 0, 0, false, 0, 0, 0, 0, , , false} mReason=dataAttached mDataEnabled=true mDependencyMet=true} got 13 vs 13
09-17 00:39:23.262  3005  3005 D RetryManager: [default] getRetryTimer: 20917
09-17 00:39:23.263  3005  3005 D DCT     : [0]onDataSetupCompleteError: Try next APN. delay = 20917
09-17 00:39:23.263  3005  3005 D DCT     : [0]startAlarmForReconnect: delay=20917 action=com.android.internal.telephony.data-reconnect.default apn={mApnType=default mState=SCANNING mWaitingApns={[[ApnSettingV3] IDEA, 631, 40422, internet, , , , , , -1, default | supl, IP, IP, true, 0, 0, 0, false, 0, 0, 0, 0, , , false]} mApnSetting={[ApnSettingV3] IDEA, 631, 40422, internet, , , , , , -1, default | supl, IP, IP, true, 0, 0, 0, false, 0, 0, 0, 0, , , false} mReason=dataAttached mDataEnabled=true mDependencyMet=true}
09-17 00:39:25.522  3005  3005 D RILJ    : [4120]> RIL_REQUEST_GET_ACTIVITY_INFO [SUB0]
09-17 00:39:25.523   263   263 E RILC    : getModemActivityInfoResponse Invalid response: NULL
09-17 00:39:25.523  3005  3332 D RILJ    : [4120]< RIL_REQUEST_GET_ACTIVITY_INFO ModemActivityInfo{ mTimestamp=0 mSleepTimeMs=0 mIdleTimeMs=0 mTxTimeMs[]=[0, 0, 0, 0, 0] mRxTimeMs=0 mEnergyUsed=0} [SUB0]
09-17 00:39:25.588  3005  3005 D RILJ    : [4121]> RIL_REQUEST_SEND_DEVICE_STATE 1:true [SUB0]
09-17 00:39:25.589  3005  3332 D RILJ    : [4121]< RIL_REQUEST_SEND_DEVICE_STATE error 6 [SUB0]
09-17 00:39:25.589  3005  3332 D RilRequest: [4121]< RIL_REQUEST_SEND_DEVICE_STATE error: com.android.internal.telephony.CommandException: REQUEST_NOT_SUPPORTED ret=
09-17 00:39:35.273  3005  3005 D RILJ    : [4122]> RIL_REQUEST_GET_ACTIVITY_INFO [SUB0]
09-17 00:39:35.274   263   263 E RILC    : getModemActivityInfoResponse Invalid response: NULL
09-17 00:39:35.275  3005  3332 D RILJ    : [4122]< RIL_REQUEST_GET_ACTIVITY_INFO ModemActivityInfo{ mTimestamp=0 mSleepTimeMs=0 mIdleTimeMs=0 mTxTimeMs[]=[0, 0, 0, 0, 0] mRxTimeMs=0 mEnergyUsed=0} [SUB0]
09-17 00:39:36.872   263   348 I RILQ    : (0/263):[main] qcril_qmi_get_pref_data_tech: before translation : is_current 1 network_type 0 rat_mask 10 db_so_mask 0 pref_data_tech UNKNOWN
09-17 00:39:40.313   263   505 I RILQ    : (0/263):[qmi_cb] qcril_qmi_get_pref_data_tech: before translation : is_current 1 network_type 0 rat_mask 10 db_so_mask 0 pref_data_tech UNKNOWN
09-17 00:39:40.314   263   505 I RILQ    : (0/263):[qmi_cb] qcril_qmi_get_pref_data_tech: before translation : is_current 1 network_type 0 rat_mask 10 db_so_mask 0 pref_data_tech UNKNOWN
09-17 00:39:40.314   263   505 I RILQ    : (0/263):[qmi_cb] qcril_qmi_nas_update_data_rte: completed, new drte 2 with confidence 1
09-17 00:39:40.321   263   505 I RILQ    : (0/263):[qmi_cb] qcril_qmi_get_pref_data_tech: before translation : is_current 1 network_type 0 rat_mask 10 db_so_mask 0 pref_data_tech UNKNOWN
09-17 00:39:40.322   263   505 I RILQ    : (0/263):[qmi_cb] qcril_qmi_get_pref_data_tech: before translation : is_current 1 network_type 0 rat_mask 10 db_so_mask 0 pref_data_tech UNKNOWN
09-17 00:39:40.323   263   505 I RILQ    : (0/263):[qmi_cb] qcril_qmi_nas_update_data_rte: completed, new drte 2 with confidence 1
09-17 00:39:41.289   263   505 I RILQ    : (0/263):[qmi_cb] qcril_qmi_get_pref_data_tech: before translation : is_current 1 network_type 0 rat_mask 10 db_so_mask 0 pref_data_tech UNKNOWN
09-17 00:39:41.290   263   505 I RILQ    : (0/263):[qmi_cb] qcril_qmi_get_pref_data_tech: before translation : is_current 1 network_type 0 rat_mask 10 db_so_mask 0 pref_data_tech UNKNOWN
09-17 00:39:41.290   263   505 I RILQ    : (0/263):[qmi_cb] qcril_qmi_nas_update_data_rte: completed, new drte 2 with confidence 1
09-17 00:39:41.537   263   505 I RILQ    : (0/263):[qmi_cb] qcril_qmi_get_pref_data_tech: before translation : is_current 1 network_type 0 rat_mask 10 db_so_mask 0 pref_data_tech UNKNOWN
09-17 00:39:41.538   263   505 I RILQ    : (0/263):[qmi_cb] qcril_qmi_get_pref_data_tech: before translation : is_current 1 network_type 0 rat_mask 10 db_so_mask 0 pref_data_tech UNKNOWN
09-17 00:39:41.539   263   505 I RILQ    : (0/263):[qmi_cb] qcril_qmi_nas_update_data_rte: completed, new drte 2 with confidence 1
09-17 00:39:41.545   263   505 I RILQ    : (0/263):[qmi_cb] qcril_qmi_get_pref_data_tech: before translation : is_current 1 network_type 0 rat_mask 10 db_so_mask 0 pref_data_tech UNKNOWN
09-17 00:39:41.546   263   505 I RILQ    : (0/263):[qmi_cb] qcril_qmi_get_pref_data_tech: before translation : is_current 1 network_type 0 rat_mask 10 db_so_mask 0 pref_data_tech UNKNOWN
09-17 00:39:41.546   263   505 I RILQ    : (0/263):[qmi_cb] qcril_qmi_nas_update_data_rte: completed, new drte 2 with confidence 1
09-17 00:39:41.549   263   505 I RILQ    : (0/263):[qmi_cb] qcril_qmi_get_pref_data_tech: before translation : is_current 1 network_type 0 rat_mask 10 db_so_mask 0 pref_data_tech UNKNOWN
09-17 00:39:41.549   263   505 I RILQ    : (0/263):[qmi_cb] qcril_qmi_nas_update_data_rte: completed, new drte 2 with confidence 1
09-17 00:39:41.551   263   349 I RILQ    : (0/263):[event] qcril_qmi_nas_assess_emergency_number_list_handler: cur_status 1024, card_state 3
09-17 00:39:41.553  3005  3332 D RILJ    : [UNSL]< UNSOL_RESPONSE_NETWORK_STATE_CHANGED [SUB0]
09-17 00:39:41.554  3005  3332 D RILJ    : [UNSL]< UNSOL_VOICE_RADIO_TECH_CHANGED {3} [SUB0]
09-17 00:39:41.555  3005  3005 D SST     : pollState: modemTriggered=true
09-17 00:39:41.557  3005  3005 D RILJ    : [4123]> OPERATOR [SUB0]
09-17 00:39:41.558  3005  3005 D RILJ    : [4124]> DATA_REGISTRATION_STATE [SUB0]
09-17 00:39:41.559  3005  3005 D RILJ    : [4125]> VOICE_REGISTRATION_STATE [SUB0]
09-17 00:39:41.560  3005  3005 D RILJ    : [4126]> QUERY_NETWORK_SELECTION_MODE [SUB0]
09-17 00:39:41.560  3005  3005 D GsmCdmaPhone: [GsmCdmaPhone] EVENT_VOICE_RADIO_TECH_CHANGED: newVoiceTech=3
09-17 00:39:41.560  3005  3005 D GsmCdmaPhone: [GsmCdmaPhone] phoneObjectUpdater: newVoiceRadioTech=3
09-17 00:39:41.560  3005  3005 D GsmCdmaPhone: [GsmCdmaPhone] phoneObjectUpdater: No change ignore, newVoiceRadioTech=3 mActivePhone=GSM
09-17 00:39:41.565  3005  3332 D RILJ    : [4126]< QUERY_NETWORK_SELECTION_MODE {0} [SUB0]
09-17 00:39:41.565  3005  3005 D SST     : EVENT_POLL_STATE_NETWORK_SELECTION_MODE
09-17 00:39:41.566   263 12563 I RILQ    : (0/263):[cmd-21(920)] qcril_qmi_get_pref_data_tech: before translation : is_current 1 network_type 0 rat_mask 10 db_so_mask 0 pref_data_tech UNKNOWN
09-17 00:39:41.571  3005  3005 D SST     : handlPollVoiceRegResultMessage: regState=1 radioTechnology=3
09-17 00:39:41.571  3005  3332 D RILJ    : [4125]< VOICE_REGISTRATION_STATE {.regState = REG_HOME, .rat = 3, .cssSupported = false, .roamingIndicator = -1, .systemIsInPrl = 0, .defaultRoamingIndicator = 0, .reasonForDenial = 0, .cellIdentity = {.cellInfoType = WCDMA, .cellIdentityGsm = [], .cellIdentityWcdma = [{.mcc = -1, .mnc = -1, .lac = 41204, .cid = 7907221, .psc = 1, .uarfcn = -1}], .cellIdentityCdma = [], .cellIdentityLte = [], .cellIdentityTdscdma = []}} [SUB0]
09-17 00:39:41.585   263   349 I RILQ    : (0/263):[event] qcril_qmi_get_pref_data_tech: before translation : is_current 1 network_type 0 rat_mask 2 db_so_mask 0 pref_data_tech UNKNOWN
09-17 00:39:41.586   263   349 I RILQ    : (0/263):[event] qcril_qmi_nas_update_data_rte: completed, new drte 2 with confidence 1
09-17 00:39:41.589   263   349 I RILQ    : (0/263):[event] qcril_qmi_get_pref_data_tech: before translation : is_current 1 network_type 0 rat_mask 1 db_so_mask 0 pref_data_tech UNKNOWN
09-17 00:39:41.589   263   349 I RILQ    : (0/263):[event] qcril_qmi_nas_update_data_rte: completed, new drte 3 with confidence 1
09-17 00:39:41.592   263   349 I RILQ    : (0/263):[event] qcril_qmi_get_pref_data_tech: before translation : is_current 1 network_type 0 rat_mask c db_so_mask 0 pref_data_tech UNKNOWN
09-17 00:39:41.593   263   349 I RILQ    : (0/263):[event] qcril_qmi_nas_update_data_rte: completed, new drte 3 with confidence 1
09-17 00:39:41.596   263 12563 I RILQ    : (0/263):[cmd-21(920)] qcril_qmi_get_pref_data_tech: before translation : is_current 1 network_type 0 rat_mask c db_so_mask 0 pref_data_tech UNKNOWN
09-17 00:39:41.596   263 12563 I RILQ    : (0/263):[cmd-21(920)] qcril_qmi_nas_update_data_rte: completed, new drte 3 with confidence 1
09-17 00:39:41.603  3005  3332 D RILJ    : [4124]< DATA_REGISTRATION_STATE {.regState = REG_HOME, .rat = 2, .reasonDataDenied = -1, .maxDataCalls = 20, .cellIdentity = {.cellInfoType = GSM, .cellIdentityGsm = [{.mcc = -1, .mnc = -1, .lac = -1, .cid = -1, .arfcn = -1, .bsic = -1}], .cellIdentityWcdma = [], .cellIdentityCdma = [], .cellIdentityLte = [], .cellIdentityTdscdma = []}} [SUB0]
09-17 00:39:41.603  3005  3332 D RILJ    : [UNSL]< UNSOL_RESPONSE_NETWORK_STATE_CHANGED [SUB0]
09-17 00:39:41.603  3005  3005 D SST     : handlPollStateResultMessage: GsmSST setDataRegState=0 regState=1 dataRadioTechnology=2
09-17 00:39:41.603  3005  3005 D SST     : pollState: modemTriggered=true
09-17 00:39:41.604  3005  3005 D RILJ    : [4127]> OPERATOR [SUB0]
09-17 00:39:41.605   263 12562 I RILQ    : (0/263):[cmd-22(360)] qcril_qmi_get_pref_data_tech: before translation : is_current 1 network_type 0 rat_mask c db_so_mask 0 pref_data_tech UNKNOWN
09-17 00:39:41.605   263 12562 I RILQ    : (0/263):[cmd-22(360)] qcril_qmi_nas_update_data_rte: completed, new drte 3 with confidence 1
09-17 00:39:41.607  3005  3005 D RILJ    : [4128]> DATA_REGISTRATION_STATE [SUB0]
09-17 00:39:41.608  3005  3005 D RILJ    : [4129]> VOICE_REGISTRATION_STATE [SUB0]
09-17 00:39:41.609  3005  3005 D RILJ    : [4130]> QUERY_NETWORK_SELECTION_MODE [SUB0]
09-17 00:39:41.611   263 12566 I RILQ    : (0/263):[cmd-21(920)] qcril_qmi_get_pref_data_tech: before translation : is_current 1 network_type 0 rat_mask c db_so_mask 0 pref_data_tech UNKNOWN
09-17 00:39:41.612  3005  3332 D RILJ    : [4130]< QUERY_NETWORK_SELECTION_MODE {0} [SUB0]
09-17 00:39:41.612  3005  3005 D SST     : EVENT_POLL_STATE_NETWORK_SELECTION_MODE
09-17 00:39:41.614  3005  3332 D RILJ    : [4128]< DATA_REGISTRATION_STATE {.regState = REG_HOME, .rat = 11, .reasonDataDenied = -1, .maxDataCalls = 20, .cellIdentity = {.cellInfoType = WCDMA, .cellIdentityGsm = [], .cellIdentityWcdma = [{.mcc = -1, .mnc = -1, .lac = 41204, .cid = 7907221, .psc = -1, .uarfcn = -1}], .cellIdentityCdma = [], .cellIdentityLte = [], .cellIdentityTdscdma = []}} [SUB0]
09-17 00:39:41.615  3005  3005 D SST     : handlPollStateResultMessage: GsmSST setDataRegState=0 regState=1 dataRadioTechnology=11
09-17 00:39:41.616  3005  3332 D RILJ    : [4129]< VOICE_REGISTRATION_STATE {.regState = REG_HOME, .rat = 3, .cssSupported = false, .roamingIndicator = 1, .systemIsInPrl = 0, .defaultRoamingIndicator = 0, .reasonForDenial = 0, .cellIdentity = {.cellInfoType = WCDMA, .cellIdentityGsm = [], .cellIdentityWcdma = [{.mcc = -1, .mnc = -1, .lac = 41204, .cid = 7907221, .psc = 1, .uarfcn = -1}], .cellIdentityCdma = [], .cellIdentityLte = [], .cellIdentityTdscdma = []}} [SUB0]
09-17 00:39:41.617  3005  3332 D RILJ    : [UNSL]< UNSOL_RESPONSE_NETWORK_STATE_CHANGED [SUB0]
09-17 00:39:41.617  3005  3005 D SST     : handlPollVoiceRegResultMessage: regState=1 radioTechnology=3
09-17 00:39:41.617  3005  3005 D SST     : pollState: modemTriggered=true
09-17 00:39:41.617  3005  3005 D RILJ    : [4131]> OPERATOR [SUB0]
09-17 00:39:41.618  3005  3005 D RILJ    : [4132]> DATA_REGISTRATION_STATE [SUB0]
09-17 00:39:41.619  3005  3005 D RILJ    : [4133]> VOICE_REGISTRATION_STATE [SUB0]
09-17 00:39:41.619   263 12569 I RILQ    : (0/263):[cmd-21(920)] qcril_qmi_get_pref_data_tech: before translation : is_current 1 network_type 0 rat_mask c db_so_mask 0 pref_data_tech UNKNOWN
09-17 00:39:41.619  3005  3005 D RILJ    : [4134]> QUERY_NETWORK_SELECTION_MODE [SUB0]
09-17 00:39:41.624  3005  3005 D SST     : handlPollStateResultMessage: GsmSST setDataRegState=0 regState=1 dataRadioTechnology=11
09-17 00:39:41.624  3005  3332 D RILJ    : [4132]< DATA_REGISTRATION_STATE {.regState = REG_HOME, .rat = 11, .reasonDataDenied = -1, .maxDataCalls = 20, .cellIdentity = {.cellInfoType = WCDMA, .cellIdentityGsm = [], .cellIdentityWcdma = [{.mcc = -1, .mnc = -1, .lac = 41204, .cid = 7907221, .psc = -1, .uarfcn = -1}], .cellIdentityCdma = [], .cellIdentityLte = [], .cellIdentityTdscdma = []}} [SUB0]
09-17 00:39:41.626   263   505 I RILQ    : (0/263):[qmi_cb] qcril_qmi_get_pref_data_tech: before translation : is_current 1 network_type 0 rat_mask c db_so_mask 0 pref_data_tech UNKNOWN
09-17 00:39:41.626   263   505 I RILQ    : (0/263):[qmi_cb] qcril_qmi_get_pref_data_tech: before translation : is_current 1 network_type 0 rat_mask c db_so_mask 0 pref_data_tech UNKNOWN
09-17 00:39:41.627  3005  3332 D RILJ    : [4133]< VOICE_REGISTRATION_STATE {.regState = REG_HOME, .rat = 3, .cssSupported = false, .roamingIndicator = 1, .systemIsInPrl = 0, .defaultRoamingIndicator = 0, .reasonForDenial = 0, .cellIdentity = {.cellInfoType = WCDMA, .cellIdentityGsm = [], .cellIdentityWcdma = [{.mcc = -1, .mnc = -1, .lac = 41204, .cid = 7907221, .psc = 1, .uarfcn = -1}], .cellIdentityCdma = [], .cellIdentityLte = [], .cellIdentityTdscdma = []}} [SUB0]
09-17 00:39:41.627  3005  3005 D SST     : handlPollVoiceRegResultMessage: regState=1 radioTechnology=3
09-17 00:39:41.627   263   505 I RILQ    : (0/263):[qmi_cb] qcril_qmi_nas_update_data_rte: completed, new drte 3 with confidence 1
09-17 00:39:41.632  3005  3005 D SST     : EVENT_POLL_STATE_NETWORK_SELECTION_MODE
09-17 00:39:41.632  3005  3332 D RILJ    : [4134]< QUERY_NETWORK_SELECTION_MODE {0} [SUB0]
09-17 00:39:41.634  3005  3332 D RILJ    : [4123]< OPERATOR {Idea, Idea, 40422} [SUB0]
09-17 00:39:41.634  3005  3332 D RILJ    : [4127]< OPERATOR {Idea, Idea, 40422} [SUB0]
09-17 00:39:41.634  3005  3332 D RILJ    : [4131]< OPERATOR {Idea, Idea, 40422} [SUB0]
09-17 00:39:41.636  3005  3005 D SST     : Poll ServiceState done:  oldSS=[0 0 voice home data home Idea Idea 40422 Idea Idea 40422  GSM EDGE CSS not supported -1 -1 RoamInd=-1 DefRoamInd=-1 EmergOnly=false IsDataRoamingFromRegistration=false IsUsingCarrierAggregation=false mLteEarfcnRsrpBoost=0] newSS=[0 0 voice home data home Idea Idea 40422 Idea Idea 40422  UMTS HSPA CSS not supported -1 -1 RoamInd=-1 DefRoamInd=-1 EmergOnly=false IsDataRoamingFromRegistration=false IsUsingCarrierAggregation=false mLteEarfcnRsrpBoost=0] oldMaxDataCalls=20 mNewMaxDataCalls=20 oldReasonDataDenied=-1 mNewReasonDataDenied=-1
09-17 00:39:41.636  3005  3005 D SST     : pollStateDone: hasRegistered=false hasDeregistered=false hasDataAttached=false hasDataDetached=false hasDataRegStateChanged=false hasRilVoiceRadioTechnologyChanged= true hasRilDataRadioTechnologyChanged=true hasChanged=true hasVoiceRoamingOn=false hasVoiceRoamingOff=false hasDataRoamingOn=false hasDataRoamingOff=false hasLocationChanged=true has4gHandoff = false hasMultiApnSupport=false hasLostMultiApnSupport=false
09-17 00:39:41.636  3005  3005 D SST     : RAT switched GSM -> UMTS at cell 7907221
09-17 00:39:41.636  3005  3005 D GsmCdmaPhone: [GsmCdmaPhone] updatePhoneObject: radioTechnology=3
09-17 00:39:41.637  3005  3005 D TelephonyManager: setTelephonyProperty: success phoneId=0 property=gsm.network.type value: HSPA propVal=HSPA
09-17 00:39:41.638  3005  3005 D SIMRecords: [SIMRecords] getServiceProviderName: no brandOverride, providerName=Idea
09-17 00:39:41.638  3005  3005 D SIMRecords: [SIMRecords] getServiceProviderName: no brandOverride, providerName=Idea
09-17 00:39:41.643  3005  3005 D TelephonyManager: setTelephonyProperty: success phoneId=0 property=gsm.operator.alpha value: Idea propVal=Idea
09-17 00:39:41.643  3005  3005 D TelephonyManager: setTelephonyProperty: success phoneId=0 property=gsm.operator.numeric value: 40422 propVal=40422
09-17 00:39:41.644  3005  3005 D TelephonyManager: setTelephonyProperty: success phoneId=0 property=gsm.operator.iso-country value: in propVal=in
09-17 00:39:41.645  3005  3005 D SST     : shouldFixTimeZoneNow: retVal=false iccCardExist=true operatorNumeric=40422 mcc=404 prevOperatorNumeric=40422 prevMcc=404 needToFixTimeZone=false ltod=09-17 00:39:41.644
09-17 00:39:41.645  3005  3005 D TelephonyManager: setTelephonyProperty: success phoneId=0 property=gsm.operator.isroaming value: false propVal=false
09-17 00:39:41.645  3005  3005 D SST     : Broadcasting ServiceState : 0 0 voice home data home Idea Idea 40422 Idea Idea 40422  UMTS HSPA CSS not supported -1 -1 RoamInd=-1 DefRoamInd=-1 EmergOnly=false IsDataRoamingFromRegistration=false IsUsingCarrierAggregation=false mLteEarfcnRsrpBoost=0
09-17 00:39:41.645  3005  3005 D DefaultPhoneNotifier: nofityServiceState: mRegistry=com.android.internal.telephony.ITelephonyRegistry$Stub$Proxy@9bc55e8 ss=0 0 voice home data home Idea Idea 40422 Idea Idea 40422  UMTS HSPA CSS not supported -1 -1 RoamInd=-1 DefRoamInd=-1 EmergOnly=false IsDataRoamingFromRegistration=false IsUsingCarrierAggregation=false mLteEarfcnRsrpBoost=0 sender=Handler (com.android.internal.telephony.GsmCdmaPhone) {f6461cc} phondId=0 subId=1
09-17 00:39:41.651  3005  3005 D SST     : notifyDataRegStateRilRadioTechnologyChanged: drs=0 rat=11
09-17 00:39:41.651  3005  3005 D TelephonyManager: setTelephonyProperty: success phoneId=0 property=gsm.network.type value: HSPA propVal=HSPA
09-17 00:39:41.652  3005  3005 D DCT     : [0]get all active apn types
09-17 00:39:41.652  3005  3005 D GsmCdmaPhone: [GsmCdmaPhone] getDataConnectionState apnType=default ret=CONNECTING
09-17 00:39:41.652  3005  3350 D DC-1    : DcInactiveState nothandled msg.what=EVENT_DATA_CONNECTION_DRS_OR_RAT_CHANGED
09-17 00:39:41.652  3005  3350 D DC-1    : DcDefault msg=EVENT_DATA_CONNECTION_DRS_OR_RAT_CHANGED RefCount=0
09-17 00:39:41.653  3005  3350 D DC-1    : DcDefaultState: EVENT_DATA_CONNECTION_DRS_OR_RAT_CHANGED drs=0 mRilRat=11
09-17 00:39:41.653  3005  3350 D DC-2    : DcInactiveState nothandled msg.what=EVENT_DATA_CONNECTION_DRS_OR_RAT_CHANGED
09-17 00:39:41.653  3005  3350 D DC-2    : DcDefault msg=EVENT_DATA_CONNECTION_DRS_OR_RAT_CHANGED RefCount=0
09-17 00:39:41.653  3005  3350 D DC-2    : DcDefaultState: EVENT_DATA_CONNECTION_DRS_OR_RAT_CHANGED drs=0 mRilRat=11
09-17 00:39:41.655   909  1069 D TelephonyRegistry: onDataConnectionStateChanged(-1, 10)
09-17 00:39:41.657   909  3036 D TelephonyRegistry: notifyCellLocationForSubscriber: subId=1 cellLocation=Bundle[mParcelledData.dataSize=64]
09-17 00:39:41.659  3005  3005 D GsmCdmaPhone: [GsmCdmaPhone] phoneObjectUpdater: newVoiceRadioTech=3
09-17 00:39:41.659  3005  3005 D GsmCdmaPhone: [GsmCdmaPhone] phoneObjectUpdater: No change ignore, newVoiceRadioTech=3 mActivePhone=GSM
09-17 00:39:41.660  3005  3005 D DCT     : [0]setupDataOnConnectableApns: nwTypeChanged hipri:[state=IDLE,enabled=false] mms:[state=IDLE,enabled=false] supl:[state=IDLE,enabled=false] cbs:[state=IDLE,enabled=false] dun:[state=IDLE,enabled=false] fota:[state=IDLE,enabled=false] ims:[state=IDLE,enabled=false] default:[state=SCANNING,enabled=true] 
09-17 00:39:41.661  3005  3005 D DCT     : [0]buildWaitingApns: E requestedApnType=default
09-17 00:39:41.666  3005  3005 D DCT     : [0]getPreferredApn: mRequestedApnType=default cursor=android.content.ContentResolver$CursorWrapperInner@5675865 cursor.count=1
09-17 00:39:41.666  3005  3005 D DCT     : [0]getPreferredApn: apnSetting=[ApnSettingV3] IDEA, 631, 40422, internet, , , , , , -1, default | supl, IP, IP, true, 0, 0, 0, false, 0, 0, 0, 0, , , false
09-17 00:39:41.666  3005  3005 D DCT     : [0]getPreferredApn: X found apnSetting[ApnSettingV3] IDEA, 631, 40422, internet, , , , , , -1, default | supl, IP, IP, true, 0, 0, 0, false, 0, 0, 0, 0, , , false
09-17 00:39:41.667  3005  3005 D DCT     : [0]buildWaitingApns: usePreferred=true canSetPreferApn=true mPreferredApn=[ApnSettingV3] IDEA, 631, 40422, internet, , , , , , -1, default | supl, IP, IP, true, 0, 0, 0, false, 0, 0, 0, 0, , , false operator=40422 radioTech=11 IccRecords r=SimRecords: mDestroyed=false mContext=com.android.phone.PhoneGlobals@b8fa07e mCi=com.android.internal.telephony.RIL@ed69fed mFh=Handler (com.android.internal.telephony.uicc.UsimFileHandler) {e81e9df} mParentApp=com.android.internal.telephony.uicc.UiccCardApplication@40cb62c recordsLoadedRegistrants=android.os.RegistrantList@af328f5 mImsiReadyRegistrants=android.os.RegistrantList@281468a mRecordsEventsRegistrants=android.os.RegistrantList@d4544fb mNewSmsRegistrants=android.os.RegistrantList@6a50918 mNetworkSelectionModeAutomaticRegistrants=android.os.RegistrantList@d9a5f71 recordsToLoad=0 adnCache=Handler (com.android.internal.telephony.uicc.AdnRecordCache) {6354156} recordsRequested=true iccid=89911100000304454896 msisdnTag= voiceMailNum=null voiceMailTag=null voiceMailNum=null newVoiceMailTag=null isVoiceMailFixed=false mImsi=404223[ETDYeHjxDkoFVRKEHA_j5RGfFh4] mncLength=2 mailboxIndex=0 spn=Idea mVmConfigcom.android.internal.telephony.uicc.VoiceMailConstants@d1935d7 mSpnOverride=mSpnOverride callForwardingEnabled=-1 spnState=IDLE mCphsInfo=null mCspPlmnEnabled=true efMWIS=null efCPHS_MWI=null mEfCff=null mEfCfis=null getOperatorNumeric=40422
09-17 00:39:41.667  3005  3005 D DCT     : [0]buildWaitingApns: Preferred APN:40422:40422:[ApnSettingV3] IDEA, 631, 40422, internet, , , , , , -1, default | supl, IP, IP, true, 0, 0, 0, false, 0, 0, 0, 0, , , false
09-17 00:39:41.667  3005  3005 D DCT     : [0]buildWaitingApns: X added preferred apnList=[[ApnSettingV3] IDEA, 631, 40422, internet, , , , , , -1, default | supl, IP, IP, true, 0, 0, 0, false, 0, 0, 0, 0, , , false]
09-17 00:39:44.182  3005  3005 D DCT     : [0]Reconnect alarm. Previous state was IDLE
09-17 00:39:44.182  3005  3005 D DCT     : [0]onActionIntentReconnectAlarm: currSubId = 1 phoneSubId=1
09-17 00:39:44.182  3005  3005 D DCT     : [0]onActionIntentReconnectAlarm: mState=IDLE reason=dataAttached apnType=default apnContext={mApnType=default mState=SCANNING mWaitingApns={[[ApnSettingV3] IDEA, 631, 40422, internet, , , , , , -1, default | supl, IP, IP, true, 0, 0, 0, false, 0, 0, 0, 0, , , false]} mApnSetting={[ApnSettingV3] IDEA, 631, 40422, internet, , , , , , -1, default | supl, IP, IP, true, 0, 0, 0, false, 0, 0, 0, 0, , , false} mReason=dataAttached mDataEnabled=true mDependencyMet=true} mDataConnectionAsyncChannels={0=DC-1, 1=DC-2}
09-17 00:39:44.182  3005  3005 D DCT     : [0]onActionIntentReconnectAlarm: apnContext state=SCANNING
09-17 00:39:44.182  3005  3005 D DCT     : [0]onActionIntentReconnectAlarm: keep associated
09-17 00:39:44.183  3005  3005 D DCT     : [0]onTrySetupData: apnContext={mApnType=default mState=SCANNING mWaitingApns={[[ApnSettingV3] IDEA, 631, 40422, internet, , , , , , -1, default | supl, IP, IP, true, 0, 0, 0, false, 0, 0, 0, 0, , , false]} mApnSetting={[ApnSettingV3] IDEA, 631, 40422, internet, , , , , , -1, default | supl, IP, IP, true, 0, 0, 0, false, 0, 0, 0, 0, , , false} mReason=dataAttached mDataEnabled=true mDependencyMet=true}
09-17 00:39:44.183  3005  3005 D DCT     : [0]trySetupData for type:default due to dataAttached, mIsPsRestricted=false
09-17 00:39:44.185  3005  3005 D DCT     : [0]isEmergency: result=false
09-17 00:39:44.186  3005  3005 D DCT     : [0]setupData: apnContext={mApnType=default mState=SCANNING mWaitingApns={[[ApnSettingV3] IDEA, 631, 40422, internet, , , , , , -1, default | supl, IP, IP, true, 0, 0, 0, false, 0, 0, 0, 0, , , false]} mApnSetting={[ApnSettingV3] IDEA, 631, 40422, internet, , , , , , -1, default | supl, IP, IP, true, 0, 0, 0, false, 0, 0, 0, 0, , , false} mReason=dataAttached mDataEnabled=true mDependencyMet=true}
09-17 00:39:44.186  3005  3005 D DCT     : [0]checkForCompatibleConnectedApnContext: apnContext={mApnType=default mState=SCANNING mWaitingApns={[[ApnSettingV3] IDEA, 631, 40422, internet, , , , , , -1, default | supl, IP, IP, true, 0, 0, 0, false, 0, 0, 0, 0, , , false]} mApnSetting={[ApnSettingV3] IDEA, 631, 40422, internet, , , , , , -1, default | supl, IP, IP, true, 0, 0, 0, false, 0, 0, 0, 0, , , false} mReason=dataAttached mDataEnabled=true mDependencyMet=true}
09-17 00:39:44.187  3005  3005 D DCT     : [0]apnSetting: [ApnSettingV3] IDEA, 631, 40422, internet, , , , , , -1, default | supl, IP, IP, true, 0, 0, 0, false, 0, 0, 0, 0, , , false
09-17 00:39:44.187  3005  3005 D DCT     : [0]checkForCompatibleConnectedApnContext: NO conn apnContext={mApnType=default mState=SCANNING mWaitingApns={[[ApnSettingV3] IDEA, 631, 40422, internet, , , , , , -1, default | supl, IP, IP, true, 0, 0, 0, false, 0, 0, 0, 0, , , false]} mApnSetting={[ApnSettingV3] IDEA, 631, 40422, internet, , , , , , -1, default | supl, IP, IP, true, 0, 0, 0, false, 0, 0, 0, 0, , , false} mReason=dataAttached mDataEnabled=true mDependencyMet=true}
09-17 00:39:44.188  3005  3005 D DCT     : [0]isOnlySingleDcAllowed(11): false
09-17 00:39:44.188  3005  3350 D DC-1    : DcInactiveState nothandled msg.what=REQ_IS_INACTIVE
09-17 00:39:44.188  3005  3350 D DC-1    : DcDefault msg=REQ_IS_INACTIVE RefCount=0
09-17 00:39:44.189  3005  3350 D DC-1    : REQ_IS_INACTIVE  isInactive=true
09-17 00:39:44.189  3005  3005 D DCT     : [0]dataConnectionNotInUse: check if dcac is inuse dcac=DC-1
09-17 00:39:44.189  3005  3005 D DCT     : [0]dataConnectionNotInUse: in use by apnContext={mApnType=default mState=SCANNING mWaitingApns={[[ApnSettingV3] IDEA, 631, 40422, internet, , , , , , -1, default | supl, IP, IP, true, 0, 0, 0, false, 0, 0, 0, 0, , , false]} mApnSetting={[ApnSettingV3] IDEA, 631, 40422, internet, , , , , , -1, default | supl, IP, IP, true, 0, 0, 0, false, 0, 0, 0, 0, , , false} mReason=dataAttached mDataEnabled=true mDependencyMet=true}
09-17 00:39:44.189  3005  3350 D DC-2    : DcInactiveState nothandled msg.what=REQ_IS_INACTIVE
09-17 00:39:44.189  3005  3350 D DC-2    : DcDefault msg=REQ_IS_INACTIVE RefCount=0
09-17 00:39:44.189  3005  3350 D DC-2    : REQ_IS_INACTIVE  isInactive=true
09-17 00:39:44.189  3005  3005 D DCT     : [0]dataConnectionNotInUse: check if dcac is inuse dcac=DC-2
09-17 00:39:44.190  3005  3005 D DCT     : [0]dataConnectionNotInUse: tearDownAll
09-17 00:39:44.190  3005  3005 D DCT     : [0]dataConnectionNotInUse: not in use return true
09-17 00:39:44.190  3005  3350 D DC-2    : DcInactiveState: msg.what=EVENT_DISCONNECT_ALL
09-17 00:39:44.190  3005  3005 D DCT     : [0]findFreeDataConnection: found free DataConnection= dcac=DC-2
09-17 00:39:44.190  3005  3350 D DC-2    : NotifyDisconnectCompleted
09-17 00:39:44.190  3005  3005 D DCT     : [0]setupData: dcac=DC-2 apnSetting=[ApnSettingV3] IDEA, 631, 40422, internet, , , , , , -1, default | supl, IP, IP, true, 0, 0, 0, false, 0, 0, 0, 0, , , false gen#=14
09-17 00:39:44.190  3005  3350 D DC-2    : NotifyDisconnectCompleted DisconnectParams={mTag=0 mApnContext=null mReason=No connection mOnCompletedMsg=null}
09-17 00:39:44.190  3005  3005 D GsmCdmaPhone: [GsmCdmaPhone] getDataConnectionState apnType=default ret=CONNECTING
09-17 00:39:44.200  3005  3350 D DC-2    : DcInactiveState: mag.what=EVENT_CONNECT
09-17 00:39:44.202  3005  3350 D DC-2    : initConnection:  RefCount=1 mApnList={{mApnType=default mState=CONNECTING mWaitingApns={[[ApnSettingV3] IDEA, 631, 40422, internet, , , , , , -1, default | supl, IP, IP, true, 0, 0, 0, false, 0, 0, 0, 0, , , false]} mApnSetting={[ApnSettingV3] IDEA, 631, 40422, internet, , , , , , -1, default | supl, IP, IP, true, 0, 0, 0, false, 0, 0, 0, 0, , , false} mReason=dataAttached mDataEnabled=true mDependencyMet=true}={mTag=12 mApnContext={mApnType=default mState=CONNECTING mWaitingApns={[[ApnSettingV3] IDEA, 631, 40422, internet, , , , , , -1, default | supl, IP, IP, true, 0, 0, 0, false, 0, 0, 0, 0, , , false]} mApnSetting={[ApnSettingV3] IDEA, 631, 40422, internet, , , , , , -1, default | supl, IP, IP, true, 0, 0, 0, false, 0, 0, 0, 0, , , false} mReason=dataAttached mDataEnabled=true mDependencyMet=true} mProfileId=0 mRat=11 mUnmeteredUseOnly=false mOnCompletedMsg={what=0x42000 when=-6m11s28ms obj=Pair{{mApnType=default mState=CONNECTING mWaitingApns={[[ApnSettingV3] IDEA, 631, 40422, internet, , , , , , -1, default | supl, IP, IP, true, 0, 0, 0, false, 0, 0, 0, 0, , , false]} mApnSetting={[ApnSettingV3] IDEA, 631, 40422, internet, , , , , , -1, default | supl, IP, IP, true, 0, 0, 0, false, 0, 0, 0, 0, , , false} mReason=dataAttached mDataEnabled=true mDependencyMet=true} 14} target=Handler (com.android.internal.telephony.dataconnection.DcTracker) {853b706} replyTo=null}}} mConnectionParams={mTag=12 mApnContext={mApnType=default mState=CONNECTING mWaitingApns={[[ApnSettingV3] IDEA, 631, 40422, internet, , , , , , -1, default | supl, IP, IP, true, 0, 0, 0, false, 0, 0, 0, 0, , , false]} mApnSetting={[ApnSettingV3] IDEA, 631, 40422, internet, , , , , , -1, default | supl, IP, IP, true, 0, 0, 0, false, 0, 0, 0, 0, , , false} mReason=dataAttached mDataEnabled=true mDependencyMet=true} mProfileId=0 mRat=11 mUnmeteredUseOnly=false mOnCompletedMsg={what=0x42000 when=-6m11s29ms obj=Pair{{mApnType=default mState=CONNECTING mWaitingApns={[[ApnSettingV3] IDEA, 631, 40422, internet, , , , , , -1, default | supl, IP, IP, true, 0, 0, 0, false, 0, 0, 0, 0, , , false]} mApnSetting={[ApnSettingV3] IDEA, 631, 40422, internet, , , , , , -1, default | supl, IP, IP, true, 0, 0, 0, false, 0, 0, 0, 0, , , false} mReason=dataAttached mDataEnabled=true mDependencyMet=true} 14} target=Handler (com.android.internal.telephony.dataconnection.DcTracker) {853b706} replyTo=null}}
09-17 00:39:44.202  3005  3350 D DC-2    : onConnect: carrier='IDEA' APN='internet' proxy='' port=''
09-17 00:39:44.204  3005  3005 D DCT     : [0]setupData: initing!
09-17 00:39:44.213  3005  3350 D RILJ    : [4135]> SETUP_DATA_CALL,radioTechnology=11,isRoaming=false,allowRoaming=true,DataProfile=0/internet/IP/0///0/0/0/0/true/5/IP/0/0///false [SUB0]
09-17 00:39:44.215   263   263 E RILQ    : (0/263): [rild] qcril_data_request_setup_data_call: unable to get dsi hndl
09-17 00:39:44.216   263   263 E RILQ    : (0/263): [rild] qcril_data_request_setup_data_call: qcril_data_request_setup_data_call: EXIT with FAILURE
09-17 00:39:44.217  3005  3332 D RILJ    : [4135]< SETUP_DATA_CALL DataCallResponse: { status=65535 retry=-1 cid=0 active=0 type= ifname= mtu=0 addresses=[] dnses=[] gateways=[] pcscf=[]} [SUB0]
09-17 00:39:44.217  3005  3332 E TelephonyMetrics: Unknown type: 
09-17 00:39:44.217  3005  3350 D DC-2    : DcActivatingState: msg={what=EVENT_SETUP_DATA_CONNECTION_DONE when=-1ms obj=android.os.AsyncResult@750d348 target=Handler (com.android.internal.util.StateMachine$SmHandler) {667f16} replyTo=null}
09-17 00:39:44.223  3005  3350 D DC-2    : DcActivatingState onSetupConnectionCompleted result=ERR_RilError  SetupResult.mFailCause=ERROR_UNSPECIFIED dc={DC-2: State=DcActivatingState mApnSetting=[ApnSettingV3] IDEA, 631, 40422, internet, , , , , , -1, default | supl, IP, IP, true, 0, 0, 0, false, 0, 0, 0, 0, , , false RefCount=1 mCid=-1 mCreateTime=-1 mLastastFailTime=-1 mLastFailCause=NONE mTag=12 mLinkProperties={LinkAddresses: []  Routes: [] DnsAddresses: [] Domains: null MTU: 0 TcpBufferSizes: 40778,244668,734003,16777,100663,301990} linkCapabilities=[ Transports: CELLULAR Capabilities: SUPL&INTERNET&NOT_RESTRICTED&TRUSTED&NOT_VPN LinkUpBandwidth>=5898Kbps LinkDnBandwidth>=14336Kbps Specifier: <1>] mRestrictedNetworkOverride=false mApnContexts={{mApnType=default mState=CONNECTING mWaitingApns={[[ApnSettingV3] IDEA, 631, 40422, internet, , , , , , -1, default | supl, IP, IP, true, 0, 0, 0, false, 0, 0, 0, 0, , , false]} mApnSetting={[ApnSettingV3] IDEA, 631, 40422, internet, , , , , , -1, default | supl, IP, IP, true, 0, 0, 0, false, 0, 0, 0, 0, , , false} mReason=dataAttached mDataEnabled=true mDependencyMet=true}={mTag=12 mApnContext={mApnType=default mState=CONNECTING mWaitingApns={[[ApnSettingV3] IDEA, 631, 40422, internet, , , , , , -1, default | supl, IP, IP, true, 0, 0, 0, false, 0, 0, 0, 0, , , false]} mApnSetting={[ApnSettingV3] IDEA, 631, 40422, internet, , , , , , -1, default | supl, IP, IP, true, 0, 0, 0, false, 0, 0, 0, 0, , , false} mReason=dataAttached mDataEnabled=true mDependencyMet=true} mProfileId=0 mRat=11 mUnmeteredUseOnly=false mOnCompletedMsg={what=0x42000 when=-6m11s49ms obj=Pair{{mApnType=default mState=CONNECTING mWaitingApns={[[ApnSettingV3] IDEA, 631, 40422, internet, , , , , , -1, default | supl, IP, IP, true, 0, 0, 0, false, 0, 0, 0, 0, , , false]} mApnSetting={[ApnSettingV3] IDEA, 631, 40422, internet, , , , , , -1, default | supl, IP, IP, true, 0, 0, 0, false, 0, 0, 0, 0, , , false} mReason=dataAttached mDataEnabled=true mDependencyMet=true} 14} target=Handler (com.android.internal.telephony.dataconnection.DcTracker) {853b706} replyTo=null}}}}
09-17 00:39:44.224  3005  3350 D DC-2    : No suggested retry delay.
09-17 00:39:44.224  3005  3350 D DC-2    : DcActivatingState: ERR_RilError  delay=-2 result=ERR_RilError  SetupResult.mFailCause=ERROR_UNSPECIFIED result.isRestartRadioFail=false isPermanentFailure=false
09-17 00:39:44.225  3005  3350 D DC-2    : DcInactiveState: setEnterNotificationParams cp,cause
09-17 00:39:44.225  3005  3350 D DC-2    : DcInactiveState: enter() mTag=13
09-17 00:39:44.225  3005  3350 D DC-2    : DcInactiveState: enter notifyConnectCompleted +ALL failCause=ERROR_UNSPECIFIED
09-17 00:39:44.225  3005  3350 D DC-2    : notifyConnectCompleted at 1505588984225 cause=ERROR_UNSPECIFIED connectionCompletedMsg={what=0x42000 when=-6m11s53ms arg1=-1 obj=android.os.AsyncResult@f7a15e1 target=Handler (com.android.internal.telephony.dataconnection.DcTracker) {853b706} replyTo=null}
09-17 00:39:44.225  3005  3350 D DC-2    : Send to all. {mApnType=default mState=CONNECTING mWaitingApns={[[ApnSettingV3] IDEA, 631, 40422, internet, , , , , , -1, default | supl, IP, IP, true, 0, 0, 0, false, 0, 0, 0, 0, , , false]} mApnSetting={[ApnSettingV3] IDEA, 631, 40422, internet, , , , , , -1, default | supl, IP, IP, true, 0, 0, 0, false, 0, 0, 0, 0, , , false} mReason=dataAttached mDataEnabled=true mDependencyMet=true} ERROR_UNSPECIFIED
09-17 00:39:44.231  3005  3350 D Dcc     : removeActiveDcByCid removedDc=null dc={DC-2: State=DcInactiveState mApnSetting=[ApnSettingV3] IDEA, 631, 40422, internet, , , , , , -1, default | supl, IP, IP, true, 0, 0, 0, false, 0, 0, 0, 0, , , false RefCount=1 mCid=-1 mCreateTime=-1 mLastastFailTime=1505588984225 mLastFailCause=ERROR_UNSPECIFIED mTag=13 mLinkProperties={LinkAddresses: []  Routes: [] DnsAddresses: [] Domains: null MTU: 0 TcpBufferSizes: 40778,244668,734003,16777,100663,301990} linkCapabilities=[ Transports: CELLULAR Capabilities: SUPL&INTERNET&NOT_RESTRICTED&TRUSTED&NOT_VPN LinkUpBandwidth>=5898Kbps LinkDnBandwidth>=14336Kbps Specifier: <1>] mRestrictedNetworkOverride=false mApnContexts={{mApnType=default mState=CONNECTING mWaitingApns={[[ApnSettingV3] IDEA, 631, 40422, internet, , , , , , -1, default | supl, IP, IP, true, 0, 0, 0, false, 0, 0, 0, 0, , , false]} mApnSetting={[ApnSettingV3] IDEA, 631, 40422, internet, , , , , , -1, default | supl, IP, IP, true, 0, 0, 0, false, 0, 0, 0, 0, , , false} mReason=dataAttached mDataEnabled=true mDependencyMet=true}={mTag=12 mApnContext={mApnType=default mState=CONNECTING mWaitingApns={[[ApnSettingV3] IDEA, 631, 40422, internet, , , , , , -1, default | supl, IP, IP, true, 0, 0, 0, false, 0, 0, 0, 0, , , false]} mApnSetting={[ApnSettingV3] IDEA, 631, 40422, internet, , , , , , -1, default | supl, IP, IP, true, 0, 0, 0, false, 0, 0, 0, 0, , , false} mReason=dataAttached mDataEnabled=true mDependencyMet=true} mProfileId=0 mRat=11 mUnmeteredUseOnly=false mOnCompletedMsg=null}}}
09-17 00:39:44.231  3005  3350 D DC-2    : clearSettings
09-17 00:39:44.248  3005  3005 D DCT     : [0]trySetupData: X retValue=true
09-17 00:39:44.250  3005  3005 D DCT     : [0]getValidApnContext (onDataSetupComplete) on {mApnType=default mState=CONNECTING mWaitingApns={[[ApnSettingV3] IDEA, 631, 40422, internet, , , , , , -1, default | supl, IP, IP, true, 0, 0, 0, false, 0, 0, 0, 0, , , false]} mApnSetting={[ApnSettingV3] IDEA, 631, 40422, internet, , , , , , -1, default | supl, IP, IP, true, 0, 0, 0, false, 0, 0, 0, 0, , , false} mReason=dataAttached mDataEnabled=true mDependencyMet=true} got 14 vs 14
09-17 00:39:44.250  3005  3005 D DCT     : [0]onDataSetupComplete: error apn=internet cause=ERROR_UNSPECIFIED
09-17 00:39:44.251  3005  3005 D DCT     : [0]getValidApnContext (onDataSetupCompleteError) on {mApnType=default mState=CONNECTING mWaitingApns={[[ApnSettingV3] IDEA, 631, 40422, internet, , , , , , -1, default | supl, IP, IP, true, 0, 0, 0, false, 0, 0, 0, 0, , , false]} mApnSetting={[ApnSettingV3] IDEA, 631, 40422, internet, , , , , , -1, default | supl, IP, IP, true, 0, 0, 0, false, 0, 0, 0, 0, , , false} mReason=dataAttached mDataEnabled=true mDependencyMet=true} got 14 vs 14
09-17 00:39:44.252  3005  3005 D RetryManager: [default] getRetryTimer: 40662
09-17 00:39:44.252  3005  3005 D DCT     : [0]onDataSetupCompleteError: Try next APN. delay = 40662
09-17 00:39:44.252  3005  3005 D DCT     : [0]startAlarmForReconnect: delay=40662 action=com.android.internal.telephony.data-reconnect.default apn={mApnType=default mState=SCANNING mWaitingApns={[[ApnSettingV3] IDEA, 631, 40422, internet, , , , , , -1, default | supl, IP, IP, true, 0, 0, 0, false, 0, 0, 0, 0, , , false]} mApnSetting={[ApnSettingV3] IDEA, 631, 40422, internet, , , , , , -1, default | supl, IP, IP, true, 0, 0, 0, false, 0, 0, 0, 0, , , false} mReason=dataAttached mDataEnabled=true mDependencyMet=true}
09-17 00:39:56.931   263   505 I RILQ    : (0/263):[qmi_cb] qcril_qmi_get_pref_data_tech: before translation : is_current 1 network_type 0 rat_mask c db_so_mask 0 pref_data_tech UNKNOWN
09-17 00:39:56.931   263   505 I RILQ    : (0/263):[qmi_cb] qcril_qmi_get_pref_data_tech: before translation : is_current 1 network_type 0 rat_mask c db_so_mask 0 pref_data_tech UNKNOWN
09-17 00:39:56.932   263   505 I RILQ    : (0/263):[qmi_cb] qcril_qmi_nas_update_data_rte: completed, new drte 3 with confidence 1
09-17 00:39:57.075  3005  3332 D RILJ    : [UNSL]< UNSOL_NITZ_TIME_RECEIVED 17/09/16,19:09:58+22,00 [SUB0]
09-17 00:39:57.075  3005  3005 D SST     : NITZ: 17/09/16,19:09:58+22,00,383902 start=383902 delay=0
09-17 00:39:57.076  3005  3005 D SST     : NITZ: nitz=17/09/16,19:09:58+22,00 nitzReceiveTime=383902 tzOffset=19800000 dst=0 zone=Asia/Kolkata iso=in mGotCountryCode=true mNeedFixZoneAfterNitz=false getAutoTimeZone()=true
09-17 00:39:57.076  3005  3005 D SST     : setAndBroadcastNetworkSetTimeZone: setTimeZone=Asia/Kolkata
09-17 00:39:57.078  3005  3005 D SST     : setAndBroadcastNetworkSetTimeZone: call alarm.setTimeZone and broadcast zoneId=Asia/Kolkata
09-17 00:39:57.079  3005  3005 D SST     : NITZ: nitz=17/09/16,19:09:58+22,00 nitzReceiveTime=383902 Setting time of day to Sun Sep 17 00:39:58 GMT+05:30 2017 NITZ receive delay(ms): 4 gained(ms): 925 from 17/09/16,19:09:58+22,00
09-17 00:39:57.079  3005  3005 D SST     : setAndBroadcastNetworkSetTime: time=1505588998004ms
09-17 00:39:58.005  3005  3005 I SST     : NITZ: after Setting time of day
09-17 00:39:58.006  3005  3005 D SST     : NITZ: end=383909 dur=7
09-17 00:39:58.230   263   505 I RILQ    : (0/263):[qmi_cb] qcril_qmi_get_pref_data_tech: before translation : is_current 1 network_type 0 rat_mask c db_so_mask 0 pref_data_tech UNKNOWN
09-17 00:39:58.231   263   505 I RILQ    : (0/263):[qmi_cb] qcril_qmi_get_pref_data_tech: before translation : is_current 1 network_type 0 rat_mask c db_so_mask 0 pref_data_tech UNKNOWN
09-17 00:39:58.232   263   505 I RILQ    : (0/263):[qmi_cb] qcril_qmi_nas_update_data_rte: completed, new drte 3 with confidence 1
09-17 00:39:58.311   263   505 I RILQ    : (0/263):[qmi_cb] qcril_qmi_get_pref_data_tech: before translation : is_current 1 network_type 0 rat_mask c db_so_mask 0 pref_data_tech UNKNOWN
09-17 00:39:58.311   263   505 I RILQ    : (0/263):[qmi_cb] qcril_qmi_get_pref_data_tech: before translation : is_current 1 network_type 0 rat_mask c db_so_mask 0 pref_data_tech UNKNOWN
09-17 00:39:58.312   263   505 I RILQ    : (0/263):[qmi_cb] qcril_qmi_nas_update_data_rte: completed, new drte 3 with confidence 1
09-17 00:39:58.590   263   505 I RILQ    : (0/263):[qmi_cb] qcril_qmi_get_pref_data_tech: before translation : is_current 1 network_type 0 rat_mask c db_so_mask 0 pref_data_tech UNKNOWN
09-17 00:39:58.591   263   505 I RILQ    : (0/263):[qmi_cb] qcril_qmi_get_pref_data_tech: before translation : is_current 1 network_type 0 rat_mask c db_so_mask 0 pref_data_tech UNKNOWN
09-17 00:39:58.591   263   505 I RILQ    : (0/263):[qmi_cb] qcril_qmi_nas_update_data_rte: completed, new drte 3 with confidence 1
09-17 00:40:04.546   263   348 I RILQ    : (0/263):[main] qcril_qmi_get_pref_data_tech: before translation : is_current 1 network_type 0 rat_mask c db_so_mask 0 pref_data_tech UNKNOWN
09-17 00:40:17.843  3005  3005 D RILJ    : [4136]> RIL_REQUEST_GET_ACTIVITY_INFO [SUB0]
09-17 00:40:17.844   263   263 E RILC    : getModemActivityInfoResponse Invalid response: NULL
09-17 00:40:17.844  3005  3332 D RILJ    : [4136]< RIL_REQUEST_GET_ACTIVITY_INFO ModemActivityInfo{ mTimestamp=0 mSleepTimeMs=0 mIdleTimeMs=0 mTxTimeMs[]=[0, 0, 0, 0, 0] mRxTimeMs=0 mEnergyUsed=0} [SUB0]
09-17 00:40:19.368  3005  3018 D SubscriptionController: [getPhoneId] asked for default subId=1
09-17 00:40:20.906  3005  3005 D SubscriptionController: [getActiveSubscriptionInfoForSimSlotIndex]+ slotIndex=0 subId={id=1, iccId=89911100000304454896 simSlotIndex=0 displayName=Idea carrierName=Idea nameSource=0 iconTint=-16746133 dataRoaming=1 iconBitmap=android.graphics.Bitmap@f938a84 mcc 404 mnc 22}
09-17 00:40:20.907  3005  3005 D TelephonyManager: getLteOnCdmaMode=0 curVal=0 product_type='' lteOnCdmaProductType=''
09-17 00:40:20.914  3005  3005 D Phone   : setPreferredNetworkType: networkType = 9 modemRaf = 118280 rafFromType = 642574 filteredType = 9
09-17 00:40:20.915  3005  3005 D RILJ    : [4137]> REQUEST_SET_PREFERRED_NETWORK_TYPE networkType = 9 [SUB0]
09-17 00:40:20.964  3005  3005 D SubscriptionController: [getActiveSubscriptionInfoForSimSlotIndex]+ slotIndex=0 subId={id=1, iccId=89911100000304454896 simSlotIndex=0 displayName=Idea carrierName=Idea nameSource=0 iconTint=-16746133 dataRoaming=1 iconBitmap=android.graphics.Bitmap@61c0ffa mcc 404 mnc 22}
09-17 00:40:20.965  3005  3005 D TelephonyManager: getLteOnCdmaMode=0 curVal=0 product_type='' lteOnCdmaProductType=''
09-17 00:40:20.970  3005  3005 D Phone   : setPreferredNetworkType: networkType = 9 modemRaf = 118280 rafFromType = 642574 filteredType = 9
09-17 00:40:20.972  3005  3005 D RILJ    : [4138]> REQUEST_SET_PREFERRED_NETWORK_TYPE networkType = 9 [SUB0]
09-17 00:40:20.975  3005  3332 D RILJ    : [4138]< REQUEST_SET_PREFERRED_NETWORK_TYPE error 2 [SUB0]
09-17 00:40:20.976  3005  3332 D RilRequest: [4138]< REQUEST_SET_PREFERRED_NETWORK_TYPE error: com.android.internal.telephony.CommandException: GENERIC_FAILURE ret=
09-17 00:40:21.049  3005  3332 D RILJ    : [4137]< REQUEST_SET_PREFERRED_NETWORK_TYPE  [SUB0]
09-17 00:40:21.064   263   505 I RILQ    : (0/263):[qmi_cb] qcril_qmi_get_pref_data_tech: before translation : is_current 1 network_type 0 rat_mask c db_so_mask 0 pref_data_tech UNKNOWN
09-17 00:40:21.065   263   505 I RILQ    : (0/263):[qmi_cb] qcril_qmi_get_pref_data_tech: before translation : is_current 1 network_type 0 rat_mask c db_so_mask 0 pref_data_tech UNKNOWN
09-17 00:40:21.065   263   505 I RILQ    : (0/263):[qmi_cb] qcril_qmi_nas_update_data_rte: completed, new drte 3 with confidence 1
09-17 00:40:21.067   263   505 I RILQ    : (0/263):[qmi_cb] qcril_qmi_get_pref_data_tech: before translation : is_current 1 network_type 0 rat_mask c db_so_mask 0 pref_data_tech UNKNOWN
09-17 00:40:21.068   263   505 I RILQ    : (0/263):[qmi_cb] qcril_qmi_nas_update_data_rte: completed, new drte 3 with confidence 1
09-17 00:40:21.071   263   349 I RILQ    : (0/263):[event] qcril_qmi_nas_assess_emergency_number_list_handler: cur_status 1024, card_state 3
09-17 00:40:21.082  3005  3332 D RILJ    : [UNSL]< UNSOL_RESPONSE_NETWORK_STATE_CHANGED [SUB0]
09-17 00:40:21.085   263   505 I RILQ    : (0/263):[qmi_cb] qcril_qmi_get_pref_data_tech: before translation : is_current 1 network_type 0 rat_mask c db_so_mask 0 pref_data_tech UNKNOWN
09-17 00:40:21.086   263   505 I RILQ    : (0/263):[qmi_cb] qcril_qmi_get_pref_data_tech: before translation : is_current 1 network_type 0 rat_mask c db_so_mask 0 pref_data_tech UNKNOWN
09-17 00:40:21.093  3005  3005 D SST     : pollState: modemTriggered=true
09-17 00:40:21.095  3005  3005 D RILJ    : [4139]> OPERATOR [SUB0]
09-17 00:40:21.097  3005  3005 D RILJ    : [4140]> DATA_REGISTRATION_STATE [SUB0]
09-17 00:40:21.098  3005  3005 D RILJ    : [4141]> VOICE_REGISTRATION_STATE [SUB0]
09-17 00:40:21.099   263   505 I RILQ    : (0/263):[qmi_cb] qcril_qmi_nas_update_data_rte: completed, new drte 3 with confidence 1
09-17 00:40:21.099  3005  3005 D RILJ    : [4142]> QUERY_NETWORK_SELECTION_MODE [SUB0]
09-17 00:40:21.104   263   505 I RILQ    : (0/263):[qmi_cb] qcril_qmi_get_pref_data_tech: before translation : is_current 1 network_type 0 rat_mask c db_so_mask 0 pref_data_tech UNKNOWN
09-17 00:40:21.107   263 15229 I RILQ    : (0/263):[cmd-21(920)] qcril_qmi_get_pref_data_tech: before translation : is_current 1 network_type 0 rat_mask c db_so_mask 0 pref_data_tech UNKNOWN
09-17 00:40:21.114   263   505 I RILQ    : (0/263):[qmi_cb] qcril_qmi_nas_update_data_rte: completed, new drte 3 with confidence 1
09-17 00:40:21.129  3005  3332 D RILJ    : [4140]< DATA_REGISTRATION_STATE {.regState = REG_HOME, .rat = 11, .reasonDataDenied = -1, .maxDataCalls = 20, .cellIdentity = {.cellInfoType = WCDMA, .cellIdentityGsm = [], .cellIdentityWcdma = [{.mcc = -1, .mnc = -1, .lac = 41204, .cid = 7907221, .psc = -1, .uarfcn = -1}], .cellIdentityCdma = [], .cellIdentityLte = [], .cellIdentityTdscdma = []}} [SUB0]
09-17 00:40:21.129  3005  3005 D SST     : handlPollStateResultMessage: GsmSST setDataRegState=0 regState=1 dataRadioTechnology=11
09-17 00:40:21.129  3005  3005 D SST     : EVENT_POLL_STATE_NETWORK_SELECTION_MODE
09-17 00:40:21.129  3005  3332 D RILJ    : [4142]< QUERY_NETWORK_SELECTION_MODE {0} [SUB0]
09-17 00:40:21.132  3005  3005 D SST     : handlPollVoiceRegResultMessage: regState=1 radioTechnology=3
09-17 00:40:21.132  3005  3332 D RILJ    : [4141]< VOICE_REGISTRATION_STATE {.regState = REG_HOME, .rat = 3, .cssSupported = false, .roamingIndicator = -1, .systemIsInPrl = 0, .defaultRoamingIndicator = 0, .reasonForDenial = 0, .cellIdentity = {.cellInfoType = WCDMA, .cellIdentityGsm = [], .cellIdentityWcdma = [{.mcc = -1, .mnc = -1, .lac = 41204, .cid = 7907221, .psc = 1, .uarfcn = -1}], .cellIdentityCdma = [], .cellIdentityLte = [], .cellIdentityTdscdma = []}} [SUB0]
09-17 00:40:21.133  3005  3332 D RILJ    : [UNSL]< UNSOL_RESPONSE_NETWORK_STATE_CHANGED [SUB0]
09-17 00:40:21.133  3005  3005 D SST     : pollState: modemTriggered=true
09-17 00:40:21.133  3005  3005 D RILJ    : [4143]> OPERATOR [SUB0]
09-17 00:40:21.134  3005  3005 D RILJ    : [4144]> DATA_REGISTRATION_STATE [SUB0]
09-17 00:40:21.135  3005  3005 D RILJ    : [4145]> VOICE_REGISTRATION_STATE [SUB0]
09-17 00:40:21.136  3005  3005 D RILJ    : [4146]> QUERY_NETWORK_SELECTION_MODE [SUB0]
09-17 00:40:21.137   263 15237 I RILQ    : (0/263):[cmd-21(920)] qcril_qmi_get_pref_data_tech: before translation : is_current 1 network_type 0 rat_mask c db_so_mask 0 pref_data_tech UNKNOWN
09-17 00:40:21.139  3005  3005 D SST     : handlPollStateResultMessage: GsmSST setDataRegState=0 regState=1 dataRadioTechnology=11
09-17 00:40:21.140  3005  3332 D RILJ    : [4144]< DATA_REGISTRATION_STATE {.regState = REG_HOME, .rat = 11, .reasonDataDenied = -1, .maxDataCalls = 20, .cellIdentity = {.cellInfoType = WCDMA, .cellIdentityGsm = [], .cellIdentityWcdma = [{.mcc = -1, .mnc = -1, .lac = 41204, .cid = 7907221, .psc = -1, .uarfcn = -1}], .cellIdentityCdma = [], .cellIdentityLte = [], .cellIdentityTdscdma = []}} [SUB0]
09-17 00:40:21.147  3005  3332 D RILJ    : [4145]< VOICE_REGISTRATION_STATE {.regState = REG_HOME, .rat = 3, .cssSupported = false, .roamingIndicator = 1, .systemIsInPrl = 0, .defaultRoamingIndicator = 0, .reasonForDenial = 0, .cellIdentity = {.cellInfoType = WCDMA, .cellIdentityGsm = [], .cellIdentityWcdma = [{.mcc = -1, .mnc = -1, .lac = 41204, .cid = 7907221, .psc = 1, .uarfcn = -1}], .cellIdentityCdma = [], .cellIdentityLte = [], .cellIdentityTdscdma = []}} [SUB0]
09-17 00:40:21.148  3005  3005 D SST     : handlPollVoiceRegResultMessage: regState=1 radioTechnology=3
09-17 00:40:21.150  3005  3005 D SST     : EVENT_POLL_STATE_NETWORK_SELECTION_MODE
09-17 00:40:21.150  3005  3332 D RILJ    : [4146]< QUERY_NETWORK_SELECTION_MODE {0} [SUB0]
09-17 00:40:21.151  3005  3332 D RILJ    : [4139]< OPERATOR {Idea, Idea, 40422} [SUB0]
09-17 00:40:21.151  3005  3332 D RILJ    : [4143]< OPERATOR {Idea, Idea, 40422} [SUB0]
09-17 00:40:21.154  3005  3005 D SST     : Poll ServiceState done:  oldSS=[0 0 voice home data home Idea Idea 40422 Idea Idea 40422  UMTS HSPA CSS not supported -1 -1 RoamInd=-1 DefRoamInd=-1 EmergOnly=false IsDataRoamingFromRegistration=false IsUsingCarrierAggregation=false mLteEarfcnRsrpBoost=0] newSS=[0 0 voice home data home Idea Idea 40422 Idea Idea 40422  UMTS HSPA CSS not supported -1 -1 RoamInd=-1 DefRoamInd=-1 EmergOnly=false IsDataRoamingFromRegistration=false IsUsingCarrierAggregation=false mLteEarfcnRsrpBoost=0] oldMaxDataCalls=20 mNewMaxDataCalls=20 oldReasonDataDenied=-1 mNewReasonDataDenied=-1
