09-17 00:35:09.086   192   192 D TelephonyManager: No /proc/cmdline exception=java.io.FileNotFoundException: /proc/cmdline (Permission denied)
09-17 00:35:09.086   192   192 D TelephonyManager: /proc/cmdline=
09-17 00:36:04.332   263   349 I chatty  : uid=1001(radio) /vendor/bin/hw/rild expire 1 line
09-17 00:37:00.008   909  1068 D TelephonyRegistry: listen oscl: hasNotifySubscriptionInfoChangedOccurred==false no callback
09-17 00:37:00.540   909  2437 D TelephonyRegistry: listen oscl: hasNotifySubscriptionInfoChangedOccurred==false no callback
09-17 00:37:30.075   909   909 D TelephonyRegistry: listen oscl: hasNotifySubscriptionInfoChangedOccurred==false no callback
09-17 00:37:30.227   909  1071 D TelephonyRegistry: listen oscl: hasNotifySubscriptionInfoChangedOccurred==false no callback
09-17 00:37:30.468   909   909 D TelephonyRegistry: systemRunning register for intents
09-17 00:37:31.452   909   909 W CarrierConfigManager: Error getting config for subId -1 ICarrierConfigLoader is null
09-17 00:37:31.523   909   909 D TelephonyRegistry: notifyCellLocationForSubscriber: subId=0 cellLocation=Bundle[{cid=-1, lac=-1, psc=-1}]
09-17 00:37:33.825  3005  3005 I chatty  : uid=1001(radio) com.android.phone expire 120 lines
09-17 00:37:33.890   263   263 I chatty  : uid=1001(radio) /vendor/bin/hw/rild expire 10 lines
09-17 00:37:33.891  3005  3332 I chatty  : uid=1001(radio) HwBinder:3005_1 expire 24 lines
09-17 00:37:33.896   263  3333 I chatty  : uid=1001(radio) /vendor/bin/hw/rild expire 6 lines
09-17 00:37:33.999  3005  3338 I chatty  : uid=1001(radio) GsmInboundSmsHa expire 2 lines
09-17 00:37:33.999  3005  3342 I chatty  : uid=1001(radio) CdmaInboundSmsH expire 2 lines
09-17 00:37:34.015  3005  3017 I chatty  : uid=1001(radio) Binder:3005_1 expire 1 line
09-17 00:37:34.017   909  2543 D TelephonyRegistry: listen oscl: hasNotifySubscriptionInfoChangedOccurred==false no callback
09-17 00:37:34.044   909  2437 D TelephonyRegistry: listen oscl: hasNotifySubscriptionInfoChangedOccurred==false no callback
09-17 00:37:34.054  3005  3350 I chatty  : uid=1001(radio) DcHandlerThread expire 3 lines
09-17 00:37:34.150   909  1069 D TelephonyRegistry: listen oscl: hasNotifySubscriptionInfoChangedOccurred==false no callback
09-17 00:37:34.153   909  1068 D TelephonyRegistry: listen oscl: hasNotifySubscriptionInfoChangedOccurred==false no callback
09-17 00:37:34.187   909  1069 D TelephonyRegistry: listen oscl: hasNotifySubscriptionInfoChangedOccurred==false no callback
09-17 00:37:34.226   909  1069 D TelephonyRegistry: listen oscl: hasNotifySubscriptionInfoChangedOccurred==false no callback
09-17 00:37:34.247   909  2437 D TelephonyRegistry: listen oscl: hasNotifySubscriptionInfoChangedOccurred==false no callback
09-17 00:37:34.265   263  3378 I chatty  : uid=1001(radio) /vendor/bin/hw/rild expire 2 lines
09-17 00:37:34.267   263  3380 I chatty  : uid=1001(radio) /vendor/bin/hw/rild expire 1 line
09-17 00:37:34.274   263  3384 I chatty  : uid=1001(radio) /vendor/bin/hw/rild expire 1 line
09-17 00:37:34.280  3005  3005 I chatty  : uid=1001(radio) com.android.phone expire 153 lines
09-17 00:37:34.283  3005  3332 I chatty  : uid=1001(radio) HwBinder:3005_1 expire 31 lines
09-17 00:37:34.303   263  3381 I chatty  : uid=1001(radio) /vendor/bin/hw/rild expire 2 lines
09-17 00:37:34.358   263  3378 I chatty  : uid=1001(radio) /vendor/bin/hw/rild expire 6 lines
09-17 00:37:34.366   263   505 I chatty  : uid=1001(radio) /vendor/bin/hw/rild expire 3 lines
09-17 00:37:34.370   263   263 I chatty  : uid=1001(radio) /vendor/bin/hw/rild expire 2 lines
09-17 00:37:34.397   909  3027 D TelephonyRegistry: notifySubscriptionInfoChanged: first invocation mRecords.size=14
09-17 00:37:34.399  3005  3018 I chatty  : uid=1001(radio) Binder:3005_2 expire 2 lines
09-17 00:37:34.399  3005  3017 I chatty  : uid=1001(radio) Binder:3005_1 expire 1 line
09-17 00:37:34.443   263  3395 I chatty  : uid=1001(radio) /vendor/bin/hw/rild expire 1 line
09-17 00:37:34.663   263  3396 I chatty  : uid=1001(radio) /vendor/bin/hw/rild expire 2 lines
09-17 00:37:34.889  3005  3005 I chatty  : uid=1001(radio) com.android.phone expire 113 lines
09-17 00:37:34.890  3005  3332 I chatty  : uid=1001(radio) HwBinder:3005_1 expire 62 lines
09-17 00:37:34.912  3005  3386 I chatty  : uid=1001(radio) Binder:3005_3 expire 1 line
09-17 00:37:34.920   263  3446 I chatty  : uid=1001(radio) /vendor/bin/hw/rild expire 1 line
09-17 00:37:34.926   263   263 I chatty  : uid=1001(radio) /vendor/bin/hw/rild expire 1 line
09-17 00:37:34.928   263   505 I chatty  : uid=1001(radio) /vendor/bin/hw/rild expire 8 lines
09-17 00:37:34.943   263   349 I chatty  : uid=1001(radio) /vendor/bin/hw/rild expire 8 lines
09-17 00:37:34.951   263  3447 I chatty  : uid=1001(radio) /vendor/bin/hw/rild expire 2 lines
09-17 00:37:34.967   263  3455 I chatty  : uid=1001(radio) /vendor/bin/hw/rild expire 1 line
09-17 00:37:34.999   263  3457 I chatty  : uid=1001(radio) /vendor/bin/hw/rild expire 2 lines
09-17 00:37:35.059   263  3482 I chatty  : uid=1001(radio) /vendor/bin/hw/rild expire 1 line
09-17 00:37:35.079   263  3483 I chatty  : uid=1001(radio) /vendor/bin/hw/rild expire 2 lines
09-17 00:37:35.656  3005  3005 I chatty  : uid=1001(radio) com.android.phone expire 144 lines
09-17 00:37:35.665  3005  3332 I chatty  : uid=1001(radio) HwBinder:3005_1 expire 12 lines
09-17 00:37:35.776  3005  3386 I chatty  : uid=1001(radio) Binder:3005_3 expire 3 lines
09-17 00:37:36.170  3005  3613 I chatty  : uid=1001(radio) com.android.phone expire 2 lines
09-17 00:37:36.225  3005  3017 I chatty  : uid=1001(radio) Binder:3005_1 expire 1 line
09-17 00:37:36.769  3005  3018 I chatty  : uid=1001(radio) Binder:3005_2 expire 1 line
09-17 00:37:36.960  3005  3337 I chatty  : uid=1001(radio) GsmCellBroadcas expire 1 line
09-17 00:37:36.979  3005  3341 I chatty  : uid=1001(radio) CellBroadcastHa expire 1 line
09-17 00:37:36.999  3005  3338 I chatty  : uid=1001(radio) GsmInboundSmsHa expire 3 lines
09-17 00:37:37.000  3005  3342 I chatty  : uid=1001(radio) CdmaInboundSmsH expire 3 lines
09-17 00:37:37.027  3005  3343 I chatty  : uid=1001(radio) CdmaServiceCate expire 1 line
09-17 00:37:37.215   263   505 I chatty  : uid=1001(radio) /vendor/bin/hw/rild expire 10 lines
09-17 00:37:37.222   263   349 I chatty  : uid=1001(radio) /vendor/bin/hw/rild expire 8 lines
09-17 00:37:37.287  3005  3005 I chatty  : uid=1001(radio) com.android.phone expire 124 lines
09-17 00:37:37.304  3005  3332 I chatty  : uid=1001(radio) HwBinder:3005_1 expire 30 lines
09-17 00:37:37.647   263   505 I chatty  : uid=1001(radio) /vendor/bin/hw/rild expire 13 lines
09-17 00:37:38.153   263  3892 I chatty  : uid=1001(radio) /vendor/bin/hw/rild expire 1 line
09-17 00:37:38.373   263  3911 I chatty  : uid=1001(radio) /vendor/bin/hw/rild expire 1 line
09-17 00:37:38.383  3005  3332 I chatty  : uid=1001(radio) HwBinder:3005_1 expire 28 lines
09-17 00:37:38.385  3005  3005 I chatty  : uid=1001(radio) com.android.phone expire 84 lines
09-17 00:37:38.439   263  3916 I chatty  : uid=1001(radio) /vendor/bin/hw/rild expire 1 line
09-17 00:37:38.643   909  1068 D TelephonyRegistry: notifyCellLocationForSubscriber: subId=1 cellLocation=Bundle[mParcelledData.dataSize=64]
09-17 00:37:38.646   263   505 I chatty  : uid=1001(radio) /vendor/bin/hw/rild expire 3 lines
09-17 00:37:38.871   909  3814 D TelephonyRegistry: onDataConnectionStateChanged(-1, 1)
09-17 00:37:39.006  3005  3018 I chatty  : uid=1001(radio) Binder:3005_2 expire 7 lines
09-17 00:37:39.043  3005  3017 I chatty  : uid=1001(radio) Binder:3005_1 expire 12 lines
09-17 00:37:39.091  3005  3841 I chatty  : uid=1001(radio) Binder:3005_5 expire 7 lines
09-17 00:37:39.113  3005  3386 I chatty  : uid=1001(radio) Binder:3005_3 expire 13 lines
09-17 00:37:39.244  3005  3743 I chatty  : uid=1001(radio) Binder:3005_4 expire 5 lines
09-17 00:37:39.720   263   349 I chatty  : uid=1001(radio) /vendor/bin/hw/rild expire 1 line
09-17 00:37:39.736  3005  4080 I chatty  : uid=1001(radio) Binder:3005_6 expire 6 lines
09-17 00:37:40.013  3005  4125 I chatty  : uid=1001(radio) Binder:3005_7 expire 6 lines
09-17 00:37:40.929  3005  4080 I chatty  : uid=1001(radio) Binder:3005_6 expire 9 lines
09-17 00:37:40.951  3005  3332 I chatty  : uid=1001(radio) HwBinder:3005_1 expire 51 lines
09-17 00:37:41.187  3005  3005 I chatty  : uid=1001(radio) com.android.phone expire 32 lines
09-17 00:37:41.255  3005  3018 I chatty  : uid=1001(radio) Binder:3005_2 expire 5 lines
09-17 00:37:41.383  3005  3017 I chatty  : uid=1001(radio) Binder:3005_1 expire 20 lines
09-17 00:37:41.705  3005  3386 I chatty  : uid=1001(radio) Binder:3005_3 expire 9 lines
09-17 00:37:41.835  3005  3841 I chatty  : uid=1001(radio) Binder:3005_5 expire 8 lines
09-17 00:37:42.388  3005  4362 I chatty  : uid=1001(radio) Stk App Service expire 5 lines
09-17 00:37:42.401  3005  3743 I chatty  : uid=1001(radio) Binder:3005_4 expire 11 lines
09-17 00:37:47.277   263  4689 I chatty  : uid=1001(radio) /vendor/bin/hw/rild expire 1 line
09-17 00:37:47.847   263   505 I chatty  : uid=1001(radio) /vendor/bin/hw/rild expire 26 lines
09-17 00:37:49.904  3005  3332 I chatty  : uid=1001(radio) HwBinder:3005_1 expire 16 lines
09-17 00:37:49.904  3005  3005 I chatty  : uid=1001(radio) com.android.phone expire 81 lines
09-17 00:37:50.008   263   349 I chatty  : uid=1001(radio) /vendor/bin/hw/rild expire 3 lines
09-17 00:37:50.026   263  4891 I chatty  : uid=1001(radio) /vendor/bin/hw/rild expire 1 line
09-17 00:37:50.056   263  4894 I chatty  : uid=1001(radio) /vendor/bin/hw/rild expire 1 line
09-17 00:37:50.086   909  3027 D TelephonyRegistry: notifyCellLocationForSubscriber: subId=1 cellLocation=Bundle[mParcelledData.dataSize=64]
09-17 00:37:50.092   909  3812 D TelephonyRegistry: onDataConnectionStateChanged(-1, 2)
09-17 00:37:50.171  3005  3350 I chatty  : uid=1001(radio) DcHandlerThread expire 29 lines
09-17 00:37:50.198   263   263 I chatty  : uid=1001(radio) /vendor/bin/hw/rild expire 5 lines
09-17 00:37:59.186  3005  3005 I chatty  : uid=1001(radio) com.android.phone expire 87 lines
09-17 00:37:59.196   263  5502 I chatty  : uid=1001(radio) /vendor/bin/hw/rild expire 3 lines
09-17 00:37:59.201  3005  3332 I chatty  : uid=1001(radio) HwBinder:3005_1 expire 17 lines
09-17 00:37:59.214   263   349 I chatty  : uid=1001(radio) /vendor/bin/hw/rild expire 6 lines
09-17 00:37:59.223   263  5501 I chatty  : uid=1001(radio) /vendor/bin/hw/rild expire 2 lines
09-17 00:37:59.243   263  5517 I chatty  : uid=1001(radio) /vendor/bin/hw/rild expire 1 line
09-17 00:37:59.259   263  5521 I chatty  : uid=1001(radio) /vendor/bin/hw/rild expire 1 line
09-17 00:37:59.278   263   505 I chatty  : uid=1001(radio) /vendor/bin/hw/rild expire 9 lines
09-17 00:37:59.489  3005  3350 I chatty  : uid=1001(radio) DcHandlerThread expire 38 lines
09-17 00:37:59.492   909  3036 D TelephonyRegistry: onDataConnectionStateChanged(-1, 10)
09-17 00:37:59.495   909  3814 D TelephonyRegistry: notifyCellLocationForSubscriber: subId=1 cellLocation=Bundle[mParcelledData.dataSize=64]
09-17 00:38:10.628  3005  3005 I chatty  : uid=1001(radio) com.android.phone expire 81 lines
09-17 00:38:10.629   263   263 I chatty  : uid=1001(radio) /vendor/bin/hw/rild expire 3 lines
09-17 00:38:10.630  3005  3332 I chatty  : uid=1001(radio) HwBinder:3005_1 expire 37 lines
09-17 00:38:11.325  3005  4080 I chatty  : uid=1001(radio) Binder:3005_6 expire 1 line
09-17 00:38:13.583   263   505 I chatty  : uid=1001(radio) /vendor/bin/hw/rild expire 22 lines
09-17 00:38:13.599   263   349 I chatty  : uid=1001(radio) /vendor/bin/hw/rild expire 7 lines
09-17 00:38:13.948   263  6460 I chatty  : uid=1001(radio) /vendor/bin/hw/rild expire 1 line
09-17 00:38:13.997   263  6465 I chatty  : uid=1001(radio) /vendor/bin/hw/rild expire 1 line
09-17 00:38:14.028   909  1069 D TelephonyRegistry: notifyCellLocationForSubscriber: subId=1 cellLocation=Bundle[mParcelledData.dataSize=64]
09-17 00:38:14.044   263  6469 I chatty  : uid=1001(radio) /vendor/bin/hw/rild expire 1 line
09-17 00:38:16.049  3005  3350 I chatty  : uid=1001(radio) DcHandlerThread expire 21 lines
09-17 00:38:16.089  3005  3005 I chatty  : uid=1001(radio) com.android.phone expire 78 lines
09-17 00:38:20.055  3005  3743 I chatty  : uid=1001(radio) Binder:3005_4 expire 2 lines
09-17 00:38:20.106  3005  3018 I chatty  : uid=1001(radio) Binder:3005_2 expire 1 line
09-17 00:38:20.123  3005  3017 I chatty  : uid=1001(radio) Binder:3005_1 expire 1 line
09-17 00:38:20.229  3005  3386 I chatty  : uid=1001(radio) Binder:3005_3 expire 1 line
09-17 00:38:20.268  3005  3332 I chatty  : uid=1001(radio) HwBinder:3005_1 expire 36 lines
09-17 00:38:20.283   263   505 I chatty  : uid=1001(radio) /vendor/bin/hw/rild expire 20 lines
09-17 00:38:20.290   263   349 I chatty  : uid=1001(radio) /vendor/bin/hw/rild expire 9 lines
09-17 00:38:20.304   263  6904 I chatty  : uid=1001(radio) /vendor/bin/hw/rild expire 1 line
09-17 00:38:20.318   263  6907 I chatty  : uid=1001(radio) /vendor/bin/hw/rild expire 1 line
09-17 00:38:20.335   263  6912 I chatty  : uid=1001(radio) /vendor/bin/hw/rild expire 1 line
09-17 00:38:20.373   263  6916 I chatty  : uid=1001(radio) /vendor/bin/hw/rild expire 1 line
09-17 00:38:25.706   263  7291 I chatty  : uid=1001(radio) /vendor/bin/hw/rild expire 1 line
09-17 00:38:25.751   263   349 I chatty  : uid=1001(radio) /vendor/bin/hw/rild expire 12 lines
09-17 00:38:25.758  3005  3332 I chatty  : uid=1001(radio) HwBinder:3005_1 expire 29 lines
09-17 00:38:25.785  3005  3005 I chatty  : uid=1001(radio) com.android.phone expire 98 lines
09-17 00:38:25.818   263  7302 I chatty  : uid=1001(radio) /vendor/bin/hw/rild expire 1 line
09-17 00:38:25.843   263  7305 I chatty  : uid=1001(radio) /vendor/bin/hw/rild expire 1 line
09-17 00:38:25.884  3005  7299 I chatty  : uid=1001(radio) Binder:3005_8 expire 2 lines
09-17 00:38:25.943  3005  3018 I chatty  : uid=1001(radio) Binder:3005_2 expire 1 line
09-17 00:38:25.990  3005  3743 I chatty  : uid=1001(radio) Binder:3005_4 expire 2 lines
09-17 00:38:26.015  3005  3841 I chatty  : uid=1001(radio) Binder:3005_5 expire 1 line
09-17 00:38:26.070   263   505 I chatty  : uid=1001(radio) /vendor/bin/hw/rild expire 10 lines
09-17 00:38:26.081  3005  3386 I chatty  : uid=1001(radio) Binder:3005_3 expire 2 lines
09-17 00:38:26.219  3005  4080 I chatty  : uid=1001(radio) Binder:3005_6 expire 1 line
09-17 00:38:26.232   263  7337 I chatty  : uid=1001(radio) /vendor/bin/hw/rild expire 1 line
09-17 00:38:26.232  3005  4125 I chatty  : uid=1001(radio) Binder:3005_7 expire 1 line
09-17 00:38:26.274  3005  3332 I chatty  : uid=1001(radio) HwBinder:3005_1 expire 51 lines
09-17 00:38:26.282  3005  3005 I chatty  : uid=1001(radio) com.android.phone expire 73 lines
09-17 00:38:26.285   263  7347 I chatty  : uid=1001(radio) /vendor/bin/hw/rild expire 1 line
09-17 00:38:26.313   263  7349 I chatty  : uid=1001(radio) /vendor/bin/hw/rild expire 1 line
09-17 00:38:26.318   263   505 I chatty  : uid=1001(radio) /vendor/bin/hw/rild expire 10 lines
09-17 00:38:26.331   263   349 I chatty  : uid=1001(radio) /vendor/bin/hw/rild expire 7 lines
09-17 00:38:26.351   263  7352 I chatty  : uid=1001(radio) /vendor/bin/hw/rild expire 1 line
09-17 00:38:26.357   263  7356 I chatty  : uid=1001(radio) /vendor/bin/hw/rild expire 1 line
09-17 00:38:26.390   263  7358 I chatty  : uid=1001(radio) /vendor/bin/hw/rild expire 1 line
09-17 00:38:26.413   263  7361 I chatty  : uid=1001(radio) /vendor/bin/hw/rild expire 1 line
09-17 00:38:26.430   263  7363 I chatty  : uid=1001(radio) /vendor/bin/hw/rild expire 1 line
09-17 00:38:29.394  3005  3005 I chatty  : uid=1001(radio) com.android.phone expire 99 lines
09-17 00:38:29.401  3005  3332 I chatty  : uid=1001(radio) HwBinder:3005_1 expire 9 lines
09-17 00:38:29.414  3005  3350 I chatty  : uid=1001(radio) DcHandlerThread expire 35 lines
09-17 00:38:34.489   263   263 I chatty  : uid=1001(radio) /vendor/bin/hw/rild expire 2 lines
09-17 00:38:36.312   263  8011 I chatty  : uid=1001(radio) /vendor/bin/hw/rild expire 1 line
09-17 00:38:39.570  3005  3350 I chatty  : uid=1001(radio) DcHandlerThread expire 38 lines
09-17 00:38:39.570  3005  3005 I chatty  : uid=1001(radio) com.android.phone expire 70 lines
09-17 00:38:39.579   263   263 I chatty  : uid=1001(radio) /vendor/bin/hw/rild expire 4 lines
09-17 00:38:39.582  3005  3332 I chatty  : uid=1001(radio) HwBinder:3005_1 expire 25 lines
09-17 00:38:42.141   263   505 I chatty  : uid=1001(radio) /vendor/bin/hw/rild expire 10 lines
09-17 00:38:42.148   263   349 I chatty  : uid=1001(radio) /vendor/bin/hw/rild expire 7 lines
09-17 00:38:42.166   263  8397 I chatty  : uid=1001(radio) /vendor/bin/hw/rild expire 1 line
09-17 00:38:42.204   263  8402 I chatty  : uid=1001(radio) /vendor/bin/hw/rild expire 1 line
09-17 00:38:42.226   263  8406 I chatty  : uid=1001(radio) /vendor/bin/hw/rild expire 1 line
09-17 00:38:44.670  3005  3005 I chatty  : uid=1001(radio) com.android.phone expire 77 lines
09-17 00:38:44.918  3005  3332 I chatty  : uid=1001(radio) HwBinder:3005_1 expire 30 lines
09-17 00:38:45.048   263   505 I chatty  : uid=1001(radio) /vendor/bin/hw/rild expire 10 lines
09-17 00:38:45.061   263   349 I chatty  : uid=1001(radio) /vendor/bin/hw/rild expire 7 lines
09-17 00:38:45.069   263  8615 I chatty  : uid=1001(radio) /vendor/bin/hw/rild expire 1 line
09-17 00:38:45.118   263  8619 I chatty  : uid=1001(radio) /vendor/bin/hw/rild expire 1 line
09-17 00:38:45.138   263  8621 I chatty  : uid=1001(radio) /vendor/bin/hw/rild expire 1 line
09-17 00:38:45.186   263  8625 I chatty  : uid=1001(radio) /vendor/bin/hw/rild expire 1 line
09-17 00:38:45.208   263  8628 I chatty  : uid=1001(radio) /vendor/bin/hw/rild expire 1 line
09-17 00:38:49.687  3005  3350 I chatty  : uid=1001(radio) DcHandlerThread expire 18 lines
09-17 00:38:49.699   263   263 I chatty  : uid=1001(radio) /vendor/bin/hw/rild expire 2 lines
09-17 00:38:49.716  3005  3350 I chatty  : uid=1001(radio) DcHandlerThread expire 11 lines
09-17 00:38:49.729  3005  3005 I chatty  : uid=1001(radio) com.android.phone expire 77 lines
09-17 00:38:50.718  3005  3332 I chatty  : uid=1001(radio) HwBinder:3005_1 expire 31 lines
09-17 00:38:50.737   263   505 I chatty  : uid=1001(radio) /vendor/bin/hw/rild expire 13 lines
09-17 00:38:50.752   263   349 I chatty  : uid=1001(radio) /vendor/bin/hw/rild expire 7 lines
09-17 00:38:50.758   263  8968 I chatty  : uid=1001(radio) /vendor/bin/hw/rild expire 1 line
09-17 00:38:50.789   263  8971 I chatty  : uid=1001(radio) /vendor/bin/hw/rild expire 1 line
09-17 00:38:50.809   263  8974 I chatty  : uid=1001(radio) /vendor/bin/hw/rild expire 1 line
09-17 00:38:50.852   263  8978 I chatty  : uid=1001(radio) /vendor/bin/hw/rild expire 1 line
09-17 00:38:50.874   263  8982 I chatty  : uid=1001(radio) /vendor/bin/hw/rild expire 1 line
09-17 00:38:54.747  3005  3350 I chatty  : uid=1001(radio) DcHandlerThread expire 16 lines
09-17 00:38:54.747  3005  3005 I chatty  : uid=1001(radio) com.android.phone expire 71 lines
09-17 00:38:54.757   263   263 I chatty  : uid=1001(radio) /vendor/bin/hw/rild expire 2 lines
09-17 00:38:54.760  3005  3332 I chatty  : uid=1001(radio) HwBinder:3005_1 expire 30 lines
09-17 00:38:57.715   263   505 I chatty  : uid=1001(radio) /vendor/bin/hw/rild expire 10 lines
09-17 00:38:57.725   263   349 I chatty  : uid=1001(radio) /vendor/bin/hw/rild expire 7 lines
09-17 00:38:57.746   263  9393 I chatty  : uid=1001(radio) /vendor/bin/hw/rild expire 1 line
09-17 00:38:57.770   263  9397 I chatty  : uid=1001(radio) /vendor/bin/hw/rild expire 1 line
09-17 00:38:57.809   263  9401 I chatty  : uid=1001(radio) /vendor/bin/hw/rild expire 1 line
09-17 00:38:57.826   909  3036 D TelephonyRegistry: notifyCellLocationForSubscriber: subId=1 cellLocation=Bundle[mParcelledData.dataSize=64]
09-17 00:38:57.834   263  9405 I chatty  : uid=1001(radio) /vendor/bin/hw/rild expire 1 line
09-17 00:38:59.802  3005  3350 D DC-1    : DcInactiveState nothandled msg.what=REQ_IS_INACTIVE
09-17 00:38:59.802  3005  3350 D DC-1    : DcDefault msg=REQ_IS_INACTIVE RefCount=0
09-17 00:38:59.802  3005  3350 D DC-1    : REQ_IS_INACTIVE  isInactive=true
09-17 00:38:59.803  3005  3005 D DCT     : [0]dataConnectionNotInUse: check if dcac is inuse dcac=DC-1
09-17 00:38:59.803  3005  3005 D DCT     : [0]dataConnectionNotInUse: in use by apnContext={mApnType=default mState=SCANNING mWaitingApns={[[ApnSettingV3] IDEA, 631, 40422, internet, , , , , , -1, default | supl, IP, IP, true, 0, 0, 0, false, 0, 0, 0, 0, , , false]} mApnSetting={[ApnSettingV3] IDEA, 631, 40422, internet, , , , , , -1, default | supl, IP, IP, true, 0, 0, 0, false, 0, 0, 0, 0, , , false} mReason=apnChanged mDataEnabled=true mDependencyMet=true}
09-17 00:38:59.803  3005  3350 D DC-2    : DcInactiveState nothandled msg.what=REQ_IS_INACTIVE
09-17 00:38:59.803  3005  3350 D DC-2    : DcDefault msg=REQ_IS_INACTIVE RefCount=0
09-17 00:38:59.803  3005  3350 D DC-2    : REQ_IS_INACTIVE  isInactive=true
09-17 00:38:59.806  3005  3005 D DCT     : [0]dataConnectionNotInUse: check if dcac is inuse dcac=DC-2
09-17 00:38:59.806  3005  3005 D DCT     : [0]dataConnectionNotInUse: tearDownAll
09-17 00:38:59.806  3005  3005 D DCT     : [0]dataConnectionNotInUse: not in use return true
09-17 00:38:59.806  3005  3005 D DCT     : [0]findFreeDataConnection: found free DataConnection= dcac=DC-2
09-17 00:38:59.806  3005  3005 D DCT     : [0]setupData: dcac=DC-2 apnSetting=[ApnSettingV3] IDEA, 631, 40422, internet, , , , , , -1, default | supl, IP, IP, true, 0, 0, 0, false, 0, 0, 0, 0, , , false gen#=9
09-17 00:38:59.806  3005  3005 D GsmCdmaPhone: [GsmCdmaPhone] getDataConnectionState apnType=default ret=CONNECTING
09-17 00:38:59.807  3005  3350 D DC-2    : DcInactiveState: msg.what=EVENT_DISCONNECT_ALL
09-17 00:38:59.807  3005  3350 D DC-2    : NotifyDisconnectCompleted
09-17 00:38:59.807  3005  3350 D DC-2    : NotifyDisconnectCompleted DisconnectParams={mTag=0 mApnContext=null mReason=No connection mOnCompletedMsg=null}
09-17 00:38:59.811  3005  3005 D DCT     : [0]setupData: initing!
09-17 00:38:59.811  3005  3350 D DC-2    : DcInactiveState: mag.what=EVENT_CONNECT
09-17 00:38:59.811  3005  3350 D DC-2    : initConnection:  RefCount=1 mApnList={{mApnType=default mState=CONNECTING mWaitingApns={[[ApnSettingV3] IDEA, 631, 40422, internet, , , , , , -1, default | supl, IP, IP, true, 0, 0, 0, false, 0, 0, 0, 0, , , false]} mApnSetting={[ApnSettingV3] IDEA, 631, 40422, internet, , , , , , -1, default | supl, IP, IP, true, 0, 0, 0, false, 0, 0, 0, 0, , , false} mReason=apnChanged mDataEnabled=true mDependencyMet=true}={mTag=8 mApnContext={mApnType=default mState=CONNECTING mWaitingApns={[[ApnSettingV3] IDEA, 631, 40422, internet, , , , , , -1, default | supl, IP, IP, true, 0, 0, 0, false, 0, 0, 0, 0, , , false]} mApnSetting={[ApnSettingV3] IDEA, 631, 40422, internet, , , , , , -1, default | supl, IP, IP, true, 0, 0, 0, false, 0, 0, 0, 0, , , false} mReason=apnChanged mDataEnabled=true mDependencyMet=true} mProfileId=0 mRat=11 mUnmeteredUseOnly=false mOnCompletedMsg={what=0x42000 when=-5m25s886ms obj=Pair{{mApnType=default mState=CONNECTING mWaitingApns={[[ApnSettingV3] IDEA, 631, 40422, internet, , , , , , -1, default | supl, IP, IP, true, 0, 0, 0, false, 0, 0, 0, 0, , , false]} mApnSetting={[ApnSettingV3] IDEA, 631, 40422, internet, , , , , , -1, default | supl, IP, IP, true, 0, 0, 0, false, 0, 0, 0, 0, , , false} mReason=apnChanged mDataEnabled=true mDependencyMet=true} 9} target=Handler (com.android.internal.telephony.dataconnection.DcTracker) {853b706} replyTo=null}}} mConnectionParams={mTag=8 mApnContext={mApnType=default mState=CONNECTING mWaitingApns={[[ApnSettingV3] IDEA, 631, 40422, internet, , , , , , -1, default | supl, IP, IP, true, 0, 0, 0, false, 0, 0, 0, 0, , , false]} mApnSetting={[ApnSettingV3] IDEA, 631, 40422, internet, , , , , , -1, default | supl, IP, IP, true, 0, 0, 0, false, 0, 0, 0, 0, , , false} mReason=apnChanged mDataEnabled=true mDependencyMet=true} mProfileId=0 mRat=11 mUnmeteredUseOnly=false mOnCompletedMsg={what=0x42000 when=-5m25s887ms obj=Pair{{mApnType=default mState=CONNECTING mWaitingApns={[[ApnSettingV3] IDEA, 631, 40422, internet, , , , , , -1, default | supl, IP, IP, true, 0, 0, 0, false, 0, 0, 0, 0, , , false]} mApnSetting={[ApnSettingV3] IDEA, 631, 40422, internet, , , , , , -1, default | supl, IP, IP, true, 0, 0, 0, false, 0, 0, 0, 0, , , false} mReason=apnChanged mDataEnabled=true mDependencyMet=true} 9} target=Handler (com.android.internal.telephony.dataconnection.DcTracker) {853b706} replyTo=null}}
09-17 00:38:59.812  3005  3350 D DC-2    : onConnect: carrier='IDEA' APN='internet' proxy='' port=''
09-17 00:38:59.814  3005  3350 D RILJ    : [4071]> SETUP_DATA_CALL,radioTechnology=11,isRoaming=false,allowRoaming=true,DataProfile=0/internet/IP/0///0/0/0/0/true/5/IP/0/0///false [SUB0]
09-17 00:38:59.815   263   263 E RILQ    : (0/263): [rild] qcril_data_request_setup_data_call: unable to get dsi hndl
09-17 00:38:59.816   263   263 E RILQ    : (0/263): [rild] qcril_data_request_setup_data_call: qcril_data_request_setup_data_call: EXIT with FAILURE
09-17 00:38:59.817  3005  3350 D DC-2    : DcActivatingState: msg={what=EVENT_SETUP_DATA_CONNECTION_DONE when=0 obj=android.os.AsyncResult@866add1 target=Handler (com.android.internal.util.StateMachine$SmHandler) {667f16} replyTo=null}
09-17 00:38:59.817  3005  3332 D RILJ    : [4071]< SETUP_DATA_CALL DataCallResponse: { status=65535 retry=-1 cid=0 active=0 type= ifname= mtu=0 addresses=[] dnses=[] gateways=[] pcscf=[]} [SUB0]
09-17 00:38:59.817  3005  3332 E TelephonyMetrics: Unknown type: 
09-17 00:38:59.824  3005  3350 D DC-2    : DcActivatingState onSetupConnectionCompleted result=ERR_RilError  SetupResult.mFailCause=ERROR_UNSPECIFIED dc={DC-2: State=DcActivatingState mApnSetting=[ApnSettingV3] IDEA, 631, 40422, internet, , , , , , -1, default | supl, IP, IP, true, 0, 0, 0, false, 0, 0, 0, 0, , , false RefCount=1 mCid=-1 mCreateTime=-1 mLastastFailTime=-1 mLastFailCause=NONE mTag=8 mLinkProperties={LinkAddresses: []  Routes: [] DnsAddresses: [] Domains: null MTU: 0} linkCapabilities=[ Transports: CELLULAR Capabilities: SUPL&INTERNET&NOT_RESTRICTED&TRUSTED&NOT_VPN LinkUpBandwidth>=5898Kbps LinkDnBandwidth>=14336Kbps Specifier: <1>] mRestrictedNetworkOverride=false mApnContexts={{mApnType=default mState=CONNECTING mWaitingApns={[[ApnSettingV3] IDEA, 631, 40422, internet, , , , , , -1, default | supl, IP, IP, true, 0, 0, 0, false, 0, 0, 0, 0, , , false]} mApnSetting={[ApnSettingV3] IDEA, 631, 40422, internet, , , , , , -1, default | supl, IP, IP, true, 0, 0, 0, false, 0, 0, 0, 0, , , false} mReason=apnChanged mDataEnabled=true mDependencyMet=true}={mTag=8 mApnContext={mApnType=default mState=CONNECTING mWaitingApns={[[ApnSettingV3] IDEA, 631, 40422, internet, , , , , , -1, default | supl, IP, IP, true, 0, 0, 0, false, 0, 0, 0, 0, , , false]} mApnSetting={[ApnSettingV3] IDEA, 631, 40422, internet, , , , , , -1, default | supl, IP, IP, true, 0, 0, 0, false, 0, 0, 0, 0, , , false} mReason=apnChanged mDataEnabled=true mDependencyMet=true} mProfileId=0 mRat=11 mUnmeteredUseOnly=false mOnCompletedMsg={what=0x42000 when=-5m25s899ms obj=Pair{{mApnType=default mState=CONNECTING mWaitingApns={[[ApnSettingV3] IDEA, 631, 40422, internet, , , , , , -1, default | supl, IP, IP, true, 0, 0, 0, false, 0, 0, 0, 0, , , false]} mApnSetting={[ApnSettingV3] IDEA, 631, 40422, internet, , , , , , -1, default | supl, IP, IP, true, 0, 0, 0, false, 0, 0, 0, 0, , , false} mReason=apnChanged mDataEnabled=true mDependencyMet=true} 9} target=Handler (com.android.internal.telephony.dataconnection.DcTracker) {853b706} replyTo=null}}}}
09-17 00:38:59.825  3005  3350 D DC-2    : No suggested retry delay.
09-17 00:38:59.825  3005  3350 D DC-2    : DcActivatingState: ERR_RilError  delay=-2 result=ERR_RilError  SetupResult.mFailCause=ERROR_UNSPECIFIED result.isRestartRadioFail=false isPermanentFailure=false
09-17 00:38:59.826  3005  3350 D DC-2    : DcInactiveState: setEnterNotificationParams cp,cause
09-17 00:38:59.826  3005  3350 D DC-2    : DcInactiveState: enter() mTag=9
09-17 00:38:59.826  3005  3350 D DC-2    : DcInactiveState: enter notifyConnectCompleted +ALL failCause=ERROR_UNSPECIFIED
09-17 00:38:59.826  3005  3350 D DC-2    : notifyConnectCompleted at 1505588939826 cause=ERROR_UNSPECIFIED connectionCompletedMsg={what=0x42000 when=-5m25s902ms arg1=-1 obj=android.os.AsyncResult@d53e036 target=Handler (com.android.internal.telephony.dataconnection.DcTracker) {853b706} replyTo=null}
09-17 00:38:59.827  3005  3350 D DC-2    : Send to all. {mApnType=default mState=CONNECTING mWaitingApns={[[ApnSettingV3] IDEA, 631, 40422, internet, , , , , , -1, default | supl, IP, IP, true, 0, 0, 0, false, 0, 0, 0, 0, , , false]} mApnSetting={[ApnSettingV3] IDEA, 631, 40422, internet, , , , , , -1, default | supl, IP, IP, true, 0, 0, 0, false, 0, 0, 0, 0, , , false} mReason=apnChanged mDataEnabled=true mDependencyMet=true} ERROR_UNSPECIFIED
09-17 00:38:59.829  3005  3350 D Dcc     : removeActiveDcByCid removedDc=null dc={DC-2: State=DcInactiveState mApnSetting=[ApnSettingV3] IDEA, 631, 40422, internet, , , , , , -1, default | supl, IP, IP, true, 0, 0, 0, false, 0, 0, 0, 0, , , false RefCount=1 mCid=-1 mCreateTime=-1 mLastastFailTime=1505588939826 mLastFailCause=ERROR_UNSPECIFIED mTag=9 mLinkProperties={LinkAddresses: []  Routes: [] DnsAddresses: [] Domains: null MTU: 0} linkCapabilities=[ Transports: CELLULAR Capabilities: SUPL&INTERNET&NOT_RESTRICTED&TRUSTED&NOT_VPN LinkUpBandwidth>=5898Kbps LinkDnBandwidth>=14336Kbps Specifier: <1>] mRestrictedNetworkOverride=false mApnContexts={{mApnType=default mState=CONNECTING mWaitingApns={[[ApnSettingV3] IDEA, 631, 40422, internet, , , , , , -1, default | supl, IP, IP, true, 0, 0, 0, false, 0, 0, 0, 0, , , false]} mApnSetting={[ApnSettingV3] IDEA, 631, 40422, internet, , , , , , -1, default | supl, IP, IP, true, 0, 0, 0, false, 0, 0, 0, 0, , , false} mReason=apnChanged mDataEnabled=true mDependencyMet=true}={mTag=8 mApnContext={mApnType=default mState=CONNECTING mWaitingApns={[[ApnSettingV3] IDEA, 631, 40422, internet, , , , , , -1, default | supl, IP, IP, true, 0, 0, 0, false, 0, 0, 0, 0, , , false]} mApnSetting={[ApnSettingV3] IDEA, 631, 40422, internet, , , , , , -1, default | supl, IP, IP, true, 0, 0, 0, false, 0, 0, 0, 0, , , false} mReason=apnChanged mDataEnabled=true mDependencyMet=true} mProfileId=0 mRat=11 mUnmeteredUseOnly=false mOnCompletedMsg=null}}}
09-17 00:38:59.829  3005  3350 D DC-2    : clearSettings
09-17 00:38:59.843  3005  3005 D DCT     : [0]trySetupData: X retValue=true
09-17 00:38:59.848  3005  3005 D DCT     : [0]getValidApnContext (onDataSetupComplete) on {mApnType=default mState=CONNECTING mWaitingApns={[[ApnSettingV3] IDEA, 631, 40422, internet, , , , , , -1, default | supl, IP, IP, true, 0, 0, 0, false, 0, 0, 0, 0, , , false]} mApnSetting={[ApnSettingV3] IDEA, 631, 40422, internet, , , , , , -1, default | supl, IP, IP, true, 0, 0, 0, false, 0, 0, 0, 0, , , false} mReason=apnChanged mDataEnabled=true mDependencyMet=true} got 9 vs 9
09-17 00:38:59.848  3005  3005 D DCT     : [0]onDataSetupComplete: error apn=internet cause=ERROR_UNSPECIFIED
09-17 00:38:59.850  3005  3005 D DCT     : [0]getValidApnContext (onDataSetupCompleteError) on {mApnType=default mState=CONNECTING mWaitingApns={[[ApnSettingV3] IDEA, 631, 40422, internet, , , , , , -1, default | supl, IP, IP, true, 0, 0, 0, false, 0, 0, 0, 0, , , false]} mApnSetting={[ApnSettingV3] IDEA, 631, 40422, internet, , , , , , -1, default | supl, IP, IP, true, 0, 0, 0, false, 0, 0, 0, 0, , , false} mReason=apnChanged mDataEnabled=true mDependencyMet=true} got 9 vs 9
09-17 00:38:59.850  3005  3005 D RetryManager: [default] getRetryTimer: 161336
09-17 00:38:59.850  3005  3005 D DCT     : [0]onDataSetupCompleteError: Try next APN. delay = 3000
09-17 00:38:59.851  3005  3005 D DCT     : [0]startAlarmForReconnect: delay=3000 action=com.android.internal.telephony.data-reconnect.default apn={mApnType=default mState=SCANNING mWaitingApns={[[ApnSettingV3] IDEA, 631, 40422, internet, , , , , , -1, default | supl, IP, IP, true, 0, 0, 0, false, 0, 0, 0, 0, , , false]} mApnSetting={[ApnSettingV3] IDEA, 631, 40422, internet, , , , , , -1, default | supl, IP, IP, true, 0, 0, 0, false, 0, 0, 0, 0, , , false} mReason=apnChanged mDataEnabled=true mDependencyMet=true}
09-17 00:39:01.818   263   505 I RILQ    : (0/263):[qmi_cb] qcril_qmi_get_pref_data_tech: before translation : is_current 1 network_type 0 rat_mask c db_so_mask 0 pref_data_tech UNKNOWN
09-17 00:39:01.819   263   505 I RILQ    : (0/263):[qmi_cb] qcril_qmi_get_pref_data_tech: before translation : is_current 1 network_type 0 rat_mask c db_so_mask 0 pref_data_tech UNKNOWN
09-17 00:39:01.820   263   505 I RILQ    : (0/263):[qmi_cb] qcril_qmi_nas_update_data_rte: completed, new drte 3 with confidence 1
09-17 00:39:01.834   263   505 I RILQ    : (0/263):[qmi_cb] qcril_qmi_get_pref_data_tech: before translation : is_current 1 network_type 0 rat_mask c db_so_mask 0 pref_data_tech UNKNOWN
09-17 00:39:01.835   263   505 I RILQ    : (0/263):[qmi_cb] qcril_qmi_get_pref_data_tech: before translation : is_current 1 network_type 0 rat_mask c db_so_mask 0 pref_data_tech UNKNOWN
09-17 00:39:01.836   263   505 I RILQ    : (0/263):[qmi_cb] qcril_qmi_nas_update_data_rte: completed, new drte 3 with confidence 1
09-17 00:39:02.226  3005  3005 D Phone   : setNetworkSelectionModeAutomatic, querying current mode
09-17 00:39:02.227  3005  3005 D RILJ    : [4072]> QUERY_NETWORK_SELECTION_MODE [SUB0]
09-17 00:39:02.234  3005  3332 D RILJ    : [4072]< QUERY_NETWORK_SELECTION_MODE {0} [SUB0]
09-17 00:39:02.280  3005  3005 D Phone   : setNetworkSelectionModeAutomatic - already auto, ignoring
09-17 00:39:02.491   263   505 I RILQ    : (0/263):[qmi_cb] qcril_qmi_get_pref_data_tech: before translation : is_current 1 network_type 0 rat_mask c db_so_mask 0 pref_data_tech UNKNOWN
09-17 00:39:02.491   263   505 I RILQ    : (0/263):[qmi_cb] qcril_qmi_get_pref_data_tech: before translation : is_current 1 network_type 0 rat_mask c db_so_mask 0 pref_data_tech UNKNOWN
09-17 00:39:02.492   263   505 I RILQ    : (0/263):[qmi_cb] qcril_qmi_nas_update_data_rte: completed, new drte 3 with confidence 1
09-17 00:39:03.244   263   505 I RILQ    : (0/263):[qmi_cb] qcril_qmi_get_pref_data_tech: before translation : is_current 1 network_type 0 rat_mask c db_so_mask 0 pref_data_tech UNKNOWN
09-17 00:39:03.250   263   505 I RILQ    : (0/263):[qmi_cb] qcril_qmi_get_pref_data_tech: before translation : is_current 1 network_type 0 rat_mask c db_so_mask 0 pref_data_tech UNKNOWN
09-17 00:39:03.252   263   505 I RILQ    : (0/263):[qmi_cb] qcril_qmi_nas_update_data_rte: completed, new drte 3 with confidence 1
09-17 00:39:03.284   263   505 I RILQ    : (0/263):[qmi_cb] qcril_qmi_get_pref_data_tech: before translation : is_current 1 network_type 0 rat_mask c db_so_mask 0 pref_data_tech UNKNOWN
09-17 00:39:03.286   263   505 I RILQ    : (0/263):[qmi_cb] qcril_qmi_get_pref_data_tech: before translation : is_current 1 network_type 0 rat_mask c db_so_mask 0 pref_data_tech UNKNOWN
09-17 00:39:03.288   263   505 I RILQ    : (0/263):[qmi_cb] qcril_qmi_nas_update_data_rte: completed, new drte 3 with confidence 1
09-17 00:39:03.305   263   505 I RILQ    : (0/263):[qmi_cb] qcril_qmi_get_pref_data_tech: before translation : is_current 1 network_type 0 rat_mask c db_so_mask 0 pref_data_tech UNKNOWN
09-17 00:39:03.307   263   505 I RILQ    : (0/263):[qmi_cb] qcril_qmi_nas_update_data_rte: completed, new drte 3 with confidence 1
09-17 00:39:03.312   263   349 I RILQ    : (0/263):[event] qcril_qmi_nas_assess_emergency_number_list_handler: cur_status 1024, card_state 3
09-17 00:39:03.315  3005  3332 D RILJ    : [UNSL]< UNSOL_RESPONSE_NETWORK_STATE_CHANGED [SUB0]
09-17 00:39:03.317  3005  3332 D RILJ    : [UNSL]< UNSOL_VOICE_RADIO_TECH_CHANGED {2} [SUB0]
09-17 00:39:03.317  3005  3005 D SST     : pollState: modemTriggered=true
09-17 00:39:03.319  3005  3005 D RILJ    : [4073]> OPERATOR [SUB0]
09-17 00:39:03.322  3005  3005 D RILJ    : [4074]> DATA_REGISTRATION_STATE [SUB0]
09-17 00:39:03.324  3005  3005 D RILJ    : [4075]> VOICE_REGISTRATION_STATE [SUB0]
09-17 00:39:03.325  3005  3005 D RILJ    : [4076]> QUERY_NETWORK_SELECTION_MODE [SUB0]
09-17 00:39:03.326  3005  3005 D GsmCdmaPhone: [GsmCdmaPhone] EVENT_VOICE_RADIO_TECH_CHANGED: newVoiceTech=2
09-17 00:39:03.326  3005  3005 D GsmCdmaPhone: [GsmCdmaPhone] phoneObjectUpdater: newVoiceRadioTech=2
09-17 00:39:03.326  3005  3005 D GsmCdmaPhone: [GsmCdmaPhone] phoneObjectUpdater: No change ignore, newVoiceRadioTech=2 mActivePhone=GSM
09-17 00:39:03.327   263  9794 I RILQ    : (0/263):[cmd-21(920)] qcril_qmi_get_pref_data_tech: before translation : is_current 1 network_type 0 rat_mask c db_so_mask 0 pref_data_tech UNKNOWN
09-17 00:39:03.336  3005  3005 D SST     : EVENT_POLL_STATE_NETWORK_SELECTION_MODE
09-17 00:39:03.336  3005  3332 D RILJ    : [4076]< QUERY_NETWORK_SELECTION_MODE {0} [SUB0]
09-17 00:39:03.337  3005  3005 D SST     : handlPollVoiceRegResultMessage: regState=1 radioTechnology=16
09-17 00:39:03.337  3005  3332 D RILJ    : [4075]< VOICE_REGISTRATION_STATE {.regState = REG_HOME, .rat = 16, .cssSupported = false, .roamingIndicator = -1, .systemIsInPrl = 0, .defaultRoamingIndicator = 0, .reasonForDenial = 0, .cellIdentity = {.cellInfoType = GSM, .cellIdentityGsm = [{.mcc = -1, .mnc = -1, .lac = 10019, .cid = 2903, .arfcn = -1, .bsic = -1}], .cellIdentityWcdma = [], .cellIdentityCdma = [], .cellIdentityLte = [], .cellIdentityTdscdma = []}} [SUB0]
09-17 00:39:03.339   263   349 I RILQ    : (0/263):[event] qcril_qmi_get_pref_data_tech: before translation : is_current 1 network_type 0 rat_mask 1 db_so_mask 0 pref_data_tech UNKNOWN
09-17 00:39:03.339   263   349 I RILQ    : (0/263):[event] qcril_qmi_nas_update_data_rte: completed, new drte 3 with confidence 1
09-17 00:39:03.342   263   349 I RILQ    : (0/263):[event] qcril_qmi_get_pref_data_tech: before translation : is_current 1 network_type 0 rat_mask 2 db_so_mask 0 pref_data_tech UNKNOWN
09-17 00:39:03.342   263   349 I RILQ    : (0/263):[event] qcril_qmi_nas_update_data_rte: completed, new drte 2 with confidence 1
09-17 00:39:03.345   263   349 I RILQ    : (0/263):[event] qcril_qmi_get_pref_data_tech: before translation : is_current 1 network_type 0 rat_mask 10 db_so_mask 0 pref_data_tech UNKNOWN
09-17 00:39:03.345   263   349 I RILQ    : (0/263):[event] qcril_qmi_nas_update_data_rte: completed, new drte 2 with confidence 1
09-17 00:39:03.347   263  9794 I RILQ    : (0/263):[cmd-21(920)] qcril_qmi_get_pref_data_tech: before translation : is_current 1 network_type 0 rat_mask 10 db_so_mask 0 pref_data_tech UNKNOWN
09-17 00:39:03.348   263  9794 I RILQ    : (0/263):[cmd-21(920)] qcril_qmi_nas_update_data_rte: completed, new drte 2 with confidence 1
09-17 00:39:03.355  3005  3005 D SST     : handlPollStateResultMessage: GsmSST setDataRegState=0 regState=1 dataRadioTechnology=11
09-17 00:39:03.355  3005  3332 D RILJ    : [4074]< DATA_REGISTRATION_STATE {.regState = REG_HOME, .rat = 11, .reasonDataDenied = -1, .maxDataCalls = 20, .cellIdentity = {.cellInfoType = WCDMA, .cellIdentityGsm = [], .cellIdentityWcdma = [{.mcc = -1, .mnc = -1, .lac = -1, .cid = -1, .psc = -1, .uarfcn = -1}], .cellIdentityCdma = [], .cellIdentityLte = [], .cellIdentityTdscdma = []}} [SUB0]
09-17 00:39:03.355   263  9793 I RILQ    : (0/263):[cmd-22(360)] qcril_qmi_get_pref_data_tech: before translation : is_current 1 network_type 0 rat_mask 10 db_so_mask 0 pref_data_tech UNKNOWN
09-17 00:39:03.355  3005  3332 D RILJ    : [UNSL]< UNSOL_RESPONSE_NETWORK_STATE_CHANGED [SUB0]
09-17 00:39:03.355  3005  3005 D SST     : pollState: modemTriggered=true
09-17 00:39:03.356   263  9793 I RILQ    : (0/263):[cmd-22(360)] qcril_qmi_nas_update_data_rte: completed, new drte 2 with confidence 1
09-17 00:39:03.356  3005  3005 D RILJ    : [4077]> OPERATOR [SUB0]
09-17 00:39:03.357  3005  3005 D RILJ    : [4078]> DATA_REGISTRATION_STATE [SUB0]
09-17 00:39:03.358  3005  3005 D RILJ    : [4079]> VOICE_REGISTRATION_STATE [SUB0]
09-17 00:39:03.358  3005  3005 D RILJ    : [4080]> QUERY_NETWORK_SELECTION_MODE [SUB0]
09-17 00:39:03.359   263  9810 I RILQ    : (0/263):[cmd-21(632)] qcril_qmi_get_pref_data_tech: before translation : is_current 1 network_type 0 rat_mask 10 db_so_mask 0 pref_data_tech UNKNOWN
09-17 00:39:03.367  3005  3005 D SST     : handlPollVoiceRegResultMessage: regState=1 radioTechnology=16
09-17 00:39:03.367  3005  3332 D RILJ    : [4079]< VOICE_REGISTRATION_STATE {.regState = REG_HOME, .rat = 16, .cssSupported = false, .roamingIndicator = 1, .systemIsInPrl = 0, .defaultRoamingIndicator = 0, .reasonForDenial = 0, .cellIdentity = {.cellInfoType = GSM, .cellIdentityGsm = [{.mcc = -1, .mnc = -1, .lac = 10019, .cid = 2903, .arfcn = -1, .bsic = -1}], .cellIdentityWcdma = [], .cellIdentityCdma = [], .cellIdentityLte = [], .cellIdentityTdscdma = []}} [SUB0]
09-17 00:39:03.368  3005  3005 D SST     : EVENT_POLL_STATE_NETWORK_SELECTION_MODE
09-17 00:39:03.368  3005  3332 D RILJ    : [4080]< QUERY_NETWORK_SELECTION_MODE {0} [SUB0]
09-17 00:39:03.372  3005  3005 D SST     : handlPollStateResultMessage: GsmSST setDataRegState=0 regState=1 dataRadioTechnology=2
09-17 00:39:03.372  3005  3332 D RILJ    : [4078]< DATA_REGISTRATION_STATE {.regState = REG_HOME, .rat = 2, .reasonDataDenied = -1, .maxDataCalls = 20, .cellIdentity = {.cellInfoType = GSM, .cellIdentityGsm = [{.mcc = -1, .mnc = -1, .lac = 10019, .cid = 2903, .arfcn = -1, .bsic = -1}], .cellIdentityWcdma = [], .cellIdentityCdma = [], .cellIdentityLte = [], .cellIdentityTdscdma = []}} [SUB0]
09-17 00:39:03.372  3005  3332 D RILJ    : [UNSL]< UNSOL_RESPONSE_NETWORK_STATE_CHANGED [SUB0]
09-17 00:39:03.372  3005  3005 D SST     : pollState: modemTriggered=true
09-17 00:39:03.373  3005  3005 D RILJ    : [4081]> OPERATOR [SUB0]
09-17 00:39:03.374  3005  3005 D RILJ    : [4082]> DATA_REGISTRATION_STATE [SUB0]
09-17 00:39:03.374  3005  3005 D RILJ    : [4083]> VOICE_REGISTRATION_STATE [SUB0]
09-17 00:39:03.375  3005  3005 D RILJ    : [4084]> QUERY_NETWORK_SELECTION_MODE [SUB0]
09-17 00:39:03.375   263  9818 I RILQ    : (0/263):[cmd-21(920)] qcril_qmi_get_pref_data_tech: before translation : is_current 1 network_type 0 rat_mask 10 db_so_mask 0 pref_data_tech UNKNOWN
09-17 00:39:03.379  3005  3005 D SST     : handlPollStateResultMessage: GsmSST setDataRegState=0 regState=1 dataRadioTechnology=2
09-17 00:39:03.379  3005  3332 D RILJ    : [4082]< DATA_REGISTRATION_STATE {.regState = REG_HOME, .rat = 2, .reasonDataDenied = -1, .maxDataCalls = 20, .cellIdentity = {.cellInfoType = GSM, .cellIdentityGsm = [{.mcc = -1, .mnc = -1, .lac = 10019, .cid = 2903, .arfcn = -1, .bsic = -1}], .cellIdentityWcdma = [], .cellIdentityCdma = [], .cellIdentityLte = [], .cellIdentityTdscdma = []}} [SUB0]
09-17 00:39:03.382  3005  3005 D SST     : EVENT_POLL_STATE_NETWORK_SELECTION_MODE
09-17 00:39:03.382  3005  3332 D RILJ    : [4084]< QUERY_NETWORK_SELECTION_MODE {0} [SUB0]
09-17 00:39:03.384  3005  3332 D RILJ    : [4073]< OPERATOR {Idea, Idea, 40422} [SUB0]
09-17 00:39:03.384  3005  3332 D RILJ    : [4077]< OPERATOR {Idea, Idea, 40422} [SUB0]
09-17 00:39:03.385  3005  3332 D RILJ    : [4081]< OPERATOR {Idea, Idea, 40422} [SUB0]
09-17 00:39:03.386  3005  3005 D SST     : handlPollVoiceRegResultMessage: regState=1 radioTechnology=16
09-17 00:39:03.386  3005  3332 D RILJ    : [4083]< VOICE_REGISTRATION_STATE {.regState = REG_HOME, .rat = 16, .cssSupported = false, .roamingIndicator = 1, .systemIsInPrl = 0, .defaultRoamingIndicator = 0, .reasonForDenial = 0, .cellIdentity = {.cellInfoType = GSM, .cellIdentityGsm = [{.mcc = -1, .mnc = -1, .lac = 10019, .cid = 2903, .arfcn = -1, .bsic = -1}], .cellIdentityWcdma = [], .cellIdentityCdma = [], .cellIdentityLte = [], .cellIdentityTdscdma = []}} [SUB0]
09-17 00:39:03.388  3005  3005 D SST     : Poll ServiceState done:  oldSS=[0 0 voice home data home Idea Idea 40422 Idea Idea 40422  UMTS HSPA CSS not supported -1 -1 RoamInd=-1 DefRoamInd=-1 EmergOnly=false IsDataRoamingFromRegistration=false IsUsingCarrierAggregation=false mLteEarfcnRsrpBoost=0] newSS=[0 0 voice home data home Idea Idea 40422 Idea Idea 40422  GSM EDGE CSS not supported -1 -1 RoamInd=-1 DefRoamInd=-1 EmergOnly=false IsDataRoamingFromRegistration=false IsUsingCarrierAggregation=false mLteEarfcnRsrpBoost=0] oldMaxDataCalls=20 mNewMaxDataCalls=20 oldReasonDataDenied=-1 mNewReasonDataDenied=-1
09-17 00:39:03.388  3005  3005 D SST     : pollStateDone: hasRegistered=false hasDeregistered=false hasDataAttached=false hasDataDetached=false hasDataRegStateChanged=false hasRilVoiceRadioTechnologyChanged= true hasRilDataRadioTechnologyChanged=true hasChanged=true hasVoiceRoamingOn=false hasVoiceRoamingOff=false hasDataRoamingOn=false hasDataRoamingOff=false hasLocationChanged=true has4gHandoff = false hasMultiApnSupport=false hasLostMultiApnSupport=false
09-17 00:39:03.388  3005  3005 D SST     : RAT switched UMTS -> GSM at cell 2903
09-17 00:39:03.388  3005  3005 D GsmCdmaPhone: [GsmCdmaPhone] updatePhoneObject: radioTechnology=16
09-17 00:39:03.388  3005  3005 D TelephonyManager: setTelephonyProperty: success phoneId=0 property=gsm.network.type value: EDGE propVal=EDGE
09-17 00:39:03.389  3005  3005 D SIMRecords: [SIMRecords] getServiceProviderName: no brandOverride, providerName=Idea
09-17 00:39:03.389  3005  3005 D SIMRecords: [SIMRecords] getServiceProviderName: no brandOverride, providerName=Idea
09-17 00:39:03.390  3005  3005 D TelephonyManager: setTelephonyProperty: success phoneId=0 property=gsm.operator.alpha value: Idea propVal=Idea
09-17 00:39:03.390  3005  3005 D TelephonyManager: setTelephonyProperty: success phoneId=0 property=gsm.operator.numeric value: 40422 propVal=40422
09-17 00:39:03.391  3005  3005 D TelephonyManager: setTelephonyProperty: success phoneId=0 property=gsm.operator.iso-country value: in propVal=in
09-17 00:39:03.392  3005  3005 D SST     : pollStateDone: no nitz but one TZ for iso-cc=in with zone.getID=Asia/Kolkata testOneUniqueOffsetPath=false
09-17 00:39:03.393  3005  3005 D SST     : setAndBroadcastNetworkSetTimeZone: setTimeZone=Asia/Kolkata
09-17 00:39:03.395  3005  3005 D SST     : setAndBroadcastNetworkSetTimeZone: call alarm.setTimeZone and broadcast zoneId=Asia/Kolkata
09-17 00:39:03.395  3005  3005 D SST     : shouldFixTimeZoneNow: retVal=false iccCardExist=true operatorNumeric=40422 mcc=404 prevOperatorNumeric=40422 prevMcc=404 needToFixTimeZone=false ltod=09-17 00:39:03.395
09-17 00:39:03.395  3005  3005 D TelephonyManager: setTelephonyProperty: success phoneId=0 property=gsm.operator.isroaming value: false propVal=false
09-17 00:39:03.396  3005  3005 D SST     : Broadcasting ServiceState : 0 0 voice home data home Idea Idea 40422 Idea Idea 40422  GSM EDGE CSS not supported -1 -1 RoamInd=-1 DefRoamInd=-1 EmergOnly=false IsDataRoamingFromRegistration=false IsUsingCarrierAggregation=false mLteEarfcnRsrpBoost=0
09-17 00:39:03.396  3005  3005 D DefaultPhoneNotifier: nofityServiceState: mRegistry=com.android.internal.telephony.ITelephonyRegistry$Stub$Proxy@9bc55e8 ss=0 0 voice home data home Idea Idea 40422 Idea Idea 40422  GSM EDGE CSS not supported -1 -1 RoamInd=-1 DefRoamInd=-1 EmergOnly=false IsDataRoamingFromRegistration=false IsUsingCarrierAggregation=false mLteEarfcnRsrpBoost=0 sender=Handler (com.android.internal.telephony.GsmCdmaPhone) {f6461cc} phondId=0 subId=1
09-17 00:39:03.404  3005  3005 D SST     : notifyDataRegStateRilRadioTechnologyChanged: drs=0 rat=2
09-17 00:39:03.404  3005  3005 D TelephonyManager: setTelephonyProperty: success phoneId=0 property=gsm.network.type value: EDGE propVal=EDGE
09-17 00:39:03.406  3005  3005 D DCT     : [0]get all active apn types
09-17 00:39:03.407  3005  3005 D GsmCdmaPhone: [GsmCdmaPhone] getDataConnectionState apnType=default ret=CONNECTING
09-17 00:39:03.407  3005  3350 D DC-1    : DcInactiveState nothandled msg.what=EVENT_DATA_CONNECTION_DRS_OR_RAT_CHANGED
09-17 00:39:03.408  3005  3350 D DC-1    : DcDefault msg=EVENT_DATA_CONNECTION_DRS_OR_RAT_CHANGED RefCount=0
09-17 00:39:03.408  3005  3350 D DC-1    : DcDefaultState: EVENT_DATA_CONNECTION_DRS_OR_RAT_CHANGED drs=0 mRilRat=2
09-17 00:39:03.408  3005  3350 D DC-2    : DcInactiveState nothandled msg.what=EVENT_DATA_CONNECTION_DRS_OR_RAT_CHANGED
09-17 00:39:03.408  3005  3350 D DC-2    : DcDefault msg=EVENT_DATA_CONNECTION_DRS_OR_RAT_CHANGED RefCount=0
09-17 00:39:03.408  3005  3350 D DC-2    : DcDefaultState: EVENT_DATA_CONNECTION_DRS_OR_RAT_CHANGED drs=0 mRilRat=2
09-17 00:39:03.413   909  3027 D TelephonyRegistry: onDataConnectionStateChanged(-1, 2)
09-17 00:39:03.415   909  5792 D TelephonyRegistry: notifyCellLocationForSubscriber: subId=1 cellLocation=Bundle[mParcelledData.dataSize=64]
09-17 00:39:03.417  3005  3005 D GsmCdmaPhone: [GsmCdmaPhone] phoneObjectUpdater: newVoiceRadioTech=16
09-17 00:39:03.417  3005  3005 D GsmCdmaPhone: [GsmCdmaPhone] phoneObjectUpdater: No change ignore, newVoiceRadioTech=16 mActivePhone=GSM
09-17 00:39:03.417  3005  3005 D DCT     : [0]setupDataOnConnectableApns: nwTypeChanged hipri:[state=IDLE,enabled=false] mms:[state=IDLE,enabled=false] supl:[state=IDLE,enabled=false] cbs:[state=IDLE,enabled=false] dun:[state=IDLE,enabled=false] fota:[state=IDLE,enabled=false] ims:[state=IDLE,enabled=false] default:[state=SCANNING,enabled=true] 
09-17 00:39:03.417  3005  3005 D DCT     : [0]buildWaitingApns: E requestedApnType=default
09-17 00:39:03.422  3005  3005 D DCT     : [0]getPreferredApn: mRequestedApnType=default cursor=android.content.ContentResolver$CursorWrapperInner@ebffea5 cursor.count=1
09-17 00:39:03.422  3005  3005 D DCT     : [0]getPreferredApn: apnSetting=[ApnSettingV3] IDEA, 631, 40422, internet, , , , , , -1, default | supl, IP, IP, true, 0, 0, 0, false, 0, 0, 0, 0, , , false
