10-26 00:23:24.951  2165  2276 I MediaScanner: forcing rescan of /system/media/audio/ringtones/Seville.ogg since build fingerprint changed
10-26 00:23:24.978  2165  2276 I MediaScanner: forcing rescan of /system/media/audio/ringtones/Shes_All_That.ogg since build fingerprint changed
10-26 00:23:24.998  2165  2276 I MediaScanner: forcing rescan of /system/media/audio/ringtones/SilkyWay.ogg since build fingerprint changed
10-26 00:23:25.022  2165  2276 I MediaScanner: forcing rescan of /system/media/audio/ringtones/SitarVsSitar.ogg since build fingerprint changed
10-26 00:23:25.042  2165  2276 I MediaScanner: forcing rescan of /system/media/audio/ringtones/Solarium.ogg since build fingerprint changed
10-26 00:23:25.071  2165  2276 I MediaScanner: forcing rescan of /system/media/audio/ringtones/SpringyJalopy.ogg since build fingerprint changed
10-26 00:23:25.089  2165  2276 I MediaScanner: forcing rescan of /system/media/audio/ringtones/Steppin_Out.ogg since build fingerprint changed
10-26 00:23:25.109  2165  2276 I MediaScanner: forcing rescan of /system/media/audio/ringtones/Terminated.ogg since build fingerprint changed
10-26 00:23:25.131  2165  2276 I MediaScanner: forcing rescan of /system/media/audio/ringtones/Testudo.ogg since build fingerprint changed
10-26 00:23:25.160  2165  2276 I MediaScanner: forcing rescan of /system/media/audio/ringtones/Themos.ogg since build fingerprint changed
10-26 00:23:25.204  2165  2276 I MediaScanner: forcing rescan of /system/media/audio/ringtones/Third_Eye.ogg since build fingerprint changed
10-26 00:23:25.224  2165  2276 I MediaScanner: forcing rescan of /system/media/audio/ringtones/Thunderfoot.ogg since build fingerprint changed
10-26 00:23:25.248  2165  2276 I MediaScanner: forcing rescan of /system/media/audio/ringtones/TwirlAway.ogg since build fingerprint changed
10-26 00:23:25.276  2165  2276 I MediaScanner: forcing rescan of /system/media/audio/ringtones/URSAMINOR.ogg since build fingerprint changed
10-26 00:23:25.341  2165  2276 I MediaScanner: forcing rescan of /system/media/audio/ringtones/UrsaMinor.ogg since build fingerprint changed
10-26 00:23:25.398  2165  2276 I MediaScanner: forcing rescan of /system/media/audio/ringtones/VeryAlarmed.ogg since build fingerprint changed
10-26 00:23:25.417   207   290 D ThermalDaemon: Sensor 'tsens_tz_sensor7' - alarm cleared 1 at 56.0 degC
10-26 00:23:25.418   207   291 D ThermalDaemon: Sensor 'tsens_tz_sensor8' - alarm cleared 1 at 57.0 degC
10-26 00:23:25.426  2165  2276 I MediaScanner: forcing rescan of /system/media/audio/ringtones/Vespa.ogg since build fingerprint changed
10-26 00:23:25.445  2165  2276 I MediaScanner: forcing rescan of /system/media/audio/ringtones/World.ogg since build fingerprint changed
10-26 00:23:25.469  2165  2276 I MediaScanner: forcing rescan of /system/media/audio/ringtones/Zeta.ogg since build fingerprint changed
10-26 00:23:25.502  2165  2276 I MediaScanner: forcing rescan of /system/media/audio/ringtones/hydra.ogg since build fingerprint changed
10-26 00:23:25.832  2165  2276 W MediaScanner: Error opening directory '/oem/media/', skipping: No such file or directory.
10-26 00:23:25.835  2165  2276 W MediaProvider: Missing volume for /system/media/audio/ui; assuming invalid
10-26 00:23:25.856  2165  2276 W MediaProvider: Missing volume for /system/media/audio/ringtones/Road_Trip.ogg; assuming invalid
10-26 00:23:25.859  2165  2276 W MediaProvider: Missing volume for /system/media/audio/ringtones/RomancingTheTone.ogg; assuming invalid
10-26 00:23:25.863  2165  2276 W MediaProvider: Missing volume for /system/media/audio/ringtones/Safari.ogg; assuming invalid
10-26 00:23:25.866  2165  2276 W MediaProvider: Missing volume for /system/media/audio/ringtones/Savannah.ogg; assuming invalid
10-26 00:23:25.871  2165  2276 W MediaProvider: Missing volume for /system/media/audio/ringtones/Scarabaeus.ogg; assuming invalid
10-26 00:23:25.878  2165  2276 W MediaProvider: Missing volume for /system/media/audio/ringtones/Sceptrum.ogg; assuming invalid
10-26 00:23:25.882  2165  2276 W MediaProvider: Missing volume for /system/media/audio/ringtones/Seville.ogg; assuming invalid
10-26 00:23:25.885  2165  2276 W MediaProvider: Missing volume for /system/media/audio/ringtones/Shes_All_That.ogg; assuming invalid
10-26 00:23:25.888  2165  2276 W MediaProvider: Missing volume for /system/media/audio/ringtones/SilkyWay.ogg; assuming invalid
10-26 00:23:25.892  2165  2276 W MediaProvider: Missing volume for /system/media/audio/ringtones/SitarVsSitar.ogg; assuming invalid
10-26 00:23:25.896  2165  2276 W MediaProvider: Missing volume for /system/media/audio/ringtones/Solarium.ogg; assuming invalid
10-26 00:23:25.899  2165  2276 W MediaProvider: Missing volume for /system/media/audio/ringtones/SpringyJalopy.ogg; assuming invalid
10-26 00:23:25.903  2165  2276 W MediaProvider: Missing volume for /system/media/audio/ringtones/Steppin_Out.ogg; assuming invalid
10-26 00:23:25.912  2165  2276 W MediaProvider: Missing volume for /system/media/audio/ringtones/Terminated.ogg; assuming invalid
10-26 00:23:25.918  2165  2276 W MediaProvider: Missing volume for /system/media/audio/ringtones/Testudo.ogg; assuming invalid
10-26 00:23:25.928  2165  2276 W MediaProvider: Missing volume for /system/media/audio/ringtones/Themos.ogg; assuming invalid
10-26 00:23:25.947  2165  2276 W MediaProvider: Missing volume for /system/media/audio/ringtones/Third_Eye.ogg; assuming invalid
10-26 00:23:25.952  2165  2276 W MediaProvider: Missing volume for /system/media/audio/ringtones/Thunderfoot.ogg; assuming invalid
10-26 00:23:25.962  2165  2276 W MediaProvider: Missing volume for /system/media/audio/ringtones/TwirlAway.ogg; assuming invalid
10-26 00:23:25.967  2165  2276 W MediaProvider: Missing volume for /system/media/audio/ringtones/URSAMINOR.ogg; assuming invalid
10-26 00:23:25.979  2165  2276 W MediaProvider: Missing volume for /system/media/audio/ringtones/UrsaMinor.ogg; assuming invalid
10-26 00:23:25.982  2165  2276 E SQLiteDatabase: Error inserting title_key=QKM)A9CEK parent=98 is_music=false title=UrsaMinor _size=185005 duration=12800 bucket_id=293500348 is_alarm=false album_artist=null media_type=2 storage_id=0 is_notification=false track=0 bucket_display_name=ringtones _data=/system/media/audio/ringtones/UrsaMinor.ogg is_drm=false _display_name=UrsaMinor.ogg composer=null format=47362 is_ringtone=true artist_id=1 is_podcast=false date_added=1508957605 date_modified=1230768000 mime_type=application/ogg album_id=4
10-26 00:23:25.982  2165  2276 E SQLiteDatabase: android.database.sqlite.SQLiteConstraintException: UNIQUE constraint failed: files._data (code 2067)
10-26 00:23:25.982  2165  2276 E SQLiteDatabase: 	at android.database.sqlite.SQLiteConnection.nativeExecuteForLastInsertedRowId(Native Method)
10-26 00:23:25.982  2165  2276 E SQLiteDatabase: 	at android.database.sqlite.SQLiteConnection.executeForLastInsertedRowId(SQLiteConnection.java:782)
10-26 00:23:25.982  2165  2276 E SQLiteDatabase: 	at android.database.sqlite.SQLiteSession.executeForLastInsertedRowId(SQLiteSession.java:788)
10-26 00:23:25.982  2165  2276 E SQLiteDatabase: 	at android.database.sqlite.SQLiteStatement.executeInsert(SQLiteStatement.java:86)
10-26 00:23:25.982  2165  2276 E SQLiteDatabase: 	at android.database.sqlite.SQLiteDatabase.insertWithOnConflict(SQLiteDatabase.java:1474)
10-26 00:23:25.982  2165  2276 E SQLiteDatabase: 	at android.database.sqlite.SQLiteDatabase.insert(SQLiteDatabase.java:1343)
10-26 00:23:25.982  2165  2276 E SQLiteDatabase: 	at com.android.providers.media.MediaProvider.insertFile(MediaProvider.java:2260)
10-26 00:23:25.982  2165  2276 E SQLiteDatabase: 	at com.android.providers.media.MediaProvider.insertInternal(MediaProvider.java:2493)
10-26 00:23:25.982  2165  2276 E SQLiteDatabase: 	at com.android.providers.media.MediaProvider.bulkInsert(MediaProvider.java:1866)
10-26 00:23:25.982  2165  2276 E SQLiteDatabase: 	at android.content.ContentProvider$Transport.bulkInsert(ContentProvider.java:282)
10-26 00:23:25.982  2165  2276 E SQLiteDatabase: 	at android.content.ContentProviderClient.bulkInsert(ContentProviderClient.java:290)
10-26 00:23:25.982  2165  2276 E SQLiteDatabase: 	at android.media.MediaInserter.flush(MediaInserter.java:91)
10-26 00:23:25.982  2165  2276 E SQLiteDatabase: 	at android.media.MediaInserter.flushAll(MediaInserter.java:74)
10-26 00:23:25.982  2165  2276 E SQLiteDatabase: 	at android.media.MediaScanner.scanDirectories(MediaScanner.java:1408)
10-26 00:23:25.982  2165  2276 E SQLiteDatabase: 	at com.android.providers.media.MediaScannerService.scan(MediaScannerService.java:82)
10-26 00:23:25.982  2165  2276 E SQLiteDatabase: 	at com.android.providers.media.MediaScannerService.-wrap1(Unknown Source:0)
10-26 00:23:25.982  2165  2276 E SQLiteDatabase: 	at com.android.providers.media.MediaScannerService$ServiceHandler.handleMessage(MediaScannerService.java:252)
10-26 00:23:25.982  2165  2276 E SQLiteDatabase: 	at android.os.Handler.dispatchMessage(Handler.java:105)
10-26 00:23:25.982  2165  2276 E SQLiteDatabase: 	at android.os.Looper.loop(Looper.java:164)
10-26 00:23:25.982  2165  2276 E SQLiteDatabase: 	at com.android.providers.media.MediaScannerService.run(MediaScannerService.java:161)
10-26 00:23:25.982  2165  2276 E SQLiteDatabase: 	at java.lang.Thread.run(Thread.java:764)
10-26 00:23:25.985  2165  2276 W MediaProvider: Missing volume for /system/media/audio/ringtones/VeryAlarmed.ogg; assuming invalid
10-26 00:23:25.989  2165  2276 W MediaProvider: Missing volume for /system/media/audio/ringtones/Vespa.ogg; assuming invalid
10-26 00:23:25.992  2165  2276 W MediaProvider: Missing volume for /system/media/audio/ringtones/World.ogg; assuming invalid
10-26 00:23:25.997  2165  2276 W MediaProvider: Missing volume for /system/media/audio/ringtones/Zeta.ogg; assuming invalid
10-26 00:23:26.005  2165  2276 W MediaProvider: Missing volume for /system/media/audio/ui/Dock.ogg; assuming invalid
10-26 00:23:26.013  2165  2276 W MediaProvider: Missing volume for /system/media/audio/ui/Effect_Tick.ogg; assuming invalid
10-26 00:23:26.018  2165  2276 W MediaProvider: Missing volume for /system/media/audio/ui/KeypressDelete.ogg; assuming invalid
10-26 00:23:26.024  2165  2276 W MediaProvider: Missing volume for /system/media/audio/ui/KeypressInvalid.ogg; assuming invalid
10-26 00:23:26.027   221   221 E MetadataRetrieverClient: failed to extract an album art
10-26 00:23:26.029  2165  2276 W MediaProvider: Missing volume for /system/media/audio/ui/KeypressReturn.ogg; assuming invalid
10-26 00:23:26.033  2165  2276 W MediaProvider: Missing volume for /system/media/audio/ui/KeypressSpacebar.ogg; assuming invalid
10-26 00:23:26.036  2165  2276 W MediaProvider: Missing volume for /system/media/audio/ui/KeypressStandard.ogg; assuming invalid
10-26 00:23:26.040  2165  2276 W MediaProvider: Missing volume for /system/media/audio/ui/Lock.ogg; assuming invalid
10-26 00:23:26.045  2165  2276 W MediaProvider: Missing volume for /system/media/audio/ui/LowBattery.ogg; assuming invalid
10-26 00:23:26.048  2165  2276 W MediaProvider: Missing volume for /system/media/audio/ui/Trusted.ogg; assuming invalid
10-26 00:23:26.052  2165  2276 W MediaProvider: Missing volume for /system/media/audio/ui/Undock.ogg; assuming invalid
10-26 00:23:26.059  2165  2276 W MediaProvider: Missing volume for /system/media/audio/ui/Unlock.ogg; assuming invalid
10-26 00:23:26.065  2165  2276 W MediaProvider: Missing volume for /system/media/audio/ui/VideoRecord.ogg; assuming invalid
10-26 00:23:26.069  2165  2276 W MediaProvider: Missing volume for /system/media/audio/ui/VideoStop.ogg; assuming invalid
10-26 00:23:26.072  2165  2276 W MediaProvider: Missing volume for /system/media/audio/ui/WirelessChargingStarted.ogg; assuming invalid
10-26 00:23:26.077  2165  2276 W MediaProvider: Missing volume for /system/media/audio/ui/camera_click.ogg; assuming invalid
10-26 00:23:26.081  2165  2276 W MediaProvider: Missing volume for /system/media/audio/ui/camera_focus.ogg; assuming invalid
10-26 00:23:26.341  1513  1513 I zygote  : Deoptimizing void com.android.systemui.statusbar.stack.ViewState.startYTranslationAnimation(android.view.View, com.android.systemui.statusbar.stack.AnimationProperties) due to JIT inline cache
10-26 00:23:27.549   210  2908 D ACDB-LOADER: ACDB -> send_afe_cal
10-26 00:23:27.549   210  2908 D audio_hw_primary: enable_snd_device: snd_device(2: speaker)
10-26 00:23:27.559   210  2908 D audio_hw_primary: enable_audio_route: usecase(1) apply and update mixer path: low-latency-playback
10-26 00:23:27.612  1513  1513 I zygote  : Deoptimizing void com.android.systemui.statusbar.NotificationContentView.selectLayout(boolean, boolean) due to JIT inline cache
10-26 00:23:28.670   532  1593 I ActivityManager: START u0 {act=android.intent.action.MAIN cat=[android.intent.category.LAUNCHER] flg=0x10008000 cmp=com.android.settings/.deviceinfo.UsbModeChooserActivity} from uid 1000
10-26 00:23:28.719   532   586 E ActivityManager: applyOptionsLocked: Unknown animationType=0
10-26 00:23:28.914  1694  1726 I chatty  : uid=1000(system) com.android.settings expire 6 lines
10-26 00:23:28.940   198   198 D SurfaceFlinger: duplicate layer name: changing com.android.settings/com.android.settings.deviceinfo.UsbModeChooserActivity to com.android.settings/com.android.settings.deviceinfo.UsbModeChooserActivity#1
10-26 00:23:29.117   532   597 I ActivityManager: Displayed com.android.settings/.deviceinfo.UsbModeChooserActivity: +391ms
10-26 00:23:29.142  1513  1513 D StatusBar: disable<e i a s b h r c s q >
10-26 00:23:29.264  1513  1513 I zygote  : Deoptimizing void com.android.systemui.statusbar.NotificationContentView.selectLayout(boolean, boolean) due to JIT inline cache
10-26 00:23:29.271  1513  1513 D StatusBar: disable<e i a s b h r c s q >
10-26 00:23:29.316  1513  1629 W Adreno-EGL: <qeglDrvAPI_eglGetConfigAttrib:607>: EGL_BAD_ATTRIBUTE
10-26 00:23:29.318  1513  1629 I vndksupport: sphal namespace is not configured for this process. Loading /vendor/lib/hw/gralloc.msm8960.so from the current namespace instead.
10-26 00:23:29.748   532   595 I UsbDeviceManager: Setting USB config to mtp,adb
10-26 00:23:29.819  2165  2165 I d.process.media: type=1400 audit(0.0:188): avc: denied { write } for name="property_service" dev="tmpfs" ino=8254 scontext=u:r:priv_app:s0:c512,c768 tcontext=u:object_r:property_socket:s0 tclass=sock_file permissive=1
10-26 00:23:29.819  2165  2165 I d.process.media: type=1400 audit(0.0:189): avc: denied { connectto } for path="/dev/socket/property_service" scontext=u:r:priv_app:s0:c512,c768 tcontext=u:r:init:s0 tclass=unix_stream_socket permissive=1
10-26 00:23:29.824   532  1593 W ActivityManager: Finishing task with all activities already finished
10-26 00:23:29.824   532  1593 W ActivityManager: Duplicate finish request for ActivityRecord{89f5733 u0 com.android.settings/.deviceinfo.UsbModeChooserActivity t9 f}
10-26 00:23:29.829  3887  3887 I /sbin/adbd: type=1400 audit(0.0:190): avc: denied { read write } for comm=757362206F70656E name="android_adb" dev="tmpfs" ino=7320 scontext=u:r:adbd:s0 tcontext=u:object_r:device:s0 tclass=chr_file permissive=1
10-26 00:23:29.829  3887  3887 I /sbin/adbd: type=1400 audit(0.0:191): avc: denied { open } for comm=757362206F70656E name="android_adb" dev="tmpfs" ino=7320 scontext=u:r:adbd:s0 tcontext=u:object_r:device:s0 tclass=chr_file permissive=1
10-26 00:23:29.857   532  1593 E LightsService: Light requested not available on this device. 3
10-26 00:23:29.958   532   532 D ZenLog  : disable_effects: -1|android|27|null|1000,booleanState
10-26 00:23:30.091   532  1997 E LightsService: Light requested not available on this device. 3
10-26 00:23:30.139  2165  2165 D MtpService: starting MTP server in MTP mode
10-26 00:23:30.159  2165  2165 D MtpService: Adding MTP storage 0x10001 at /storage/emulated/0
10-26 00:23:30.197  1513  1513 I zygote  : Deoptimizing void com.android.systemui.statusbar.notification.NotificationHeaderViewWrapper.onContentUpdated(com.android.systemui.statusbar.ExpandableNotificationRow) due to JIT same target
10-26 00:23:30.416   207   283 D ThermalDaemon: Sensor 'tsens_tz_sensor1' - alarm raised 1 at 61.0 degC
10-26 00:23:30.417   207   292 D ThermalDaemon: Sensor 'tsens_tz_sensor9' - alarm raised 1 at 65.0 degC
10-26 00:23:30.417   207   290 D ThermalDaemon: Sensor 'tsens_tz_sensor7' - alarm raised 1 at 64.0 degC
10-26 00:23:30.417   207   288 D ThermalDaemon: Sensor 'tsens_tz_sensor5' - alarm raised 1 at 62.0 degC
10-26 00:23:30.418   207   291 D ThermalDaemon: Sensor 'tsens_tz_sensor8' - alarm raised 1 at 64.0 degC
10-26 00:23:30.419   207   293 D ThermalDaemon: Sensor 'tsens_tz_sensor10' - alarm raised 1 at 64.0 degC
10-26 00:23:32.936   210   477 D audio_hw_primary: disable_audio_route: usecase(1) reset and update mixer path: low-latency-playback
10-26 00:23:32.937   210   477 D audio_hw_primary: disable_snd_device: snd_device(2: speaker)
10-26 00:23:33.110   532  1588 D AlarmManagerService: Kernel timezone updated to -330 minutes west of GMT
10-26 00:23:33.113   532  2153 D AlarmManagerService: Setting time of day to sec=1508957613
10-26 00:23:33.636   532   542 I zygote  : Background concurrent copying GC freed 48089(2MB) AllocSpace objects, 11(252KB) LOS objects, 42% free, 5MB/9MB, paused 366us total 151.886ms
10-26 00:23:34.146   532   542 I zygote  : Background concurrent copying GC freed 12743(596KB) AllocSpace objects, 0(0B) LOS objects, 42% free, 5MB/8MB, paused 366us total 107.024ms
10-26 00:23:35.310   207   293 D ThermalDaemon: Sensor 'tsens_tz_sensor10' - alarm cleared 1 at 57.0 degC
10-26 00:23:40.307   207   283 D ThermalDaemon: Sensor 'tsens_tz_sensor1' - alarm cleared 1 at 56.0 degC
10-26 00:23:40.308   207   292 D ThermalDaemon: Sensor 'tsens_tz_sensor9' - alarm cleared 1 at 56.0 degC
10-26 00:23:40.308   207   288 D ThermalDaemon: Sensor 'tsens_tz_sensor5' - alarm cleared 1 at 56.0 degC
10-26 00:23:55.309   207   290 D ThermalDaemon: Sensor 'tsens_tz_sensor7' - alarm cleared 1 at 55.0 degC
10-26 00:23:55.309   207   291 D ThermalDaemon: Sensor 'tsens_tz_sensor8' - alarm cleared 1 at 56.0 degC
10-26 00:23:59.558   532   599 I PowerManagerService: Going to sleep due to screen timeout (uid 1000)...
10-26 00:23:59.562   532   599 I PowerManagerService: Sleeping (uid 1000)...
10-26 00:23:59.596   532   599 W Adreno-EGL: <qeglDrvAPI_eglGetConfigAttrib:607>: EGL_BAD_ATTRIBUTE
10-26 00:23:59.597   532   599 I vndksupport: sphal namespace is not configured for this process. Loading /vendor/lib/hw/gralloc.msm8960.so from the current namespace instead.
10-26 00:23:59.600   532   599 W Adreno-EGL: <qeglDrvAPI_eglQueryContext:4373>: EGL_BAD_ATTRIBUTE
10-26 00:24:00.113   532   599 I DisplayPowerController: Blocking screen off
10-26 00:24:00.119   532   599 I DisplayPowerController: Unblocked screen off after 6 ms
10-26 00:24:00.130   532   643 W qcom_sensors_hal: hal_acquire_resources, no active sensors!
10-26 00:24:00.131   532   597 I DisplayManagerService: Display device changed state: "Built-in Screen", OFF
10-26 00:24:00.131   198   198 D SurfaceFlinger: Set power mode=0, type=0 flinger=0xac351000
10-26 00:24:00.135   532   670 I InputReader: Reconfiguring input devices.  changes=0x00000004
10-26 00:24:00.309   532  1473 D SurfaceControl: Excessive delay in setPowerMode(): 177ms
10-26 00:24:00.309   208   228 E ANDR-PERF-LOCK: Failed to apply optimization for resource: 4 level: 0
10-26 00:24:04.586   532  1593 D CryptdConnector: SND -> {4 cryptfs getpw}
10-26 00:24:04.588   172   178 D VoldCryptCmdListener: cryptfs getpw
10-26 00:24:04.589   532   673 D CryptdConnector: RCV <- {200 4 -1}
10-26 00:24:04.591   532  1593 D CryptdConnector: SND -> {5 cryptfs clearpw}
10-26 00:24:04.592   172   178 D VoldCryptCmdListener: cryptfs clearpw
10-26 00:24:04.592   532   673 D CryptdConnector: RCV <- {200 5 0}
10-26 00:24:04.707  1513  1513 D StatusBar: disable<e i a s b h r c s q >
10-26 00:24:04.776  1513  1629 W Adreno-EGL: <qeglDrvAPI_eglGetConfigAttrib:607>: EGL_BAD_ATTRIBUTE
10-26 00:24:04.778  1513  1629 I vndksupport: sphal namespace is not configured for this process. Loading /vendor/lib/hw/gralloc.msm8960.so from the current namespace instead.
10-26 00:24:04.782  1513  1513 D StatusBar: disable<e i a s b H!R!c s q >
10-26 00:24:06.756   532   542 I zygote  : Background concurrent copying GC freed 12183(787KB) AllocSpace objects, 3(68KB) LOS objects, 42% free, 5MB/8MB, paused 457us total 107.147ms
10-26 00:24:09.604   532   542 I zygote  : Background concurrent copying GC freed 6211(318KB) AllocSpace objects, 0(0B) LOS objects, 42% free, 5MB/8MB, paused 366us total 143.127ms
10-26 00:24:10.049   532   542 I zygote  : Background concurrent copying GC freed 6273(306KB) AllocSpace objects, 0(0B) LOS objects, 42% free, 5MB/8MB, paused 793us total 125.762ms
10-26 00:24:10.518   532   542 I zygote  : Background concurrent copying GC freed 7320(395KB) AllocSpace objects, 0(0B) LOS objects, 42% free, 5MB/8MB, paused 396us total 107.696ms
10-26 00:24:10.948   532   542 I zygote  : Background concurrent copying GC freed 6787(337KB) AllocSpace objects, 0(0B) LOS objects, 42% free, 5MB/8MB, paused 549us total 118.499ms
10-26 00:25:03.234   466   466 E kickstart: Wrote to /sys/power/wake_lock
10-26 00:25:03.380   466   466 E kickstart: Received file "/dev/block/platform/msm_sdcc.1/by-name/m9kefs1"
10-26 00:25:03.381   466   466 E kickstart: 786432 bytes transferred in 0.138s (5.42 MBps)
10-26 00:25:03.382   466   466 E kickstart: Successfully downloaded files from target 
10-26 00:25:03.383   466   466 E kickstart: Wrote to /sys/power/wake_unlock
10-26 00:25:03.387   466   466 E kickstart: Sahara protocol completed
10-26 00:25:14.560  1483  1483 D HeadsetPhoneState: sendDeviceStateChanged. mService=1 mSignal=4 mRoam=0 mBatteryCharge=4
10-26 00:25:14.575  1645  1645 D ServiceStateProvider: subId=1
10-26 00:25:14.890  1483  1483 D HeadsetPhoneState: sendDeviceStateChanged. mService=1 mSignal=5 mRoam=0 mBatteryCharge=4
10-26 00:25:16.138   532  1453 D ConnectivityService: NetworkAgentInfo [MOBILE (EDGE) - 100] EVENT_NETWORK_INFO_CHANGED, going from CONNECTED to DISCONNECTED
10-26 00:25:16.138   532  1453 D ConnectivityService: NetworkAgentInfo [MOBILE (EDGE) - 100] got DISCONNECTED, was satisfying 5
10-26 00:25:16.152  1645  2540 D DcNetworkAgent: NetworkAgent: NetworkAgent channel lost
10-26 00:25:16.153  1645  2540 D DcNetworkAgent: NetworkAgent: DcNetworkAgent: unwanted found mNetworkAgent=null, which isn't me.  Aborting unwanted
10-26 00:25:16.166  4068  4068 W iptables: type=1400 audit(0.0:192): avc: granted { getattr } for path="/vendor" dev="rootfs" ino=5775 scontext=u:r:netd:s0 tcontext=u:object_r:rootfs:s0 tclass=lnk_file
10-26 00:25:16.186  4073  4073 W ip6tables: type=1400 audit(0.0:193): avc: granted { getattr } for path="/vendor" dev="rootfs" ino=5775 scontext=u:r:netd:s0 tcontext=u:object_r:rootfs:s0 tclass=lnk_file
10-26 00:25:16.206  4078  4078 W iptables: type=1400 audit(0.0:194): avc: granted { getattr } for path="/vendor" dev="rootfs" ino=5775 scontext=u:r:netd:s0 tcontext=u:object_r:rootfs:s0 tclass=lnk_file
10-26 00:25:16.215   185   321 V IdletimerController: runCmd(/system/bin/ip6tables -w -t raw -D idletimer_raw_PREROUTING -i rmnet_usb0 -j IDLETIMER --timeout 10 --label 0 --send_nl_msg 1) res_ipv4=0, res_ipv6=0
10-26 00:25:16.226  4079  4079 W ip6tables: type=1400 audit(0.0:195): avc: granted { getattr } for path="/vendor" dev="rootfs" ino=5775 scontext=u:r:netd:s0 tcontext=u:object_r:rootfs:s0 tclass=lnk_file
10-26 00:25:16.256   185   321 V IdletimerController: runCmd(/system/bin/ip6tables -w -t mangle -D idletimer_mangle_POSTROUTING -o rmnet_usb0 -j IDLETIMER --timeout 10 --label 0 --send_nl_msg 1) res_ipv4=0, res_ipv6=0
10-26 00:25:16.257   532  1453 D ConnectivityService: Sending DISCONNECTED broadcast for type 0 NetworkAgentInfo [MOBILE (EDGE) - 100] isDefaultNetwork=true
10-26 00:25:16.266  4080  4080 W iptables: type=1400 audit(0.0:196): avc: granted { getattr } for path="/vendor" dev="rootfs" ino=5775 scontext=u:r:netd:s0 tcontext=u:object_r:rootfs:s0 tclass=lnk_file
10-26 00:25:16.286  4081  4081 W ip6tables: type=1400 audit(0.0:197): avc: granted { getattr } for path="/vendor" dev="rootfs" ino=5775 scontext=u:r:netd:s0 tcontext=u:object_r:rootfs:s0 tclass=lnk_file
10-26 00:25:16.306  4082  4082 W iptables: type=1400 audit(0.0:198): avc: granted { getattr } for path="/vendor" dev="rootfs" ino=5775 scontext=u:r:netd:s0 tcontext=u:object_r:rootfs:s0 tclass=lnk_file
10-26 00:25:16.326  4083  4083 W ip6tables: type=1400 audit(0.0:199): avc: granted { getattr } for path="/vendor" dev="rootfs" ino=5775 scontext=u:r:netd:s0 tcontext=u:object_r:rootfs:s0 tclass=lnk_file
10-26 00:25:16.346  4084  4084 W iptables: type=1400 audit(0.0:200): avc: granted { getattr } for path="/vendor" dev="rootfs" ino=5775 scontext=u:r:netd:s0 tcontext=u:object_r:rootfs:s0 tclass=lnk_file
10-26 00:25:16.366  4085  4085 W ip6tables: type=1400 audit(0.0:201): avc: granted { getattr } for path="/vendor" dev="rootfs" ino=5775 scontext=u:r:netd:s0 tcontext=u:object_r:rootfs:s0 tclass=lnk_file
10-26 00:25:16.386  4086  4086 W iptables: type=1400 audit(0.0:202): avc: granted { getattr } for path="/vendor" dev="rootfs" ino=5775 scontext=u:r:netd:s0 tcontext=u:object_r:rootfs:s0 tclass=lnk_file
10-26 00:25:16.416  4087  4087 W ip6tables: type=1400 audit(0.0:203): avc: granted { getattr } for path="/vendor" dev="rootfs" ino=5775 scontext=u:r:netd:s0 tcontext=u:object_r:rootfs:s0 tclass=lnk_file
10-26 00:25:16.436  4088  4088 W iptables: type=1400 audit(0.0:204): avc: granted { getattr } for path="/vendor" dev="rootfs" ino=5775 scontext=u:r:netd:s0 tcontext=u:object_r:rootfs:s0 tclass=lnk_file
10-26 00:25:16.456  4091  4091 W ip6tables: type=1400 audit(0.0:205): avc: granted { getattr } for path="/vendor" dev="rootfs" ino=5775 scontext=u:r:netd:s0 tcontext=u:object_r:rootfs:s0 tclass=lnk_file
10-26 00:25:16.501   532  1593 D AlarmManagerService: Kernel timezone updated to -330 minutes west of GMT
10-26 00:25:16.505   532  1578 D AlarmManagerService: Setting time of day to sec=1508957716
10-26 00:25:36.262  1645  1645 D TelephonyProvider: subIdString = 1 subId = 1
10-26 00:25:36.668   226   226 E hw-IPCThreadState: binder thread pool (1 threads) starved for 371 ms
10-26 00:25:37.613   206  4116 D DHCP    : ===== DHCP message:
10-26 00:25:37.614   206  4116 D DHCP    : op = BOOTREQUEST (1), htype = 1, hlen = 6, hops = 0
10-26 00:25:37.614   206  4116 D DHCP    : xid = 0x2d410600 secs = 0, flags = 0x8000 optlen = 14
10-26 00:25:37.614   206  4116 D DHCP    : ciaddr = 0.0.0.0
10-26 00:25:37.614   206  4116 D DHCP    : yiaddr = 0.0.0.0
10-26 00:25:37.614   206  4116 D DHCP    : siaddr = 0.0.0.0
10-26 00:25:37.614   206  4116 D DHCP    : giaddr = 0.0.0.0
10-26 00:25:37.614   206  4116 D DHCP    : chaddr = { 00  00  00  00  00  00 }
10-26 00:25:37.614   206  4116 D DHCP    : sname = ''
10-26 00:25:37.614   206  4116 D DHCP    : file = ''
10-26 00:25:37.614   206  4116 D DHCP    : op 53 len 1 { 01 } discover
10-26 00:25:37.615   206  4116 D DHCP    : op 55 len 4 { 01  03  06  1c } 
10-26 00:25:37.624   206  4116 D DHCP    : ===== DHCP message:
10-26 00:25:37.624   206  4116 D DHCP    : op = BOOTREPLY (2), htype = 1, hlen = 6, hops = 0
10-26 00:25:37.624   206  4116 D DHCP    : xid = 0x2d410600 secs = 0, flags = 0x8000 optlen = 42
10-26 00:25:37.624   206  4116 D DHCP    : ciaddr = 0.0.0.0
10-26 00:25:37.624   206  4116 D DHCP    : yiaddr = 10.98.51.89
10-26 00:25:37.624   206  4116 D DHCP    : siaddr = 10.98.51.90
10-26 00:25:37.624   206  4116 D DHCP    : giaddr = 0.0.0.0
10-26 00:25:37.624   206  4116 D DHCP    : chaddr = { 00  00  00  00  00  00 }
10-26 00:25:37.624   206  4116 D DHCP    : sname = ''
10-26 00:25:37.625   206  4116 D DHCP    : file = ''
10-26 00:25:37.625   206  4116 D DHCP    : op 53 len 1 { 02 } offer
10-26 00:25:37.625   206  4116 D DHCP    : op 1 len 4 { ff  ff  ff  fc } 
10-26 00:25:37.625   206  4116 D DHCP    : op 3 len 4 { 0a  62  33  5a } 
10-26 00:25:37.625   206  4116 D DHCP    : op 6 len 8 { 70  6e  f9  c1  70  6e  f9  c7 } 
10-26 00:25:37.625   206  4116 D DHCP    : op 51 len 4 { 00  00  1c  20 } 
10-26 00:25:37.625   206  4116 D DHCP    : op 54 len 4 { 0a  62  33  5a } 
10-26 00:25:37.625   206  4116 D DHCP    : --- dhcp offer (2) ---
10-26 00:25:37.625   206  4116 D DHCP    : ip 10.98.51.89 gw 10.98.51.90 prefixLength 30
10-26 00:25:37.625   206  4116 D DHCP    : dns1: 112.110.249.193
10-26 00:25:37.626   206  4116 D DHCP    : dns2: 112.110.249.199
10-26 00:25:37.626   206  4116 D DHCP    : server 10.98.51.90, lease 7200 seconds
10-26 00:25:37.626   206  4116 D DHCP    : ===== DHCP message:
10-26 00:25:37.626   206  4116 D DHCP    : op = BOOTREQUEST (1), htype = 1, hlen = 6, hops = 0
10-26 00:25:37.626   206  4116 D DHCP    : xid = 0x2e410600 secs = 0, flags = 0x8000 optlen = 26
10-26 00:25:37.626   206  4116 D DHCP    : ciaddr = 0.0.0.0
10-26 00:25:37.626   206  4116 D DHCP    : yiaddr = 0.0.0.0
10-26 00:25:37.626   206  4116 D DHCP    : siaddr = 0.0.0.0
10-26 00:25:37.626   206  4116 D DHCP    : giaddr = 0.0.0.0
10-26 00:25:37.626   206  4116 D DHCP    : chaddr = { 00  00  00  00  00  00 }
10-26 00:25:37.626   206  4116 D DHCP    : sname = ''
10-26 00:25:37.626   206  4116 D DHCP    : file = ''
10-26 00:25:37.627   206  4116 D DHCP    : op 53 len 1 { 03 } request
10-26 00:25:37.627   206  4116 D DHCP    : op 55 len 4 { 01  03  06  1c } 
10-26 00:25:37.627   206  4116 D DHCP    : op 50 len 4 { 0a  62  33  59 } 
10-26 00:25:37.627   206  4116 D DHCP    : op 54 len 4 { 0a  62  33  5a } 
10-26 00:25:37.632   206  4116 D DHCP    : ===== DHCP message:
10-26 00:25:37.632   206  4116 D DHCP    : op = BOOTREPLY (2), htype = 1, hlen = 6, hops = 0
10-26 00:25:37.632   206  4116 D DHCP    : xid = 0x2e410600 secs = 0, flags = 0x8000 optlen = 42
10-26 00:25:37.632   206  4116 D DHCP    : ciaddr = 0.0.0.0
10-26 00:25:37.632   206  4116 D DHCP    : yiaddr = 10.98.51.89
10-26 00:25:37.632   206  4116 D DHCP    : siaddr = 10.98.51.90
10-26 00:25:37.632   206  4116 D DHCP    : giaddr = 0.0.0.0
10-26 00:25:37.632   206  4116 D DHCP    : chaddr = { 00  00  00  00  00  00 }
10-26 00:25:37.632   206  4116 D DHCP    : sname = ''
10-26 00:25:37.632   206  4116 D DHCP    : file = ''
10-26 00:25:37.632   206  4116 D DHCP    : op 53 len 1 { 05 } ack
10-26 00:25:37.633   206  4116 D DHCP    : op 1 len 4 { ff  ff  ff  fc } 
10-26 00:25:37.633   206  4116 D DHCP    : op 3 len 4 { 0a  62  33  5a } 
10-26 00:25:37.633   206  4116 D DHCP    : op 6 len 8 { 70  6e  f9  c1  70  6e  f9  c7 } 
10-26 00:25:37.633   206  4116 D DHCP    : op 54 len 4 { 0a  62  33  5a } 
10-26 00:25:37.633   206  4116 D DHCP    : op 51 len 4 { 00  00  1c  20 } 
10-26 00:25:37.633   206  4116 D DHCP    : --- dhcp ack (5) ---
10-26 00:25:37.633   206  4116 D DHCP    : ip 10.98.51.89 gw 10.98.51.90 prefixLength 30
10-26 00:25:37.633   206  4116 D DHCP    : dns1: 112.110.249.193
10-26 00:25:37.633   206  4116 D DHCP    : dns2: 112.110.249.199
10-26 00:25:37.633   206  4116 D DHCP    : server 10.98.51.90, lease 7200 seconds
10-26 00:25:37.634   206  4116 D DHCP    : configuring rmnet_usb0
10-26 00:25:37.792   532  1593 D ConnectivityService: registerNetworkAgent NetworkAgentInfo{ ni{[type: MOBILE[EDGE], state: CONNECTED/CONNECTED, reason: connected, extra: internet, failover: false, available: true, roaming: false, metered: true]}  network{101}  nethandle{433808132830}  lp{{InterfaceName: rmnet_usb0 LinkAddresses: [10.98.51.89/30,]  Routes: [0.0.0.0/0 -> 10.98.51.90 rmnet_usb0,] DnsAddresses: [112.110.249.193,112.110.249.199,] Domains: null MTU: 1500 TcpBufferSizes: 4093,26280,70800,4096,16384,70800}}  nc{[ Transports: CELLULAR Capabilities: SUPL&INTERNET&NOT_RESTRICTED&TRUSTED&NOT_VPN LinkUpBandwidth>=59Kbps LinkDnBandwidth>=236Kbps Specifier: <1>]}  Score{10}  everValidated{false}  lastValidated{false}  created{false} lingering{false} explicitlySelected{false} acceptUnvalidated{false} everCaptivePortalDetected{false} lastCaptivePortalDetected{false} }
10-26 00:25:37.793   532  1453 D ConnectivityService: NetworkAgentInfo [MOBILE (EDGE) - 101] EVENT_NETWORK_INFO_CHANGED, going from null to CONNECTED
10-26 00:25:37.797   532  1453 D ConnectivityService: Adding iface rmnet_usb0 to network 101
10-26 00:25:37.819   532  1453 D ConnectivityService: Setting DNS servers for network 101 to [/112.110.249.193, /112.110.249.199]
10-26 00:25:37.866  4120  4120 W iptables: type=1400 audit(0.0:206): avc: granted { getattr } for path="/vendor" dev="rootfs" ino=5775 scontext=u:r:netd:s0 tcontext=u:object_r:rootfs:s0 tclass=lnk_file
10-26 00:25:37.872   532  1453 D ConnectivityService: Switching to new default network: NetworkAgentInfo{ ni{[type: MOBILE[EDGE], state: CONNECTED/CONNECTED, reason: connected, extra: internet, failover: false, available: true, roaming: false, metered: true]}  network{101}  nethandle{433808132830}  lp{{InterfaceName: rmnet_usb0 LinkAddresses: [10.98.51.89/30,]  Routes: [0.0.0.0/0 -> 10.98.51.90 rmnet_usb0,] DnsAddresses: [112.110.249.193,112.110.249.199,] Domains: null MTU: 1500 TcpBufferSizes: 4093,26280,70800,4096,16384,70800}}  nc{[ Transports: CELLULAR Capabilities: SUPL&INTERNET&NOT_RESTRICTED&TRUSTED&NOT_VPN&FOREGROUND LinkUpBandwidth>=59Kbps LinkDnBandwidth>=236Kbps Specifier: <1>]}  Score{10}  everValidated{false}  lastValidated{false}  created{true} lingering{false} explicitlySelected{false} acceptUnvalidated{false} everCaptivePortalDetected{false} lastCaptivePortalDetected{false} }
10-26 00:25:37.896  4123  4123 W ip6tables: type=1400 audit(0.0:207): avc: granted { getattr } for path="/vendor" dev="rootfs" ino=5775 scontext=u:r:netd:s0 tcontext=u:object_r:rootfs:s0 tclass=lnk_file
10-26 00:25:37.926  4136  4136 W iptables: type=1400 audit(0.0:208): avc: granted { getattr } for path="/vendor" dev="rootfs" ino=5775 scontext=u:r:netd:s0 tcontext=u:object_r:rootfs:s0 tclass=lnk_file
10-26 00:25:37.927   185   321 V IdletimerController: runCmd(/system/bin/ip6tables -w -t raw -A idletimer_raw_PREROUTING -i rmnet_usb0 -j IDLETIMER --timeout 10 --label 0 --send_nl_msg 1) res_ipv4=0, res_ipv6=0
10-26 00:25:37.946  4137  4137 W ip6tables: type=1400 audit(0.0:209): avc: granted { getattr } for path="/vendor" dev="rootfs" ino=5775 scontext=u:r:netd:s0 tcontext=u:object_r:rootfs:s0 tclass=lnk_file
10-26 00:25:37.975   185   321 V IdletimerController: runCmd(/system/bin/ip6tables -w -t mangle -A idletimer_mangle_POSTROUTING -o rmnet_usb0 -j IDLETIMER --timeout 10 --label 0 --send_nl_msg 1) res_ipv4=0, res_ipv6=0
10-26 00:25:37.980   532  1453 D ConnectivityService: Sending CONNECTED broadcast for type 0 NetworkAgentInfo [MOBILE (EDGE) - 101] isDefaultNetwork=true
10-26 00:25:37.981   532  1466 I GnssLocationProvider: WakeLock acquired by sendMessage(UPDATE_NETWORK_STATE, 0, 101)
10-26 00:25:37.987   532   588 I GnssLocationProvider: WakeLock released by handleMessage(UPDATE_NETWORK_STATE, 0, 101)
10-26 00:25:37.996  4144  4144 W iptables: type=1400 audit(0.0:210): avc: granted { getattr } for path="/vendor" dev="rootfs" ino=5775 scontext=u:r:netd:s0 tcontext=u:object_r:rootfs:s0 tclass=lnk_file
10-26 00:25:38.026  4145  4145 W ip6tables: type=1400 audit(0.0:211): avc: granted { getattr } for path="/vendor" dev="rootfs" ino=5775 scontext=u:r:netd:s0 tcontext=u:object_r:rootfs:s0 tclass=lnk_file
10-26 00:25:38.046  4146  4146 W iptables: type=1400 audit(0.0:212): avc: granted { getattr } for path="/vendor" dev="rootfs" ino=5775 scontext=u:r:netd:s0 tcontext=u:object_r:rootfs:s0 tclass=lnk_file
10-26 00:25:38.076  4147  4147 W ip6tables: type=1400 audit(0.0:213): avc: granted { getattr } for path="/vendor" dev="rootfs" ino=5775 scontext=u:r:netd:s0 tcontext=u:object_r:rootfs:s0 tclass=lnk_file
10-26 00:25:38.096  4148  4148 W iptables: type=1400 audit(0.0:214): avc: granted { getattr } for path="/vendor" dev="rootfs" ino=5775 scontext=u:r:netd:s0 tcontext=u:object_r:rootfs:s0 tclass=lnk_file
10-26 00:25:38.116  4149  4149 W ip6tables: type=1400 audit(0.0:215): avc: granted { getattr } for path="/vendor" dev="rootfs" ino=5775 scontext=u:r:netd:s0 tcontext=u:object_r:rootfs:s0 tclass=lnk_file
10-26 00:25:38.146  4150  4150 W iptables: type=1400 audit(0.0:216): avc: granted { getattr } for path="/vendor" dev="rootfs" ino=5775 scontext=u:r:netd:s0 tcontext=u:object_r:rootfs:s0 tclass=lnk_file
10-26 00:25:38.167  4155  4155 W ip6tables: type=1400 audit(0.0:217): avc: granted { getattr } for path="/vendor" dev="rootfs" ino=5775 scontext=u:r:netd:s0 tcontext=u:object_r:rootfs:s0 tclass=lnk_file
10-26 00:25:38.187  4156  4156 W iptables: type=1400 audit(0.0:218): avc: granted { getattr } for path="/vendor" dev="rootfs" ino=5775 scontext=u:r:netd:s0 tcontext=u:object_r:rootfs:s0 tclass=lnk_file
10-26 00:25:38.205   532  4119 D NetworkMonitor/NetworkAgentInfo [MOBILE (EDGE) - 101]: PROBE_DNS connectivitycheck.gstatic.com 330ms OK 216.58.203.195
10-26 00:25:38.207  4158  4158 W ip6tables: type=1400 audit(0.0:219): avc: granted { getattr } for path="/vendor" dev="rootfs" ino=5775 scontext=u:r:netd:s0 tcontext=u:object_r:rootfs:s0 tclass=lnk_file
10-26 00:25:38.229   532  4118 D NetworkMonitor/NetworkAgentInfo [MOBILE (EDGE) - 101]: PROBE_DNS www.google.com 354ms OK 216.58.196.196
10-26 00:25:38.237  4159  4159 W iptables: type=1400 audit(0.0:220): avc: granted { getattr } for path="/vendor" dev="rootfs" ino=5775 scontext=u:r:netd:s0 tcontext=u:object_r:rootfs:s0 tclass=lnk_file
10-26 00:25:38.257  4160  4160 W ip6tables: type=1400 audit(0.0:221): avc: granted { getattr } for path="/vendor" dev="rootfs" ino=5775 scontext=u:r:netd:s0 tcontext=u:object_r:rootfs:s0 tclass=lnk_file
10-26 00:25:38.277  4161  4161 W iptables: type=1400 audit(0.0:222): avc: granted { getattr } for path="/vendor" dev="rootfs" ino=5775 scontext=u:r:netd:s0 tcontext=u:object_r:rootfs:s0 tclass=lnk_file
10-26 00:25:38.297  4162  4162 W ip6tables: type=1400 audit(0.0:223): avc: granted { getattr } for path="/vendor" dev="rootfs" ino=5775 scontext=u:r:netd:s0 tcontext=u:object_r:rootfs:s0 tclass=lnk_file
10-26 00:25:38.317  4163  4163 W iptables: type=1400 audit(0.0:224): avc: granted { getattr } for path="/vendor" dev="rootfs" ino=5775 scontext=u:r:netd:s0 tcontext=u:object_r:rootfs:s0 tclass=lnk_file
10-26 00:25:38.347  4164  4164 W ip6tables: type=1400 audit(0.0:225): avc: granted { getattr } for path="/vendor" dev="rootfs" ino=5775 scontext=u:r:netd:s0 tcontext=u:object_r:rootfs:s0 tclass=lnk_file
10-26 00:25:38.387  4165  4165 W iptables: type=1400 audit(0.0:226): avc: granted { getattr } for path="/vendor" dev="rootfs" ino=5775 scontext=u:r:netd:s0 tcontext=u:object_r:rootfs:s0 tclass=lnk_file
10-26 00:25:38.417  4166  4166 W ip6tables: type=1400 audit(0.0:227): avc: granted { getattr } for path="/vendor" dev="rootfs" ino=5775 scontext=u:r:netd:s0 tcontext=u:object_r:rootfs:s0 tclass=lnk_file
10-26 00:25:38.521   532  1445 E NetdConnector: NDC Command {55 bandwidth setiquota rmnet_usb0 9223372036854775807} took too long (520ms)
10-26 00:25:38.804   532  4119 D NetworkMonitor/NetworkAgentInfo [MOBILE (EDGE) - 101]: PROBE_HTTP http://connectivitycheck.gstatic.com/generate_204 time=598ms ret=204 request={User-Agent=[Mozilla/5.0 (X11; Linux x86_64) AppleWebKit/537.36 (KHTML, like Gecko) Chrome/52.0.2743.82 Safari/537.36]} headers={null=[HTTP/1.1 204 No Content], Content-Length=[0], Date=[Wed, 25 Oct 2017 18:55:39 GMT], X-Android-Received-Millis=[1508957738804], X-Android-Response-Source=[NETWORK 204], X-Android-Selected-Protocol=[http/1.1], X-Android-Sent-Millis=[1508957738468]}
10-26 00:25:40.210   532  4118 D NetworkMonitor/NetworkAgentInfo [MOBILE (EDGE) - 101]: PROBE_HTTPS https://www.google.com/generate_204 time=1979ms ret=204 request={User-Agent=[Mozilla/5.0 (X11; Linux x86_64) AppleWebKit/537.36 (KHTML, like Gecko) Chrome/52.0.2743.82 Safari/537.36]} headers={null=[HTTP/1.1 204 No Content], Alt-Svc=[quic=":443"; ma=2592000; v="41,39,38,37,35"], Content-Length=[0], Date=[Wed, 25 Oct 2017 18:55:41 GMT], X-Android-Received-Millis=[1508957740209], X-Android-Response-Source=[NETWORK 204], X-Android-Selected-Protocol=[http/1.1], X-Android-Sent-Millis=[1508957739510]}
10-26 00:25:40.214   532  1453 D ConnectivityService: NetworkAgentInfo [MOBILE (EDGE) - 101] validation passed
10-26 00:25:57.441   532   592 E BatteryStatsService: modem info is invalid: ModemActivityInfo{ mTimestamp=0 mSleepTimeMs=0 mIdleTimeMs=0 mTxTimeMs[]=[0, 0, 0, 0, 0] mRxTimeMs=0 mEnergyUsed=0}
10-26 00:26:44.949   207   294 D ThermalDaemon: Sensor 'batt_therm' - alarm cleared 4 at 38.0 degC
10-26 00:26:44.949   207   294 D ThermalDaemon: ACTION: CPU - Setting CPU[0] to 1296000
10-26 00:26:44.949   207   294 D ThermalDaemon: ACTION: CPU - Setting CPU[1] to 1296000
10-26 00:26:44.950   207   294 D ThermalDaemon: ACTION: CPU - Setting CPU[2] to 1296000
10-26 00:26:44.950   207   294 D ThermalDaemon: ACTION: CPU - Setting CPU[3] to 1296000
10-26 00:26:44.950   207   294 D ThermalDaemon: ACTION: GPU - Setting GPU[0] to 325000000
10-26 00:26:44.952   207   294 D ThermalDaemon: ACTION: LCD - Setting max LCD brightness to 192
10-26 00:26:44.952   207   294 D ThermalDaemon: ACTION: BATTERY - Setting battery charging mitigation to 0
10-26 00:26:46.453   466   466 E kickstart: Wrote to /sys/power/wake_lock
10-26 00:26:46.610   466   466 E kickstart: Received file "/dev/block/platform/msm_sdcc.1/by-name/m9kefs2"
10-26 00:26:46.610   466   466 E kickstart: 786432 bytes transferred in 0.149s (5.03 MBps)
10-26 00:26:46.610   466   466 E kickstart: Successfully downloaded files from target 
10-26 00:26:46.610   466   466 E kickstart: Wrote to /sys/power/wake_unlock
10-26 00:26:46.614   466   466 E kickstart: Sahara protocol completed
10-26 00:27:14.140   532   588 I GnssLocationProvider: WakeLock acquired by handleDownloadXtraData()
10-26 00:27:14.145   532  4175 E GpsXtraDownloader: No XTRA servers were specified in the GPS configuration
10-26 00:27:14.148   532  4175 I GnssLocationProvider: WakeLock acquired by sendMessage(DOWNLOAD_XTRA_DATA_FINISHED, 0, null)
10-26 00:27:14.150   532   588 I GnssLocationProvider: WakeLock released by handleMessage(DOWNLOAD_XTRA_DATA_FINISHED, 0, null)
10-26 00:27:37.666  1483  1483 D HeadsetPhoneState: sendDeviceStateChanged. mService=1 mSignal=4 mRoam=0 mBatteryCharge=4
10-26 00:27:38.907  1483  1483 D HeadsetPhoneState: sendDeviceStateChanged. mService=1 mSignal=4 mRoam=0 mBatteryCharge=4
10-26 00:27:38.919  1645  1645 D ServiceStateProvider: subId=1
10-26 00:27:54.529   532  1588 D AlarmManagerService: Kernel timezone updated to -330 minutes west of GMT
10-26 00:27:54.532   532  1997 D AlarmManagerService: Setting time of day to sec=1508957875
10-26 00:28:16.763   532   670 I PowerManagerService: Waking up from sleep (uid 1000)...
10-26 00:28:16.780   532   599 I DisplayPowerController: Blocking screen on until initial contents have been drawn.
10-26 00:28:16.794   532   643 W qcom_sensors_hal: hal_acquire_resources, no active sensors!
10-26 00:28:16.813   532   597 I DisplayManagerService: Display device changed state: "Built-in Screen", ON
10-26 00:28:16.837   198   198 D SurfaceFlinger: Set power mode=2, type=0 flinger=0xac351000
10-26 00:28:16.900   532   670 I InputReader: Reconfiguring input devices.  changes=0x00000004
10-26 00:28:17.002   532   599 I DisplayPowerController: Unblocked screen on after 222 ms
10-26 00:28:17.018   208   228 E ANDR-PERF-LOCK: Failed to reset optimization for resource: 4 level: 0
10-26 00:28:17.027   532  1473 D SurfaceControl: Excessive delay in setPowerMode(): 190ms
10-26 00:28:17.029   532   599 W PowerManagerService: Screen on took 271 ms
10-26 00:28:18.155  1513  1513 D StatusBar: disable<e i a s b H R c s q >
10-26 00:28:18.194  1513  1513 D StatusBar: disable<e i a s b H R c s q >
10-26 00:28:18.214  2088  2238 W Adreno-EGL: <qeglDrvAPI_eglGetConfigAttrib:607>: EGL_BAD_ATTRIBUTE
10-26 00:28:18.250  2088  2238 I vndksupport: sphal namespace is not configured for this process. Loading /vendor/lib/hw/gralloc.msm8960.so from the current namespace instead.
10-26 00:28:18.272  1513  1513 D StatusBar: disable<e i a s b H R c s q >
10-26 00:28:18.273  1513  1513 D StatusBar: disable<e i a s b H R c s q >
10-26 00:28:18.283  1513  1571 W AudioTrack: AUDIO_OUTPUT_FLAG_FAST denied by client; transfer 4, track 44100 Hz, output 48000 Hz
10-26 00:28:18.292   210  2908 D ACDB-LOADER: ACDB -> send_afe_cal
10-26 00:28:18.292   210  2908 D audio_hw_primary: enable_snd_device: snd_device(2: speaker)
10-26 00:28:18.302   210  2908 D audio_hw_primary: enable_audio_route: usecase(1) apply and update mixer path: low-latency-playback
10-26 00:28:18.317  1513  1629 W Adreno-EGL: <qeglDrvAPI_eglGetConfigAttrib:607>: EGL_BAD_ATTRIBUTE
10-26 00:28:18.321  1513  1629 I vndksupport: sphal namespace is not configured for this process. Loading /vendor/lib/hw/gralloc.msm8960.so from the current namespace instead.
10-26 00:28:18.327  1513  1513 D StatusBar: disable<e i a s b h!r!c s q >
10-26 00:28:18.736  1513  1629 W Adreno-EGL: <qeglDrvAPI_eglGetConfigAttrib:607>: EGL_BAD_ATTRIBUTE
10-26 00:28:18.737  1513  1629 I vndksupport: sphal namespace is not configured for this process. Loading /vendor/lib/hw/gralloc.msm8960.so from the current namespace instead.
10-26 00:28:18.776  2088  2238 W OpenGLRenderer: Incorrectly called buildLayer on View: ShortcutAndWidgetContainer, destroying layer...
10-26 00:28:20.375   532  1578 I ActivityManager: START u0 {act=android.intent.action.MAIN cat=[android.intent.category.LAUNCHER] flg=0x10200000 cmp=com.android.settings/.Settings bnds=[18,846][201,1066]} from uid 10013
10-26 00:28:20.516  1694  1694 I chatty  : uid=1000(system) com.android.settings expire 12 lines
10-26 00:28:20.551  1694  4269 I chatty  : uid=1000(system) com.android.settings expire 1 line
10-26 00:28:20.596  1694  4272 I chatty  : uid=1000(system) com.android.settings expire 7 lines
10-26 00:28:20.814   532   597 I ActivityManager: Displayed com.android.settings/.Settings: +413ms
10-26 00:28:20.836  1694  4272 W Bundle  : Attempt to cast generated internal exception:
10-26 00:28:20.836  1694  4272 W Bundle  : java.lang.ClassCastException: java.lang.Integer cannot be cast to java.lang.String
10-26 00:28:20.836  1694  4272 W Bundle  : 	at android.os.BaseBundle.getString(BaseBundle.java:1089)
10-26 00:28:20.836  1694  4272 W Bundle  : 	at com.android.settingslib.SuggestionParser.getDismissControl(SuggestionParser.java:362)
10-26 00:28:20.836  1694  4272 W Bundle  : 	at com.android.settingslib.SuggestionParser.dismissSuggestion(SuggestionParser.java:153)
10-26 00:28:20.836  1694  4272 W Bundle  : 	at com.android.settings.dashboard.suggestions.SuggestionFeatureProviderImpl.dismissSuggestion(SuggestionFeatureProviderImpl.java:74)
10-26 00:28:20.836  1694  4272 W Bundle  : 	at com.android.settings.dashboard.DashboardSummary$SuggestionLoader.doInBackground(DashboardSummary.java:258)
10-26 00:28:20.836  1694  4272 W Bundle  : 	at com.android.settings.dashboard.DashboardSummary$SuggestionLoader.doInBackground(DashboardSummary.java:240)
10-26 00:28:20.836  1694  4272 W Bundle  : 	at android.os.AsyncTask$2.call(AsyncTask.java:333)
10-26 00:28:20.836  1694  4272 W Bundle  : 	at java.util.concurrent.FutureTask.run(FutureTask.java:266)
10-26 00:28:20.836  1694  4272 W Bundle  : 	at android.os.AsyncTask$SerialExecutor$1.run(AsyncTask.java:245)
10-26 00:28:20.836  1694  4272 W Bundle  : 	at java.util.concurrent.ThreadPoolExecutor.runWorker(ThreadPoolExecutor.java:1162)
10-26 00:28:20.836  1694  4272 W Bundle  : 	at java.util.concurrent.ThreadPoolExecutor$Worker.run(ThreadPoolExecutor.java:636)
10-26 00:28:20.836  1694  4272 W Bundle  : 	at java.lang.Thread.run(Thread.java:764)
10-26 00:28:20.837   532  1578 D PackageManager: Ephemeral installer not found with new action; try old one
10-26 00:28:20.837   532  1578 D PackageManager: Clear ephemeral installer activity
10-26 00:28:20.853  1694  4277 W TileUtils: Found com.android.settings.backup.BackupSettingsActivity for intent Intent { act=com.android.settings.action.SETTINGS pkg=com.android.settings } missing metadata com.android.settings.category
10-26 00:28:20.949  1694  4277 I IndexDatabaseHelper: Bootstrapped database
10-26 00:28:20.974  1694  4277 I IndexDatabaseHelper: Using schema version: 117
10-26 00:28:20.976  1694  4277 I IndexDatabaseHelper: Index is fine
10-26 00:28:21.000  1694  4277 D DatabaseIndexingManager: Indexing locale 'en_US' took 23 millis
10-26 00:28:21.033  1694  4277 D DatabaseIndexingManager: Indexing locale 'en_US' took 15 millis
10-26 00:28:21.069  1694  4277 D DatabaseIndexingManager: Indexing locale 'en_US' took 4 millis
10-26 00:28:21.140  1694  4277 D DatabaseIndexingManager: Indexing locale 'en_US' took 67 millis
10-26 00:28:21.375  1694  4277 D DatabaseIndexingManager: Indexing locale 'en_US' took 197 millis
10-26 00:28:21.480  1694  4277 D DatabaseIndexingManager: Indexing locale 'en_US' took 64 millis
10-26 00:28:21.531  1694  4277 D DatabaseIndexingManager: Indexing locale 'en_US' took 11 millis
10-26 00:28:21.548  1694  1701 I zygote  : Do partial code cache collection, code=31KB, data=26KB
10-26 00:28:21.549  1694  1701 I zygote  : After code cache collection, code=30KB, data=26KB
10-26 00:28:21.549  1694  1701 I zygote  : Increasing code cache capacity to 128KB
10-26 00:28:21.554   532  1578 D PackageManager: Ephemeral installer not found with new action; try old one
10-26 00:28:21.554   532  1578 D PackageManager: Clear ephemeral installer activity
10-26 00:28:21.555   532  1997 D PackageManager: Ephemeral installer not found with new action; try old one
10-26 00:28:21.555   532  1997 D PackageManager: Clear ephemeral installer activity
10-26 00:28:21.557   532  1588 D PackageManager: Ephemeral installer not found with new action; try old one
