10-01 17:27:38.623  1253  1253 D SystemServerTiming: StartUserManagerService took to complete: 4ms
10-01 17:27:38.623  1253  1253 I SystemServer: InitAttributerCache
10-01 17:27:38.623  1253  1253 D SystemServerTiming: InitAttributerCache took to complete: 0ms
10-01 17:27:38.624  1253  1253 I SystemServer: SetSystemProcess
10-01 17:27:38.638   198   198 I lowmemorykiller: ActivityManager connected
10-01 17:27:38.639  1253  1253 D SystemServerTiming: SetSystemProcess took to complete: 16ms
10-01 17:27:38.644  1253  1306 I ServiceThread: Enabled StrictMode logging for android.anim looper.
10-01 17:27:38.644  1253  1253 I SystemServer: StartOverlayManagerService
10-01 17:27:38.649  1253  1253 D SystemServerTiming: StartOverlayManagerService took to complete: 5ms
10-01 17:27:38.650  1253  1253 I SystemServer: StartDropBoxManager
10-01 17:27:38.650  1253  1307 D SystemServerInitThreadPool: Started executing Init OverlayManagerService
10-01 17:27:38.651  1253  1253 I SystemServiceManager: Starting com.android.server.DropBoxManagerService
10-01 17:27:38.653  1253  1308 D SystemServerInitThreadPool: Started executing StartSensorService
10-01 17:27:38.653  1253  1308 D SensorService: nuSensorService starting...
10-01 17:27:38.656   166   166 W /system/bin/hwservicemanager: getTransportFromManifest: Cannot find entry android.hardware.sensors@1.0::ISensors in either framework or device manifest, using default transport.
10-01 17:27:38.656  1253  1253 D SystemServerTiming: StartDropBoxManager took to complete: 5ms
10-01 17:27:38.656  1253  1253 I SystemServer: StartBatteryService
10-01 17:27:38.657  1253  1253 I SystemServiceManager: Starting com.android.server.BatteryService
10-01 17:27:38.669  1253  1264 E LightsService: Light requested not available on this device. 3
10-01 17:27:38.669  1253  1253 D SystemServerTiming: StartBatteryService took to complete: 13ms
10-01 17:27:38.670  1253  1253 I SystemServer: StartUsageService
10-01 17:27:38.670  1253  1253 I SystemServiceManager: Starting com.android.server.usage.UsageStatsService
10-01 17:27:38.678  1253  1308 I vndksupport: sphal namespace is not configured for this process. Loading /vendor/lib/hw/sensors.msm8960.so from the current namespace instead.
10-01 17:27:38.679  1253  1253 D SystemServerTiming: StartUsageService took to complete: 10ms
10-01 17:27:38.679  1253  1253 I SystemServer: StartWebViewUpdateService
10-01 17:27:38.679  1253  1253 I SystemServiceManager: Starting com.android.server.webkit.WebViewUpdateService
10-01 17:27:38.682  1253  1253 E SystemImpl: Found an element that is not a WebView provider
10-01 17:27:38.687  1253  1253 D SystemServerTiming: StartWebViewUpdateService took to complete: 8ms
10-01 17:27:38.689  1253  1253 I SystemServer: StartKeyAttestationApplicationIdProviderService
10-01 17:27:38.689  1253  1266 D SystemServerInitThreadPool: Started executing SecondaryZygotePreload
10-01 17:27:38.689  1253  1266 I SystemServer: SecondaryZygotePreload
10-01 17:27:38.692  1253  1266 I Zygote  : Process: zygote socket zygote opened, supported ABIS: armeabi-v7a,armeabi
10-01 17:27:38.693  1253  1253 D SystemServerTiming: StartKeyAttestationApplicationIdProviderService took to complete: 4ms
10-01 17:27:38.694  1253  1253 I SystemServer: StartKeyChainSystemService
10-01 17:27:38.694  1253  1253 I SystemServiceManager: Starting com.android.server.security.KeyChainSystemService
10-01 17:27:38.695  1253  1253 D SystemServerTiming: StartKeyChainSystemService took to complete: 0ms
10-01 17:27:38.695  1253  1253 I SystemServer: StartSchedulingPolicyService
10-01 17:27:38.696  1253  1253 D SystemServerTiming: StartSchedulingPolicyService took to complete: 1ms
10-01 17:27:38.696  1253  1253 I SystemServer: StartTelecomLoaderService
10-01 17:27:38.696  1253  1253 I SystemServiceManager: Starting com.android.server.telecom.TelecomLoaderService
10-01 17:27:38.697  1253  1253 D SystemServerTiming: StartTelecomLoaderService took to complete: 1ms
10-01 17:27:38.697  1253  1253 I SystemServer: StartTelephonyRegistry
10-01 17:27:38.699  1253  1307 D SystemServerInitThreadPool: Finished executing Init OverlayManagerService
10-01 17:27:38.702  1253  1266 E SystemServer: Unable to preload default resources
10-01 17:27:38.703  1253  1266 D SystemServerTimingAsync: SecondaryZygotePreload took to complete: 13ms
10-01 17:27:38.703  1253  1266 D SystemServerInitThreadPool: Finished executing SecondaryZygotePreload
10-01 17:27:38.703  1253  1253 D SystemServerTiming: StartTelephonyRegistry took to complete: 6ms
10-01 17:27:38.703  1253  1253 I SystemServer: StartEntropyMixer
10-01 17:27:38.707  1253  1253 I EntropyMixer: Added HW RNG output to entropy pool
10-01 17:27:38.707  1253  1253 I EntropyMixer: Writing entropy...
10-01 17:27:38.723  1253  1253 D SystemServerTiming: StartEntropyMixer took to complete: 19ms
10-01 17:27:38.723  1253  1253 I SystemServer: Camera Service Proxy
10-01 17:27:38.723  1253  1253 I SystemServer: StartCameraServiceProxy
10-01 17:27:38.723  1253  1253 I SystemServiceManager: Starting com.android.server.camera.CameraServiceProxy
10-01 17:27:38.726  1253  1311 I ServiceThread: Enabled StrictMode logging for CameraService_proxy looper.
10-01 17:27:38.728  1253  1253 D SystemServerTiming: StartCameraServiceProxy took to complete: 4ms
10-01 17:27:38.728  1253  1253 I SystemServer: StartAccountManagerService
10-01 17:27:38.728  1253  1253 I SystemServiceManager: Starting com.android.server.accounts.AccountManagerService$Lifecycle
10-01 17:27:38.739  1253  1253 D SystemServerTiming: StartAccountManagerService took to complete: 11ms
10-01 17:27:38.739  1253  1253 I SystemServer: StartContentService
10-01 17:27:38.739  1253  1253 I SystemServiceManager: Starting com.android.server.content.ContentService$Lifecycle
10-01 17:27:38.743  1253  1253 D SystemServerTiming: StartContentService took to complete: 3ms
10-01 17:27:38.745  1253  1253 I SystemServer: InstallSystemProviders
10-01 17:27:38.825  1253  1253 I SettingsState: No settings state /data/system/users/0/settings_ssaid.xml
10-01 17:27:38.841  1253  1253 D SystemServerTiming: InstallSystemProviders took to complete: 96ms
10-01 17:27:38.841  1253  1253 I SystemServer: StartVibratorService
10-01 17:27:38.843   166   166 W /system/bin/hwservicemanager: getTransportFromManifest: Cannot find entry android.hardware.vibrator@1.0::IVibrator in either framework or device manifest, using default transport.
10-01 17:27:38.849  1253  1253 I vndksupport: sphal namespace is not configured for this process. Loading /vendor/lib/hw/vibrator.default.so from the current namespace instead.
10-01 17:27:38.851  1253  1253 D         : Vibrator using timed_output
10-01 17:27:38.854  1253  1253 D SystemServerTiming: StartVibratorService took to complete: 13ms
10-01 17:27:38.855  1253  1253 I SystemServer: StartConsumerIrService
10-01 17:27:38.856   166   166 W /system/bin/hwservicemanager: getTransportFromManifest: Cannot find entry android.hardware.ir@1.0::IConsumerIr in either framework or device manifest, using default transport.
10-01 17:27:38.857  1253  1253 D SystemServerTiming: StartConsumerIrService took to complete: 3ms
10-01 17:27:38.857  1253  1253 I SystemServer: StartAlarmManagerService
10-01 17:27:38.857  1253  1253 I SystemServiceManager: Starting com.android.server.AlarmManagerService
10-01 17:27:38.861  1253  1253 D AlarmManagerService: Kernel timezone updated to 0 minutes west of GMT
10-01 17:27:38.866  1253  1253 D SystemServerTiming: StartAlarmManagerService took to complete: 9ms
10-01 17:27:38.866  1253  1253 I SystemServer: InitWatchdog
10-01 17:27:38.867  1253  1253 D SystemServerTiming: InitWatchdog took to complete: 1ms
10-01 17:27:38.867  1253  1253 I SystemServer: StartInputManagerService
10-01 17:27:38.868  1253  1253 I InputManager: Initializing input manager, mUseDevInputEventForAudioJack=true
10-01 17:27:38.869  1253  1253 D SystemServerTiming: StartInputManagerService took to complete: 2ms
10-01 17:27:38.869  1253  1253 I SystemServer: StartWindowManagerService
10-01 17:27:38.990  1253  1302 D SystemServerTimingAsync: AppDataPrepare took to complete: 524ms
10-01 17:27:38.990  1253  1302 I PackageManager: Deferred reconcileAppsData finished 61 packages
10-01 17:27:38.990  1253  1302 D SystemServerInitThreadPool: Finished executing prepareAppData
10-01 17:27:39.707  1253  1308 E libsensor1: sensor1_open: Error in connect() errno=2 No such file or directory
10-01 17:27:39.708  1253  1308 E sensor_reg: sensor_reg_sensor1_open: sensor1_open returned 11
10-01 17:27:39.708  1253  1308 E qcom_sensors_hal: hal_init: Error in sensor_reg_open(): -1
10-01 17:27:39.708  1253  1308 F zygote  : Sensors.cpp:98] Check failed: getHalDeviceVersion() >= ((((1) & 0xff) << 24) | (((3) & 0xff) << 16) | ((1) & 0xffff)) (getHalDeviceVersion()=16777217, ((((1) & 0xff) << 24) | (((3) & 0xff) << 16) | ((1) & 0xffff))=16973825) 
10-01 17:27:39.709  1253  1308 F libc    : Fatal signal 6 (SIGABRT), code -6 in tid 1308 (system-server-i)
10-01 17:27:39.767  1318  1318 E android.hardware.nfc@1.0-impl: hw_get_module nfc_nci failed: -2
10-01 17:27:39.767  1318  1318 E android.hardware.nfc@1.0-impl: Passthrough failed to load legacy HAL.
10-01 17:27:39.768  1318  1318 E android.hardware.nfc@1.0-service: Could not get passthrough implementation for android.hardware.nfc@1.0::INfc/default.
10-01 17:27:39.834  1321  1321 I crash_dump32: obtaining output fd from tombstoned
10-01 17:27:39.835   232   232 I /system/bin/tombstoned: received crash request for pid 1253
10-01 17:27:39.836  1321  1321 I crash_dump32: performing dump of process 1253 (target tid = 1308)
10-01 17:27:39.836  1253  1308 F libc    : failed to resend signal during crash: Operation not permitted
10-01 17:27:39.837  1321  1321 E DEBUG   : unexpected waitpid response: n=1308, status=00000100
10-01 17:27:39.839   232   232 W /system/bin/tombstoned: crash socket received short read of length 0 (expected 8)
10-01 17:27:39.857   165   165 I ServiceManager: service 'display' died
10-01 17:27:39.857   165   165 I ServiceManager: service 'meminfo' died
10-01 17:27:39.857   165   165 I ServiceManager: service 'gfxinfo' died
10-01 17:27:39.857   165   165 I ServiceManager: service 'dbinfo' died
10-01 17:27:39.857   165   165 I ServiceManager: service 'cpuinfo' died
10-01 17:27:39.857   165   165 I ServiceManager: service 'permission' died
10-01 17:27:39.857   165   165 I ServiceManager: service 'processinfo' died
10-01 17:27:39.857   165   165 I ServiceManager: service 'procstats' died
10-01 17:27:39.857   165   165 I ServiceManager: service 'activity' died
10-01 17:27:39.857   165   165 I ServiceManager: service 'user' died
10-01 17:27:39.857   165   165 I ServiceManager: service 'otadexopt' died
10-01 17:27:39.857   165   165 I ServiceManager: service 'package' died
10-01 17:27:39.857   165   165 I ServiceManager: service 'webviewupdate' died
10-01 17:27:39.858   165   165 I ServiceManager: service 'dropbox' died
10-01 17:27:39.858   165   165 I ServiceManager: service 'battery' died
10-01 17:27:39.858   165   165 I ServiceManager: service 'overlay' died
10-01 17:27:39.858   165   165 I ServiceManager: service 'sec_key_att_app_id_provider' died
10-01 17:27:39.858   165   165 I ServiceManager: service 'usagestats' died
10-01 17:27:39.858   165   165 I ServiceManager: service 'scheduling_policy' died
10-01 17:27:39.858   165   165 I ServiceManager: service 'telephony.registry' died
10-01 17:27:39.858   165   165 I ServiceManager: service 'media.camera.proxy' died
10-01 17:27:39.858   165   165 I ServiceManager: service 'account' died
10-01 17:27:39.858   165   165 I ServiceManager: service 'content' died
10-01 17:27:39.858   165   165 I ServiceManager: service 'settings' died
10-01 17:27:39.858   165   165 I ServiceManager: service 'vibrator' died
10-01 17:27:39.858   165   165 I ServiceManager: service 'consumer_ir' died
10-01 17:27:39.858   165   165 I ServiceManager: service 'alarm' died
10-01 17:27:39.858   165   165 I ServiceManager: service 'device_identifiers' died
10-01 17:27:39.858   165   165 I ServiceManager: service 'batterystats' died
10-01 17:27:39.858   165   165 I ServiceManager: service 'appops' died
10-01 17:27:39.858   165   165 I ServiceManager: service 'power' died
10-01 17:27:39.858   165   165 I ServiceManager: service 'recovery' died
10-01 17:27:40.003   198   198 I lowmemorykiller: ActivityManager disconnected
10-01 17:27:40.003   198   198 I lowmemorykiller: Closing Activity Manager data connection
10-01 17:27:40.408  1322  1322 E linker  : "/system/vendor/lib/libmmjpeg.so" has text relocations
10-01 17:27:40.409  1322  1322 F libc    : CANNOT LINK EXECUTABLE "/vendor/bin/mm-qcamera-daemon": "/system/vendor/lib/libmmjpeg.so" has text relocations
10-01 17:27:40.410  1322  1322 F libc    : Fatal signal 6 (SIGABRT), code -6 in tid 1322 (mm-qcamera-daem)
10-01 17:27:40.443  1325  1325 I crash_dump32: obtaining output fd from tombstoned
10-01 17:27:40.444   232   232 I /system/bin/tombstoned: received crash request for pid 1322
10-01 17:27:40.445  1325  1325 I crash_dump32: performing dump of process 1322 (target tid = 1322)
10-01 17:27:40.445  1322  1322 F libc    : failed to resend signal during crash: Operation not permitted
10-01 17:27:40.447   232   232 W /system/bin/tombstoned: crash socket received short read of length 0 (expected 8)
10-01 17:27:40.454  1158  1158 I Zygote  : Process 1253 exited cleanly (1)
10-01 17:27:40.454  1158  1158 E Zygote  : Exit zygote because system server (1253) has terminated
10-01 17:27:40.501   165   165 I ServiceManager: service 'media.audio_flinger' died
10-01 17:27:40.501   165   165 I ServiceManager: service 'media.audio_policy' died
10-01 17:27:40.501   165   165 I ServiceManager: service 'media.radio' died
10-01 17:27:40.501   165   165 I ServiceManager: service 'media.aaudio' died
10-01 17:27:40.501   165   165 I ServiceManager: service 'media.sound_trigger_hw' died
10-01 17:27:40.517   165   165 I ServiceManager: service 'media.camera' died
10-01 17:27:40.556   165   165 I ServiceManager: service 'media.player' died
10-01 17:27:40.556   165   165 I ServiceManager: service 'media.resource_manager' died
10-01 17:27:40.566   165   165 I ServiceManager: service 'netd' died
10-01 17:27:40.584   165   165 I ServiceManager: service 'wificond' died
10-01 17:27:40.711  1331  1331 W netd    : type=1400 audit(0.0:99): avc: granted { getattr } for path="/vendor" dev="rootfs" ino=4768 scontext=u:r:netd:s0 tcontext=u:object_r:rootfs:s0 tclass=lnk_file
10-01 17:27:40.779  1332  1332 I wificond: wificond is starting up...
10-01 17:27:40.793  1331  1331 I Netd    : Netd 1.0 starting
10-01 17:27:40.794  1331  1331 D TetherController: Setting IP forward enable = 0
10-01 17:27:40.812  1341  1341 W iptables-restor: type=1400 audit(0.0:100): avc: granted { getattr } for path="/vendor" dev="rootfs" ino=4768 scontext=u:r:netd:s0 tcontext=u:object_r:rootfs:s0 tclass=lnk_file
10-01 17:27:40.832  1342  1342 W ip6tables-resto: type=1400 audit(0.0:101): avc: granted { getattr } for path="/vendor" dev="rootfs" ino=4768 scontext=u:r:netd:s0 tcontext=u:object_r:rootfs:s0 tclass=lnk_file
10-01 17:27:40.872  1343  1343 W iptables: type=1400 audit(0.0:102): avc: granted { getattr } for path="/vendor" dev="rootfs" ino=4768 scontext=u:r:netd:s0 tcontext=u:object_r:rootfs:s0 tclass=lnk_file
10-01 17:27:40.922  1344  1344 W ip6tables: type=1400 audit(0.0:103): avc: granted { getattr } for path="/vendor" dev="rootfs" ino=4768 scontext=u:r:netd:s0 tcontext=u:object_r:rootfs:s0 tclass=lnk_file
10-01 17:27:40.972  1345  1345 W iptables: type=1400 audit(0.0:104): avc: granted { getattr } for path="/vendor" dev="rootfs" ino=4768 scontext=u:r:netd:s0 tcontext=u:object_r:rootfs:s0 tclass=lnk_file
10-01 17:27:41.012  1346  1346 W ip6tables: type=1400 audit(0.0:105): avc: granted { getattr } for path="/vendor" dev="rootfs" ino=4768 scontext=u:r:netd:s0 tcontext=u:object_r:rootfs:s0 tclass=lnk_file
10-01 17:27:41.062  1347  1347 W iptables: type=1400 audit(0.0:106): avc: granted { getattr } for path="/vendor" dev="rootfs" ino=4768 scontext=u:r:netd:s0 tcontext=u:object_r:rootfs:s0 tclass=lnk_file
10-01 17:27:41.122  1348  1348 W ip6tables: type=1400 audit(0.0:107): avc: granted { getattr } for path="/vendor" dev="rootfs" ino=4768 scontext=u:r:netd:s0 tcontext=u:object_r:rootfs:s0 tclass=lnk_file
10-01 17:27:41.155  1328  1328 I FastMixerState: sMaxFastTracks = 8
10-01 17:27:41.157  1328  1328 I audioserver: ServiceManager: 0xa9b174a0
10-01 17:27:41.158  1328  1328 W BatteryNotifier: batterystats service unavailable!
10-01 17:27:41.160   166   166 W /system/bin/hwservicemanager: getTransportFromManifest: Cannot find entry android.hardware.audio@2.0::IDevicesFactory in either framework or device manifest, using default transport.
10-01 17:27:41.169   166   166 W /system/bin/hwservicemanager: getTransportFromManifest: Cannot find entry android.hardware.audio.effect@2.0::IEffectsFactory in either framework or device manifest, using default transport.
10-01 17:27:41.180  1330  1330 I mediaserver: ServiceManager: 0xae597540
10-01 17:27:41.181  1330  1330 W BatteryNotifier: batterystats service unavailable!
10-01 17:27:41.183  1328  1328 I AudioFlinger: Using default 3000 mSec as standby time.
10-01 17:27:41.186  1328  1328 I APM::ConfigParsingUtils: loadAudioPolicyConfig() loaded /system/etc/audio_policy.conf
10-01 17:27:41.187  1328  1328 I vndksupport: sphal namespace is not configured for this process. Loading /vendor/lib/hw/audio.primary.msm8960.so from the current namespace instead.
10-01 17:27:41.196  1328  1328 D audio_hw_primary: adev_open: enter
10-01 17:27:41.212  1360  1360 W iptables: type=1400 audit(0.0:110): avc: granted { getattr } for path="/vendor" dev="rootfs" ino=4768 scontext=u:r:netd:s0 tcontext=u:object_r:rootfs:s0 tclass=lnk_file
10-01 17:27:41.232  1361  1361 W ip6tables: type=1400 audit(0.0:111): avc: granted { getattr } for path="/vendor" dev="rootfs" ino=4768 scontext=u:r:netd:s0 tcontext=u:object_r:rootfs:s0 tclass=lnk_file
10-01 17:27:41.264  1329  1329 I cameraserver: ServiceManager: 0xa83974e0
10-01 17:27:41.264  1329  1329 I CameraService: CameraService started (pid=1329)
10-01 17:27:41.264  1329  1329 I CameraService: CameraService process starting
10-01 17:27:41.265  1329  1329 W BatteryNotifier: batterystats service unavailable!
10-01 17:27:41.265  1329  1329 W BatteryNotifier: batterystats service unavailable!
10-01 17:27:41.268   166   166 W /system/bin/hwservicemanager: getTransportFromManifest: Cannot find entry android.hardware.camera.provider@2.4::ICameraProvider in either framework or device manifest, using default transport.
10-01 17:27:41.268  1328  1328 E audio_route: unknown enum value string Off for ctl TTY Mode
10-01 17:27:41.284  1329  1329 I QCameraHAL: Handle base =0x0xa7ef1068
10-01 17:27:41.284  1329  1329 I QCameraHAL: getCameraInfo: numOfCameras = 2
10-01 17:27:41.284  1329  1329 I QCameraHAL: Handle [0]=0x0xa7ef1068
10-01 17:27:41.284  1329  1329 I QCameraHAL: Camera sensor 0 info:
10-01 17:27:41.284  1329  1329 I QCameraHAL: camera_id: 0
10-01 17:27:41.284  1329  1329 I QCameraHAL: modes_supported: 1
10-01 17:27:41.284  1329  1329 I QCameraHAL: position: 0
10-01 17:27:41.284  1329  1329 I QCameraHAL: sensor_mount_angle: 90
10-01 17:27:41.284  1329  1329 I QCameraHAL: Handle [1]=0x0xa7ef10a8
10-01 17:27:41.284  1329  1329 I QCameraHAL: Camera sensor 1 info:
10-01 17:27:41.284  1329  1329 I QCameraHAL: camera_id: 1
10-01 17:27:41.284  1329  1329 I QCameraHAL: modes_supported: 1
10-01 17:27:41.284  1329  1329 I QCameraHAL: position: 1
10-01 17:27:41.284  1329  1329 I QCameraHAL: sensor_mount_angle: 270
10-01 17:27:41.284  1329  1329 I CamProvider@2.4-impl: Loaded "Qcamera" camera module
10-01 17:27:41.284  1329  1329 I CamProvider@2.4-impl: setUpVendorTags: No vendor tags defined for this device.
10-01 17:27:41.284  1329  1329 I QCameraHAL: Handle base =0x0xa7ef1068
10-01 17:27:41.284  1329  1329 I QCameraHAL: getCameraInfo: numOfCameras = 2
10-01 17:27:41.284  1329  1329 I QCameraHAL: Handle [0]=0x0xa7ef1068
10-01 17:27:41.284  1329  1329 I QCameraHAL: Camera sensor 0 info:
10-01 17:27:41.284  1329  1329 I QCameraHAL: camera_id: 0
10-01 17:27:41.284  1329  1329 I QCameraHAL: modes_supported: 1
10-01 17:27:41.284  1329  1329 I QCameraHAL: position: 0
10-01 17:27:41.284  1329  1329 I QCameraHAL: sensor_mount_angle: 90
10-01 17:27:41.284  1329  1329 I QCameraHAL: Handle [1]=0x0xa7ef10a8
10-01 17:27:41.285  1329  1329 I QCameraHAL: Camera sensor 1 info:
10-01 17:27:41.285  1329  1329 I QCameraHAL: camera_id: 1
10-01 17:27:41.285  1329  1329 I QCameraHAL: modes_supported: 1
10-01 17:27:41.285  1329  1329 I QCameraHAL: position: 1
10-01 17:27:41.285  1329  1329 I QCameraHAL: sensor_mount_angle: 270
10-01 17:27:41.289  1329  1329 I CameraProviderManager: Connecting to new camera provider: legacy/0, isRemote? 0
10-01 17:27:41.289  1329  1329 I CameraProviderManager: Enumerating new camera device: device@1.0/legacy/0
10-01 17:27:41.290  1329  1329 I QCameraHAL: Handle base =0x0xa7ef1068
10-01 17:27:41.290  1329  1329 I QCameraHAL: getCameraInfo: numOfCameras = 2
10-01 17:27:41.290  1329  1329 I QCameraHAL: Handle [0]=0x0xa7ef1068
10-01 17:27:41.290  1329  1329 I QCameraHAL: Camera sensor 0 info:
10-01 17:27:41.290  1329  1329 I QCameraHAL: camera_id: 0
10-01 17:27:41.290  1329  1329 I QCameraHAL: modes_supported: 1
10-01 17:27:41.290  1329  1329 I QCameraHAL: position: 0
10-01 17:27:41.290  1329  1329 I QCameraHAL: sensor_mount_angle: 90
10-01 17:27:41.290  1329  1329 I QCameraHAL: Handle [1]=0x0xa7ef10a8
10-01 17:27:41.290  1329  1329 I QCameraHAL: Camera sensor 1 info:
10-01 17:27:41.290  1329  1329 I QCameraHAL: camera_id: 1
10-01 17:27:41.290  1329  1329 I QCameraHAL: modes_supported: 1
10-01 17:27:41.290  1329  1329 I QCameraHAL: position: 1
10-01 17:27:41.290  1329  1329 I QCameraHAL: sensor_mount_angle: 270
10-01 17:27:41.293  1328  1328 D ACDB-LOADER: ACDB -> ACDB_CMD_INITIALIZE
10-01 17:27:41.294  1328  1328 E         : [ACDB RTC]->rtc init done!->result [0]
10-01 17:27:41.294  1328  1328 D Diag_Lib: actp_diag_init: call diag init function with A8DAD4D9
10-01 17:27:41.294  1328  1328 E Diag_Lib:  Diag_LSM_Init: Failed to open handle to diag driver, error = 2
10-01 17:27:41.294  1328  1328 E Diag_Lib: actp_diag_init: diag init failed
10-01 17:27:41.294  1328  1328 E         : [ACDB ACPH]->actp diag init done!
10-01 17:27:41.294  1328  1328 D ACDB-LOADER: No existing ION info in ACDB driver
10-01 17:27:41.294  1328  1328 D ACDB-LOADER: ACDB -> ION_IOC_ALLOC
10-01 17:27:41.294  1328  1328 D ACDB-LOADER: ACDB -> ION_IOC_SHARE
10-01 17:27:41.294  1328  1328 D ACDB-LOADER: ACDB -> MMAP ADDR
10-01 17:27:41.294  1328  1328 D ACDB-LOADER: ACDB -> register MEM to ACDB driver: 0xaa05d000
10-01 17:27:41.294  1328  1328 D ACDB-LOADER: ACDB -> send_asm_topology
10-01 17:27:41.294  1328  1328 D ACDB-LOADER: ACDB -> ACDB_CMD_GET_AUDPROC_STREAM_TOPOLOGY_ID
10-01 17:27:41.294  1328  1328 D ACDB-LOADER: send mbhc data
10-01 17:27:41.297  1329  1329 I CamDev@1.0-impl: Opening camera 0
10-01 17:27:41.298  1329  1329 E mm-libcamera2: mm_camera_open:  opened, break out while loop
10-01 17:27:41.298  1329  1329 E mm-libcamera2: mm_camera_open: cannot open control fd of 'video0' Errno = 22
10-01 17:27:41.298  1329  1329 E QCameraHWI: startCamera: cam_ops_open failed: id = 0
10-01 17:27:41.298  1329  1329 I QCameraHWI: ~QCameraHardwareInterface First stop the polling threads before deleting instances
10-01 17:27:41.298  1329  1329 E CamDev@1.0-impl: Could not open camera 0: -19
10-01 17:27:41.298  1329  1329 E CameraProviderManager: DeviceInfo1: Unable to open camera device 0 to check for a flash unit: INTERNAL_ERROR
10-01 17:27:41.298  1329  1329 I CameraProviderManager: Enumerating new camera device: device@1.0/legacy/1
10-01 17:27:41.298  1329  1329 I QCameraHAL: Handle base =0x0xa7ef1068
10-01 17:27:41.298  1329  1329 I QCameraHAL: getCameraInfo: numOfCameras = 2
10-01 17:27:41.298  1329  1329 I QCameraHAL: Handle [0]=0x0xa7ef1068
10-01 17:27:41.298  1329  1329 I QCameraHAL: Camera sensor 0 info:
10-01 17:27:41.298  1329  1329 I QCameraHAL: camera_id: 0
10-01 17:27:41.298  1329  1329 I QCameraHAL: modes_supported: 1
10-01 17:27:41.299  1329  1329 I QCameraHAL: position: 0
10-01 17:27:41.299  1329  1329 I QCameraHAL: sensor_mount_angle: 90
10-01 17:27:41.299  1329  1329 I QCameraHAL: Handle [1]=0x0xa7ef10a8
10-01 17:27:41.299  1329  1329 I QCameraHAL: Camera sensor 1 info:
10-01 17:27:41.299  1329  1329 I QCameraHAL: camera_id: 1
10-01 17:27:41.299  1329  1329 I QCameraHAL: modes_supported: 1
10-01 17:27:41.299  1329  1329 I QCameraHAL: position: 1
10-01 17:27:41.299  1329  1329 I QCameraHAL: sensor_mount_angle: 270
10-01 17:27:41.301  1329  1329 I CamDev@1.0-impl: Opening camera 1
10-01 17:27:41.301  1329  1329 E mm-libcamera2: mm_camera_open:  opened, break out while loop
10-01 17:27:41.301  1329  1329 E mm-libcamera2: mm_camera_open: cannot open control fd of 'video2' Errno = 22
10-01 17:27:41.301  1329  1329 E QCameraHWI: startCamera: cam_ops_open failed: id = 1
10-01 17:27:41.301  1329  1329 I QCameraHWI: ~QCameraHardwareInterface First stop the polling threads before deleting instances
10-01 17:27:41.301  1329  1329 E CamDev@1.0-impl: Could not open camera 1: -19
10-01 17:27:41.302  1329  1329 E CameraProviderManager: DeviceInfo1: Unable to open camera device 1 to check for a flash unit: INTERNAL_ERROR
10-01 17:27:41.302  1329  1329 I CameraProviderManager: Camera provider legacy/0 ready with 2 camera devices
10-01 17:27:41.302  1329  1329 I CameraHardwareInterface: Opening camera 0
10-01 17:27:41.302  1329  1329 I CamDev@1.0-impl: Opening camera 0
10-01 17:27:41.303  1329  1329 E mm-libcamera2: mm_camera_open:  opened, break out while loop
10-01 17:27:41.303  1329  1329 E mm-libcamera2: mm_camera_open: cannot open control fd of 'video0' Errno = 22
10-01 17:27:41.303  1329  1329 E QCameraHWI: startCamera: cam_ops_open failed: id = 0
10-01 17:27:41.303  1329  1329 I QCameraHWI: ~QCameraHardwareInterface First stop the polling threads before deleting instances
10-01 17:27:41.303  1329  1329 E CamDev@1.0-impl: Could not open camera 0: -19
10-01 17:27:41.303  1329  1329 E CameraHardwareInterface: initialize: openSession failed! Function not implemented (-38)
10-01 17:27:41.303  1329  1329 E CameraFlashlight: connectCameraDevice: initializing camera 0 failed
10-01 17:27:41.303  1329  1329 I CameraHardwareInterface: Destroying camera 0
10-01 17:27:41.303  1329  1329 E CameraFlashlight: findFlashUnits: failed to check if camera 0 has a flash unit. Function not implemented (-38)
10-01 17:27:41.303  1329  1329 I CameraHardwareInterface: Opening camera 1
10-01 17:27:41.303  1329  1329 I CamDev@1.0-impl: Opening camera 1
10-01 17:27:41.304  1329  1329 E mm-libcamera2: mm_camera_open:  opened, break out while loop
10-01 17:27:41.304  1329  1329 E mm-libcamera2: mm_camera_open: cannot open control fd of 'video2' Errno = 22
10-01 17:27:41.304  1329  1329 E QCameraHWI: startCamera: cam_ops_open failed: id = 1
10-01 17:27:41.304  1329  1329 I QCameraHWI: ~QCameraHardwareInterface First stop the polling threads before deleting instances
10-01 17:27:41.304  1329  1329 E CamDev@1.0-impl: Could not open camera 1: -19
10-01 17:27:41.304  1329  1329 E CameraHardwareInterface: initialize: openSession failed! Function not implemented (-38)
10-01 17:27:41.304  1329  1329 E CameraFlashlight: connectCameraDevice: initializing camera 1 failed
10-01 17:27:41.304  1329  1329 I CameraHardwareInterface: Destroying camera 1
10-01 17:27:41.304  1329  1329 E CameraFlashlight: findFlashUnits: failed to check if camera 1 has a flash unit. Function not implemented (-38)
10-01 17:27:41.304  1329  1329 I CameraService: onDeviceStatusChanged: Status changed for cameraId=0, newStatus=1
10-01 17:27:41.304  1329  1329 E CameraService: onDeviceStatusChanged: State transition to the same status 0x1 not allowed
10-01 17:27:41.304  1329  1329 I CameraService: onDeviceStatusChanged: Status changed for cameraId=1, newStatus=1
10-01 17:27:41.304  1329  1329 E CameraService: onDeviceStatusChanged: State transition to the same status 0x1 not allowed
10-01 17:27:41.312  1328  1328 D ACDB-LOADER: send tabla anc data
10-01 17:27:41.312  1328  1328 D ACDB-LOADER: ACDB -> ACDB_CMD_GET_ANC_SETTING
10-01 17:27:41.312  1328  1328 D ACDB-LOADER: done with conversion, anc config size is 148
10-01 17:27:41.312  1328  1328 D ACDB-LOADER: ACDB -> ACDB_CMD_GET_ANC_SETTING
10-01 17:27:41.312  1328  1328 D ACDB-LOADER: done with conversion, anc config size is 148
10-01 17:27:41.312  1328  1328 D ACDB-LOADER: ACDB -> ACDB_CMD_GET_ANC_SETTING
10-01 17:27:41.312  1328  1328 D ACDB-LOADER: done with conversion, anc config size is 148
10-01 17:27:41.312  1328  1328 D ACDB-LOADER: ACDB -> ACDB_CMD_GET_ANC_SETTING
10-01 17:27:41.312  1328  1328 D ACDB-LOADER: done with conversion, anc config size is 148
10-01 17:27:41.312  1328  1328 D ACDB-LOADER: ACDB -> ACDB_CMD_GET_ANC_SETTING
10-01 17:27:41.312  1328  1328 D ACDB-LOADER: done with conversion, anc config size is 74
10-01 17:27:41.313  1328  1328 D ACDB-LOADER: ACDB -> ACDB_CMD_GET_ANC_SETTING
10-01 17:27:41.313  1328  1328 D ACDB-LOADER: done with conversion, anc config size is 74
10-01 17:27:41.313  1328  1328 D ACDB-LOADER: ACDB -> init done!
10-01 17:27:41.319  1328  1328 D         : csd_client_init
10-01 17:27:41.319  1328  1328 E         : csd_client_service_init: Invalid rx device 0, setting to handset
10-01 17:27:41.319  1328  1328 E         : csd_client_service_init: Invalid tx device 0, setting to handset
10-01 17:27:41.320  1328  1328 E Diag_Lib:  Diag_LSM_Init: Failed to open handle to diag driver, error = 2
10-01 17:27:41.322  1328  1328 E QMI_FW  : QMUXD: Service_id=20 not found over conn_id=0
10-01 17:27:41.343  1328  1328 E QMI_FW  : QMUXD: Service_id=20 not found over conn_id=0
10-01 17:27:41.367  1331  1331 I Netd    : Creating child chains: 556.1ms
10-01 17:27:41.367  1331  1331 I Netd    : Setting up OEM hooks: 0.2ms
10-01 17:27:41.367  1328  1328 E QMI_FW  : QMUXD: Service_id=20 not found over conn_id=0
10-01 17:27:41.375  1331  1331 I Netd    : Setting up FirewallController hooks: 7.8ms
10-01 17:27:41.379  1331  1331 I Netd    : Setting up NatController hooks: 4.3ms
10-01 17:27:41.383  1331  1331 I Netd    : Setting up BandwidthController hooks: 3.7ms
10-01 17:27:41.383  1331  1331 I Netd    : Setting up IdletimerController hooks: 0.2ms
10-01 17:27:41.390  1331  1331 I Netd    : Disabling bandwidth control: 7.5ms
10-01 17:27:41.393  1331  1331 E Netd    : Error adding route 0.0.0.0/0 -> (null) dummy0 to table 1002: File exists
10-01 17:27:41.394  1331  1331 I Netd    : Initializing RouteController: 3.4ms
10-01 17:27:41.396  1331  1331 D MDnsDS  : MDnsSdListener::Hander starting up
10-01 17:27:41.396  1331  1382 D MDnsDS  : MDnsSdListener starting to monitor
10-01 17:27:41.396  1331  1382 D MDnsDS  : Going to poll with pollCount 1
10-01 17:27:41.398  1331  1331 I Netd    : Registering NetdNativeService: 1.3ms
10-01 17:27:41.398  1331  1331 I Netd    : Starting CommandListener: 0.2ms
10-01 17:27:41.399  1331  1331 I Netd    : Netd started in 606ms
10-01 17:27:41.407  1328  1328 E QMI_FW  : QMUXD: Service_id=20 not found over conn_id=0
10-01 17:27:41.431  1328  1328 E QMI_FW  : QMUXD: Service_id=20 not found over conn_id=0
10-01 17:27:41.598  1328  1328 E ext_speaker: open_speaker_bundle: DLOPEN failed for /vendor/lib/soundfx/libspeakerbundle.so
10-01 17:27:41.599  1328  1328 W audio_hw_primary: adev_open: DLOPEN failed for /vendor/lib/soundfx/libqcomvisualizer.so
10-01 17:27:41.599  1328  1328 W audio_hw_primary: adev_open: DLOPEN failed for /vendor/lib/soundfx/libqcompostprocbundle.so
10-01 17:27:41.599  1328  1328 W audio_hw_primary: adev_open: DLOPEN failed for libadm.so
10-01 17:27:41.600  1328  1328 E audio_hw_utils: audio_extn_utils_send_default_app_type_cfg: Could not get ctl for mixer cmd - App Type Config
10-01 17:27:41.600  1328  1328 D audio_hw_primary: adev_open: exit
10-01 17:27:41.600  1328  1328 W DeviceHAL: Device 0xa9b5f300 get_master_volume: Function not implemented
10-01 17:27:41.600  1328  1328 W DeviceHAL: Device 0xa9b5f300 get_master_mute: Function not implemented
10-01 17:27:41.600  1328  1328 W DeviceHAL: Device 0xa9b5f300 set_master_volume: Function not implemented
10-01 17:27:41.600  1328  1328 W DeviceHAL: Device 0xa9b5f300 set_master_mute: Function not implemented
10-01 17:27:41.600  1328  1328 I AudioFlinger: loadHwModule() Loaded primary audio interface, handle 10
10-01 17:27:41.600  1328  1328 I AudioFlinger: openOutput() this 0xa9b3d000, module 10 Device 2, SamplingRate 48000, Format 0x000001, Channels 3, flags 2
10-01 17:27:41.601  1328  1328 I AudioFlinger: HAL output buffer size 240 frames, normal sink buffer size 960 frames
10-01 17:27:41.602   166   166 W /system/bin/hwservicemanager: getTransportFromManifest: Cannot find entry android.hardware.audio.effect@2.0::IEffectsFactory in either framework or device manifest, using default transport.
10-01 17:27:41.611  1328  1328 E voice_processing: init: can't find /system/lib/soundfx/libqcomvoiceprocessingdescriptors.so
10-01 17:27:41.612  1328  1328 I BufferProvider: found effect "Multichannel Downmix To Stereo" from The Android Open Source Project
10-01 17:27:41.613  1328  1328 I AudioFlinger: Using module 10 as the primary audio interface
10-01 17:27:41.613  1328  1394 I AudioFlinger: AudioFlinger's thread 0xa8ba4e00 tid=1394 ready to run
10-01 17:27:41.613  1328  1394 W AudioFlinger: no wake lock to update, system not ready yet
10-01 17:27:41.614  1328  1328 W AudioFlinger: moveEffects() bad srcOutput 0
10-01 17:27:41.615  1328  1394 W AudioFlinger: no wake lock to update, system not ready yet
10-01 17:27:41.615  1328  1394 D audio_hw_primary: out_set_parameters: enter: usecase(1: low-latency-playback) kvpairs: routing=2
10-01 17:27:41.617  1328  1328 I AudioFlinger: openOutput() this 0xa9b3d000, module 10 Device 2, SamplingRate 48000, Format 0x000001, Channels 3, flags 8
10-01 17:27:41.618  1328  1328 I AudioFlinger: HAL output buffer size 960 frames, normal sink buffer size 960 frames
10-01 17:27:41.618  1328  1396 I AudioFlinger: AudioFlinger's thread 0xa84918c0 tid=1396 ready to run
10-01 17:27:41.618  1328  1396 W AudioFlinger: no wake lock to update, system not ready yet
10-01 17:27:41.619  1328  1396 W AudioFlinger: no wake lock to update, system not ready yet
10-01 17:27:41.619  1328  1396 D audio_hw_primary: out_set_parameters: enter: usecase(0: deep-buffer-playback) kvpairs: routing=2
10-01 17:27:41.621  1328  1398 I AudioFlinger: AudioFlinger's thread 0xa8403540 tid=1398 ready to run
10-01 17:27:41.635  1328  1328 I bt_a2dp_hw: adev_open:  adev_open in A2dp_hw module
10-01 17:27:41.635  1328  1328 I AudioFlinger: loadHwModule() Loaded a2dp audio interface, handle 18
10-01 17:27:41.635  1328  1328 I vndksupport: sphal namespace is not configured for this process. Loading /vendor/lib/hw/audio.usb.default.so from the current namespace instead.
10-01 17:27:41.639  1328  1328 I AudioFlinger: loadHwModule() Loaded usb audio interface, handle 26
10-01 17:27:41.639  1328  1328 I vndksupport: sphal namespace is not configured for this process. Loading /vendor/lib/hw/audio.r_submix.default.so from the current namespace instead.
10-01 17:27:41.642  1328  1328 I r_submix: adev_open(name=audio_hw_if)
10-01 17:27:41.642  1328  1328 I r_submix: adev_init_check()
10-01 17:27:41.642  1328  1328 W DeviceHAL: Device 0xa84644c0 set_master_mute: Function not implemented
10-01 17:27:41.642  1328  1328 I AudioFlinger: loadHwModule() Loaded r_submix audio interface, handle 34
10-01 17:27:41.642  1328  1328 D r_submix: adev_open_input_stream(addr=0)
10-01 17:27:41.642  1328  1328 D r_submix: submix_audio_device_create_pipe_l(addr=0, idx=9)
10-01 17:27:41.642  1328  1328 D r_submix:   now using address 0 for route 9
10-01 17:27:41.647  1328  1404 I AudioFlinger: AudioFlinger's thread 0xa7883000 tid=1404 ready to run
10-01 17:27:41.649  1328  1328 I RadioService: RadioService
10-01 17:27:41.649  1328  1328 I RadioService: onFirstRef
10-01 17:27:41.651   166   166 W /system/bin/hwservicemanager: getTransportFromManifest: Cannot find entry android.hardware.broadcastradio@1.0::IBroadcastRadioFactory in either framework or device manifest, using default transport.
10-01 17:27:41.653  1328  1328 E RadioService: could not read implementation properties
10-01 17:27:41.656   166   166 W /system/bin/hwservicemanager: getTransportFromManifest: Cannot find entry android.hardware.soundtrigger@2.0::ISoundTriggerHw in either framework or device manifest, using default transport.
10-01 17:27:41.657  1328  1328 E SoundTriggerHwService: could not read implementation properties
10-01 17:27:41.658  1328  1404 D r_submix: adev_close_input_stream()
10-01 17:27:41.659  1328  1404 D r_submix: submix_audio_device_release_pipe_l(idx=9) addr=0
10-01 17:27:41.659  1328  1404 D r_submix: submix_audio_device_destroy_pipe_l(): pipe destroyed
10-01 17:27:41.782  1327  1327 D AndroidRuntime: >>>>>> START com.android.internal.os.ZygoteInit uid 0 <<<<<<
10-01 17:27:41.793  1327  1327 I zygote  : option[0]=-Xzygote
10-01 17:27:41.793  1327  1327 I zygote  : option[1]=-Xstacktracefile:/data/anr/traces.txt
10-01 17:27:41.793  1327  1327 I zygote  : option[2]=exit
10-01 17:27:41.793  1327  1327 I zygote  : option[3]=vfprintf
10-01 17:27:41.793  1327  1327 I zygote  : option[4]=sensitiveThread
10-01 17:27:41.793  1327  1327 I zygote  : option[5]=-verbose:gc
10-01 17:27:41.793  1327  1327 I zygote  : option[6]=-Xms8m
10-01 17:27:41.793  1327  1327 I zygote  : option[7]=-Xmx512m
10-01 17:27:41.793  1327  1327 I zygote  : option[8]=-XX:HeapGrowthLimit=192m
10-01 17:27:41.793  1327  1327 I zygote  : option[9]=-XX:HeapMinFree=512k
10-01 17:27:41.793  1327  1327 I zygote  : option[10]=-XX:HeapMaxFree=8m
10-01 17:27:41.793  1327  1327 I zygote  : option[11]=-XX:HeapTargetUtilization=0.75
10-01 17:27:41.793  1327  1327 I zygote  : option[12]=-Xusejit:true
10-01 17:27:41.793  1327  1327 I zygote  : option[13]=-Xjitsaveprofilinginfo
10-01 17:27:41.793  1327  1327 I zygote  : option[14]=-agentlib:jdwp=transport=dt_android_adb,suspend=n,server=y
10-01 17:27:41.793  1327  1327 I zygote  : option[15]=-Xlockprofthreshold:500
10-01 17:27:41.794  1327  1327 I zygote  : option[16]=-Ximage-compiler-option
10-01 17:27:41.794  1327  1327 I zygote  : option[17]=--runtime-arg
10-01 17:27:41.794  1327  1327 I zygote  : option[18]=-Ximage-compiler-option
10-01 17:27:41.794  1327  1327 I zygote  : option[19]=-Xms64m
10-01 17:27:41.794  1327  1327 I zygote  : option[20]=-Ximage-compiler-option
10-01 17:27:41.794  1327  1327 I zygote  : option[21]=--runtime-arg
10-01 17:27:41.794  1327  1327 I zygote  : option[22]=-Ximage-compiler-option
10-01 17:27:41.794  1327  1327 I zygote  : option[23]=-Xmx64m
10-01 17:27:41.794  1327  1327 I zygote  : option[24]=-Ximage-compiler-option
10-01 17:27:41.794  1327  1327 I zygote  : option[25]=--image-classes=/system/etc/preloaded-classes
10-01 17:27:41.794  1327  1327 I zygote  : option[26]=-Ximage-compiler-option
10-01 17:27:41.794  1327  1327 I zygote  : option[27]=--compiled-classes=/system/etc/compiled-classes
10-01 17:27:41.794  1327  1327 I zygote  : option[28]=-Xcompiler-option
10-01 17:27:41.794  1327  1327 I zygote  : option[29]=--runtime-arg
10-01 17:27:41.794  1327  1327 I zygote  : option[30]=-Xcompiler-option
10-01 17:27:41.794  1327  1327 I zygote  : option[31]=-Xms64m
10-01 17:27:41.794  1327  1327 I zygote  : option[32]=-Xcompiler-option
10-01 17:27:41.794  1327  1327 I zygote  : option[33]=--runtime-arg
10-01 17:27:41.794  1327  1327 I zygote  : option[34]=-Xcompiler-option
10-01 17:27:41.794  1327  1327 I zygote  : option[35]=-Xmx512m
10-01 17:27:41.794  1327  1327 I zygote  : option[36]=-Ximage-compiler-option
10-01 17:27:41.794  1327  1327 I zygote  : option[37]=--instruction-set-variant=krait
10-01 17:27:41.794  1327  1327 I zygote  : option[38]=-Xcompiler-option
10-01 17:27:41.794  1327  1327 I zygote  : option[39]=--instruction-set-variant=krait
10-01 17:27:41.794  1327  1327 I zygote  : option[40]=-Ximage-compiler-option
10-01 17:27:41.795  1327  1327 I zygote  : option[41]=--instruction-set-features=default
10-01 17:27:41.795  1327  1327 I zygote  : option[42]=-Xcompiler-option
10-01 17:27:41.795  1327  1327 I zygote  : option[43]=--instruction-set-features=default
10-01 17:27:41.795  1327  1327 I zygote  : option[44]=-Duser.locale=en-US
10-01 17:27:41.795  1327  1327 I zygote  : option[45]=--cpu-abilist=armeabi-v7a,armeabi
10-01 17:27:41.795  1327  1327 I zygote  : option[46]=-Xfingerprint:google/occam/mako:5.1.1/LMY48T/2237560:user/release-keys
10-01 17:27:42.020  1327  1327 I SamplingProfilerIntegration: Profiling disabled.
10-01 17:27:42.020  1327  1327 D Zygote  : begin preload
10-01 17:27:42.021  1327  1327 I Zygote  : Installing ICU cache reference pinning...
10-01 17:27:42.021  1327  1327 I Zygote  : Preloading ICU data...
10-01 17:27:42.038  1327  1327 D Zygote32Timing: BeginIcuCachePinning took to complete: 17ms
10-01 17:27:42.038  1327  1327 I Zygote  : Preloading classes...
10-01 17:27:42.318  1327  1327 E ActivityRecognitionHardware: activity_recognition HAL is deprecated. class_init is effectively a no-op
10-01 17:27:42.341  1327  1327 I zygote  : Thread[1,tid=1327,Native,Thread*=0xa9704000,peer=0x12c01c68,"main"] recursive attempt to load library "/system/lib/libmedia_jni.so"
10-01 17:27:42.341  1327  1327 D MtpDeviceJNI: register_android_mtp_MtpDevice
10-01 17:27:42.342  1327  1327 I zygote  : Thread[1,tid=1327,Native,Thread*=0xa9704000,peer=0x12c01c68,"main"] recursive attempt to load library "/system/lib/libmedia_jni.so"
10-01 17:27:42.342  1327  1327 I zygote  : Thread[1,tid=1327,Native,Thread*=0xa9704000,peer=0x12c01c68,"main"] recursive attempt to load library "/system/lib/libmedia_jni.so"
10-01 17:27:42.558  1327  1327 I System  : Loaded time zone names for "" in 92ms (91ms in ICU)
10-01 17:27:42.609  1327  1327 I System  : Loaded time zone names for "en_US" in 51ms (50ms in ICU)
10-01 17:27:42.624  1327  1327 I Zygote  : ...preloaded 4570 classes in 586ms.
10-01 17:27:42.624  1327  1327 I zygote  : VMRuntime.preloadDexCaches starting
10-01 17:27:42.798  1327  1327 I zygote  : VMRuntime.preloadDexCaches strings total=306461 before=2831 after=2831
10-01 17:27:42.798  1327  1327 I zygote  : VMRuntime.preloadDexCaches types total=26176 before=2689 after=3314
10-01 17:27:42.798  1327  1327 I zygote  : VMRuntime.preloadDexCaches fields total=123807 before=2162 after=1211
10-01 17:27:42.798  1327  1327 I zygote  : VMRuntime.preloadDexCaches methods total=219862 before=87618 after=87717
10-01 17:27:42.798  1327  1327 I zygote  : VMRuntime.preloadDexCaches finished
10-01 17:27:42.798  1327  1327 D Zygote32Timing: PreloadClasses took to complete: 760ms
10-01 17:27:42.846  1327  1327 I Zygote  : Preloading resources...
10-01 17:27:42.875  1327  1327 W Resources: Preloaded drawable resource #0x1080264 (android:drawable/dialog_background_material) that varies with configuration!!
10-01 17:27:42.881  1327  1327 W Resources: Preloaded color resource #0x10600de (android:color/material_grey_800) that varies with configuration!!
10-01 17:27:42.882  1327  1327 W Resources: Preloaded drawable resource #0x10802d1 (android:drawable/floating_popup_background_dark) that varies with configuration!!
10-01 17:27:42.992  1327  1327 I Zygote  : ...preloaded 114 resources in 146ms.
10-01 17:27:43.001  1327  1327 W Resources: Preloaded color resource #0x1060036 (android:color/background_cache_hint_selector_material_dark) that varies with configuration!!
10-01 17:27:43.002  1327  1327 W Resources: Preloaded color resource #0x1060053 (android:color/btn_default_material_dark) that varies with configuration!!
10-01 17:27:43.004  1327  1327 I Zygote  : ...preloaded 41 resources in 12ms.
10-01 17:27:43.004  1327  1327 D Zygote32Timing: PreloadResources took to complete: 206ms
10-01 17:27:43.005  1327  1327 I vndksupport: sphal namespace is not configured for this process. Loading /vendor/lib/egl/libEGL_adreno.so from the current namespace instead.
10-01 17:27:43.009  1327  1327 D libEGL  : loaded /vendor/lib/egl/libEGL_adreno.so
10-01 17:27:43.010  1327  1327 I vndksupport: sphal namespace is not configured for this process. Loading /vendor/lib/egl/libGLESv1_CM_adreno.so from the current namespace instead.
10-01 17:27:43.012  1327  1327 D libEGL  : loaded /vendor/lib/egl/libGLESv1_CM_adreno.so
10-01 17:27:43.038  1327  1327 I vndksupport: sphal namespace is not configured for this process. Loading /vendor/lib/egl/libGLESv2_adreno.so from the current namespace instead.
10-01 17:27:43.052  1327  1327 D libEGL  : loaded /vendor/lib/egl/libGLESv2_adreno.so
10-01 17:27:43.082  1327  1327 I Zygote  : Preloading shared libraries...
10-01 17:27:43.106  1327  1327 I Zygote  : Uninstalled ICU cache reference pinning...
10-01 17:27:43.109  1327  1327 I Zygote  : Installed AndroidKeyStoreProvider in 3ms.
10-01 17:27:43.124  1327  1327 I Zygote  : Warmed up JCA providers in 15ms.
10-01 17:27:43.125  1327  1327 D Zygote  : end preload
10-01 17:27:43.125  1327  1327 D Zygote32Timing: ZygotePreload took to complete: 1104ms
10-01 17:27:43.168  1327  1327 I zygote  : Explicit concurrent copying GC freed 32084(1719KB) AllocSpace objects, 4(104KB) LOS objects, 59% free, 1058KB/2MB, paused 610us total 43.212ms
10-01 17:27:43.208  1327  1327 I zygote  : Explicit concurrent copying GC freed 6053(221KB) AllocSpace objects, 0(0B) LOS objects, 63% free, 869KB/2MB, paused 213us total 29.022ms
10-01 17:27:43.208  1327  1327 D Zygote32Timing: PostZygoteInitGC took to complete: 84ms
10-01 17:27:43.208  1327  1327 D Zygote32Timing: ZygoteInit took to complete: 1188ms
10-01 17:27:43.209  1327  1327 I zygote  : Global filter of size 170 installed
10-01 17:27:43.300  1327  1327 I Zygote  : System server process 1411 has been created
10-01 17:27:43.302  1327  1327 I Zygote  : Accepting command socket connections
10-01 17:27:43.324  1411  1411 W system_server: type=1400 audit(0.0:116): avc: granted { execute } for path="/data/dalvik-cache/arm/system@framework@services.jar@classes.dex" dev="mmcblk0p23" ino=480502 scontext=u:r:system_server:s0 tcontext=u:object_r:dalvikcache_data_file:s0 tclass=file
10-01 17:27:43.353  1411  1411 I SystemServer: InitBeforeStartServices
10-01 17:27:43.353  1411  1411 I SystemServer: Entered the Android system server!
10-01 17:27:43.609  1411  1411 D SystemServerTiming: InitBeforeStartServices took to complete: 256ms
10-01 17:27:43.609  1411  1411 I SystemServer: StartServices
10-01 17:27:43.610  1411  1411 I SystemServer: Reading configuration...
10-01 17:27:43.610  1411  1411 I SystemServer: ReadingSystemConfig
10-01 17:27:43.611  1411  1411 D SystemServerTiming: ReadingSystemConfig took to complete: 2ms
10-01 17:27:43.611  1411  1411 I SystemServer: StartInstaller
10-01 17:27:43.612  1411  1411 I SystemServiceManager: Starting com.android.server.pm.Installer
10-01 17:27:43.613  1411  1424 D SystemServerInitThreadPool: Started executing ReadingSystemConfig
10-01 17:27:43.615  1411  1411 D SystemServerTiming: StartInstaller took to complete: 4ms
10-01 17:27:43.615  1411  1411 I SystemServer: DeviceIdentifiersPolicyService
10-01 17:27:43.615  1411  1411 I SystemServiceManager: Starting com.android.server.os.DeviceIdentifiersPolicyService
10-01 17:27:43.616  1411  1411 D SystemServerTiming: DeviceIdentifiersPolicyService took to complete: 1ms
10-01 17:27:43.616  1411  1411 I SystemServer: StartActivityManager
10-01 17:27:43.617  1411  1411 I SystemServiceManager: Starting com.android.server.am.ActivityManagerService$Lifecycle
10-01 17:27:43.644  1411  1424 D SystemServerInitThreadPool: Finished executing ReadingSystemConfig
10-01 17:27:43.651  1411  1411 I ActivityManager: Memory class: 192
10-01 17:27:43.652  1411  1426 I ServiceThread: Enabled StrictMode logging for ActivityManager looper.
10-01 17:27:43.654  1411  1427 I ServiceThread: Enabled StrictMode logging for android.ui looper.
10-01 17:27:43.697  1411  1411 D BatteryStatsImpl: Reading daily items from /data/system/batterystats-daily.xml
10-01 17:27:43.836   166   166 W /system/bin/hwservicemanager: getTransportFromManifest: Cannot find entry android.hardware.memtrack@1.0::IMemtrack in either framework or device manifest, using default transport.
10-01 17:27:43.840  1411  1411 I vndksupport: sphal namespace is not configured for this process. Loading /vendor/lib/hw/memtrack.msm8960.so from the current namespace instead.
10-01 17:27:43.845  1411  1411 I AppOps  : No existing app ops /data/system/appops.xml; starting empty
10-01 17:27:43.855  1411  1411 I IntentFirewall: Read new rules (A:0 B:0 S:0)
10-01 17:27:43.865  1411  1434 I ServiceThread: Enabled StrictMode logging for android.display looper.
10-01 17:27:43.865  1411  1411 W zygote  : failed to remove /acct/uid_1047/pid_1329: Device or resource busy
10-01 17:27:43.866  1411  1411 W zygote  : failed to remove /acct/uid_1047: Permission denied
10-01 17:27:43.866  1411  1411 W zygote  : failed to remove /acct/uid_1041/pid_1328: Device or resource busy
10-01 17:27:43.866  1411  1411 W zygote  : failed to remove /acct/uid_1041: Permission denied
10-01 17:27:43.866  1411  1411 W zygote  : failed to remove /acct/uid_1003/pid_399: Device or resource busy
10-01 17:27:43.867  1411  1411 W zygote  : failed to remove /acct/uid_1003: Permission denied
10-01 17:27:43.867  1411  1411 W zygote  : failed to remove /acct/uid_1058/pid_232: Device or resource busy
10-01 17:27:43.867  1411  1411 W zygote  : failed to remove /acct/uid_1058: Permission denied
10-01 17:27:43.867  1411  1411 W zygote  : failed to remove /acct/uid_1046/pid_225: Device or resource busy
10-01 17:27:43.867  1411  1411 W zygote  : failed to remove /acct/uid_1046: Permission denied
