10-01 17:25:32.605   196   196 E kickstart-qcks: RUNNING:	/vendor/bin/ks  -w /data/tombstones/mdm/ -p /dev/ks_hsic_bridge -r 21 -s 2:/firmware/image/amss.mbn -s 6:/firmware/image/apps.mbn -s 8:/firmware/image/dsp1.mbn -s 11:/firmware/image/osbl.mbn -s 12:/firmware/image/dsp2.mbn -s 21:/firmware/image/sbl1.mbn -s 22:/firmware/image/sbl2.mbn -s 23:/firmware/image/rpm.mbn -s 28:/firmware/image/dsp3.mbn -s 16:/data/qcks/efs1.bin -s 17:/data/qcks/efs2.bin -s 20:/data/qcks/efs3.bin -s 29:/data/qcks/acdb.bin
10-01 17:25:32.648   187   187 I zygote  : option[0]=-Xzygote
10-01 17:25:32.648   187   187 I zygote  : option[1]=-Xstacktracefile:/data/anr/traces.txt
10-01 17:25:32.648   187   187 I zygote  : option[2]=exit
10-01 17:25:32.649   187   187 I zygote  : option[3]=vfprintf
10-01 17:25:32.649   187   187 I zygote  : option[4]=sensitiveThread
10-01 17:25:32.649   187   187 I zygote  : option[5]=-verbose:gc
10-01 17:25:32.649   187   187 I zygote  : option[6]=-Xms8m
10-01 17:25:32.649   187   187 I zygote  : option[7]=-Xmx512m
10-01 17:25:32.649   187   187 I zygote  : option[8]=-XX:HeapGrowthLimit=192m
10-01 17:25:32.649   187   187 I zygote  : option[9]=-XX:HeapMinFree=512k
10-01 17:25:32.649   187   187 I zygote  : option[10]=-XX:HeapMaxFree=8m
10-01 17:25:32.649   187   187 I zygote  : option[11]=-XX:HeapTargetUtilization=0.75
10-01 17:25:32.649   187   187 I zygote  : option[12]=-Xusejit:true
10-01 17:25:32.649   187   187 I zygote  : option[13]=-Xjitsaveprofilinginfo
10-01 17:25:32.649   187   187 I zygote  : option[14]=-agentlib:jdwp=transport=dt_android_adb,suspend=n,server=y
10-01 17:25:32.649   187   187 I zygote  : option[15]=-Xlockprofthreshold:500
10-01 17:25:32.649   187   187 I zygote  : option[16]=-Ximage-compiler-option
10-01 17:25:32.649   187   187 I zygote  : option[17]=--runtime-arg
10-01 17:25:32.649   187   187 I zygote  : option[18]=-Ximage-compiler-option
10-01 17:25:32.649   187   187 I zygote  : option[19]=-Xms64m
10-01 17:25:32.649   187   187 I zygote  : option[20]=-Ximage-compiler-option
10-01 17:25:32.649   187   187 I zygote  : option[21]=--runtime-arg
10-01 17:25:32.649   187   187 I zygote  : option[22]=-Ximage-compiler-option
10-01 17:25:32.649   187   187 I zygote  : option[23]=-Xmx64m
10-01 17:25:32.650   187   187 I zygote  : option[24]=-Ximage-compiler-option
10-01 17:25:32.650   187   187 I zygote  : option[25]=--image-classes=/system/etc/preloaded-classes
10-01 17:25:32.650   187   187 I zygote  : option[26]=-Ximage-compiler-option
10-01 17:25:32.650   187   187 I zygote  : option[27]=--compiled-classes=/system/etc/compiled-classes
10-01 17:25:32.650   187   187 I zygote  : option[28]=-Xcompiler-option
10-01 17:25:32.650   187   187 I zygote  : option[29]=--runtime-arg
10-01 17:25:32.650   187   187 I zygote  : option[30]=-Xcompiler-option
10-01 17:25:32.650   187   187 I zygote  : option[31]=-Xms64m
10-01 17:25:32.650   187   187 I zygote  : option[32]=-Xcompiler-option
10-01 17:25:32.650   187   187 I zygote  : option[33]=--runtime-arg
10-01 17:25:32.650   187   187 I zygote  : option[34]=-Xcompiler-option
10-01 17:25:32.650   187   187 I zygote  : option[35]=-Xmx512m
10-01 17:25:32.650   187   187 I zygote  : option[36]=-Ximage-compiler-option
10-01 17:25:32.650   187   187 I zygote  : option[37]=--instruction-set-variant=krait
10-01 17:25:32.650   187   187 I zygote  : option[38]=-Xcompiler-option
10-01 17:25:32.650   187   187 I zygote  : option[39]=--instruction-set-variant=krait
10-01 17:25:32.650   187   187 I zygote  : option[40]=-Ximage-compiler-option
10-01 17:25:32.650   187   187 I zygote  : option[41]=--instruction-set-features=default
10-01 17:25:32.651   187   187 I zygote  : option[42]=-Xcompiler-option
10-01 17:25:32.651   187   187 I zygote  : option[43]=--instruction-set-features=default
10-01 17:25:32.651   187   187 I zygote  : option[44]=-Duser.locale=en-US
10-01 17:25:32.651   187   187 I zygote  : option[45]=--cpu-abilist=armeabi-v7a,armeabi
10-01 17:25:32.651   187   187 I zygote  : option[46]=-Xfingerprint:google/occam/mako:5.1.1/LMY48T/2237560:user/release-keys
10-01 17:25:32.654   413   413 E kickstart: Wrote to /sys/power/wake_lock
10-01 17:25:32.658   413   413 E kickstart: Requested ID 21, file "/firmware/image/sbl1.mbn"
10-01 17:25:32.743   187   187 I zygote  : Pruning dalvik-cache since we are generating an image and will need to recompile
10-01 17:25:32.744   187   187 I zygote  : Using an offset of 0x5fd000 from default art base address of 0x70000000
10-01 17:25:32.744   187   187 I zygote  : GenerateImage: /system/bin/dex2oat --image=/data/dalvik-cache/arm/system@framework@boot.art --dex-file=/system/framework/core-oj.jar --dex-file=/system/framework/core-libart.jar --dex-file=/system/framework/conscrypt.jar --dex-file=/system/framework/okhttp.jar --dex-file=/system/framework/legacy-test.jar --dex-file=/system/framework/bouncycastle.jar --dex-file=/system/framework/ext.jar --dex-file=/system/framework/framework.jar --dex-file=/system/framework/telephony-common.jar --dex-file=/system/framework/voip-common.jar --dex-file=/system/framework/ims-common.jar --dex-file=/system/framework/apache-xml.jar --dex-file=/system/framework/org.apache.http.legacy.boot.jar --dex-file=/system/framework/android.hidl.base-V1.0-java.jar --dex-file=/system/framework/android.hidl.manager-V1.0-java.jar --oat-file=/data/dalvik-cache/arm/system@framework@boot.oat --instruction-set=arm --instruction-set-features=div,atomic_ldrd_strd,-armv8a --base=0x705fd000 --runtime-arg -Xms64m --runtime-arg -Xmx64m --image-classes=/syste
10-01 17:25:32.786   413   413 E kickstart: 117700 bytes transferred in 0.128s (0.88 MBps)
10-01 17:25:32.786   413   413 E kickstart: Wrote to /sys/power/wake_unlock
10-01 17:25:32.821   416   416 W dex2oat : Using default instruction set features for ARM CPU variant (default) using conservative defaults
10-01 17:25:32.823   416   416 I dex2oat : /system/bin/dex2oat --image=/data/dalvik-cache/arm/system@framework@boot.art --dex-file=/system/framework/core-oj.jar --dex-file=/system/framework/core-libart.jar --dex-file=/system/framework/conscrypt.jar --dex-file=/system/framework/okhttp.jar --dex-file=/system/framework/legacy-test.jar --dex-file=/system/framework/bouncycastle.jar --dex-file=/system/framework/ext.jar --dex-file=/system/framework/framework.jar --dex-file=/system/framework/telephony-common.jar --dex-file=/system/framework/voip-common.jar --dex-file=/system/framework/ims-common.jar --dex-file=/system/framework/apache-xml.jar --dex-file=/system/framework/org.apache.http.legacy.boot.jar --dex-file=/system/framework/android.hidl.base-V1.0-java.jar --dex-file=/system/framework/android.hidl.manager-V1.0-java.jar --oat-file=/data/dalvik-cache/arm/system@framework@boot.oat --instruction-set=arm --instruction-set-features=div,atomic_ldrd_strd,-armv8a --base=0x705fd000 --runtime-arg -Xms64m --runtime-arg -Xmx64m --image-classes=/system/etc/preloaded
10-01 17:25:32.908   416   416 I dex2oat : setting boot class path to /system/framework/core-oj.jar:/system/framework/core-libart.jar:/system/framework/conscrypt.jar:/system/framework/okhttp.jar:/system/framework/legacy-test.jar:/system/framework/bouncycastle.jar:/system/framework/ext.jar:/system/framework/framework.jar:/system/framework/telephony-common.jar:/system/framework/voip-common.jar:/system/framework/ims-common.jar:/system/framework/apache-xml.jar:/system/framework/org.apache.http.legacy.boot.jar:/system/framework/android.hidl.base-V1.0-java.jar:/system/framework/android.hidl.manager-V1.0-java.jar
10-01 17:25:32.962   413   413 E kickstart: Wrote to /sys/power/wake_lock
10-01 17:25:32.966   413   413 E kickstart: Requested ID 23, file "/firmware/image/rpm.mbn"
10-01 17:25:33.026   413   413 E kickstart: 105696 bytes transferred in 0.060s (1.68 MBps)
10-01 17:25:33.026   413   413 E kickstart: Wrote to /sys/power/wake_unlock
10-01 17:25:33.026   413   413 E kickstart: Wrote to /sys/power/wake_lock
10-01 17:25:33.030   413   413 E kickstart: Requested ID 22, file "/firmware/image/sbl2.mbn"
10-01 17:25:33.058   413   413 E kickstart: 242376 bytes transferred in 0.028s (8.30 MBps)
10-01 17:25:33.058   413   413 E kickstart: Wrote to /sys/power/wake_unlock
10-01 17:25:33.070   413   413 E kickstart: Wrote to /sys/power/wake_lock
10-01 17:25:33.074   413   413 E kickstart: Requested ID 12, file "/firmware/image/dsp2.mbn"
10-01 17:25:33.406   399   422 I vndksupport: sphal namespace is not configured for this process. Loading /vendor/lib/egl/libEGL_adreno.so from the current namespace instead.
10-01 17:25:33.408   399   422 D libEGL  : loaded /vendor/lib/egl/libEGL_adreno.so
10-01 17:25:33.409   399   422 I vndksupport: sphal namespace is not configured for this process. Loading /vendor/lib/egl/libGLESv1_CM_adreno.so from the current namespace instead.
10-01 17:25:33.411   399   422 D libEGL  : loaded /vendor/lib/egl/libGLESv1_CM_adreno.so
10-01 17:25:33.446   399   422 I vndksupport: sphal namespace is not configured for this process. Loading /vendor/lib/egl/libGLESv2_adreno.so from the current namespace instead.
10-01 17:25:33.458   399   422 D libEGL  : loaded /vendor/lib/egl/libGLESv2_adreno.so
10-01 17:25:33.490   399   422 I Adreno-EGL: <qeglDrvAPI_eglInitialize:379>: QUALCOMM Build: 10/21/15, 369a2ea, I96aee987eb
10-01 17:25:33.492   399   422 W Adreno-EGL: <qeglDrvAPI_eglGetConfigAttrib:607>: EGL_BAD_ATTRIBUTE
10-01 17:25:33.494   399   422 I vndksupport: sphal namespace is not configured for this process. Loading /vendor/lib/hw/gralloc.msm8960.so from the current namespace instead.
10-01 17:25:33.882   424   424 E android.hardware.nfc@1.0-impl: hw_get_module nfc_nci failed: -2
10-01 17:25:33.882   424   424 E android.hardware.nfc@1.0-impl: Passthrough failed to load legacy HAL.
10-01 17:25:33.882   424   424 E android.hardware.nfc@1.0-service: Could not get passthrough implementation for android.hardware.nfc@1.0::INfc/default.
10-01 17:25:34.022   425   425 E linker  : "/system/vendor/lib/libmmjpeg.so" has text relocations
10-01 17:25:34.023   425   425 F libc    : CANNOT LINK EXECUTABLE "/vendor/bin/mm-qcamera-daemon": "/system/vendor/lib/libmmjpeg.so" has text relocations
10-01 17:25:34.024   425   425 F libc    : Fatal signal 6 (SIGABRT), code -6 in tid 425 (mm-qcamera-daem)
10-01 17:25:34.052   428   428 I crash_dump32: obtaining output fd from tombstoned
10-01 17:25:34.053   232   232 I /system/bin/tombstoned: received crash request for pid 425
10-01 17:25:34.053   428   428 I crash_dump32: performing dump of process 425 (target tid = 425)
10-01 17:25:34.053   425   425 F libc    : failed to resend signal during crash: Operation not permitted
10-01 17:25:34.054   428   428 E DEBUG   : unexpected waitpid response: n=425, status=00000100
10-01 17:25:34.055   232   232 W /system/bin/tombstoned: crash socket received short read of length 0 (expected 8)
10-01 17:25:34.846   399   422 D BootAnimation: BootAnimationShownTiming start time: 12292ms
10-01 17:25:34.942   166   166 W /system/bin/hwservicemanager: getTransportFromManifest: Cannot find entry android.hardware.graphics.mapper@2.0::IMapper in either framework or device manifest, using default transport.
10-01 17:25:34.945   399   422 I vndksupport: sphal namespace is not configured for this process. Loading /vendor/lib/hw/gralloc.msm8960.so from the current namespace instead.
10-01 17:25:38.885   433   433 E android.hardware.nfc@1.0-impl: hw_get_module nfc_nci failed: -2
10-01 17:25:38.885   433   433 E android.hardware.nfc@1.0-impl: Passthrough failed to load legacy HAL.
10-01 17:25:38.885   433   433 E android.hardware.nfc@1.0-service: Could not get passthrough implementation for android.hardware.nfc@1.0::INfc/default.
10-01 17:25:39.024   434   434 E linker  : "/system/vendor/lib/libmmjpeg.so" has text relocations
10-01 17:25:39.025   434   434 F libc    : CANNOT LINK EXECUTABLE "/vendor/bin/mm-qcamera-daemon": "/system/vendor/lib/libmmjpeg.so" has text relocations
10-01 17:25:39.025   434   434 F libc    : Fatal signal 6 (SIGABRT), code -6 in tid 434 (mm-qcamera-daem)
10-01 17:25:39.060   437   437 I crash_dump32: obtaining output fd from tombstoned
10-01 17:25:39.061   232   232 I /system/bin/tombstoned: received crash request for pid 434
10-01 17:25:39.062   437   437 I crash_dump32: performing dump of process 434 (target tid = 434)
10-01 17:25:39.062   434   434 F libc    : failed to resend signal during crash: Operation not permitted
10-01 17:25:39.062   437   437 E DEBUG   : unexpected waitpid response: n=434, status=00000100
10-01 17:25:39.063   232   232 W /system/bin/tombstoned: crash socket received short read of length 0 (expected 8)
10-01 17:25:40.038   413   413 E kickstart: 32137174 bytes transferred in 6.964s (4.40 MBps)
10-01 17:25:40.038   413   413 E kickstart: Wrote to /sys/power/wake_unlock
10-01 17:25:40.053   413   413 E kickstart: Wrote to /sys/power/wake_lock
10-01 17:25:40.054   413   413 E kickstart: Requested ID 28, file "/firmware/image/dsp3.mbn"
10-01 17:25:40.570   413   413 E kickstart: 6334186 bytes transferred in 0.516s (11.72 MBps)
10-01 17:25:40.570   413   413 E kickstart: Wrote to /sys/power/wake_unlock
10-01 17:25:40.571   413   413 E kickstart: Wrote to /sys/power/wake_lock
10-01 17:25:40.574   413   413 E kickstart: Requested ID 8, file "/firmware/image/dsp1.mbn"
10-01 17:25:40.838   413   413 E kickstart: 2688527 bytes transferred in 0.264s (9.72 MBps)
10-01 17:25:40.838   413   413 E kickstart: Wrote to /sys/power/wake_unlock
10-01 17:25:40.839   413   413 E kickstart: Wrote to /sys/power/wake_lock
10-01 17:25:40.842   413   413 E kickstart: Requested ID 16, file "/data/qcks/efs1.bin"
10-01 17:25:40.906   413   413 E kickstart: 786472 bytes transferred in 0.064s (11.79 MBps)
10-01 17:25:40.906   413   413 E kickstart: Wrote to /sys/power/wake_unlock
10-01 17:25:40.907   413   413 E kickstart: Wrote to /sys/power/wake_lock
10-01 17:25:40.910   413   413 E kickstart: Requested ID 17, file "/data/qcks/efs2.bin"
10-01 17:25:40.974   413   413 E kickstart: 786472 bytes transferred in 0.064s (11.78 MBps)
10-01 17:25:40.974   413   413 E kickstart: Wrote to /sys/power/wake_unlock
10-01 17:25:40.975   413   413 E kickstart: Wrote to /sys/power/wake_lock
10-01 17:25:40.978   413   413 E kickstart: Requested ID 20, file "/data/qcks/efs3.bin"
10-01 17:25:41.042   413   413 E kickstart: 786472 bytes transferred in 0.064s (11.78 MBps)
10-01 17:25:41.042   413   413 E kickstart: Wrote to /sys/power/wake_unlock
10-01 17:25:41.043   413   413 E kickstart: Wrote to /sys/power/wake_lock
10-01 17:25:41.048   413   413 E kickstart: Requested ID 29, file "/data/qcks/acdb.bin"
10-01 17:25:41.198   413   413 E kickstart: 2097192 bytes transferred in 0.149s (13.43 MBps)
10-01 17:25:41.198   413   413 E kickstart: Wrote to /sys/power/wake_unlock
10-01 17:25:41.199   413   413 E kickstart: Wrote to /sys/power/wake_lock
10-01 17:25:41.202   413   413 E kickstart: Requested ID 6, file "/firmware/image/apps.mbn"
10-01 17:25:41.446   413   413 E kickstart: 2630368 bytes transferred in 0.244s (10.29 MBps)
10-01 17:25:41.446   413   413 E kickstart: Wrote to /sys/power/wake_unlock
10-01 17:25:41.446   413   413 E kickstart: Sahara protocol completed
10-01 17:25:41.446   413   413 E kickstart: Removing linked list of input files
10-01 17:25:41.448   413   413 E kickstart: Removing linked list of input files
10-01 17:25:41.450   196   196 I kickstart-qcks: RetCode = 0
10-01 17:25:41.450   196   196 E kickstart-qcks: Sahara transfer completed successfully
10-01 17:25:41.450   196   196 E kickstart-qcks: Spawning efsks
10-01 17:25:41.501   438   438 I kickstart-efsks: EFS_TTY='/dev/efs_hsic_bridge'
10-01 17:25:41.501   438   438 I kickstart-efsks: Parsing 'where to save memorydump' options
10-01 17:25:41.501   438   438 I kickstart-efsks: PathToSaveFiles='/dev/block/platform/msm_sdcc.1/by-name/'
10-01 17:25:41.501   438   438 I kickstart-efsks: EFSKS parameters
10-01 17:25:41.501   438   438 I kickstart-efsks: EFS_TTY='/dev/efs_hsic_bridge'
10-01 17:25:41.501   438   438 I kickstart-efsks: ks_path='/vendor/bin/ks'
10-01 17:25:41.501   438   438 I kickstart-efsks: PathToSaveFiles='/dev/block/platform/msm_sdcc.1/by-name/'
10-01 17:25:41.501   438   438 I kickstart-efsks: RX_Timeout=-1
10-01 17:25:41.501   438   438 E kickstart-efsks: File '/dev/efs_hsic_bridge' was not found
10-01 17:25:41.501   438   438 E kickstart-efsks: /dev/efs_hsic_bridge does not exist.
10-01 17:25:43.206   207   207 E Diag_Lib:  Diag_LSM_Init: Failed to open handle to diag driver, error = 2
10-01 17:25:43.504   438   438 E kickstart-efsks: RUNNING: '/vendor/bin/ks -m -w /dev/block/platform/msm_sdcc.1/by-name/ -p /dev/efs_hsic_bridge -t -1 -l'
10-01 17:25:44.073   456   456 E linker  : "/system/vendor/lib/libmmjpeg.so" has text relocations
10-01 17:25:44.075   456   456 F libc    : CANNOT LINK EXECUTABLE "/vendor/bin/mm-qcamera-daemon": "/system/vendor/lib/libmmjpeg.so" has text relocations
10-01 17:25:44.075   456   456 F libc    : Fatal signal 6 (SIGABRT), code -6 in tid 456 (mm-qcamera-daem)
10-01 17:25:44.126   459   459 I crash_dump32: obtaining output fd from tombstoned
10-01 17:25:44.126   232   232 I /system/bin/tombstoned: received crash request for pid 456
10-01 17:25:44.127   459   459 I crash_dump32: performing dump of process 456 (target tid = 456)
10-01 17:25:44.128   456   456 F libc    : failed to resend signal during crash: Operation not permitted
10-01 17:25:44.130   232   232 W /system/bin/tombstoned: crash socket received short read of length 0 (expected 8)
10-01 17:25:44.146   447   447 E android.hardware.nfc@1.0-impl: hw_get_module nfc_nci failed: -2
10-01 17:25:44.146   447   447 E android.hardware.nfc@1.0-impl: Passthrough failed to load legacy HAL.
10-01 17:25:44.146   447   447 E android.hardware.nfc@1.0-service: Could not get passthrough implementation for android.hardware.nfc@1.0::INfc/default.
10-01 17:25:44.256   444   444 E kickstart: Wrote to /sys/power/wake_lock
10-01 17:25:44.256   444   444 E kickstart: Wrote to /sys/power/wake_unlock
10-01 17:25:44.318   211   211 E QMI_FW  : QMUXD: Service_id=20 not found over conn_id=0
10-01 17:25:44.386   211   211 I chatty  : uid=1041(audioserver) /system/bin/audioserver identical 3 lines
10-01 17:25:44.394   211   211 E QMI_FW  : QMUXD: Service_id=20 not found over conn_id=0
10-01 17:25:44.473   208   270 E QMI_FW  : QMUXD: Service_id=24 not found over conn_id=0
10-01 17:25:44.473   208   269 E QMI_FW  : QMUXD: Service_id=24 not found over conn_id=0
10-01 17:25:44.473   208   271 E QMI_FW  : QMUXD: Service_id=23 not found over conn_id=0
10-01 17:25:44.476   416   416 W dex2oat : Skipping class android.hidl.base.V1_0.DebugInfo$Architecture from /system/framework/android.hidl.base-V1.0-java.jar previously found in /system/framework/telephony-common.jar
10-01 17:25:44.476   416   442 W dex2oat : Skipping class android.hidl.base.V1_0.IBase from /system/framework/android.hidl.base-V1.0-java.jar previously found in /system/framework/telephony-common.jar
10-01 17:25:44.476   416   443 W dex2oat : Skipping class android.hidl.base.V1_0.DebugInfo from /system/framework/android.hidl.base-V1.0-java.jar previously found in /system/framework/telephony-common.jar
10-01 17:25:44.476   416   441 W dex2oat : Skipping class android.hidl.base.V1_0.IBase$Proxy from /system/framework/android.hidl.base-V1.0-java.jar previously found in /system/framework/telephony-common.jar
10-01 17:25:44.476   416   416 W dex2oat : Skipping class android.hidl.base.V1_0.IBase$Stub from /system/framework/android.hidl.base-V1.0-java.jar previously found in /system/framework/telephony-common.jar
10-01 17:25:44.480   208   283 D ThermalDaemon: Sensor 'tsens_tz_sensor7' - alarm raised 1 at 60.0 degC
10-01 17:25:44.480   208   284 D ThermalDaemon: Sensor 'tsens_tz_sensor8' - alarm raised 1 at 62.0 degC
10-01 17:25:44.486   211   211 E ext_speaker: open_speaker_bundle: DLOPEN failed for /vendor/lib/soundfx/libspeakerbundle.so
10-01 17:25:44.486   211   211 W audio_hw_primary: adev_open: DLOPEN failed for /vendor/lib/soundfx/libqcomvisualizer.so
10-01 17:25:44.487   211   211 W audio_hw_primary: adev_open: DLOPEN failed for /vendor/lib/soundfx/libqcompostprocbundle.so
10-01 17:25:44.487   211   211 W audio_hw_primary: adev_open: DLOPEN failed for libadm.so
10-01 17:25:44.487   211   211 E audio_hw_utils: audio_extn_utils_send_default_app_type_cfg: Could not get ctl for mixer cmd - App Type Config
10-01 17:25:44.487   211   211 D audio_hw_primary: adev_open: exit
10-01 17:25:44.488   211   211 W DeviceHAL: Device 0xa80df300 get_master_volume: Function not implemented
10-01 17:25:44.488   211   211 W DeviceHAL: Device 0xa80df300 get_master_mute: Function not implemented
10-01 17:25:44.488   211   211 W DeviceHAL: Device 0xa80df300 set_master_volume: Function not implemented
10-01 17:25:44.488   211   211 W DeviceHAL: Device 0xa80df300 set_master_mute: Function not implemented
10-01 17:25:44.488   211   211 I AudioFlinger: loadHwModule() Loaded primary audio interface, handle 10
10-01 17:25:44.488   211   211 I AudioFlinger: openOutput() this 0xa80bd000, module 10 Device 2, SamplingRate 48000, Format 0x000001, Channels 3, flags 2
10-01 17:25:44.488   211   211 I AudioFlinger: HAL output buffer size 240 frames, normal sink buffer size 960 frames
10-01 17:25:44.490   166   166 W /system/bin/hwservicemanager: getTransportFromManifest: Cannot find entry android.hardware.audio.effect@2.0::IEffectsFactory in either framework or device manifest, using default transport.
10-01 17:25:44.499   208   270 D ThermalDaemon: qmi: Instance id 25 for fusion TMD
10-01 17:25:44.500   208   270 E QMI_FW  : QMUXD: Service_id=24 not found over conn_id=0
10-01 17:25:44.517   208   269 E QMI_FW  : QMUXD: Service_id=24 not found over conn_id=0
10-01 17:25:44.519   208   271 D ThermalDaemon: qmi: Instance id 25 for fusion TS
10-01 17:25:44.520   208   271 E QMI_FW  : QMUXD: Service_id=23 not found over conn_id=0
10-01 17:25:44.533   211   211 E voice_processing: init: can't find /system/lib/soundfx/libqcomvoiceprocessingdescriptors.so
10-01 17:25:44.533   211   211 I BufferProvider: found effect "Multichannel Downmix To Stereo" from The Android Open Source Project
10-01 17:25:44.534   211   211 I AudioFlinger: Using module 10 as the primary audio interface
10-01 17:25:44.534   211   211 W AudioFlinger: moveEffects() bad srcOutput 0
10-01 17:25:44.535   211   469 I AudioFlinger: AudioFlinger's thread 0xa7124d00 tid=469 ready to run
10-01 17:25:44.535   211   469 W AudioFlinger: no wake lock to update, system not ready yet
10-01 17:25:44.535   211   469 D audio_hw_primary: out_set_parameters: enter: usecase(1: low-latency-playback) kvpairs: routing=2
10-01 17:25:44.537   211   469 W AudioFlinger: no wake lock to update, system not ready yet
10-01 17:25:44.537   211   211 I AudioFlinger: openOutput() this 0xa80bd000, module 10 Device 2, SamplingRate 48000, Format 0x000001, Channels 3, flags 8
10-01 17:25:44.538   211   211 I AudioFlinger: HAL output buffer size 960 frames, normal sink buffer size 960 frames
10-01 17:25:44.538   208   270 E QMI_FW  : QMUXD: Service_id=24 not found over conn_id=0
10-01 17:25:44.538   211   471 I AudioFlinger: AudioFlinger's thread 0xa6a17d00 tid=471 ready to run
10-01 17:25:44.538   211   471 W AudioFlinger: no wake lock to update, system not ready yet
10-01 17:25:44.538   211   471 D audio_hw_primary: out_set_parameters: enter: usecase(0: deep-buffer-playback) kvpairs: routing=2
10-01 17:25:44.539   211   471 W AudioFlinger: no wake lock to update, system not ready yet
10-01 17:25:44.541   211   473 I AudioFlinger: AudioFlinger's thread 0xa6991980 tid=473 ready to run
10-01 17:25:44.556   208   269 E QMI_FW  : QMUXD: Service_id=24 not found over conn_id=0
10-01 17:25:44.557   208   271 E QMI_FW  : QMUXD: Service_id=23 not found over conn_id=0
10-01 17:25:44.604   208   270 E QMI_FW  : QMUXD: Service_id=24 not found over conn_id=0
10-01 17:25:44.607   211   211 I bt_a2dp_hw: adev_open:  adev_open in A2dp_hw module
10-01 17:25:44.607   211   211 I AudioFlinger: loadHwModule() Loaded a2dp audio interface, handle 18
10-01 17:25:44.608   211   211 I vndksupport: sphal namespace is not configured for this process. Loading /vendor/lib/hw/audio.usb.default.so from the current namespace instead.
10-01 17:25:44.610   208   271 E QMI_FW  : QMUXD: Service_id=23 not found over conn_id=0
10-01 17:25:44.622   211   211 I AudioFlinger: loadHwModule() Loaded usb audio interface, handle 26
10-01 17:25:44.622   211   211 I vndksupport: sphal namespace is not configured for this process. Loading /vendor/lib/hw/audio.r_submix.default.so from the current namespace instead.
10-01 17:25:44.625   208   270 E QMI_FW  : QMUXD: Service_id=24 not found over conn_id=0
10-01 17:25:44.625   211   211 I r_submix: adev_open(name=audio_hw_if)
10-01 17:25:44.626   211   211 I r_submix: adev_init_check()
10-01 17:25:44.626   211   211 W DeviceHAL: Device 0xa69913c0 set_master_mute: Function not implemented
10-01 17:25:44.626   211   211 I AudioFlinger: loadHwModule() Loaded r_submix audio interface, handle 34
10-01 17:25:44.626   211   211 D r_submix: adev_open_input_stream(addr=0)
10-01 17:25:44.626   211   211 D r_submix: submix_audio_device_create_pipe_l(addr=0, idx=9)
10-01 17:25:44.626   211   211 D r_submix:   now using address 0 for route 9
10-01 17:25:44.628   211   477 I AudioFlinger: AudioFlinger's thread 0xa5e83f80 tid=477 ready to run
10-01 17:25:44.630   211   211 I RadioService: RadioService
10-01 17:25:44.630   211   211 I RadioService: onFirstRef
10-01 17:25:44.640   211   477 D r_submix: adev_close_input_stream()
10-01 17:25:44.640   211   477 D r_submix: submix_audio_device_release_pipe_l(idx=9) addr=0
10-01 17:25:44.640   211   477 D r_submix: submix_audio_device_destroy_pipe_l(): pipe destroyed
10-01 17:25:44.642   208   271 E QMI_FW  : QMUXD: Service_id=23 not found over conn_id=0
10-01 17:25:44.650   208   270 D ThermalDaemon: Fusion modem thermal mitigation available.
10-01 17:25:44.658   166   166 W /system/bin/hwservicemanager: getTransportFromManifest: Cannot find entry android.hardware.broadcastradio@1.0::IBroadcastRadioFactory in either framework or device manifest, using default transport.
10-01 17:25:44.659   211   211 E RadioService: could not read implementation properties
10-01 17:25:44.663   166   166 W /system/bin/hwservicemanager: getTransportFromManifest: Cannot find entry android.hardware.soundtrigger@2.0::ISoundTriggerHw in either framework or device manifest, using default transport.
10-01 17:25:44.664   211   211 E SoundTriggerHwService: could not read implementation properties
10-01 17:25:44.721   208   271 D ThermalDaemon: Modem thermal sensor service available.
10-01 17:25:45.618   226   331 E Diag_Lib:  Diag_LSM_Init: Failed to open handle to diag driver, error = 2
10-01 17:25:48.946   488   488 E android.hardware.nfc@1.0-impl: hw_get_module nfc_nci failed: -2
10-01 17:25:48.946   488   488 E android.hardware.nfc@1.0-impl: Passthrough failed to load legacy HAL.
10-01 17:25:48.947   488   488 E android.hardware.nfc@1.0-service: Could not get passthrough implementation for android.hardware.nfc@1.0::INfc/default.
10-01 17:25:49.078   489   489 E linker  : "/system/vendor/lib/libmmjpeg.so" has text relocations
10-01 17:25:49.079   489   489 F libc    : CANNOT LINK EXECUTABLE "/vendor/bin/mm-qcamera-daemon": "/system/vendor/lib/libmmjpeg.so" has text relocations
10-01 17:25:49.079   489   489 F libc    : Fatal signal 6 (SIGABRT), code -6 in tid 489 (mm-qcamera-daem)
10-01 17:25:49.113   492   492 I crash_dump32: obtaining output fd from tombstoned
10-01 17:25:49.114   232   232 I /system/bin/tombstoned: received crash request for pid 489
10-01 17:25:49.115   492   492 I crash_dump32: performing dump of process 489 (target tid = 489)
10-01 17:25:49.115   489   489 F libc    : failed to resend signal during crash: Operation not permitted
10-01 17:25:49.117   232   232 W /system/bin/tombstoned: crash socket received short read of length 0 (expected 8)
10-01 17:25:49.135   416   416 W dex2oat : Skipping class android.hidl.base.V1_0.DebugInfo$Architecture from /system/framework/android.hidl.base-V1.0-java.jar previously found in /system/framework/telephony-common.jar
10-01 17:25:49.135   416   442 W dex2oat : Skipping class android.hidl.base.V1_0.IBase$Proxy from /system/framework/android.hidl.base-V1.0-java.jar previously found in /system/framework/telephony-common.jar
10-01 17:25:49.135   416   443 W dex2oat : Skipping class android.hidl.base.V1_0.IBase from /system/framework/android.hidl.base-V1.0-java.jar previously found in /system/framework/telephony-common.jar
10-01 17:25:49.135   416   416 W dex2oat : Skipping class android.hidl.base.V1_0.IBase$Stub from /system/framework/android.hidl.base-V1.0-java.jar previously found in /system/framework/telephony-common.jar
10-01 17:25:49.135   416   441 W dex2oat : Skipping class android.hidl.base.V1_0.DebugInfo from /system/framework/android.hidl.base-V1.0-java.jar previously found in /system/framework/telephony-common.jar
10-01 17:25:53.987   498   498 E android.hardware.nfc@1.0-impl: hw_get_module nfc_nci failed: -2
10-01 17:25:53.987   498   498 E android.hardware.nfc@1.0-impl: Passthrough failed to load legacy HAL.
10-01 17:25:53.988   498   498 E android.hardware.nfc@1.0-service: Could not get passthrough implementation for android.hardware.nfc@1.0::INfc/default.
10-01 17:25:54.088   499   499 E linker  : "/system/vendor/lib/libmmjpeg.so" has text relocations
10-01 17:25:54.089   499   499 F libc    : CANNOT LINK EXECUTABLE "/vendor/bin/mm-qcamera-daemon": "/system/vendor/lib/libmmjpeg.so" has text relocations
10-01 17:25:54.089   499   499 F libc    : Fatal signal 6 (SIGABRT), code -6 in tid 499 (mm-qcamera-daem)
10-01 17:25:54.119   502   502 I crash_dump32: obtaining output fd from tombstoned
10-01 17:25:54.120   232   232 I /system/bin/tombstoned: received crash request for pid 499
10-01 17:25:54.121   502   502 I crash_dump32: performing dump of process 499 (target tid = 499)
10-01 17:25:54.121   499   499 F libc    : failed to resend signal during crash: Operation not permitted
10-01 17:25:54.123   232   232 W /system/bin/tombstoned: crash socket received short read of length 0 (expected 8)
10-01 17:25:54.481   208   283 D ThermalDaemon: Sensor 'tsens_tz_sensor7' - alarm cleared 1 at 55.0 degC
10-01 17:25:58.978   504   504 E android.hardware.nfc@1.0-impl: hw_get_module nfc_nci failed: -2
10-01 17:25:58.978   504   504 E android.hardware.nfc@1.0-impl: Passthrough failed to load legacy HAL.
10-01 17:25:58.978   504   504 E android.hardware.nfc@1.0-service: Could not get passthrough implementation for android.hardware.nfc@1.0::INfc/default.
10-01 17:25:59.122   505   505 E linker  : "/system/vendor/lib/libmmjpeg.so" has text relocations
10-01 17:25:59.123   505   505 F libc    : CANNOT LINK EXECUTABLE "/vendor/bin/mm-qcamera-daemon": "/system/vendor/lib/libmmjpeg.so" has text relocations
10-01 17:25:59.123   505   505 F libc    : Fatal signal 6 (SIGABRT), code -6 in tid 505 (mm-qcamera-daem)
10-01 17:25:59.155   508   508 I crash_dump32: obtaining output fd from tombstoned
10-01 17:25:59.156   232   232 I /system/bin/tombstoned: received crash request for pid 505
10-01 17:25:59.195   508   508 I crash_dump32: performing dump of process 505 (target tid = 505)
10-01 17:25:59.195   505   505 F libc    : failed to resend signal during crash: Operation not permitted
10-01 17:25:59.198   232   232 W /system/bin/tombstoned: crash socket received short read of length 0 (expected 8)
10-01 17:26:03.978   509   509 E android.hardware.nfc@1.0-impl: hw_get_module nfc_nci failed: -2
10-01 17:26:03.978   509   509 E android.hardware.nfc@1.0-impl: Passthrough failed to load legacy HAL.
10-01 17:26:03.979   509   509 E android.hardware.nfc@1.0-service: Could not get passthrough implementation for android.hardware.nfc@1.0::INfc/default.
10-01 17:26:04.124   514   514 E linker  : "/system/vendor/lib/libmmjpeg.so" has text relocations
10-01 17:26:04.126   514   514 F libc    : CANNOT LINK EXECUTABLE "/vendor/bin/mm-qcamera-daemon": "/system/vendor/lib/libmmjpeg.so" has text relocations
10-01 17:26:04.126   514   514 F libc    : Fatal signal 6 (SIGABRT), code -6 in tid 514 (mm-qcamera-daem)
10-01 17:26:04.160   517   517 I crash_dump32: obtaining output fd from tombstoned
10-01 17:26:04.161   232   232 I /system/bin/tombstoned: received crash request for pid 514
10-01 17:26:04.162   517   517 I crash_dump32: performing dump of process 514 (target tid = 514)
10-01 17:26:04.162   514   514 F libc    : failed to resend signal during crash: Operation not permitted
10-01 17:26:04.163   517   517 E DEBUG   : unexpected waitpid response: n=514, status=00000100
10-01 17:26:04.165   232   232 W /system/bin/tombstoned: crash socket received short read of length 0 (expected 8)
10-01 17:26:08.985   520   520 E android.hardware.nfc@1.0-impl: hw_get_module nfc_nci failed: -2
10-01 17:26:08.985   520   520 E android.hardware.nfc@1.0-impl: Passthrough failed to load legacy HAL.
10-01 17:26:08.986   520   520 E android.hardware.nfc@1.0-service: Could not get passthrough implementation for android.hardware.nfc@1.0::INfc/default.
10-01 17:26:09.128   525   525 E linker  : "/system/vendor/lib/libmmjpeg.so" has text relocations
10-01 17:26:09.130   525   525 F libc    : CANNOT LINK EXECUTABLE "/vendor/bin/mm-qcamera-daemon": "/system/vendor/lib/libmmjpeg.so" has text relocations
10-01 17:26:09.130   525   525 F libc    : Fatal signal 6 (SIGABRT), code -6 in tid 525 (mm-qcamera-daem)
10-01 17:26:09.165   528   528 I crash_dump32: obtaining output fd from tombstoned
10-01 17:26:09.166   232   232 I /system/bin/tombstoned: received crash request for pid 525
10-01 17:26:09.167   528   528 I crash_dump32: performing dump of process 525 (target tid = 525)
10-01 17:26:09.167   525   525 F libc    : failed to resend signal during crash: Operation not permitted
10-01 17:26:09.171   232   232 W /system/bin/tombstoned: crash socket received short read of length 0 (expected 8)
10-01 17:26:09.918   416   416 W dex2oat : Skipping class android.hidl.base.V1_0.DebugInfo$Architecture from /system/framework/android.hidl.base-V1.0-java.jar previously found in /system/framework/telephony-common.jar
10-01 17:26:09.918   416   416 W dex2oat : Skipping class android.hidl.base.V1_0.DebugInfo from /system/framework/android.hidl.base-V1.0-java.jar previously found in /system/framework/telephony-common.jar
10-01 17:26:09.918   416   416 W dex2oat : Skipping class android.hidl.base.V1_0.IBase from /system/framework/android.hidl.base-V1.0-java.jar previously found in /system/framework/telephony-common.jar
10-01 17:26:09.918   416   416 W dex2oat : Skipping class android.hidl.base.V1_0.IBase$Proxy from /system/framework/android.hidl.base-V1.0-java.jar previously found in /system/framework/telephony-common.jar
10-01 17:26:09.919   416   416 W dex2oat : Skipping class android.hidl.base.V1_0.IBase$Stub from /system/framework/android.hidl.base-V1.0-java.jar previously found in /system/framework/telephony-common.jar
10-01 17:26:10.364   416   416 I dex2oat : Explicit concurrent copying GC freed 57840(7MB) AllocSpace objects, 0(0B) LOS objects, 46% free, 7MB/13MB, paused 122us total 200.378ms
10-01 17:26:10.945   416   416 W dex2oat : Compilation of java.lang.String java.lang.Object.toString() took 375.488ms
10-01 17:26:11.111   416   416 W dex2oat : Compilation of java.lang.Object java.io.ObjectStreamClass$EntryFuture.get() took 158.691ms
10-01 17:26:14.151   542   542 E linker  : "/system/vendor/lib/libmmjpeg.so" has text relocations
10-01 17:26:14.152   542   542 F libc    : CANNOT LINK EXECUTABLE "/vendor/bin/mm-qcamera-daemon": "/system/vendor/lib/libmmjpeg.so" has text relocations
10-01 17:26:14.152   542   542 F libc    : Fatal signal 6 (SIGABRT), code -6 in tid 542 (mm-qcamera-daem)
10-01 17:26:14.168   541   541 E android.hardware.nfc@1.0-impl: hw_get_module nfc_nci failed: -2
10-01 17:26:14.168   541   541 E android.hardware.nfc@1.0-impl: Passthrough failed to load legacy HAL.
10-01 17:26:14.168   541   541 E android.hardware.nfc@1.0-service: Could not get passthrough implementation for android.hardware.nfc@1.0::INfc/default.
10-01 17:26:14.201   545   545 I crash_dump32: obtaining output fd from tombstoned
10-01 17:26:14.202   232   232 I /system/bin/tombstoned: received crash request for pid 542
10-01 17:26:14.204   545   545 I crash_dump32: performing dump of process 542 (target tid = 542)
10-01 17:26:14.204   542   542 F libc    : failed to resend signal during crash: Operation not permitted
10-01 17:26:14.206   232   232 W /system/bin/tombstoned: crash socket received short read of length 0 (expected 8)
10-01 17:26:14.480   208   277 D ThermalDaemon: Sensor 'tsens_tz_sensor1' - alarm raised 1 at 61.0 degC
10-01 17:26:14.482   208   283 D ThermalDaemon: Sensor 'tsens_tz_sensor7' - alarm raised 1 at 68.0 degC
10-01 17:26:14.482   208   281 D ThermalDaemon: Sensor 'tsens_tz_sensor5' - alarm raised 1 at 64.0 degC
10-01 17:26:14.482   208   285 D ThermalDaemon: Sensor 'tsens_tz_sensor9' - alarm raised 1 at 68.0 degC
10-01 17:26:14.483   208   286 D ThermalDaemon: Sensor 'tsens_tz_sensor10' - alarm raised 1 at 70.0 degC
10-01 17:26:14.487   287   287 W thermald: type=1400 audit(0.0:31): avc: granted { dac_override } for capability=1 scontext=u:r:thermald:s0 tcontext=u:r:thermald:s0 tclass=capability
10-01 17:26:14.502   208   287 D ThermalDaemon: Sensor 'batt_therm' - alarm raised 1 at 36.1 degC
10-01 17:26:14.502   208   287 D ThermalDaemon: ACTION: LCD - Setting max LCD brightness to 240
10-01 17:26:14.503   208   287 D ThermalDaemon: Setting curr LCD brightness to 255
10-01 17:26:18.935   416   441 I dex2oat : Method exceeds compiler instruction limit: 25337 in void org.ccil.cowan.tagsoup.HTMLSchema.<init>()
10-01 17:26:18.991   546   546 E android.hardware.nfc@1.0-impl: hw_get_module nfc_nci failed: -2
10-01 17:26:18.991   546   546 E android.hardware.nfc@1.0-impl: Passthrough failed to load legacy HAL.
10-01 17:26:18.991   546   546 E android.hardware.nfc@1.0-service: Could not get passthrough implementation for android.hardware.nfc@1.0::INfc/default.
10-01 17:26:19.480   208   280 D ThermalDaemon: Sensor 'tsens_tz_sensor4' - alarm raised 1 at 62.0 degC
10-01 17:26:20.736   547   547 E linker  : "/system/vendor/lib/libmmjpeg.so" has text relocations
10-01 17:26:20.737   547   547 F libc    : CANNOT LINK EXECUTABLE "/vendor/bin/mm-qcamera-daemon": "/system/vendor/lib/libmmjpeg.so" has text relocations
10-01 17:26:20.738   547   547 F libc    : Fatal signal 6 (SIGABRT), code -6 in tid 547 (mm-qcamera-daem)
10-01 17:26:22.028   550   550 I crash_dump32: obtaining output fd from tombstoned
10-01 17:26:22.029   232   232 I /system/bin/tombstoned: received crash request for pid 547
10-01 17:26:22.030   550   550 I crash_dump32: performing dump of process 547 (target tid = 547)
10-01 17:26:22.030   547   547 F libc    : failed to resend signal during crash: Operation not permitted
10-01 17:26:22.031   550   550 E DEBUG   : unexpected waitpid response: n=547, status=00000100
10-01 17:26:22.032   232   232 W /system/bin/tombstoned: crash socket received short read of length 0 (expected 8)
10-01 17:26:22.179   416   442 W dex2oat : Compilation of boolean android.content.pm.IPackageManager$Stub.onTransact(int, android.os.Parcel, android.os.Parcel, int) took 177.795ms
10-01 17:26:26.000   552   552 E linker  : "/system/vendor/lib/libmmjpeg.so" has text relocations
10-01 17:26:26.001   552   552 F libc    : CANNOT LINK EXECUTABLE "/vendor/bin/mm-qcamera-daemon": "/system/vendor/lib/libmmjpeg.so" has text relocations
10-01 17:26:26.001   552   552 F libc    : Fatal signal 6 (SIGABRT), code -6 in tid 552 (mm-qcamera-daem)
10-01 17:26:26.022   551   551 E android.hardware.nfc@1.0-impl: hw_get_module nfc_nci failed: -2
10-01 17:26:26.022   551   551 E android.hardware.nfc@1.0-impl: Passthrough failed to load legacy HAL.
10-01 17:26:26.022   551   551 E android.hardware.nfc@1.0-service: Could not get passthrough implementation for android.hardware.nfc@1.0::INfc/default.
10-01 17:26:26.036   555   555 I crash_dump32: obtaining output fd from tombstoned
10-01 17:26:26.037   232   232 I /system/bin/tombstoned: received crash request for pid 552
10-01 17:26:26.038   555   555 I crash_dump32: performing dump of process 552 (target tid = 552)
10-01 17:26:26.038   552   552 F libc    : failed to resend signal during crash: Operation not permitted
10-01 17:26:26.040   232   232 W /system/bin/tombstoned: crash socket received short read of length 0 (expected 8)
10-01 17:26:26.339   416   416 W dex2oat : Compilation of void android.os.BatteryStats.dumpCheckinLocked(android.content.Context, java.io.PrintWriter, int, int, boolean) took 221.099ms
10-01 17:26:26.863   416   416 W dex2oat : Compilation of void android.os.BatteryStats.dumpLocked(android.content.Context, java.io.PrintWriter, java.lang.String, int, int, boolean) took 497.192ms
10-01 17:26:29.480   208   279 D ThermalDaemon: Sensor 'tsens_tz_sensor3' - alarm raised 1 at 61.0 degC
10-01 17:26:29.481   208   282 D ThermalDaemon: Sensor 'tsens_tz_sensor6' - alarm raised 1 at 62.0 degC
10-01 17:26:29.502   287   287 W thermald: type=1400 audit(0.0:32): avc: granted { dac_override } for capability=1 scontext=u:r:thermald:s0 tcontext=u:r:thermald:s0 tclass=capability
10-01 17:26:29.506   208   287 D ThermalDaemon: Sensor 'batt_therm' - alarm raised 2 at 37.2 degC
10-01 17:26:29.506   208   287 D ThermalDaemon: ACTION: CPU - Setting CPU[0] to 1296000
10-01 17:26:29.507   208   287 D ThermalDaemon: ACTION: CPU - Setting CPU[1] to 1296000
10-01 17:26:29.507   208   287 D ThermalDaemon: ACTION: CPU - Setting CPU[2] to 1296000
10-01 17:26:29.507   208   287 D ThermalDaemon: ACTION: CPU - Setting CPU[3] to 1296000
10-01 17:26:29.508   208   287 D ThermalDaemon: ACTION: GPU - Setting GPU[0] to 325000000
10-01 17:26:29.509   208   287 D ThermalDaemon: ACTION: LCD - Setting max LCD brightness to 215
10-01 17:26:29.510   208   287 D ThermalDaemon: Setting curr LCD brightness to 255
10-01 17:26:30.673   416   441 W dex2oat : Compilation of void android.widget.TextView.<init>(android.content.Context, android.util.AttributeSet, int, int) took 136.657ms
10-01 17:26:31.686   564   564 E linker  : "/system/vendor/lib/libmmjpeg.so" has text relocations
10-01 17:26:31.687   564   564 F libc    : CANNOT LINK EXECUTABLE "/vendor/bin/mm-qcamera-daemon": "/system/vendor/lib/libmmjpeg.so" has text relocations
10-01 17:26:31.687   564   564 F libc    : Fatal signal 6 (SIGABRT), code -6 in tid 564 (mm-qcamera-daem)
10-01 17:26:32.812   416   443 W dex2oat : Compilation of boolean com.android.internal.telephony.ITelephony$Stub.onTransact(int, android.os.Parcel, android.os.Parcel, int) took 116.058ms
10-01 17:26:33.197   563   563 E android.hardware.nfc@1.0-impl: hw_get_module nfc_nci failed: -2
10-01 17:26:33.197   563   563 E android.hardware.nfc@1.0-impl: Passthrough failed to load legacy HAL.
10-01 17:26:33.197   563   563 E android.hardware.nfc@1.0-service: Could not get passthrough implementation for android.hardware.nfc@1.0::INfc/default.
10-01 17:26:33.698   416   416 W dex2oat : Compilation of void android.hardware.radio.V1_0.IRadioResponse$Stub.onTransact(int, android.os.HwParcel, android.os.HwParcel, int) took 108.276ms
10-01 17:26:34.230   567   567 I crash_dump32: obtaining output fd from tombstoned
10-01 17:26:34.573   232   232 I /system/bin/tombstoned: received crash request for pid 564
10-01 17:26:34.574   567   567 I crash_dump32: performing dump of process 564 (target tid = 564)
10-01 17:26:34.576   564   564 F libc    : failed to resend signal during crash: Operation not permitted
10-01 17:26:34.593   567   567 E DEBUG   : unexpected waitpid response: n=564, status=00000100
10-01 17:26:34.594   232   232 W /system/bin/tombstoned: crash socket received short read of length 0 (expected 8)
10-01 17:26:35.401   569   569 E linker  : "/system/vendor/lib/libmmjpeg.so" has text relocations
10-01 17:26:35.403   569   569 F libc    : CANNOT LINK EXECUTABLE "/vendor/bin/mm-qcamera-daemon": "/system/vendor/lib/libmmjpeg.so" has text relocations
10-01 17:26:35.403   569   569 F libc    : Fatal signal 6 (SIGABRT), code -6 in tid 569 (mm-qcamera-daem)
10-01 17:26:35.440   572   572 I crash_dump32: obtaining output fd from tombstoned
10-01 17:26:35.440   232   232 I /system/bin/tombstoned: received crash request for pid 569
10-01 17:26:35.441   572   572 I crash_dump32: performing dump of process 569 (target tid = 569)
10-01 17:26:35.442   569   569 F libc    : failed to resend signal during crash: Operation not permitted
10-01 17:26:35.444   232   232 W /system/bin/tombstoned: crash socket received short read of length 0 (expected 8)
10-01 17:26:35.466   568   568 E android.hardware.nfc@1.0-impl: hw_get_module nfc_nci failed: -2
10-01 17:26:35.466   568   568 E android.hardware.nfc@1.0-impl: Passthrough failed to load legacy HAL.
10-01 17:26:35.467   568   568 E android.hardware.nfc@1.0-service: Could not get passthrough implementation for android.hardware.nfc@1.0::INfc/default.
10-01 17:26:36.185   416   416 W dex2oat : Skipping class android.hidl.base.V1_0.DebugInfo$Architecture from /system/framework/android.hidl.base-V1.0-java.jar previously found in /system/framework/telephony-common.jar
10-01 17:26:36.185   416   443 W dex2oat : Skipping class android.hidl.base.V1_0.DebugInfo from /system/framework/android.hidl.base-V1.0-java.jar previously found in /system/framework/telephony-common.jar
10-01 17:26:36.185   416   442 W dex2oat : Skipping class android.hidl.base.V1_0.IBase$Proxy from /system/framework/android.hidl.base-V1.0-java.jar previously found in /system/framework/telephony-common.jar
10-01 17:26:36.185   416   441 W dex2oat : Skipping class android.hidl.base.V1_0.IBase from /system/framework/android.hidl.base-V1.0-java.jar previously found in /system/framework/telephony-common.jar
10-01 17:26:36.185   416   416 W dex2oat : Skipping class android.hidl.base.V1_0.IBase$Stub from /system/framework/android.hidl.base-V1.0-java.jar previously found in /system/framework/telephony-common.jar
10-01 17:26:39.480   208   279 D ThermalDaemon: Sensor 'tsens_tz_sensor3' - alarm cleared 1 at 57.0 degC
10-01 17:26:39.482   208   282 D ThermalDaemon: Sensor 'tsens_tz_sensor6' - alarm cleared 1 at 56.0 degC
10-01 17:26:39.483   208   281 D ThermalDaemon: Sensor 'tsens_tz_sensor5' - alarm cleared 1 at 57.0 degC
10-01 17:26:39.542   416   416 I dex2oat : Explicit concurrent copying GC freed 40195(4MB) AllocSpace objects, 0(0B) LOS objects, 63% free, 3MB/9MB, paused 61us total 130.462ms
10-01 17:26:39.781   589   589 E android.hardware.nfc@1.0-impl: hw_get_module nfc_nci failed: -2
10-01 17:26:39.781   589   589 E android.hardware.nfc@1.0-impl: Passthrough failed to load legacy HAL.
10-01 17:26:39.781   589   589 E android.hardware.nfc@1.0-service: Could not get passthrough implementation for android.hardware.nfc@1.0::INfc/default.
10-01 17:26:40.379   594   594 E linker  : "/system/vendor/lib/libmmjpeg.so" has text relocations
10-01 17:26:40.380   594   594 F libc    : CANNOT LINK EXECUTABLE "/vendor/bin/mm-qcamera-daemon": "/system/vendor/lib/libmmjpeg.so" has text relocations
10-01 17:26:40.380   594   594 F libc    : Fatal signal 6 (SIGABRT), code -6 in tid 594 (mm-qcamera-daem)
10-01 17:26:40.414   597   597 I crash_dump32: obtaining output fd from tombstoned
10-01 17:26:40.415   232   232 I /system/bin/tombstoned: received crash request for pid 594
10-01 17:26:40.415   597   597 I crash_dump32: performing dump of process 594 (target tid = 594)
10-01 17:26:40.416   594   594 F libc    : failed to resend signal during crash: Operation not permitted
10-01 17:26:40.417   232   232 W /system/bin/tombstoned: crash socket received short read of length 0 (expected 8)
10-01 17:26:44.481   208   277 D ThermalDaemon: Sensor 'tsens_tz_sensor1' - alarm cleared 1 at 56.0 degC
10-01 17:26:44.484   208   285 D ThermalDaemon: Sensor 'tsens_tz_sensor9' - alarm cleared 1 at 55.0 degC
10-01 17:26:44.484   208   286 D ThermalDaemon: Sensor 'tsens_tz_sensor10' - alarm cleared 1 at 56.0 degC
10-01 17:26:44.714   600   600 E android.hardware.nfc@1.0-impl: hw_get_module nfc_nci failed: -2
10-01 17:26:44.714   600   600 E android.hardware.nfc@1.0-impl: Passthrough failed to load legacy HAL.
10-01 17:26:44.714   600   600 E android.hardware.nfc@1.0-service: Could not get passthrough implementation for android.hardware.nfc@1.0::INfc/default.
10-01 17:26:45.379   605   605 E linker  : "/system/vendor/lib/libmmjpeg.so" has text relocations
10-01 17:26:45.380   605   605 F libc    : CANNOT LINK EXECUTABLE "/vendor/bin/mm-qcamera-daemon": "/system/vendor/lib/libmmjpeg.so" has text relocations
10-01 17:26:45.381   605   605 F libc    : Fatal signal 6 (SIGABRT), code -6 in tid 605 (mm-qcamera-daem)
10-01 17:26:45.413   608   608 I crash_dump32: obtaining output fd from tombstoned
10-01 17:26:45.414   232   232 I /system/bin/tombstoned: received crash request for pid 605
10-01 17:26:45.414   608   608 I crash_dump32: performing dump of process 605 (target tid = 605)
10-01 17:26:45.414   605   605 F libc    : failed to resend signal during crash: Operation not permitted
10-01 17:26:45.415   608   608 E DEBUG   : unexpected waitpid response: n=605, status=00000100
10-01 17:26:45.416   232   232 W /system/bin/tombstoned: crash socket received short read of length 0 (expected 8)
10-01 17:26:47.320   416   416 I dex2oat : dex2oat took 74.499s (149.323s cpu) (threads: 4) arena alloc=26MB (27746912B) java alloc=3MB (3614792B) native alloc=75MB (79430864B) free=17MB (18348848B)
10-01 17:26:47.617   187   187 I SamplingProfilerIntegration: Profiling disabled.
10-01 17:26:47.617   187   187 D Zygote  : begin preload
