10-26 00:21:35.736   532   532 D SystemServerTiming: CertBlacklister took to complete: 1ms
10-26 00:21:35.737   532   532 I SystemServer: StartEmergencyAffordanceService
10-26 00:21:35.737   532   532 I SystemServiceManager: Starting com.android.server.emergency.EmergencyAffordanceService
10-26 00:21:35.737   532   532 D SystemServerTiming: StartEmergencyAffordanceService took to complete: 1ms
10-26 00:21:35.738   532   532 I SystemServer: StartDreamManager
10-26 00:21:35.738   532   532 I SystemServiceManager: Starting com.android.server.dreams.DreamManagerService
10-26 00:21:35.741   532   532 D SystemServerTiming: StartDreamManager took to complete: 3ms
10-26 00:21:35.741   532   532 I SystemServer: AddGraphicsStatsService
10-26 00:21:35.776   532   532 D SystemServerTiming: AddGraphicsStatsService took to complete: 35ms
10-26 00:21:35.777   532   532 I SystemServer: StartPrintManager
10-26 00:21:35.778   532   532 I SystemServiceManager: Starting com.android.server.print.PrintManagerService
10-26 00:21:35.782   532   532 D SystemServerTiming: StartPrintManager took to complete: 4ms
10-26 00:21:35.782   532   532 I SystemServer: StartCompanionDeviceManager
10-26 00:21:35.783   532   532 I SystemServiceManager: Starting com.android.server.companion.CompanionDeviceManagerService
10-26 00:21:35.788   532   532 D SystemServerTiming: StartCompanionDeviceManager took to complete: 5ms
10-26 00:21:35.788   532   532 I SystemServer: StartRestrictionManager
10-26 00:21:35.788   532   532 I SystemServiceManager: Starting com.android.server.restrictions.RestrictionsManagerService
10-26 00:21:35.790   532   532 D SystemServerTiming: StartRestrictionManager took to complete: 2ms
10-26 00:21:35.790   532   532 I SystemServer: StartMediaSessionService
10-26 00:21:35.791   532   532 I SystemServiceManager: Starting com.android.server.media.MediaSessionService
10-26 00:21:35.795   532   532 D SystemServerTiming: StartMediaSessionService took to complete: 5ms
10-26 00:21:35.795   532   532 I SystemServer: StartMediaResourceMonitor
10-26 00:21:35.796   532   532 I SystemServiceManager: Starting com.android.server.media.MediaResourceMonitorService
10-26 00:21:35.797   532   532 D SystemServerTiming: StartMediaResourceMonitor took to complete: 1ms
10-26 00:21:35.797   532   532 I SystemServer: StartMediaRouterService
10-26 00:21:35.800   532   532 D SystemServerTiming: StartMediaRouterService took to complete: 3ms
10-26 00:21:35.800   532   532 I SystemServer: StartBackgroundDexOptService
10-26 00:21:35.801   532   532 D SystemServerTiming: StartBackgroundDexOptService took to complete: 1ms
10-26 00:21:35.801   532   532 I SystemServer: StartPruneInstantAppsJobService
10-26 00:21:35.802   532   532 D SystemServerTiming: StartPruneInstantAppsJobService took to complete: 1ms
10-26 00:21:35.802   532   532 I SystemServer: StartShortcutServiceLifecycle
10-26 00:21:35.802   532   532 I SystemServiceManager: Starting com.android.server.pm.ShortcutService$Lifecycle
10-26 00:21:35.809   532   532 D SystemServerTiming: StartShortcutServiceLifecycle took to complete: 7ms
10-26 00:21:35.809   532   532 I SystemServer: StartLauncherAppsService
10-26 00:21:35.810   532   532 I SystemServiceManager: Starting com.android.server.pm.LauncherAppsService
10-26 00:21:35.812   532   532 D SystemServerTiming: StartLauncherAppsService took to complete: 2ms
10-26 00:21:35.812   532   532 I SystemServer: StartMediaProjectionManager
10-26 00:21:35.812   532   532 I SystemServiceManager: Starting com.android.server.media.projection.MediaProjectionManagerService
10-26 00:21:35.822   532   532 D SystemServerTiming: StartMediaProjectionManager took to complete: 10ms
10-26 00:21:35.825   532   532 I SystemServer: StartJitCompilation
10-26 00:21:35.825   532   532 D SystemServerTiming: StartJitCompilation took to complete: 0ms
10-26 00:21:35.825   532   532 I SystemServer: StartMmsService
10-26 00:21:35.825   532   532 I SystemServiceManager: Starting com.android.server.MmsServiceBroker
10-26 00:21:35.828   532   532 D SystemServerTiming: StartMmsService took to complete: 3ms
10-26 00:21:35.828   532   532 I SystemServer: StartRetailDemoModeService
10-26 00:21:35.828   532   532 I SystemServiceManager: Starting com.android.server.retaildemo.RetailDemoModeService
10-26 00:21:35.830   532  1469 I ServiceThread: Enabled StrictMode logging for RetailDemoModeService looper.
10-26 00:21:35.831   532   532 D SystemServerTiming: StartRetailDemoModeService took to complete: 3ms
10-26 00:21:35.831   532   532 I SystemServer: StartAutoFillService
10-26 00:21:35.831   532   532 I SystemServiceManager: Starting com.android.server.autofill.AutofillManagerService
10-26 00:21:35.832   532   532 I AutofillManagerService: Setting debug to true
10-26 00:21:35.836   532   532 D SystemServerTiming: StartAutoFillService took to complete: 5ms
10-26 00:21:35.836   532   532 I SystemServer: MakeVibratorServiceReady
10-26 00:21:35.838   532   532 D SystemServerTiming: MakeVibratorServiceReady took to complete: 2ms
10-26 00:21:35.838   532   532 I SystemServer: MakeLockSettingsServiceReady
10-26 00:21:36.320   532   532 I LockSettingsService: Migrated lock settings to new location
10-26 00:21:36.361   532   532 I LockSettingsService: Migrated per-user lock settings to new location
10-26 00:21:36.416   532   532 I LockSettingsService: Migrated biometric weak to use the fallback instead
10-26 00:21:36.471   532   532 I LockSettingsService: Migrated lockscreen disabled flag
10-26 00:21:36.479   532   532 E LockSettingsStorage: Cannot read file java.io.FileNotFoundException: /data/system/gatekeeper.password.key: open failed: ENOENT (No such file or directory)
10-26 00:21:36.480   532   532 E LockSettingsStorage: Cannot read file java.io.FileNotFoundException: /data/system/password.key: open failed: ENOENT (No such file or directory)
10-26 00:21:36.480   532   532 E LockSettingsStorage: Cannot read file java.io.FileNotFoundException: /data/system/gatekeeper.pattern.key: open failed: ENOENT (No such file or directory)
10-26 00:21:36.481   532   532 E LockSettingsStorage: Cannot read file java.io.FileNotFoundException: /data/system/gatekeeper.gesture.key: open failed: ENOENT (No such file or directory)
10-26 00:21:36.481   532   532 E LockSettingsStorage: Cannot read file java.io.FileNotFoundException: /data/system/gesture.key: open failed: ENOENT (No such file or directory)
10-26 00:21:36.481   532   532 D SystemServerTiming: MakeLockSettingsServiceReady took to complete: 643ms
10-26 00:21:36.481   532   532 I SystemServer: StartBootPhaseLockSettingsReady
10-26 00:21:36.481   532   532 I SystemServiceManager: Starting phase 480
10-26 00:21:36.487   532   532 D SystemServerTiming: StartBootPhaseLockSettingsReady took to complete: 6ms
10-26 00:21:36.487   532   532 I SystemServer: StartBootPhaseSystemServicesReady
10-26 00:21:36.487   532   532 I SystemServiceManager: Starting phase 500
10-26 00:21:36.490   532   532 W UsageStatsService: Missing procfs interface: /proc/uid_procstat/set
10-26 00:21:36.492   532   532 I VrManagerService: No default vr listener service found.
10-26 00:21:36.499   532   532 I WifiService: WifiService starting up with Wi-Fi disabled
10-26 00:21:36.529   532  1453 D ConnectivityService: Got NetworkFactory Messenger for Ethernet
10-26 00:21:36.534   532   532 D ZenLog  : config: cleanUpZenRules,ZenModeConfig[user=0,allowCalls=true,allowRepeatCallers=false,allowMessages=false,allowCallsFrom=contacts,allowMessagesFrom=contacts,allowReminders=true,allowEvents=true,allowWhenScreenOff=true,allowWhenScreenOn=true,automaticRules={b6fb10bb529e4ceaacb04d4f3372e038=ZenRule[enabled=false,snoozing=false,name=Weekend,zenMode=ZEN_MODE_ALARMS,conditionId=condition://android/schedule?days=6.7&start=23.30&end=10.0&exitAtAlarm=false,condition=null,component=ComponentInfo{android/com.android.server.notification.ScheduleConditionProvider},id=b6fb10bb529e4ceaacb04d4f3372e038,creationTime=1508957495491,enabler=null], 5cf2c481bb68485db85d1c12b8ef7c34=ZenRule[enabled=false,snoozing=false,name=Event,zenMode=ZEN_MODE_ALARMS,conditionId=condition://android/event?userId=-10000&calendar=&reply=1,condition=null,component=ComponentInfo{android/com.android.server.notification.EventConditionProvider},id=5cf2c481bb68485db85d1c12b8ef7c34,creationTime=1508957495492,enabler=null], 8289fb2e81b445f0b13d475e2f42f51a=ZenRule[enabled=false,snoozing=false,name=Weeknight,zenMode=ZEN_MODE_ALARMS,conditionId=condition://android/schedule?days=1.2.3.4.5&start=22.0&end=7.0&exitAtAlarm=false,condition=null,component=ComponentInfo{android/com.android.server.notification.ScheduleConditionProvider},id=8289fb2e81b445f0b13d475e2f42f51a,creationTime=1508957495491,enabler=null]},manualRule=null],Diff[]
10-26 00:21:36.535   532   532 D ZenLog  : set_zen_mode: off,onSystemReady
10-26 00:21:36.551   532   532 W SoundTriggerHelper: listModules status=0, # of modules=0
10-26 00:21:36.556   532   532 D SystemServerTiming: StartBootPhaseSystemServicesReady took to complete: 68ms
10-26 00:21:36.556   532   532 I SystemServer: MakeWindowManagerServiceReady
10-26 00:21:36.561   532   532 D SystemServerTiming: MakeWindowManagerServiceReady took to complete: 6ms
10-26 00:21:36.564   532   532 I SystemServer: MakePowerManagerServiceReady
10-26 00:21:36.580   532   599 W KeyguardServiceDelegate: onScreenTurningOn(): no keyguard service!
10-26 00:21:36.583   532   532 D SystemServerTiming: MakePowerManagerServiceReady took to complete: 19ms
10-26 00:21:36.583   532   532 I SystemServer: MakePackageManagerServiceReady
10-26 00:21:36.589   532   532 D VoldConnector: SND -> {4 volume remount_uid 1001 none}
10-26 00:21:36.589   172   177 D vold    : Remounting 1001 as mode none
10-26 00:21:36.600   172   177 D vold    : Found matching PID 205
10-26 00:21:36.600   172   177 W vold    : Skipping due to root namespace
10-26 00:21:36.600   172   177 D vold    : Found matching PID 206
10-26 00:21:36.600   172   177 W vold    : Skipping due to root namespace
10-26 00:21:36.601   172   177 D vold    : Found matching PID 226
10-26 00:21:36.601   172   177 W vold    : Skipping due to root namespace
10-26 00:21:36.602   532   672 D VoldConnector: RCV <- {200 4 Command succeeded}
10-26 00:21:36.605   532   532 D VoldConnector: SND -> {5 volume remount_uid 1001 none}
10-26 00:21:36.606   172   177 D vold    : Remounting 1001 as mode none
10-26 00:21:36.613   172   177 D vold    : Found matching PID 205
10-26 00:21:36.614   172   177 W vold    : Skipping due to root namespace
10-26 00:21:36.614   172   177 D vold    : Found matching PID 206
10-26 00:21:36.614   172   177 W vold    : Skipping due to root namespace
10-26 00:21:36.614   172   177 D vold    : Found matching PID 226
10-26 00:21:36.614   172   177 W vold    : Skipping due to root namespace
10-26 00:21:36.615   532   672 D VoldConnector: RCV <- {200 5 Command succeeded}
10-26 00:21:36.617   532   532 D VoldConnector: SND -> {6 volume remount_uid 1027 none}
10-26 00:21:36.618   172   177 D vold    : Remounting 1027 as mode none
10-26 00:21:36.627   172   177 D vold    : Found matching PID 190
10-26 00:21:36.627   172   177 W vold    : Skipping due to root namespace
10-26 00:21:36.629   532   672 D VoldConnector: RCV <- {200 6 Command succeeded}
10-26 00:21:36.630   532   532 D VoldConnector: SND -> {7 volume remount_uid 1027 none}
10-26 00:21:36.630   172   177 D vold    : Remounting 1027 as mode none
10-26 00:21:36.637   172   177 D vold    : Found matching PID 190
10-26 00:21:36.637   172   177 W vold    : Skipping due to root namespace
10-26 00:21:36.638   532   672 D VoldConnector: RCV <- {200 7 Command succeeded}
10-26 00:21:36.640   532   532 D VoldConnector: SND -> {8 volume remount_uid 1000 none}
10-26 00:21:36.641   172   177 D vold    : Remounting 1000 as mode none
10-26 00:21:36.647   172   177 D vold    : Found matching PID 164
10-26 00:21:36.647   172   177 W vold    : Skipping due to root namespace
10-26 00:21:36.647   172   177 D vold    : Found matching PID 165
10-26 00:21:36.647   172   177 W vold    : Skipping due to root namespace
10-26 00:21:36.647   172   177 D vold    : Found matching PID 166
10-26 00:21:36.647   172   177 W vold    : Skipping due to root namespace
10-26 00:21:36.647   172   177 D vold    : Found matching PID 188
10-26 00:21:36.648   172   177 W vold    : Skipping due to root namespace
10-26 00:21:36.648   172   177 D vold    : Found matching PID 189
10-26 00:21:36.648   172   177 W vold    : Skipping due to root namespace
10-26 00:21:36.648   172   177 D vold    : Found matching PID 191
10-26 00:21:36.648   172   177 W vold    : Skipping due to root namespace
10-26 00:21:36.648   172   177 D vold    : Found matching PID 195
10-26 00:21:36.648   172   177 W vold    : Skipping due to root namespace
10-26 00:21:36.648   172   177 D vold    : Found matching PID 198
10-26 00:21:36.648   172   177 W vold    : Skipping due to root namespace
10-26 00:21:36.649   172   177 D vold    : Found matching PID 247
10-26 00:21:36.649   172   177 W vold    : Skipping due to root namespace
10-26 00:21:36.650   172   177 D vold    : Found matching PID 450
10-26 00:21:36.650   172   177 W vold    : Skipping due to root namespace
10-26 00:21:36.650   172   177 D vold    : Found matching PID 466
10-26 00:21:36.650   172   177 W vold    : Skipping due to root namespace
10-26 00:21:36.650   172   177 D vold    : Found matching PID 532
10-26 00:21:36.664   532   672 D VoldConnector: RCV <- {200 8 Command succeeded}
10-26 00:21:36.665   532   532 D VoldConnector: SND -> {9 volume remount_uid 1000 none}
10-26 00:21:36.665   172   177 D vold    : Remounting 1000 as mode none
10-26 00:21:36.672   172   177 D vold    : Found matching PID 164
10-26 00:21:36.672   172   177 W vold    : Skipping due to root namespace
10-26 00:21:36.672   172   177 D vold    : Found matching PID 165
10-26 00:21:36.672   172   177 W vold    : Skipping due to root namespace
10-26 00:21:36.672   172   177 D vold    : Found matching PID 166
10-26 00:21:36.672   172   177 W vold    : Skipping due to root namespace
10-26 00:21:36.672   172   177 D vold    : Found matching PID 188
10-26 00:21:36.672   172   177 W vold    : Skipping due to root namespace
10-26 00:21:36.672   172   177 D vold    : Found matching PID 189
10-26 00:21:36.673   172   177 W vold    : Skipping due to root namespace
10-26 00:21:36.673   172   177 D vold    : Found matching PID 191
10-26 00:21:36.673   172   177 W vold    : Skipping due to root namespace
10-26 00:21:36.673   172   177 D vold    : Found matching PID 195
10-26 00:21:36.673   172   177 W vold    : Skipping due to root namespace
10-26 00:21:36.673   172   177 D vold    : Found matching PID 198
10-26 00:21:36.673   172   177 W vold    : Skipping due to root namespace
10-26 00:21:36.674   172   177 D vold    : Found matching PID 247
10-26 00:21:36.674   172   177 W vold    : Skipping due to root namespace
10-26 00:21:36.674   172   177 D vold    : Found matching PID 450
10-26 00:21:36.674   172   177 W vold    : Skipping due to root namespace
10-26 00:21:36.675   172   177 D vold    : Found matching PID 466
10-26 00:21:36.675   172   177 W vold    : Skipping due to root namespace
10-26 00:21:36.675   172   177 D vold    : Found matching PID 532
10-26 00:21:36.684   532   672 D VoldConnector: RCV <- {200 9 Command succeeded}
10-26 00:21:36.693   532   532 D VoldConnector: SND -> {10 volume remount_uid 2000 none}
10-26 00:21:36.693   172   177 D vold    : Remounting 2000 as mode none
10-26 00:21:36.700   172   177 D vold    : Found matching PID 203
10-26 00:21:36.701   172   177 W vold    : Skipping due to root namespace
10-26 00:21:36.701   172   177 D vold    : Found matching PID 204
10-26 00:21:36.701   172   177 W vold    : Skipping due to root namespace
10-26 00:21:36.702   532   672 D VoldConnector: RCV <- {200 10 Command succeeded}
10-26 00:21:36.703   532   532 D VoldConnector: SND -> {11 volume remount_uid 2000 none}
10-26 00:21:36.703   172   177 D vold    : Remounting 2000 as mode none
10-26 00:21:36.711   172   177 D vold    : Found matching PID 203
10-26 00:21:36.711   172   177 W vold    : Skipping due to root namespace
10-26 00:21:36.711   172   177 D vold    : Found matching PID 204
10-26 00:21:36.711   172   177 W vold    : Skipping due to root namespace
10-26 00:21:36.712   532   672 D VoldConnector: RCV <- {200 11 Command succeeded}
10-26 00:21:36.714   532   532 D VoldConnector: SND -> {12 volume remount_uid 10025 none}
10-26 00:21:36.716   172   177 D vold    : Remounting 10025 as mode none
10-26 00:21:36.724   532   672 D VoldConnector: RCV <- {200 12 Command succeeded}
10-26 00:21:36.725   532   532 D VoldConnector: SND -> {13 volume remount_uid 10025 none}
10-26 00:21:36.725   172   177 D vold    : Remounting 10025 as mode none
10-26 00:21:36.733   532   672 D VoldConnector: RCV <- {200 13 Command succeeded}
10-26 00:21:36.736   532   532 D VoldConnector: SND -> {14 volume remount_uid 1002 none}
10-26 00:21:36.736   172   177 D vold    : Remounting 1002 as mode none
10-26 00:21:36.744   532   672 D VoldConnector: RCV <- {200 14 Command succeeded}
10-26 00:21:36.745   532   532 D VoldConnector: SND -> {15 volume remount_uid 1002 none}
10-26 00:21:36.745   172   177 D vold    : Remounting 1002 as mode none
10-26 00:21:36.753   532   672 D VoldConnector: RCV <- {200 15 Command succeeded}
10-26 00:21:36.757   532   532 W VoiceInteractionManagerService: no available voice interaction services found for user 0
10-26 00:21:36.757   532   532 W VoiceInteractionManagerService: no available voice recognition services found for user 0
10-26 00:21:36.761   532   532 I SyncManager: No initial accounts
10-26 00:21:36.761   532   532 I SyncManager: No initial status
10-26 00:21:36.762   532   532 I SyncManager: No initial statistics
10-26 00:21:36.911   532   532 D VoldConnector: SND -> {16 volume remount_uid 10020 none}
10-26 00:21:36.912   172   177 D vold    : Remounting 10020 as mode none
10-26 00:21:36.920   532   672 D VoldConnector: RCV <- {200 16 Command succeeded}
10-26 00:21:36.922   532   532 D VoldConnector: SND -> {17 volume remount_uid 10036 none}
10-26 00:21:36.922   172   177 D vold    : Remounting 10036 as mode none
10-26 00:21:36.930   532   672 D VoldConnector: RCV <- {200 17 Command succeeded}
10-26 00:21:36.931   532   532 D VoldConnector: SND -> {18 volume remount_uid 10036 none}
10-26 00:21:36.932   172   177 D vold    : Remounting 10036 as mode none
10-26 00:21:36.940   532   672 D VoldConnector: RCV <- {200 18 Command succeeded}
10-26 00:21:36.941   532   532 D VoldConnector: SND -> {19 volume remount_uid 10008 none}
10-26 00:21:36.942   172   177 D vold    : Remounting 10008 as mode none
10-26 00:21:36.950   532   672 D VoldConnector: RCV <- {200 19 Command succeeded}
10-26 00:21:36.951   532   532 D VoldConnector: SND -> {20 volume remount_uid 10008 none}
10-26 00:21:36.951   172   177 D vold    : Remounting 10008 as mode none
10-26 00:21:36.960   532   672 D VoldConnector: RCV <- {200 20 Command succeeded}
10-26 00:21:36.961   532   532 D VoldConnector: SND -> {21 volume remount_uid 10012 none}
10-26 00:21:36.962   172   177 D vold    : Remounting 10012 as mode none
10-26 00:21:36.970   532   672 D VoldConnector: RCV <- {200 21 Command succeeded}
10-26 00:21:36.971   532   532 D VoldConnector: SND -> {22 volume remount_uid 10012 none}
10-26 00:21:36.971   172   177 D vold    : Remounting 10012 as mode none
10-26 00:21:36.979   532   672 D VoldConnector: RCV <- {200 22 Command succeeded}
10-26 00:21:36.986   532   532 D VoldConnector: SND -> {23 volume remount_uid 10058 none}
10-26 00:21:36.987   172   177 D vold    : Remounting 10058 as mode none
10-26 00:21:36.995   532   672 D VoldConnector: RCV <- {200 23 Command succeeded}
10-26 00:21:36.996   532   532 D VoldConnector: SND -> {24 volume remount_uid 10058 none}
10-26 00:21:36.996   172   177 D vold    : Remounting 10058 as mode none
10-26 00:21:37.004   532   672 D VoldConnector: RCV <- {200 24 Command succeeded}
10-26 00:21:37.007   532   532 D VoldConnector: SND -> {25 volume remount_uid 10002 none}
10-26 00:21:37.007   172   177 D vold    : Remounting 10002 as mode none
10-26 00:21:37.016   532   672 D VoldConnector: RCV <- {200 25 Command succeeded}
10-26 00:21:37.017   532   532 D VoldConnector: SND -> {26 volume remount_uid 10002 none}
10-26 00:21:37.017   172   177 D vold    : Remounting 10002 as mode none
10-26 00:21:37.025   532   672 D VoldConnector: RCV <- {200 26 Command succeeded}
10-26 00:21:37.030   532   532 D VoldConnector: SND -> {27 volume remount_uid 10047 none}
10-26 00:21:37.030   172   177 D vold    : Remounting 10047 as mode none
10-26 00:21:37.039   532   672 D VoldConnector: RCV <- {200 27 Command succeeded}
10-26 00:21:37.040   532   532 D VoldConnector: SND -> {28 volume remount_uid 10047 none}
10-26 00:21:37.041   172   177 D vold    : Remounting 10047 as mode none
10-26 00:21:37.049   532   672 D VoldConnector: RCV <- {200 28 Command succeeded}
10-26 00:21:37.053   532   532 D VoldConnector: SND -> {29 volume remount_uid 10023 none}
10-26 00:21:37.054   172   177 D vold    : Remounting 10023 as mode none
10-26 00:21:37.062   532   672 D VoldConnector: RCV <- {200 29 Command succeeded}
10-26 00:21:37.063   532   532 D VoldConnector: SND -> {30 volume remount_uid 10023 none}
10-26 00:21:37.063   172   177 D vold    : Remounting 10023 as mode none
10-26 00:21:37.072   532   672 D VoldConnector: RCV <- {200 30 Command succeeded}
10-26 00:21:37.076   532   532 V UserDataPreparer: Found /data/user_de/0 with serial number -1
10-26 00:21:37.076   532   532 D UserDataPreparer: Serial number missing on /data/user_de/0; assuming current is valid
10-26 00:21:37.077   532   532 V UserDataPreparer: Found /data/user/0 with serial number -1
10-26 00:21:37.077   532   532 D UserDataPreparer: Serial number missing on /data/user/0; assuming current is valid
10-26 00:21:37.077   532   532 V UserDataPreparer: Found /data/system_de/0 with serial number -1
10-26 00:21:37.077   532   532 D UserDataPreparer: Serial number missing on /data/system_de/0; assuming current is valid
10-26 00:21:37.078   532   532 D SystemServerTiming: MakePackageManagerServiceReady took to complete: 495ms
10-26 00:21:37.078   532   532 I SystemServer: MakeDisplayManagerServiceReady
10-26 00:21:37.078   532   532 D SystemServerTiming: MakeDisplayManagerServiceReady took to complete: 0ms
10-26 00:21:37.081   532   532 I ActivityManager: System now ready
10-26 00:21:37.086   532   532 I SystemServer: Making services ready
10-26 00:21:37.086   532   532 I SystemServer: StartActivityManagerReadyPhase
10-26 00:21:37.086   532   532 I SystemServiceManager: Starting phase 550
10-26 00:21:37.091   532   532 D BluetoothManagerService: Bluetooth boot completed
10-26 00:21:37.091   532   532 D BluetoothManagerService: Auto-enabling Bluetooth.
10-26 00:21:37.092   532   596 D BluetoothManagerService: MESSAGE_ENABLE(0): mBluetooth = null
10-26 00:21:37.107   532   596 I ActivityManager: Start proc 1483:com.android.bluetooth/1002 for service com.android.bluetooth/.btservice.AdapterService
10-26 00:21:37.217   532   532 I ActivityManager: Start proc 1499:com.android.inputmethod.latin/u0a50 for service com.android.inputmethod.latin/.LatinIME
10-26 00:21:37.218   532   532 W SystemServiceManager: Service com.android.server.InputMethodManagerService$Lifecycle took 126 ms in onBootPhase
10-26 00:21:37.218   532   671 D StorageManagerService: Thinking about init, mSystemReady=true, mDaemonConnected=true
10-26 00:21:37.218   532   671 D StorageManagerService: Setting up emulation state, initlocked=false
10-26 00:21:37.219   532   671 D CryptdConnector: SND -> {2 cryptfs unlock_user_key 0 0 ! !}
10-26 00:21:37.219   172   178 D vold    : e4crypt_unlock_user_key 0 serial=0 token_present=0
10-26 00:21:37.220   172   178 E vold    : Failed to chmod /data/system_ce/0: No such file or directory
10-26 00:21:37.220   172   178 E vold    : Failed to chmod /data/misc_ce/0: No such file or directory
10-26 00:21:37.220   532   673 D CryptdConnector: RCV <- {200 2 Command succeeded}
10-26 00:21:37.220   532   671 D StorageManagerService: Thinking about reset, mSystemReady=true, mDaemonConnected=true
10-26 00:21:37.221   532   671 D VoldConnector: SND -> {31 volume reset}
10-26 00:21:37.222   532   672 D VoldConnector: RCV <- {651 emulated 7}
10-26 00:21:37.222   532   672 D VoldConnector: RCV <- {659 emulated}
10-26 00:21:37.222   532   672 D VoldConnector: RCV <- {650 emulated 2 "" ""}
10-26 00:21:37.223   532   672 D VoldConnector: RCV <- {651 emulated 0}
10-26 00:21:37.223   532   672 D VoldConnector: RCV <- {200 31 Command succeeded}
10-26 00:21:37.225   532   595 V StorageManagerService: Found primary storage at VolumeInfo{emulated}:
10-26 00:21:37.225   532   595 V StorageManagerService:     type=EMULATED diskId=null partGuid=null mountFlags=0 mountUserId=-1 
10-26 00:21:37.225   532   595 V StorageManagerService:     state=UNMOUNTED 
10-26 00:21:37.225   532   595 V StorageManagerService:     fsType=null fsUuid=null fsLabel=null 
10-26 00:21:37.225   532   595 V StorageManagerService:     path=null internalPath=null 
10-26 00:21:37.226   532   589 I ActivityManager: Force stopping com.android.providers.media appid=10008 user=-1: vold reset
10-26 00:21:37.226   532  1462 D BluetoothManagerService: Creating new ProfileServiceConnections object for profile: 1
10-26 00:21:37.226   532   671 D VoldConnector: SND -> {32 volume user_added 0 0}
10-26 00:21:37.227   532   672 D VoldConnector: RCV <- {200 32 Command succeeded}
10-26 00:21:37.228   532   532 D UsbAlsaManager: Adding ALSA device AlsaDevice: [card: 0, device: 31, type: 1]
10-26 00:21:37.228   532   532 D UsbAlsaManager: Adding ALSA device AlsaDevice: [card: 0, device: 30, type: 2]
10-26 00:21:37.228   532   532 D UsbAlsaManager: Adding ALSA device AlsaDevice: [card: 0, device: 14, type: 1]
10-26 00:21:37.228   532   532 D UsbAlsaManager: Adding ALSA device AlsaDevice: [card: 0, device: 13, type: 1]
10-26 00:21:37.228   532   671 D VoldConnector: SND -> {33 volume mount emulated 3 -1}
10-26 00:21:37.229   532   532 D UsbAlsaManager: Adding ALSA device AlsaDevice: [card: 0, device: 14, type: 2]
10-26 00:21:37.229   532   532 D UsbAlsaManager: Adding ALSA device AlsaDevice: [card: 0, device: 12, type: 1]
10-26 00:21:37.229   532   532 D UsbAlsaManager: Adding ALSA device AlsaDevice: [card: 0, device: 13, type: 2]
10-26 00:21:37.229   532   532 D UsbAlsaManager: Adding ALSA device AlsaDevice: [card: 0, device: 11, type: 1]
10-26 00:21:37.229   532   532 D UsbAlsaManager: Adding ALSA device AlsaDevice: [card: 0, device: 12, type: 2]
10-26 00:21:37.229   532   532 D UsbAlsaManager: Adding ALSA device AlsaDevice: [card: 0, device: 10, type: 1]
10-26 00:21:37.229   532   532 D UsbAlsaManager: Adding ALSA device AlsaDevice: [card: 0, device: 10, type: 2]
10-26 00:21:37.229   532   532 D UsbAlsaManager: Adding ALSA device AlsaDevice: [card: 0, device: 9, type: 1]
10-26 00:21:37.229   532   532 D UsbAlsaManager: Adding ALSA device AlsaDevice: [card: 0, device: 9, type: 2]
10-26 00:21:37.229   532   532 D UsbAlsaManager: Adding ALSA device AlsaDevice: [card: 0, device: 7, type: 1]
10-26 00:21:37.229   532   532 D UsbAlsaManager: Adding ALSA device AlsaDevice: [card: 0, device: 8, type: 2]
10-26 00:21:37.229   532   532 D UsbAlsaManager: Adding ALSA device AlsaDevice: [card: 0, device: 6, type: 1]
10-26 00:21:37.229   532   532 D UsbAlsaManager: Adding ALSA device AlsaDevice: [card: 0, device: 5, type: 1]
10-26 00:21:37.230   532   532 D UsbAlsaManager: Adding ALSA device AlsaDevice: [card: 0, device: 6, type: 2]
10-26 00:21:37.230   532   532 D UsbAlsaManager: Adding ALSA device AlsaDevice: [card: 0, device: 4, type: 1]
10-26 00:21:37.230   532   532 D UsbAlsaManager: Adding ALSA device AlsaDevice: [card: 0, device: 5, type: 2]
10-26 00:21:37.230   532   532 D UsbAlsaManager: Adding ALSA device AlsaDevice: [card: 0, device: 3, type: 1]
10-26 00:21:37.230   532   532 D UsbAlsaManager: Adding ALSA device AlsaDevice: [card: 0, device: 2, type: 1]
10-26 00:21:37.230   532   532 D UsbAlsaManager: Adding ALSA device AlsaDevice: [card: 0, device: 3, type: 2]
10-26 00:21:37.230   532   532 D UsbAlsaManager: Adding ALSA device AlsaDevice: [card: 0, device: 1, type: 1]
10-26 00:21:37.230   532   532 D UsbAlsaManager: Adding ALSA device AlsaDevice: [card: 0, device: 2, type: 2]
10-26 00:21:37.230   532   532 D UsbAlsaManager: Adding ALSA device AlsaDevice: [card: 0, device: 0, type: 1]
10-26 00:21:37.230   532   532 D UsbAlsaManager: Adding ALSA device AlsaDevice: [card: 0, device: 1, type: 2]
10-26 00:21:37.230   532   532 D UsbAlsaManager: Adding ALSA device AlsaDevice: [card: 0, device: 0, type: 2]
10-26 00:21:37.231   172   177 V vold    : Waiting for FUSE to spin up...
10-26 00:21:37.231   532   672 D VoldConnector: RCV <- {651 emulated 1}
10-26 00:21:37.232   532   672 D VoldConnector: RCV <- {656 emulated /data/media}
10-26 00:21:37.232   532   672 D VoldConnector: RCV <- {655 emulated /storage/emulated}
10-26 00:21:37.234   532   668 E UsbPortManager: port status enquiry failed
10-26 00:21:37.235   532   532 D SystemServerTiming: StartActivityManagerReadyPhase took to complete: 149ms
10-26 00:21:37.235   532   532 I SystemServer: StartObservingNativeCrashes
10-26 00:21:37.239   532   532 D SystemServerTiming: StartObservingNativeCrashes took to complete: 4ms
10-26 00:21:37.239   532   532 I SystemServer: StartSystemUI
10-26 00:21:37.239   532   641 D SystemServerInitThreadPool: Started executing WebViewFactoryPreparation
10-26 00:21:37.239   532   641 I SystemServer: WebViewFactoryPreparation
10-26 00:21:37.262   532   532 I ActivityManager: Start proc 1513:com.android.systemui/u0a25 for service com.android.systemui/.SystemUIService
10-26 00:21:37.263   532   532 D SystemServerTiming: StartSystemUI took to complete: 24ms
10-26 00:21:37.263   532   532 I SystemServer: MakeNetworkScoreReady
10-26 00:21:37.264   532   532 D SystemServerTiming: MakeNetworkScoreReady took to complete: 1ms
10-26 00:21:37.264   532   532 I SystemServer: MakeNetworkManagementServiceReady
10-26 00:21:37.264   532   532 D NetworkManagement: enabling bandwidth control
10-26 00:21:37.281   172   177 V vold    : Waiting for FUSE to spin up...
10-26 00:21:37.332   172   177 V vold    : Waiting for FUSE to spin up...
10-26 00:21:37.365   532   532 D SystemServerTiming: MakeNetworkManagementServiceReady took to complete: 101ms
10-26 00:21:37.365   532   532 I SystemServer: MakeNetworkStatsServiceReady
10-26 00:21:37.370   532   641 I ActivityManager: Start proc 1542:WebViewLoader-armeabi-v7a/1037 [android.webkit.WebViewFactory$RelroFileCreator] for 
10-26 00:21:37.375   532   641 D SystemServerTimingAsync: WebViewFactoryPreparation took to complete: 135ms
10-26 00:21:37.375   532   641 D SystemServerInitThreadPool: Finished executing WebViewFactoryPreparation
10-26 00:21:37.384   532   672 D VoldConnector: RCV <- {651 emulated 2}
10-26 00:21:37.384   532   672 D VoldConnector: RCV <- {200 33 Command succeeded}
10-26 00:21:37.388   532   592 E BatteryStatsService: no controller energy info supplied
10-26 00:21:37.388   532   592 E BatteryStatsService: no controller energy info supplied
10-26 00:21:37.391   532   592 W KernelMemoryBandwidthStats: No kernel memory bandwidth stats available
10-26 00:21:37.394   532  1445 D NetworkPolicy: setRestrictBackgroundUL(): false
10-26 00:21:37.395   532   532 D SystemServerTiming: MakeNetworkStatsServiceReady took to complete: 30ms
10-26 00:21:37.395   532   532 I SystemServer: MakeConnectivityServiceReady
10-26 00:21:37.428   532   532 D SystemServerTiming: MakeConnectivityServiceReady took to complete: 33ms
10-26 00:21:37.429   532   532 I SystemServer: MakeNetworkPolicyServiceReady
10-26 00:21:37.440   532   532 D SystemServerTiming: MakeNetworkPolicyServiceReady took to complete: 12ms
10-26 00:21:37.441   532   532 I SystemServer: StartWatchdog
10-26 00:21:37.441   532   532 D SystemServerTiming: StartWatchdog took to complete: 0ms
10-26 00:21:37.441   532   532 I SystemServer: PhaseThirdPartyAppsCanStart
10-26 00:21:37.441   532   532 I SystemServiceManager: Starting phase 600
10-26 00:21:37.452   532   532 V WallpaperManagerService: bindWallpaperComponentLocked: componentName=null
10-26 00:21:37.452   532   532 V WallpaperManagerService: No default component; using image wallpaper
10-26 00:21:37.481   532   532 D SystemServerTiming: PhaseThirdPartyAppsCanStart took to complete: 39ms
10-26 00:21:37.481   532   532 I SystemServer: MakeLocationServiceReady
10-26 00:21:37.499   532   589 W BroadcastQueue: Hung broadcast [foreground] discarded after timeout failure: now=168915 dispatchTime=131417 startTime=131417 intent=Intent { act=android.intent.action.TIME_TICK flg=0x50200014 (has extras) } numReceivers=1 nextReceiver=1 state=3
10-26 00:21:37.499   532   589 W BroadcastQueue: Timeout of broadcast BroadcastRecord{637895 u-1 android.intent.action.TIME_TICK} - receiver=android.app.LoadedApk$ReceiverDispatcher$InnerReceiver@3f5d700, started 37498ms ago
10-26 00:21:37.499   532   589 W BroadcastQueue: Receiver during timeout: BroadcastFilter{507457e u0 ReceiverList{12ebb39 532 system/1000/u0 local:3f5d700}}
10-26 00:21:37.764  1499  1608 E ActivityThread: Failed to find provider info for user_dictionary
10-26 00:21:38.079   532  1593 I StatusBarManagerService: registerStatusBar bar=com.android.internal.statusbar.IStatusBar$Stub$Proxy@fd66df
10-26 00:21:38.100   532   532 W LocationManagerService: no network location provider found
10-26 00:21:38.104   532   532 E LocationManagerService: no geocoder provider found
10-26 00:21:38.104   532   532 D LocationManagerService: FLP HAL not supported
10-26 00:21:38.107   532   532 D LocationManagerService: Unable to bind FLP Geofence proxy.
10-26 00:21:38.107   532   532 D LocationManagerService: Hardware Activity-Recognition not supported.
10-26 00:21:38.108   532   532 D LocationManagerService: Unable to bind ActivityRecognitionProxy.
10-26 00:21:38.111   532   532 D SystemServerTiming: MakeLocationServiceReady took to complete: 631ms
10-26 00:21:38.112   532   532 I SystemServer: MakeCountryDetectionServiceReady
10-26 00:21:38.112   532   532 D SystemServerTiming: MakeCountryDetectionServiceReady took to complete: 0ms
10-26 00:21:38.112   532   532 I SystemServer: MakeNetworkTimeUpdateReady
10-26 00:21:38.129   532   532 D SystemServerTiming: MakeNetworkTimeUpdateReady took to complete: 17ms
10-26 00:21:38.129   532   532 I SystemServer: MakeCommonTimeManagementServiceReady
10-26 00:21:38.130   532   532 D SystemServerTiming: MakeCommonTimeManagementServiceReady took to complete: 2ms
10-26 00:21:38.130   532   532 I SystemServer: MakeInputManagerServiceReady
10-26 00:21:38.132   532   532 D SystemServerTiming: MakeInputManagerServiceReady took to complete: 1ms
10-26 00:21:38.132   532   532 I SystemServer: MakeTelephonyRegistryReady
10-26 00:21:38.132   532   532 D SystemServerTiming: MakeTelephonyRegistryReady took to complete: 1ms
10-26 00:21:38.141   532   532 I SystemServer: MakeMediaRouterServiceReady
10-26 00:21:38.142   532   532 D SystemServerTiming: MakeMediaRouterServiceReady took to complete: 0ms
10-26 00:21:38.142   532   532 I SystemServer: MakeMmsServiceReady
10-26 00:21:38.142   532   532 I MmsServiceBroker: Delay connecting to MmsService until an API is called
10-26 00:21:38.142   532   532 D SystemServerTiming: MakeMmsServiceReady took to complete: 1ms
10-26 00:21:38.142   532   532 I SystemServer: MakeNetworkScoreServiceReady
10-26 00:21:38.143   532   532 D SystemServerTiming: MakeNetworkScoreServiceReady took to complete: 0ms
10-26 00:21:38.143   532   532 I SystemServer: IncidentDaemonReady
10-26 00:21:38.144   532   532 D SystemServerTiming: IncidentDaemonReady took to complete: 1ms
10-26 00:21:38.144   532   532 I SystemServiceManager: Calling onStartUser u0
10-26 00:21:38.149   532   532 W VoiceInteractionManagerService: no available voice interaction services found for user 0
10-26 00:21:38.149   532   532 W VoiceInteractionManagerService: no available voice recognition services found for user 0
10-26 00:21:38.172   532   532 I ActivityManager: Start proc 1645:com.android.phone/1001 for added application com.android.phone
10-26 00:21:38.173   532   532 I ActivityManager: START u0 {act=android.intent.action.MAIN cat=[android.intent.category.HOME] flg=0x10000100 cmp=com.android.settings/.CryptKeeper} from uid 0
10-26 00:21:38.185   532   532 I ActivityManager: Loaded persisted task ids for user 0
10-26 00:21:38.208   532   532 I ActivityManager: Start proc 1662:com.android.settings:CryptKeeper/1000 for activity com.android.settings/.CryptKeeper
10-26 00:21:38.212   532   532 D SystemServerTiming: ActivityManagerStartApps took to complete: 68ms
10-26 00:21:38.212   532   532 D SystemServerTiming: PhaseActivityManagerReady took to complete: 1133ms
10-26 00:21:38.220   532   532 D SystemServerInitThreadPool: Shutdown successful
10-26 00:21:38.220   532   532 D SystemServerTiming: StartServices took to complete: 63072ms
10-26 00:21:38.221   532   532 I SystemServer: Enabled StrictMode for system server main thread.
10-26 00:21:38.245   532   532 D ConditionProviders.SCP: onConnected
10-26 00:21:38.258   532   532 D ZenLog  : set_zen_mode: off,cleanUpZenRules
10-26 00:21:38.270   532   532 D ConditionProviders: Subscribing to condition://android/schedule?days=6.7&start=23.30&end=10.0&exitAtAlarm=false with ComponentInfo{android/com.android.server.notification.ScheduleConditionProvider}
10-26 00:21:38.270   532   532 D ZenLog  : subscribe: condition://android/schedule?days=6.7&start=23.30&end=10.0&exitAtAlarm=false,ok
10-26 00:21:38.271   532   532 D ConditionProviders: Subscribing to condition://android/event?userId=-10000&calendar=&reply=1 with ComponentInfo{android/com.android.server.notification.EventConditionProvider}
10-26 00:21:38.271   532   532 D ZenLog  : subscribe: condition://android/event?userId=-10000&calendar=&reply=1,ok
10-26 00:21:38.274   532   532 D ConditionProviders: Subscribing to condition://android/schedule?days=1.2.3.4.5&start=22.0&end=7.0&exitAtAlarm=false with ComponentInfo{android/com.android.server.notification.ScheduleConditionProvider}
10-26 00:21:38.275   532   532 D ZenLog  : subscribe: condition://android/schedule?days=1.2.3.4.5&start=22.0&end=7.0&exitAtAlarm=false,ok
10-26 00:21:38.332   172  1442 I vold    : Trimmed 1849245696 bytes on /data in 3123ms
10-26 00:21:38.332   532   672 D VoldConnector: RCV <- {662 /data 1849245696 3123260498}
10-26 00:21:38.358   532  1588 D PackageManager: Ephemeral installer not found with new action; try old one
10-26 00:21:38.359   532  1588 D PackageManager: Clear ephemeral installer activity
10-26 00:21:38.361   532  1578 I WindowManager: Screen frozen for +92ms due to AppWindowToken{a05a7ec token=Token{d494c3e ActivityRecord{2da4f9 u0 com.android.settings/.CryptKeeper t1}}}
10-26 00:21:38.389   532  1578 I ActivityManager: START u0 {act=android.intent.action.MAIN cat=[android.intent.category.HOME] flg=0x10000100 cmp=com.android.settings/.FallbackHome} from uid 0
10-26 00:21:38.406   532  1578 I ActivityManager: Start proc 1694:com.android.settings/1000 for activity com.android.settings/.FallbackHome
10-26 00:21:38.508   532   585 I ActivityManager: user 0 is still locked. Cannot load recents
10-26 00:21:38.647   532   532 W ContextImpl: Calling a method in the system process without a qualified user: android.app.ContextImpl.startService:1460 com.android.server.content.SyncManager$13.run:659 android.os.Handler.handleCallback:789 android.os.Handler.dispatchMessage:98 android.os.Looper.loop:164 
10-26 00:21:38.722   532   589 W KeyguardServiceDelegate: onScreenTurningOn(): no keyguard service!
10-26 00:21:38.735   532  1748 I Telecom : BluetoothRouteManager: getBluetoothAudioConnectedDevice: no headset service available.
10-26 00:21:38.738   532   639 I WindowManager: Screen frozen for +282ms due to Window{e5217bd u0 com.android.settings/com.android.settings.FallbackHome}
10-26 00:21:38.743   532   532 I Telecom : SystemStateProvider: Registering car mode receiver: android.content.IntentFilter@7e0c5f8: TS.init@AAA
10-26 00:21:38.768   532  1750 I Telecom : Logging.Events: Non-call EVENT: AUDIO_ROUTE, Entering state QuiescentEarpieceRoute
10-26 00:21:38.782   532   532 I Telecom : MissedCallNotifierImpl: Boot not yet complete -- call log db may not be available. Deferring loading until boot complete.: TS.init@AAA
10-26 00:21:38.794   532  1758 I Telecom : CallAudioModeStateMachine: Message received: null.: TS.init->CAMSM.pM_1@AAA
10-26 00:21:38.803   532   532 I Telecom : Class: TelecomSystem.INSTANCE being set
10-26 00:21:38.804   532   532 W ContextImpl: Calling a method in the system process without a qualified user: android.app.ContextImpl.startService:1460 android.content.ContextWrapper.startService:644 com.android.server.telecom.components.TelecomService.initializeTelecomSystem:165 com.android.server.telecom.components.TelecomService.onBind:60 android.app.ActivityThread.handleBindService:3431 
10-26 00:21:38.839   532   532 D BluetoothManagerService: BluetoothServiceConnection: com.android.bluetooth.btservice.AdapterService
10-26 00:21:38.840   532   596 D BluetoothManagerService: MESSAGE_BLUETOOTH_SERVICE_CONNECTED: 1
10-26 00:21:38.842   532   596 D BluetoothManagerService: Broadcasting onBluetoothServiceUp() to 2 receivers.
10-26 00:21:38.847   532   596 D BluetoothManagerService: MESSAGE_GET_NAME_AND_ADDRESS
10-26 00:21:38.852   532   596 D BluetoothManagerService: MESSAGE_BLUETOOTH_STATE_CHANGE: OFF > BLE_TURNING_ON
10-26 00:21:38.852   532   596 D BluetoothManagerService: Sending BLE State Change: OFF > BLE_TURNING_ON
10-26 00:21:38.894   532   532 V WiredAccessoryManager: notifyWiredAccessoryChanged: when=0 bits= mask=54
10-26 00:21:38.894   532   532 V WiredAccessoryManager: newName=h2w newState=0 headsetState=0 prev headsetState=0
10-26 00:21:38.894   532   532 V WiredAccessoryManager: init()
10-26 00:21:39.020   532   532 D ConditionProviders.SCP: onSubscribe condition://android/schedule?days=6.7&start=23.30&end=10.0&exitAtAlarm=false
10-26 00:21:39.021   532   532 D ConditionProviders.SCP: setRegistered true
10-26 00:21:39.023   532   532 D ConditionProviders.SCP: notifyCondition condition://android/schedule?days=6.7&start=23.30&end=10.0&exitAtAlarm=false STATE_FALSE reason=!meetsSchedule
10-26 00:21:39.026   532   532 D ConditionProviders.SCP: Scheduling evaluate for Wed Oct 25 23:30:00 GMT+00:00 2017 (1508974200000), in +4h38m20s979ms, now=Wed Oct 25 18:51:39 GMT+00:00 2017 (1508957499021)
10-26 00:21:39.027   532   532 D ConditionProviders.SCP: onSubscribe condition://android/schedule?days=1.2.3.4.5&start=22.0&end=7.0&exitAtAlarm=false
10-26 00:21:39.027   532   532 D ConditionProviders.SCP: notifyCondition condition://android/schedule?days=6.7&start=23.30&end=10.0&exitAtAlarm=false STATE_FALSE reason=!meetsSchedule
10-26 00:21:39.028   532   532 D ConditionProviders.SCP: notifyCondition condition://android/schedule?days=1.2.3.4.5&start=22.0&end=7.0&exitAtAlarm=false STATE_FALSE reason=!meetsSchedule
10-26 00:21:39.029   532   532 D ConditionProviders.SCP: Scheduling evaluate for Wed Oct 25 22:00:00 GMT+00:00 2017 (1508968800000), in +3h8m20s973ms, now=Wed Oct 25 18:51:39 GMT+00:00 2017 (1508957499027)
10-26 00:21:39.054   532   588 I SyncManager: Got SyncJobService instance.
10-26 00:21:39.079   532  1459 E ActivityThread: Failed to find provider info for com.android.calendar
10-26 00:21:39.089   532  1459 E ActivityThread: Failed to find provider info for com.android.calendar
10-26 00:21:39.093   532   532 I Telecom : WiredHeadsetManager: ACTION_HEADSET_PLUG event, plugged in: false, : WHC.oADA@AAE
10-26 00:21:39.131   532   532 I Telecom : PhoneAccountRegistrar: SimCallManager queried, returning: null: TSI.gSCM@AAM
10-26 00:21:39.155   532  1530 W WallpaperManagerService: no current wallpaper -- first boot?
10-26 00:21:39.157   532   532 D ZenLog  : disable_effects: -1|android|32|null|1000,booleanState
10-26 00:21:39.158   532   532 D ZenLog  : disable_effects: -1|android|26|null|1000,booleanState
10-26 00:21:39.178   532   532 D AutofillManagerService: Autofill restriction did not change for user 0: null
10-26 00:21:39.185  1513  1513 I StatusBar: isKeyguardShowing() called before startKeyguard(), returning true
10-26 00:21:39.186  1513  1513 W StatusBar: isKeyguardSecure() called before startKeyguard(), returning false
10-26 00:21:39.186  1513  1513 W StatusBar: java.lang.Throwable
10-26 00:21:39.186  1513  1513 W StatusBar: 	at com.android.systemui.statusbar.phone.StatusBar.isKeyguardSecure(StatusBar.java:7002)
10-26 00:21:39.186  1513  1513 W StatusBar: 	at com.android.systemui.statusbar.phone.StatusBar.isCameraAllowedByAdmin(StatusBar.java:5044)
10-26 00:21:39.186  1513  1513 W StatusBar: 	at com.android.systemui.statusbar.phone.KeyguardBottomAreaView$DefaultRightButton.getIcon(KeyguardBottomAreaView.java:850)
10-26 00:21:39.186  1513  1513 W StatusBar: 	at com.android.systemui.statusbar.phone.KeyguardBottomAreaView.updateCameraVisibility(KeyguardBottomAreaView.java:371)
10-26 00:21:39.186  1513  1513 W StatusBar: 	at com.android.systemui.statusbar.phone.KeyguardBottomAreaView.setStatusBar(KeyguardBottomAreaView.java:340)
10-26 00:21:39.186  1513  1513 W StatusBar: 	at com.android.systemui.statusbar.phone.StatusBar.makeStatusBarView(StatusBar.java:1123)
10-26 00:21:39.186  1513  1513 W StatusBar: 	at com.android.systemui.statusbar.phone.StatusBar.addStatusBarWindow(StatusBar.java:3473)
10-26 00:21:39.186  1513  1513 W StatusBar: 	at com.android.systemui.statusbar.phone.StatusBar.createAndAddWindows(StatusBar.java:3469)
10-26 00:21:39.186  1513  1513 W StatusBar: 	at com.android.systemui.statusbar.phone.StatusBar.start(StatusBar.java:839)
10-26 00:21:39.186  1513  1513 W StatusBar: 	at com.android.systemui.SystemBars.createStatusBarFromConfig(SystemBars.java:71)
10-26 00:21:39.186  1513  1513 W StatusBar: 	at com.android.systemui.SystemBars.start(SystemBars.java:42)
10-26 00:21:39.186  1513  1513 W StatusBar: 	at com.android.systemui.SystemUIApplication.startServicesIfNeeded(SystemUIApplication.java:208)
10-26 00:21:39.186  1513  1513 W StatusBar: 	at com.android.systemui.SystemUIApplication.startServicesIfNeeded(SystemUIApplication.java:163)
10-26 00:21:39.186  1513  1513 W StatusBar: 	at com.android.systemui.SystemUIService.onCreate(SystemUIService.java:33)
10-26 00:21:39.186  1513  1513 W StatusBar: 	at android.app.ActivityThread.handleCreateService(ActivityThread.java:3404)
10-26 00:21:39.186  1513  1513 W StatusBar: 	at android.app.ActivityThread.-wrap4(Unknown Source:0)
10-26 00:21:39.186  1513  1513 W StatusBar: 	at android.app.ActivityThread$H.handleMessage(ActivityThread.java:1683)
10-26 00:21:39.186  1513  1513 W StatusBar: 	at android.os.Handler.dispatchMessage(Handler.java:105)
10-26 00:21:39.186  1513  1513 W StatusBar: 	at android.os.Looper.loop(Looper.java:164)
10-26 00:21:39.186  1513  1513 W StatusBar: 	at android.app.ActivityThread.main(ActivityThread.java:6541)
10-26 00:21:39.186  1513  1513 W StatusBar: 	at java.lang.reflect.Method.invoke(Native Method)
10-26 00:21:39.186  1513  1513 W StatusBar: 	at com.android.internal.os.Zygote$MethodAndArgsCaller.run(Zygote.java:240)
10-26 00:21:39.186  1513  1513 W StatusBar: 	at com.android.internal.os.ZygoteInit.main(ZygoteInit.java:767)
10-26 00:21:39.187  1513  1513 I StatusBar: isKeyguardShowing() called before startKeyguard(), returning true
10-26 00:21:39.188  1513  1513 W StatusBar: isKeyguardSecure() called before startKeyguard(), returning false
10-26 00:21:39.188  1513  1513 W StatusBar: java.lang.Throwable
10-26 00:21:39.188  1513  1513 W StatusBar: 	at com.android.systemui.statusbar.phone.StatusBar.isKeyguardSecure(StatusBar.java:7002)
10-26 00:21:39.188  1513  1513 W StatusBar: 	at com.android.systemui.statusbar.phone.StatusBar.isCameraAllowedByAdmin(StatusBar.java:5044)
10-26 00:21:39.188  1513  1513 W StatusBar: 	at com.android.systemui.statusbar.phone.KeyguardBottomAreaView$DefaultRightButton.getIcon(KeyguardBottomAreaView.java:850)
10-26 00:21:39.188  1513  1513 W StatusBar: 	at com.android.systemui.statusbar.phone.KeyguardBottomAreaView.updateCameraVisibility(KeyguardBottomAreaView.java:371)
10-26 00:21:39.188  1513  1513 W StatusBar: 	at com.android.systemui.statusbar.phone.KeyguardBottomAreaView.setUserSetupComplete(KeyguardBottomAreaView.java:349)
10-26 00:21:39.188  1513  1513 W StatusBar: 	at com.android.systemui.statusbar.phone.StatusBar.makeStatusBarView(StatusBar.java:1124)
10-26 00:21:39.188  1513  1513 W StatusBar: 	at com.android.systemui.statusbar.phone.StatusBar.addStatusBarWindow(StatusBar.java:3473)
10-26 00:21:39.188  1513  1513 W StatusBar: 	at com.android.systemui.statusbar.phone.StatusBar.createAndAddWindows(StatusBar.java:3469)
10-26 00:21:39.188  1513  1513 W StatusBar: 	at com.android.systemui.statusbar.phone.StatusBar.start(StatusBar.java:839)
10-26 00:21:39.188  1513  1513 W StatusBar: 	at com.android.systemui.SystemBars.createStatusBarFromConfig(SystemBars.java:71)
10-26 00:21:39.188  1513  1513 W StatusBar: 	at com.android.systemui.SystemBars.start(SystemBars.java:42)
10-26 00:21:39.188  1513  1513 W StatusBar: 	at com.android.systemui.SystemUIApplication.startServicesIfNeeded(SystemUIApplication.java:208)
10-26 00:21:39.188  1513  1513 W StatusBar: 	at com.android.systemui.SystemUIApplication.startServicesIfNeeded(SystemUIApplication.java:163)
10-26 00:21:39.188  1513  1513 W StatusBar: 	at com.android.systemui.SystemUIService.onCreate(SystemUIService.java:33)
10-26 00:21:39.188  1513  1513 W StatusBar: 	at android.app.ActivityThread.handleCreateService(ActivityThread.java:3404)
10-26 00:21:39.188  1513  1513 W StatusBar: 	at android.app.ActivityThread.-wrap4(Unknown Source:0)
