10-01 17:27:26.261   924   940 I ServiceThread: Enabled StrictMode logging for android.ui looper.
10-01 17:27:26.306   924   924 D BatteryStatsImpl: Reading daily items from /data/system/batterystats-daily.xml
10-01 17:27:26.442   166   166 W /system/bin/hwservicemanager: getTransportFromManifest: Cannot find entry android.hardware.memtrack@1.0::IMemtrack in either framework or device manifest, using default transport.
10-01 17:27:26.447   924   924 I vndksupport: sphal namespace is not configured for this process. Loading /vendor/lib/hw/memtrack.msm8960.so from the current namespace instead.
10-01 17:27:26.452   924   924 I AppOps  : No existing app ops /data/system/appops.xml; starting empty
10-01 17:27:26.464   924   924 I IntentFirewall: Read new rules (A:0 B:0 S:0)
10-01 17:27:26.474   924   947 I ServiceThread: Enabled StrictMode logging for android.display looper.
10-01 17:27:26.475   924   924 W zygote  : failed to remove /acct/uid_1047/pid_831: Device or resource busy
10-01 17:27:26.475   924   924 W zygote  : failed to remove /acct/uid_1047: Permission denied
10-01 17:27:26.476   924   924 W zygote  : failed to remove /acct/uid_1041/pid_830: Device or resource busy
10-01 17:27:26.476   924   924 W zygote  : failed to remove /acct/uid_1041: Permission denied
10-01 17:27:26.476   924   924 W zygote  : failed to remove /acct/uid_1003/pid_399: Device or resource busy
10-01 17:27:26.476   924   924 W zygote  : failed to remove /acct/uid_1003: Permission denied
10-01 17:27:26.476   924   924 W zygote  : failed to remove /acct/uid_1058/pid_232: Device or resource busy
10-01 17:27:26.477   924   924 W zygote  : failed to remove /acct/uid_1058: Permission denied
10-01 17:27:26.477   924   924 W zygote  : failed to remove /acct/uid_1046/pid_225: Device or resource busy
10-01 17:27:26.477   924   924 W zygote  : failed to remove /acct/uid_1046: Permission denied
10-01 17:27:26.477   924   924 W zygote  : failed to remove /acct/uid_1040/pid_218: Device or resource busy
10-01 17:27:26.477   924   924 W zygote  : failed to remove /acct/uid_1040: Permission denied
10-01 17:27:26.477   924   924 W zygote  : failed to remove /acct/uid_1013/pid_838: Device or resource busy
10-01 17:27:26.477   924   924 W zygote  : failed to remove /acct/uid_1013/pid_221: Device or resource busy
10-01 17:27:26.478   924   924 W zygote  : failed to remove /acct/uid_1013/pid_217: Device or resource busy
10-01 17:27:26.478   924   924 W zygote  : failed to remove /acct/uid_1013: Permission denied
10-01 17:27:26.478   924   924 W zygote  : failed to remove /acct/uid_1017/pid_216: Device or resource busy
10-01 17:27:26.478   924   924 W zygote  : failed to remove /acct/uid_1017: Permission denied
10-01 17:27:26.478   924   924 W zygote  : failed to remove /acct/uid_1019/pid_213: Device or resource busy
10-01 17:27:26.478   924   924 W zygote  : failed to remove /acct/uid_1019: Permission denied
10-01 17:27:26.478   924   924 W zygote  : failed to remove /acct/uid_1002: Permission denied
10-01 17:27:26.478   924   924 W zygote  : failed to remove /acct/uid_1001/pid_226: Device or resource busy
10-01 17:27:26.478   924   924 W zygote  : failed to remove /acct/uid_1001/pid_206: Device or resource busy
10-01 17:27:26.478   924   924 W zygote  : failed to remove /acct/uid_1001: Permission denied
10-01 17:27:26.478   924   924 W zygote  : failed to remove /acct/uid_2000/pid_204: Device or resource busy
10-01 17:27:26.479   924   924 W zygote  : failed to remove /acct/uid_2000: Permission denied
10-01 17:27:26.479   924   924 W zygote  : failed to remove /acct/uid_1010/pid_840: Device or resource busy
10-01 17:27:26.479   924   924 W zygote  : failed to remove /acct/uid_1010/pid_193: Device or resource busy
10-01 17:27:26.479   924   924 W zygote  : failed to remove /acct/uid_1010: Permission denied
10-01 17:27:26.479   924   924 W zygote  : failed to remove /acct/uid_0/pid_839: Device or resource busy
10-01 17:27:26.479   924   924 W zygote  : failed to remove /acct/uid_0/pid_829: Device or resource busy
10-01 17:27:26.479   924   924 W zygote  : failed to remove /acct/uid_0/pid_227: Device or resource busy
10-01 17:27:26.479   924   924 W zygote  : failed to remove /acct/uid_0/pid_223: Device or resource busy
10-01 17:27:26.479   924   924 W zygote  : failed to remove /acct/uid_0/pid_215: Device or resource busy
10-01 17:27:26.479   924   924 W zygote  : failed to remove /acct/uid_0/pid_209: Device or resource busy
10-01 17:27:26.479   924   924 W zygote  : failed to remove /acct/uid_0/pid_208: Device or resource busy
10-01 17:27:26.479   924   924 W zygote  : failed to remove /acct/uid_0/pid_207: Device or resource busy
10-01 17:27:26.480   924   924 W zygote  : failed to remove /acct/uid_0/pid_205: Device or resource busy
10-01 17:27:26.480   924   924 W zygote  : failed to remove /acct/uid_0/pid_198: Device or resource busy
10-01 17:27:26.480   924   924 W zygote  : failed to remove /acct/uid_0/pid_197: Device or resource busy
10-01 17:27:26.480   924   924 W zygote  : failed to remove /acct/uid_0/pid_194: Device or resource busy
10-01 17:27:26.480   924   924 W zygote  : failed to remove /acct/uid_0/pid_173: Device or resource busy
10-01 17:27:26.480   924   924 W zygote  : failed to remove /acct/uid_0: Permission denied
10-01 17:27:26.480   924   924 W zygote  : failed to remove /acct/uid_1000/pid_231: Device or resource busy
10-01 17:27:26.480   924   924 W zygote  : failed to remove /acct/uid_1000/pid_199: Device or resource busy
10-01 17:27:26.480   924   924 W zygote  : failed to remove /acct/uid_1000/pid_196: Device or resource busy
10-01 17:27:26.480   924   924 W zygote  : failed to remove /acct/uid_1000/pid_192: Device or resource busy
10-01 17:27:26.480   924   924 W zygote  : failed to remove /acct/uid_1000/pid_190: Device or resource busy
10-01 17:27:26.480   924   924 W zygote  : failed to remove /acct/uid_1000/pid_189: Device or resource busy
10-01 17:27:26.480   924   924 W zygote  : failed to remove /acct/uid_1000/pid_167: Device or resource busy
10-01 17:27:26.481   924   924 W zygote  : failed to remove /acct/uid_1000/pid_166: Device or resource busy
10-01 17:27:26.481   924   924 W zygote  : failed to remove /acct/uid_1000/pid_165: Device or resource busy
10-01 17:27:26.481   924   924 W zygote  : failed to remove /acct/uid_1000: Permission denied
10-01 17:27:26.481   924   924 W zygote  : failed to remove /acct/uid_1036/pid_164: Device or resource busy
10-01 17:27:26.481   924   924 W zygote  : failed to remove /acct/uid_1036: Permission denied
10-01 17:27:26.495   924   924 D AppOps  : AppOpsService published
10-01 17:27:26.495   924   924 D SystemServerTiming: StartActivityManager took to complete: 271ms
10-01 17:27:26.495   924   924 I SystemServer: StartPowerManager
10-01 17:27:26.495   924   924 I SystemServiceManager: Starting com.android.server.power.PowerManagerService
10-01 17:27:26.499   924   949 I ServiceThread: Enabled StrictMode logging for PowerManagerService looper.
10-01 17:27:26.502   166   166 W /system/bin/hwservicemanager: getTransportFromManifest: Cannot find entry android.hardware.power@1.0::IPower in either framework or device manifest, using default transport.
10-01 17:27:26.510   924   924 I PowerHAL: power_init
10-01 17:27:26.512   924   924 I PowerManagerService-JNI: Loaded power HAL service
10-01 17:27:26.512   924   924 I libsuspend: Selected early suspend
10-01 17:27:26.512   924   924 I libsuspend: Starting early suspend unblocker thread
10-01 17:27:26.513   209   234 E ANDR-PERF-LOCK: Failed to reset optimization for resource: 4 level: 0
10-01 17:27:26.515   924   924 D SystemServerTiming: StartPowerManager took to complete: 20ms
10-01 17:27:26.515   924   924 I SystemServer: InitPowerManagement
10-01 17:27:26.519   924   924 D SystemServerTiming: InitPowerManagement took to complete: 3ms
10-01 17:27:26.519   924   924 I SystemServer: StartRecoverySystemService
10-01 17:27:26.519   924   924 I SystemServiceManager: Starting com.android.server.RecoverySystemService
10-01 17:27:26.521   924   924 D SystemServerTiming: StartRecoverySystemService took to complete: 1ms
10-01 17:27:26.523   924   924 V RescueParty: Disabled because of active USB connection
10-01 17:27:26.523   924   924 I SystemServer: StartLightsService
10-01 17:27:26.523   924   924 I SystemServiceManager: Starting com.android.server.lights.LightsService
10-01 17:27:26.524   924   924 D SystemServerTiming: StartLightsService took to complete: 0ms
10-01 17:27:26.524   924   924 I SystemServer: StartDisplayManager
10-01 17:27:26.524   924   924 I SystemServiceManager: Starting com.android.server.display.DisplayManagerService
10-01 17:27:26.534   924   947 I DisplayManagerService: Display device added: DisplayDeviceInfo{"Built-in Screen": uniqueId="local:0", 768 x 1280, modeId 1, defaultModeId 1, supportedModes [{id=1, width=768, height=1280, fps=60.0}], colorMode 0, supportedColorModes [0], HdrCapabilities android.view.Display$HdrCapabilities@a69d6308, density 320, 159.895 x 160.157 dpi, appVsyncOff 1000000, presDeadline 16666667, touch INTERNAL, rotation 0, type BUILT_IN, state UNKNOWN, FLAG_DEFAULT_DISPLAY, FLAG_ROTATES_WITH_CONTENT, FLAG_SECURE, FLAG_SUPPORTS_PROTECTED_BUFFERS}
10-01 17:27:26.538   199   199 D SurfaceFlinger: Set power mode=2, type=0 flinger=0xac0d1000
10-01 17:27:26.538   199   199 D SurfaceFlinger: Screen type=0 is already mode=2
10-01 17:27:26.539   166   166 W /system/bin/hwservicemanager: getTransportFromManifest: Cannot find entry android.hardware.light@2.0::ILight in either framework or device manifest, using default transport.
10-01 17:27:26.548   924   947 I vndksupport: sphal namespace is not configured for this process. Loading /vendor/lib/hw/lights.msm8960.so from the current namespace instead.
10-01 17:27:26.549   924   924 D SystemServerTiming: StartDisplayManager took to complete: 24ms
10-01 17:27:26.549   924   924 I SystemServer: WaitForDisplay
10-01 17:27:26.549   924   924 I SystemServiceManager: Starting phase 100
10-01 17:27:26.552   924   947 I vndksupport: sphal namespace is not configured for this process. Loading /vendor/lib/hw/lights.msm8960.so from the current namespace instead.
10-01 17:27:26.553   924   947 E light   : light_open lights keyboard failed: -22
10-01 17:27:26.553   924   947 E light   : Light passthrough failed to load legacy HAL.
10-01 17:27:26.553   924   947 I vndksupport: sphal namespace is not configured for this process. Loading /vendor/lib/hw/lights.msm8960.so from the current namespace instead.
10-01 17:27:26.554   924   947 E light   : light_open lights buttons failed: -22
10-01 17:27:26.555   924   947 E light   : Light passthrough failed to load legacy HAL.
10-01 17:27:26.555   924   947 I vndksupport: sphal namespace is not configured for this process. Loading /vendor/lib/hw/lights.msm8960.so from the current namespace instead.
10-01 17:27:26.556   924   947 E light   : light_open lights battery failed: -22
10-01 17:27:26.556   924   947 E light   : Light passthrough failed to load legacy HAL.
10-01 17:27:26.557   924   947 I vndksupport: sphal namespace is not configured for this process. Loading /vendor/lib/hw/lights.msm8960.so from the current namespace instead.
10-01 17:27:26.558   924   947 I chatty  : uid=1000(system) android.display identical 1 line
10-01 17:27:26.560   924   947 I vndksupport: sphal namespace is not configured for this process. Loading /vendor/lib/hw/lights.msm8960.so from the current namespace instead.
10-01 17:27:26.561   924   947 E light   : light_open lights bluetooth failed: -22
10-01 17:27:26.561   924   947 E light   : Light passthrough failed to load legacy HAL.
10-01 17:27:26.561   924   947 I vndksupport: sphal namespace is not configured for this process. Loading /vendor/lib/hw/lights.msm8960.so from the current namespace instead.
10-01 17:27:26.562   924   947 E light   : light_open lights wifi failed: -22
10-01 17:27:26.562   924   947 E light   : Light passthrough failed to load legacy HAL.
10-01 17:27:26.565   924   924 D SystemServerTiming: WaitForDisplay took to complete: 16ms
10-01 17:27:26.565   924   947 I DisplayManagerService: Display device changed state: "Built-in Screen", ON
10-01 17:27:26.565   924   924 I SystemServer: StartPackageManagerService
10-01 17:27:26.610   924   924 D SELinuxMMAC: Using policy file /system/etc/selinux/plat_mac_permissions.xml
10-01 17:27:26.615   924   924 D SELinuxMMAC: Using policy file /vendor/etc/selinux/nonplat_mac_permissions.xml
10-01 17:27:26.712   924   924 W PackageManager: Wiping cache directory because the system partition changed.
10-01 17:27:26.712   924   924 D PackageManager: No files in app dir /vendor/overlay
10-01 17:27:26.876   924   934 I zygote  : Background concurrent copying GC freed 6623(563KB) AllocSpace objects, 7(328KB) LOS objects, 42% free, 3MB/5MB, paused 518us total 122.985ms
10-01 17:27:26.948   924   924 D PackageManager: No files in app dir /system/vendor/app
10-01 17:27:26.948   924   924 D PackageManager: No files in app dir /oem/app
10-01 17:27:26.951   924   924 D PackageManager: No files in app dir /data/app
10-01 17:27:26.951   924   924 D PackageManager: No files in app dir /data/app-private
10-01 17:27:26.956   924   924 I PackageManager: Time to scan packages: 0.245 seconds
10-01 17:27:26.960   924   924 V PackageManager: reconcileAppsData for null u0 0x3 migrateAppData=true
10-01 17:27:27.063   924   924 V PackageManager: reconcileAppsData finished 18 packages
10-01 17:27:27.064   924   969 D SystemServerInitThreadPool: Started executing prepareAppData
10-01 17:27:27.066   215   812 W installd: Ignoring /data/data/com.android.defcontainer/lib with unexpected GID 0 instead of 10006
10-01 17:27:27.068   215   812 W installd: Ignoring /data/data/com.android.inputmethod.latin/lib with unexpected GID 0 instead of 10053
10-01 17:27:27.070   215   812 W installd: Ignoring /data/data/com.android.pacprocessor/lib with unexpected GID 0 instead of 10048
10-01 17:27:27.071   215   812 W installd: Ignoring /data/data/com.android.camera2/lib with unexpected GID 0 instead of 10036
10-01 17:27:27.072   215   812 W installd: Ignoring /data/data/com.android.nfc/lib with unexpected GID 0 instead of 1027
10-01 17:27:27.074   215   812 W installd: Ignoring /data/data/com.android.printspooler/lib with unexpected GID 0 instead of 10054
10-01 17:27:27.074   215   812 W installd: Ignoring /data/data/com.android.webview/lib with unexpected GID 0 instead of 10058
10-01 17:27:27.075   215   812 W installd: Ignoring /data/data/com.android.bips/lib with unexpected GID 0 instead of 10032
10-01 17:27:27.076   215   812 W installd: Ignoring /data/data/com.android.gallery3d/lib with unexpected GID 0 instead of 10046
10-01 17:27:27.077   215   812 W installd: Ignoring /data/user_de/0/com.android.defcontainer/lib with unexpected GID 0 instead of 10006
10-01 17:27:27.079   215   812 W installd: Ignoring /data/user_de/0/com.android.inputmethod.latin/lib with unexpected GID 0 instead of 10053
10-01 17:27:27.084   924   969 D SystemServerTimingAsync: AppDataFixup took to complete: 20ms
10-01 17:27:27.140   924   924 E PackageManager: There should probably be a verifier, but, none were found
10-01 17:27:27.143   924   924 D PackageManager: Ephemeral resolver not found with new action; try old one
10-01 17:27:27.144   924   924 D PackageManager: Ephemeral resolver NOT found; no matching intent filters
10-01 17:27:27.144   924   924 D PackageManager: Ephemeral installer not found with new action; try old one
10-01 17:27:27.144   924   924 D PackageManager: Clear ephemeral installer activity
10-01 17:27:27.220   924   924 I zygote  : Explicit concurrent copying GC freed 36602(1919KB) AllocSpace objects, 23(888KB) LOS objects, 42% free, 2MB/3MB, paused 213us total 66.406ms
10-01 17:27:27.222   924   924 D FallbackCategoryProvider: Found 1 fallback categories
10-01 17:27:27.224   924   924 D SystemServerTiming: StartPackageManagerService took to complete: 659ms
10-01 17:27:27.225   924   924 I SystemServer: StartOtaDexOptService
10-01 17:27:27.226   924   924 D OTADexopt: No upgrade, skipping A/B artifacts check.
10-01 17:27:27.226   924   924 D SystemServerTiming: StartOtaDexOptService took to complete: 1ms
10-01 17:27:27.226   924   924 I SystemServer: StartUserManagerService
10-01 17:27:27.226   924   924 I SystemServiceManager: Starting com.android.server.pm.UserManagerService$LifeCycle
10-01 17:27:27.227   924   924 D SystemServerTiming: StartUserManagerService took to complete: 1ms
10-01 17:27:27.227   924   924 I SystemServer: InitAttributerCache
10-01 17:27:27.227   924   924 D SystemServerTiming: InitAttributerCache took to complete: 0ms
10-01 17:27:27.227   924   924 I SystemServer: SetSystemProcess
10-01 17:27:27.239   198   198 I lowmemorykiller: ActivityManager connected
10-01 17:27:27.241   924   924 D SystemServerTiming: SetSystemProcess took to complete: 14ms
10-01 17:27:27.243   924   971 I ServiceThread: Enabled StrictMode logging for android.anim looper.
10-01 17:27:27.243   924   924 I SystemServer: StartOverlayManagerService
10-01 17:27:27.246   924   924 D SystemServerTiming: StartOverlayManagerService took to complete: 3ms
10-01 17:27:27.246   924   972 D SystemServerInitThreadPool: Started executing Init OverlayManagerService
10-01 17:27:27.248   924   924 I SystemServer: StartDropBoxManager
10-01 17:27:27.249   924   924 I SystemServiceManager: Starting com.android.server.DropBoxManagerService
10-01 17:27:27.250   924   924 D SystemServerTiming: StartDropBoxManager took to complete: 2ms
10-01 17:27:27.250   924   924 I SystemServer: StartBatteryService
10-01 17:27:27.251   924   924 I SystemServiceManager: Starting com.android.server.BatteryService
10-01 17:27:27.256   924   973 D SystemServerInitThreadPool: Started executing StartSensorService
10-01 17:27:27.256   924   973 D SensorService: nuSensorService starting...
10-01 17:27:27.257   166   166 W /system/bin/hwservicemanager: getTransportFromManifest: Cannot find entry android.hardware.sensors@1.0::ISensors in either framework or device manifest, using default transport.
10-01 17:27:27.267   924   924 D SystemServerTiming: StartBatteryService took to complete: 17ms
10-01 17:27:27.267   924   924 I SystemServer: StartUsageService
10-01 17:27:27.269   924   935 E LightsService: Light requested not available on this device. 3
10-01 17:27:27.270   924   924 I SystemServiceManager: Starting com.android.server.usage.UsageStatsService
10-01 17:27:27.283   924   924 D SystemServerTiming: StartUsageService took to complete: 16ms
10-01 17:27:27.283   924   924 I SystemServer: StartWebViewUpdateService
10-01 17:27:27.287   924   924 I SystemServiceManager: Starting com.android.server.webkit.WebViewUpdateService
10-01 17:27:27.287   924   973 I vndksupport: sphal namespace is not configured for this process. Loading /vendor/lib/hw/sensors.msm8960.so from the current namespace instead.
10-01 17:27:27.301   924   924 E SystemImpl: Found an element that is not a WebView provider
10-01 17:27:27.314   924   924 D SystemServerTiming: StartWebViewUpdateService took to complete: 30ms
10-01 17:27:27.315   924   924 I SystemServer: StartKeyAttestationApplicationIdProviderService
10-01 17:27:27.315   924   937 D SystemServerInitThreadPool: Started executing SecondaryZygotePreload
10-01 17:27:27.316   924   937 I SystemServer: SecondaryZygotePreload
10-01 17:27:27.319   924   924 D SystemServerTiming: StartKeyAttestationApplicationIdProviderService took to complete: 4ms
10-01 17:27:27.319   924   924 I SystemServer: StartKeyChainSystemService
10-01 17:27:27.320   924   924 I SystemServiceManager: Starting com.android.server.security.KeyChainSystemService
10-01 17:27:27.320   924   924 D SystemServerTiming: StartKeyChainSystemService took to complete: 1ms
10-01 17:27:27.320   924   924 I SystemServer: StartSchedulingPolicyService
10-01 17:27:27.324   924   972 D SystemServerInitThreadPool: Finished executing Init OverlayManagerService
10-01 17:27:27.325   924   924 D SystemServerTiming: StartSchedulingPolicyService took to complete: 5ms
10-01 17:27:27.325   924   924 I SystemServer: StartTelecomLoaderService
10-01 17:27:27.325   924   924 I SystemServiceManager: Starting com.android.server.telecom.TelecomLoaderService
10-01 17:27:27.326   924   924 D SystemServerTiming: StartTelecomLoaderService took to complete: 0ms
10-01 17:27:27.326   924   924 I SystemServer: StartTelephonyRegistry
10-01 17:27:27.331   924   937 I Zygote  : Process: zygote socket zygote opened, supported ABIS: armeabi-v7a,armeabi
10-01 17:27:27.335   924   924 D SystemServerTiming: StartTelephonyRegistry took to complete: 9ms
10-01 17:27:27.335   924   924 I SystemServer: StartEntropyMixer
10-01 17:27:27.338   924   924 I EntropyMixer: Added HW RNG output to entropy pool
10-01 17:27:27.338   924   924 I EntropyMixer: Writing entropy...
10-01 17:27:27.342   924   937 E SystemServer: Unable to preload default resources
10-01 17:27:27.342   924   937 D SystemServerTimingAsync: SecondaryZygotePreload took to complete: 27ms
10-01 17:27:27.342   924   937 D SystemServerInitThreadPool: Finished executing SecondaryZygotePreload
10-01 17:27:27.361   924   924 D SystemServerTiming: StartEntropyMixer took to complete: 26ms
10-01 17:27:27.361   924   924 I SystemServer: Camera Service Proxy
10-01 17:27:27.361   924   924 I SystemServer: StartCameraServiceProxy
10-01 17:27:27.362   924   924 I SystemServiceManager: Starting com.android.server.camera.CameraServiceProxy
10-01 17:27:27.364   924   976 I ServiceThread: Enabled StrictMode logging for CameraService_proxy looper.
10-01 17:27:27.368   924   924 D SystemServerTiming: StartCameraServiceProxy took to complete: 6ms
10-01 17:27:27.368   924   924 I SystemServer: StartAccountManagerService
10-01 17:27:27.368   924   924 I SystemServiceManager: Starting com.android.server.accounts.AccountManagerService$Lifecycle
10-01 17:27:27.379   924   924 D SystemServerTiming: StartAccountManagerService took to complete: 11ms
10-01 17:27:27.379   924   924 I SystemServer: StartContentService
10-01 17:27:27.379   924   924 I SystemServiceManager: Starting com.android.server.content.ContentService$Lifecycle
10-01 17:27:27.383   924   924 D SystemServerTiming: StartContentService took to complete: 4ms
10-01 17:27:27.383   924   924 I SystemServer: InstallSystemProviders
10-01 17:27:27.576   924   924 I SettingsState: No settings state /data/system/users/0/settings_system.xml
10-01 17:27:27.601   924   924 I SettingsState: No settings state /data/system/users/0/settings_secure.xml
10-01 17:27:27.608   924   924 D SettingsProvider: Generated and saved new ANDROID_ID [c78d166ebccfadfe] for user 0
10-01 17:27:27.649   924   924 I SettingsState: No settings state /data/system/users/0/settings_global.xml
10-01 17:27:27.693   924   924 D SettingsProvider: Setting [] as Autofill Service for user 0
10-01 17:27:27.702   215   215 W installd: Requested default storage /data/user_de/0/com.android.providers.blockednumber is not active; migrating from /data/data/com.android.providers.blockednumber
10-01 17:27:27.750   215   812 W installd: Requested default storage /data/user_de/0/com.android.emergency is not active; migrating from /data/data/com.android.emergency
10-01 17:27:27.819   924   924 I SettingsState: No settings state /data/system/users/0/settings_ssaid.xml
10-01 17:27:27.822   215   215 W installd: Requested default storage /data/user_de/0/com.android.bluetooth is not active; migrating from /data/data/com.android.bluetooth
10-01 17:27:27.834   924   924 D SystemServerTiming: InstallSystemProviders took to complete: 451ms
10-01 17:27:27.834   924   924 I SystemServer: StartVibratorService
10-01 17:27:27.837   166   166 W /system/bin/hwservicemanager: getTransportFromManifest: Cannot find entry android.hardware.vibrator@1.0::IVibrator in either framework or device manifest, using default transport.
10-01 17:27:27.855   924   969 D SystemServerTimingAsync: AppDataPrepare took to complete: 771ms
10-01 17:27:27.855   924   969 I PackageManager: Deferred reconcileAppsData finished 61 packages
10-01 17:27:27.855   924   969 D SystemServerInitThreadPool: Finished executing prepareAppData
10-01 17:27:27.863   924   924 I vndksupport: sphal namespace is not configured for this process. Loading /vendor/lib/hw/vibrator.default.so from the current namespace instead.
10-01 17:27:27.866   924   924 D         : Vibrator using timed_output
10-01 17:27:27.870   924   924 D SystemServerTiming: StartVibratorService took to complete: 35ms
10-01 17:27:27.870   924   924 I SystemServer: StartConsumerIrService
10-01 17:27:27.871   166   166 W /system/bin/hwservicemanager: getTransportFromManifest: Cannot find entry android.hardware.ir@1.0::IConsumerIr in either framework or device manifest, using default transport.
10-01 17:27:27.873   924   924 D SystemServerTiming: StartConsumerIrService took to complete: 3ms
10-01 17:27:27.873   924   924 I SystemServer: StartAlarmManagerService
10-01 17:27:27.874   924   924 I SystemServiceManager: Starting com.android.server.AlarmManagerService
10-01 17:27:27.878   924   924 D AlarmManagerService: Kernel timezone updated to 0 minutes west of GMT
10-01 17:27:27.884   924   924 D SystemServerTiming: StartAlarmManagerService took to complete: 10ms
10-01 17:27:27.884   924   924 I SystemServer: InitWatchdog
10-01 17:27:27.884   924   924 D SystemServerTiming: InitWatchdog took to complete: 0ms
10-01 17:27:27.884   924   924 I SystemServer: StartInputManagerService
10-01 17:27:27.885   924   924 I InputManager: Initializing input manager, mUseDevInputEventForAudioJack=true
10-01 17:27:27.886   924   924 D SystemServerTiming: StartInputManagerService took to complete: 2ms
10-01 17:27:27.886   924   924 I SystemServer: StartWindowManagerService
10-01 17:27:28.336   924   973 E libsensor1: sensor1_open: Error in connect() errno=2 No such file or directory
10-01 17:27:28.337   924   973 E sensor_reg: sensor_reg_sensor1_open: sensor1_open returned 11
10-01 17:27:28.337   924   973 E qcom_sensors_hal: hal_init: Error in sensor_reg_open(): -1
10-01 17:27:28.337   924   973 F zygote  : Sensors.cpp:98] Check failed: getHalDeviceVersion() >= ((((1) & 0xff) << 24) | (((3) & 0xff) << 16) | ((1) & 0xffff)) (getHalDeviceVersion()=16777217, ((((1) & 0xff) << 24) | (((3) & 0xff) << 16) | ((1) & 0xffff))=16973825) 
10-01 17:27:28.337   924   973 F libc    : Fatal signal 6 (SIGABRT), code -6 in tid 973 (system-server-i)
10-01 17:27:28.444   986   986 I crash_dump32: obtaining output fd from tombstoned
10-01 17:27:28.445   232   232 I /system/bin/tombstoned: received crash request for pid 924
10-01 17:27:28.446   986   986 I crash_dump32: performing dump of process 924 (target tid = 973)
10-01 17:27:28.447   924   973 F libc    : failed to resend signal during crash: Operation not permitted
10-01 17:27:28.448   986   986 E DEBUG   : unexpected waitpid response: n=973, status=00000100
10-01 17:27:28.450   232   232 W /system/bin/tombstoned: crash socket received short read of length 0 (expected 8)
10-01 17:27:28.468   165   165 I ServiceManager: service 'meminfo' died
10-01 17:27:28.468   165   165 I ServiceManager: service 'gfxinfo' died
10-01 17:27:28.469   165   165 I ServiceManager: service 'dbinfo' died
10-01 17:27:28.469   165   165 I ServiceManager: service 'cpuinfo' died
10-01 17:27:28.469   165   165 I ServiceManager: service 'permission' died
10-01 17:27:28.469   165   165 I ServiceManager: service 'processinfo' died
10-01 17:27:28.469   165   165 I ServiceManager: service 'procstats' died
10-01 17:27:28.469   165   165 I ServiceManager: service 'activity' died
10-01 17:27:28.469   165   165 I ServiceManager: service 'user' died
10-01 17:27:28.469   165   165 I ServiceManager: service 'otadexopt' died
10-01 17:27:28.469   165   165 I ServiceManager: service 'package' died
10-01 17:27:28.469   165   165 I ServiceManager: service 'usagestats' died
10-01 17:27:28.469   165   165 I ServiceManager: service 'dropbox' died
10-01 17:27:28.469   165   165 I ServiceManager: service 'battery' died
10-01 17:27:28.469   165   165 I ServiceManager: service 'overlay' died
10-01 17:27:28.469   165   165 I ServiceManager: service 'webviewupdate' died
10-01 17:27:28.469   165   165 I ServiceManager: service 'sec_key_att_app_id_provider' died
10-01 17:27:28.469   165   165 I ServiceManager: service 'scheduling_policy' died
10-01 17:27:28.469   165   165 I ServiceManager: service 'telephony.registry' died
10-01 17:27:28.469   165   165 I ServiceManager: service 'media.camera.proxy' died
10-01 17:27:28.469   165   165 I ServiceManager: service 'account' died
10-01 17:27:28.469   165   165 I ServiceManager: service 'content' died
10-01 17:27:28.469   165   165 I ServiceManager: service 'settings' died
10-01 17:27:28.469   165   165 I ServiceManager: service 'vibrator' died
10-01 17:27:28.469   165   165 I ServiceManager: service 'consumer_ir' died
10-01 17:27:28.469   165   165 I ServiceManager: service 'alarm' died
10-01 17:27:28.469   165   165 I ServiceManager: service 'device_identifiers' died
10-01 17:27:28.469   165   165 I ServiceManager: service 'batterystats' died
10-01 17:27:28.469   165   165 I ServiceManager: service 'appops' died
10-01 17:27:28.469   165   165 I ServiceManager: service 'power' died
10-01 17:27:28.470   165   165 I ServiceManager: service 'recovery' died
10-01 17:27:28.470   165   165 I ServiceManager: service 'display' died
10-01 17:27:28.484   198   198 I lowmemorykiller: ActivityManager disconnected
10-01 17:27:28.484   198   198 I lowmemorykiller: Closing Activity Manager data connection
10-01 17:27:28.504   829   829 I Zygote  : Process 924 exited cleanly (1)
10-01 17:27:28.504   829   829 E Zygote  : Exit zygote because system server (924) has terminated
10-01 17:27:28.539   165   165 I ServiceManager: service 'media.audio_flinger' died
10-01 17:27:28.539   165   165 I ServiceManager: service 'media.audio_policy' died
10-01 17:27:28.539   165   165 I ServiceManager: service 'media.radio' died
10-01 17:27:28.540   165   165 I ServiceManager: service 'media.aaudio' died
10-01 17:27:28.540   165   165 I ServiceManager: service 'media.sound_trigger_hw' died
10-01 17:27:28.567   165   165 I ServiceManager: service 'media.camera' died
10-01 17:27:28.586   165   165 I ServiceManager: service 'media.player' died
10-01 17:27:28.586   165   165 I ServiceManager: service 'media.resource_manager' died
10-01 17:27:28.626   165   165 I ServiceManager: service 'netd' died
10-01 17:27:28.635   165   165 I ServiceManager: service 'wificond' died
10-01 17:27:28.720   995   995 W netd    : type=1400 audit(0.0:59): avc: granted { getattr } for path="/vendor" dev="rootfs" ino=4768 scontext=u:r:netd:s0 tcontext=u:object_r:rootfs:s0 tclass=lnk_file
10-01 17:27:28.819   996   996 I wificond: wificond is starting up...
10-01 17:27:28.870   995   995 I Netd    : Netd 1.0 starting
10-01 17:27:28.871   995   995 D TetherController: Setting IP forward enable = 0
10-01 17:27:28.920  1002  1002 W iptables-restor: type=1400 audit(0.0:60): avc: granted { getattr } for path="/vendor" dev="rootfs" ino=4768 scontext=u:r:netd:s0 tcontext=u:object_r:rootfs:s0 tclass=lnk_file
10-01 17:27:28.950  1003  1003 W ip6tables-resto: type=1400 audit(0.0:61): avc: granted { getattr } for path="/vendor" dev="rootfs" ino=4768 scontext=u:r:netd:s0 tcontext=u:object_r:rootfs:s0 tclass=lnk_file
10-01 17:27:29.000  1004  1004 W iptables: type=1400 audit(0.0:62): avc: granted { getattr } for path="/vendor" dev="rootfs" ino=4768 scontext=u:r:netd:s0 tcontext=u:object_r:rootfs:s0 tclass=lnk_file
10-01 17:27:29.030  1005  1005 W ip6tables: type=1400 audit(0.0:63): avc: granted { getattr } for path="/vendor" dev="rootfs" ino=4768 scontext=u:r:netd:s0 tcontext=u:object_r:rootfs:s0 tclass=lnk_file
10-01 17:27:29.080  1006  1006 W iptables: type=1400 audit(0.0:64): avc: granted { getattr } for path="/vendor" dev="rootfs" ino=4768 scontext=u:r:netd:s0 tcontext=u:object_r:rootfs:s0 tclass=lnk_file
10-01 17:27:29.130  1007  1007 W ip6tables: type=1400 audit(0.0:65): avc: granted { getattr } for path="/vendor" dev="rootfs" ino=4768 scontext=u:r:netd:s0 tcontext=u:object_r:rootfs:s0 tclass=lnk_file
10-01 17:27:29.166   989   989 I FastMixerState: sMaxFastTracks = 8
10-01 17:27:29.168   989   989 I audioserver: ServiceManager: 0xaa7974a0
10-01 17:27:29.169   989   989 W BatteryNotifier: batterystats service unavailable!
10-01 17:27:29.171   166   166 W /system/bin/hwservicemanager: getTransportFromManifest: Cannot find entry android.hardware.audio@2.0::IDevicesFactory in either framework or device manifest, using default transport.
10-01 17:27:29.178   166   166 W /system/bin/hwservicemanager: getTransportFromManifest: Cannot find entry android.hardware.audio.effect@2.0::IEffectsFactory in either framework or device manifest, using default transport.
10-01 17:27:29.188   989   989 I AudioFlinger: Using default 3000 mSec as standby time.
10-01 17:27:29.191   989   989 I APM::ConfigParsingUtils: loadAudioPolicyConfig() loaded /system/etc/audio_policy.conf
10-01 17:27:29.192   989   989 I vndksupport: sphal namespace is not configured for this process. Loading /vendor/lib/hw/audio.primary.msm8960.so from the current namespace instead.
10-01 17:27:29.200   989   989 D audio_hw_primary: adev_open: enter
10-01 17:27:29.230  1017  1017 W ip6tables: type=1400 audit(0.0:67): avc: granted { getattr } for path="/vendor" dev="rootfs" ino=4768 scontext=u:r:netd:s0 tcontext=u:object_r:rootfs:s0 tclass=lnk_file
10-01 17:27:29.260  1018  1018 W iptables: type=1400 audit(0.0:68): avc: granted { getattr } for path="/vendor" dev="rootfs" ino=4768 scontext=u:r:netd:s0 tcontext=u:object_r:rootfs:s0 tclass=lnk_file
10-01 17:27:29.282   989   989 E audio_route: unknown enum value string Off for ctl TTY Mode
10-01 17:27:29.312   993   993 I cameraserver: ServiceManager: 0xb42174e0
10-01 17:27:29.312   993   993 I CameraService: CameraService started (pid=993)
10-01 17:27:29.312   993   993 I CameraService: CameraService process starting
10-01 17:27:29.314   993   993 W BatteryNotifier: batterystats service unavailable!
10-01 17:27:29.314   993   993 W BatteryNotifier: batterystats service unavailable!
10-01 17:27:29.317   166   166 W /system/bin/hwservicemanager: getTransportFromManifest: Cannot find entry android.hardware.camera.provider@2.4::ICameraProvider in either framework or device manifest, using default transport.
10-01 17:27:29.331   989   989 D ACDB-LOADER: ACDB -> ACDB_CMD_INITIALIZE
10-01 17:27:29.331   989   989 E         : [ACDB RTC]->rtc init done!->result [0]
10-01 17:27:29.331   989   989 D Diag_Lib: actp_diag_init: call diag init function with A9A144D9
10-01 17:27:29.332   989   989 E Diag_Lib:  Diag_LSM_Init: Failed to open handle to diag driver, error = 2
10-01 17:27:29.332   989   989 E Diag_Lib: actp_diag_init: diag init failed
10-01 17:27:29.332   989   989 E         : [ACDB ACPH]->actp diag init done!
10-01 17:27:29.332   989   989 D ACDB-LOADER: No existing ION info in ACDB driver
10-01 17:27:29.332   989   989 D ACDB-LOADER: ACDB -> ION_IOC_ALLOC
10-01 17:27:29.332   989   989 D ACDB-LOADER: ACDB -> ION_IOC_SHARE
10-01 17:27:29.332   989   989 D ACDB-LOADER: ACDB -> MMAP ADDR
10-01 17:27:29.332   989   989 D ACDB-LOADER: ACDB -> register MEM to ACDB driver: 0xab20f000
10-01 17:27:29.332   989   989 D ACDB-LOADER: ACDB -> send_asm_topology
10-01 17:27:29.332   989   989 D ACDB-LOADER: ACDB -> ACDB_CMD_GET_AUDPROC_STREAM_TOPOLOGY_ID
10-01 17:27:29.332   989   989 D ACDB-LOADER: send mbhc data
10-01 17:27:29.333   993   993 I QCameraHAL: Handle base =0x0xb3d66068
10-01 17:27:29.333   993   993 I QCameraHAL: getCameraInfo: numOfCameras = 2
10-01 17:27:29.333   993   993 I QCameraHAL: Handle [0]=0x0xb3d66068
10-01 17:27:29.333   993   993 I QCameraHAL: Camera sensor 0 info:
10-01 17:27:29.333   993   993 I QCameraHAL: camera_id: 0
10-01 17:27:29.333   993   993 I QCameraHAL: modes_supported: 1
10-01 17:27:29.333   993   993 I QCameraHAL: position: 0
10-01 17:27:29.333   993   993 I QCameraHAL: sensor_mount_angle: 90
10-01 17:27:29.333   993   993 I QCameraHAL: Handle [1]=0x0xb3d660a8
10-01 17:27:29.333   993   993 I QCameraHAL: Camera sensor 1 info:
10-01 17:27:29.333   993   993 I QCameraHAL: camera_id: 1
10-01 17:27:29.333   993   993 I QCameraHAL: modes_supported: 1
10-01 17:27:29.333   993   993 I QCameraHAL: position: 1
10-01 17:27:29.333   993   993 I QCameraHAL: sensor_mount_angle: 270
10-01 17:27:29.334   993   993 I CamProvider@2.4-impl: Loaded "Qcamera" camera module
10-01 17:27:29.334   993   993 I CamProvider@2.4-impl: setUpVendorTags: No vendor tags defined for this device.
10-01 17:27:29.334   993   993 I QCameraHAL: Handle base =0x0xb3d66068
10-01 17:27:29.334   993   993 I QCameraHAL: getCameraInfo: numOfCameras = 2
10-01 17:27:29.334   993   993 I QCameraHAL: Handle [0]=0x0xb3d66068
10-01 17:27:29.334   993   993 I QCameraHAL: Camera sensor 0 info:
10-01 17:27:29.334   993   993 I QCameraHAL: camera_id: 0
10-01 17:27:29.334   993   993 I QCameraHAL: modes_supported: 1
10-01 17:27:29.334   993   993 I QCameraHAL: position: 0
10-01 17:27:29.334   993   993 I QCameraHAL: sensor_mount_angle: 90
10-01 17:27:29.334   993   993 I QCameraHAL: Handle [1]=0x0xb3d660a8
10-01 17:27:29.334   993   993 I QCameraHAL: Camera sensor 1 info:
10-01 17:27:29.334   993   993 I QCameraHAL: camera_id: 1
10-01 17:27:29.334   993   993 I QCameraHAL: modes_supported: 1
10-01 17:27:29.334   993   993 I QCameraHAL: position: 1
10-01 17:27:29.334   993   993 I QCameraHAL: sensor_mount_angle: 270
10-01 17:27:29.335   993   993 I CameraProviderManager: Connecting to new camera provider: legacy/0, isRemote? 0
10-01 17:27:29.335   993   993 I CameraProviderManager: Enumerating new camera device: device@1.0/legacy/0
10-01 17:27:29.336   993   993 I QCameraHAL: Handle base =0x0xb3d66068
10-01 17:27:29.336   993   993 I QCameraHAL: getCameraInfo: numOfCameras = 2
10-01 17:27:29.336   993   993 I QCameraHAL: Handle [0]=0x0xb3d66068
10-01 17:27:29.336   993   993 I QCameraHAL: Camera sensor 0 info:
10-01 17:27:29.336   993   993 I QCameraHAL: camera_id: 0
10-01 17:27:29.336   993   993 I QCameraHAL: modes_supported: 1
10-01 17:27:29.336   993   993 I QCameraHAL: position: 0
10-01 17:27:29.336   993   993 I QCameraHAL: sensor_mount_angle: 90
10-01 17:27:29.336   993   993 I QCameraHAL: Handle [1]=0x0xb3d660a8
10-01 17:27:29.336   993   993 I QCameraHAL: Camera sensor 1 info:
10-01 17:27:29.336   993   993 I QCameraHAL: camera_id: 1
10-01 17:27:29.336   993   993 I QCameraHAL: modes_supported: 1
10-01 17:27:29.336   993   993 I QCameraHAL: position: 1
10-01 17:27:29.336   993   993 I QCameraHAL: sensor_mount_angle: 270
10-01 17:27:29.338   993   993 I CamDev@1.0-impl: Opening camera 0
10-01 17:27:29.339   993   993 E mm-libcamera2: mm_camera_open:  opened, break out while loop
10-01 17:27:29.339   993   993 E mm-libcamera2: mm_camera_open: cannot open control fd of 'video0' Errno = 22
10-01 17:27:29.339   993   993 E QCameraHWI: startCamera: cam_ops_open failed: id = 0
10-01 17:27:29.339   993   993 I QCameraHWI: ~QCameraHardwareInterface First stop the polling threads before deleting instances
10-01 17:27:29.339   993   993 E CamDev@1.0-impl: Could not open camera 0: -19
10-01 17:27:29.339   993   993 E CameraProviderManager: DeviceInfo1: Unable to open camera device 0 to check for a flash unit: INTERNAL_ERROR
10-01 17:27:29.339   993   993 I CameraProviderManager: Enumerating new camera device: device@1.0/legacy/1
10-01 17:27:29.339   993   993 I QCameraHAL: Handle base =0x0xb3d66068
10-01 17:27:29.339   993   993 I QCameraHAL: getCameraInfo: numOfCameras = 2
10-01 17:27:29.339   993   993 I QCameraHAL: Handle [0]=0x0xb3d66068
10-01 17:27:29.339   993   993 I QCameraHAL: Camera sensor 0 info:
10-01 17:27:29.339   993   993 I QCameraHAL: camera_id: 0
10-01 17:27:29.339   993   993 I QCameraHAL: modes_supported: 1
10-01 17:27:29.339   993   993 I QCameraHAL: position: 0
10-01 17:27:29.339   993   993 I QCameraHAL: sensor_mount_angle: 90
10-01 17:27:29.339   993   993 I QCameraHAL: Handle [1]=0x0xb3d660a8
10-01 17:27:29.339   993   993 I QCameraHAL: Camera sensor 1 info:
10-01 17:27:29.339   993   993 I QCameraHAL: camera_id: 1
10-01 17:27:29.339   993   993 I QCameraHAL: modes_supported: 1
10-01 17:27:29.339   993   993 I QCameraHAL: position: 1
10-01 17:27:29.339   993   993 I QCameraHAL: sensor_mount_angle: 270
10-01 17:27:29.341   993   993 I CamDev@1.0-impl: Opening camera 1
10-01 17:27:29.341   993   993 E mm-libcamera2: mm_camera_open:  opened, break out while loop
10-01 17:27:29.341   993   993 E mm-libcamera2: mm_camera_open: cannot open control fd of 'video2' Errno = 22
10-01 17:27:29.342   993   993 E QCameraHWI: startCamera: cam_ops_open failed: id = 1
10-01 17:27:29.342   993   993 I QCameraHWI: ~QCameraHardwareInterface First stop the polling threads before deleting instances
10-01 17:27:29.342   993   993 E CamDev@1.0-impl: Could not open camera 1: -19
10-01 17:27:29.342   993   993 E CameraProviderManager: DeviceInfo1: Unable to open camera device 1 to check for a flash unit: INTERNAL_ERROR
10-01 17:27:29.342   993   993 I CameraProviderManager: Camera provider legacy/0 ready with 2 camera devices
10-01 17:27:29.342   993   993 I CameraHardwareInterface: Opening camera 0
10-01 17:27:29.342   993   993 I CamDev@1.0-impl: Opening camera 0
10-01 17:27:29.344   993   993 E mm-libcamera2: mm_camera_open:  opened, break out while loop
10-01 17:27:29.344   993   993 E mm-libcamera2: mm_camera_open: cannot open control fd of 'video0' Errno = 22
10-01 17:27:29.344   993   993 E QCameraHWI: startCamera: cam_ops_open failed: id = 0
10-01 17:27:29.344   993   993 I QCameraHWI: ~QCameraHardwareInterface First stop the polling threads before deleting instances
10-01 17:27:29.344   993   993 E CamDev@1.0-impl: Could not open camera 0: -19
10-01 17:27:29.344   993   993 E CameraHardwareInterface: initialize: openSession failed! Function not implemented (-38)
10-01 17:27:29.344   993   993 E CameraFlashlight: connectCameraDevice: initializing camera 0 failed
10-01 17:27:29.344   993   993 I CameraHardwareInterface: Destroying camera 0
10-01 17:27:29.344   993   993 E CameraFlashlight: findFlashUnits: failed to check if camera 0 has a flash unit. Function not implemented (-38)
10-01 17:27:29.344   993   993 I CameraHardwareInterface: Opening camera 1
10-01 17:27:29.345   993   993 I CamDev@1.0-impl: Opening camera 1
10-01 17:27:29.345   993   993 E mm-libcamera2: mm_camera_open:  opened, break out while loop
10-01 17:27:29.345   993   993 E mm-libcamera2: mm_camera_open: cannot open control fd of 'video2' Errno = 22
10-01 17:27:29.345   993   993 E QCameraHWI: startCamera: cam_ops_open failed: id = 1
10-01 17:27:29.345   993   993 I QCameraHWI: ~QCameraHardwareInterface First stop the polling threads before deleting instances
10-01 17:27:29.345   993   993 E CamDev@1.0-impl: Could not open camera 1: -19
10-01 17:27:29.345   993   993 E CameraHardwareInterface: initialize: openSession failed! Function not implemented (-38)
10-01 17:27:29.345   993   993 E CameraFlashlight: connectCameraDevice: initializing camera 1 failed
10-01 17:27:29.345   993   993 I CameraHardwareInterface: Destroying camera 1
10-01 17:27:29.345   993   993 E CameraFlashlight: findFlashUnits: failed to check if camera 1 has a flash unit. Function not implemented (-38)
10-01 17:27:29.345   993   993 I CameraService: onDeviceStatusChanged: Status changed for cameraId=0, newStatus=1
10-01 17:27:29.345   993   993 E CameraService: onDeviceStatusChanged: State transition to the same status 0x1 not allowed
10-01 17:27:29.346   993   993 I CameraService: onDeviceStatusChanged: Status changed for cameraId=1, newStatus=1
10-01 17:27:29.346   993   993 E CameraService: onDeviceStatusChanged: State transition to the same status 0x1 not allowed
10-01 17:27:29.350  1029  1029 W iptables: type=1400 audit(0.0:70): avc: granted { getattr } for path="/vendor" dev="rootfs" ino=4768 scontext=u:r:netd:s0 tcontext=u:object_r:rootfs:s0 tclass=lnk_file
10-01 17:27:29.356   989   989 D ACDB-LOADER: send tabla anc data
10-01 17:27:29.356   989   989 D ACDB-LOADER: ACDB -> ACDB_CMD_GET_ANC_SETTING
10-01 17:27:29.356   989   989 D ACDB-LOADER: done with conversion, anc config size is 148
10-01 17:27:29.356   989   989 D ACDB-LOADER: ACDB -> ACDB_CMD_GET_ANC_SETTING
10-01 17:27:29.356   989   989 D ACDB-LOADER: done with conversion, anc config size is 148
10-01 17:27:29.357   989   989 D ACDB-LOADER: ACDB -> ACDB_CMD_GET_ANC_SETTING
10-01 17:27:29.357   989   989 D ACDB-LOADER: done with conversion, anc config size is 148
10-01 17:27:29.357   989   989 D ACDB-LOADER: ACDB -> ACDB_CMD_GET_ANC_SETTING
10-01 17:27:29.357   989   989 D ACDB-LOADER: done with conversion, anc config size is 148
10-01 17:27:29.357   989   989 D ACDB-LOADER: ACDB -> ACDB_CMD_GET_ANC_SETTING
10-01 17:27:29.357   989   989 D ACDB-LOADER: done with conversion, anc config size is 74
10-01 17:27:29.357   989   989 D ACDB-LOADER: ACDB -> ACDB_CMD_GET_ANC_SETTING
10-01 17:27:29.357   989   989 D ACDB-LOADER: done with conversion, anc config size is 74
10-01 17:27:29.357   989   989 D ACDB-LOADER: ACDB -> init done!
10-01 17:27:29.363   989   989 D         : csd_client_init
10-01 17:27:29.363   989   989 E         : csd_client_service_init: Invalid rx device 0, setting to handset
10-01 17:27:29.363   989   989 E         : csd_client_service_init: Invalid tx device 0, setting to handset
10-01 17:27:29.364   989   989 E Diag_Lib:  Diag_LSM_Init: Failed to open handle to diag driver, error = 2
10-01 17:27:29.366   989   989 E QMI_FW  : QMUXD: Service_id=20 not found over conn_id=0
10-01 17:27:29.382   989   989 E QMI_FW  : QMUXD: Service_id=20 not found over conn_id=0
10-01 17:27:29.380  1032  1032 W ip6tables: type=1400 audit(0.0:71): avc: granted { getattr } for path="/vendor" dev="rootfs" ino=4768 scontext=u:r:netd:s0 tcontext=u:object_r:rootfs:s0 tclass=lnk_file
10-01 17:27:29.382   989   989 E QMI_FW  : QMUXD: Service_id=20 not found over conn_id=0
10-01 17:27:29.398   989   989 E QMI_FW  : QMUXD: Service_id=20 not found over conn_id=0
10-01 17:27:29.400  1033  1033 W iptables: type=1400 audit(0.0:72): avc: granted { getattr } for path="/vendor" dev="rootfs" ino=4768 scontext=u:r:netd:s0 tcontext=u:object_r:rootfs:s0 tclass=lnk_file
10-01 17:27:29.430   989   989 E QMI_FW  : QMUXD: Service_id=20 not found over conn_id=0
10-01 17:27:29.446   989   989 E QMI_FW  : QMUXD: Service_id=20 not found over conn_id=0
10-01 17:27:29.450  1035  1035 W iptables: type=1400 audit(0.0:74): avc: granted { getattr } for path="/vendor" dev="rootfs" ino=4768 scontext=u:r:netd:s0 tcontext=u:object_r:rootfs:s0 tclass=lnk_file
10-01 17:27:29.482   994   994 I mediaserver: ServiceManager: 0xa9197540
10-01 17:27:29.482   208   280 D ThermalDaemon: Sensor 'tsens_tz_sensor4' - alarm cleared 1 at 57.0 degC
10-01 17:27:29.483   208   277 D ThermalDaemon: Sensor 'tsens_tz_sensor1' - alarm cleared 1 at 57.0 degC
10-01 17:27:29.483   994   994 W BatteryNotifier: batterystats service unavailable!
10-01 17:27:29.470  1036  1036 W ip6tables: type=1400 audit(0.0:75): avc: granted { getattr } for path="/vendor" dev="rootfs" ino=4768 scontext=u:r:netd:s0 tcontext=u:object_r:rootfs:s0 tclass=lnk_file
10-01 17:27:29.485   208   281 D ThermalDaemon: Sensor 'tsens_tz_sensor5' - alarm raised 1 at 62.0 degC
10-01 17:27:29.486   208   286 D ThermalDaemon: Sensor 'tsens_tz_sensor10' - alarm raised 1 at 66.0 degC
10-01 17:27:29.502   995   995 I Netd    : Creating child chains: 596.4ms
10-01 17:27:29.502   995   995 I Netd    : Setting up OEM hooks: 0.1ms
10-01 17:27:29.510   995   995 I Netd    : Setting up FirewallController hooks: 8.0ms
10-01 17:27:29.514   995   995 I Netd    : Setting up NatController hooks: 4.4ms
10-01 17:27:29.518   995   995 I Netd    : Setting up BandwidthController hooks: 3.8ms
10-01 17:27:29.518   995   995 I Netd    : Setting up IdletimerController hooks: 0.1ms
10-01 17:27:29.525   995   995 I Netd    : Disabling bandwidth control: 7.3ms
10-01 17:27:29.528   995   995 E Netd    : Error adding route 0.0.0.0/0 -> (null) dummy0 to table 1002: File exists
10-01 17:27:29.529   995   995 I Netd    : Initializing RouteController: 3.3ms
10-01 17:27:29.531   995   995 D MDnsDS  : MDnsSdListener::Hander starting up
10-01 17:27:29.531   995  1043 D MDnsDS  : MDnsSdListener starting to monitor
10-01 17:27:29.531   995  1043 D MDnsDS  : Going to poll with pollCount 1
10-01 17:27:29.533   995   995 I Netd    : Registering NetdNativeService: 1.5ms
10-01 17:27:29.533   995   995 I Netd    : Starting CommandListener: 0.2ms
10-01 17:27:29.534   995   995 I Netd    : Netd started in 664ms
10-01 17:27:29.606   989   989 E ext_speaker: open_speaker_bundle: DLOPEN failed for /vendor/lib/soundfx/libspeakerbundle.so
10-01 17:27:29.606   989   989 W audio_hw_primary: adev_open: DLOPEN failed for /vendor/lib/soundfx/libqcomvisualizer.so
10-01 17:27:29.606   989   989 W audio_hw_primary: adev_open: DLOPEN failed for /vendor/lib/soundfx/libqcompostprocbundle.so
10-01 17:27:29.607   989   989 W audio_hw_primary: adev_open: DLOPEN failed for libadm.so
10-01 17:27:29.607   989   989 E audio_hw_utils: audio_extn_utils_send_default_app_type_cfg: Could not get ctl for mixer cmd - App Type Config
10-01 17:27:29.607   989   989 D audio_hw_primary: adev_open: exit
10-01 17:27:29.607   989   989 W DeviceHAL: Device 0xaa7df300 get_master_volume: Function not implemented
10-01 17:27:29.607   989   989 W DeviceHAL: Device 0xaa7df300 get_master_mute: Function not implemented
10-01 17:27:29.607   989   989 W DeviceHAL: Device 0xaa7df300 set_master_volume: Function not implemented
10-01 17:27:29.607   989   989 W DeviceHAL: Device 0xaa7df300 set_master_mute: Function not implemented
