 beginning of main
10-01 17:25:23.423   164   164 W auditd  : type=2000 audit(0.0:1): initialized
10-01 17:25:24.560   164   164 I auditd  : type=1403 audit(0.0:2): policy loaded auid=4294967295 ses=4294967295
10-01 17:25:24.570   164   164 W auditd  : type=1404 audit(0.0:3): enforcing=1 old_enforcing=0 auid=4294967295 ses=4294967295
10-01 17:25:25.380   150   150 W e2fsck  : type=1400 audit(0.0:4): avc: granted { getattr } for path="/vendor" dev="rootfs" ino=4768 scontext=u:r:fsck:s0 tcontext=u:object_r:rootfs:s0 tclass=lnk_file
10-01 17:25:25.530   156   156 W e2fsck  : type=1400 audit(0.0:5): avc: granted { getattr } for path="/vendor" dev="rootfs" ino=4768 scontext=u:r:fsck:s0 tcontext=u:object_r:rootfs:s0 tclass=lnk_file
10-01 17:25:25.660   161   161 W e2fsck  : type=1400 audit(0.0:6): avc: granted { getattr } for path="/vendor" dev="rootfs" ino=4768 scontext=u:r:fsck:s0 tcontext=u:object_r:rootfs:s0 tclass=lnk_file
10-01 17:25:25.680   161   161 W e2fsck  : type=1400 audit(0.0:7): avc: denied { read } for name="mmcblk0p20" dev="tmpfs" ino=7587 scontext=u:r:fsck:s0 tcontext=u:object_r:block_device:s0 tclass=blk_file permissive=0
10-01 17:25:25.680   161   161 W e2fsck  : type=1400 audit(0.0:8): avc: denied { read write } for name="mmcblk0p20" dev="tmpfs" ino=7587 scontext=u:r:fsck:s0 tcontext=u:object_r:block_device:s0 tclass=blk_file permissive=0
10-01 17:25:25.793     0   167 I SELinux : SELinux: Loaded service_contexts from:
10-01 17:25:25.797     0   167 I SELinux :     /vndservice_contexts
10-01 17:25:25.813     0   165 I SELinux : SELinux: Loaded service_contexts from:
10-01 17:25:25.815     0   165 I SELinux :     /plat_service_contexts
10-01 17:25:25.815     0   165 I SELinux :     /nonplat_service_contexts
10-01 17:25:25.872   166   166 E hwservicemanager: BINDER_SET_INHERIT_FIFO_PRIO failed with error -1
--------- beginning of system
10-01 17:25:25.986   173   173 I vold    : Vold 3.0 (the awakening) firing up
10-01 17:25:25.986   173   173 V vold    : Detected support for: ext4 f2fs vfat
10-01 17:25:25.991   173   173 I vold    : [libfs_mgr]fs_mgr_read_fstab_dt(): failed to read fstab from dt
10-01 17:25:26.002   173   179 D vold    : e4crypt_init_user0
10-01 17:25:26.002   173   179 D vold    : e4crypt_prepare_user_storage for volume null, user 0, serial 0, flags 1
10-01 17:25:26.002   173   179 D vold    : Preparing: /data/system/users/0
10-01 17:25:26.003   173   179 D vold    : Preparing: /data/misc/profiles/cur/0
10-01 17:25:26.003   173   179 D vold    : Preparing: /data/system_de/0
10-01 17:25:26.003   173   179 D vold    : Preparing: /data/misc_de/0
10-01 17:25:26.004   173   179 D vold    : Preparing: /data/user_de/0
10-01 17:25:26.004   173   179 D vold    : e4crypt_unlock_user_key 0 serial=0 token_present=0
10-01 17:25:26.004   173   179 E vold    : Failed to chmod /data/system_ce/0: No such file or directory
10-01 17:25:26.004   173   179 E vold    : Failed to chmod /data/misc_ce/0: No such file or directory
10-01 17:25:28.400   180   180 I /system/bin/tzdatacheck: timezone distro dir /data/misc/zoneinfo/current does not exist. No action required.
10-01 17:25:28.813   186   186 W netd    : type=1400 audit(0.0:9): avc: granted { getattr } for path="/vendor" dev="rootfs" ino=4768 scontext=u:r:netd:s0 tcontext=u:object_r:rootfs:s0 tclass=lnk_file
10-01 17:25:28.904   189   189 I ServiceManagement: Removing namespace from process name android.hidl.allocator@1.0-service to allocator@1.0-s.
10-01 17:25:28.908   196   196 I kickstart-qcks: PARAMETER VALUES
10-01 17:25:28.908   196   196 I kickstart-qcks: COMPORT_DLOAD=/dev/ttyHSL1
10-01 17:25:28.908   196   196 I kickstart-qcks: COMPORT_SAHARA=/dev/ks_hsic_bridge
10-01 17:25:28.908   196   196 I kickstart-qcks: PATHTOIMAGES=/firmware/image/
10-01 17:25:28.908   196   196 I kickstart-qcks: PATHFORRAMDUMP=/data/tombstones/mdm/
10-01 17:25:28.908   196   196 I kickstart-qcks: EFSRAW1=/dev/block/platform/msm_sdcc.1/by-name/m9kefs1
10-01 17:25:28.908   196   196 I kickstart-qcks: EFSRAW2=/dev/block/platform/msm_sdcc.1/by-name/m9kefs2
10-01 17:25:28.908   196   196 I kickstart-qcks: EFSRAW3=/dev/block/platform/msm_sdcc.1/by-name/m9kefs3
10-01 17:25:28.908   196   196 I kickstart-qcks: Header1=efs1.mbn
10-01 17:25:28.908   196   196 I kickstart-qcks: Header2=efs2.mbn
10-01 17:25:28.908   196   196 I kickstart-qcks: Header3=efs3.mbn
10-01 17:25:28.909   196   196 I kickstart-qcks: Testing if port "/dev/mdm" exists
10-01 17:25:28.909   196   196 I kickstart-qcks: Trying to bring MDM9K out of reset
10-01 17:25:28.916   186   186 I Netd    : Netd 1.0 starting
10-01 17:25:28.916   186   186 D TetherController: Setting IP forward enable = 0
10-01 17:25:28.924   198   198 I lowmemorykiller: Using in-kernel low memory killer interface
10-01 17:25:28.993   195   195 E rmt_storage: Remote storage service is not supported on mdm target
10-01 17:25:28.993   192   192 I ServiceManagement: Removing namespace from process name android.hardware.usb@1.0-service to usb@1.0-service.
10-01 17:25:29.013   216   216 W keystore: type=1400 audit(0.0:10): avc: granted { getattr } for path="/vendor" dev="rootfs" ino=4768 scontext=u:r:keystore:s0 tcontext=u:object_r:rootfs:s0 tclass=lnk_file
10-01 17:25:29.014   190   190 I ServiceManagement: Removing namespace from process name android.hardware.configstore@1.0-service to configstore@1.0.
10-01 17:25:29.025   197   197 D QSEECOMD: : qseecom listener services process entry PPID = 1
10-01 17:25:29.032   192   192 I android.hardware.usb@1.0-service: USB HAL Ready.
10-01 17:25:29.046   197   197 D QSEECOMD: : Parent qseecom daemon process paused!! 
10-01 17:25:29.049   233   233 D QSEECOMD: : QSEECOM DAEMON RUNNING 
10-01 17:25:29.049   233   233 D QSEECOMD: : qseecom listener service threads starting!!! 
10-01 17:25:29.049   233   233 D QSEECOMD: : Total listener services to start = 2
10-01 17:25:29.051   210   210 I bdAddrLoader: option : f=/persist/bluetooth/.bdaddr
10-01 17:25:29.051   210   210 I bdAddrLoader: option : h
10-01 17:25:29.051   210   210 I bdAddrLoader: option : x
10-01 17:25:29.051   210   210 I bdAddrLoader: Read From /persist/bluetooth/.bdaddr by Path type(0x11), Data type (0x21)
10-01 17:25:29.051   209   209 I ANDR-PERF-LOCK: Listener starting
10-01 17:25:29.051   209   209 I MP-Decision: MPDecision server starting
10-01 17:25:29.054   209   209 I MP-Decision: OPTION ENABLED: Control sleep modes
10-01 17:25:29.054   209   209 I MP-Decision: OPTION ENABLED: Adjusting average
10-01 17:25:29.054   209   209 I MP-Decision: Decision parameters CPU 0: Nw=0.000000, Tw=0, Ns=0.000000, Ts=0
10-01 17:25:29.054   209   209 I MP-Decision: util_h_and=0, util_h_or=0, util_low=0
10-01 17:25:29.054   209   209 I MP-Decision: Decision parameters CPU 1: Nw=1.900000, Tw=140, Ns=1.100000, Ts=190
10-01 17:25:29.054   209   209 I MP-Decision: util_h_and=35, util_h_or=75, util_low=20
10-01 17:25:29.054   209   209 I MP-Decision: Decision parameters CPU 2: Nw=2.700000, Tw=90, Ns=2.100000, Ts=240
10-01 17:25:29.054   209   209 I MP-Decision: util_h_and=0, util_h_or=400, util_low=0
10-01 17:25:29.054   209   209 I MP-Decision: Decision parameters CPU 3: Nw=3.500000, Tw=90, Ns=3.100000, Ts=240
10-01 17:25:29.054   209   209 I MP-Decision: util_h_and=0, util_h_or=400, util_low=0
10-01 17:25:29.054   209   209 I MP-Decision: Decision parameters: poll_ms: 9 decision_ms: 50
10-01 17:25:29.078   166   166 W /system/bin/hwservicemanager: getTransportFromManifest: Cannot find entry android.hardware.health@1.0::IHealth in either framework or device manifest, using default transport.
10-01 17:25:29.087   233   233 D QSEECOMD: : Init dlopen(libdrmtime.so, RTLD_NOW) succeeds
10-01 17:25:29.087   233   233 D QSEECOMD: : Init::Init dlsym(g_FSHandle atime_start) succeeds
10-01 17:25:29.087   233   233 D QSEECOMAPI: : QSEECom_register_listener 11 sb_length = 0x5000
10-01 17:25:29.088   233   233 D QSEECOMD: : Init atime_start ret = 0
10-01 17:25:29.088   233   233 D QSEECOMD: : time services: Started
10-01 17:25:29.088   233   233 D QSEECOMD: : Init dlopen(libdrmfs.so, RTLD_NOW) succeeds
10-01 17:25:29.088   233   233 D QSEECOMD: : Init::Init dlsym(g_FSHandle fs_start) succeeds
10-01 17:25:29.088   233   233 D QSEECOMAPI: : QSEECom_register_listener 10 sb_length = 0x5000
10-01 17:25:29.089   233   233 D QSEECOMD: : Init fs_start ret = 0
10-01 17:25:29.089   233   233 D QSEECOMD: : file system services: Started
10-01 17:25:29.096   210   210 I bdAddrLoader: Output Data type(0x22), bPrintout(1), bPath((null))
10-01 17:25:29.096   210   210 I bdAddrLoader: Loaded Data type(0x21)
10-01 17:25:29.096   210   210 I bdAddrLoader: hex_to_ascii() - converted Data (10683FDBCC67)
10-01 17:25:29.132   215   215 I installd: installd firing up
10-01 17:25:29.151   191   191 E android.hardware.nfc@1.0-impl: hw_get_module nfc_nci failed: -2
10-01 17:25:29.151   191   191 E android.hardware.nfc@1.0-impl: Passthrough failed to load legacy HAL.
10-01 17:25:29.152   191   191 E android.hardware.nfc@1.0-service: Could not get passthrough implementation for android.hardware.nfc@1.0::INfc/default.
10-01 17:25:29.200   207   207 E Diag_Lib:  Diag_LSM_Init: Failed to open handle to diag driver, error = 2
10-01 17:25:29.209   206   206 E Diag_Lib:  Diag_LSM_Init: Failed to open handle to diag driver, error = 2
10-01 17:25:29.210   227   227 E Diag_Lib:  Diag_LSM_Init: Failed to open handle to diag driver, error = 2
10-01 17:25:29.210   227   227 E Sensors : sns_fsa_la.c(386):fsa: fflush failed, 9
10-01 17:25:29.211   227   227 E Sensors : sns_fsa_la.c(386):fsa: fflush failed, 9
10-01 17:25:29.216   232   232 I /system/bin/tombstoned: tombstoned successfully initialized
10-01 17:25:29.219   193   193 I android.hardware.wifi@1.0-service: Wifi Hal is starting up...
10-01 17:25:29.220   193   193 I ServiceManagement: Removing namespace from process name android.hardware.wifi@1.0-service to wifi@1.0-servic.
10-01 17:25:29.222   208   208 D ThermalDaemon: Thermal daemon started
10-01 17:25:29.223   245   245 W iptables-restor: type=1400 audit(0.0:11): avc: granted { getattr } for path="/vendor" dev="rootfs" ino=4768 scontext=u:r:netd:s0 tcontext=u:object_r:rootfs:s0 tclass=lnk_file
10-01 17:25:29.227   224   224 I wificond: wificond is starting up...
10-01 17:25:29.464   208   208 D ThermalDaemon: Number of gpus :1
10-01 17:25:29.467   208   270 E Diag_Lib:  Diag_LSM_Init: Failed to open handle to diag driver, error = 2
10-01 17:25:29.477   208   276 D ThermalDaemon: Sensor 'tsens_tz_sensor0' - alarm raised 1 at 50.0 degC
10-01 17:25:29.503   266   266 W ip6tables-resto: type=1400 audit(0.0:12): avc: granted { getattr } for path="/vendor" dev="rootfs" ino=4768 scontext=u:r:netd:s0 tcontext=u:object_r:rootfs:s0 tclass=lnk_file
10-01 17:25:29.523   290   290 W iptables: type=1400 audit(0.0:13): avc: granted { getattr } for path="/vendor" dev="rootfs" ino=4768 scontext=u:r:netd:s0 tcontext=u:object_r:rootfs:s0 tclass=lnk_file
10-01 17:25:29.536   231   231 I gatekeeperd: Starting gatekeeperd...
10-01 17:25:29.539   166   166 W /system/bin/hwservicemanager: getTransportFromManifest: Cannot find entry android.hardware.gatekeeper@1.0::IGatekeeper in either framework or device manifest, using default transport.
10-01 17:25:29.540   231   231 W gatekeeperd: falling back to software GateKeeper
10-01 17:25:29.540   231   231 I gatekeeperd: cold boot: clearing state
10-01 17:25:29.543   292   292 W ip6tables: type=1400 audit(0.0:14): avc: granted { getattr } for path="/vendor" dev="rootfs" ino=4768 scontext=u:r:netd:s0 tcontext=u:object_r:rootfs:s0 tclass=lnk_file
10-01 17:25:29.563   293   293 W iptables: type=1400 audit(0.0:15): avc: granted { getattr } for path="/vendor" dev="rootfs" ino=4768 scontext=u:r:netd:s0 tcontext=u:object_r:rootfs:s0 tclass=lnk_file
10-01 17:25:29.594   296   296 W ip6tables: type=1400 audit(0.0:16): avc: granted { getattr } for path="/vendor" dev="rootfs" ino=4768 scontext=u:r:netd:s0 tcontext=u:object_r:rootfs:s0 tclass=lnk_file
10-01 17:25:29.597   228   228 E linker  : "/system/vendor/lib/libmmjpeg.so" has text relocations
10-01 17:25:29.598   267   267 I WifiUtil: Intf0MacAddress=000AF58989FF
10-01 17:25:29.598   267   267 E WifiUtil: Change Intf0MacAddress=E892A4983175
--------- beginning of crash
10-01 17:25:29.599   228   228 F libc    : CANNOT LINK EXECUTABLE "/vendor/bin/mm-qcamera-daemon": "/system/vendor/lib/libmmjpeg.so" has text relocations
10-01 17:25:29.599   228   228 F libc    : Fatal signal 6 (SIGABRT), code -6 in tid 228 (mm-qcamera-daem)
10-01 17:25:29.614   299   299 W iptables: type=1400 audit(0.0:17): avc: granted { getattr } for path="/vendor" dev="rootfs" ino=4768 scontext=u:r:netd:s0 tcontext=u:object_r:rootfs:s0 tclass=lnk_file
10-01 17:25:29.621   227   298 W Sensors : sns_smr_la.c(446):smr_la: smr_apps_la_thread_main is starting, fd=10, sns_smr.en_rx_msg_ptr=af998a08
10-01 17:25:29.634   301   301 W ip6tables: type=1400 audit(0.0:18): avc: granted { getattr } for path="/vendor" dev="rootfs" ino=4768 scontext=u:r:netd:s0 tcontext=u:object_r:rootfs:s0 tclass=lnk_file
10-01 17:25:29.654   302   302 W iptables: type=1400 audit(0.0:19): avc: granted { getattr } for path="/vendor" dev="rootfs" ino=4768 scontext=u:r:netd:s0 tcontext=u:object_r:rootfs:s0 tclass=lnk_file
10-01 17:25:29.660   166   166 W /system/bin/hwservicemanager: getTransportFromManifest: Cannot find entry android.hardware.keymaster@3.0::IKeymasterDevice in either framework or device manifest, using default transport.
10-01 17:25:29.664   304   304 W ip6tables: type=1400 audit(0.0:20): avc: granted { getattr } for path="/vendor" dev="rootfs" ino=4768 scontext=u:r:netd:s0 tcontext=u:object_r:rootfs:s0 tclass=lnk_file
10-01 17:25:29.676   217   217 I mediaserver: ServiceManager: 0xa7c174a0
10-01 17:25:29.684   305   305 W iptables: type=1400 audit(0.0:21): avc: granted { getattr } for path="/vendor" dev="rootfs" ino=4768 scontext=u:r:netd:s0 tcontext=u:object_r:rootfs:s0 tclass=lnk_file
10-01 17:25:29.704   306   306 W ip6tables: type=1400 audit(0.0:22): avc: granted { getattr } for path="/vendor" dev="rootfs" ino=4768 scontext=u:r:netd:s0 tcontext=u:object_r:rootfs:s0 tclass=lnk_file
10-01 17:25:29.724   307   307 W iptables: type=1400 audit(0.0:23): avc: granted { getattr } for path="/vendor" dev="rootfs" ino=4768 scontext=u:r:netd:s0 tcontext=u:object_r:rootfs:s0 tclass=lnk_file
10-01 17:25:29.734   308   308 W ip6tables: type=1400 audit(0.0:24): avc: granted { getattr } for path="/vendor" dev="rootfs" ino=4768 scontext=u:r:netd:s0 tcontext=u:object_r:rootfs:s0 tclass=lnk_file
10-01 17:25:29.754   309   309 W iptables: type=1400 audit(0.0:25): avc: granted { getattr } for path="/vendor" dev="rootfs" ino=4768 scontext=u:r:netd:s0 tcontext=u:object_r:rootfs:s0 tclass=lnk_file
10-01 17:25:29.774   310   310 W ip6tables: type=1400 audit(0.0:26): avc: granted { getattr } for path="/vendor" dev="rootfs" ino=4768 scontext=u:r:netd:s0 tcontext=u:object_r:rootfs:s0 tclass=lnk_file
10-01 17:25:29.779   216   216 I android.hardware.keymaster@3.0-impl: Fetching keymaster device name default
10-01 17:25:29.798   186   186 I Netd    : Creating child chains: 722.1ms
10-01 17:25:29.799   186   186 I Netd    : Setting up OEM hooks: 0.2ms
10-01 17:25:29.804   186   186 I Netd    : Setting up FirewallController hooks: 6.0ms
10-01 17:25:29.808   186   186 I Netd    : Setting up NatController hooks: 3.3ms
10-01 17:25:29.811   186   186 I Netd    : Setting up BandwidthController hooks: 3.3ms
10-01 17:25:29.811   186   186 I Netd    : Setting up IdletimerController hooks: 0.1ms
10-01 17:25:29.818   186   186 I Netd    : Disabling bandwidth control: 6.4ms
10-01 17:25:29.821   186   186 I Netd    : Initializing RouteController: 3.6ms
10-01 17:25:29.823   186   186 D MDnsDS  : MDnsSdListener::Hander starting up
10-01 17:25:29.823   186   317 D MDnsDS  : MDnsSdListener starting to monitor
10-01 17:25:29.823   186   317 D MDnsDS  : Going to poll with pollCount 1
10-01 17:25:29.824   186   186 I Netd    : Registering NetdNativeService: 1.3ms
10-01 17:25:29.825   186   186 I Netd    : Starting CommandListener: 0.2ms
10-01 17:25:29.825   186   186 I Netd    : Netd started in 909ms
10-01 17:25:29.849   322   322 I crash_dump32: obtaining output fd from tombstoned
10-01 17:25:29.850   232   232 I /system/bin/tombstoned: received crash request for pid 228
10-01 17:25:29.850   322   322 I crash_dump32: performing dump of process 228 (target tid = 228)
10-01 17:25:29.852   228   228 F libc    : failed to resend signal during crash: Operation not permitted
10-01 17:25:29.852   322   322 E DEBUG   : unexpected waitpid response: n=228, status=00000100
10-01 17:25:29.853   232   232 W /system/bin/tombstoned: crash socket received short read of length 0 (expected 8)
10-01 17:25:29.879   216   216 I android.hardware.keymaster@3.0-impl: Found keymaster0 module Keymaster QCOM HAL, version 3
10-01 17:25:29.881   216   216 D QSEECOMAPI: : QSEECom_start_app sb_length = 0x2000
10-01 17:25:29.881   216   216 D QSEECOMAPI: : App is not loaded in QSEE
10-01 17:25:29.959   267   267 I WifiUtil: We don't need to write the default value for NvFilelds
10-01 17:25:30.051   216   216 D QSEECOMAPI: : Loaded image: APP id = 1
10-01 17:25:30.051   216   216 D android.hardware.keymaster@3.0-impl: Wrapping keymaster0 module Keymaster QCOM HAL with SoftKeymasterDevice
10-01 17:25:30.059   166   166 W /system/bin/hwservicemanager: getTransportFromManifest: Cannot find entry android.hardware.configstore@1.0::ISurfaceFlingerConfigs in either framework or device manifest, using default transport.
10-01 17:25:30.066   199   199 I /system/bin/surfaceflinger: android::hardware::configstore::V1_0::ISurfaceFlingerConfigs::maxFrameBufferAcquiredBuffers retrieved: 2 (default)
10-01 17:25:30.069   166   166 W /system/bin/hwservicemanager: getTransportFromManifest: Cannot find entry android.hardware.configstore@1.0::ISurfaceFlingerConfigs in either framework or device manifest, using default transport.
10-01 17:25:30.075   199   199 I /system/bin/surfaceflinger: android::hardware::configstore::V1_0::ISurfaceFlingerConfigs::startGraphicsAllocatorService retrieved: 0
10-01 17:25:30.078   199   199 I SurfaceFlinger: SurfaceFlinger is starting
10-01 17:25:30.078   166   166 W /system/bin/hwservicemanager: getTransportFromManifest: Cannot find entry android.hardware.configstore@1.0::ISurfaceFlingerConfigs in either framework or device manifest, using default transport.
10-01 17:25:30.080   199   199 I /system/bin/surfaceflinger: android::hardware::configstore::V1_0::ISurfaceFlingerConfigs::vsyncEventPhaseOffsetNs retrieved: 1000000 (default)
10-01 17:25:30.081   166   166 W /system/bin/hwservicemanager: getTransportFromManifest: Cannot find entry android.hardware.configstore@1.0::ISurfaceFlingerConfigs in either framework or device manifest, using default transport.
10-01 17:25:30.082   199   199 I /system/bin/surfaceflinger: android::hardware::configstore::V1_0::ISurfaceFlingerConfigs::vsyncSfEventPhaseOffsetNs retrieved: 1000000 (default)
10-01 17:25:30.083   166   166 W /system/bin/hwservicemanager: getTransportFromManifest: Cannot find entry android.hardware.configstore@1.0::ISurfaceFlingerConfigs in either framework or device manifest, using default transport.
10-01 17:25:30.084   199   199 I /system/bin/surfaceflinger: android::hardware::configstore::V1_0::ISurfaceFlingerConfigs::maxVirtualDisplaySize retrieved: 0 (default)
10-01 17:25:30.085   166   166 W /system/bin/hwservicemanager: getTransportFromManifest: Cannot find entry android.hardware.configstore@1.0::ISurfaceFlingerConfigs in either framework or device manifest, using default transport.
10-01 17:25:30.085   226   226 E Diag_Lib:  Diag_LSM_Init: Failed to open handle to diag driver, error = 2
10-01 17:25:30.087   199   199 I /system/bin/surfaceflinger: android::hardware::configstore::V1_0::ISurfaceFlingerConfigs::hasSyncFramework retrieved: 1
10-01 17:25:30.088   166   166 W /system/bin/hwservicemanager: getTransportFromManifest: Cannot find entry android.hardware.configstore@1.0::ISurfaceFlingerConfigs in either framework or device manifest, using default transport.
10-01 17:25:30.094   199   199 I /system/bin/surfaceflinger: android::hardware::configstore::V1_0::ISurfaceFlingerConfigs::useContextPriority retrieved: 0 (default)
10-01 17:25:30.094   166   166 W /system/bin/hwservicemanager: getTransportFromManifest: Cannot find entry android.hardware.configstore@1.0::ISurfaceFlingerConfigs in either framework or device manifest, using default transport.
10-01 17:25:30.095   226   331 E Diag_Lib:  Diag_LSM_Init: Failed to open handle to diag driver, error = 2
10-01 17:25:30.096   199   199 I /system/bin/surfaceflinger: android::hardware::configstore::V1_0::ISurfaceFlingerConfigs::presentTimeOffsetFromVSyncNs retrieved: 0
10-01 17:25:30.098   166   166 W /system/bin/hwservicemanager: getTransportFromManifest: Cannot find entry android.hardware.configstore@1.0::ISurfaceFlingerConfigs in either framework or device manifest, using default transport.
10-01 17:25:30.100   199   199 I /system/bin/surfaceflinger: android::hardware::configstore::V1_0::ISurfaceFlingerConfigs::useHwcForRGBtoYUV retrieved: 0
10-01 17:25:30.100   199   199 I /system/bin/surfaceflinger: android::hardware::configstore::V1_0::ISurfaceFlingerConfigs::maxFrameBufferAcquiredBuffers retrieved: 2 (default)
10-01 17:25:30.100   199   199 I SurfaceFlinger: Enabling HWC virtual displays
10-01 17:25:30.100   199   199 I SurfaceFlinger: Disabling Triple Buffering
10-01 17:25:30.100   199   199 I SurfaceFlinger: SurfaceFlinger's main thread ready to run. Initializing graphics H/W...
10-01 17:25:30.212   199   199 I vndksupport: sphal namespace is not configured for this process. Loading /vendor/lib/egl/libEGL_adreno.so from the current namespace instead.
10-01 17:25:30.290   199   199 D libEGL  : loaded /vendor/lib/egl/libEGL_adreno.so
10-01 17:25:30.290   199   199 I vndksupport: sphal namespace is not configured for this process. Loading /vendor/lib/egl/libGLESv1_CM_adreno.so from the current namespace instead.
10-01 17:25:30.304   221   221 I mediametrics: ServiceManager: 0xad417520
10-01 17:25:30.304   221   221 D MediaAnalyticsService: MediaAnalyticsService created
10-01 17:25:30.304   221   221 D MediaAnalyticsService: MediaAnalyticsService::newSummarizerSet
10-01 17:25:30.308   199   199 D libEGL  : loaded /vendor/lib/egl/libGLESv1_CM_adreno.so
10-01 17:25:30.333   199   199 I vndksupport: sphal namespace is not configured for this process. Loading /vendor/lib/egl/libGLESv2_adreno.so from the current namespace instead.
10-01 17:25:30.395   222   222 I mediaserver: ServiceManager: 0xabf97540
10-01 17:25:30.428   225   225 I /vendor/bin/hw/android.hardware.media.omx@1.0-service: mediacodecservice starting
10-01 17:25:30.449   222   222 W BatteryNotifier: batterystats service unavailable!
10-01 17:25:30.468   225   225 W /vendor/bin/hw/android.hardware.media.omx@1.0-service: Could not read additional policy file '/vendor/etc/seccomp_policy/mediacodec.policy'
10-01 17:25:30.468   225   225 W /vendor/bin/hw/android.hardware.media.omx@1.0-service: libminijail[225]: allowing syscall: clock_gettime
10-01 17:25:30.468   225   225 W /vendor/bin/hw/android.hardware.media.omx@1.0-service: libminijail[225]: allowing syscall: connect
10-01 17:25:30.468   225   225 W /vendor/bin/hw/android.hardware.media.omx@1.0-service: libminijail[225]: allowing syscall: fcntl64
10-01 17:25:30.468   225   225 W /vendor/bin/hw/android.hardware.media.omx@1.0-service: libminijail[225]: allowing syscall: socket
10-01 17:25:30.468   225   225 W /vendor/bin/hw/android.hardware.media.omx@1.0-service: libminijail[225]: allowing syscall: writev
10-01 17:25:30.469   225   225 W /vendor/bin/hw/android.hardware.media.omx@1.0-service: libminijail[225]: logging seccomp filter failures
10-01 17:25:30.471   225   225 I /vendor/bin/hw/android.hardware.media.omx@1.0-service: Non-Treble OMX service created.
10-01 17:25:30.502   199   199 D libEGL  : loaded /vendor/lib/egl/libGLESv2_adreno.so
10-01 17:25:30.556   199   199 I Adreno-EGL: <qeglDrvAPI_eglInitialize:379>: QUALCOMM Build: 10/21/15, 369a2ea, I96aee987eb
10-01 17:25:30.560   199   199 I vndksupport: sphal namespace is not configured for this process. Loading /vendor/lib/hw/gralloc.msm8960.so from the current namespace instead.
10-01 17:25:30.567   199   199 I qdgralloc: using (fd=13)
10-01 17:25:30.567   199   199 I qdgralloc: id           = msmfb44_80601
10-01 17:25:30.567   199   199 I qdgralloc: xres         = 768 px
10-01 17:25:30.567   199   199 I qdgralloc: yres         = 1280 px
10-01 17:25:30.567   199   199 I qdgralloc: xres_virtual = 768 px
10-01 17:25:30.567   199   199 I qdgralloc: yres_virtual = 3840 px
10-01 17:25:30.567   199   199 I qdgralloc: bpp          = 32
10-01 17:25:30.567   199   199 I qdgralloc: r            = 24:8
10-01 17:25:30.567   199   199 I qdgralloc: g            = 16:8
10-01 17:25:30.567   199   199 I qdgralloc: b            =  8:8
10-01 17:25:30.567   199   199 I qdgralloc: width        = 122 mm (159.895081 dpi)
10-01 17:25:30.567   199   199 I qdgralloc: height       = 203 mm (160.157639 dpi)
10-01 17:25:30.567   199   199 I qdgralloc: refresh rate = 60.00 Hz
10-01 17:25:30.567   199   199 D qdutils : DEBUG_CALC_FPS: 0
10-01 17:25:30.567   199   199 D qdutils : period: 10
10-01 17:25:30.567   199   199 D qdutils : ignorethresh_us: 500000
10-01 17:25:30.567   199   199 D qdutils : DEBUG_CALC_FPS: 0
10-01 17:25:30.567   199   199 D qdutils : period: 10
10-01 17:25:30.567   199   199 D qdutils : ignorethresh_us: 500000
10-01 17:25:30.577   199   199 I vndksupport: sphal namespace is not configured for this process. Loading /vendor/lib/hw/hwcomposer.msm8960.so from the current namespace instead.
10-01 17:25:30.628   227   311 W Sensors : sns_sam_app.c(6827):sns_sam_reg_algo: Registering algo service 16, err 0
10-01 17:25:30.630   212   212 I cameraserver: ServiceManager: 0xb0d974e0
10-01 17:25:30.631   212   212 I CameraService: CameraService started (pid=212)
10-01 17:25:30.631   212   212 I CameraService: CameraService process starting
10-01 17:25:30.631   212   212 W BatteryNotifier: batterystats service unavailable!
10-01 17:25:30.631   212   212 W BatteryNotifier: batterystats service unavailable!
10-01 17:25:30.634   166   166 W /system/bin/hwservicemanager: getTransportFromManifest: Cannot find entry android.hardware.camera.provider@2.4::ICameraProvider in either framework or device manifest, using default transport.
10-01 17:25:30.695   227   227 W sensors.qcom: type=1400 audit(0.0:27): avc: denied { search } for name="app" dev="mmcblk0p23" ino=472353 scontext=u:r:sensors:s0 tcontext=u:object_r:apk_data_file:s0 tclass=dir permissive=0
10-01 17:25:30.695   227   227 I chatty  : uid=3011(sensors) /vendor/bin/sensors.qcom identical 2 lines
10-01 17:25:30.695   227   227 W sensors.qcom: type=1400 audit(0.0:30): avc: denied { search } for name="app" dev="mmcblk0p23" ino=472353 scontext=u:r:sensors:s0 tcontext=u:object_r:apk_data_file:s0 tclass=dir permissive=0
10-01 17:25:30.696   211   211 I FastMixerState: sMaxFastTracks = 8
10-01 17:25:30.698   211   211 I audioserver: ServiceManager: 0xa80974a0
10-01 17:25:30.699   211   211 W BatteryNotifier: batterystats service unavailable!
10-01 17:25:30.700   166   166 W /system/bin/hwservicemanager: getTransportFromManifest: Cannot find entry android.hardware.audio@2.0::IDevicesFactory in either framework or device manifest, using default transport.
10-01 17:25:30.703   227   227 E Sensors : sns_debug_main.c(1070):Sensors DIAG Init: can't init debug file
10-01 17:25:30.703   227   355 E Sensors : sns_debug_main.c(565):Debug Config File missing in EFS!
10-01 17:25:30.704   218   218 V MediaUtils: physMem: 1923502080
10-01 17:25:30.704   218   218 V MediaUtils: requested limit: 384700400
10-01 17:25:30.704   227   227 E Sensors : sns_main.c(814):bind error 13
10-01 17:25:30.704   218   218 V MediaUtils: actual limit: 384700400
10-01 17:25:30.704   218   218 V MediaUtils: original limits: 4294967295/4294967295
10-01 17:25:30.704   218   218 V MediaUtils: new limits: 384700400/4294967295
10-01 17:25:30.704   218   218 I vndksupport: sphal namespace is not configured for this process. Loading libutils.so from the current namespace instead.
10-01 17:25:30.704   227   227 E Sensors : sns_main.c(814):bind error 13
10-01 17:25:30.933   199   199 D qdoverlay: initoverlay:: opening the device:: /dev/graphics/fb0
10-01 17:25:30.933   199   199 D qdoverlay: initoverlay:: opening the device:: /dev/graphics/fb1
10-01 17:25:30.933   199   199 D qdoverlay: initoverlay:: opening the device:: /dev/graphics/fb2
10-01 17:25:30.943   196   196 I kickstart-qcks: EFS Prepend
10-01 17:25:30.963   199   199 D qdoverlay: initoverlay:: opening the device:: /dev/graphics/fb0
10-01 17:25:30.963   199   199 D qdoverlay: initoverlay:: opening the device:: /dev/graphics/fb1
10-01 17:25:30.963   199   199 D qdoverlay: initoverlay:: opening the device:: /dev/graphics/fb2
10-01 17:25:30.995   199   199 I qdhwcomposer: Initializing Qualcomm Hardware Composer
10-01 17:25:30.995   199   199 I qdhwcomposer: MDP version: 440
10-01 17:25:30.995   199   199 D qdhwcomposer: connectPPDaemon: CABL is disabled
10-01 17:25:30.995   199   199 I SurfaceFlinger: Using composer version 1.2
10-01 17:25:30.995   199   199 I qdhwcomposer: hwc_registerProcs
10-01 17:25:30.995   199   199 I qdhwcomposer: Initializing UEVENT Thread
10-01 17:25:30.995   199   199 I qdhwcomposer: Initializing VSYNC Thread
10-01 17:25:30.995   199   199 D qdhwcomposer: hwc_getDisplayAttributes disp = 0, width = 768
10-01 17:25:30.995   199   199 D qdhwcomposer: hwc_getDisplayAttributes disp = 0, height = 1280
10-01 17:25:31.002   199   199 I SurfaceFlinger: EGL information:
10-01 17:25:31.002   199   199 I SurfaceFlinger: vendor    : Android
10-01 17:25:31.002   199   199 I SurfaceFlinger: version   : 1.4 Android META-EGL
10-01 17:25:31.002   199   199 I SurfaceFlinger: extensions: EGL_KHR_get_all_proc_addresses EGL_ANDROID_presentation_time EGL_KHR_swap_buffers_with_damage EGL_ANDROID_get_native_client_buffer EGL_ANDROID_front_buffer_auto_refresh EGL_ANDROID_get_frame_timestamps EGL_KHR_image EGL_KHR_image_base EGL_KHR_lock_surface EGL_KHR_gl_colorspace EGL_KHR_gl_texture_2D_image EGL_KHR_gl_texture_3D_image EGL_KHR_gl_texture_cubemap_image EGL_KHR_gl_renderbuffer_image EGL_KHR_fence_sync EGL_KHR_create_context EGL_EXT_create_context_robustness EGL_ANDROID_image_native_buffer EGL_KHR_wait_sync EGL_ANDROID_recordable EGL_KHR_partial_update EGL_IMG_context_priority 
10-01 17:25:31.002   199   199 I SurfaceFlinger: Client API: OpenGL_ES
10-01 17:25:31.002   199   199 I SurfaceFlinger: EGLSurface: 8-8-8-8, config=0x5
10-01 17:25:31.004   199   199 I SurfaceFlinger: OpenGL ES informations:
10-01 17:25:31.004   199   199 I SurfaceFlinger: vendor    : Qualcomm
10-01 17:25:31.004   199   199 I SurfaceFlinger: renderer  : Adreno (TM) 320
10-01 17:25:31.004   199   199 I SurfaceFlinger: version   : OpenGL ES 3.0 V@127.0 AU@  (GIT@I96aee987eb)
10-01 17:25:31.004   199   199 I SurfaceFlinger: extensions: GL_AMD_compressed_ATC_texture GL_AMD_performance_monitor GL_AMD_program_binary_Z400 GL_EXT_debug_label GL_EXT_debug_marker GL_EXT_discard_framebuffer GL_EXT_robustness GL_EXT_texture_format_BGRA8888 GL_EXT_texture_type_2_10_10_10_REV GL_NV_fence GL_OES_compressed_ETC1_RGB8_texture GL_OES_depth_texture GL_OES_depth24 GL_OES_EGL_image GL_OES_EGL_sync GL_OES_EGL_image_external GL_OES_element_index_uint GL_OES_fbo_render_mipmap GL_OES_fragment_precision_high GL_OES_get_program_binary GL_OES_packed_depth_stencil GL_OES_depth_texture_cube_map GL_OES_rgb8_rgba8 GL_OES_standard_derivatives GL_OES_texture_3D GL_OES_texture_float GL_OES_texture_half_float GL_OES_texture_half_float_linear GL_OES_texture_npot GL_OES_vertex_half_float GL_OES_vertex_type_10_10_10_2 GL_OES_vertex_array_object GL_QCOM_alpha_test GL_QCOM_binning_control GL_QCOM_driver_control GL_QCOM_perfmon_global_mode GL_QCOM_extended_get GL_QCOM_extended_get2 GL_QCOM_tiled_rendering GL_QCOM_writeonly_rendering GL_EXT_sRGB GL_EXT_sRGB_write_con
10-01 17:25:31.004   199   199 I SurfaceFlinger: GL_MAX_TEXTURE_SIZE = 4096
10-01 17:25:31.004   199   199 I SurfaceFlinger: GL_MAX_VIEWPORT_DIMS = 4096
10-01 17:25:31.009   199   199 I SurfaceFlinger: EGL information:
10-01 17:25:31.009   199   199 I SurfaceFlinger: vendor    : Android
10-01 17:25:31.009   199   199 I SurfaceFlinger: version   : 1.4 Android META-EGL
10-01 17:25:31.009   199   199 I SurfaceFlinger: extensions: EGL_KHR_get_all_proc_addresses EGL_ANDROID_presentation_time EGL_KHR_swap_buffers_with_damage EGL_ANDROID_get_native_client_buffer EGL_ANDROID_front_buffer_auto_refresh EGL_ANDROID_get_frame_timestamps EGL_KHR_image EGL_KHR_image_base EGL_KHR_lock_surface EGL_KHR_gl_colorspace EGL_KHR_gl_texture_2D_image EGL_KHR_gl_texture_3D_image EGL_KHR_gl_texture_cubemap_image EGL_KHR_gl_renderbuffer_image EGL_KHR_fence_sync EGL_KHR_create_context EGL_EXT_create_context_robustness EGL_ANDROID_image_native_buffer EGL_KHR_wait_sync EGL_ANDROID_recordable EGL_KHR_partial_update EGL_IMG_context_priority 
10-01 17:25:31.009   199   199 I SurfaceFlinger: Client API: OpenGL_ES
10-01 17:25:31.009   199   199 I SurfaceFlinger: EGLSurface: 8-8-8-8, config=0x5
10-01 17:25:31.009   199   199 W Adreno-EGL: <qeglDrvAPI_eglGetConfigAttrib:607>: EGL_BAD_ATTRIBUTE
10-01 17:25:31.010   199   199 I vndksupport: sphal namespace is not configured for this process. Loading /vendor/lib/hw/gralloc.msm8960.so from the current namespace instead.
10-01 17:25:31.872   218   218 W /system/bin/mediaextractor: Could not read additional policy file '/vendor/etc/seccomp_policy/mediaextractor.policy'
10-01 17:25:31.872   218   218 W /system/bin/mediaextractor: libminijail[218]: allowing syscall: clock_gettime
10-01 17:25:31.872   218   218 W /system/bin/mediaextractor: libminijail[218]: allowing syscall: connect
10-01 17:25:31.872   218   218 W /system/bin/mediaextractor: libminijail[218]: allowing syscall: fcntl64
10-01 17:25:31.872   218   218 W /system/bin/mediaextractor: libminijail[218]: allowing syscall: socket
10-01 17:25:31.872   218   218 W /system/bin/mediaextractor: libminijail[218]: allowing syscall: writev
10-01 17:25:31.873   218   218 W /system/bin/mediaextractor: libminijail[218]: logging seccomp filter failures
10-01 17:25:31.900   196   196 I kickstart-qcks: File:'/firmware/image/efs1.mbn' is available for reading
10-01 17:25:31.900   196   196 I kickstart-qcks: File:'/firmware/image/efs2.mbn' is available for reading
10-01 17:25:31.900   196   196 I kickstart-qcks: File:'/dev/block/platform/msm_sdcc.1/by-name/m9kefs1' is available for reading
10-01 17:25:31.900   196   196 I kickstart-qcks: File:'/dev/block/platform/msm_sdcc.1/by-name/m9kefs2' is available for reading
10-01 17:25:31.901   196   196 I kickstart-qcks: File:'/firmware/image/acdb.mbn' is available for reading
10-01 17:25:31.901   196   196 I kickstart-qcks: File:'/firmware/image/mdm_acdb.img' is available for reading
10-01 17:25:31.901   196   196 I kickstart-qcks: Reading RAW EFS1 partition
10-01 17:25:31.901   196   196 I kickstart-qcks: Running dd if=/dev/block/platform/msm_sdcc.1/by-name/m9kefs1 of=/data/qcks/temp.dump bs=1024 count=3072
10-01 17:25:31.902   166   166 W /system/bin/hwservicemanager: getTransportFromManifest: Cannot find entry android.hardware.audio.effect@2.0::IEffectsFactory in either framework or device manifest, using default transport.
10-01 17:25:32.010   211   211 I AudioFlinger: Using default 3000 mSec as standby time.
10-01 17:25:32.025   211   211 I APM::ConfigParsingUtils: loadAudioPolicyConfig() loaded /system/etc/audio_policy.conf
10-01 17:25:32.026   211   211 I vndksupport: sphal namespace is not configured for this process. Loading /vendor/lib/hw/audio.primary.msm8960.so from the current namespace instead.
10-01 17:25:32.064   212   212 I QCameraHAL: Handle base =0x0xb07e4068
10-01 17:25:32.064   212   212 I QCameraHAL: getCameraInfo: numOfCameras = 2
10-01 17:25:32.064   212   212 I QCameraHAL: Handle [0]=0x0xb07e4068
10-01 17:25:32.064   212   212 I QCameraHAL: Camera sensor 0 info:
10-01 17:25:32.064   212   212 I QCameraHAL: camera_id: 0
10-01 17:25:32.064   212   212 I QCameraHAL: modes_supported: 1
10-01 17:25:32.064   212   212 I QCameraHAL: position: 0
10-01 17:25:32.064   212   212 I QCameraHAL: sensor_mount_angle: 90
10-01 17:25:32.064   212   212 I QCameraHAL: Handle [1]=0x0xb07e40a8
10-01 17:25:32.064   212   212 I QCameraHAL: Camera sensor 1 info:
10-01 17:25:32.064   212   212 I QCameraHAL: camera_id: 1
10-01 17:25:32.064   212   212 I QCameraHAL: modes_supported: 1
10-01 17:25:32.064   212   212 I QCameraHAL: position: 1
10-01 17:25:32.064   212   212 I QCameraHAL: sensor_mount_angle: 270
10-01 17:25:32.065   212   212 I CamProvider@2.4-impl: Loaded "Qcamera" camera module
10-01 17:25:32.066   212   212 I CamProvider@2.4-impl: setUpVendorTags: No vendor tags defined for this device.
10-01 17:25:32.066   212   212 I QCameraHAL: Handle base =0x0xb07e4068
10-01 17:25:32.066   212   212 I QCameraHAL: getCameraInfo: numOfCameras = 2
10-01 17:25:32.066   212   212 I QCameraHAL: Handle [0]=0x0xb07e4068
10-01 17:25:32.066   212   212 I QCameraHAL: Camera sensor 0 info:
10-01 17:25:32.066   212   212 I QCameraHAL: camera_id: 0
10-01 17:25:32.066   212   212 I QCameraHAL: modes_supported: 1
10-01 17:25:32.066   212   212 I QCameraHAL: position: 0
10-01 17:25:32.067   212   212 I QCameraHAL: sensor_mount_angle: 90
10-01 17:25:32.067   212   212 I QCameraHAL: Handle [1]=0x0xb07e40a8
10-01 17:25:32.067   212   212 I QCameraHAL: Camera sensor 1 info:
10-01 17:25:32.067   212   212 I QCameraHAL: camera_id: 1
10-01 17:25:32.067   212   212 I QCameraHAL: modes_supported: 1
10-01 17:25:32.067   212   212 I QCameraHAL: position: 1
10-01 17:25:32.067   212   212 I QCameraHAL: sensor_mount_angle: 270
10-01 17:25:32.070   211   211 D audio_hw_primary: adev_open: enter
10-01 17:25:32.074   212   212 I CameraProviderManager: Connecting to new camera provider: legacy/0, isRemote? 0
10-01 17:25:32.074   212   212 I CameraProviderManager: Enumerating new camera device: device@1.0/legacy/0
10-01 17:25:32.074   212   212 I QCameraHAL: Handle base =0x0xb07e4068
10-01 17:25:32.074   212   212 I QCameraHAL: getCameraInfo: numOfCameras = 2
10-01 17:25:32.074   212   212 I QCameraHAL: Handle [0]=0x0xb07e4068
10-01 17:25:32.074   212   212 I QCameraHAL: Camera sensor 0 info:
10-01 17:25:32.074   212   212 I QCameraHAL: camera_id: 0
10-01 17:25:32.074   212   212 I QCameraHAL: modes_supported: 1
10-01 17:25:32.074   212   212 I QCameraHAL: position: 0
10-01 17:25:32.074   212   212 I QCameraHAL: sensor_mount_angle: 90
10-01 17:25:32.074   212   212 I QCameraHAL: Handle [1]=0x0xb07e40a8
10-01 17:25:32.074   212   212 I QCameraHAL: Camera sensor 1 info:
10-01 17:25:32.074   212   212 I QCameraHAL: camera_id: 1
10-01 17:25:32.074   212   212 I QCameraHAL: modes_supported: 1
10-01 17:25:32.074   212   212 I QCameraHAL: position: 1
10-01 17:25:32.074   212   212 I QCameraHAL: sensor_mount_angle: 270
10-01 17:25:32.083   223   371 I /system/bin/storaged: storaged: Start
10-01 17:25:32.096   212   212 I CamDev@1.0-impl: Opening camera 0
10-01 17:25:32.096   212   212 E mm-libcamera2: mm_camera_open:  opened, break out while loop
10-01 17:25:32.096   212   212 E mm-libcamera2: mm_camera_open: cannot open control fd of 'video0' Errno = 22
10-01 17:25:32.097   212   212 E QCameraHWI: startCamera: cam_ops_open failed: id = 0
10-01 17:25:32.097   212   212 I QCameraHWI: ~QCameraHardwareInterface First stop the polling threads before deleting instances
10-01 17:25:32.097   212   212 E CamDev@1.0-impl: Could not open camera 0: -19
10-01 17:25:32.097   212   212 E CameraProviderManager: DeviceInfo1: Unable to open camera device 0 to check for a flash unit: INTERNAL_ERROR
10-01 17:25:32.097   212   212 I CameraProviderManager: Enumerating new camera device: device@1.0/legacy/1
10-01 17:25:32.097   212   212 I QCameraHAL: Handle base =0x0xb07e4068
10-01 17:25:32.097   212   212 I QCameraHAL: getCameraInfo: numOfCameras = 2
10-01 17:25:32.097   212   212 I QCameraHAL: Handle [0]=0x0xb07e4068
10-01 17:25:32.097   212   212 I QCameraHAL: Camera sensor 0 info:
10-01 17:25:32.097   212   212 I QCameraHAL: camera_id: 0
10-01 17:25:32.097   212   212 I QCameraHAL: modes_supported: 1
10-01 17:25:32.097   212   212 I QCameraHAL: position: 0
10-01 17:25:32.097   212   212 I QCameraHAL: sensor_mount_angle: 90
10-01 17:25:32.097   212   212 I QCameraHAL: Handle [1]=0x0xb07e40a8
10-01 17:25:32.097   212   212 I QCameraHAL: Camera sensor 1 info:
10-01 17:25:32.097   212   212 I QCameraHAL: camera_id: 1
10-01 17:25:32.097   212   212 I QCameraHAL: modes_supported: 1
10-01 17:25:32.097   212   212 I QCameraHAL: position: 1
10-01 17:25:32.097   212   212 I QCameraHAL: sensor_mount_angle: 270
10-01 17:25:32.115   212   212 I CamDev@1.0-impl: Opening camera 1
10-01 17:25:32.115   212   212 E mm-libcamera2: mm_camera_open:  opened, break out while loop
10-01 17:25:32.115   212   212 E mm-libcamera2: mm_camera_open: cannot open control fd of 'video2' Errno = 22
10-01 17:25:32.115   212   212 E QCameraHWI: startCamera: cam_ops_open failed: id = 1
10-01 17:25:32.115   212   212 I QCameraHWI: ~QCameraHardwareInterface First stop the polling threads before deleting instances
10-01 17:25:32.115   212   212 E CamDev@1.0-impl: Could not open camera 1: -19
10-01 17:25:32.115   212   212 E CameraProviderManager: DeviceInfo1: Unable to open camera device 1 to check for a flash unit: INTERNAL_ERROR
10-01 17:25:32.115   212   212 I CameraProviderManager: Camera provider legacy/0 ready with 2 camera devices
10-01 17:25:32.116   212   212 I CameraHardwareInterface: Opening camera 0
10-01 17:25:32.116   212   212 I CamDev@1.0-impl: Opening camera 0
10-01 17:25:32.116   212   212 E mm-libcamera2: mm_camera_open:  opened, break out while loop
10-01 17:25:32.116   212   212 E mm-libcamera2: mm_camera_open: cannot open control fd of 'video0' Errno = 22
10-01 17:25:32.116   212   212 E QCameraHWI: startCamera: cam_ops_open failed: id = 0
10-01 17:25:32.116   212   212 I QCameraHWI: ~QCameraHardwareInterface First stop the polling threads before deleting instances
10-01 17:25:32.116   212   212 E CamDev@1.0-impl: Could not open camera 0: -19
10-01 17:25:32.116   212   212 E CameraHardwareInterface: initialize: openSession failed! Function not implemented (-38)
10-01 17:25:32.116   212   212 E CameraFlashlight: connectCameraDevice: initializing camera 0 failed
10-01 17:25:32.116   212   212 I CameraHardwareInterface: Destroying camera 0
10-01 17:25:32.116   212   212 E CameraFlashlight: findFlashUnits: failed to check if camera 0 has a flash unit. Function not implemented (-38)
10-01 17:25:32.117   212   212 I CameraHardwareInterface: Opening camera 1
10-01 17:25:32.117   212   212 I CamDev@1.0-impl: Opening camera 1
10-01 17:25:32.117   212   212 E mm-libcamera2: mm_camera_open:  opened, break out while loop
10-01 17:25:32.117   212   212 E mm-libcamera2: mm_camera_open: cannot open control fd of 'video2' Errno = 22
10-01 17:25:32.117   212   212 E QCameraHWI: startCamera: cam_ops_open failed: id = 1
10-01 17:25:32.117   212   212 I QCameraHWI: ~QCameraHardwareInterface First stop the polling threads before deleting instances
10-01 17:25:32.117   212   212 E CamDev@1.0-impl: Could not open camera 1: -19
10-01 17:25:32.117   212   212 E CameraHardwareInterface: initialize: openSession failed! Function not implemented (-38)
10-01 17:25:32.117   212   212 E CameraFlashlight: connectCameraDevice: initializing camera 1 failed
10-01 17:25:32.117   212   212 I CameraHardwareInterface: Destroying camera 1
10-01 17:25:32.117   212   212 E CameraFlashlight: findFlashUnits: failed to check if camera 1 has a flash unit. Function not implemented (-38)
10-01 17:25:32.118   212   212 I CameraService: onDeviceStatusChanged: Status changed for cameraId=0, newStatus=1
10-01 17:25:32.118   212   212 E CameraService: onDeviceStatusChanged: State transition to the same status 0x1 not allowed
10-01 17:25:32.118   212   212 I CameraService: onDeviceStatusChanged: Status changed for cameraId=1, newStatus=1
10-01 17:25:32.118   212   212 E CameraService: onDeviceStatusChanged: State transition to the same status 0x1 not allowed
10-01 17:25:32.172   196   196 I kickstart-qcks: Combining Header1 with RAW EFS1 partition
10-01 17:25:32.172   196   196 I kickstart-qcks: Running cat /firmware/image/efs1.mbn /data/qcks/temp.dump > /data/qcks/efs1.bin
10-01 17:25:32.195   211   211 E audio_route: unknown enum value string Off for ctl TTY Mode
10-01 17:25:32.217   199   199 D SurfaceFlinger: shader cache generated - 24 shaders in 1202.514526 ms
10-01 17:25:32.219   199   199 D SurfaceFlinger: Set power mode=2, type=0 flinger=0xac0d1000
10-01 17:25:32.228   211   211 D ACDB-LOADER: ACDB -> ACDB_CMD_INITIALIZE
10-01 17:25:32.228   211   211 E         : [ACDB RTC]->rtc init done!->result [0]
10-01 17:25:32.229   211   211 D Diag_Lib: actp_diag_init: call diag init function with A72564D9
10-01 17:25:32.229   211   211 E Diag_Lib:  Diag_LSM_Init: Failed to open handle to diag driver, error = 2
10-01 17:25:32.229   211   211 E Diag_Lib: actp_diag_init: diag init failed
10-01 17:25:32.229   211   211 E         : [ACDB ACPH]->actp diag init done!
10-01 17:25:32.229   211   211 D ACDB-LOADER: No existing ION info in ACDB driver
10-01 17:25:32.229   211   211 D ACDB-LOADER: ACDB -> ION_IOC_ALLOC
10-01 17:25:32.229   211   211 D ACDB-LOADER: ACDB -> ION_IOC_SHARE
10-01 17:25:32.229   211   211 D ACDB-LOADER: ACDB -> MMAP ADDR
10-01 17:25:32.229   211   211 D ACDB-LOADER: ACDB -> register MEM to ACDB driver: 0xa861a000
10-01 17:25:32.229   211   211 D ACDB-LOADER: ACDB -> send_asm_topology
10-01 17:25:32.229   211   211 D ACDB-LOADER: ACDB -> ACDB_CMD_GET_AUDPROC_STREAM_TOPOLOGY_ID
10-01 17:25:32.229   211   211 D ACDB-LOADER: send mbhc data
10-01 17:25:32.235   196   196 I kickstart-qcks: Reading RAW EFS2 partition
10-01 17:25:32.235   196   196 I kickstart-qcks: Running dd if=/dev/block/platform/msm_sdcc.1/by-name/m9kefs2 of=/data/qcks/temp.dump bs=1024 count=3072
10-01 17:25:32.298   211   211 D ACDB-LOADER: send tabla anc data
10-01 17:25:32.298   211   211 D ACDB-LOADER: ACDB -> ACDB_CMD_GET_ANC_SETTING
10-01 17:25:32.299   211   211 D ACDB-LOADER: done with conversion, anc config size is 148
10-01 17:25:32.299   211   211 D ACDB-LOADER: ACDB -> ACDB_CMD_GET_ANC_SETTING
10-01 17:25:32.299   211   211 D ACDB-LOADER: done with conversion, anc config size is 148
10-01 17:25:32.299   211   211 D ACDB-LOADER: ACDB -> ACDB_CMD_GET_ANC_SETTING
10-01 17:25:32.299   211   211 D ACDB-LOADER: done with conversion, anc config size is 148
10-01 17:25:32.299   211   211 D ACDB-LOADER: ACDB -> ACDB_CMD_GET_ANC_SETTING
10-01 17:25:32.299   211   211 D ACDB-LOADER: done with conversion, anc config size is 148
10-01 17:25:32.299   211   211 D ACDB-LOADER: ACDB -> ACDB_CMD_GET_ANC_SETTING
10-01 17:25:32.299   211   211 D ACDB-LOADER: done with conversion, anc config size is 74
10-01 17:25:32.299   211   211 D ACDB-LOADER: ACDB -> ACDB_CMD_GET_ANC_SETTING
10-01 17:25:32.299   211   211 D ACDB-LOADER: done with conversion, anc config size is 74
10-01 17:25:32.299   211   211 D ACDB-LOADER: ACDB -> init done!
10-01 17:25:32.313   211   211 D         : csd_client_init
10-01 17:25:32.313   211   211 E         : csd_client_service_init: Invalid rx device 0, setting to handset
10-01 17:25:32.313   211   211 E         : csd_client_service_init: Invalid tx device 0, setting to handset
10-01 17:25:32.314   211   211 E Diag_Lib:  Diag_LSM_Init: Failed to open handle to diag driver, error = 2
10-01 17:25:32.335   166   166 W /system/bin/hwservicemanager: getTransportFromManifest: Cannot find entry android.hardware.graphics.mapper@2.0::IMapper in either framework or device manifest, using default transport.
10-01 17:25:32.340   199   199 I vndksupport: sphal namespace is not configured for this process. Loading /vendor/lib/hw/gralloc.msm8960.so from the current namespace instead.
10-01 17:25:32.346   199   199 I vndksupport: sphal namespace is not configured for this process. Loading /vendor/lib/hw/gralloc.msm8960.so from the current namespace instead.
10-01 17:25:32.347   196   196 I kickstart-qcks: Combining Header2 with RAW EFS2 partition
10-01 17:25:32.347   196   196 I kickstart-qcks: Running cat /firmware/image/efs2.mbn /data/qcks/temp.dump > /data/qcks/efs2.bin
10-01 17:25:32.411   196   196 I kickstart-qcks: Reading RAW EFS3 partition
10-01 17:25:32.411   196   196 I kickstart-qcks: Running dd if=/dev/block/platform/msm_sdcc.1/by-name/m9kefs3 of=/data/qcks/temp.dump bs=1024 count=3072
10-01 17:25:32.455   196   196 I kickstart-qcks: Combining Header3 with RAW EFS3 partition
10-01 17:25:32.455   196   196 I kickstart-qcks: Running cat /firmware/image/efs3.mbn /data/qcks/temp.dump > /data/qcks/efs3.bin
10-01 17:25:32.504   196   196 I kickstart-qcks: Combining ACDB Header with ACDB binary
10-01 17:25:32.505   196   196 I kickstart-qcks: Running cat /firmware/image/acdb.mbn /firmware/image/mdm_acdb.img > /data/qcks/acdb.bin
10-01 17:25:32.550   187   187 D AndroidRuntime: >>>>>> START com.android.internal.os.ZygoteInit uid 0 <<<<<<
10-01 17:25:32.605   196   196 I kickstart-qcks: Loading Sahara images
10-01 17:25:32.605   196   196 I kickstart-qcks: Testing if port "/dev/ks_hsic_bridge" exists
