10-26 00:22:58.572   225  1625 E OMXNodeInstance: getConfig(0xb2b07360:google.vorbis.decoder, ConfigAndroidVendorExtension(0x6f100004)) ERROR: Undefined(0x80001001)
10-26 00:22:58.589   221  3406 D NuPlayerDriver: notifyListener_l(0xaa432540), (1, 0, 0, -1), loop setting(0, 0)
10-26 00:22:58.591   221  1772 D NuPlayerDriver: NuPlayerDriver(0xaa432620) created, clientPid(214)
10-26 00:22:58.619   221  3411 D NuPlayerDriver: notifyListener_l(0xaa432620), (1, 0, 0, -1), loop setting(0, 0)
10-26 00:22:58.620   221  1772 D NuPlayerDriver: NuPlayerDriver(0xaa4328c0) created, clientPid(214)
10-26 00:22:58.643   221  3413 D NuPlayerDriver: notifyListener_l(0xaa4328c0), (1, 0, 0, -1), loop setting(0, 0)
10-26 00:22:58.645   214  1699 I CameraHardwareInterface: Opening camera 1
10-26 00:22:58.646   214  1699 I CamDev@1.0-impl: Opening camera 1
10-26 00:22:58.728   245  3416 E mm-camera: sensor_load_chromatix: libchromatix_imx119_preview.so: 30
10-26 00:22:58.731   214  1699 E mm-libcamera2: mm_camera_open:  opened, break out while loop
10-26 00:22:58.739   245  3416 E mm-camera: vfe_ops_init: E
10-26 00:22:58.745   245  3416 E mm-camera: vfe_legacy_stats_buffer_init: AEC_STATS_BUFNUM
10-26 00:22:58.746   245  3416 E mm-camera: vfe_legacy_stats_buffer_init: AEC_STATS_BUFNUM
10-26 00:22:58.748   245  3416 E mm-camera: mctl_init_stats_proc_info: snap_max_line_cnt =25776
10-26 00:22:58.760   214  1699 I CameraHardwareInterface: Destroying camera 1
10-26 00:22:58.773   214   436 E mm-libcamera2: PROFILE HAL: stopPreview(): E: 1508957578.773301111
10-26 00:22:58.774   214   436 I CamDev@1.0-impl: Closing camera 1
10-26 00:22:58.774   214   436 I QCameraHWI: ~QCameraHardwareInterface First stop the polling threads before deleting instances
10-26 00:22:58.776   245  3416 E mm-camera: config_shutdown_pp Camera not in streaming mode. Returning. 
10-26 00:22:58.778   245  3416 E mm-camera: vfe_ops_deinit: E
10-26 00:22:58.789   214   436 I CameraService: onTorchStatusChangedLocked: Torch status changed for cameraId=0, newStatus=1
10-26 00:22:58.789   214   436 I CameraService: disconnect: Disconnected client for camera 1 for PID 3371
10-26 00:22:58.793   214   214 I CameraService: CameraService::connect call (PID -1 "com.android.camera2", camera ID 0) for HAL version default and Camera API version 1
10-26 00:22:58.794   214   214 I CameraService: onTorchStatusChangedLocked: Torch status changed for cameraId=0, newStatus=0
10-26 00:22:58.796   214   214 I CameraHardwareInterface: Opening camera 0
10-26 00:22:58.796   214   214 I CamDev@1.0-impl: Opening camera 0
10-26 00:22:58.878   245  3426 E mm-camera: sensor_load_chromatix: libchromatix_imx111_preview.so: 30
10-26 00:22:58.976   214   214 E mm-libcamera2: mm_camera_open:  opened, break out while loop
10-26 00:22:58.981   532   589 W ActivityManager: Activity pause timeout for ActivityRecord{cedcf29 u0 com.android.camera2/com.android.camera.CameraLauncher t7 f}
10-26 00:22:58.988   245  3426 E mm-camera: vfe_ops_init: E
10-26 00:22:58.997   245  3426 E mm-camera: vfe_legacy_stats_buffer_init: AEC_STATS_BUFNUM
10-26 00:22:58.998   245  3426 E mm-camera: vfe_legacy_stats_buffer_init: AEC_STATS_BUFNUM
10-26 00:22:59.000   245  3426 E mm-camera: mctl_init_stats_proc_info: snap_max_line_cnt =30096
10-26 00:22:59.023   214   214 I CameraHardwareInterface: Destroying camera 0
10-26 00:22:59.034   214   214 E mm-libcamera2: PROFILE HAL: stopPreview(): E: 1508957579.034043299
10-26 00:22:59.034   214   214 I CamDev@1.0-impl: Closing camera 0
10-26 00:22:59.034   214   214 I QCameraHWI: ~QCameraHardwareInterface First stop the polling threads before deleting instances
10-26 00:22:59.037   245  3426 E mm-camera: config_shutdown_pp Camera not in streaming mode. Returning. 
10-26 00:22:59.040   245  3426 E mm-camera: vfe_ops_deinit: E
10-26 00:22:59.055   214   214 I CameraService: onTorchStatusChangedLocked: Torch status changed for cameraId=0, newStatus=1
10-26 00:22:59.057   214   214 I CameraService: onTorchStatusChangedLocked: Torch status changed for cameraId=0, newStatus=1
10-26 00:22:59.057   214   214 I CameraService: disconnect: Disconnected client for camera 0 for PID 3371
10-26 00:22:59.085   221   221 D NuPlayerDriver: reset(0xaa432540) at state 4
10-26 00:22:59.085   221   221 D NuPlayerDriver: notifyListener_l(0xaa432540), (8, 0, 0, -1), loop setting(0, 0)
10-26 00:22:59.086   221  3406 D NuPlayerDriver: notifyResetComplete(0xaa432540)
10-26 00:22:59.087   221   346 D NuPlayerDriver: reset(0xaa432620) at state 4
10-26 00:22:59.087   221   346 D NuPlayerDriver: notifyListener_l(0xaa432620), (8, 0, 0, -1), loop setting(0, 0)
10-26 00:22:59.087   221  3411 D NuPlayerDriver: notifyResetComplete(0xaa432620)
10-26 00:22:59.090   221   346 D NuPlayerDriver: reset(0xaa4328c0) at state 4
10-26 00:22:59.090   221   346 D NuPlayerDriver: notifyListener_l(0xaa4328c0), (8, 0, 0, -1), loop setting(0, 0)
10-26 00:22:59.091   221  3413 D NuPlayerDriver: notifyResetComplete(0xaa4328c0)
10-26 00:22:59.386  3371  3398 I chatty  : uid=10036(u0_a36) com.android.camera2 expire 2 lines
10-26 00:22:59.505   225   225 I OMXMaster: makeComponentInstance(OMX.google.vorbis.decoder) in android.hardwar process
10-26 00:22:59.514   225  1625 E OMXNodeInstance: getConfig(0xb2b07360:google.vorbis.decoder, ConfigAndroidVendorExtension(0x6f100004)) ERROR: Undefined(0x80001001)
10-26 00:22:59.517   225   225 I OMXMaster: makeComponentInstance(OMX.google.vorbis.decoder) in android.hardwar process
10-26 00:22:59.520   225   225 E OMXNodeInstance: getConfig(0xb2b07180:google.vorbis.decoder, ConfigAndroidVendorExtension(0x6f100004)) ERROR: Undefined(0x80001001)
10-26 00:22:59.557   532  1530 I ActivityManager: START u0 {act=android.content.pm.action.REQUEST_PERMISSIONS pkg=com.android.packageinstaller cmp=com.android.packageinstaller/.permission.ui.GrantPermissionsActivity (has extras)} from uid 10036
10-26 00:22:59.591  3371  3468 I chatty  : uid=10036(u0_a36) com.android.camera2 expire 10 lines
10-26 00:22:59.658  2492  2498 I zygote  : Do partial code cache collection, code=0B, data=0B
10-26 00:22:59.661  2492  2498 I zygote  : After code cache collection, code=0B, data=0B
10-26 00:22:59.661  2492  2498 I zygote  : Increasing code cache capacity to 128KB
10-26 00:22:59.668  2492  2498 I zygote  : Do partial code cache collection, code=0B, data=0B
10-26 00:22:59.670  2492  2498 I zygote  : After code cache collection, code=0B, data=0B
10-26 00:22:59.670  2492  2498 I zygote  : Increasing code cache capacity to 256KB
10-26 00:22:59.673  2492  2498 I com.android.packageinstaller: Method exceeds compiler instruction limit: 25337 in void org.ccil.cowan.tagsoup.HTMLSchema.<init>()
10-26 00:22:59.767  3371  3382 I chatty  : uid=10036(u0_a36) com.android.camera2 expire 1 line
10-26 00:22:59.772   165   165 W /system/bin/hwservicemanager: getTransportFromManifest: Cannot find entry android.hardware.graphics.mapper@2.0::IMapper in either framework or device manifest, using default transport.
10-26 00:22:59.859  3371  3456 I chatty  : uid=10036(u0_a36) com.android.camera2 expire 1 line
10-26 00:22:59.913  2492  3472 D OpenGLRenderer: HWUI GL Pipeline
10-26 00:22:59.974  2492  3472 I Adreno-EGL: <qeglDrvAPI_eglInitialize:379>: QUALCOMM Build: 10/21/15, 369a2ea, I96aee987eb
10-26 00:22:59.979  2492  3472 I OpenGLRenderer: Initialized EGL, version 1.4
10-26 00:22:59.979  2492  3472 D OpenGLRenderer: Swap behavior 1
10-26 00:22:59.997  2492  3472 W Adreno-EGL: <qeglDrvAPI_eglGetConfigAttrib:607>: EGL_BAD_ATTRIBUTE
10-26 00:23:00.003  2492  3472 I vndksupport: sphal namespace is not configured for this process. Loading /vendor/lib/hw/gralloc.msm8960.so from the current namespace instead.
10-26 00:23:00.024  3371  3454 I chatty  : uid=10036(u0_a36) com.android.camera2 expire 4 lines
10-26 00:23:00.087  3371  3477 I chatty  : uid=10036(u0_a36) com.android.camera2 expire 1 line
10-26 00:23:00.131   165   165 W /system/bin/hwservicemanager: getTransportFromManifest: Cannot find entry android.hardware.graphics.mapper@2.0::IMapper in either framework or device manifest, using default transport.
10-26 00:23:00.136  2492  3472 I vndksupport: sphal namespace is not configured for this process. Loading /vendor/lib/hw/gralloc.msm8960.so from the current namespace instead.
10-26 00:23:00.416   207   292 D ThermalDaemon: Sensor 'tsens_tz_sensor9' - alarm raised 1 at 62.0 degC
10-26 00:23:00.420   207   287 D ThermalDaemon: Sensor 'tsens_tz_sensor4' - alarm raised 1 at 60.0 degC
10-26 00:23:00.872   532   532 I chatty  : uid=1000 system_server expire 2 lines
10-26 00:23:00.939   532   585 I ActivityManager: START u0 {cmp=com.android.camera2/com.android.camera.CameraActivity} from uid 10036
10-26 00:23:01.057   225   337 I OMXMaster: makeComponentInstance(OMX.google.vorbis.decoder) in android.hardwar process
10-26 00:23:01.063   225  1856 E OMXNodeInstance: getConfig(0xb2b07360:google.vorbis.decoder, ConfigAndroidVendorExtension(0x6f100004)) ERROR: Undefined(0x80001001)
10-26 00:23:01.323   225  1625 I OMXMaster: makeComponentInstance(OMX.google.vorbis.decoder) in android.hardwar process
10-26 00:23:01.339   225  1856 E OMXNodeInstance: getConfig(0xb2b07360:google.vorbis.decoder, ConfigAndroidVendorExtension(0x6f100004)) ERROR: Undefined(0x80001001)
10-26 00:23:01.355   225  1625 I OMXMaster: makeComponentInstance(OMX.google.vorbis.decoder) in android.hardwar process
10-26 00:23:01.355  3371  3376 I chatty  : uid=10036(u0_a36) com.android.camera2 expire 3 lines
10-26 00:23:01.359   225  1625 E OMXNodeInstance: getConfig(0xb2b07000:google.vorbis.decoder, ConfigAndroidVendorExtension(0x6f100004)) ERROR: Undefined(0x80001001)
10-26 00:23:01.501   198   198 D SurfaceFlinger: duplicate layer name: changing com.android.camera2/com.android.camera.CameraActivity to com.android.camera2/com.android.camera.CameraActivity#1
10-26 00:23:01.560  3371  3468 I chatty  : uid=10036(u0_a36) com.android.camera2 expire 1 line
10-26 00:23:01.561  3371  3371 I chatty  : uid=10036(u0_a36) com.android.camera2 expire 3 lines
10-26 00:23:01.629  3371  3382 I chatty  : uid=10036(u0_a36) com.android.camera2 expire 1 line
10-26 00:23:01.669  3371  3454 I chatty  : uid=10036(u0_a36) com.android.camera2 expire 1 line
10-26 00:23:01.673   532  1482 E TaskPersister: File error accessing recents directory (directory doesn't exist?).
10-26 00:23:01.713  3371  3456 I chatty  : uid=10036(u0_a36) com.android.camera2 expire 1 line
10-26 00:23:01.723  3371  3456 V CAM_CameraDataAdapter: retrieved video metadata, number of items: 0
10-26 00:23:01.723  3371  3456 V CAM_CameraDataAdapter: sorting video/photo metadata
10-26 00:23:01.724  3371  3371 V CAM_TexViewHelper: updateTransform
10-26 00:23:01.724  3371  3371 V CAM_CameraAppUI: SurfaceTexture is available
10-26 00:23:01.724  3371  3371 D CAM_CaptureModule: onSurfaceTextureAvailable
10-26 00:23:01.724  3371  3371 D CAM_CaptureModule: updatePreviewTransform: 768 x 1184
10-26 00:23:01.725  3371  3456 V CAM_CameraDataAdapter: sorted video/photo metadata
10-26 00:23:01.726  3371  3371 I CAM_FocusRingView: Computing center via view bounds.
10-26 00:23:01.771  3371  3371 V CAM_FilmstripView: suggesting item bounds: 768x1184
10-26 00:23:01.771  3371  3371 V CAM_FilmstripView: getRecycledView, recycled=false
10-26 00:23:01.793  3371  3371 V CAM_FilmstripView: suggesting item bounds: 768x1184
10-26 00:23:01.793  3371  3371 V CAM_FilmstripView: getRecycledView, recycled=false
10-26 00:23:01.795  3371  3371 V CAM_FilmstripView: suggesting item bounds: 768x1184
10-26 00:23:01.796  3371  3371 V CAM_FilmstripView: getRecycledView, recycled=false
10-26 00:23:01.798  3371  3371 D CAM_FilmstripView: reload() - Ensure all items are loaded at max size.
10-26 00:23:01.798  3371  3371 I CAM_FilmstripView: [ViewItem:0] mData.renderThumbnail()
10-26 00:23:01.803  3371  3371 I CAM_FilmstripView: [ViewItem:1] mData.renderThumbnail()
10-26 00:23:01.806  3371  3371 I CAM_FilmstripView: [ViewItem:2] mData.renderThumbnail()
10-26 00:23:01.808  3371  3477 V CAM_CameraDataAdapter: updating media metadata with photos newer than id: 522
10-26 00:23:01.833  3371  3371 V CAM_CameraDataAdapter: new photos query return num items: 0
10-26 00:23:02.111  3371  3371 V CAM_QuickActivity: START onStop: Activity = com.android.camera.PermissionsActivity@cb523e1
10-26 00:23:02.112  3371  3371 V CAM_QuickActivity: END onStop: Activity = com.android.camera.PermissionsActivity@cb523e1
10-26 00:23:02.112  3371  3371 V CAM_QuickActivity: START onDestroy: Activity = com.android.camera.PermissionsActivity@cb523e1
10-26 00:23:02.112  3371  3371 V CAM_PermissionsActivity: onDestroy: unregistering receivers
10-26 00:23:02.113  3371  3371 V CAM_QuickActivity: END onDestroy: Activity = com.android.camera.PermissionsActivity@cb523e1
10-26 00:23:02.530   198   198 D SurfaceFlinger: duplicate layer name: changing com.android.camera2/com.android.camera.CameraActivity to com.android.camera2/com.android.camera.CameraActivity#2
10-26 00:23:02.541  3371  3468 W Adreno-EGL: <qeglDrvAPI_eglGetConfigAttrib:607>: EGL_BAD_ATTRIBUTE
10-26 00:23:02.567  3371  3468 I vndksupport: sphal namespace is not configured for this process. Loading /vendor/lib/hw/gralloc.msm8960.so from the current namespace instead.
10-26 00:23:03.237  3371  3371 D CAM_Camera2OneCamMgr: Getting First BACK Camera
10-26 00:23:03.242  3371  3371 W LegacyMetadataMapper: convertAntiBandingMode - Unknown antibanding mode 0
10-26 00:23:03.242  3371  3371 W LegacyMetadataMapper: convertAntiBandingMode - Unknown antibanding mode false
10-26 00:23:03.242  3371  3371 W LegacyMetadataMapper: convertAntiBandingMode - Unknown antibanding mode 1
10-26 00:23:03.242  3371  3371 W LegacyMetadataMapper: convertAntiBandingMode - Unknown antibanding mode true
10-26 00:23:03.242  3371  3371 W LegacyMetadataMapper: convertAntiBandingMode - Unknown antibanding mode 2
10-26 00:23:03.242  3371  3371 W LegacyMetadataMapper: convertAntiBandingMode - Unknown antibanding mode 3
10-26 00:23:03.253  3371  3371 W LegacyMetadataMapper: convertAntiBandingMode - Unknown antibanding mode 0
10-26 00:23:03.253  3371  3371 W LegacyMetadataMapper: convertAntiBandingMode - Unknown antibanding mode false
10-26 00:23:03.253  3371  3371 W LegacyMetadataMapper: convertAntiBandingMode - Unknown antibanding mode 1
10-26 00:23:03.253  3371  3371 W LegacyMetadataMapper: convertAntiBandingMode - Unknown antibanding mode true
10-26 00:23:03.253  3371  3371 W LegacyMetadataMapper: convertAntiBandingMode - Unknown antibanding mode 2
10-26 00:23:03.254  3371  3371 W LegacyMetadataMapper: convertAntiBandingMode - Unknown antibanding mode 3
10-26 00:23:03.262  3371  3371 D CAM_Camera2OneCamMgr: Getting First FRONT Camera
10-26 00:23:03.265  3371  3371 W LegacyMetadataMapper: convertAntiBandingMode - Unknown antibanding mode 0
10-26 00:23:03.265  3371  3371 W LegacyMetadataMapper: convertAntiBandingMode - Unknown antibanding mode false
10-26 00:23:03.265  3371  3371 W LegacyMetadataMapper: convertAntiBandingMode - Unknown antibanding mode 1
10-26 00:23:03.265  3371  3371 W LegacyMetadataMapper: convertAntiBandingMode - Unknown antibanding mode true
10-26 00:23:03.265  3371  3371 W LegacyMetadataMapper: convertAntiBandingMode - Unknown antibanding mode 2
10-26 00:23:03.265  3371  3371 W LegacyMetadataMapper: convertAntiBandingMode - Unknown antibanding mode 3
10-26 00:23:03.274  3371  3371 W LegacyMetadataMapper: convertAntiBandingMode - Unknown antibanding mode 0
10-26 00:23:03.274  3371  3371 W LegacyMetadataMapper: convertAntiBandingMode - Unknown antibanding mode false
10-26 00:23:03.274  3371  3371 W LegacyMetadataMapper: convertAntiBandingMode - Unknown antibanding mode 1
10-26 00:23:03.274  3371  3371 W LegacyMetadataMapper: convertAntiBandingMode - Unknown antibanding mode true
10-26 00:23:03.274  3371  3371 W LegacyMetadataMapper: convertAntiBandingMode - Unknown antibanding mode 2
10-26 00:23:03.274  3371  3371 W LegacyMetadataMapper: convertAntiBandingMode - Unknown antibanding mode 3
10-26 00:23:03.281  3371  3371 W LegacyMetadataMapper: convertAntiBandingMode - Unknown antibanding mode 0
10-26 00:23:03.282  3371  3371 W LegacyMetadataMapper: convertAntiBandingMode - Unknown antibanding mode false
10-26 00:23:03.282  3371  3371 W LegacyMetadataMapper: convertAntiBandingMode - Unknown antibanding mode 1
10-26 00:23:03.282  3371  3371 W LegacyMetadataMapper: convertAntiBandingMode - Unknown antibanding mode true
10-26 00:23:03.282  3371  3371 W LegacyMetadataMapper: convertAntiBandingMode - Unknown antibanding mode 2
10-26 00:23:03.282  3371  3371 W LegacyMetadataMapper: convertAntiBandingMode - Unknown antibanding mode 3
10-26 00:23:03.344  3371  3371 V CAM_Profiler: [  0.000ms][ui] GUARD: CameraActivity.resume - START
10-26 00:23:03.345  3371  3371 V CAM_CameraActivity: Build info: ua_mako-userdebug 8.0.0 OPR1.170623.027 eng.root.20171025.070824 test-keys
10-26 00:23:03.388  3371  3371 V CAM_Profiler: [  0.000ms][ui] GUARD: CaptureModule.resume - START
10-26 00:23:03.390  3371  3371 V CAM_Profiler: [  1.709ms][ui] GUARD: CaptureModule.resume - [ 0.031ms] getRemoteShutterListener.onModuleReady
10-26 00:23:03.392  3371  3371 V CAM_Profiler: [  3.601ms][ui] GUARD: CaptureModule.resume - [ 0.366ms] initSurfaceTextureConsumer
10-26 00:23:03.395  3371  3454 D CAM_Storage: External storage state=mounted
10-26 00:23:03.395  3371  3456 V CAM_Profiler: [  0.000ms] GUARD: CaptureModule.closeCamera() - START
10-26 00:23:03.396  3371  3456 V CAM_Profiler: [  0.580ms] GUARD: CaptureModule.closeCamera() - [ 0.580ms] mCameraOpenCloseLock.acquire()
10-26 00:23:03.397  3371  3456 V CAM_Profiler: [  1.099ms] GUARD: CaptureModule.closeCamera() - STOP
10-26 00:23:03.398  3371  3456 V CAM_Profiler: [  0.000ms] GUARD: CaptureModule.openCameraAndStartPreview() - START
10-26 00:23:03.399  3371  3456 V CAM_Profiler: [  1.709ms] GUARD: CaptureModule.openCameraAndStartPreview() - [ 1.709ms] Acquired mCameraOpenCloseLock
10-26 00:23:03.399  3371  3371 V CAM_Profiler: [ 10.986ms][ui] GUARD: CaptureModule.resume - [ 3.387ms] mHeadingSensor.activate()
10-26 00:23:03.399  3371  3456 D CAM_Camera2OneCamMgr: Getting First BACK Camera
10-26 00:23:03.399  3371  3371 V CAM_Profiler: [ 10.986ms][ui] GUARD: CaptureModule.resume - STOP
10-26 00:23:03.400  3371  3371 V CAM_Profiler: [ 56.030ms][ui] GUARD: CameraActivity.resume - [12.024ms] mCurrentModule.resume
10-26 00:23:03.413   244  3528 E AKMD2   : LoadParameters:43 fopen Error (No such file or directory).
10-26 00:23:03.413   244  3528 I AKMD2   : AKMD_Start: Setting file cannot be read.
10-26 00:23:03.414   244  3528 I AKMD2   : AKMD_Start: Use default parameters
10-26 00:23:03.428  3371  3456 W LegacyMetadataMapper: convertAntiBandingMode - Unknown antibanding mode 0
10-26 00:23:03.428  3371  3456 W LegacyMetadataMapper: convertAntiBandingMode - Unknown antibanding mode false
10-26 00:23:03.428  3371  3456 W LegacyMetadataMapper: convertAntiBandingMode - Unknown antibanding mode 1
10-26 00:23:03.428  3371  3456 W LegacyMetadataMapper: convertAntiBandingMode - Unknown antibanding mode true
10-26 00:23:03.429  3371  3456 W LegacyMetadataMapper: convertAntiBandingMode - Unknown antibanding mode 2
10-26 00:23:03.429  3371  3456 W LegacyMetadataMapper: convertAntiBandingMode - Unknown antibanding mode 3
10-26 00:23:03.431  3371  3371 V CAM_Profiler: [ 86.273ms][ui] GUARD: CameraActivity.resume - [ 0.031ms] mPanoramaViewHelper.onResume()
10-26 00:23:03.431  3371  3371 V CAM_LcyLocProvider: starting location updates
10-26 00:23:03.435  3371  3371 D CAM_LcyLocProvider: provider does not exist provider doesn't exist: network
10-26 00:23:03.438  3371  3371 D CAM_LcyLocProvider: startReceivingLocationUpdates
10-26 00:23:03.439  3371  3371 I CAM_Profiler: [ 94.238ms][ui] GUARD: CameraActivity.resume - STOP
10-26 00:23:03.439   225  1625 I OMXMaster: makeComponentInstance(OMX.google.vorbis.decoder) in android.hardwar process
10-26 00:23:03.450   225  1625 E OMXNodeInstance: getConfig(0xb2b07420:google.vorbis.decoder, ConfigAndroidVendorExtension(0x6f100004)) ERROR: Undefined(0x80001001)
10-26 00:23:03.456  3371  3371 V CAM_FocusController: configurePreviewDimensions(RectF(0.0, 0.0, 768.0, 1184.0))
10-26 00:23:03.456  3371  3371 I CAM_FocusRingView: Computing center via preview size.
10-26 00:23:03.456  3371  3371 V CAM_CameraActivity: ignoring storage callback after activity pause
10-26 00:23:03.457  3371  3456 I CAM_OneCamera1Opnr: Opening Camera: CameraId{Api2='0',Api1:0}
10-26 00:23:03.458  3371  3456 V CAM_ActvCamDevTrckr: Tracking active camera: null
10-26 00:23:03.459  3371  3371 I CAM_FilmstripView: [ViewItem:0] mData.renderTiny()
10-26 00:23:03.461  3371  3371 V CAM_FilmstripView: updateViewItem() - recycling old data item and setting new
10-26 00:23:03.463  3371  3371 D CAM_FilmstripView: updateViewItem(bufferIndex: 2)
10-26 00:23:03.464  3371  3371 D CAM_FilmstripView: updateViewItem() - mIsUserScrolling: false
10-26 00:23:03.464  3371  3371 D CAM_FilmstripView: updateViewItem() - mController.isScrolling() - false
10-26 00:23:03.464  3371  3371 I CAM_FilmstripView: [ViewItem:0] mData.renderThumbnail()
10-26 00:23:03.466  3371  3456 W LegacyMetadataMapper: convertAntiBandingMode - Unknown antibanding mode 0
10-26 00:23:03.467  3371  3456 W LegacyMetadataMapper: convertAntiBandingMode - Unknown antibanding mode false
10-26 00:23:03.467  3371  3456 W LegacyMetadataMapper: convertAntiBandingMode - Unknown antibanding mode 1
10-26 00:23:03.467  3371  3456 W LegacyMetadataMapper: convertAntiBandingMode - Unknown antibanding mode true
10-26 00:23:03.467  3371  3456 W LegacyMetadataMapper: convertAntiBandingMode - Unknown antibanding mode 2
10-26 00:23:03.467  3371  3456 W LegacyMetadataMapper: convertAntiBandingMode - Unknown antibanding mode 3
10-26 00:23:03.479  3371  3456 I CameraManager: Using legacy camera HAL.
10-26 00:23:03.487   214  1699 I CameraService: CameraService::connect call (PID -1 "com.android.camera2", camera ID 0) for HAL version default and Camera API version 1
10-26 00:23:03.487   214  1699 I CameraService: onTorchStatusChangedLocked: Torch status changed for cameraId=0, newStatus=0
10-26 00:23:03.489   221   221 D NuPlayerDriver: NuPlayerDriver(0xaa432850) created, clientPid(214)
10-26 00:23:03.512   221  3540 D NuPlayerDriver: notifyListener_l(0xaa432850), (1, 0, 0, -1), loop setting(0, 0)
10-26 00:23:03.514   221   221 D NuPlayerDriver: NuPlayerDriver(0xa8b350e0) created, clientPid(214)
10-26 00:23:03.537   221  3542 D NuPlayerDriver: notifyListener_l(0xa8b350e0), (1, 0, 0, -1), loop setting(0, 0)
10-26 00:23:03.539   221   221 D NuPlayerDriver: NuPlayerDriver(0xaa4323f0) created, clientPid(214)
10-26 00:23:03.563   221  3544 D NuPlayerDriver: notifyListener_l(0xaa4323f0), (1, 0, 0, -1), loop setting(0, 0)
10-26 00:23:03.566   214  1699 I CameraHardwareInterface: Opening camera 0
10-26 00:23:03.567   214  1699 I CamDev@1.0-impl: Opening camera 0
10-26 00:23:03.621   225  1625 I OMXMaster: makeComponentInstance(OMX.google.vorbis.decoder) in android.hardwar process
10-26 00:23:03.626   225  1856 E OMXNodeInstance: getConfig(0xb2b07420:google.vorbis.decoder, ConfigAndroidVendorExtension(0x6f100004)) ERROR: Undefined(0x80001001)
10-26 00:23:03.634   532   588 D ConnectivityService: requestNetwork for uid/pid:1000/532 NetworkRequest [ REQUEST id=7, legacyType=3, [ Transports: CELLULAR Capabilities: SUPL&NOT_RESTRICTED&TRUSTED&NOT_VPN] ]
10-26 00:23:03.635   532  1448 I chatty  : uid=1000(system) WifiStateMachin expire 2 lines
10-26 00:23:03.636   532  1453 D ConnectivityService: Sending CONNECTED broadcast for type 3 NetworkAgentInfo [MOBILE (EDGE) - 100] isDefaultNetwork=true
10-26 00:23:03.636   532  1471 I chatty  : uid=1000(system) EthernetService expire 1 line
10-26 00:23:03.636  1645  1645 D PhoneSwitcherNetworkRequstListener: got request NetworkRequest [ REQUEST id=7, legacyType=3, [ Transports: CELLULAR Capabilities: SUPL&NOT_RESTRICTED&TRUSTED&NOT_VPN] ] with score 50
10-26 00:23:03.637   532  1466 I chatty  : uid=1000(system) ConnectivityThr expire 1 line
10-26 00:23:03.648   245  3547 E mm-camera: sensor_load_chromatix: libchromatix_imx111_preview.so: 30
10-26 00:23:03.746   214  1699 E mm-libcamera2: mm_camera_open:  opened, break out while loop
10-26 00:23:03.754   245  3547 E mm-camera: vfe_ops_init: E
10-26 00:23:03.761   245  3547 E mm-camera: vfe_legacy_stats_buffer_init: AEC_STATS_BUFNUM
10-26 00:23:03.761   245  3547 E mm-camera: vfe_legacy_stats_buffer_init: AEC_STATS_BUFNUM
10-26 00:23:03.763   245  3547 E mm-camera: mctl_init_stats_proc_info: snap_max_line_cnt =30096
10-26 00:23:03.778   214  1699 I CameraHardwareInterface: Destroying camera 0
10-26 00:23:03.791  3371  3456 W LegacyMetadataMapper: convertAntiBandingMode - Unknown antibanding mode 0
10-26 00:23:03.792  3371  3456 W LegacyMetadataMapper: convertAntiBandingMode - Unknown antibanding mode false
10-26 00:23:03.792  3371  3456 W LegacyMetadataMapper: convertAntiBandingMode - Unknown antibanding mode 1
10-26 00:23:03.792  3371  3456 W LegacyMetadataMapper: convertAntiBandingMode - Unknown antibanding mode true
10-26 00:23:03.792  3371  3456 W LegacyMetadataMapper: convertAntiBandingMode - Unknown antibanding mode 2
10-26 00:23:03.792  3371  3456 W LegacyMetadataMapper: convertAntiBandingMode - Unknown antibanding mode 3
10-26 00:23:03.809  3371  3456 I CAM_Profiler: [411.560ms] GUARD: CaptureModule.openCameraAndStartPreview() - [409.851ms] mOneCameraOpener.open()
10-26 00:23:03.809  3371  3456 I CAM_Profiler: [411.560ms] GUARD: CaptureModule.openCameraAndStartPreview() - STOP
10-26 00:23:03.811  3371  3503 W LegacyMetadataMapper: convertAntiBandingMode - Unknown antibanding mode 0
10-26 00:23:03.811  3371  3503 W LegacyMetadataMapper: convertAntiBandingMode - Unknown antibanding mode false
10-26 00:23:03.811  3371  3503 W LegacyMetadataMapper: convertAntiBandingMode - Unknown antibanding mode 1
10-26 00:23:03.811  3371  3503 W LegacyMetadataMapper: convertAntiBandingMode - Unknown antibanding mode true
10-26 00:23:03.811  3371  3503 W LegacyMetadataMapper: convertAntiBandingMode - Unknown antibanding mode 2
10-26 00:23:03.811  3371  3503 W LegacyMetadataMapper: convertAntiBandingMode - Unknown antibanding mode 3
10-26 00:23:03.816  3371  3503 I CAM_OneCamCreator: Camera support level: LEGACY_JPEG
10-26 00:23:03.822  3371  3503 I CAM_OneCamCreator: Picture Size Configuration: PictureSizeCalculator.Configuration{native size=3264x2448, crop=Rect(0, 0 - 3264, 2448)}
10-26 00:23:03.832  3371  3503 D CAM_CaptureModule: onCameraOpened: com.android.camera.one.v2.initialization.GenericOneCameraImpl@ae673a7
10-26 00:23:03.834  3371  3503 D CAM_CaptureModule: starting preview ...
10-26 00:23:03.838  3371  3371 D CAM_Camera2OneCamMgr: Getting First FRONT Camera
10-26 00:23:03.839  3371  3503 I CameraDeviceState: Legacy camera service transitioning to state CONFIGURING
10-26 00:23:03.840  3371  3560 I RequestThread-0: Configure outputs: 2 surfaces configured.
10-26 00:23:03.840  3371  3560 D Camera  : app passed NULL surface
10-26 00:23:03.842  3371  3371 W LegacyMetadataMapper: convertAntiBandingMode - Unknown antibanding mode 0
10-26 00:23:03.842  3371  3371 W LegacyMetadataMapper: convertAntiBandingMode - Unknown antibanding mode false
10-26 00:23:03.842  3371  3371 W LegacyMetadataMapper: convertAntiBandingMode - Unknown antibanding mode 1
10-26 00:23:03.842  3371  3371 W LegacyMetadataMapper: convertAntiBandingMode - Unknown antibanding mode true
10-26 00:23:03.842  3371  3371 W LegacyMetadataMapper: convertAntiBandingMode - Unknown antibanding mode 2
10-26 00:23:03.842  3371  3371 W LegacyMetadataMapper: convertAntiBandingMode - Unknown antibanding mode 3
10-26 00:23:03.846  3371  3560 I RequestThread-0: configureOutputs - set take picture size to 3264x2448
10-26 00:23:03.849  3371  3371 W LegacyMetadataMapper: convertAntiBandingMode - Unknown antibanding mode 0
10-26 00:23:03.849  3371  3371 W LegacyMetadataMapper: convertAntiBandingMode - Unknown antibanding mode false
10-26 00:23:03.849  3371  3371 W LegacyMetadataMapper: convertAntiBandingMode - Unknown antibanding mode 1
10-26 00:23:03.849  3371  3371 W LegacyMetadataMapper: convertAntiBandingMode - Unknown antibanding mode true
10-26 00:23:03.849  3371  3371 W LegacyMetadataMapper: convertAntiBandingMode - Unknown antibanding mode 2
10-26 00:23:03.849  3371  3371 W LegacyMetadataMapper: convertAntiBandingMode - Unknown antibanding mode 3
10-26 00:23:03.864  3371  3562 W Adreno-EGL: <qeglDrvAPI_eglGetConfigAttrib:607>: EGL_BAD_ATTRIBUTE
10-26 00:23:03.866  3371  3562 I vndksupport: sphal namespace is not configured for this process. Loading /vendor/lib/hw/gralloc.msm8960.so from the current namespace instead.
10-26 00:23:03.895  3371  3371 W CAM_IndicatorIconCtrlr: Trying to sync a pano indicator that is not initialized.
10-26 00:23:03.902  3371  3376 I zygote  : Do partial code cache collection, code=59KB, data=45KB
10-26 00:23:03.902  3371  3376 I zygote  : After code cache collection, code=59KB, data=45KB
10-26 00:23:03.902  3371  3376 I zygote  : Increasing code cache capacity to 256KB
10-26 00:23:03.934  3371  3562 W Adreno-EGL: <qeglDrvAPI_eglQueryContext:4373>: EGL_BAD_ATTRIBUTE
10-26 00:23:03.946  3371  3503 I CameraDeviceState: Legacy camera service transitioning to state IDLE
10-26 00:23:03.965  3371  3503 V CAM_SettingsManager: listeners: [com.android.camera.app.CameraAppUI@c5a7759, com.android.camera.ButtonManager@2c30f2a, com.android.camera.widget.IndicatorIconController@99092b8, com.android.camera.settings.SettingObserver$Listener@557a476]
10-26 00:23:03.965  3371  3503 V CAM_SettingsManager: listeners: [com.android.camera.app.CameraAppUI@c5a7759, com.android.camera.ButtonManager@2c30f2a, com.android.camera.widget.IndicatorIconController@99092b8, com.android.camera.settings.SettingObserver$Listener@557a476, com.android.camera.settings.SettingObserver$Listener@c6986e4]
10-26 00:23:03.965  3371  3503 V CAM_SettingsManager: listeners: [com.android.camera.app.CameraAppUI@c5a7759, com.android.camera.ButtonManager@2c30f2a, com.android.camera.widget.IndicatorIconController@99092b8, com.android.camera.settings.SettingObserver$Listener@557a476, com.android.camera.settings.SettingObserver$Listener@c6986e4, com.android.camera.settings.SettingObserver$Listener@a919202]
10-26 00:23:03.975  3371  3567 D CAM_CommandExecutor: Executing command: com.android.camera.one.v2.commands.PreviewCommand@645e305 START
10-26 00:23:03.976  3371  3371 D CAM_CaptureModule: Ready for capture.
10-26 00:23:03.976  3371  3371 V CAM_CameraAppUI: onPreviewStarted
10-26 00:23:03.984  3371  3567 I RequestQueue: Repeating capture request set.
10-26 00:23:03.989  3371  3567 D CAM_CommandExecutor: Executing command: com.android.camera.one.v2.commands.PreviewCommand@645e305 END
10-26 00:23:03.993  3371  3560 W LegacyRequestMapper: convertRequestMetadata - control.awbRegions setting is not supported, ignoring value
10-26 00:23:03.993  3371  3560 W LegacyRequestMapper: Only received metering rectangles with weight 0.
10-26 00:23:03.994  3371  3560 W LegacyRequestMapper: Only received metering rectangles with weight 0.
10-26 00:23:04.012   214  3447 E QCameraHWI: setPreviewWindow: mPreviewWindow = 0x0xb04b9104, mStreamDisplay = 0x0xafacfe00
10-26 00:23:04.012   214  3447 D QCameraHWI: startPreview:  start preview now
10-26 00:23:04.012   214  3447 I QCameraHWI: startPreview2:Setting ZSL mode
10-26 00:23:04.012   245  3547 E mm-camera: config_proc_CAMERA_SET_INFORM_STARTPREVIEW
10-26 00:23:04.013   245  3547 E mm-camera: config_proc_CAMERA_SET_INFORM_STARTPREVIEW : AF_SET_INFORM_STARTPREVIEW!
10-26 00:23:04.013   245  3547 E mm-camera: config_update_stream_info Storing stream parameters for video inst 1 as : width = 1280, height 960, format = 1 inst_handle = 810081 cid = 0
10-26 00:23:04.021  3371  3560 I vndksupport: sphal namespace is not configured for this process. Loading /vendor/lib/hw/gralloc.msm8960.so from the current namespace instead.
10-26 00:23:04.024  3371  3560 E qdutils : FBIOGET_FSCREENINFO failed
10-26 00:23:04.031   165   165 W /system/bin/hwservicemanager: getTransportFromManifest: Cannot find entry android.hardware.graphics.mapper@2.0::IMapper in either framework or device manifest, using default transport.
10-26 00:23:04.034   214  3447 I vndksupport: sphal namespace is not configured for this process. Loading /vendor/lib/hw/gralloc.msm8960.so from the current namespace instead.
10-26 00:23:04.041   165   165 W /system/bin/hwservicemanager: getTransportFromManifest: Cannot find entry android.hardware.graphics.mapper@2.0::IMapper in either framework or device manifest, using default transport.
10-26 00:23:04.043   214  3447 I vndksupport: sphal namespace is not configured for this process. Loading /vendor/lib/hw/gralloc.msm8960.so from the current namespace instead.
--------- beginning of crash
10-26 00:23:04.050   214  3447 F libc    : Fatal signal 11 (SIGSEGV), code 1, fault addr 0x4 in tid 3447 (Binder:214_3)
10-26 00:23:04.127  3576  3576 I crash_dump32: obtaining output fd from tombstoned
10-26 00:23:04.127   248   248 I /system/bin/tombstoned: received crash request for pid 214
10-26 00:23:04.128  3576  3576 I crash_dump32: performing dump of process 214 (target tid = 3447)
10-26 00:23:04.128   214  3447 F libc    : failed to resend signal during crash: Operation not permitted
10-26 00:23:04.128  3576  3576 E DEBUG   : unexpected waitpid response: n=3447, status=00000100
10-26 00:23:04.130   248   248 W /system/bin/tombstoned: crash socket received short read of length 0 (expected 8)
10-26 00:23:04.132   532   594 I BootReceiver: Copying /data/tombstones/tombstone_00 to DropBox (SYSTEM_TOMBSTONE)
10-26 00:23:04.133   245  3547 E mm-camera: config_shutdown_pp Camera not in streaming mode. Returning. 
10-26 00:23:04.133  3371  3384 W CameraBase: mediaserver's remote binder Camera object died
10-26 00:23:04.134  2450  2464 W CameraBase: Camera service died!
10-26 00:23:04.134  3371  3538 E Camera  : Error 100
10-26 00:23:04.134  2434  2447 W CameraBase: Camera service died!
10-26 00:23:04.134  3371  3466 W CameraBase: Camera service died!
10-26 00:23:04.134   164   164 I ServiceManager: service 'media.camera' died
10-26 00:23:04.134  3371  3538 E RequestThread-0: Received error 100 from the Camera1 ErrorCallback
10-26 00:23:04.135  3371  3538 I CameraDeviceState: Legacy camera service transitioning to state ERROR
10-26 00:23:04.135   221  1576 D NuPlayerDriver: reset(0xaa432850) at state 4
10-26 00:23:04.135   221  1576 D NuPlayerDriver: notifyListener_l(0xaa432850), (8, 0, 0, -1), loop setting(0, 0)
10-26 00:23:04.135   221  3540 D NuPlayerDriver: notifyResetComplete(0xaa432850)
10-26 00:23:04.135   245  3547 E mm-camera: vfe_ops_deinit: E
10-26 00:23:04.136  3371  3503 E CAM_FatalErrorHandler: Handling Camera Access Failure:
10-26 00:23:04.136  3371  3503 E CAM_FatalErrorHandler: java.lang.Exception
10-26 00:23:04.136  3371  3503 E CAM_FatalErrorHandler: 	at com.android.camera.FatalErrorHandlerImpl.onGenericCameraAccessFailure(FatalErrorHandlerImpl.java:84)
10-26 00:23:04.136  3371  3503 E CAM_FatalErrorHandler: 	at com.android.camera.one.v2.Camera2OneCameraOpenerImpl$1.onError(Camera2OneCameraOpenerImpl.java:154)
10-26 00:23:04.136  3371  3503 E CAM_FatalErrorHandler: 	at android.hardware.camera2.impl.CameraDeviceImpl$CameraDeviceCallbacks$1.run(CameraDeviceImpl.java:1756)
10-26 00:23:04.136  3371  3503 E CAM_FatalErrorHandler: 	at android.os.Handler.handleCallback(Handler.java:789)
10-26 00:23:04.136  3371  3503 E CAM_FatalErrorHandler: 	at android.os.Handler.dispatchMessage(Handler.java:98)
10-26 00:23:04.136  3371  3503 E CAM_FatalErrorHandler: 	at android.os.Looper.loop(Looper.java:164)
10-26 00:23:04.136  3371  3503 E CAM_FatalErrorHandler: 	at android.os.HandlerThread.run(HandlerThread.java:65)
10-26 00:23:04.137   221  1576 D NuPlayerDriver: reset(0xa8b350e0) at state 4
10-26 00:23:04.137   221  1576 D NuPlayerDriver: notifyListener_l(0xa8b350e0), (8, 0, 0, -1), loop setting(0, 0)
10-26 00:23:04.137   221  3542 D NuPlayerDriver: notifyResetComplete(0xa8b350e0)
10-26 00:23:04.137  3371  3560 E RequestThread-0: Received device exception: 
10-26 00:23:04.137  3371  3560 E RequestThread-0: java.lang.RuntimeException: getParameters failed (empty parameters)
10-26 00:23:04.137  3371  3560 E RequestThread-0: 	at android.hardware.Camera.native_getParameters(Native Method)
10-26 00:23:04.137  3371  3560 E RequestThread-0: 	at android.hardware.Camera.getParameters(Camera.java:1910)
10-26 00:23:04.137  3371  3560 E RequestThread-0: 	at android.hardware.camera2.legacy.RequestThreadManager$5.handleMessage(RequestThreadManager.java:869)
10-26 00:23:04.137  3371  3560 E RequestThread-0: 	at android.os.Handler.dispatchMessage(Handler.java:101)
10-26 00:23:04.137  3371  3560 E RequestThread-0: 	at android.os.Looper.loop(Looper.java:164)
10-26 00:23:04.137  3371  3560 E RequestThread-0: 	at android.os.HandlerThread.run(HandlerThread.java:65)
10-26 00:23:04.137  3371  3503 E CAM_CameraUtil: Show fatal error dialog
10-26 00:23:04.138   221  1576 D NuPlayerDriver: reset(0xaa4323f0) at state 4
10-26 00:23:04.138   221  1576 D NuPlayerDriver: notifyListener_l(0xaa4323f0), (8, 0, 0, -1), loop setting(0, 0)
10-26 00:23:04.138   221  3544 D NuPlayerDriver: notifyResetComplete(0xaa4323f0)
10-26 00:23:04.210  3371  3468 W Adreno-EGL: <qeglDrvAPI_eglGetConfigAttrib:607>: EGL_BAD_ATTRIBUTE
10-26 00:23:04.225  3371  3468 I vndksupport: sphal namespace is not configured for this process. Loading /vendor/lib/hw/gralloc.msm8960.so from the current namespace instead.
10-26 00:23:04.674  3577  3577 I cameraserver: ServiceManager: 0xa6f974e0
10-26 00:23:04.674  3577  3577 I CameraService: CameraService started (pid=3577)
10-26 00:23:04.674  3577  3577 I CameraService: CameraService process starting
10-26 00:23:04.677   165   165 W /system/bin/hwservicemanager: getTransportFromManifest: Cannot find entry android.hardware.camera.provider@2.4::ICameraProvider in either framework or device manifest, using default transport.
10-26 00:23:04.692  3577  3577 I QCameraHAL: Handle base =0x0xa6971068
10-26 00:23:04.692  3577  3577 I QCameraHAL: getCameraInfo: numOfCameras = 2
10-26 00:23:04.692  3577  3577 I QCameraHAL: Handle [0]=0x0xa6971068
10-26 00:23:04.692  3577  3577 I QCameraHAL: Camera sensor 0 info:
10-26 00:23:04.692  3577  3577 I QCameraHAL: camera_id: 0
10-26 00:23:04.693  3577  3577 I QCameraHAL: modes_supported: 1
10-26 00:23:04.693  3577  3577 I QCameraHAL: position: 0
10-26 00:23:04.693  3577  3577 I QCameraHAL: sensor_mount_angle: 90
10-26 00:23:04.693  3577  3577 I QCameraHAL: Handle [1]=0x0xa69710a8
10-26 00:23:04.693  3577  3577 I QCameraHAL: Camera sensor 1 info:
10-26 00:23:04.693  3577  3577 I QCameraHAL: camera_id: 1
10-26 00:23:04.693  3577  3577 I QCameraHAL: modes_supported: 1
10-26 00:23:04.693  3577  3577 I QCameraHAL: position: 1
10-26 00:23:04.693  3577  3577 I QCameraHAL: sensor_mount_angle: 270
10-26 00:23:04.693  3577  3577 I CamProvider@2.4-impl: Loaded "Qcamera" camera module
10-26 00:23:04.693  3577  3577 I CamProvider@2.4-impl: setUpVendorTags: No vendor tags defined for this device.
10-26 00:23:04.693  3577  3577 I QCameraHAL: Handle base =0x0xa6971068
10-26 00:23:04.693  3577  3577 I QCameraHAL: getCameraInfo: numOfCameras = 2
10-26 00:23:04.693  3577  3577 I QCameraHAL: Handle [0]=0x0xa6971068
10-26 00:23:04.693  3577  3577 I QCameraHAL: Camera sensor 0 info:
10-26 00:23:04.693  3577  3577 I QCameraHAL: camera_id: 0
10-26 00:23:04.693  3577  3577 I QCameraHAL: modes_supported: 1
10-26 00:23:04.693  3577  3577 I QCameraHAL: position: 0
10-26 00:23:04.693  3577  3577 I QCameraHAL: sensor_mount_angle: 90
10-26 00:23:04.693  3577  3577 I QCameraHAL: Handle [1]=0x0xa69710a8
10-26 00:23:04.693  3577  3577 I QCameraHAL: Camera sensor 1 info:
10-26 00:23:04.693  3577  3577 I QCameraHAL: camera_id: 1
10-26 00:23:04.693  3577  3577 I QCameraHAL: modes_supported: 1
10-26 00:23:04.693  3577  3577 I QCameraHAL: position: 1
10-26 00:23:04.693  3577  3577 I QCameraHAL: sensor_mount_angle: 270
10-26 00:23:04.694  3577  3577 I CameraProviderManager: Connecting to new camera provider: legacy/0, isRemote? 0
10-26 00:23:04.695  3577  3577 I CameraProviderManager: Enumerating new camera device: device@1.0/legacy/0
10-26 00:23:04.695  3577  3577 I QCameraHAL: Handle base =0x0xa6971068
10-26 00:23:04.695  3577  3577 I QCameraHAL: getCameraInfo: numOfCameras = 2
10-26 00:23:04.695  3577  3577 I QCameraHAL: Handle [0]=0x0xa6971068
10-26 00:23:04.695  3577  3577 I QCameraHAL: Camera sensor 0 info:
10-26 00:23:04.695  3577  3577 I QCameraHAL: camera_id: 0
10-26 00:23:04.695  3577  3577 I QCameraHAL: modes_supported: 1
10-26 00:23:04.695  3577  3577 I QCameraHAL: position: 0
10-26 00:23:04.695  3577  3577 I QCameraHAL: sensor_mount_angle: 90
10-26 00:23:04.695  3577  3577 I QCameraHAL: Handle [1]=0x0xa69710a8
10-26 00:23:04.695  3577  3577 I QCameraHAL: Camera sensor 1 info:
10-26 00:23:04.695  3577  3577 I QCameraHAL: camera_id: 1
10-26 00:23:04.695  3577  3577 I QCameraHAL: modes_supported: 1
10-26 00:23:04.695  3577  3577 I QCameraHAL: position: 1
10-26 00:23:04.695  3577  3577 I QCameraHAL: sensor_mount_angle: 270
10-26 00:23:04.697  3577  3577 I CamDev@1.0-impl: Opening camera 0
10-26 00:23:04.778   245  3584 E mm-camera: sensor_load_chromatix: libchromatix_imx111_preview.so: 30
10-26 00:23:04.877  3577  3577 E mm-libcamera2: mm_camera_open:  opened, break out while loop
10-26 00:23:04.888   245  3584 E mm-camera: vfe_ops_init: E
10-26 00:23:04.897   245  3584 E mm-camera: vfe_legacy_stats_buffer_init: AEC_STATS_BUFNUM
10-26 00:23:04.897   245  3584 E mm-camera: vfe_legacy_stats_buffer_init: AEC_STATS_BUFNUM
10-26 00:23:04.900   245  3584 E mm-camera: mctl_init_stats_proc_info: snap_max_line_cnt =30096
10-26 00:23:04.919  3577  3577 W linker  : "/system/vendor/lib/libmmjpeg.so" has text relocations. This is wasting memory and prevents security hardening. Please fix.
10-26 00:23:04.923  3577  3577 I CamDev@1.0-impl: Closing camera 0
10-26 00:23:04.923  3577  3577 I QCameraHWI: ~QCameraHardwareInterface First stop the polling threads before deleting instances
10-26 00:23:04.926   245  3584 E mm-camera: config_shutdown_pp Camera not in streaming mode. Returning. 
10-26 00:23:04.928   245  3584 E mm-camera: vfe_ops_deinit: E
10-26 00:23:04.938  3577  3577 I CameraProviderManager: Enumerating new camera device: device@1.0/legacy/1
10-26 00:23:04.938  3577  3577 I QCameraHAL: Handle base =0x0xa6971068
10-26 00:23:04.939  3577  3577 I QCameraHAL: getCameraInfo: numOfCameras = 2
10-26 00:23:04.939  3577  3577 I QCameraHAL: Handle [0]=0x0xa6971068
10-26 00:23:04.939  3577  3577 I QCameraHAL: Camera sensor 0 info:
10-26 00:23:04.939  3577  3577 I QCameraHAL: camera_id: 0
10-26 00:23:04.939  3577  3577 I QCameraHAL: modes_supported: 1
10-26 00:23:04.939  3577  3577 I QCameraHAL: position: 0
10-26 00:23:04.939  3577  3577 I QCameraHAL: sensor_mount_angle: 90
10-26 00:23:04.939  3577  3577 I QCameraHAL: Handle [1]=0x0xa69710a8
10-26 00:23:04.939  3577  3577 I QCameraHAL: Camera sensor 1 info:
10-26 00:23:04.939  3577  3577 I QCameraHAL: camera_id: 1
10-26 00:23:04.939  3577  3577 I QCameraHAL: modes_supported: 1
10-26 00:23:04.939  3577  3577 I QCameraHAL: position: 1
10-26 00:23:04.939  3577  3577 I QCameraHAL: sensor_mount_angle: 270
10-26 00:23:04.942  3577  3577 I CamDev@1.0-impl: Opening camera 1
10-26 00:23:05.028   245  3597 E mm-camera: sensor_load_chromatix: libchromatix_imx119_preview.so: 30
10-26 00:23:05.031  3577  3577 E mm-libcamera2: mm_camera_open:  opened, break out while loop
10-26 00:23:05.051   245  3597 E mm-camera: vfe_ops_init: E
10-26 00:23:05.059   245  3597 E mm-camera: vfe_legacy_stats_buffer_init: AEC_STATS_BUFNUM
10-26 00:23:05.060   245  3597 E mm-camera: vfe_legacy_stats_buffer_init: AEC_STATS_BUFNUM
10-26 00:23:05.062   245  3597 E mm-camera: mctl_init_stats_proc_info: snap_max_line_cnt =25776
10-26 00:23:05.081  3577  3577 I CamDev@1.0-impl: Closing camera 1
10-26 00:23:05.081  3577  3577 I QCameraHWI: ~QCameraHardwareInterface First stop the polling threads before deleting instances
10-26 00:23:05.084   245  3597 E mm-camera: config_shutdown_pp Camera not in streaming mode. Returning. 
10-26 00:23:05.086   245  3597 E mm-camera: vfe_ops_deinit: E
10-26 00:23:05.101  3577  3577 I CameraProviderManager: Camera provider legacy/0 ready with 2 camera devices
10-26 00:23:05.101  3577  3577 I CameraHardwareInterface: Opening camera 0
10-26 00:23:05.101  3577  3577 I CamDev@1.0-impl: Opening camera 0
10-26 00:23:05.137  1513  1782 I CameraManagerGlobal: Connecting to camera service
10-26 00:23:05.137  1513  1782 E CameraManagerGlobal: Camera service is unavailable
10-26 00:23:05.188   245  3614 E mm-camera: sensor_load_chromatix: libchromatix_imx111_preview.so: 30
10-26 00:23:05.287  3577  3577 E mm-libcamera2: mm_camera_open:  opened, break out while loop
10-26 00:23:05.300   245  3614 E mm-camera: vfe_ops_init: E
10-26 00:23:05.318   245  3614 E mm-camera: vfe_legacy_stats_buffer_init: AEC_STATS_BUFNUM
10-26 00:23:05.318   245  3614 E mm-camera: vfe_legacy_stats_buffer_init: AEC_STATS_BUFNUM
10-26 00:23:05.322   245  3614 E mm-camera: mctl_init_stats_proc_info: snap_max_line_cnt =30096
10-26 00:23:05.352  3577  3577 E QCameraHWI: setPreviewWindow: mPreviewWindow = 0x0xa6fb9104, mStreamDisplay = 0x0xa65c9000
10-26 00:23:05.365  3577  3577 E mm-libcamera2: PROFILE HAL: stopPreview(): E: 1508957585.365372644
10-26 00:23:05.365  3577  3577 E QCameraHWI: setPreviewWindow:Received Setting NULL preview window
10-26 00:23:05.365  3577  3577 E QCameraHWI: setPreviewWindow: mPreviewWindow = 0x0x0, mStreamDisplay = 0x0xa65c9000
10-26 00:23:05.365  3577  3577 W QCameraHWI_Preview:  Setting NULL preview window 
10-26 00:23:05.365  3577  3577 I CamDev@1.0-impl: Closing camera 0
10-26 00:23:05.365  3577  3577 I QCameraHWI: ~QCameraHardwareInterface First stop the polling threads before deleting instances
10-26 00:23:05.369   245  3614 E mm-camera: config_shutdown_pp Camera not in streaming mode. Returning. 
10-26 00:23:05.372   245  3614 E mm-camera: vfe_ops_deinit: E
10-26 00:23:05.384  3577  3577 I CameraHardwareInterface: Opening camera 1
10-26 00:23:05.384  3577  3577 I CamDev@1.0-impl: Opening camera 1
10-26 00:23:05.415   207   283 D ThermalDaemon: Sensor 'tsens_tz_sensor1' - alarm raised 1 at 63.0 degC
10-26 00:23:05.416   207   288 D ThermalDaemon: Sensor 'tsens_tz_sensor5' - alarm raised 1 at 64.0 degC
10-26 00:23:05.468   245  3624 E mm-camera: sensor_load_chromatix: libchromatix_imx119_preview.so: 30
10-26 00:23:05.471  3577  3577 E mm-libcamera2: mm_camera_open:  opened, break out while loop
10-26 00:23:05.482   245  3624 E mm-camera: vfe_ops_init: E
10-26 00:23:05.489   245  3624 E mm-camera: vfe_legacy_stats_buffer_init: AEC_STATS_BUFNUM
10-26 00:23:05.490   245  3624 E mm-camera: vfe_legacy_stats_buffer_init: AEC_STATS_BUFNUM
10-26 00:23:05.493   245  3624 E mm-camera: mctl_init_stats_proc_info: snap_max_line_cnt =25776
10-26 00:23:05.516  3577  3577 E QCameraHWI: setPreviewWindow: mPreviewWindow = 0x0xa6fb91e4, mStreamDisplay = 0x0xa65c9000
10-26 00:23:05.516  3577  3577 E mm-libcamera2: PROFILE HAL: stopPreview(): E: 1508957585.516282069
10-26 00:23:05.516  3577  3577 E QCameraHWI: setPreviewWindow:Received Setting NULL preview window
10-26 00:23:05.516  3577  3577 E QCameraHWI: setPreviewWindow: mPreviewWindow = 0x0x0, mStreamDisplay = 0x0xa65c9000
10-26 00:23:05.516  3577  3577 W QCameraHWI_Preview:  Setting NULL preview window 
10-26 00:23:05.516  3577  3577 I CamDev@1.0-impl: Closing camera 1
10-26 00:23:05.516  3577  3577 I QCameraHWI: ~QCameraHardwareInterface First stop the polling threads before deleting instances
10-26 00:23:05.520   245  3624 E mm-camera: config_shutdown_pp Camera not in streaming mode. Returning. 
10-26 00:23:05.522   245  3624 E mm-camera: vfe_ops_deinit: E
10-26 00:23:05.534  3577  3577 I CameraService: onDeviceStatusChanged: Status changed for cameraId=0, newStatus=1
10-26 00:23:05.534  3577  3577 E CameraService: onDeviceStatusChanged: State transition to the same status 0x1 not allowed
10-26 00:23:05.534  3577  3577 I CameraService: onDeviceStatusChanged: Status changed for cameraId=1, newStatus=1
10-26 00:23:05.534  3577  3577 E CameraService: onDeviceStatusChanged: State transition to the same status 0x1 not allowed
10-26 00:23:06.140  1513  1782 I CameraManagerGlobal: Connecting to camera service
10-26 00:23:06.159  3371  3371 V CAM_QuickActivity: START onPause: Activity = com.android.camera.CameraActivity@2468a90
10-26 00:23:06.159  3371  3371 V CAM_QuickActivity: onPause --> onPauseTasks()
10-26 00:23:06.160  3371  3371 V CAM_Profiler: [  0.000ms][ui] GUARD: CameraActivity.onPause - START
10-26 00:23:06.168  3371  3648 D CAM_CommandExecutor: Executing command: com.android.camera.one.v2.commands.PreviewCommand@645e305 START
10-26 00:23:06.169  3371  3648 D CAM_CommandExecutor: Unable to connect to camera while executing command: com.android.camera.one.v2.commands.PreviewCommand@645e305
10-26 00:23:06.176  3371  3371 V CAM_Profiler: [  0.000ms][ui] GUARD: CaptureModule.closeCamera() - START
10-26 00:23:06.176  3371  3371 V CAM_Profiler: [  0.671ms][ui] GUARD: CaptureModule.closeCamera() - [ 0.671ms] mCameraOpenCloseLock.acquire()
10-26 00:23:06.180  3371  3371 D CAM_LoggingImageReader: Closing: ImageReader{width=3264, height=2448, format=JPEG}
10-26 00:23:06.659   532   589 W ActivityManager: Activity pause timeout for ActivityRecord{c76d6ff u0 com.android.camera2/com.android.camera.CameraActivity t7 f}
10-26 00:23:06.716  2088  2238 W Adreno-EGL: <qeglDrvAPI_eglGetConfigAttrib:607>: EGL_BAD_ATTRIBUTE
10-26 00:23:06.750  2088  2238 I vndksupport: sphal namespace is not configured for this process. Loading /vendor/lib/hw/gralloc.msm8960.so from the current namespace instead.
