10-26 00:28:21.557   532  1588 D PackageManager: Clear ephemeral installer activity
10-26 00:28:21.559   532  1578 D PackageManager: Ephemeral installer not found with new action; try old one
10-26 00:28:21.559   532  1578 D PackageManager: Clear ephemeral installer activity
10-26 00:28:21.560   532  1530 D PackageManager: Ephemeral installer not found with new action; try old one
10-26 00:28:21.560   532  1530 D PackageManager: Clear ephemeral installer activity
10-26 00:28:21.562   532   586 D PackageManager: Ephemeral installer not found with new action; try old one
10-26 00:28:21.562   532   586 D PackageManager: Clear ephemeral installer activity
10-26 00:28:21.564   532  1578 D PackageManager: Ephemeral installer not found with new action; try old one
10-26 00:28:21.564   532  1578 D PackageManager: Clear ephemeral installer activity
10-26 00:28:21.565   532  1530 D PackageManager: Ephemeral installer not found with new action; try old one
10-26 00:28:21.565   532  1530 D PackageManager: Clear ephemeral installer activity
10-26 00:28:21.566   532  1593 D PackageManager: Ephemeral installer not found with new action; try old one
10-26 00:28:21.567   532  1593 D PackageManager: Clear ephemeral installer activity
10-26 00:28:21.576   532  1530 D PackageManager: Ephemeral installer not found with new action; try old one
10-26 00:28:21.576   532  1530 D PackageManager: Clear ephemeral installer activity
10-26 00:28:21.579   532   586 D PackageManager: Ephemeral installer not found with new action; try old one
10-26 00:28:21.579   532   586 D PackageManager: Clear ephemeral installer activity
10-26 00:28:21.580   532   585 D PackageManager: Ephemeral installer not found with new action; try old one
10-26 00:28:21.580   532   585 D PackageManager: Clear ephemeral installer activity
10-26 00:28:21.581   532  2153 D PackageManager: Ephemeral installer not found with new action; try old one
10-26 00:28:21.581   532  2153 D PackageManager: Clear ephemeral installer activity
10-26 00:28:21.585   532  1997 D PackageManager: Ephemeral installer not found with new action; try old one
10-26 00:28:21.585   532  1997 D PackageManager: Clear ephemeral installer activity
10-26 00:28:21.590   532  1448 E HalDeviceManager: Should have at least 1 chip!
10-26 00:28:21.590   532  1448 E HalDeviceManager: getSupportedIfaceTypesInternal: no chip info found
10-26 00:28:21.591   532   586 E BatteryStatsService: no controller energy info supplied
10-26 00:28:21.593   532   586 E BatteryStatsService: no controller energy info supplied
10-26 00:28:21.599   532   586 E KernelUidCpuFreqTimeReader: Failed to read /proc/uid_time_in_state: java.io.FileNotFoundException: /proc/uid_time_in_state (No such file or directory)
10-26 00:28:21.601   532   586 E BatteryStatsService: modem info is invalid: ModemActivityInfo{ mTimestamp=0 mSleepTimeMs=0 mIdleTimeMs=0 mTxTimeMs[]=[0, 0, 0, 0, 0] mRxTimeMs=0 mEnergyUsed=0}
10-26 00:28:21.653  1694  4277 W TileUtils: Found com.android.settings.backup.BackupSettingsActivity for intent Intent { act=com.android.settings.action.SETTINGS pkg=com.android.settings } missing metadata com.android.settings.category
10-26 00:28:21.665  1694  4269 I SuggestionParser: Use fingerprint requires unavailable feature android.hardware.fingerprint
10-26 00:28:21.676  1694  4269 W Bundle  : Key com.android.settings.dismiss expected String but value was a java.lang.Integer.  The default value <null> was returned.
10-26 00:28:21.677  1694  4269 W Bundle  : Attempt to cast generated internal exception:
10-26 00:28:21.677  1694  4269 W Bundle  : java.lang.ClassCastException: java.lang.Integer cannot be cast to java.lang.String
10-26 00:28:21.677  1694  4269 W Bundle  : 	at android.os.BaseBundle.getString(BaseBundle.java:1089)
10-26 00:28:21.677  1694  4269 W Bundle  : 	at com.android.settingslib.SuggestionParser.getDismissControl(SuggestionParser.java:362)
10-26 00:28:21.677  1694  4269 W Bundle  : 	at com.android.settingslib.SuggestionParser.isDismissed(SuggestionParser.java:315)
10-26 00:28:21.677  1694  4269 W Bundle  : 	at com.android.settingslib.SuggestionParser.filterSuggestions(SuggestionParser.java:172)
10-26 00:28:21.677  1694  4269 W Bundle  : 	at com.android.settingslib.SuggestionParser.readSuggestions(SuggestionParser.java:189)
10-26 00:28:21.677  1694  4269 W Bundle  : 	at com.android.settingslib.SuggestionParser.getSuggestions(SuggestionParser.java:137)
10-26 00:28:21.677  1694  4269 W Bundle  : 	at com.android.settings.dashboard.DashboardSummary$SuggestionLoader.doInBackground(DashboardSummary.java:245)
10-26 00:28:21.677  1694  4269 W Bundle  : 	at com.android.settings.dashboard.DashboardSummary$SuggestionLoader.doInBackground(DashboardSummary.java:240)
10-26 00:28:21.677  1694  4269 W Bundle  : 	at android.os.AsyncTask$2.call(AsyncTask.java:333)
10-26 00:28:21.677  1694  4269 W Bundle  : 	at java.util.concurrent.FutureTask.run(FutureTask.java:266)
10-26 00:28:21.677  1694  4269 W Bundle  : 	at android.os.AsyncTask$SerialExecutor$1.run(AsyncTask.java:245)
10-26 00:28:21.677  1694  4269 W Bundle  : 	at java.util.concurrent.ThreadPoolExecutor.runWorker(ThreadPoolExecutor.java:1162)
10-26 00:28:21.677  1694  4269 W Bundle  : 	at java.util.concurrent.ThreadPoolExecutor$Worker.run(ThreadPoolExecutor.java:636)
10-26 00:28:21.677  1694  4269 W Bundle  : 	at java.lang.Thread.run(Thread.java:764)
10-26 00:28:21.678  1694  4269 I SuggestionParser: Add another fingerprint requires unavailable feature android.hardware.fingerprint
10-26 00:28:22.429   532  1578 I ActivityManager: START u0 {flg=0x8000 cmp=com.android.settings/.Settings$ConnectedDeviceDashboardActivity (has extras)} from uid 1000
10-26 00:28:22.585  1694  1694 D LocalBluetoothProfileManager: Adding local A2DP SRC profile
10-26 00:28:22.590  1694  1694 D LocalBluetoothProfileManager: Adding local HEADSET profile
10-26 00:28:22.592  1694  1694 D LocalBluetoothProfileManager: Handsfree Uuid not found.
10-26 00:28:22.592  1694  1694 D LocalBluetoothProfileManager: MAP Client Uuid not found.
10-26 00:28:22.602  1694  1694 D LocalBluetoothProfileManager: Adding local MAP profile
10-26 00:28:22.603  1694  1694 D BluetoothMap: Create BluetoothMap proxy object
10-26 00:28:22.610  1694  1694 D LocalBluetoothProfileManager: LocalBluetoothProfileManager construction complete
10-26 00:28:22.638   532  1997 E UserRestrictionsUtils: Unknown restriction: null
10-26 00:28:22.655  1694  4287 V MediaRouter: Adding route: RouteInfo{ name=Phone, description=null, status=null, category=RouteCategory{ name=System types=ROUTE_TYPE_LIVE_AUDIO ROUTE_TYPE_LIVE_VIDEO  groupable=false }, supportedTypes=ROUTE_TYPE_LIVE_AUDIO ROUTE_TYPE_LIVE_VIDEO , presentationDisplay=null }
10-26 00:28:22.665  1694  4287 V MediaRouter: Selecting route: RouteInfo{ name=Phone, description=null, status=null, category=RouteCategory{ name=System types=ROUTE_TYPE_LIVE_AUDIO ROUTE_TYPE_LIVE_VIDEO  groupable=false }, supportedTypes=ROUTE_TYPE_LIVE_AUDIO ROUTE_TYPE_LIVE_VIDEO , presentationDisplay=null }
10-26 00:28:22.692  1694  1714 D BluetoothHeadset: Proxy object connected
10-26 00:28:22.748  1694  1694 D LocalBluetoothProfileManager: Handsfree Uuid not found.
10-26 00:28:22.748  1694  1694 D LocalBluetoothProfileManager: MAP Client Uuid not found.
10-26 00:28:22.758  1694  4272 I zygote  : Deoptimizing java.util.List com.android.settingslib.drawer.TileUtils.getCategories(android.content.Context, java.util.Map, boolean, java.lang.String, java.lang.String) due to JIT inline cache
10-26 00:28:22.785  1694  1694 D DashboardSummary: Stopped listening for condition changes
10-26 00:28:22.786  1694  4272 W TileUtils: Found com.android.settings.backup.BackupSettingsActivity for intent Intent { act=com.android.settings.action.SETTINGS pkg=com.android.settings } missing metadata com.android.settings.category
10-26 00:28:22.810  1694  1726 W Adreno-EGL: <qeglDrvAPI_eglGetConfigAttrib:607>: EGL_BAD_ATTRIBUTE
10-26 00:28:22.837  1694  4272 D DatabaseIndexingManager: Indexing locale 'en_US' took 40 millis
10-26 00:28:22.839  1694  1726 I vndksupport: sphal namespace is not configured for this process. Loading /vendor/lib/hw/gralloc.msm8960.so from the current namespace instead.
10-26 00:28:22.916  1694  4272 D DatabaseIndexingManager: Indexing locale 'en_US' took 29 millis
10-26 00:28:22.923  1694  1694 D BluetoothA2dp: Proxy object connected
10-26 00:28:22.929  1694  1694 D BluetoothInputDevice: Proxy object connected
10-26 00:28:22.931  1694  1694 D HidProfile: Bluetooth service connected
10-26 00:28:22.934  1694  1694 D BluetoothPan: BluetoothPAN Proxy object connected
10-26 00:28:22.935  1694  1694 D PanProfile: Bluetooth service connected
10-26 00:28:22.935  1694  1694 D BluetoothMap: Proxy object connected
10-26 00:28:22.936  1694  1694 D MapProfile: Bluetooth service connected
10-26 00:28:22.936  1694  1694 D BluetoothMap: getConnectedDevices()
10-26 00:28:22.938  1694  1694 D BluetoothPbap: Proxy object connected
10-26 00:28:22.939  1694  1694 D PbapServerProfile: Bluetooth service connected
10-26 00:28:22.939  1694  1694 D HeadsetProfile: Bluetooth service connected
10-26 00:28:22.990  1694  4272 W TileUtils: Found com.android.settings.backup.BackupSettingsActivity for intent Intent { act=com.android.settings.action.SETTINGS pkg=com.android.settings } missing metadata com.android.settings.category
10-26 00:28:23.045   532   597 I ActivityManager: Displayed com.android.settings/.Settings$ConnectedDeviceDashboardActivity: +590ms
10-26 00:28:23.102  1694  1701 I zygote  : Do partial code cache collection, code=48KB, data=61KB
10-26 00:28:23.102  1694  1701 I zygote  : After code cache collection, code=45KB, data=59KB
10-26 00:28:23.102  1694  1701 I zygote  : Increasing code cache capacity to 256KB
10-26 00:28:23.136  1694  1726 D OpenGLRenderer: endAllActiveAnimators on 0x8ed2e100 (RippleDrawable) with handle 0x8e5aa260
10-26 00:28:23.799  2021  4294 I NfcService: Disabling NFC
10-26 00:28:23.803  2021  4294 D NfcService: clear T3t Identifiers Cache
10-26 00:28:23.803  2021  4294 D NfcP2pLinkManager: enableDisable: llcp deactivate
10-26 00:28:23.803  2021  4294 I NfcP2pLinkManager: LLCP deactivated.
10-26 00:28:23.803  2021  4294 I NfcP2pLinkManager: Duplicate onLlcpDectivated()
10-26 00:28:23.833  2021  2247 E BrcmNfcJni: nativeLlcpServiceSocket_doAccept: fail accept
10-26 00:28:23.835  2021  2247 E SnepServer: IO error
10-26 00:28:23.835  2021  2247 E SnepServer: java.io.IOException
10-26 00:28:23.835  2021  2247 E SnepServer: 	at com.android.nfc.dhimpl.NativeLlcpServiceSocket.accept(NativeLlcpServiceSocket.java:42)
10-26 00:28:23.835  2021  2247 E SnepServer: 	at com.android.nfc.snep.SnepServer$ServerThread.run(SnepServer.java:211)
10-26 00:28:23.850  2021  4294 D NdefPushServer: stop, thread = Thread[Thread-3,5,main]
10-26 00:28:23.850  2021  4294 D NdefPushServer: shuting down server thread
10-26 00:28:23.852  2021  2248 E BrcmNfcJni: nativeLlcpServiceSocket_doAccept: fail accept
10-26 00:28:23.853  2021  2248 E NdefPushServer: IO error
10-26 00:28:23.853  2021  2248 E NdefPushServer: java.io.IOException
10-26 00:28:23.853  2021  2248 E NdefPushServer: 	at com.android.nfc.dhimpl.NativeLlcpServiceSocket.accept(NativeLlcpServiceSocket.java:42)
10-26 00:28:23.853  2021  2248 E NdefPushServer: 	at com.android.nfc.ndefpush.NdefPushServer$ServerThread.run(NdefPushServer.java:154)
10-26 00:28:23.864  2021  2249 E BrcmNfcJni: nativeLlcpServiceSocket_doAccept: fail accept
10-26 00:28:23.865  2021  2249 E HandoverServer: IO error
10-26 00:28:23.865  2021  2249 E HandoverServer: java.io.IOException
10-26 00:28:23.865  2021  2249 E HandoverServer: 	at com.android.nfc.dhimpl.NativeLlcpServiceSocket.accept(NativeLlcpServiceSocket.java:42)
10-26 00:28:23.865  2021  2249 E HandoverServer: 	at com.android.nfc.handover.HandoverServer$ServerThread.run(HandoverServer.java:118)
10-26 00:28:23.885   190  4296 F libc    : invalid pthread_t 0xac8cc970 passed to libc
10-26 00:28:23.886   190  4296 F libc    : Fatal signal 6 (SIGABRT), code -6 in tid 4296 (android.hardwar)
10-26 00:28:23.951  4307  4307 I crash_dump32: obtaining output fd from tombstoned
10-26 00:28:23.951   248   248 I /system/bin/tombstoned: received crash request for pid 190
10-26 00:28:23.952  4307  4307 I crash_dump32: performing dump of process 190 (target tid = 4296)
10-26 00:28:23.954   190  4296 F libc    : failed to resend signal during crash: Operation not permitted
10-26 00:28:23.954  4307  4307 E DEBUG   : unexpected waitpid response: n=4296, status=00000100
10-26 00:28:23.955   248   248 W /system/bin/tombstoned: crash socket received short read of length 0 (expected 8)
10-26 00:28:23.957   532   594 I BootReceiver: Copying /data/tombstones/tombstone_01 to DropBox (SYSTEM_TOMBSTONE)
10-26 00:28:24.090  4308  4308 I vndksupport: sphal namespace is not configured for this process. Loading /vendor/lib/hw/nfc_nci.bcm2079x.default.so from the current namespace instead.
10-26 00:28:24.092  4308  4308 D NfcNciHal: nfc_open: enter; name=nci
10-26 00:28:24.092  4308  4308 D NfcNciHal: HaiInitializeLibrary: enter
10-26 00:28:24.092  4308  4308 E NfcNciHal: HaiInitializeLibrary: ver=NFCDROID-AOSP_M_00.01 nfa=NFA_PI_1.03.66+
10-26 00:28:24.092  4308  4308 D NfcNciHal: readConfig Opened base config /etc/libnfc-brcm.conf
10-26 00:28:24.110  4308  4308 D NfcNciHal: find found APPL_TRACE_LEVEL=(0x1)
10-26 00:28:24.110  4308  4308 I USERIAL_LINUX: USERIAL_Init
10-26 00:28:24.111  4308  4308 I BrcmNfcNfa: HAL_NfcInitialize (): NFC_HAL_TASK id=0
10-26 00:28:24.111  4308  4309 I BrcmNfcNfa: NFC_HAL_TASK started
10-26 00:28:24.112  4308  4308 I ServiceManagement: Removing namespace from process name android.hardware.nfc@1.0-service to nfc@1.0-service.
10-26 00:28:24.114  4308  4308 I android.hardware.nfc@1.0-service: Registration complete for android.hardware.nfc@1.0::INfc/default.
10-26 00:28:24.782  2021  2218 E BrcmNfcNfa: GKI TASK_DEAD received. exit thread 3...
10-26 00:28:24.801   532   590 D AutofillManagerService: onBackKeyPressed()
10-26 00:28:24.837  1694  4277 W TileUtils: Found com.android.settings.backup.BackupSettingsActivity for intent Intent { act=com.android.settings.action.SETTINGS pkg=com.android.settings } missing metadata com.android.settings.category
10-26 00:28:24.843  1694  1726 W Adreno-EGL: <qeglDrvAPI_eglGetConfigAttrib:607>: EGL_BAD_ATTRIBUTE
10-26 00:28:24.871  1694  1726 I vndksupport: sphal namespace is not configured for this process. Loading /vendor/lib/hw/gralloc.msm8960.so from the current namespace instead.
10-26 00:28:24.878  1694  1694 D DashboardSummary: Listening for condition changes
10-26 00:28:24.878  1694  1694 D DashboardSummary: onConditionsChanged
10-26 00:28:24.878  1694  1694 D DashboardAdapter: adapter setConditions called
10-26 00:28:24.879  1694  1694 D DashboardSummary: conditions refreshed
10-26 00:28:24.879  1694  1694 D APM_Condition: APM condition refreshed
10-26 00:28:24.880  1694  1694 D APM_Condition: setActive was called with false
10-26 00:28:24.882  2021  2216 E BrcmNfcNfa: gki_task task_id=4 terminating
10-26 00:28:24.891  1694  4277 D DatabaseIndexingManager: Indexing locale 'en_US' took 32 millis
10-26 00:28:24.893  1694  1694 I zygote  : Deoptimizing void android.support.v7.widget.RecyclerView.dispatchLayoutStep1() due to JIT inline cache
10-26 00:28:24.962  1694  4277 D DatabaseIndexingManager: Indexing locale 'en_US' took 13 millis
10-26 00:28:25.002   532  1593 D PackageManager: Ephemeral installer not found with new action; try old one
10-26 00:28:25.002   532  1593 D PackageManager: Clear ephemeral installer activity
10-26 00:28:25.006  1694  4277 I SuggestionParser: Use fingerprint requires unavailable feature android.hardware.fingerprint
10-26 00:28:25.012  1694  4277 W Bundle  : Key com.android.settings.dismiss expected String but value was a java.lang.Integer.  The default value <null> was returned.
10-26 00:28:25.013  1694  4277 W Bundle  : Attempt to cast generated internal exception:
10-26 00:28:25.013  1694  4277 W Bundle  : java.lang.ClassCastException: java.lang.Integer cannot be cast to java.lang.String
10-26 00:28:25.013  1694  4277 W Bundle  : 	at android.os.BaseBundle.getString(BaseBundle.java:1089)
10-26 00:28:25.013  1694  4277 W Bundle  : 	at com.android.settingslib.SuggestionParser.getDismissControl(SuggestionParser.java:362)
10-26 00:28:25.013  1694  4277 W Bundle  : 	at com.android.settingslib.SuggestionParser.isDismissed(SuggestionParser.java:315)
10-26 00:28:25.013  1694  4277 W Bundle  : 	at com.android.settingslib.SuggestionParser.filterSuggestions(SuggestionParser.java:172)
10-26 00:28:25.013  1694  4277 W Bundle  : 	at com.android.settingslib.SuggestionParser.readSuggestions(SuggestionParser.java:189)
10-26 00:28:25.013  1694  4277 W Bundle  : 	at com.android.settingslib.SuggestionParser.getSuggestions(SuggestionParser.java:137)
10-26 00:28:25.013  1694  4277 W Bundle  : 	at com.android.settings.dashboard.DashboardSummary$SuggestionLoader.doInBackground(DashboardSummary.java:245)
10-26 00:28:25.013  1694  4277 W Bundle  : 	at com.android.settings.dashboard.DashboardSummary$SuggestionLoader.doInBackground(DashboardSummary.java:240)
10-26 00:28:25.013  1694  4277 W Bundle  : 	at android.os.AsyncTask$2.call(AsyncTask.java:333)
10-26 00:28:25.013  1694  4277 W Bundle  : 	at java.util.concurrent.FutureTask.run(FutureTask.java:266)
10-26 00:28:25.013  1694  4277 W Bundle  : 	at android.os.AsyncTask$SerialExecutor$1.run(AsyncTask.java:245)
10-26 00:28:25.013  1694  4277 W Bundle  : 	at java.util.concurrent.ThreadPoolExecutor.runWorker(ThreadPoolExecutor.java:1162)
10-26 00:28:25.013  1694  4277 W Bundle  : 	at java.util.concurrent.ThreadPoolExecutor$Worker.run(ThreadPoolExecutor.java:636)
10-26 00:28:25.013  1694  4277 W Bundle  : 	at java.lang.Thread.run(Thread.java:764)
10-26 00:28:25.014  1694  4277 I SuggestionParser: Add another fingerprint requires unavailable feature android.hardware.fingerprint
10-26 00:28:25.029  1694  4277 W TileUtils: Found com.android.settings.backup.BackupSettingsActivity for intent Intent { act=com.android.settings.action.SETTINGS pkg=com.android.settings } missing metadata com.android.settings.category
10-26 00:28:25.077  1694  4272 I SuggestionParser: Use fingerprint requires unavailable feature android.hardware.fingerprint
10-26 00:28:25.087  1694  4272 W Bundle  : Key com.android.settings.dismiss expected String but value was a java.lang.Integer.  The default value <null> was returned.
10-26 00:28:25.088  1694  4272 W Bundle  : Attempt to cast generated internal exception:
10-26 00:28:25.088  1694  4272 W Bundle  : java.lang.ClassCastException: java.lang.Integer cannot be cast to java.lang.String
10-26 00:28:25.088  1694  4272 W Bundle  : 	at android.os.BaseBundle.getString(BaseBundle.java:1089)
10-26 00:28:25.088  1694  4272 W Bundle  : 	at com.android.settingslib.SuggestionParser.getDismissControl(SuggestionParser.java:362)
10-26 00:28:25.088  1694  4272 W Bundle  : 	at com.android.settingslib.SuggestionParser.isDismissed(SuggestionParser.java:315)
10-26 00:28:25.088  1694  4272 W Bundle  : 	at com.android.settingslib.SuggestionParser.filterSuggestions(SuggestionParser.java:172)
10-26 00:28:25.088  1694  4272 W Bundle  : 	at com.android.settingslib.SuggestionParser.readSuggestions(SuggestionParser.java:189)
10-26 00:28:25.088  1694  4272 W Bundle  : 	at com.android.settingslib.SuggestionParser.getSuggestions(SuggestionParser.java:137)
10-26 00:28:25.088  1694  4272 W Bundle  : 	at com.android.settings.dashboard.DashboardSummary$SuggestionLoader.doInBackground(DashboardSummary.java:245)
10-26 00:28:25.088  1694  4272 W Bundle  : 	at com.android.settings.dashboard.DashboardSummary$SuggestionLoader.doInBackground(DashboardSummary.java:240)
10-26 00:28:25.088  1694  4272 W Bundle  : 	at android.os.AsyncTask$2.call(AsyncTask.java:333)
10-26 00:28:25.088  1694  4272 W Bundle  : 	at java.util.concurrent.FutureTask.run(FutureTask.java:266)
10-26 00:28:25.088  1694  4272 W Bundle  : 	at android.os.AsyncTask$SerialExecutor$1.run(AsyncTask.java:245)
10-26 00:28:25.088  1694  4272 W Bundle  : 	at java.util.concurrent.ThreadPoolExecutor.runWorker(ThreadPoolExecutor.java:1162)
10-26 00:28:25.088  1694  4272 W Bundle  : 	at java.util.concurrent.ThreadPoolExecutor$Worker.run(ThreadPoolExecutor.java:636)
10-26 00:28:25.088  1694  4272 W Bundle  : 	at java.lang.Thread.run(Thread.java:764)
10-26 00:28:25.089  1694  4272 I SuggestionParser: Add another fingerprint requires unavailable feature android.hardware.fingerprint
10-26 00:28:25.552   532   590 D AutofillManagerService: onBackKeyPressed()
10-26 00:28:25.576  1694  1694 D DashboardSummary: Stopped listening for condition changes
10-26 00:28:25.610  2088  2238 W Adreno-EGL: <qeglDrvAPI_eglGetConfigAttrib:607>: EGL_BAD_ATTRIBUTE
10-26 00:28:25.639  2088  2238 I vndksupport: sphal namespace is not configured for this process. Loading /vendor/lib/hw/gralloc.msm8960.so from the current namespace instead.
10-26 00:28:26.144   532  3092 I OpenGLRenderer: Initialized EGL, version 1.4
10-26 00:28:26.144   532  3092 D OpenGLRenderer: Swap behavior 1
10-26 00:28:26.164  2088  2238 W OpenGLRenderer: Incorrectly called buildLayer on View: ShortcutAndWidgetContainer, destroying layer...
10-26 00:28:28.645   210   477 D audio_hw_primary: disable_audio_route: usecase(1) reset and update mixer path: low-latency-playback
10-26 00:28:28.646   210   477 D audio_hw_primary: disable_snd_device: snd_device(2: speaker)
10-26 00:28:30.898  1483  1483 D Avrcp   : AvrcpServiceBroadcastReceiver-> Action: android.intent.action.PACKAGE_CHANGED
10-26 00:28:30.899  1483  1483 D Avrcp   : AvrcpServiceBroadcastReceiver-> packageName: com.android.settings
10-26 00:28:30.899  1483  1483 D Avrcp   : packageName: com.android.settings removed: false
10-26 00:28:30.925  1483  1483 D Avrcp   : isBrowsableListUpdated: false
10-26 00:28:30.939  2021  2021 D RegisteredNfcFServicesCache: Service unchanged, not updating
10-26 00:28:30.978  1645  1645 D CarrierSvcBindHelper: No carrier app for: 0
10-26 00:28:30.978  1645  1645 D ImsResolver: maybeAddedImsService, packageName: com.android.settings
10-26 00:28:31.003   532   670 I InputReader: Reconfiguring input devices.  changes=0x00000010
10-26 00:28:31.012   532   588 W ResourceType: No known package when getting value for resource number 0x7f080128
10-26 00:28:31.012   532   588 W ResourceType: No known package when getting value for resource number 0x7f120d8d
10-26 00:28:31.012   532   588 W ResourceType: No known package when getting value for resource number 0x7f080127
10-26 00:28:31.012   532   588 W ResourceType: No known package when getting value for resource number 0x7f1203bb
10-26 00:28:31.012   532   588 W ResourceType: No known package when getting value for resource number 0x7f080126
10-26 00:28:31.012   532   588 W ResourceType: No known package when getting value for resource number 0x7f120822
10-26 00:28:31.022   532   532 I Telecom : DefaultDialerCache: Refreshing default dialer for user 0: now com.android.dialer: DDC.oR@AFY
10-26 00:28:31.085   532   588 W VoiceInteractionManagerService: no available voice interaction services found for user 0
10-26 00:28:31.138   532   542 I zygote  : Background concurrent copying GC freed 43992(2MB) AllocSpace objects, 26(816KB) LOS objects, 42% free, 6MB/10MB, paused 427us total 111.694ms
10-26 00:28:55.550   532   599 I PowerManagerService: Going to sleep due to screen timeout (uid 1000)...
10-26 00:28:55.553   532   599 I PowerManagerService: Sleeping (uid 1000)...
10-26 00:28:55.616   532   599 W Adreno-EGL: <qeglDrvAPI_eglGetConfigAttrib:607>: EGL_BAD_ATTRIBUTE
10-26 00:28:55.619   532   599 I vndksupport: sphal namespace is not configured for this process. Loading /vendor/lib/hw/gralloc.msm8960.so from the current namespace instead.
10-26 00:28:55.623   532   599 W Adreno-EGL: <qeglDrvAPI_eglQueryContext:4373>: EGL_BAD_ATTRIBUTE
10-26 00:28:55.729   532  1530 W zygote  : Long monitor contention with owner main (532) at void com.android.server.am.ActivityManagerService.onWakefulnessChanged(int)(ActivityManagerService.java:12323) waiters=0 in void com.android.server.am.ActivityManagerService.activityPaused(android.os.IBinder) for 145ms
10-26 00:28:55.732   532   590 W zygote  : Long monitor contention with owner main (532) at void com.android.server.am.ActivityManagerService.onWakefulnessChanged(int)(ActivityManagerService.java:12323) waiters=3 in void com.android.server.am.ActivityManagerService.dispatchUidsChanged() for 136ms
10-26 00:28:55.734   532   590 W Looper  : Dispatch took 138ms on android.ui, h=Handler (com.android.server.am.ActivityManagerService$UiHandler) {6c54738} cb=null msg=53
10-26 00:28:56.166   532   599 I DisplayPowerController: Blocking screen off
10-26 00:28:56.178   532   599 I DisplayPowerController: Unblocked screen off after 12 ms
10-26 00:28:56.193   198   198 D SurfaceFlinger: Set power mode=0, type=0 flinger=0xac351000
10-26 00:28:56.194   532   597 I DisplayManagerService: Display device changed state: "Built-in Screen", OFF
10-26 00:28:56.210   532   670 I InputReader: Reconfiguring input devices.  changes=0x00000004
10-26 00:28:56.381   532  1473 D SurfaceControl: Excessive delay in setPowerMode(): 188ms
10-26 00:28:56.382   208   228 E ANDR-PERF-LOCK: Failed to apply optimization for resource: 4 level: 0
10-26 00:28:59.336   532   670 I PowerManagerService: Waking up from sleep (uid 1000)...
10-26 00:28:59.354   532   599 I DisplayPowerController: Blocking screen on until initial contents have been drawn.
10-26 00:28:59.436   198   198 D SurfaceFlinger: Set power mode=2, type=0 flinger=0xac351000
10-26 00:28:59.452   532   597 I DisplayManagerService: Display device changed state: "Built-in Screen", ON
10-26 00:28:59.454   532   670 I InputReader: Reconfiguring input devices.  changes=0x00000004
10-26 00:28:59.459   208   228 E ANDR-PERF-LOCK: Failed to reset optimization for resource: 4 level: 0
10-26 00:28:59.468   532   670 I InputReader: Reconfiguring input devices.  changes=0x00000004
10-26 00:28:59.526   532   599 I DisplayPowerController: Unblocked screen on after 172 ms
10-26 00:28:59.537   532  1473 D SurfaceControl: Excessive delay in setPowerMode(): 101ms
10-26 00:28:59.538   532   599 W PowerManagerService: Screen on took 209 ms
10-26 00:29:01.480   532  1593 I ActivityManager: START u0 {act=android.intent.action.MAIN cat=[android.intent.category.LAUNCHER] flg=0x10200000 pkg=com.android.camera2 cmp=com.android.camera2/com.android.camera.CameraLauncher bnds=[598,1029][737,1189]} from uid 10013
10-26 00:29:01.484   210  2908 D ACDB-LOADER: ACDB -> send_afe_cal
10-26 00:29:01.484   210  2908 D audio_hw_primary: enable_snd_device: snd_device(2: speaker)
10-26 00:29:01.493   210  2908 D audio_hw_primary: enable_audio_route: usecase(1) apply and update mixer path: low-latency-playback
10-26 00:29:01.560   532  1593 I ActivityManager: Start proc 4413:com.android.camera2/u0a36 for activity com.android.camera2/com.android.camera.CameraLauncher
10-26 00:29:01.631   532   670 I InputReader: Reconfiguring input devices.  changes=0x00000004
10-26 00:29:01.683  4413  4413 V CAM_Profiler: [  0.000ms][ui] GUARD: CameraApp onCreate() - START
10-26 00:29:01.683  4413  4413 V CAM_Profiler: [  0.000ms][ui] GUARD: FirstRunDetector getTimeOfFirstRun - START
10-26 00:29:01.685  4413  4413 V CAM_Profiler: [  1.282ms][ui] GUARD: FirstRunDetector getTimeOfFirstRun - [ 1.282ms] PreferenceManager.getDefaultSharedPreferences
10-26 00:29:01.688  4413  4413 V CAM_Profiler: [  4.791ms][ui] GUARD: FirstRunDetector getTimeOfFirstRun - [ 3.510ms] preferences.getLong
10-26 00:29:01.689  4413  4413 V CAM_Profiler: [  5.341ms][ui] GUARD: FirstRunDetector getTimeOfFirstRun - STOP
10-26 00:29:01.689  4413  4413 V CAM_Profiler: [  9.216ms][ui] GUARD: CameraApp onCreate() - [ 9.216ms] initializeTimeOfFirstRun
10-26 00:29:01.690  4413  4413 V CAM_Profiler: [  9.888ms][ui] GUARD: CameraApp onCreate() - [ 0.671ms] UsageStatistics.initialize
10-26 00:29:01.692  4413  4413 V CAM_Profiler: [ 12.024ms][ui] GUARD: CameraApp onCreate() - [ 2.136ms] clearNotifications
10-26 00:29:01.692  4413  4413 V CAM_Profiler: [ 12.024ms][ui] GUARD: CameraApp onCreate() - STOP
10-26 00:29:01.717  4413  4413 V CAM_QuickActivity: START onCreate: Activity = com.android.camera.CameraActivity@e8488cb
10-26 00:29:01.717  4413  4413 V CAM_Profiler: [  0.000ms][ui] GUARD: CameraActivity.onCreateTasks - START
10-26 00:29:01.718  4413  4413 D CAM_LocationManager: Using legacy location provider.
10-26 00:29:01.747  4413  4413 D CAM_MemoryManagerImpl: Max native memory: 358 MB
10-26 00:29:01.754  4413  4413 W SoundPool: Use of stream types is deprecated for operations other than volume control
10-26 00:29:01.754  4413  4413 W SoundPool: See the documentation of SoundPool() for what to use instead with android.media.AudioAttributes to qualify your playback use case
10-26 00:29:01.754  4413  4413 I CAM_OneCamFtrCnfgCrtr: CaptureModule? true
10-26 00:29:01.785  4413  4413 I CAM_Profiler: [ 67.230ms][ui] GUARD: CameraActivity.onCreateTasks - [26.642ms] Glide.setup
10-26 00:29:01.790  4413  4413 V CAM_Profiler: [ 72.449ms][ui] GUARD: CameraActivity.onCreateTasks - [ 5.219ms] OneCameraManager.get
10-26 00:29:01.804  4413  4413 I CameraManagerGlobal: Connecting to camera service
10-26 00:29:01.821   225  1856 I OMXMaster: makeComponentInstance(OMX.google.vorbis.decoder) in android.hardwar process
10-26 00:29:01.827   225   337 E OMXNodeInstance: getConfig(0xb2b07420:google.vorbis.decoder, ConfigAndroidVendorExtension(0x6f100004)) ERROR: Undefined(0x80001001)
10-26 00:29:01.828  4413  4413 V CAM_Profiler: [110.779ms][ui] GUARD: CameraActivity.onCreateTasks - [13.885ms] computePictureSizes
10-26 00:29:01.888  4413  4413 W CAM_Log : Tag RoundedThumbnailView is 1 chars longer than limit.
10-26 00:29:02.025  4413  4413 I CAM_Profiler: [307.983ms][ui] GUARD: CameraActivity.onCreateTasks - [194.397ms] setContentView()
10-26 00:29:02.050  4413  4413 I CAM_Profiler: [332.245ms][ui] GUARD: CameraActivity.onCreateTasks - [24.261ms] Configure Camera UI
10-26 00:29:02.065  4413  4413 V CAM_CameraController: Closing camera
10-26 00:29:02.066  4413  4441 W CAM2PORT_AndCamAgntImp: Releasing camera without any camera opened.
10-26 00:29:02.066  4413  4413 V CAM_ModulesInfo: EnableCaptureModule = true
10-26 00:29:02.070  4413  4413 V CAM_Profiler: [  0.000ms][ui] GUARD: new CaptureModule - START
10-26 00:29:02.076  4413  4413 V CAM_Profiler: [  5.646ms][ui] GUARD: new CaptureModule - STOP
10-26 00:29:02.076  4413  4413 V CAM_SettingsManager: listeners: [com.android.camera.app.CameraAppUI@16d3c71]
10-26 00:29:02.082  4413  4413 V CAM_SettingsManager: listeners: [com.android.camera.app.CameraAppUI@16d3c71, com.android.camera.ButtonManager@bc2c5e2]
10-26 00:29:02.083  4413  4413 V CAM_SettingsManager: listeners: [com.android.camera.app.CameraAppUI@16d3c71, com.android.camera.ButtonManager@bc2c5e2, com.android.camera.widget.IndicatorIconController@ecd3430]
10-26 00:29:02.083  4413  4413 V CAM_Profiler: [365.814ms][ui] GUARD: CameraActivity.onCreateTasks - [ 7.172ms] Init Current Module UI
10-26 00:29:02.084  4413  4413 V CAM_Profiler: [  0.000ms][ui] GUARD: CaptureModule.init - START
10-26 00:29:02.084  4413  4413 D CAM_CaptureModule: init UseAutotransformUiLayout = true
10-26 00:29:02.088  4413  4413 D CAM_Camera2OneCamMgr: Getting First BACK Camera
10-26 00:29:02.088  3577  3577 I CameraService: CameraService::connect call (PID -1 "cameraserver", camera ID 0) for HAL version default and Camera API version 1
10-26 00:29:02.090  3577  3577 I CameraService: onTorchStatusChangedLocked: Torch status changed for cameraId=0, newStatus=0
10-26 00:29:02.092   221  1575 D NuPlayerDriver: NuPlayerDriver(0xaa432d90) created, clientPid(3577)
10-26 00:29:02.103   221  4456 D NuPlayerDriver: notifyListener_l(0xaa432d90), (1, 0, 0, -1), loop setting(0, 0)
10-26 00:29:02.104   221  1575 D NuPlayerDriver: NuPlayerDriver(0xaa432230) created, clientPid(3577)
10-26 00:29:02.114   221  4458 D NuPlayerDriver: notifyListener_l(0xaa432230), (1, 0, 0, -1), loop setting(0, 0)
10-26 00:29:02.115   221  1575 D NuPlayerDriver: NuPlayerDriver(0xaa4323f0) created, clientPid(3577)
10-26 00:29:02.125   221  4460 D NuPlayerDriver: notifyListener_l(0xaa4323f0), (1, 0, 0, -1), loop setting(0, 0)
10-26 00:29:02.128  3577  3577 I CameraHardwareInterface: Opening camera 0
10-26 00:29:02.128  3577  3577 I CamDev@1.0-impl: Opening camera 0
10-26 00:29:02.212   245  4465 E mm-camera: sensor_load_chromatix: libchromatix_imx111_preview.so: 30
10-26 00:29:02.310  3577  3577 E mm-libcamera2: mm_camera_open:  opened, break out while loop
10-26 00:29:02.325   245  4465 E mm-camera: vfe_ops_init: E
10-26 00:29:02.331   245  4465 E mm-camera: vfe_legacy_stats_buffer_init: AEC_STATS_BUFNUM
10-26 00:29:02.332   245  4465 E mm-camera: vfe_legacy_stats_buffer_init: AEC_STATS_BUFNUM
10-26 00:29:02.334   245  4465 E mm-camera: mctl_init_stats_proc_info: snap_max_line_cnt =30096
10-26 00:29:02.347  3577  3577 I CameraHardwareInterface: Destroying camera 0
10-26 00:29:02.350  3577  3577 E mm-libcamera2: PROFILE HAL: stopPreview(): E: 1508957942.350057412
10-26 00:29:02.350  3577  3577 I CamDev@1.0-impl: Closing camera 0
10-26 00:29:02.350  3577  3577 I QCameraHWI: ~QCameraHardwareInterface First stop the polling threads before deleting instances
10-26 00:29:02.352   245  4465 E mm-camera: config_shutdown_pp Camera not in streaming mode. Returning. 
10-26 00:29:02.355   245  4465 E mm-camera: vfe_ops_deinit: E
10-26 00:29:02.364  3577  3577 I CameraService: onTorchStatusChangedLocked: Torch status changed for cameraId=0, newStatus=1
10-26 00:29:02.366  3577  3577 I CameraService: onTorchStatusChangedLocked: Torch status changed for cameraId=0, newStatus=1
10-26 00:29:02.366  3577  3577 I CameraService: disconnect: Disconnected client for camera 0 for PID 3577
10-26 00:29:02.367   221   346 D NuPlayerDriver: reset(0xaa432d90) at state 4
10-26 00:29:02.367   221   346 D NuPlayerDriver: notifyListener_l(0xaa432d90), (8, 0, 0, -1), loop setting(0, 0)
10-26 00:29:02.367   221  4456 D NuPlayerDriver: notifyResetComplete(0xaa432d90)
10-26 00:29:02.368   221  1576 D NuPlayerDriver: reset(0xaa432230) at state 4
10-26 00:29:02.369   221  1576 D NuPlayerDriver: notifyListener_l(0xaa432230), (8, 0, 0, -1), loop setting(0, 0)
10-26 00:29:02.369   221  4458 D NuPlayerDriver: notifyResetComplete(0xaa432230)
10-26 00:29:02.371   221  1575 D NuPlayerDriver: reset(0xaa4323f0) at state 4
10-26 00:29:02.371   221  1575 D NuPlayerDriver: notifyListener_l(0xaa4323f0), (8, 0, 0, -1), loop setting(0, 0)
10-26 00:29:02.371   221  4460 D NuPlayerDriver: notifyResetComplete(0xaa4323f0)
10-26 00:29:02.380  4413  4413 W LegacyMetadataMapper: convertAntiBandingMode - Unknown antibanding mode 0
10-26 00:29:02.381  4413  4413 W LegacyMetadataMapper: convertAntiBandingMode - Unknown antibanding mode false
10-26 00:29:02.381  4413  4413 W LegacyMetadataMapper: convertAntiBandingMode - Unknown antibanding mode 1
10-26 00:29:02.381  4413  4413 W LegacyMetadataMapper: convertAntiBandingMode - Unknown antibanding mode true
10-26 00:29:02.381  4413  4413 W LegacyMetadataMapper: convertAntiBandingMode - Unknown antibanding mode 2
10-26 00:29:02.381  4413  4413 W LegacyMetadataMapper: convertAntiBandingMode - Unknown antibanding mode 3
10-26 00:29:02.415  4413  4413 W LegacyMetadataMapper: convertAntiBandingMode - Unknown antibanding mode 0
10-26 00:29:02.415  4413  4413 W LegacyMetadataMapper: convertAntiBandingMode - Unknown antibanding mode false
10-26 00:29:02.415  4413  4413 W LegacyMetadataMapper: convertAntiBandingMode - Unknown antibanding mode 1
10-26 00:29:02.415  4413  4413 W LegacyMetadataMapper: convertAntiBandingMode - Unknown antibanding mode true
10-26 00:29:02.415  4413  4413 W LegacyMetadataMapper: convertAntiBandingMode - Unknown antibanding mode 2
10-26 00:29:02.416  4413  4413 W LegacyMetadataMapper: convertAntiBandingMode - Unknown antibanding mode 3
10-26 00:29:02.446  4413  4413 W SoundPool: Use of stream types is deprecated for operations other than volume control
10-26 00:29:02.446  4413  4413 W SoundPool: See the documentation of SoundPool() for what to use instead with android.media.AudioAttributes to qualify your playback use case
10-26 00:29:02.454  4413  4413 I CAM_Profiler: [369.965ms][ui] GUARD: CaptureModule.init - STOP
10-26 00:29:02.454  4413  4413 I CAM_Profiler: [736.786ms][ui] GUARD: CameraActivity.onCreateTasks - [370.972ms] Init CurrentModule
10-26 00:29:02.477   225   225 I OMXMaster: makeComponentInstance(OMX.google.vorbis.decoder) in android.hardwar process
10-26 00:29:02.479  4413  4413 I CAM_Profiler: [761.230ms][ui] GUARD: CameraActivity.onCreateTasks - STOP
10-26 00:29:02.479  4413  4413 V CAM_QuickActivity: END onCreate: Activity = com.android.camera.CameraActivity@e8488cb
10-26 00:29:02.484  4413  4413 V CAM_QuickActivity: START onStart: Activity = com.android.camera.CameraActivity@e8488cb
10-26 00:29:02.487   225  1856 E OMXNodeInstance: getConfig(0xb2b07420:google.vorbis.decoder, ConfigAndroidVendorExtension(0x6f100004)) ERROR: Undefined(0x80001001)
10-26 00:29:02.489  4413  4413 V CAM_QuickActivity: END onStart: Activity = com.android.camera.CameraActivity@e8488cb
10-26 00:29:02.493  4413  4413 V CAM_QuickActivity: START onResume: Activity = com.android.camera.CameraActivity@e8488cb
10-26 00:29:02.494  4413  4413 V CAM_QuickActivity: onResume(): isKeyguardLocked() = false
10-26 00:29:02.495  4413  4413 V CAM_QuickActivity: onResume --> onResumeTasks()
10-26 00:29:02.497  4413  4413 V CAM_Profiler: [  0.000ms][ui] GUARD: CameraActivity.resume - START
10-26 00:29:02.497  4413  4413 V CAM_CameraActivity: Build info: ua_mako-userdebug 8.0.0 OPR1.170623.027 eng.root.20171025.070824 test-keys
10-26 00:29:02.499   225   225 I OMXMaster: makeComponentInstance(OMX.google.vorbis.decoder) in android.hardwar process
10-26 00:29:02.508   225  1625 E OMXNodeInstance: getConfig(0xb2b07000:google.vorbis.decoder, ConfigAndroidVendorExtension(0x6f100004)) ERROR: Undefined(0x80001001)
10-26 00:29:02.513  4413  4413 V CAM_Profiler: [  0.000ms][ui] GUARD: CaptureModule.resume - START
10-26 00:29:02.514  4413  4491 D CAM_Storage: External storage state=mounted
10-26 00:29:02.514  4413  4413 V CAM_Profiler: [  1.343ms][ui] GUARD: CaptureModule.resume - [ 0.031ms] getRemoteShutterListener.onModuleReady
10-26 00:29:02.532  4413  4413 V CAM_Profiler: [ 19.257ms][ui] GUARD: CaptureModule.resume - [ 2.411ms] mHeadingSensor.activate()
10-26 00:29:02.533  4413  4413 I CAM_Profiler: [ 19.257ms][ui] GUARD: CaptureModule.resume - STOP
10-26 00:29:02.534  4413  4413 I CAM_Profiler: [ 36.652ms][ui] GUARD: CameraActivity.resume - [20.691ms] mCurrentModule.resume
10-26 00:29:02.535  4413  4413 V CAM_Profiler: [ 37.811ms][ui] GUARD: CameraActivity.resume - [ 0.061ms] mPanoramaViewHelper.onResume()
10-26 00:29:02.535  4413  4413 V CAM_LcyLocProvider: starting location updates
10-26 00:29:02.539  4413  4413 D CAM_LcyLocProvider: provider does not exist provider doesn't exist: network
10-26 00:29:02.540   532  1593 I GnssLocationProvider: WakeLock acquired by sendMessage(SET_REQUEST, 0, com.android.server.location.GnssLocationProvider$GpsRequest@90c5fc8)
10-26 00:29:02.542  4413  4413 D CAM_LcyLocProvider: startReceivingLocationUpdates
10-26 00:29:02.543  4413  4413 I CAM_Profiler: [ 45.593ms][ui] GUARD: CameraActivity.resume - STOP
10-26 00:29:02.546   532   588 I GnssLocationProvider: WakeLock released by handleMessage(SET_REQUEST, 0, com.android.server.location.GnssLocationProvider$GpsRequest@90c5fc8)
10-26 00:29:02.549  4413  4413 V CAM_QuickActivity: END onResume: Activity = com.android.camera.CameraActivity@e8488cb
10-26 00:29:02.566  4413  4497 D OpenGLRenderer: HWUI GL Pipeline
10-26 00:29:02.588  4413  4413 V CAM_FocusController: configurePreviewDimensions(RectF(0.0, 0.0, 0.0, 0.0))
10-26 00:29:02.588  4413  4413 V CAM_CameraActivity: ignoring storage callback after activity pause
10-26 00:29:02.626  4413  4497 I Adreno-EGL: <qeglDrvAPI_eglInitialize:379>: QUALCOMM Build: 10/21/15, 369a2ea, I96aee987eb
10-26 00:29:02.632  4413  4497 I OpenGLRenderer: Initialized EGL, version 1.4
10-26 00:29:02.633  4413  4497 D OpenGLRenderer: Swap behavior 1
10-26 00:29:02.655  4413  4497 W Adreno-EGL: <qeglDrvAPI_eglGetConfigAttrib:607>: EGL_BAD_ATTRIBUTE
10-26 00:29:02.657  4413  4413 V CAM_TexViewHelper: onLayoutChange
10-26 00:29:02.658  4413  4497 I vndksupport: sphal namespace is not configured for this process. Loading /vendor/lib/hw/gralloc.msm8960.so from the current namespace instead.
10-26 00:29:02.659  4413  4413 V CAM_TexViewHelper: updateTransform
10-26 00:29:02.659  4413  4413 D CAM_CaptureModule: updatePreviewTransform: 768 x 1184
10-26 00:29:02.708   225   225 I OMXMaster: makeComponentInstance(OMX.google.vorbis.decoder) in android.hardwar process
10-26 00:29:02.715   225  1856 E OMXNodeInstance: getConfig(0xb2b07420:google.vorbis.decoder, ConfigAndroidVendorExtension(0x6f100004)) ERROR: Undefined(0x80001001)
10-26 00:29:02.729  4413  4413 V CAM_TexViewHelper: updateTransform
10-26 00:29:02.730  4413  4413 V CAM_CameraAppUI: SurfaceTexture is available
10-26 00:29:02.730  4413  4413 D CAM_CaptureModule: onSurfaceTextureAvailable
10-26 00:29:02.730  4413  4413 D CAM_CaptureModule: updatePreviewTransform: 768 x 1184
10-26 00:29:02.732  4413  4413 I CAM_FocusRingView: Computing center via view bounds.
10-26 00:29:02.734  4413  4491 V CAM_Profiler: [  0.000ms] GUARD: CaptureModule.closeCamera() - START
10-26 00:29:02.740   532  1617 D GnssLocationProvider: AGPS IP is v4: 255.255.255.255
10-26 00:29:02.740   532  1617 V GnssLocationProvider: Passing AGPS IP addr: size 0
10-26 00:29:02.740   532  1617 V GnssLocationProvider: Received SUPL IP addr[]: null
10-26 00:29:02.741   532  1617 I GnssLocationProvider: WakeLock acquired by sendMessage(REQUEST_SUPL_CONNECTION, 0, null)
10-26 00:29:02.741   532   588 D ConnectivityService: requestNetwork for uid/pid:1000/532 NetworkRequest [ REQUEST id=8, legacyType=3, [ Transports: CELLULAR Capabilities: SUPL&NOT_RESTRICTED&TRUSTED&NOT_VPN] ]
10-26 00:29:02.741   532   588 I GnssLocationProvider: WakeLock released by handleMessage(REQUEST_SUPL_CONNECTION, 0, null)
10-26 00:29:02.742   532  1448 D WIFI_UT : got request NetworkRequest [ REQUEST id=8, legacyType=3, [ Transports: CELLULAR Capabilities: SUPL&NOT_RESTRICTED&TRUSTED&NOT_VPN] ] with score 50
10-26 00:29:02.743  1645  1645 D PhoneSwitcherNetworkRequstListener: got request NetworkRequest [ REQUEST id=8, legacyType=3, [ Transports: CELLULAR Capabilities: SUPL&NOT_RESTRICTED&TRUSTED&NOT_VPN] ] with score 50
10-26 00:29:02.743   532  1448 D WIFI    : got request NetworkRequest [ REQUEST id=8, legacyType=3, [ Transports: CELLULAR Capabilities: SUPL&NOT_RESTRICTED&TRUSTED&NOT_VPN] ] with score 50
10-26 00:29:02.743   532  1471 D Ethernet: got request NetworkRequest [ REQUEST id=8, legacyType=3, [ Transports: CELLULAR Capabilities: SUPL&NOT_RESTRICTED&TRUSTED&NOT_VPN] ] with score 50
10-26 00:29:02.743   532  1466 I GnssLocationProvider: WakeLock acquired by sendMessage(UPDATE_NETWORK_STATE, 0, 101)
10-26 00:29:02.744   532  1453 D ConnectivityService: Sending CONNECTED broadcast for type 3 NetworkAgentInfo [MOBILE (HSPA) - 101] isDefaultNetwork=true
10-26 00:29:02.757  4413  4491 V CAM_Profiler: [ 12.512ms] GUARD: CaptureModule.closeCamera() - [12.512ms] mCameraOpenCloseLock.acquire()
10-26 00:29:02.760  4413  4491 I CAM_Profiler: [ 24.689ms] GUARD: CaptureModule.closeCamera() - STOP
10-26 00:29:02.762  4413  4491 V CAM_Profiler: [  0.000ms] GUARD: CaptureModule.openCameraAndStartPreview() - START
10-26 00:29:02.764  4413  4433 I zygote  : Background concurrent copying GC freed 11232(943KB) AllocSpace objects, 0(0B) LOS objects, 52% free, 1407KB/2MB, paused 7.263ms total 93.872ms
10-26 00:29:02.767   532   588 I GnssLocationProvider: WakeLock released by handleMessage(UPDATE_NETWORK_STATE, 0, 101)
10-26 00:29:02.773  4413  4491 V CAM_Profiler: [  8.453ms] GUARD: CaptureModule.openCameraAndStartPreview() - [ 8.453ms] Acquired mCameraOpenCloseLock
10-26 00:29:02.776  4413  4491 D CAM_Camera2OneCamMgr: Getting First BACK Camera
10-26 00:29:02.784  4413  4491 W LegacyMetadataMapper: convertAntiBandingMode - Unknown antibanding mode 0
10-26 00:29:02.785  4413  4491 W LegacyMetadataMapper: convertAntiBandingMode - Unknown antibanding mode false
10-26 00:29:02.785  4413  4491 W LegacyMetadataMapper: convertAntiBandingMode - Unknown antibanding mode 1
10-26 00:29:02.785  4413  4491 W LegacyMetadataMapper: convertAntiBandingMode - Unknown antibanding mode true
10-26 00:29:02.785  4413  4491 W LegacyMetadataMapper: convertAntiBandingMode - Unknown antibanding mode 2
10-26 00:29:02.785  4413  4491 W LegacyMetadataMapper: convertAntiBandingMode - Unknown antibanding mode 3
10-26 00:29:02.794   165   165 W /system/bin/hwservicemanager: getTransportFromManifest: Cannot find entry android.hardware.graphics.mapper@2.0::IMapper in either framework or device manifest, using default transport.
10-26 00:29:02.799  4413  4497 I vndksupport: sphal namespace is not configured for this process. Loading /vendor/lib/hw/gralloc.msm8960.so from the current namespace instead.
10-26 00:29:02.817   532   597 I ActivityManager: Displayed com.android.camera2/com.android.camera.CameraLauncher: +1s288ms
10-26 00:29:02.825  4413  4486 D CAM_MemoryQuery: timestamp=614297, availMem=1374, totalMem=1834, totalPSS=19, lastTrimLevel=0, largeMemoryClass=512, nativePSS=3, dalvikPSS=1, otherPSS=13,threshold=144, lowMemory=false
10-26 00:29:02.844  4413  4491 I CAM_OneCamera1Opnr: Opening Camera: CameraId{Api2='0',Api1:0}
10-26 00:29:02.844  4413  4491 V CAM_ActvCamDevTrckr: Tracking active camera: null
10-26 00:29:02.849  4413  4491 W LegacyMetadataMapper: convertAntiBandingMode - Unknown antibanding mode 0
10-26 00:29:02.849  4413  4491 W LegacyMetadataMapper: convertAntiBandingMode - Unknown antibanding mode false
10-26 00:29:02.849  4413  4491 W LegacyMetadataMapper: convertAntiBandingMode - Unknown antibanding mode 1
10-26 00:29:02.849  4413  4491 W LegacyMetadataMapper: convertAntiBandingMode - Unknown antibanding mode true
10-26 00:29:02.849  4413  4491 W LegacyMetadataMapper: convertAntiBandingMode - Unknown antibanding mode 2
10-26 00:29:02.849  4413  4491 W LegacyMetadataMapper: convertAntiBandingMode - Unknown antibanding mode 3
10-26 00:29:02.867  4413  4491 I CameraManager: Using legacy camera HAL.
10-26 00:29:02.874  3577  3577 I CameraService: CameraService::connect call (PID -1 "com.android.camera2", camera ID 0) for HAL version default and Camera API version 1
10-26 00:29:02.875  3577  3577 I CameraService: onTorchStatusChangedLocked: Torch status changed for cameraId=0, newStatus=0
10-26 00:29:02.876   221  1575 D NuPlayerDriver: NuPlayerDriver(0xaa4323f0) created, clientPid(3577)
10-26 00:29:02.883   225  1856 I OMXMaster: makeComponentInstance(OMX.google.vorbis.decoder) in android.hardwar process
10-26 00:29:02.891   225  1625 E OMXNodeInstance: getConfig(0xb2b07420:google.vorbis.decoder, ConfigAndroidVendorExtension(0x6f100004)) ERROR: Undefined(0x80001001)
10-26 00:29:02.900   221  4506 D NuPlayerDriver: notifyListener_l(0xaa4323f0), (1, 0, 0, -1), loop setting(0, 0)
10-26 00:29:02.901   221   221 D NuPlayerDriver: NuPlayerDriver(0xa8b35460) created, clientPid(3577)
10-26 00:29:02.926   221  4511 D NuPlayerDriver: notifyListener_l(0xa8b35460), (1, 0, 0, -1), loop setting(0, 0)
10-26 00:29:02.927   221   221 D NuPlayerDriver: NuPlayerDriver(0xa8b355b0) created, clientPid(3577)
10-26 00:29:02.944   221  4513 D NuPlayerDriver: notifyListener_l(0xa8b355b0), (1, 0, 0, -1), loop setting(0, 0)
10-26 00:29:02.947  3577  3577 I CameraHardwareInterface: Opening camera 0
10-26 00:29:02.947  3577  3577 I CamDev@1.0-impl: Opening camera 0
10-26 00:29:02.970  4413  4481 V CAM_CameraDataAdapter: retrieved photo metadata, number of items: 437
10-26 00:29:02.993  4413  4481 V CAM_CameraDataAdapter: retrieved video metadata, number of items: 5
10-26 00:29:02.993  4413  4481 V CAM_CameraDataAdapter: sorting video/photo metadata
10-26 00:29:03.033   245  4516 E mm-camera: sensor_load_chromatix: libchromatix_imx111_preview.so: 30
10-26 00:29:03.040  4413  4481 V CAM_CameraDataAdapter: sorted video/photo metadata
10-26 00:29:03.041  4413  4413 V CAM_FilmstripView: suggesting item bounds: 768x1184
10-26 00:29:03.042  4413  4413 V CAM_FilmstripView: getRecycledView, recycled=false
10-26 00:29:03.064  4413  4413 V CAM_FilmstripView: suggesting item bounds: 768x1184
10-26 00:29:03.064  4413  4413 V CAM_FilmstripView: getRecycledView, recycled=false
10-26 00:29:03.066  4413  4413 V CAM_FilmstripView: suggesting item bounds: 768x1184
10-26 00:29:03.066  4413  4413 V CAM_FilmstripView: getRecycledView, recycled=false
10-26 00:29:03.069  4413  4413 D CAM_FilmstripView: reload() - Ensure all items are loaded at max size.
10-26 00:29:03.069  4413  4413 I CAM_FilmstripView: [ViewItem:0] mData.renderThumbnail()
10-26 00:29:03.073  4413  4413 I CAM_FilmstripView: [ViewItem:1] mData.renderThumbnail()
10-26 00:29:03.076  4413  4413 I CAM_FilmstripView: [ViewItem:2] mData.renderThumbnail()
10-26 00:29:03.080  4413  4486 V CAM_CameraDataAdapter: updating media metadata with photos newer than id: 12877
10-26 00:29:03.092  4413  4413 V CAM_CameraDataAdapter: new photos query return num items: 0
10-26 00:29:03.131  3577  3577 E mm-libcamera2: mm_camera_open:  opened, break out while loop
10-26 00:29:03.139   245  4516 E mm-camera: vfe_ops_init: E
10-26 00:29:03.146   245  4516 E mm-camera: vfe_legacy_stats_buffer_init: AEC_STATS_BUFNUM
10-26 00:29:03.146   245  4516 E mm-camera: vfe_legacy_stats_buffer_init: AEC_STATS_BUFNUM
10-26 00:29:03.148   245  4516 E mm-camera: mctl_init_stats_proc_info: snap_max_line_cnt =30096
