10-07 13:02:23.549  1805  1805 E TelephonyProvider: dbh.selectConflictingRow: Expected 1 but found 0 matching rows found for cv mnc=10 sub_id=-1 name=Telkomsel numeric=51010 mcc=510 type=default,supl bearer_bitmask=0 apn=internet
10-07 13:02:23.552  2097  2139 V AlarmClock: AlarmInitReceiver finished
10-07 13:02:23.562  1805  1805 E TelephonyProvider: dbh.selectConflictingRow: Expected 1 but found 0 matching rows found for cv mnc=11 mmsc=http://mmc.xl.net.id/servlets/mms mmsport=8080 sub_id=-1 numeric=51011 mcc=510 type=mms password=proxl name=XL-MMS bearer_bitmask=0 user=xlgprs apn=www.xlmms.net mmsproxy=202.152.240.50
10-07 13:02:23.564  2163  2163 I Dialer  : VoicemailModule.provideVoicemailClient - providing VoicemailClientImpl
10-07 13:02:23.576  1805  1805 E TelephonyProvider: dbh.selectConflictingRow: Expected 1 but found 0 matching rows found for cv password=3gprs mnc=89 sub_id=-1 name=3 ID numeric=51089 mcc=510 type=default,supl bearer_bitmask=0 user=3gprs apn=3gprs
10-07 13:02:23.579  1805  1805 E TelephonyProvider: dbh.selectConflictingRow: Expected 1 but found 0 matching rows found for cv password=3data mnc=89 sub_id=-1 name=3 ID INTERNET numeric=51089 mcc=510 type=default,supl bearer_bitmask=0 user=3data apn=3data
10-07 13:02:23.582   571  1824 I ActivityManager: Start proc 2549:com.android.email/u0a46 for broadcast com.android.email/.service.EmailUpgradeBroadcastReceiver
10-07 13:02:23.592  1805  1805 E TelephonyProvider: dbh.selectConflictingRow: Expected 1 but found 0 matching rows found for cv mnc=03 sub_id=-1 name=SMART(3G) Internet postpaid numeric=51503 mcc=515 type=default,supl bearer_bitmask=0 apn=internet
10-07 13:02:23.596  1805  1805 E TelephonyProvider: dbh.selectConflictingRow: Expected 1 but found 0 matching rows found for cv mnc=03 sub_id=-1 name=SMART(3G) Internet prepaid numeric=51503 mcc=515 type=default,supl bearer_bitmask=0 apn=internet
10-07 13:02:23.602  1805  1805 E TelephonyProvider: dbh.selectConflictingRow: Expected 1 but found 0 matching rows found for cv mnc=03 mmsc=http://10.102.61.238:8002 mmsport=8080 sub_id=-1 numeric=51503 mcc=515 type=mms authtype=1 password=smartwap name=SMART(3G) MMS prepaid bearer_bitmask=0 user=smartwap apn=mms mmsproxy=10.102.61.46
10-07 13:02:23.607  1805  1805 E TelephonyProvider: dbh.selectConflictingRow: Expected 1 but found 0 matching rows found for cv proxy=10.102.61.46 mnc=03 port=9201 sub_id=-1 name=SMART(3G) HTTP postpaid numeric=51503 mcc=515 type=default bearer_bitmask=0 apn=smart1 authtype=1
10-07 13:02:23.612  1805  1805 E TelephonyProvider: dbh.selectConflictingRow: Expected 1 but found 0 matching rows found for cv mnc=05 sub_id=-1 name=Sun Streaming numeric=51505 mcc=515 type=default,supl bearer_bitmask=0 apn=minternet
10-07 13:02:23.632  1805  1805 E TelephonyProvider: dbh.selectConflictingRow: Expected 1 but found 0 matching rows found for cv mnc=01 sub_id=-1 name=IDEAS numeric=52501 mcc=525 type=default,supl,mms bearer_bitmask=0 apn=e-ideas
10-07 13:02:23.642  1805  1805 E TelephonyProvider: dbh.selectConflictingRow: Expected 1 but found 0 matching rows found for cv mnc=03 mmsc=http://mmsgw:8002 mmsport=8080 sub_id=-1 numeric=52503 mcc=525 type=mms authtype=1 password=user123 name=M1 MMS bearer_bitmask=0 user=65 apn=miworld mmsproxy=172.16.14.10
10-07 13:02:23.644  1805  1805 E TelephonyProvider: dbh.selectConflictingRow: Expected 1 but found 0 matching rows found for cv mnc=03 sub_id=-1 name=M1 numeric=52503 mcc=525 type=default,supl bearer_bitmask=0 apn=sunsurf
10-07 13:02:23.647  1805  1805 E TelephonyProvider: dbh.selectConflictingRow: Expected 1 but found 0 matching rows found for cv mnc=03 sub_id=-1 name=Sunsurf Internet numeric=52503 mcc=525 type=default,supl bearer_bitmask=0 apn=sunsurf
10-07 13:02:23.661  1805  1805 E TelephonyProvider: dbh.selectConflictingRow: Expected 1 but found 0 matching rows found for cv mnc=01 sub_id=-1 name=Vodafone NZ numeric=53001 mcc=530 type=default,supl bearer_bitmask=0 apn=www.vodafone.net.nz
10-07 13:02:23.672  1805  1805 E TelephonyProvider: dbh.selectConflictingRow: Expected 1 but found 0 matching rows found for cv mnc=05 mmsc=http://lsmmsc.xtra.co.nz mmsport=8080 sub_id=-1 name=XT Mobile MMS numeric=53005 mcc=530 type=mms bearer_bitmask=0 apn=wap.telecom.co.nz mmsproxy=210.55.11.73
10-07 13:02:23.686  1805  1805 E TelephonyProvider: dbh.selectConflictingRow: Expected 1 but found 0 matching rows found for cv mnc=02 mmsc=http://mms.digicelpacific.com:8990 mmsport=8080 sub_id=-1 name=Digicel FJ MMS numeric=54202 mcc=542 type=mms bearer_bitmask=0 apn=wap.digicelpacific.com mmsproxy=10.150.122.12
10-07 13:02:23.689  1805  1805 E TelephonyProvider: dbh.selectConflictingRow: Expected 1 but found 0 matching rows found for cv mnc=02 sub_id=-1 name=Digicel FJ numeric=54202 mcc=542 type=default,supl bearer_bitmask=0 apn=web.digicelpacific.com
10-07 13:02:23.701  1805  1805 E TelephonyProvider: dbh.selectConflictingRow: Expected 1 but found 0 matching rows found for cv password=internet mnc=02 sub_id=-1 name=Vodafone EG numeric=60202 mcc=602 type=default,supl bearer_bitmask=0 user=internet apn=internet.vodafone.net
10-07 13:02:23.702   571   650 W ActivityManager: Unable to start service Intent { act=com.android.email.EXCHANGE_INTENT pkg=com.android.exchange } U=0: not found
10-07 13:02:23.706  1805  1805 E TelephonyProvider: dbh.selectConflictingRow: Expected 1 but found 0 matching rows found for cv mnc=03 mmsc=http://10.71.131.7:38090 mmsport=8080 sub_id=-1 name=Etisalat MMS numeric=60203 mcc=602 type=mms bearer_bitmask=0 apn=etisalat mmsproxy=10.71.130.29
10-07 13:02:23.710  2549  2566 D ActivityThread: Loading provider com.android.email.provider;com.android.email.notifier: com.android.email.provider.EmailProvider
10-07 13:02:23.714   571  2331 W ActivityManager: Unable to start service Intent { act=com.android.email.EXCHANGE_INTENT pkg=com.android.exchange } U=0: not found
10-07 13:02:23.718  2549  2567 D ActivityThread: Loading provider com.android.email.provider;com.android.email.notifier: com.android.email.provider.EmailProvider
10-07 13:02:23.720   571   651 W ActivityManager: Unable to start service Intent { act=com.android.email.EXCHANGE_INTENT pkg=com.android.exchange } U=0: not found
10-07 13:02:23.727  1805  1805 E TelephonyProvider: dbh.selectConflictingRow: Expected 1 but found 0 matching rows found for cv mnc=01 sub_id=-1 name=IAM numeric=60401 mcc=604 type=default,supl bearer_bitmask=0 apn=www.iamgprs1.ma
10-07 13:02:23.729  2549  2549 D ActivityThread: Loading provider com.android.email.provider;com.android.email.notifier: com.android.email.provider.EmailProvider
10-07 13:02:23.732   571  1742 W ActivityManager: Unable to start service Intent { act=com.android.email.EXCHANGE_INTENT pkg=com.android.exchange } U=0: not found
10-07 13:02:23.733  2549  2569 D ActivityThread: Loading provider com.android.email.provider;com.android.email.notifier: com.android.email.provider.EmailProvider
10-07 13:02:23.734   571   650 W ActivityManager: Unable to start service Intent { act=com.android.email.EXCHANGE_INTENT pkg=com.android.exchange } U=0: not found
10-07 13:02:23.750  1805  1805 E TelephonyProvider: dbh.selectConflictingRow: Expected 1 but found 0 matching rows found for cv mnc=01 mmsc=http://mmsalize/servlets/mms mmsport=8080 sub_id=-1 numeric=60801 mcc=608 type=mms password=mms name=Orange MMS SN bearer_bitmask=0 user=mms apn=mms mmsproxy=172.16.30.9
10-07 13:02:23.753  1805  1805 E TelephonyProvider: dbh.selectConflictingRow: Expected 1 but found 0 matching rows found for cv proxy=172.16.30.9 password=wap mnc=01 port=8080 sub_id=-1 name=Orange Wap SN numeric=60801 mcc=608 type=default,supl bearer_bitmask=0 user=wap apn=wap
10-07 13:02:23.755  1805  1805 E TelephonyProvider: dbh.selectConflictingRow: Expected 1 but found 0 matching rows found for cv password=internet mnc=01 sub_id=-1 name=Orange Web SN numeric=60801 mcc=608 type=default,supl bearer_bitmask=0 user=internet apn=internet
10-07 13:02:23.761  1805  1805 E TelephonyProvider: dbh.selectConflictingRow: Expected 1 but found 0 matching rows found for cv mnc=02 mmsc=http://10.109.6.2/servlets/mms mmsport=8080 sub_id=-1 numeric=61002 mcc=610 type=mms password=mms name=Orange ML MMS bearer_bitmask=0 user=mms apn=mms mmsproxy=10.109.4.35
10-07 13:02:23.764  1805  1805 E TelephonyProvider: dbh.selectConflictingRow: Expected 1 but found 0 matching rows found for cv proxy=10.109.4.35 password=wap mnc=02 port=8080 sub_id=-1 name=Orange Wap ML numeric=61002 mcc=610 type=default,supl bearer_bitmask=0 user=wap apn=wap
10-07 13:02:23.772  1805  1805 E TelephonyProvider: dbh.selectConflictingRow: Expected 1 but found 0 matching rows found for cv mnc=03 mmsc=http://172.20.6.1/servlets/mms mmsport=8080 sub_id=-1 numeric=61203 mcc=612 type=mms password=mms name=Omms CI bearer_bitmask=0 user=mms apn=orangecimms mmsproxy=172.20.4.33
10-07 13:02:23.774  1805  1805 E TelephonyProvider: dbh.selectConflictingRow: Expected 1 but found 0 matching rows found for cv proxy=172.20.4.33 password=wap mnc=03 port=8080 sub_id=-1 name=OWORLD CI numeric=61203 mcc=612 type=default,supl bearer_bitmask=0 user=wap apn=orangeciwap
10-07 13:02:23.799  1805  1805 E TelephonyProvider: dbh.selectConflictingRow: Expected 1 but found 0 matching rows found for cv mnc=60 sub_id=-1 name=Etisalat NG numeric=62160 mcc=621 type=default,supl bearer_bitmask=0 apn=etisalat
10-07 13:02:23.808  1805  1805 E TelephonyProvider: dbh.selectConflictingRow: Expected 1 but found 0 matching rows found for cv mnc=01 mmsc= sub_id=-1 numeric=63001 mcc=630 type=default,supl proxy= password= port= name=Vodacom CD bearer_bitmask=0 user=vodalive apn=vodanet
10-07 13:02:23.833  1805  1805 E TelephonyProvider: dbh.selectConflictingRow: Expected 1 but found 0 matching rows found for cv password=orange mnc=07 sub_id=-1 name=Orange KE numeric=63907 mcc=639 type=default,supl bearer_bitmask=0 user=orange apn=bew.orange.co.ke
10-07 13:02:23.843  2273  2392 W ExifInterface: Skip the tag entry since tag number is not defined: 2
10-07 13:02:23.848  1805  1805 E TelephonyProvider: dbh.selectConflictingRow: Expected 1 but found 0 matching rows found for cv mnc=14 mmsc= sub_id=-1 numeric=64114 mcc=641 type=default,supl proxy= password= port= name=Orange UG bearer_bitmask=0 user= apn=orange.ug
10-07 13:02:23.852  2273  2392 W ExifInterface: Skip the tag entry since tag number is not defined: 2
10-07 13:02:23.860  2273  2392 W ExifInterface: Skip the tag entry since tag number is not defined: 2
10-07 13:02:23.863  1805  1805 E TelephonyProvider: dbh.selectConflictingRow: Expected 1 but found 0 matching rows found for cv proxy=10.150.0.115 password=orange mnc=02 port=8080 sub_id=-1 name=Orange World MG numeric=64602 mcc=646 type=default,supl bearer_bitmask=0 user=world apn=orangeworld
10-07 13:02:23.865  1805  1805 E TelephonyProvider: dbh.selectConflictingRow: Expected 1 but found 0 matching rows found for cv mnc=02 sub_id=-1 name=Orange MG numeric=64602 mcc=646 type=default,supl bearer_bitmask=0 apn=orangenet
10-07 13:02:23.870  2273  2392 W ExifInterface: Skip the tag entry since tag number is not defined: 2
10-07 13:02:23.874  1805  1805 E TelephonyProvider: dbh.selectConflictingRow: Expected 1 but found 0 matching rows found for cv mnc=00 mmsc=http://mms.orange.re/ mmsport=8080 sub_id=-1 numeric=64700 mcc=647 type=mms password=orange name=Orange RE MMS bearer_bitmask=0 user=orange apn=orangerun.acte mmsproxy=192.168.010.200
10-07 13:02:23.877  1805  1805 E TelephonyProvider: dbh.selectConflictingRow: Expected 1 but found 0 matching rows found for cv password=orange mnc=00 sub_id=-1 name=Orange RE numeric=64700 mcc=647 type=default,supl bearer_bitmask=0 user=orange apn=orangerun
10-07 13:02:23.880  1805  1805 E TelephonyProvider: dbh.selectConflictingRow: Expected 1 but found 0 matching rows found for cv mnc=00 mmsc=http://mms.orange.re mmsport=8080 sub_id=-1 numeric=64700 mcc=647 type=mms password=orange name=Orange MMS Runion bearer_bitmask=0 user=orange apn=orangerun.acte mmsproxy=192.168.10.200
10-07 13:02:23.881  2273  2392 W ExifInterface: Skip the tag entry since tag number is not defined: 2
10-07 13:02:23.887  1805  1805 E TelephonyProvider: dbh.selectConflictingRow: Expected 1 but found 0 matching rows found for cv mnc=10 mmsc=http://mms mmsport=8080 sub_id=-1 name=SFR MMS numeric=64710 mcc=647 type=mms bearer_bitmask=0 apn=mmssfr mmsproxy=10.0.224.145
10-07 13:02:23.904  2273  2392 W ExifInterface: Skip the tag entry since tag number is not defined: 2
10-07 13:02:23.919  2273  2392 W ExifInterface: Skip the tag entry since tag number is not defined: 2
10-07 13:02:23.930  1805  1805 E TelephonyProvider: dbh.selectConflictingRow: Expected 1 but found 0 matching rows found for cv mnc=04 mmsc=http://mms.movistar.sv mmsport=80 sub_id=-1 numeric=70604 mcc=706 type=mms proxy= password=movistarsv port= name=Movistar SV MMS bearer_bitmask=0 user=movistarsv apn=mms.movistar.sv mmsproxy=10.12.20.1
10-07 13:02:23.950  2273  2392 W ExifInterface: Skip the tag entry since tag number is not defined: 2
10-07 13:02:23.964  1805  1805 E TelephonyProvider: dbh.selectConflictingRow: Expected 1 but found 0 matching rows found for cv password=movistarpa mnc=02 sub_id=-1 name=Movistar PA numeric=71402 mcc=714 type=default,supl bearer_bitmask=0 user=movistarpa apn=internet.movistar.pa
10-07 13:02:23.968  2273  2392 W ExifInterface: Skip the tag entry since tag number is not defined: 2
10-07 13:02:23.998   571  1772 W ActivityManager: Unable to start service Intent { act=com.android.mail.action.BACKUP_DATA_CHANGED pkg=com.android.email } U=0: not found
10-07 13:02:24.000   571  1742 W ActivityManager: Unable to start service Intent { act=com.android.mail.action.BACKUP_DATA_CHANGED pkg=com.android.email } U=0: not found
10-07 13:02:24.001   571  1824 W ActivityManager: Unable to start service Intent { act=com.android.mail.action.BACKUP_DATA_CHANGED pkg=com.android.email } U=0: not found
10-07 13:02:24.003   571   650 W ActivityManager: Unable to start service Intent { act=com.android.mail.action.BACKUP_DATA_CHANGED pkg=com.android.email } U=0: not found
10-07 13:02:24.005   571  2309 W ActivityManager: Unable to start service Intent { act=com.android.mail.action.BACKUP_DATA_CHANGED pkg=com.android.email } U=0: not found
10-07 13:02:24.007   571  2335 W ActivityManager: Unable to start service Intent { act=com.android.mail.action.BACKUP_DATA_CHANGED pkg=com.android.email } U=0: not found
10-07 13:02:24.008   571  2331 W ActivityManager: Unable to start service Intent { act=com.android.mail.action.BACKUP_DATA_CHANGED pkg=com.android.email } U=0: not found
10-07 13:02:24.017  2273  2392 I chatty  : uid=10008(u0_a8) MediaScannerSer identical 2 lines
10-07 13:02:24.031   571  1742 D PackageManager: Ephemeral installer not found with new action; try old one
10-07 13:02:24.031   571  1742 D PackageManager: Clear ephemeral installer activity
10-07 13:02:24.031  2273  2392 W ExifInterface: Skip the tag entry since tag number is not defined: 2
10-07 13:02:24.032   571  2331 W ActivityManager: Unable to start service Intent { cmp=com.android.email/.service.AttachmentService } U=0: not found
10-07 13:02:24.040  1805  1805 E TelephonyProvider: dbh.selectConflictingRow: Expected 1 but found 0 matching rows found for cv mnc=34 mmsc= sub_id=-1 numeric=72234 mcc=722 type=default,supl proxy= password= port= name=Personal bearer_bitmask=0 user=gprs apn=gprs.personal.com
10-07 13:02:24.052   571  1772 W ActivityManager: Unable to start service Intent { act=com.android.email.EXCHANGE_INTENT pkg=com.android.exchange } U=0: not found
10-07 13:02:24.054   571  2331 D PackageManager: Ephemeral installer not found with new action; try old one
10-07 13:02:24.054  2273  2392 W ExifInterface: Skip the tag entry since tag number is not defined: 2
10-07 13:02:24.054   571  2331 D PackageManager: Clear ephemeral installer activity
10-07 13:02:24.056   571  1772 W ActivityManager: Unable to start service Intent { cmp=com.android.email/.service.AttachmentService } U=0: not found
10-07 13:02:24.057   571  1742 D PackageManager: Ephemeral installer not found with new action; try old one
10-07 13:02:24.057   571  1742 D PackageManager: Clear ephemeral installer activity
10-07 13:02:24.061   571  1672 D PackageManager: Ephemeral installer not found with new action; try old one
10-07 13:02:24.061   571  1672 D PackageManager: Clear ephemeral installer activity
10-07 13:02:24.065  2549  2572 I Email   : Observing account changes for notifications
10-07 13:02:24.065  1805  1805 E TelephonyProvider: dbh.selectConflictingRow: Expected 1 but found 0 matching rows found for cv mnc=310 mmsc= sub_id=-1 numeric=722310 mcc=722 type=default,supl proxy= password=guest port= name=CTI bearer_bitmask=0 user=guest apn=internet.ctimovil.com.ar
10-07 13:02:24.071  1805  1805 E TelephonyProvider: dbh.selectConflictingRow: Expected 1 but found 0 matching rows found for cv mnc=310 mmsc= sub_id=-1 numeric=722310 mcc=722 type=default,supl authtype=1 proxy= password=ctigpr999 port= name=Claro AR bearer_bitmask=0 user=ctigprs apn=igprs.claro.com.ar
10-07 13:02:24.084   571  1824 D PackageManager: Ephemeral installer not found with new action; try old one
10-07 13:02:24.084   571  1824 D PackageManager: Clear ephemeral installer activity
10-07 13:02:24.086   571  2335 D PackageManager: Ephemeral installer not found with new action; try old one
10-07 13:02:24.087   571  2335 D PackageManager: Clear ephemeral installer activity
10-07 13:02:24.094   571  1772 I ActivityManager: Start proc 2574:com.android.gallery3d/u0a47 for broadcast com.android.gallery3d/com.android.camera.DisableCameraReceiver
10-07 13:02:24.098  2273  2392 W ExifInterface: Skip the tag entry since tag number is not defined: 2
10-07 13:02:24.102   571   650 D PackageManager: Ephemeral installer not found with new action; try old one
10-07 13:02:24.102   571   650 D PackageManager: Clear ephemeral installer activity
10-07 13:02:24.104   571  2335 W ActivityManager: Unable to start service Intent { cmp=com.android.email/.service.AttachmentService } U=0: not found
10-07 13:02:24.104  2549  2573 I Email   : Onetime initialization: 1
10-07 13:02:24.107   571  2309 D PackageManager: Ephemeral installer not found with new action; try old one
10-07 13:02:24.107   571  2309 D PackageManager: Clear ephemeral installer activity
10-07 13:02:24.109  2549  2573 I Email   : Onetime initialization: 2
10-07 13:02:24.110   571   650 W ActivityManager: Unable to start service Intent { act=com.android.email.EXCHANGE_INTENT pkg=com.android.exchange } U=0: not found
10-07 13:02:24.115  2549  2573 I Email   : Onetime initialization: completed.
10-07 13:02:24.122  2273  2392 W ExifInterface: Skip the tag entry since tag number is not defined: 2
10-07 13:02:24.125   571  1672 W ActivityManager: Unable to start service Intent { cmp=com.android.email/.service.AttachmentService } U=0: not found
10-07 13:02:24.125   571   651 D PackageManager: Ephemeral installer not found with new action; try old one
10-07 13:02:24.125   571   651 D PackageManager: Clear ephemeral installer activity
10-07 13:02:24.137   571  2331 W ActivityManager: Unable to start service Intent { act=com.android.email.EXCHANGE_INTENT pkg=com.android.exchange } U=0: not found
10-07 13:02:24.142   571  1672 W ActivityManager: Unable to start service Intent { cmp=com.android.email/.service.AttachmentService } U=0: not found
10-07 13:02:24.160   571  2335 W ActivityManager: Unable to start service Intent { act=com.android.email.EXCHANGE_INTENT pkg=com.android.exchange } U=0: not found
10-07 13:02:24.166   571  1772 W ActivityManager: Unable to start service Intent { act=com.android.email.EXCHANGE_INTENT pkg=com.android.exchange } U=0: not found
10-07 13:02:24.172   571   650 W ActivityManager: Unable to start service Intent { act=com.android.email.EXCHANGE_INTENT pkg=com.android.exchange } U=0: not found
10-07 13:02:24.172  1805  1805 E TelephonyProvider: dbh.selectConflictingRow: Expected 1 but found 0 matching rows found for cv mnc=23 mmsc=null sub_id=-1 numeric=72423 mcc=724 type=default,supl proxy= password=celular port= name=Telemig GPRS bearer_bitmask=0 user=celular apn=gprs.telemigcelular.com.br
10-07 13:02:24.177  2273  2392 W ExifInterface: Skip the tag entry since tag number is not defined: 2
10-07 13:02:24.180  1805  1805 E TelephonyProvider: dbh.selectConflictingRow: Expected 1 but found 0 matching rows found for cv mnc=23 mmsc=http://mms.telemigcelular.com.br mmsport=8080 sub_id=-1 numeric=72423 mcc=724 type=mms proxy= password=celular port= name=Telemig MMS bearer_bitmask=0 user=celular apn=mmsgprs.telemigcelular.com.br mmsproxy=200.192.230.142
10-07 13:02:24.181   571  1742 W ActivityManager: Unable to start service Intent { act=com.android.email.EXCHANGE_INTENT pkg=com.android.exchange } U=0: not found
10-07 13:02:24.184  2549  2549 E ActivityThread: Service com.android.email.service.EmailBroadcastProcessorService has leaked ServiceConnection com.android.emailcommon.service.ServiceProxy$ProxyConnection@5ad6d44 that was originally bound here
10-07 13:02:24.184  2549  2549 E ActivityThread: android.app.ServiceConnectionLeaked: Service com.android.email.service.EmailBroadcastProcessorService has leaked ServiceConnection com.android.emailcommon.service.ServiceProxy$ProxyConnection@5ad6d44 that was originally bound here
10-07 13:02:24.184  2549  2549 E ActivityThread: 	at android.app.LoadedApk$ServiceDispatcher.<init>(LoadedApk.java:1514)
10-07 13:02:24.184  2549  2549 E ActivityThread: 	at android.app.LoadedApk.getServiceDispatcher(LoadedApk.java:1406)
10-07 13:02:24.184  2549  2549 E ActivityThread: 	at android.app.ContextImpl.bindServiceCommon(ContextImpl.java:1589)
10-07 13:02:24.184  2549  2549 E ActivityThread: 	at android.app.ContextImpl.bindService(ContextImpl.java:1541)
10-07 13:02:24.184  2549  2549 E ActivityThread: 	at android.content.ContextWrapper.bindService(ContextWrapper.java:678)
10-07 13:02:24.184  2549  2549 E ActivityThread: 	at com.android.emailcommon.service.ServiceProxy.setTask(ServiceProxy.java:181)
10-07 13:02:24.184  2549  2549 E ActivityThread: 	at com.android.emailcommon.service.ServiceProxy.test(ServiceProxy.java:224)
10-07 13:02:24.184  2549  2549 E ActivityThread: 	at com.android.email.service.EmailServiceUtils.isServiceAvailable(EmailServiceUtils.java:160)
10-07 13:02:24.184  2549  2549 E ActivityThread: 	at com.android.email.provider.AccountReconciler.reconcileAccountsInternal(AccountReconciler.java:171)
10-07 13:02:24.184  2549  2549 E ActivityThread: 	at com.android.email.provider.AccountReconciler.reconcileAccounts(AccountReconciler.java:115)
10-07 13:02:24.184  2549  2549 E ActivityThread: 	at com.android.email.service.EmailBroadcastProcessorService.reconcileAndStartServices(EmailBroadcastProcessorService.java:305)
10-07 13:02:24.184  2549  2549 E ActivityThread: 	at com.android.email.service.EmailBroadcastProcessorService.onBootCompleted(EmailBroadcastProcessorService.java:295)
10-07 13:02:24.184  2549  2549 E ActivityThread: 	at com.android.email.service.EmailBroadcastProcessorService.onHandleIntent(EmailBroadcastProcessorService.java:130)
10-07 13:02:24.184  2549  2549 E ActivityThread: 	at android.app.IntentService$ServiceHandler.handleMessage(IntentService.java:68)
10-07 13:02:24.184  2549  2549 E ActivityThread: 	at android.os.Handler.dispatchMessage(Handler.java:105)
10-07 13:02:24.184  2549  2549 E ActivityThread: 	at android.os.Looper.loop(Looper.java:164)
10-07 13:02:24.184  2549  2549 E ActivityThread: 	at android.os.HandlerThread.run(HandlerThread.java:65)
10-07 13:02:24.185   571   651 W ActivityManager: Unbind failed: could not find connection for android.os.BinderProxy@8a6a97b
10-07 13:02:24.193  2273  2392 W ExifInterface: Skip the tag entry since tag number is not defined: 2
10-07 13:02:24.204  2273  2392 W ExifInterface: Skip the tag entry since tag number is not defined: 2
10-07 13:02:24.213  1805  1805 E TelephonyProvider: dbh.selectConflictingRow: Expected 1 but found 0 matching rows found for cv mnc=03 mmsc=http://mms.clarochile.cl mmsport=8080 sub_id=-1 numeric=73003 mcc=730 type=mms password=clarochile name=MMS CLARO bearer_bitmask=0 user=clarochile apn=mms.clarochile.cl mmsproxy=172.23.200.200
10-07 13:02:24.216  2273  2392 W ExifInterface: Skip the tag entry since tag number is not defined: 2
10-07 13:02:24.221  1805  1805 E TelephonyProvider: dbh.selectConflictingRow: Expected 1 but found 0 matching rows found for cv password=entelpcs mnc=10 sub_id=-1 name=WEB EPCS numeric=73010 mcc=730 type=default,supl bearer_bitmask=0 user=entelpcs apn=imovil.entelpcs.cl
10-07 13:02:24.228  1805  1805 E TelephonyProvider: dbh.selectConflictingRow: Expected 1 but found 0 matching rows found for cv mnc=10 mmsc=http://mmsc.entelpcs.cl mmsport=8080 sub_id=-1 numeric=73010 mcc=730 type=mms password=entelpcs name=MMS EPCS bearer_bitmask=0 user=entelmms apn=mms.entelpcs.cl mmsproxy=10.99.0.10
10-07 13:02:24.230  2273  2392 W ExifInterface: Skip the tag entry since tag number is not defined: 2
10-07 13:02:24.234  1805  1805 E TelephonyProvider: dbh.selectConflictingRow: Expected 1 but found 0 matching rows found for cv mnc=102 mmsc= sub_id=-1 numeric=732102 mcc=732 type=default,supl proxy= password=movistar port= name=Movistar CO bearer_bitmask=0 user=movistar apn=internet.movistar.com.co
10-07 13:02:24.237  2574  2574 I G:DisableCameraReceiver: back camera found: 0
10-07 13:02:24.238   571  1742 D PackageManager: Ephemeral installer not found with new action; try old one
10-07 13:02:24.238   571  1742 D PackageManager: Clear ephemeral installer activity
10-07 13:02:24.243  2273  2392 W ExifInterface: Skip the tag entry since tag number is not defined: 2
10-07 13:02:24.244  1648  1648 I SystemBroadcastReceiver: Boot has been completed
10-07 13:02:24.244  1648  1648 I SystemBroadcastReceiver: toggleAppIcon() : FLAG_SYSTEM = true
10-07 13:02:24.247   571  1824 D PackageManager: Ephemeral installer not found with new action; try old one
10-07 13:02:24.248   571  1824 D PackageManager: Clear ephemeral installer activity
10-07 13:02:24.254  2273  2392 W ExifInterface: Skip the tag entry since tag number is not defined: 2
10-07 13:02:24.294  2273  2392 I chatty  : uid=10008(u0_a8) MediaScannerSer identical 2 lines
10-07 13:02:24.308   571   650 I ActivityManager: Start proc 2591:com.android.messaging/u0a57 for broadcast com.android.messaging/.receiver.BootAndPackageReplacedReceiver
10-07 13:02:24.335  2273  2392 W ExifInterface: Skip the tag entry since tag number is not defined: 2
10-07 13:02:24.347  1805  1805 E TelephonyProvider: dbh.selectConflictingRow: Expected 1 but found 0 matching rows found for cv mnc=01 mmsc=http://mmsc.mms.ancelutil.com.uy mmsport=3128 sub_id=-1 name=Ancel MMS numeric=74801 mcc=748 type=mms bearer_bitmask=0 apn=mms mmsproxy=200.40.246.2
10-07 13:02:24.354  1805  1805 E TelephonyProvider: dbh.selectConflictingRow: Expected 1 but found 0 matching rows found for cv mnc=01 mmsc= sub_id=-1 numeric=74801 mcc=748 type=default,supl proxy= password= port= name=Ancel bearer_bitmask=0 user= apn=ancel
10-07 13:02:24.358  1805  1805 E TelephonyProvider: dbh.selectConflictingRow: Expected 1 but found 0 matching rows found for cv mnc=01 mmsc=http://mmsc.mms.ancelutil.com.uy mmsport=3128 sub_id=-1 numeric=74801 mcc=748 type=mms proxy= password= port= name=Ancel MMS bearer_bitmask=0 user= apn=mms mmsproxy=200.40.246.2
10-07 13:02:24.364  1805  1805 E TelephonyProvider: dbh.selectConflictingRow: Expected 1 but found 0 matching rows found for cv mnc=01 mmsc= sub_id=-1 numeric=74801 mcc=748 type=default,supl proxy= password=bam port= name=BAM Pepaga Antel bearer_bitmask=0 user=bam apn=prepago.ancel
10-07 13:02:24.378  2273  2392 W ExifInterface: Skip the tag entry since tag number is not defined: 2
10-07 13:02:24.419   571  1742 D PackageManager: Ephemeral installer not found with new action; try old one
10-07 13:02:24.420   571  1742 D PackageManager: Clear ephemeral installer activity
10-07 13:02:24.420   571  2309 D PackageManager: Ephemeral installer not found with new action; try old one
10-07 13:02:24.421   571  2309 D PackageManager: Clear ephemeral installer activity
10-07 13:02:24.421   571  1824 D PackageManager: Ephemeral installer not found with new action; try old one
10-07 13:02:24.422   571  1824 D PackageManager: Clear ephemeral installer activity
10-07 13:02:24.422   571   650 D PackageManager: Ephemeral installer not found with new action; try old one
10-07 13:02:24.422   571   650 D PackageManager: Clear ephemeral installer activity
10-07 13:02:24.424   571  1672 D PackageManager: Ephemeral installer not found with new action; try old one
10-07 13:02:24.424   571  1672 D PackageManager: Clear ephemeral installer activity
10-07 13:02:24.441  2273  2392 I chatty  : uid=10008(u0_a8) MediaScannerSer identical 2 lines
10-07 13:02:24.464  2273  2392 W ExifInterface: Skip the tag entry since tag number is not defined: 2
10-07 13:02:24.484  2591  2591 W MessagingApp: PhoneUtils.getForLMR1(): invalid subId = -1
10-07 13:02:24.490  2591  2609 I MessagingApp: Upgrading shared prefs from -1 to 1
10-07 13:02:24.492  2273  2392 W ExifInterface: Skip the tag entry since tag number is not defined: 2
10-07 13:02:24.494  2591  2609 W MessagingApp: PhoneUtils.getForLMR1(): invalid subId = -1
10-07 13:02:24.503  2591  2609 W MessagingApp: PhoneUtils.getForLMR1(): invalid subId = -1
10-07 13:02:24.533  2273  2392 W ExifInterface: Skip the tag entry since tag number is not defined: 2
10-07 13:02:24.555   571  2335 I ActivityManager: Start proc 2611:com.android.onetimeinitializer/u0a17 for broadcast com.android.onetimeinitializer/.OneTimeInitializerReceiver
10-07 13:02:24.576  2273  2392 I chatty  : uid=10008(u0_a8) MediaScannerSer identical 2 lines
10-07 13:02:24.592  2273  2392 W ExifInterface: Skip the tag entry since tag number is not defined: 2
10-07 13:02:24.627  1805  1805 D TelephonyProvider: Checksum for /system/etc/apns-conf.xml is 2615981963
10-07 13:02:24.630  2273  2392 W ExifInterface: Skip the tag entry since tag number is not defined: 2
10-07 13:02:24.630  2591  2610 W MessagingApp: Rebuilt databases: reseting related state
10-07 13:02:24.633  1805  1805 D TelephonyProvider: dbh.onCreate:- db=SQLiteDatabase: /data/user_de/0/com.android.providers.telephony/databases/telephony.db
10-07 13:02:24.646  2611  2611 V OneTimeInitializerReceiver: OneTimeInitializerReceiver.onReceive
10-07 13:02:24.661  2611  2629 I OneTimeInitializer: Updating to version 1.
10-07 13:02:24.662  2611  2629 E ActivityThread: Failed to find provider info for com.android.launcher2.settings
10-07 13:02:24.663  2273  2392 W ExifInterface: Skip the tag entry since tag number is not defined: 2
10-07 13:02:24.724  2273  2392 W ExifInterface: Skip the tag entry since tag number is not defined: 2
10-07 13:02:24.725  1805  1805 D TelephonyProvider: dbh.onOpen: ok, queried table=siminfo
10-07 13:02:24.726  2591  2610 I MessagingAppDataModel: Fixup: Send failed - 0 Download failed - 0
10-07 13:02:24.726  1805  1805 D TelephonyProvider: dbh.onOpen: ok, queried table=carriers
10-07 13:02:24.729  1805  1805 D TelephonyProvider: onCreate: build id changed from  to OPR1.170623.027
10-07 13:02:24.729  1805  1805 D TelephonyProvider: No APNs in OEM image = /oem/telephony/apns-conf.xml Load APNs from system image
10-07 13:02:24.729  1805  1805 D TelephonyProvider: No APNs in OEM image = /data/misc/apns-conf.xml Load APNs from system image
10-07 13:02:24.738   571  2335 I ActivityManager: Start proc 2634:com.android.packageinstaller/u0a19 for broadcast com.android.packageinstaller/.TemporaryFileManager
10-07 13:02:24.743  2591  2610 W MessagingApp: PhoneUtils.getForLMR1(): invalid subId = -1
10-07 13:02:24.746  2273  2392 W ExifInterface: Skip the tag entry since tag number is not defined: 2
10-07 13:02:24.753  2591  2610 I MessagingAppDataModel: ProcessPendingMessagesAction: Scheduling pending messages(message failed)
10-07 13:02:24.756  2591  2610 W MessagingApp: PhoneUtils.getForLMR1(): invalid subId = -1
10-07 13:02:24.771  2273  2392 W ExifInterface: Skip the tag entry since tag number is not defined: 2
10-07 13:02:24.786  2591  2610 W MessagingApp: PhoneUtils.getForLMR1(): invalid subId = -1
10-07 13:02:24.787  2591  2649 I MessagingAppDataModel: SyncMessagesAction: Starting batch for messages from -1 to 1507361544477 (message update limit = 80, message scan limit = 4000)
10-07 13:02:24.796  2273  2392 W ExifInterface: Skip the tag entry since tag number is not defined: 2
10-07 13:02:24.839   571  2309 I ActivityManager: Killing 1819:com.android.settings:CryptKeeper/1000 (adj 906): empty #17
10-07 13:02:24.924  2273  2392 I chatty  : uid=10008(u0_a8) MediaScannerSer identical 10 lines
10-07 13:02:24.935  2273  2392 W ExifInterface: Skip the tag entry since tag number is not defined: 2
10-07 13:02:24.959  1805  1805 D TelephonyProvider: Checksum for /system/etc/apns-conf.xml is 2615981963
10-07 13:02:24.959  1805  1805 D TelephonyProvider: newChecksum: 2615981963
10-07 13:02:24.959  1805  1805 D TelephonyProvider: oldChecksum: 2615981963
10-07 13:02:24.959  1805  1805 D TelephonyProvider: Skipping apn db update since apn-conf has not changed.
10-07 13:02:24.961  2273  2392 W ExifInterface: Skip the tag entry since tag number is not defined: 2
10-07 13:02:24.972  2273  2392 I chatty  : uid=10008(u0_a8) MediaScannerSer identical 1 line
10-07 13:02:24.984  2273  2392 W ExifInterface: Skip the tag entry since tag number is not defined: 2
10-07 13:02:24.992  1805  1805 I ImsResolver: Initializing cache and binding.
10-07 13:02:24.997  2273  2392 W ExifInterface: Skip the tag entry since tag number is not defined: 2
10-07 13:02:25.006  2273  2392 I chatty  : uid=10008(u0_a8) MediaScannerSer identical 1 line
10-07 13:02:25.016  2273  2392 W ExifInterface: Skip the tag entry since tag number is not defined: 2
10-07 13:02:25.025  1805  1805 I zygote  : Looking for service android.hardware.radio@1.0::IRadio/slot1
10-07 13:02:25.026   162   162 W /system/bin/hwservicemanager: getTransportFromManifest: Cannot find entry android.hardware.radio@1.0::IRadio in either framework or device manifest, using default transport.
10-07 13:02:25.027  1805  1805 I zygote  : Starting thread pool.
10-07 13:02:25.028  2273  2392 W ExifInterface: Skip the tag entry since tag number is not defined: 2
10-07 13:02:25.037  1805  1805 I zygote  : Looking for service android.hardware.radio.deprecated@1.0::IOemHook/slot1
10-07 13:02:25.039   162   162 W /system/bin/hwservicemanager: getTransportFromManifest: Cannot find entry android.hardware.radio.deprecated@1.0::IOemHook in either framework or device manifest, using default transport.
10-07 13:02:25.042  1805  1805 I zygote  : Starting thread pool.
10-07 13:02:25.055  2273  2392 W ExifInterface: Skip the tag entry since tag number is not defined: 2
10-07 13:02:25.107  2273  2392 I chatty  : uid=10008(u0_a8) MediaScannerSer identical 4 lines
10-07 13:02:25.112   571  1824 I ActivityManager: Start proc 2660:com.android.smspush/u0a56 for service com.android.smspush/.WapPushManager
10-07 13:02:25.122  2273  2392 W ExifInterface: Skip the tag entry since tag number is not defined: 2
10-07 13:02:25.145  1671  1671 W KeyguardUpdateMonitor: invalid subId in handleSimStateChange()
10-07 13:02:25.163  2273  2392 W ExifInterface: Skip the tag entry since tag number is not defined: 2
10-07 13:02:25.211  2273  2392 I chatty  : uid=10008(u0_a8) MediaScannerSer identical 3 lines
10-07 13:02:25.224  2273  2392 W ExifInterface: Skip the tag entry since tag number is not defined: 2
10-07 13:02:25.238   571   571 I PackageManager: Replacing preferred activity com.android.messaging/.ui.conversation.LaunchConversationActivity for user 0:
10-07 13:02:25.238   571   571 I PackageManager:   Action: "android.intent.action.SENDTO"
10-07 13:02:25.238   571   571 I PackageManager:   Category: "android.intent.category.DEFAULT"
10-07 13:02:25.238   571   571 I PackageManager:   Scheme: "sms"
10-07 13:02:25.239   571   571 I PackageManager:   Action: "android.intent.action.SENDTO"
10-07 13:02:25.239   571   571 I PackageManager:   Category: "android.intent.category.DEFAULT"
10-07 13:02:25.239   571   571 I PackageManager:   Scheme: "smsto"
10-07 13:02:25.240   571   571 I chatty  : uid=1000 system_server identical 2 lines
10-07 13:02:25.240   571   571 I PackageManager:   Action: "android.intent.action.SENDTO"
10-07 13:02:25.240   571   571 I PackageManager:   Category: "android.intent.category.DEFAULT"
10-07 13:02:25.240   571   571 I PackageManager:   Scheme: "mms"
10-07 13:02:25.240   571   571 I PackageManager: Replacing preferred activity com.android.messaging/.ui.conversation.LaunchConversationActivity for user 0:
10-07 13:02:25.240   571   571 I PackageManager:   Action: "android.intent.action.SENDTO"
10-07 13:02:25.240   571   571 I PackageManager:   Category: "android.intent.category.DEFAULT"
10-07 13:02:25.240   571   571 I PackageManager:   Scheme: "mmsto"
10-07 13:02:25.241  2273  2392 W ExifInterface: Skip the tag entry since tag number is not defined: 2
10-07 13:02:25.242   571   571 I DefaultPermGrantPolicy: Granting permissions to default sms app for user:0
10-07 13:02:25.265  2273  2392 W ExifInterface: Skip the tag entry since tag number is not defined: 2
10-07 13:02:25.271  2591  2684 I MessagingAppDataModel: SyncMessagesAction: All messages now in sync
10-07 13:02:25.279  2273  2392 W ExifInterface: Skip the tag entry since tag number is not defined: 2
10-07 13:02:25.287   571   650 I ActivityManager: Killing 2071:android.ext.services/u0a11 (adj 906): empty #17
10-07 13:02:25.294  2273  2392 I chatty  : uid=10008(u0_a8) MediaScannerSer identical 1 line
10-07 13:02:25.309  2273  2392 W ExifInterface: Skip the tag entry since tag number is not defined: 2
10-07 13:02:25.330  1805  1805 D PhoneSwitcherNetworkRequstListener: Registering NetworkFactory
10-07 13:02:25.331   571  1600 D ConnectivityService: Got NetworkFactory Messenger for PhoneSwitcherNetworkRequstListener
10-07 13:02:25.332  2273  2392 W ExifInterface: Skip the tag entry since tag number is not defined: 2
10-07 13:02:25.342   571  1600 D ConnectivityService: Got NetworkFactory Messenger for TelephonyNetworkFactory[0]
10-07 13:02:25.348  2273  2392 W ExifInterface: Skip the tag entry since tag number is not defined: 2
10-07 13:02:25.368  1805  1805 D CarrierConfigLoader: CarrierConfigLoader has started
10-07 13:02:25.369  2273  2392 W ExifInterface: Skip the tag entry since tag number is not defined: 2
10-07 13:02:25.396  1805  1805 I TelecomFramework: TtyManager: updateUiTtyMode -1 -> 0
10-07 13:02:25.423  2273  2392 I chatty  : uid=10008(u0_a8) MediaScannerSer identical 4 lines
10-07 13:02:25.440  2273  2392 W ExifInterface: Skip the tag entry since tag number is not defined: 2
10-07 13:02:25.450  1805  1805 D ImsResolver: maybeAddedImsService, packageName: null
10-07 13:02:25.459  2273  2392 W ExifInterface: Skip the tag entry since tag number is not defined: 2
10-07 13:02:25.473  1805  2677 D BluetoothHeadset: Proxy object connected
10-07 13:02:25.474  2273  2392 W ExifInterface: Skip the tag entry since tag number is not defined: 2
10-07 13:02:25.561  2273  2392 I chatty  : uid=10008(u0_a8) MediaScannerSer identical 7 lines
10-07 13:02:25.572  2273  2392 W ExifInterface: Skip the tag entry since tag number is not defined: 2
10-07 13:02:25.575  1805  1805 D PhoneSwitcherNetworkRequstListener: got request NetworkRequest [ TRACK_DEFAULT id=3, [ Capabilities: INTERNET&NOT_RESTRICTED&TRUSTED&NOT_VPN] ] with score 0
10-07 13:02:25.576  1805  1805 D PhoneSwitcherNetworkRequstListener: got request NetworkRequest [ BACKGROUND_REQUEST id=2, [ Transports: CELLULAR Capabilities: INTERNET&NOT_RESTRICTED&TRUSTED&NOT_VPN] ] with score 0
10-07 13:02:25.576  1805  1805 D PhoneSwitcherNetworkRequstListener: got request NetworkRequest [ REQUEST id=1, [ Capabilities: INTERNET&NOT_RESTRICTED&TRUSTED&NOT_VPN] ] with score 0
10-07 13:02:25.578  1805  1805 D TelephonyDebugService: TelephonyDebugService()
10-07 13:02:25.583  2273  2392 W ExifInterface: Skip the tag entry since tag number is not defined: 2
10-07 13:02:25.594  2273  2392 W ExifInterface: Skip the tag entry since tag number is not defined: 2
10-07 13:02:25.601  1805  1805 D CarrierConfigLoader: mHandler: 12 phoneId: 0
10-07 13:02:25.601  1805  1805 D CarrierConfigLoader: Build fingerprint changed. old: null new: google/occam/mako:5.1.1/LMY48T/2237560:user/release-keys
10-07 13:02:25.604  2273  2392 W ExifInterface: Skip the tag entry since tag number is not defined: 2
10-07 13:02:25.613  1805  1805 I VvmSimStateTracker: android.intent.action.BOOT_COMPLETED
10-07 13:02:25.617  2273  2392 W ExifInterface: Skip the tag entry since tag number is not defined: 2
10-07 13:02:25.626   571   571 I GnssLocationProvider: WakeLock acquired by sendMessage(SUBSCRIPTION_OR_SIM_CHANGED, 0, null)
10-07 13:02:25.632  2591  2705 W MessagingApp: PhoneUtils.getForLMR1(): invalid subId = -1
10-07 13:02:25.634  2591  2704 W MessagingApp: PhoneUtils.getForLMR1(): invalid subId = -1
10-07 13:02:25.635  2273  2392 W ExifInterface: Skip the tag entry since tag number is not defined: 2
10-07 13:02:25.645   571   653 I GnssLocationProvider: WakeLock released by handleMessage(SUBSCRIPTION_OR_SIM_CHANGED, 0, null)
10-07 13:02:25.648  1805  1805 D ServiceStateProvider: subId=-2
10-07 13:02:25.653  2273  2392 W ExifInterface: Skip the tag entry since tag number is not defined: 2
10-07 13:02:25.664   571   650 I ActivityManager: Finished processing BOOT_COMPLETED for u0
10-07 13:02:25.670  1671  1671 W KeyguardUpdateMonitor: invalid subId in handleServiceStateChange()
10-07 13:02:25.682  2273  2392 W ExifInterface: Skip the tag entry since tag number is not defined: 2
10-07 13:02:25.683  2591  2705 W MessagingApp: PhoneUtils.getForLMR1(): invalid subId = -1
10-07 13:02:25.690  2591  2705 W MessagingApp: PhoneUtils.getForLMR1(): invalid subId = -1
10-07 13:02:25.693  2273  2392 W ExifInterface: Skip the tag entry since tag number is not defined: 2
10-07 13:02:25.698  1805  1805 E PhoneInterfaceManager: [PhoneIntfMgr] getIccId: No UICC
10-07 13:02:25.698  2591  2705 W MessagingApp: PhoneUtils.getSelfRawNumber: subInfo is null for -1
10-07 13:02:25.700  2591  2705 W MessagingApp: PhoneUtils.getForLMR1(): invalid subId = -1
10-07 13:02:25.700  2591  2705 W MessagingApp: PhoneUtils.getForLMR1(): invalid subId = -1
10-07 13:02:25.710  2273  2392 W ExifInterface: Skip the tag entry since tag number is not defined: 2
10-07 13:02:25.718   571  2331 I Telecom : PhoneAccountRegistrar: New phone account registered: [[ ] PhoneAccount: ComponentInfo{com.android.phone/com.android.services.telephony.TelephonyConnectionService}, [e0184adedf913b076626646d3f52c3b49c39ad6d], UserHandle{0} Capabilities: CallProvider MultiUser PlaceEmerg SimSub  Audio Routes: BESW Schemes: tel voicemail  Extras: null GroupId: [da39a3ee5e6b4b0d3255bfef95601890afd80709]]: TSI.rPA@ABQ
10-07 13:02:25.719  1805  1810 I zygote  : Do partial code cache collection, code=28KB, data=23KB
10-07 13:02:25.719  1805  1810 I zygote  : After code cache collection, code=23KB, data=21KB
10-07 13:02:25.719  1805  1810 I zygote  : Increasing code cache capacity to 128KB
10-07 13:02:25.723   571  2331 I Telecom : CallsManager: Sending phone-account ComponentInfo{com.android.phone/com.android.services.telephony.TelephonyConnectionService}, [e0184adedf913b076626646d3f52c3b49c39ad6d], UserHandle{0} registered intent as user: TSI.rPA@ABQ
10-07 13:02:25.724   571  2331 I Telecom : CallsManager: Sending phone-account registered intent to default dialer: TSI.rPA@ABQ
10-07 13:02:25.726  1805  1805 I TelecomFramework: AccountEntry: Registered phoneAccount: [[ ] PhoneAccount: ComponentInfo{com.android.phone/com.android.services.telephony.TelephonyConnectionService}, [e0184adedf913b076626646d3f52c3b49c39ad6d], UserHandle{0} Capabilities: CallProvider MultiUser PlaceEmerg SimSub  Audio Routes: BESW Schemes: tel voicemail  Extras: null GroupId: [da39a3ee5e6b4b0d3255bfef95601890afd80709]] with handle: ComponentInfo{com.android.phone/com.android.services.telephony.TelephonyConnectionService}, [e0184adedf913b076626646d3f52c3b49c39ad6d], UserHandle{0}
10-07 13:02:25.727  1805  1805 I TelecomFramework: PstnIncomingCallNotifier: Registering: Handler (com.android.internal.telephony.GsmCdmaPhone) {b854479}
10-07 13:02:25.737  1805  1805 I VvmSimStateTracker: android.intent.action.SIM_STATE_CHANGED
10-07 13:02:25.738  1805  1805 I TelecomFramework: PstnPhoneCapabilitiesNotifier: handleVideoCapabilitesChanged. Video capability - false
10-07 13:02:25.739  1805  1805 E PhoneInterfaceManager: [PhoneIntfMgr] getIccId: No UICC
10-07 13:02:25.749  2273  2392 W ExifInterface: Skip the tag entry since tag number is not defined: 2
10-07 13:02:25.750   571  2309 I Telecom : PhoneAccountRegistrar: Modify account: [ComponentInfo{com.android.phone/com.android.services.telephony.TelephonyConnectionService}, [e0184adedf913b076626646d3f52c3b49c39ad6d], UserHandle{0}]: TSI.rPA@ABc
10-07 13:02:25.763  1805  2713 D SIP     : [SipPreferences] isReceivingCallsEnabled, option not set; use default value, exception: android.provider.Settings$SettingNotFoundException: sip_receive_calls
10-07 13:02:25.767  2273  2392 W ExifInterface: Skip the tag entry since tag number is not defined: 2
10-07 13:02:25.779  2273  2392 I chatty  : uid=10008(u0_a8) MediaScannerSer identical 1 line
10-07 13:02:25.791  2273  2392 W ExifInterface: Skip the tag entry since tag number is not defined: 2
10-07 13:02:25.802  1633  1633 D Avrcp   : AvrcpServiceBroadcastReceiver-> Action: android.intent.action.PACKAGE_CHANGED
10-07 13:02:25.802  1633  1633 D Avrcp   : AvrcpServiceBroadcastReceiver-> packageName: com.android.messaging
10-07 13:02:25.802  1633  1633 D Avrcp   : packageName: com.android.messaging removed: false
10-07 13:02:25.803  1633  1633 D Avrcp   : isBrowsableListUpdated: false
10-07 13:02:25.811  1633  1633 D Avrcp   : AvrcpServiceBroadcastReceiver-> Action: android.intent.action.PACKAGE_CHANGED
10-07 13:02:25.811  1633  1633 D Avrcp   : AvrcpServiceBroadcastReceiver-> packageName: com.android.camera2
10-07 13:02:25.811  1633  1633 D Avrcp   : packageName: com.android.camera2 removed: false
10-07 13:02:25.811  2273  2392 W ExifInterface: Skip the tag entry since tag number is not defined: 2
10-07 13:02:25.812  1633  1633 D Avrcp   : isBrowsableListUpdated: false
10-07 13:02:25.812   571   741 I InputReader: Reconfiguring input devices.  changes=0x00000010
10-07 13:02:25.816   571   741 I chatty  : uid=1000(system) InputReader identical 1 line
10-07 13:02:25.818   571   741 I InputReader: Reconfiguring input devices.  changes=0x00000010
10-07 13:02:25.820  1633  1633 D Avrcp   : AvrcpServiceBroadcastReceiver-> Action: android.intent.action.PACKAGE_CHANGED
10-07 13:02:25.820  1633  1633 D Avrcp   : AvrcpServiceBroadcastReceiver-> packageName: com.android.nfc
10-07 13:02:25.820  1633  1633 D Avrcp   : packageName: com.android.nfc removed: false
10-07 13:02:25.821  1633  1633 D Avrcp   : isBrowsableListUpdated: false
10-07 13:02:25.824  1633  1633 D Avrcp   : AvrcpServiceBroadcastReceiver-> Action: android.intent.action.PACKAGE_CHANGED
10-07 13:02:25.825  1633  1633 D Avrcp   : AvrcpServiceBroadcastReceiver-> packageName: com.android.provision
10-07 13:02:25.825  1633  1633 D Avrcp   : packageName: com.android.provision removed: false
10-07 13:02:25.825  1633  1633 D Avrcp   : isBrowsableListUpdated: false
10-07 13:02:25.828   571   741 I InputReader: Reconfiguring input devices.  changes=0x00000010
10-07 13:02:25.831  1633  1633 D Avrcp   : AvrcpServiceBroadcastReceiver-> Action: android.intent.action.PACKAGE_CHANGED
10-07 13:02:25.831  1633  1633 D Avrcp   : AvrcpServiceBroadcastReceiver-> packageName: com.android.calendar
10-07 13:02:25.831  1633  1633 D Avrcp   : packageName: com.android.calendar removed: false
10-07 13:02:25.831  1633  1633 D Avrcp   : isBrowsableListUpdated: false
10-07 13:02:25.833   571   741 I InputReader: Reconfiguring input devices.  changes=0x00000010
10-07 13:02:25.839   571   571 I Telecom : DefaultDialerCache: Refreshing default dialer for user 0: now com.android.dialer: DDC.oR@ABo
10-07 13:02:25.843   571   741 I InputReader: Reconfiguring input devices.  changes=0x00000010
10-07 13:02:25.845  1633  1633 D Avrcp   : AvrcpServiceBroadcastReceiver-> Action: android.intent.action.PACKAGE_CHANGED
10-07 13:02:25.845  1633  1633 D Avrcp   : AvrcpServiceBroadcastReceiver-> packageName: com.android.gallery3d
10-07 13:02:25.846  1633  1633 D Avrcp   : packageName: com.android.gallery3d removed: false
10-07 13:02:25.847  1633  1633 D Avrcp   : isBrowsableListUpdated: false
10-07 13:02:25.852   571   741 I InputReader: Reconfiguring input devices.  changes=0x00000010
10-07 13:02:25.854  1633  1633 D Avrcp   : AvrcpServiceBroadcastReceiver-> Action: android.intent.action.PACKAGE_CHANGED
10-07 13:02:25.854  1633  1633 D Avrcp   : AvrcpServiceBroadcastReceiver-> packageName: com.android.inputmethod.latin
10-07 13:02:25.854  1633  1633 D Avrcp   : packageName: com.android.inputmethod.latin removed: false
10-07 13:02:25.855  1633  1633 D Avrcp   : isBrowsableListUpdated: false
10-07 13:02:25.859  1805  1805 E PhoneInterfaceManager: [PhoneIntfMgr] getCarrierPackageNamesForIntent: No UICC
10-07 13:02:25.860  1805  1805 D CarrierSvcBindHelper: No carrier app for: 0
10-07 13:02:25.861   571   741 I InputReader: Reconfiguring input devices.  changes=0x00000010
10-07 13:02:25.862  1633  1633 D Avrcp   : AvrcpServiceBroadcastReceiver-> Action: android.intent.action.PACKAGE_CHANGED
10-07 13:02:25.862  1633  1633 D Avrcp   : AvrcpServiceBroadcastReceiver-> packageName: com.android.settings
10-07 13:02:25.863  1633  1633 D Avrcp   : packageName: com.android.settings removed: false
10-07 13:02:25.863  1633  1633 D Avrcp   : isBrowsableListUpdated: false
