10-07 13:02:19.099   571   654 V BackupManagerService: Starting with transport android/com.android.internal.backup.LocalTransport
10-07 13:02:19.101   571   654 D BackupTransportManager: Binding to transport: android/com.android.internal.backup.LocalTransportService
10-07 13:02:19.120   571   651 I ActivityManager: Start proc 2140:com.android.provision/u0a18 for activity com.android.provision/.DefaultActivity
10-07 13:02:19.126   571   654 I BackupManagerService: Backup enable apparently not migrated
10-07 13:02:19.126   571   654 I BackupManagerService: Migrating enable state false
10-07 13:02:19.128   571   654 I BackupManagerService: Backup enabled => false
10-07 13:02:19.142   571   654 W SystemServiceManager: Service com.android.server.backup.BackupManagerService$Lifecycle took 344 ms in onUnlockUser 
10-07 13:02:19.162   571  2116 V KeyValueBackupJob: Scheduling k/v pass in 248 minutes
10-07 13:02:19.182  2097  2139 I AlarmClock: Alarms Table created
10-07 13:02:19.189   571   571 D BackupTransportManager: Bound to transport: android/com.android.internal.backup.LocalTransportService
10-07 13:02:19.190  2097  2139 I AlarmClock: Instance table created
10-07 13:02:19.190  2097  2139 I AlarmClock: Inserting default alarms
10-07 13:02:19.225   571   654 W AppWidgetServiceImpl: Failed to read state: java.io.FileNotFoundException: /data/system/users/0/appwidgets.xml (No such file or directory)
10-07 13:02:19.226   571   654 V AppWidgetServiceImpl: Upgrading widget database from 0 to 1
10-07 13:02:19.226  2097  2139 V AlarmClock: AlarmInitReceiver finished
10-07 13:02:19.228   571   654 W SystemServiceManager: Service com.android.server.appwidget.AppWidgetService took 86 ms in onUnlockUser 
10-07 13:02:19.229   571   654 W VoiceInteractionManagerService: no available voice interaction services found for user 0
10-07 13:02:19.229   571   654 W VoiceInteractionManagerService: no available voice recognition services found for user 0
10-07 13:02:19.245   571  1824 I ActivityManager: Start proc 2163:com.android.dialer/u0a13 for broadcast com.android.dialer/.notification.PackageUpdatedReceiver
10-07 13:02:19.249   571   654 I ActivityManager: Loading recents for user 0 into memory.
10-07 13:02:19.278   571   654 I ActivityManager: Start proc 2177:com.android.nfc/1027 for added application com.android.nfc
10-07 13:02:19.280   571   654 I ActivityManager: User 0 state changed from RUNNING_UNLOCKING to RUNNING_UNLOCKED
10-07 13:02:19.282   571   654 I PreBootBroadcaster: Pre-boot of {com.android.managedprovisioning/com.android.managedprovisioning.ota.PreBootListener} for user 0
10-07 13:02:19.286   571  2168 I chatty  : uid=1000 system_server expire 3 lines
10-07 13:02:19.288   571  2168 W ResourceType: No known package when getting value for resource number 0x7f1203bb
10-07 13:02:19.288   571  2168 W ResourceType: No known package when getting value for resource number 0x7f080126
10-07 13:02:19.288   571  2168 W ResourceType: No known package when getting value for resource number 0x7f120822
10-07 13:02:19.312   571   653 I ActivityManager: Start proc 2195:com.android.printspooler/u0a54 for service com.android.printspooler/.model.PrintSpoolerService
10-07 13:02:19.325  1671  1680 I zygote  : Do partial code cache collection, code=61KB, data=49KB
10-07 13:02:19.331  1671  1680 I zygote  : After code cache collection, code=61KB, data=49KB
10-07 13:02:19.331  1671  1680 I zygote  : Increasing code cache capacity to 256KB
10-07 13:02:19.340   571  2168 W ResourceType: No known package when getting value for resource number 0x7f020067
10-07 13:02:19.340   571  2168 W ResourceType: No known package when getting value for resource number 0x7f0e0068
10-07 13:02:19.382   571  2168 W ResourceType: No known package when getting value for resource number 0x7f070088
10-07 13:02:19.382   571  2168 W ResourceType: No known package when getting value for resource number 0x7f0f0042
10-07 13:02:19.383  1852  1852 D FallbackHome: User unlocked and real home found; let's go!
10-07 13:02:19.391  1633  1633 D BluetoothOppFileProvider: Initialized
10-07 13:02:19.394   571   651 W ActivityManager: Finishing task with all activities already finished
10-07 13:02:19.394   571   651 W ActivityManager: Duplicate finish request for ActivityRecord{309ad2d u0 com.android.settings/.FallbackHome t2 f}
10-07 13:02:19.400   571   655 W Looper  : Dispatch took 122ms on android.ui, h=Handler (com.android.server.am.ActivityManagerService$UiHandler) {3123e3c} cb=null msg=53
10-07 13:02:19.427   571  1824 D PackageManager: Ephemeral installer not found with new action; try old one
10-07 13:02:19.427   571   571 I AccountManagerService: User 0 is unlocked - opening CE database
10-07 13:02:19.427   571  1824 D PackageManager: Clear ephemeral installer activity
10-07 13:02:19.444  1633  1633 D Avrcp   : User unlocked, initializing player lists
10-07 13:02:19.445  1633  1633 V Avrcp   : updatePlaybackState (1): -10(PlaybackState {state=0, position=-1, buffered position=0, speed=0.0, updated=184925, actions=0, custom actions=[], active item id=-1, error=null})
10-07 13:02:19.446  1633  1633 I Avrcp   : Skipping update due to invalid playback state
10-07 13:02:19.446  1633  1633 E Avrcp   : play status change -10
10-07 13:02:19.446  1633  1633 D Avrcp   : sendPlayPosNotificationRsp: Not registered or requesting.
10-07 13:02:19.465  2177  2177 I NfcService: Starting NFC service
10-07 13:02:19.474  2163  2163 I Dialer  : NonUiTaskBuilder.newThread - creating parallel thread
10-07 13:02:19.482  1671  1671 W Adreno-EGL: <qeglDrvAPI_eglGetConfigAttrib:607>: EGL_BAD_ATTRIBUTE
10-07 13:02:19.484  1671  1671 I vndksupport: sphal namespace is not configured for this process. Loading /vendor/lib/hw/gralloc.msm8960.so from the current namespace instead.
10-07 13:02:19.492  2163  2163 I Dialer  : CallLogFramework.registerContentObservers - enter
10-07 13:02:19.495   571   650 I ActivityManager: START u0 {act=android.intent.action.MAIN cat=[android.intent.category.HOME] flg=0x10000100 cmp=com.android.launcher3/.Launcher} from uid 0
10-07 13:02:19.513  2163  2163 I Dialer  : NonUiTaskBuilder.newThread - creating serial thread
10-07 13:02:19.517   571   571 I AccountsDb: Creating CE database /data/system_ce/0/accounts_ce.db
10-07 13:02:19.520   571   650 I ActivityManager: Start proc 2230:com.android.launcher3/u0a14 for activity com.android.launcher3/.Launcher
10-07 13:02:19.527  2163  2163 I Dialer  : NotificationChannelManager.initChannels - enter
10-07 13:02:19.538  2177  2177 I BrcmNfcJni: NFC Service: loading nci JNI
10-07 13:02:19.538  2177  2177 D NfcAdaptation: readConfig Opened base config /etc/libnfc-brcm.conf
10-07 13:02:19.540  2163  2229 I Dialer  : NotificationChannelManager.initChannels - enter
10-07 13:02:19.558   571  1742 I ActivityManager: Start proc 2246:android.process.acore/u0a1 for content provider com.android.providers.blockednumber/.BlockedNumberProvider
10-07 13:02:19.584  2177  2177 D NfcAdaptation: find found SCREEN_OFF_POWER_STATE=(0x1)
10-07 13:02:19.585  2177  2177 D NfcAdaptation: find found ACTIVE_SE=(0x0)
10-07 13:02:19.585  2177  2177 D NfcAdaptation: find found DEFAULT_ISODEP_ROUTE=(0x0)
10-07 13:02:19.592  2177  2177 W Settings: Setting device_provisioned has moved from android.provider.Settings.Secure to android.provider.Settings.Global.
10-07 13:02:19.632   571  1772 I ActivityManager: Start proc 2273:android.process.media/u0a8 for broadcast com.android.providers.downloads/.DownloadReceiver
10-07 13:02:19.654  2230  2230 D LauncherProvider: Launcher process started
10-07 13:02:19.718  2230  2230 V Launcher: LauncherAppState initiated
10-07 13:02:19.719   571   571 I DevicePolicyManager: Set ro.device_owner property to false
10-07 13:02:19.722   571   571 D ZenLog  : disable_effects: 0|android|13|PreBootBroadcaster|1000,booleanState
10-07 13:02:19.752   571   571 D NightDisplayService: setUp: currentUser=0
10-07 13:02:19.755   571   571 D NightDisplayService: onAutoModeChanged: autoMode=0
10-07 13:02:19.755   571   571 I NightDisplayService: Turning off night display
10-07 13:02:19.781   195   335 D PermissionCache: checking android.permission.HARDWARE_TEST for uid=1000 => granted (244 us)
10-07 13:02:19.791   571   653 I ActivityManager: Start proc 2306:com.android.keychain/1000 for service com.android.keychain/.KeyChainService
10-07 13:02:19.795  2177  2177 W NfceeAccess: could not find /etc/nfcee_access.xml, no NFCEE access allowed
10-07 13:02:19.795  2177  2177 I NfceeAccess: read 0 signature(s) for NFCEE access
10-07 13:02:19.815   571   651 D PackageManager: Ephemeral installer not found with new action; try old one
10-07 13:02:19.815   571   651 D PackageManager: Clear ephemeral installer activity
10-07 13:02:19.844   571  1824 I ActivityManager: Start proc 2323:com.android.launcher3:wallpaper_chooser/u0a14 for service com.android.launcher3/.dynamicui.ColorExtractionService
10-07 13:02:19.861  1671  1671 W Adreno-EGL: <qeglDrvAPI_eglGetConfigAttrib:607>: EGL_BAD_ATTRIBUTE
10-07 13:02:19.863  1671  1671 I vndksupport: sphal namespace is not configured for this process. Loading /vendor/lib/hw/gralloc.msm8960.so from the current namespace instead.
10-07 13:02:19.936  2246  2246 I ContactsPerf: VoicemailContentProvider.onCreate start
10-07 13:02:19.947  2177  2177 D RegisteredT3tIdentifiersCache: RegisteredT3tIdentifiersCache
10-07 13:02:19.952  2230  2230 W System  : ClassLoader referenced unknown path: 
10-07 13:02:19.957  2246  2246 I ContactsPerf: VoicemailContentProvider.onCreate finish
10-07 13:02:19.960  1648  1712 I zygote  : Waiting for a blocking GC ProfileSaver
10-07 13:02:19.976  1648  1712 I zygote  : WaitForGcToComplete blocked for 15.808ms for cause ProfileSaver
10-07 13:02:19.989  2177  2177 D RegisteredServicesCache: Dynamic AIDs file does not exist.
10-07 13:02:19.993  2273  2273 I DownloadManager: Upgrading downloads database from version 0 to version 110, which will destroy all old data
10-07 13:02:20.003  2177  2177 D RegisteredNfcFServicesCache: Dynamic System Code, NFCID2 file does not exist.
10-07 13:02:20.009  2177  2177 D RegisteredNfcFServicesCache: Service unchanged, not updating
10-07 13:02:20.017  2246  2246 D StrictMode: StrictMode policy violation; ~duration=204 ms: android.os.StrictMode$StrictModeDiskWriteViolation: policy=65597 violation=1
10-07 13:02:20.017  2246  2246 D StrictMode: 	at android.os.StrictMode$AndroidBlockGuardPolicy.onWriteToDisk(StrictMode.java:1384)
10-07 13:02:20.017  2246  2246 D StrictMode: 	at libcore.io.BlockGuardOs.mkdir(BlockGuardOs.java:193)
10-07 13:02:20.017  2246  2246 D StrictMode: 	at android.system.Os.mkdir(Os.java:319)
10-07 13:02:20.017  2246  2246 D StrictMode: 	at android.app.ContextImpl.ensurePrivateDirExists(ContextImpl.java:562)
10-07 13:02:20.017  2246  2246 D StrictMode: 	at android.app.ContextImpl.ensurePrivateDirExists(ContextImpl.java:550)
10-07 13:02:20.017  2246  2246 D StrictMode: 	at android.app.ContextImpl.getPreferencesDir(ContextImpl.java:506)
10-07 13:02:20.017  2246  2246 D StrictMode: 	at android.app.ContextImpl.getSharedPreferencesPath(ContextImpl.java:698)
10-07 13:02:20.017  2246  2246 D StrictMode: 	at android.app.ContextImpl.getSharedPreferences(ContextImpl.java:366)
10-07 13:02:20.017  2246  2246 D StrictMode: 	at android.preference.PreferenceManager.getDefaultSharedPreferences(PreferenceManager.java:526)
10-07 13:02:20.017  2246  2246 D StrictMode: 	at com.android.providers.contacts.FastScrollingIndexCache.getInstance(FastScrollingIndexCache.java:95)
10-07 13:02:20.017  2246  2246 D StrictMode: 	at com.android.providers.contacts.ContactsProvider2.initialize(ContactsProvider2.java:1587)
10-07 13:02:20.017  2246  2246 D StrictMode: 	at com.android.providers.contacts.ContactsProvider2.onCreate(ContactsProvider2.java:1562)
10-07 13:02:20.017  2246  2246 D StrictMode: 	at android.content.ContentProvider.attachInfo(ContentProvider.java:1919)
10-07 13:02:20.017  2246  2246 D StrictMode: 	at android.content.ContentProvider.attachInfo(ContentProvider.java:1894)
10-07 13:02:20.017  2246  2246 D StrictMode: 	at android.app.ActivityThread.installProvider(ActivityThread.java:6285)
10-07 13:02:20.017  2246  2246 D StrictMode: 	at android.app.ActivityThread.installContentProviders(ActivityThread.java:5851)
10-07 13:02:20.017  2246  2246 D StrictMode: 	at android.app.ActivityThread.handleBindApplication(ActivityThread.java:5772)
10-07 13:02:20.017  2246  2246 D StrictMode: 	at android.app.ActivityThread.-wrap1(Unknown Source:0)
10-07 13:02:20.017  2246  2246 D StrictMode: 	at android.app.ActivityThread$H.handleMessage(ActivityThread.java:1661)
10-07 13:02:20.017  2246  2246 D StrictMode: 	at android.os.Handler.dispatchMessage(Handler.java:105)
10-07 13:02:20.017  2246  2246 D StrictMode: 	at android.os.Looper.loop(Looper.java:164)
10-07 13:02:20.017  2246  2246 D StrictMode: 	at android.app.ActivityThread.main(ActivityThread.java:6541)
10-07 13:02:20.017  2246  2246 D StrictMode: 	at java.lang.reflect.Method.invoke(Native Method)
10-07 13:02:20.017  2246  2246 D StrictMode: 	at com.android.internal.os.Zygote$MethodAndArgsCaller.run(Zygote.java:240)
10-07 13:02:20.017  2246  2246 D StrictMode: 	at com.android.internal.os.ZygoteInit.main(ZygoteInit.java:767)
10-07 13:02:20.017  2246  2246 D StrictMode: StrictMode policy violation; ~duration=202 ms: android.os.StrictMode$StrictModeDiskWriteViolation: policy=65597 violation=1
10-07 13:02:20.017  2246  2246 D StrictMode: 	at android.os.StrictMode$AndroidBlockGuardPolicy.onWriteToDisk(StrictMode.java:1384)
10-07 13:02:20.017  2246  2246 D StrictMode: 	at libcore.io.BlockGuardOs.chmod(BlockGuardOs.java:77)
10-07 13:02:20.017  2246  2246 D StrictMode: 	at android.system.Os.chmod(Os.java:87)
10-07 13:02:20.017  2246  2246 D StrictMode: 	at android.app.ContextImpl.ensurePrivateDirExists(ContextImpl.java:563)
10-07 13:02:20.017  2246  2246 D StrictMode: 	at android.app.ContextImpl.ensurePrivateDirExists(ContextImpl.java:550)
10-07 13:02:20.017  2246  2246 D StrictMode: 	at android.app.ContextImpl.getPreferencesDir(ContextImpl.java:506)
10-07 13:02:20.017  2246  2246 D StrictMode: 	at android.app.ContextImpl.getSharedPreferencesPath(ContextImpl.java:698)
10-07 13:02:20.017  2246  2246 D StrictMode: 	at android.app.ContextImpl.getSharedPreferences(ContextImpl.java:366)
10-07 13:02:20.017  2246  2246 D StrictMode: 	at android.preference.PreferenceManager.getDefaultSharedPreferences(PreferenceManager.java:526)
10-07 13:02:20.017  2246  2246 D StrictMode: 	at com.android.providers.contacts.FastScrollingIndexCache.getInstance(FastScrollingIndexCache.java:95)
10-07 13:02:20.017  2246  2246 D StrictMode: 	at com.android.providers.contacts.ContactsProvider2.initialize(ContactsProvider2.java:1587)
10-07 13:02:20.017  2246  2246 D StrictMode: 	at com.android.providers.contacts.ContactsProvider2.onCreate(ContactsProvider2.java:1562)
10-07 13:02:20.017  2246  2246 D StrictMode: 	at android.content.ContentProvider.attachInfo(ContentProvider.java:1919)
10-07 13:02:20.017  2246  2246 D StrictMode: 	at android.content.ContentProvider.attachInfo(ContentProvider.java:1894)
10-07 13:02:20.017  2246  2246 D StrictMode: 	at android.app.ActivityThread.installProvider(ActivityThread.java:6285)
10-07 13:02:20.017  2246  2246 D StrictMode: 	at android.app.ActivityThread.installContentProviders(ActivityThread.java:5851)
10-07 13:02:20.017  2246  2246 D StrictMode: 	at android.app.ActivityThread.handleBindApplication(ActivityThread.java:5772)
10-07 13:02:20.017  2246  2246 D StrictMode: 	at android.app.ActivityThread.-wrap1(Unknown Source:0)
10-07 13:02:20.017  2246  2246 D StrictMode: 	at android.app.ActivityThread$H.handleMessage(ActivityThread.java:1661)
10-07 13:02:20.017  2246  2246 D StrictMode: 	at android.os.Handler.dispatchMessage(Handler.java:105)
10-07 13:02:20.017  2246  2246 D StrictMode: 	at android.os.Looper.loop(Looper.java:164)
10-07 13:02:20.017  2246  2246 D StrictMode: 	at android.app.ActivityThread.main(ActivityThread.java:6541)
10-07 13:02:20.017  2246  2246 D StrictMode: 	at java.lang.reflect.Method.invoke(Native Method)
10-07 13:02:20.017  2246  2246 D StrictMode: 	at com.android.internal.os.Zygote$MethodAndArgsCaller.run(Zygote.java:240)
10-07 13:02:20.017  2246  2246 D StrictMode: 	at com.android.internal.os.ZygoteInit.main(ZygoteInit.java:767)
10-07 13:02:20.023  2163  2223 I Dialer  : BlockedNumbersAutoMigrator - updating state as already checked for auto-migrate.
10-07 13:02:20.024  2177  2349 D NfcService: checking on firmware download
10-07 13:02:20.024  2177  2349 D NfcService: NFC is on. Doing normal stuff
10-07 13:02:20.024  2177  2349 I NfcService: Enabling NFC
10-07 13:02:20.027  2177  2349 D NfcAdaptation: find found SCREEN_OFF_POWER_STATE=(0x1)
10-07 13:02:20.028  2177  2349 D NfcAdaptation: NfcAdaptation::Initialize: enter
10-07 13:02:20.028  2177  2349 E NfcAdaptation: NfcAdaptation::Initialize: ver=NFCDROID-AOSP_M_00.01 nfa=NFA_PI_1.03.66+
10-07 13:02:20.028  2177  2349 D NfcAdaptation: find found NFA_STORAGE=/data/nfc
10-07 13:02:20.028  2177  2349 D NfcAdaptation: find found PROTOCOL_TRACE_LEVEL=(0x0)
10-07 13:02:20.028  2177  2349 D NfcAdaptation: find found NFA_MAX_EE_SUPPORTED=(0x0)
10-07 13:02:20.028  2177  2349 D NfcAdaptation: NfcAdaptation::Initialize: Overriding NFA_EE_MAX_EE_SUPPORTED to use 0
10-07 13:02:20.028  2177  2349 D NfcAdaptation: find found APPL_TRACE_LEVEL=(0x1)
10-07 13:02:20.028  2163  2163 I Dialer  : BlockedNumbersAutoMigrator - attempting to auto-migrate.
10-07 13:02:20.034  2246  2333 I ContactsDatabaseHelper: Bootstrapping database contacts2.db version: 1202
10-07 13:02:20.048  2177  2355 I BrcmNfcNfa: NFC_TASK started.
10-07 13:02:20.049  2177  2354 E BrcmNfcNfa: gki_task task_id=0 terminating
10-07 13:02:20.049  2177  2349 I NfcAdaptation: NfcAdaptation::InitializeHalDeviceContext: INfc::getService()
10-07 13:02:20.054  2177  2349 I NfcAdaptation: NfcAdaptation::InitializeHalDeviceContext: INfc::getService() returned 0x9b6540c0 (remote)
10-07 13:02:20.054  2177  2349 I BrcmNfcNfa: nfa_dm_init ()
10-07 13:02:20.054  2177  2349 I BrcmNfcNfa: nfa_sys_register () id=1, enable_cplt_mask=0x0
10-07 13:02:20.054  2177  2349 I BrcmNfcNfa: nfa_sys_register () id=3, enable_cplt_mask=0x8
10-07 13:02:20.054  2177  2349 I BrcmNfcNfa: nfa_rw_init ()
10-07 13:02:20.054  2177  2349 I BrcmNfcNfa: nfa_sys_register () id=5, enable_cplt_mask=0x28
10-07 13:02:20.054  2177  2349 I BrcmNfcNfa: nfa_ce_init ()
10-07 13:02:20.054  2177  2349 I BrcmNfcNfa: nfa_sys_register () id=6, enable_cplt_mask=0x68
10-07 13:02:20.054  2177  2349 I BrcmNfcNfa: nfa_ee_init ()
10-07 13:02:20.054  2177  2349 I BrcmNfcNfa: nfa_sys_register () id=2, enable_cplt_mask=0x6c
10-07 13:02:20.054  2177  2349 I BrcmNfcNfa: LLCP - llcp_init ()
10-07 13:02:20.054  2177  2349 I BrcmNfcNfa: num_rx_buff = 9, rx_congest_start = 6, rx_congest_end = 4, max_num_ll_rx_buff = 2
10-07 13:02:20.054  2177  2349 I BrcmNfcNfa: max_num_tx_buff = 21, max_num_ll_tx_buff = 6
10-07 13:02:20.054  2177  2349 I BrcmNfcNfa: LLCP_RegisterServer (): SAP:0x1, link_type:0x2, ServiceName:<urn:nfc:sn:sdp>
10-07 13:02:20.055  2177  2349 I BrcmNfcNfa: LLCP_RegisterServer (): Registered SAP = 0x01
10-07 13:02:20.055  2177  2349 I BrcmNfcNfa: NFA_Enable ()
10-07 13:02:20.055  2177  2349 I BrcmNfcNfa: NFC_SetTraceLevel () new_level = 1
10-07 13:02:20.056   187   295 I USERIAL_LINUX: USERIAL_Open(): enter
10-07 13:02:20.056   187   295 I USERIAL_LINUX: USERIAL_Open() device: /dev/bcm2079x-i2c port=5, uart_port=0 WAKE_DELAY(20) WRITE_DELAY(20) POWER_ON_DELAY(300) PRE_POWER_OFF_DELAY(10) POST_POWER_OFF_DELAY(0)
10-07 13:02:20.086  2323  2352 E ColorExtractionService: Fetching partial bitmap failed, trying old method
10-07 13:02:20.086  2323  2352 E ColorExtractionService: java.lang.NullPointerException: Attempt to invoke virtual method 'java.io.FileDescriptor android.os.ParcelFileDescriptor.getFileDescriptor()' on a null object reference
10-07 13:02:20.086  2323  2352 E ColorExtractionService: 	at com.android.launcher3.dynamicui.ColorExtractionService.getHotseatPalette(ColorExtractionService.java:125)
10-07 13:02:20.086  2323  2352 E ColorExtractionService: 	at com.android.launcher3.dynamicui.ColorExtractionService.-wrap0(Unknown Source:0)
10-07 13:02:20.086  2323  2352 E ColorExtractionService: 	at com.android.launcher3.dynamicui.ColorExtractionService$1.run(ColorExtractionService.java:88)
10-07 13:02:20.086  2323  2352 E ColorExtractionService: 	at android.os.Handler.handleCallback(Handler.java:789)
10-07 13:02:20.086  2323  2352 E ColorExtractionService: 	at android.os.Handler.dispatchMessage(Handler.java:98)
10-07 13:02:20.086  2323  2352 E ColorExtractionService: 	at android.os.Looper.loop(Looper.java:164)
10-07 13:02:20.086  2323  2352 E ColorExtractionService: 	at android.os.HandlerThread.run(HandlerThread.java:65)
10-07 13:02:20.109   571  1604 D NotificationSQLiteLog: Pruned event entries: 0
10-07 13:02:20.175  2230  2245 I zygote  : Background concurrent copying GC freed 5807(1425KB) AllocSpace objects, 2(36KB) LOS objects, 49% free, 1647KB/3MB, paused 13.793ms total 158.538ms
10-07 13:02:20.254  2163  2163 I Dialer  : BlockedNumbersAutoMigrator - auto-migrating: no blocked numbers.
10-07 13:02:20.256  2230  2362 D OpenGLRenderer: HWUI GL Pipeline
10-07 13:02:20.284  1805  1817 I chatty  : uid=1001(radio) HeapTaskDaemon expire 1 line
10-07 13:02:20.322  2323  2366 E ColorExtractionService: Fetching partial bitmap failed, trying old method
10-07 13:02:20.322  2323  2366 E ColorExtractionService: java.lang.NullPointerException: Attempt to invoke virtual method 'java.io.FileDescriptor android.os.ParcelFileDescriptor.getFileDescriptor()' on a null object reference
10-07 13:02:20.322  2323  2366 E ColorExtractionService: 	at com.android.launcher3.dynamicui.ColorExtractionService.getHotseatPalette(ColorExtractionService.java:125)
10-07 13:02:20.322  2323  2366 E ColorExtractionService: 	at com.android.launcher3.dynamicui.ColorExtractionService.-wrap0(Unknown Source:0)
10-07 13:02:20.322  2323  2366 E ColorExtractionService: 	at com.android.launcher3.dynamicui.ColorExtractionService$1.run(ColorExtractionService.java:88)
10-07 13:02:20.322  2323  2366 E ColorExtractionService: 	at android.os.Handler.handleCallback(Handler.java:789)
10-07 13:02:20.322  2323  2366 E ColorExtractionService: 	at android.os.Handler.dispatchMessage(Handler.java:98)
10-07 13:02:20.322  2323  2366 E ColorExtractionService: 	at android.os.Looper.loop(Looper.java:164)
10-07 13:02:20.322  2323  2366 E ColorExtractionService: 	at android.os.HandlerThread.run(HandlerThread.java:65)
10-07 13:02:20.333  2230  2362 I Adreno-EGL: <qeglDrvAPI_eglInitialize:379>: QUALCOMM Build: 10/21/15, 369a2ea, I96aee987eb
10-07 13:02:20.338  2230  2362 I OpenGLRenderer: Initialized EGL, version 1.4
10-07 13:02:20.338  2230  2362 D OpenGLRenderer: Swap behavior 1
10-07 13:02:20.361  2230  2362 W Adreno-EGL: <qeglDrvAPI_eglGetConfigAttrib:607>: EGL_BAD_ATTRIBUTE
10-07 13:02:20.391  2230  2362 I vndksupport: sphal namespace is not configured for this process. Loading /vendor/lib/hw/gralloc.msm8960.so from the current namespace instead.
10-07 13:02:20.408  2370  2370 W com.android.systemui: type=1400 audit(0.0:117): avc: granted { getattr } for comm=496E666C6174657254687265616420 path="/" dev="rootfs" ino=1 scontext=u:r:platform_app:s0:c512,c768 tcontext=u:object_r:rootfs:s0 tclass=dir
10-07 13:02:20.415  2230  2304 V GridSizeMigrationTask: Workspace migration completed in 142
10-07 13:02:20.417  2230  2304 D Launcher.Model: loadWorkspace: loading default favorites
10-07 13:02:20.428  2370  2370 W com.android.systemui: type=1400 audit(0.0:118): avc: granted { getattr } for comm=496E666C6174657254687265616420 path="/" dev="rootfs" ino=1 scontext=u:r:platform_app:s0:c512,c768 tcontext=u:object_r:rootfs:s0 tclass=dir
10-07 13:02:20.428  2370  2370 W com.android.systemui: type=1400 audit(0.0:119): avc: granted { getattr } for comm=496E666C6174657254687265616420 path="/" dev="rootfs" ino=1 scontext=u:r:platform_app:s0:c512,c768 tcontext=u:object_r:rootfs:s0 tclass=dir
10-07 13:02:20.431   162   162 W /system/bin/hwservicemanager: getTransportFromManifest: Cannot find entry android.hardware.graphics.mapper@2.0::IMapper in either framework or device manifest, using default transport.
10-07 13:02:20.438  2230  2362 I vndksupport: sphal namespace is not configured for this process. Loading /vendor/lib/hw/gralloc.msm8960.so from the current namespace instead.
10-07 13:02:20.448  2367  2367 W com.android.systemui: type=1400 audit(0.0:120): avc: granted { getattr } for comm=496E666C6174657254687265616420 path="/" dev="rootfs" ino=1 scontext=u:r:platform_app:s0:c512,c768 tcontext=u:object_r:rootfs:s0 tclass=dir
10-07 13:02:20.448  2367  2367 W com.android.systemui: type=1400 audit(0.0:121): avc: granted { getattr } for comm=496E666C6174657254687265616420 path="/" dev="rootfs" ino=1 scontext=u:r:platform_app:s0:c512,c768 tcontext=u:object_r:rootfs:s0 tclass=dir
10-07 13:02:20.448  2368  2368 W com.android.systemui: type=1400 audit(0.0:122): avc: granted { getattr } for comm=496E666C6174657254687265616420 path="/" dev="rootfs" ino=1 scontext=u:r:platform_app:s0:c512,c768 tcontext=u:object_r:rootfs:s0 tclass=dir
10-07 13:02:20.448  2368  2368 W com.android.systemui: type=1400 audit(0.0:123): avc: granted { getattr } for comm=496E666C6174657254687265616420 path="/" dev="rootfs" ino=1 scontext=u:r:platform_app:s0:c512,c768 tcontext=u:object_r:rootfs:s0 tclass=dir
10-07 13:02:20.448  2367  2367 W com.android.systemui: type=1400 audit(0.0:124): avc: granted { getattr } for comm=496E666C6174657254687265616420 path="/" dev="rootfs" ino=1 scontext=u:r:platform_app:s0:c512,c768 tcontext=u:object_r:rootfs:s0 tclass=dir
10-07 13:02:20.448  2368  2368 W com.android.systemui: type=1400 audit(0.0:125): avc: granted { getattr } for comm=496E666C6174657254687265616420 path="/" dev="rootfs" ino=1 scontext=u:r:platform_app:s0:c512,c768 tcontext=u:object_r:rootfs:s0 tclass=dir
10-07 13:02:20.460   571   662 I ActivityManager: Displayed com.android.launcher3/.Launcher: +942ms (total +1s341ms)
10-07 13:02:20.466  2273  2273 E SQLiteLog: (1) no such table: album_info
10-07 13:02:20.478  2370  2370 W com.android.systemui: type=1400 audit(0.0:126): avc: granted { getattr } for comm=496E666C6174657254687265616420 path="/" dev="rootfs" ino=1 scontext=u:r:platform_app:s0:c512,c768 tcontext=u:object_r:rootfs:s0 tclass=dir
10-07 13:02:20.478  2370  2370 I chatty  : uid=10025(u0_a25) InflaterThread identical 1 line
10-07 13:02:20.488  2370  2370 W com.android.systemui: type=1400 audit(0.0:128): avc: granted { getattr } for comm=496E666C6174657254687265616420 path="/" dev="rootfs" ino=1 scontext=u:r:platform_app:s0:c512,c768 tcontext=u:object_r:rootfs:s0 tclass=dir
10-07 13:02:20.508  2367  2367 W com.android.systemui: type=1400 audit(0.0:129): avc: granted { getattr } for comm=496E666C6174657254687265616420 path="/" dev="rootfs" ino=1 scontext=u:r:platform_app:s0:c512,c768 tcontext=u:object_r:rootfs:s0 tclass=dir
10-07 13:02:20.509   571   708 I WindowManager: Screen frozen for +1s566ms due to Window{1ec0bb6 u0 com.android.launcher3/com.android.launcher3.Launcher}
10-07 13:02:20.513  2230  2304 D LauncherProvider: loading default workspace
10-07 13:02:20.518  2367  2367 I chatty  : uid=10025(u0_a25) InflaterThread expire 1 line
10-07 13:02:20.518  2367  2367 W com.android.systemui: type=1400 audit(0.0:131): avc: granted { getattr } for comm=496E666C6174657254687265616420 path="/" dev="rootfs" ino=1 scontext=u:r:platform_app:s0:c512,c768 tcontext=u:object_r:rootfs:s0 tclass=dir
10-07 13:02:20.538  2368  2368 W com.android.systemui: type=1400 audit(0.0:132): avc: granted { getattr } for comm=496E666C6174657254687265616420 path="/" dev="rootfs" ino=1 scontext=u:r:platform_app:s0:c512,c768 tcontext=u:object_r:rootfs:s0 tclass=dir
10-07 13:02:20.538  2368  2368 I chatty  : uid=10025(u0_a25) InflaterThread identical 1 line
10-07 13:02:20.548  2368  2368 W com.android.systemui: type=1400 audit(0.0:134): avc: granted { getattr } for comm=496E666C6174657254687265616420 path="/" dev="rootfs" ino=1 scontext=u:r:platform_app:s0:c512,c768 tcontext=u:object_r:rootfs:s0 tclass=dir
10-07 13:02:20.571   187   295 I USERIAL_LINUX: USERIAL_Open(): exit
10-07 13:02:20.584  1805  1805 I chatty  : uid=1001(radio) com.android.phone expire 181 lines
10-07 13:02:20.592   187   295 E BrcmNfcNfa: NVM patch version is 166.166
10-07 13:02:20.594   187   187 E hw-IPCThreadState: binder thread pool (1 threads) starved for 538 ms
10-07 13:02:20.602  2177  2355 E BrcmNfcNfa: NCI version mismatch!!:0x10 != 0x0f 
10-07 13:02:20.641  2177  2349 E pn54x   : readConfig Cannot open config file /etc/libnfc-nxp.conf
10-07 13:02:20.641  2177  2349 E pn54x   : readConfig Using default value for all settings
10-07 13:02:20.665  2273  2273 D MediaScannerReceiver: action: android.intent.action.MEDIA_MOUNTED path: /storage/emulated/0
10-07 13:02:20.672  2177  2349 D NdefPushServer: start, thread = null
10-07 13:02:20.672  2177  2349 D NdefPushServer: starting new server thread
10-07 13:02:20.675  2177  2387 D NdefPushServer: about create LLCP service socket
10-07 13:02:20.676  2177  2387 D NdefPushServer: created LLCP service socket
10-07 13:02:20.676  2177  2387 D NdefPushServer: about to accept
10-07 13:02:20.692  2177  2349 W SoundPool: Use of stream types is deprecated for operations other than volume control
10-07 13:02:20.692  2177  2349 W SoundPool: See the documentation of SoundPool() for what to use instead with android.media.AudioAttributes to qualify your playback use case
10-07 13:02:20.702   571  2331 I ActivityManager: Start proc 2393:com.android.managedprovisioning/u0a15 for broadcast com.android.managedprovisioning/.ota.PreBootListener
10-07 13:02:20.710  2230  2304 W DefaultLayoutParser: No preference or single system activity found for Intent { act=android.intent.action.MAIN cat=[android.intent.category.APP_BROWSER] }
10-07 13:02:20.739  2177  2349 I NfcService: First Boot
10-07 13:02:20.742   222  1735 I OMXMaster: makeComponentInstance(OMX.google.vorbis.decoder) in android.hardwar process
10-07 13:02:20.749   222  1735 E OMXNodeInstance: getConfig(0xb3a07180:google.vorbis.decoder, ConfigAndroidVendorExtension(0x6f100004)) ERROR: Undefined(0x80001001)
10-07 13:02:20.771  2246  2333 I ContactsProviderV1: Bootstrapping database legacy support
10-07 13:02:20.773  1671  1686 I zygote  : Background concurrent copying GC freed 35309(4MB) AllocSpace objects, 151(2MB) LOS objects, 49% free, 4MB/8MB, paused 305us total 549.804ms
10-07 13:02:20.803  2177  2411 D NfcService: Discovery configuration equal, not updating.
10-07 13:02:20.850  2230  2304 W DefaultLayoutParser: No preference or single system activity found for Intent { act=android.intent.action.MAIN cat=[android.intent.category.APP_MARKET] }
10-07 13:02:20.851  2230  2304 W DefaultLayoutParser: No preference or single system activity found for Intent { act=android.intent.action.VIEW dat=market://details?id=com.android.launcher }
10-07 13:02:20.894   571   650 I PreBootBroadcaster: Pre-boot of {com.android.providers.calendar/com.android.providers.calendar.CalendarUpgradeReceiver} for user 0
10-07 13:02:20.895   571   571 D ZenLog  : disable_effects: 0|android|13|PreBootBroadcaster|1000,booleanState
10-07 13:02:20.912   571   650 I ActivityManager: Start proc 2418:com.android.quicksearchbox/u0a55 for broadcast com.android.quicksearchbox/.SearchWidgetProvider
10-07 13:02:20.942  2246  2333 D ContactsDatabaseHelper: WAL enabled for contacts2.db: true
10-07 13:02:21.029   222   222 I OMXMaster: makeComponentInstance(OMX.google.vorbis.decoder) in android.hardwar process
10-07 13:02:21.036   222  1735 E OMXNodeInstance: getConfig(0xb3a07180:google.vorbis.decoder, ConfigAndroidVendorExtension(0x6f100004)) ERROR: Undefined(0x80001001)
10-07 13:02:21.079  2246  2333 E SQLiteLog: (1) no such table: _sync_state_metadata
10-07 13:02:21.160   571  2309 I ActivityManager: Start proc 2439:com.android.providers.calendar/u0a2 for broadcast com.android.providers.calendar/.CalendarUpgradeReceiver
10-07 13:02:21.185  2246  2345 W zygote  : Long monitor contention with owner Worker-1 (2333) at long android.database.sqlite.SQLiteConnection.nativePrepareStatement(long, java.lang.String)(SQLiteConnection.java:-2) waiters=0 in android.database.sqlite.SQLiteDatabase android.database.sqlite.SQLiteOpenHelper.getWritableDatabase() for 1.075s
10-07 13:02:21.190  2246  2345 I CallLogDatabaseHelper: Migrating from old tables...
10-07 13:02:21.191  2246  2345 I CallLogDatabaseHelper: Source tables don't exist.
10-07 13:02:21.234   204   288 D ThermalDaemon: Sensor 'tsens_tz_sensor10' - alarm raised 1 at 65.0 degC
10-07 13:02:21.234  2246  2347 W zygote  : Long monitor contention with owner Worker-1 (2345) at void android.database.sqlite.SQLiteConnection.nativeExecute(long, long)(SQLiteConnection.java:-2) waiters=0 in android.database.sqlite.SQLiteDatabase android.database.sqlite.SQLiteOpenHelper.getReadableDatabase() for 1.268s
10-07 13:02:21.234   204   287 D ThermalDaemon: Sensor 'tsens_tz_sensor9' - alarm raised 1 at 64.0 degC
10-07 13:02:21.235   204   283 D ThermalDaemon: Sensor 'tsens_tz_sensor5' - alarm raised 1 at 62.0 degC
10-07 13:02:21.242   222  1735 I OMXMaster: makeComponentInstance(OMX.google.vorbis.decoder) in android.hardwar process
10-07 13:02:21.253   222   333 E OMXNodeInstance: getConfig(0xb3a07180:google.vorbis.decoder, ConfigAndroidVendorExtension(0x6f100004)) ERROR: Undefined(0x80001001)
10-07 13:02:21.315  2246  2333 I ContactLocale: AddressBook Labels [[en_US]]: [, A, B, C, D, E, F, G, H, I, J, K, L, M, N, O, P, Q, R, S, T, U, V, W, X, Y, Z, , , , , , , , , , , , , , , , , , , , , , , , , , , , , , , , , , , , , , , , , , , , , , , , , , , , , , , , , , , , , , , , , , , , , , , , , , , , , , , , , , , , , , , , , , , , , , , , , , , , , , , , , , , , , , , , , , , , , , , , , , , , , , , , , , , , , , , , , , , , , , , , , , , , , , , , , , , , , , , , , , , , , , , , , , , , , , , , , , , , , , , , , , , #, ]
10-07 13:02:21.343  2246  2345 I CallLogDatabaseHelper: Migrating from old tables...
10-07 13:02:21.345  2246  2345 I CallLogDatabaseHelper: Source tables don't exist.
10-07 13:02:21.404  2246  2333 I ContactsDatabaseHelper: Bootstrapping database contacts2.db version: 1202
10-07 13:02:21.443  2439  2439 I CalendarDatabaseHelper: Bootstrapping database
10-07 13:02:21.460   571   581 I zygote  : Background concurrent copying GC freed 40146(3MB) AllocSpace objects, 23(808KB) LOS objects, 42% free, 4MB/8MB, paused 427us total 197.082ms
10-07 13:02:21.531  2230  2245 I zygote  : Background concurrent copying GC freed 13466(999KB) AllocSpace objects, 7(348KB) LOS objects, 50% free, 1969KB/3MB, paused 366us total 129.669ms
10-07 13:02:21.549  2439  2439 I CalendarProvider2: Created com.android.providers.calendar.CalendarAlarmManager@b84e949(com.android.providers.calendar.CalendarProvider2@e21c24e)
10-07 13:02:21.646  2439  2439 I CalendarUpgradeReceiver: Creating or opening calendar database
10-07 13:02:21.650   571   650 I PreBootBroadcaster: Pre-boot of {com.android.providers.contacts/com.android.providers.contacts.ContactsUpgradeReceiver} for user 0
10-07 13:02:21.652   571   571 D ZenLog  : disable_effects: 0|android|13|PreBootBroadcaster|1000,booleanState
10-07 13:02:21.696  2246  2246 I ContactsUpgradeReceiver: Creating or opening contacts database
10-07 13:02:21.774  2246  2333 I ContactsProviderV1: Bootstrapping database legacy support
10-07 13:02:21.892  2246  2333 D ContactsDatabaseHelper: WAL enabled for profile.db: true
10-07 13:02:21.975  2246  2333 E SQLiteLog: (1) no such table: _sync_state_metadata
10-07 13:02:22.026  2246  2246 I ContactsProvider: Locale has changed from null to [en_US]
10-07 13:02:22.028  2246  2246 I ContactsDatabaseHelper: Switching to locale [en_US] (ICU v58.2)
10-07 13:02:22.101   571   653 I RetailDemoModeService: Deleting contents of /data/preloads
10-07 13:02:22.203  2246  2246 I ContactsDatabaseHelper: Locale change completed in 175ms
10-07 13:02:22.204  2246  2246 I ContactsDatabaseHelper: Switching to locale [en_US] (ICU v58.2)
10-07 13:02:22.221  2246  2333 I ContactDirectoryManager: deleted 0 stale rows which don't have any relevant directory
10-07 13:02:22.224  2246  2333 I ContactDirectoryManager: Discovered 0 contact directories in 130ms
10-07 13:02:22.225  1633  1633 D BluetoothPbapService:  onChange on contact uri 
10-07 13:02:22.226  2246  2333 I ContactsProvider: Locale has changed from null to [en_US]
10-07 13:02:22.271  2273  2392 W ExifInterface: Skip the tag entry since tag number is not defined: 2
10-07 13:02:22.273  2246  2333 I ContactsDatabaseHelper: Switching to locale [en_US] (ICU v58.2)
10-07 13:02:22.328  2273  2392 W ExifInterface: Skip the tag entry since tag number is not defined: 2
10-07 13:02:22.346  2246  2246 I ContactsDatabaseHelper: Locale change completed in 142ms
10-07 13:02:22.437   571  1772 I PreBootBroadcaster: Pre-boot of {com.android.providers.media/com.android.providers.media.MediaUpgradeReceiver} for user 0
10-07 13:02:22.439   571   571 D ZenLog  : disable_effects: 0|android|13|PreBootBroadcaster|1000,booleanState
10-07 13:02:22.490  2273  2273 I MediaUpgradeReceiver: ---> Start upgrade of media database external.db
10-07 13:02:22.513  2246  2333 I ContactsDatabaseHelper: Locale change completed in 240ms
10-07 13:02:22.534  1671  1680 I zygote  : Do full code cache collection, code=126KB, data=99KB
10-07 13:02:22.535  1671  1680 I zygote  : After code cache collection, code=93KB, data=63KB
10-07 13:02:22.590  2273  2273 I MediaUpgradeReceiver: <--- Finished upgrade of media database external.db in 100ms
10-07 13:02:22.591   571  2331 I PreBootBroadcaster: Pre-boot of {com.android.settings/com.android.settings.SettingsInitialize} for user 0
10-07 13:02:22.593   571   571 D ZenLog  : disable_effects: 0|android|13|PreBootBroadcaster|1000,booleanState
10-07 13:02:22.596   571  2331 D PackageManager: Ephemeral installer not found with new action; try old one
10-07 13:02:22.597   571  2331 D PackageManager: Clear ephemeral installer activity
10-07 13:02:22.598   571  1824 I ActivityManager: Sending BOOT_COMPLETE user #0
10-07 13:02:22.621  2246  2333 I ContactsFTS: Rebuild contact search index in 56ms, 0 contacts
10-07 13:02:22.680  1671  1671 I zygote  : Deoptimizing void com.android.systemui.statusbar.stack.NotificationStackScrollLayout.updateContentHeight() due to JIT inline cache
10-07 13:02:22.690  1671  1671 I zygote  : Deoptimizing void com.android.systemui.statusbar.ExpandableView.updateClipping() due to JIT inline cache
10-07 13:02:22.696   571  2481 E BootReceiver: Error reading /data/system/last-header.txt
10-07 13:02:22.696   571  2481 E BootReceiver: java.io.FileNotFoundException: /data/system/last-header.txt (No such file or directory)
10-07 13:02:22.696   571  2481 E BootReceiver: 	at java.io.FileInputStream.open0(Native Method)
10-07 13:02:22.696   571  2481 E BootReceiver: 	at java.io.FileInputStream.open(FileInputStream.java:200)
10-07 13:02:22.696   571  2481 E BootReceiver: 	at java.io.FileInputStream.<init>(FileInputStream.java:150)
10-07 13:02:22.696   571  2481 E BootReceiver: 	at android.os.FileUtils.readTextFile(FileUtils.java:262)
10-07 13:02:22.696   571  2481 E BootReceiver: 	at com.android.server.BootReceiver.getPreviousBootHeaders(BootReceiver.java:144)
10-07 13:02:22.696   571  2481 E BootReceiver: 	at com.android.server.BootReceiver.getBootHeadersToLogAndUpdate(BootReceiver.java:166)
10-07 13:02:22.696   571  2481 E BootReceiver: 	at com.android.server.BootReceiver.logBootEvents(BootReceiver.java:186)
10-07 13:02:22.696   571  2481 E BootReceiver: 	at com.android.server.BootReceiver.-wrap2(Unknown Source:0)
10-07 13:02:22.696   571  2481 E BootReceiver: 	at com.android.server.BootReceiver$1.run(BootReceiver.java:116)
10-07 13:02:22.697  2246  2333 I ContactsProvider: Upgrading aggregation algorithm
10-07 13:02:22.700   571   662 I zygote  : Explicit concurrent copying GC freed 9992(745KB) AllocSpace objects, 9(580KB) LOS objects, 42% free, 4MB/8MB, paused 366us total 181.304ms
10-07 13:02:22.705  2246  2333 I ContactAggregator: Marked all visible contacts for aggregation: 0 raw contacts, 2 ms
10-07 13:02:22.708  2163  2163 I Dialer  : NonUiTaskBuilder.newThread - creating parallel thread
10-07 13:02:22.709  2246  2333 I ContactsProvider: Aggregation algorithm upgraded for 0 raw contacts in 13ms
10-07 13:02:22.714   571  2481 E RecoverySystem: Failed to read lines in last_install
10-07 13:02:22.714   571  2481 E RecoverySystem: java.io.FileNotFoundException: /cache/recovery/last_install (No such file or directory)
10-07 13:02:22.714   571  2481 E RecoverySystem: 	at java.io.FileInputStream.open0(Native Method)
10-07 13:02:22.714   571  2481 E RecoverySystem: 	at java.io.FileInputStream.open(FileInputStream.java:200)
10-07 13:02:22.714   571  2481 E RecoverySystem: 	at java.io.FileInputStream.<init>(FileInputStream.java:150)
10-07 13:02:22.714   571  2481 E RecoverySystem: 	at java.io.FileReader.<init>(FileReader.java:72)
10-07 13:02:22.714   571  2481 E RecoverySystem: 	at android.os.RecoverySystem.parseLastInstallLog(RecoverySystem.java:836)
10-07 13:02:22.714   571  2481 E RecoverySystem: 	at android.os.RecoverySystem.handleAftermath(RecoverySystem.java:948)
10-07 13:02:22.714   571  2481 E RecoverySystem: 	at com.android.server.BootReceiver.logBootEvents(BootReceiver.java:189)
10-07 13:02:22.714   571  2481 E RecoverySystem: 	at com.android.server.BootReceiver.-wrap2(Unknown Source:0)
10-07 13:02:22.714   571  2481 E RecoverySystem: 	at com.android.server.BootReceiver$1.run(BootReceiver.java:116)
10-07 13:02:22.725   571  2481 I RecoverySystem: Deleted: /cache/recovery/.version
10-07 13:02:22.725   571  2481 I RecoverySystem: Deleted: /cache/recovery/recovery.fstab
10-07 13:02:22.725   571  2481 I RecoverySystem: Deleted: /cache/recovery/storage.fstab
10-07 13:02:22.725   571  2481 I RecoverySystem: Deleted: /cache/recovery/log
10-07 13:02:22.726   571  2481 I RecoverySystem: Deleted: /cache/recovery/intent
10-07 13:02:22.760   571  2481 I BootReceiver: No existing last log timestamp file /data/system/log-files.xml; starting empty
10-07 13:02:22.766   571  2481 I BootReceiver: Copying /proc/last_kmsg to DropBox (SYSTEM_LAST_KMSG)
10-07 13:02:22.801   571  2481 I BootReceiver: Copying audit failures to DropBox
10-07 13:02:22.806   571  2481 I BootReceiver: Copied 7119 worth of audits to DropBox
10-07 13:02:22.809  2163  2163 I Dialer  : DefaultVoicemailNotifier.updateVoicemailNotifications - update voicemail notifications successful
10-07 13:02:22.812   571   571 I Telecom : DefaultDialerCache: Refreshing default dialer for user 0: now com.android.dialer: DDC.oR@ABE
10-07 13:02:22.824   571  2481 W BootReceiver: boot_fs_shutdown, string not found
10-07 13:02:22.824   571  2481 I BootReceiver: Checking for fsck errors
10-07 13:02:22.826   571  2481 I BootReceiver: fs_stat, partition:cache stat:0x3
10-07 13:02:22.826   571  2481 I BootReceiver: fs_stat, partition:userdata stat:0x3
10-07 13:02:22.826   571  2481 I BootReceiver: fs_stat, partition:persist stat:0x3
10-07 13:02:22.827   571  2481 I BootReceiver: Copying /data/tombstones/tombstone_00 to DropBox (SYSTEM_TOMBSTONE)
10-07 13:02:22.844   571   571 I ActivityManager: Start proc 2485:com.android.calendar/u0a36 for broadcast com.android.calendar/.UpgradeReceiver
10-07 13:02:22.854   571  2481 I BootReceiver: Copying /data/tombstones/tombstone_01 to DropBox (SYSTEM_TOMBSTONE)
10-07 13:02:22.861   571  2481 I BootReceiver: Copying /data/tombstones/tombstone_02 to DropBox (SYSTEM_TOMBSTONE)
10-07 13:02:22.873   571  2481 I BootReceiver: Copying /data/tombstones/tombstone_03 to DropBox (SYSTEM_TOMBSTONE)
10-07 13:02:22.877   571  2481 I BootReceiver: Copying /data/tombstones/tombstone_04 to DropBox (SYSTEM_TOMBSTONE)
10-07 13:02:22.881   571  2481 I BootReceiver: Copying /data/tombstones/tombstone_05 to DropBox (SYSTEM_TOMBSTONE)
10-07 13:02:22.887   571  2481 I BootReceiver: Copying /data/tombstones/tombstone_06 to DropBox (SYSTEM_TOMBSTONE)
10-07 13:02:22.903   571  2481 I BootReceiver: Copying /data/tombstones/tombstone_07 to DropBox (SYSTEM_TOMBSTONE)
10-07 13:02:22.908   571  2481 I BootReceiver: Copying /data/tombstones/tombstone_08 to DropBox (SYSTEM_TOMBSTONE)
10-07 13:02:22.922   571  2481 I BootReceiver: Copying /data/tombstones/tombstone_09 to DropBox (SYSTEM_TOMBSTONE)
10-07 13:02:23.018  2485  2485 D ExtensionsFactory: No custom extensions.
10-07 13:02:23.041   571   651 D PackageManager: Ephemeral installer not found with new action; try old one
10-07 13:02:23.041   571   651 D PackageManager: Clear ephemeral installer activity
10-07 13:02:23.081  2504  2504 E linker  : "/system/vendor/lib/libmmjpeg.so" has text relocations
10-07 13:02:23.082  2504  2504 F libc    : CANNOT LINK EXECUTABLE "/vendor/bin/mm-qcamera-daemon": "/system/vendor/lib/libmmjpeg.so" has text relocations
10-07 13:02:23.082  2504  2504 F libc    : Fatal signal 6 (SIGABRT), code -6 in tid 2504 (mm-qcamera-daem)
10-07 13:02:23.091  2485  2485 D AlertReceiver: onReceive: a=android.intent.action.BOOT_COMPLETED Intent { act=android.intent.action.BOOT_COMPLETED flg=0x9000010 cmp=com.android.calendar/.alerts.AlertReceiver (has extras) }
10-07 13:02:23.114   571  2309 I ActivityManager: Start proc 2510:com.android.camera2/u0a35 for broadcast com.android.camera2/com.android.camera.DisableCameraReceiver
10-07 13:02:23.121  2485  2485 D AlertUtils: Flushing old alerts from shared prefs table
10-07 13:02:23.135  2485  2508 D AlertService: 0 Action = android.intent.action.BOOT_COMPLETED
10-07 13:02:23.142  2485  2508 D AlertService: Scheduling next alarm with AlarmScheduler. sEventReminderReceived: null
10-07 13:02:23.158  2519  2519 I crash_dump32: obtaining output fd from tombstoned
10-07 13:02:23.159   229   229 I /system/bin/tombstoned: received crash request for pid 2504
10-07 13:02:23.160  2519  2519 I crash_dump32: performing dump of process 2504 (target tid = 2504)
10-07 13:02:23.161  2504  2504 F libc    : failed to resend signal during crash: Operation not permitted
10-07 13:02:23.162  2519  2519 E DEBUG   : unexpected waitpid response: n=2504, status=00000100
10-07 13:02:23.163   229   229 W /system/bin/tombstoned: crash socket received short read of length 0 (expected 8)
10-07 13:02:23.165   571   659 I BootReceiver: Copying /data/tombstones/tombstone_06 to DropBox (SYSTEM_TOMBSTONE)
10-07 13:02:23.188  2485  2508 D AlarmScheduler: No events found starting within 1 week.
10-07 13:02:23.234  2510  2510 V CAM_Profiler: [  0.000ms][ui] GUARD: CameraApp onCreate() - START
10-07 13:02:23.235  2510  2510 V CAM_Profiler: [  0.000ms][ui] GUARD: FirstRunDetector getTimeOfFirstRun - START
10-07 13:02:23.379  2510  2510 I CAM_Profiler: [143.311ms][ui] GUARD: FirstRunDetector getTimeOfFirstRun - [143.311ms] PreferenceManager.getDefaultSharedPreferences
10-07 13:02:23.380  2510  2510 V CAM_Profiler: [144.562ms][ui] GUARD: FirstRunDetector getTimeOfFirstRun - [ 1.251ms] preferences.getLong
10-07 13:02:23.381  2510  2510 V CAM_Profiler: [145.721ms][ui] GUARD: FirstRunDetector getTimeOfFirstRun - [ 1.160ms] getSharedPreferences
10-07 13:02:23.384  2510  2510 V CAM_Profiler: [148.682ms][ui] GUARD: FirstRunDetector getTimeOfFirstRun - [ 2.960ms] preferences.edit()
10-07 13:02:23.384  2510  2510 I CAM_Profiler: [149.231ms][ui] GUARD: FirstRunDetector getTimeOfFirstRun - STOP
10-07 13:02:23.385  2510  2510 I CAM_Profiler: [153.076ms][ui] GUARD: CameraApp onCreate() - [153.076ms] initializeTimeOfFirstRun
10-07 13:02:23.385  2510  2510 V CAM_Profiler: [153.717ms][ui] GUARD: CameraApp onCreate() - [ 0.641ms] UsageStatistics.initialize
10-07 13:02:23.387  2510  2510 V CAM_Profiler: [155.823ms][ui] GUARD: CameraApp onCreate() - [ 2.106ms] clearNotifications
10-07 13:02:23.388  2510  2510 I CAM_Profiler: [155.823ms][ui] GUARD: CameraApp onCreate() - STOP
10-07 13:02:23.394  2510  2510 I CAM_DisableCamRcver: back camera found: 0
10-07 13:02:23.394   571   650 D PackageManager: Ephemeral installer not found with new action; try old one
10-07 13:02:23.395   571   650 D PackageManager: Clear ephemeral installer activity
10-07 13:02:23.428   571  2331 I ActivityManager: Start proc 2531:com.android.contacts/u0a7 for broadcast com.android.contacts/.interactions.OnBootOrUpgradeReceiver
10-07 13:02:23.520   571   650 W Binder  : Outgoing transactions from this process must be FLAG_ONEWAY
10-07 13:02:23.520   571   650 W Binder  : java.lang.Throwable
10-07 13:02:23.520   571   650 W Binder  : 	at android.os.BinderProxy.transact(Binder.java:736)
10-07 13:02:23.520   571   650 W Binder  : 	at android.content.ContentProviderProxy.getType(ContentProviderNative.java:451)
10-07 13:02:23.520   571   650 W Binder  : 	at com.android.server.am.ActivityManagerService.getProviderMimeType(ActivityManagerService.java:12097)
10-07 13:02:23.520   571   650 W Binder  : 	at android.app.IActivityManager$Stub.onTransact(IActivityManager.java:1799)
10-07 13:02:23.520   571   650 W Binder  : 	at com.android.server.am.ActivityManagerService.onTransact(ActivityManagerService.java:2935)
10-07 13:02:23.520   571   650 W Binder  : 	at android.os.Binder.execTransact(Binder.java:674)
10-07 13:02:23.530  2097  2097 I AlarmClock: AlarmInitReceiver android.intent.action.BOOT_COMPLETED
10-07 13:02:23.541  1805  1805 E TelephonyProvider: dbh.selectConflictingRow: Expected 1 but found 0 matching rows found for cv mnc=08 mmsc=http://mmsc.AXIS mmsport=8080 sub_id=-1 numeric=51008 mcc=510 type=mms proxy= password=123456 port= name=AXIS MMS bearer_bitmask=0 user=axis apn=AXISmms mmsproxy=10.8.3.8
10-07 13:02:23.545  2097  2139 I AlarmClock: Fixing alarm instances
