10-07 13:01:49.976  1199  1199 I dex2oat : /system/bin/dex2oat --input-vdex-fd=-1 --output-vdex-fd=9 --compiler-filter=quicken --classpath-dir=/system/priv-app/Provision
10-07 13:01:50.112  1199  1199 I dex2oat : dex2oat took 138.244ms (93.353ms cpu) (threads: 4) arena alloc=2200B (2200B) java alloc=32KB (33168B) native alloc=1046KB (1071488B) free=1513KB (1549952B)
10-07 13:01:50.128  1204  1204 W dex2oat : type=1400 audit(0.0:77): avc: granted { getattr } for path="/vendor" dev="rootfs" ino=5775 scontext=u:r:dex2oat:s0 tcontext=u:object_r:rootfs:s0 tclass=lnk_file
10-07 13:01:50.181  1204  1204 I dex2oat : /system/bin/dex2oat --input-vdex-fd=-1 --output-vdex-fd=9 --compiler-filter=quicken --classpath-dir=/system/priv-app/StatementService
10-07 13:01:50.376  1204  1204 I dex2oat : dex2oat took 197.509ms (183.135ms cpu) (threads: 4) arena alloc=6KB (6976B) java alloc=66KB (67904B) native alloc=1428KB (1462464B) free=1643KB (1683264B)
10-07 13:01:50.389  1209  1209 W dex2oat : type=1400 audit(0.0:78): avc: granted { getattr } for path="/vendor" dev="rootfs" ino=5775 scontext=u:r:dex2oat:s0 tcontext=u:object_r:rootfs:s0 tclass=lnk_file
10-07 13:01:50.446  1209  1209 I dex2oat : /system/bin/dex2oat --input-vdex-fd=-1 --output-vdex-fd=9 --compiler-filter=quicken --classpath-dir=/system/app/Calendar
10-07 13:01:51.400  1209  1209 I dex2oat : dex2oat took 956.512ms (1.445s cpu) (threads: 4) arena alloc=20KB (20616B) java alloc=1044KB (1069528B) native alloc=1752KB (1794752B) free=2MB (2923840B)
10-07 13:01:51.420  1226  1226 W dex2oat : type=1400 audit(0.0:79): avc: granted { getattr } for path="/vendor" dev="rootfs" ino=5775 scontext=u:r:dex2oat:s0 tcontext=u:object_r:rootfs:s0 tclass=lnk_file
10-07 13:01:51.471  1226  1226 I dex2oat : /system/bin/dex2oat --input-vdex-fd=-1 --output-vdex-fd=9 --compiler-filter=quicken --classpath-dir=/system/priv-app/SharedStorageBackup
10-07 13:01:51.626  1226  1226 I dex2oat : dex2oat took 156.707ms (93.780ms cpu) (threads: 4) arena alloc=14KB (14424B) java alloc=51KB (52512B) native alloc=1156KB (1184472B) free=1403KB (1436968B)
10-07 13:01:51.630  1231  1231 W dex2oat : type=1400 audit(0.0:80): avc: granted { getattr } for path="/vendor" dev="rootfs" ino=5775 scontext=u:r:dex2oat:s0 tcontext=u:object_r:rootfs:s0 tclass=lnk_file
10-07 13:01:51.692  1231  1231 I dex2oat : /system/bin/dex2oat --input-vdex-fd=-1 --output-vdex-fd=9 --compiler-filter=quicken --classpath-dir=/system/app/PrintSpooler
10-07 13:01:52.250  1244  1244 W dex2oat : type=1400 audit(0.0:81): avc: granted { getattr } for path="/vendor" dev="rootfs" ino=5775 scontext=u:r:dex2oat:s0 tcontext=u:object_r:rootfs:s0 tclass=lnk_file
10-07 13:01:52.250  1231  1231 I dex2oat : dex2oat took 559.295ms (854.095ms cpu) (threads: 4) arena alloc=80KB (82920B) java alloc=390KB (399568B) native alloc=1339KB (1371632B) free=2MB (2822672B)
10-07 13:01:52.315  1244  1244 I dex2oat : /system/bin/dex2oat --input-vdex-fd=-1 --output-vdex-fd=9 --compiler-filter=quicken --classpath-dir=/system/app/BasicDreams
10-07 13:01:52.449  1244  1244 I dex2oat : dex2oat took 135.467ms (96.496ms cpu) (threads: 4) arena alloc=7KB (8136B) java alloc=19KB (19616B) native alloc=1198KB (1227096B) free=1361KB (1394344B)
10-07 13:01:52.451  1253  1253 W dex2oat : type=1400 audit(0.0:82): avc: granted { getattr } for path="/vendor" dev="rootfs" ino=5775 scontext=u:r:dex2oat:s0 tcontext=u:object_r:rootfs:s0 tclass=lnk_file
10-07 13:01:52.523  1253  1253 I dex2oat : /system/bin/dex2oat --input-vdex-fd=-1 --output-vdex-fd=9 --compiler-filter=quicken --classpath-dir=/system/app/webview
10-07 13:01:53.072  1266  1266 E linker  : "/system/vendor/lib/libmmjpeg.so" has text relocations
10-07 13:01:53.073  1266  1266 F libc    : CANNOT LINK EXECUTABLE "/vendor/bin/mm-qcamera-daemon": "/system/vendor/lib/libmmjpeg.so" has text relocations
10-07 13:01:53.074  1266  1266 F libc    : Fatal signal 6 (SIGABRT), code -6 in tid 1266 (mm-qcamera-daem)
10-07 13:01:53.111  1269  1269 I crash_dump32: obtaining output fd from tombstoned
10-07 13:01:53.112   229   229 I /system/bin/tombstoned: received crash request for pid 1266
10-07 13:01:53.112  1269  1269 I crash_dump32: performing dump of process 1266 (target tid = 1266)
10-07 13:01:53.113  1266  1266 F libc    : failed to resend signal during crash: Operation not permitted
10-07 13:01:53.113  1269  1269 E DEBUG   : unexpected waitpid response: n=1266, status=00000100
10-07 13:01:53.114   229   229 W /system/bin/tombstoned: crash socket received short read of length 0 (expected 8)
10-07 13:01:53.619  1253  1253 I dex2oat : dex2oat took 1.097s (1.996s cpu) (threads: 4) arena alloc=8KB (9112B) java alloc=1365KB (1398240B) native alloc=2MB (2609168B) free=3MB (3158000B)
10-07 13:01:53.632  1270  1270 W dex2oat : type=1400 audit(0.0:83): avc: granted { getattr } for path="/vendor" dev="rootfs" ino=5775 scontext=u:r:dex2oat:s0 tcontext=u:object_r:rootfs:s0 tclass=lnk_file
10-07 13:01:53.694  1270  1270 I dex2oat : /system/bin/dex2oat --input-vdex-fd=-1 --output-vdex-fd=9 --compiler-filter=quicken --classpath-dir=/system/app/BuiltInPrintService
10-07 13:01:53.915  1270  1270 I dex2oat : dex2oat took 222.381ms (229.034ms cpu) (threads: 4) arena alloc=3KB (4072B) java alloc=102KB (105312B) native alloc=1231KB (1261256B) free=2MB (2408760B)
10-07 13:01:53.922  1279  1279 W dex2oat : type=1400 audit(0.0:84): avc: granted { getattr } for path="/vendor" dev="rootfs" ino=5775 scontext=u:r:dex2oat:s0 tcontext=u:object_r:rootfs:s0 tclass=lnk_file
10-07 13:01:53.981  1279  1279 I dex2oat : /system/bin/dex2oat --input-vdex-fd=-1 --output-vdex-fd=9 --compiler-filter=quicken --classpath-dir=/system/priv-app/MusicFX
10-07 13:01:54.168  1279  1279 I dex2oat : dex2oat took 188.415ms (168.212ms cpu) (threads: 4) arena alloc=36KB (37032B) java alloc=101KB (103520B) native alloc=1326KB (1358304B) free=1745KB (1787424B)
10-07 13:01:54.172  1284  1284 W dex2oat : type=1400 audit(0.0:85): avc: granted { getattr } for path="/vendor" dev="rootfs" ino=5775 scontext=u:r:dex2oat:s0 tcontext=u:object_r:rootfs:s0 tclass=lnk_file
10-07 13:01:54.234  1284  1284 I dex2oat : /system/bin/dex2oat --input-vdex-fd=-1 --output-vdex-fd=9 --compiler-filter=quicken --classpath-dir=/system/priv-app/CellBroadcastReceiver
10-07 13:01:54.446  1284  1284 I dex2oat : dex2oat took 214.202ms (208.404ms cpu) (threads: 4) arena alloc=25KB (25712B) java alloc=174KB (178880B) native alloc=1385KB (1418664B) free=2MB (2251352B)
10-07 13:01:54.453  1289  1289 W dex2oat : type=1400 audit(0.0:86): avc: granted { getattr } for path="/vendor" dev="rootfs" ino=5775 scontext=u:r:dex2oat:s0 tcontext=u:object_r:rootfs:s0 tclass=lnk_file
10-07 13:01:54.511  1289  1289 I dex2oat : /system/bin/dex2oat --input-vdex-fd=-1 --output-vdex-fd=9 --compiler-filter=quicken --classpath-dir=/system/priv-app/OneTimeInitializer
10-07 13:01:54.659  1289  1289 I dex2oat : dex2oat took 148.742ms (122.161ms cpu) (threads: 4) arena alloc=16KB (16576B) java alloc=81KB (83752B) native alloc=1361KB (1393768B) free=1710KB (1751960B)
10-07 13:01:54.663  1294  1294 W dex2oat : type=1400 audit(0.0:87): avc: granted { getattr } for path="/vendor" dev="rootfs" ino=5775 scontext=u:r:dex2oat:s0 tcontext=u:object_r:rootfs:s0 tclass=lnk_file
10-07 13:01:54.723  1294  1294 I dex2oat : /system/bin/dex2oat --input-vdex-fd=-1 --output-vdex-fd=9 --compiler-filter=quicken --classpath-dir=/system/app/KeyChain
10-07 13:01:54.867  1294  1294 I dex2oat : dex2oat took 145.507ms (122.436ms cpu) (threads: 4) arena alloc=4KB (4640B) java alloc=67KB (69008B) native alloc=1308KB (1339672B) free=1763KB (1806056B)
10-07 13:01:54.873  1299  1299 W dex2oat : type=1400 audit(0.0:88): avc: granted { getattr } for path="/vendor" dev="rootfs" ino=5775 scontext=u:r:dex2oat:s0 tcontext=u:object_r:rootfs:s0 tclass=lnk_file
10-07 13:01:54.932  1299  1299 I dex2oat : /system/bin/dex2oat --input-vdex-fd=-1 --output-vdex-fd=9 --compiler-filter=quicken --classpath-dir=/system/app/PrintRecommendationService
10-07 13:01:55.119  1299  1299 I dex2oat : dex2oat took 188.110ms (147.674ms cpu) (threads: 4) arena alloc=10KB (11144B) java alloc=69KB (70672B) native alloc=1382KB (1415448B) free=1689KB (1730280B)
10-07 13:01:55.123  1304  1304 W dex2oat : type=1400 audit(0.0:89): avc: granted { getattr } for path="/vendor" dev="rootfs" ino=5775 scontext=u:r:dex2oat:s0 tcontext=u:object_r:rootfs:s0 tclass=lnk_file
10-07 13:01:55.185  1304  1304 I dex2oat : /system/bin/dex2oat --input-vdex-fd=-1 --output-vdex-fd=9 --compiler-filter=quicken --classpath-dir=/system/app/Gallery2
10-07 13:01:56.716  1304  1304 I dex2oat : dex2oat took 1.532s (2.989s cpu) (threads: 4) arena alloc=13KB (14096B) java alloc=1668KB (1708752B) native alloc=3MB (3514824B) free=3MB (3300920B)
10-07 13:01:56.725  1319  1319 W dex2oat : type=1400 audit(0.0:90): avc: granted { getattr } for path="/vendor" dev="rootfs" ino=5775 scontext=u:r:dex2oat:s0 tcontext=u:object_r:rootfs:s0 tclass=lnk_file
10-07 13:01:56.790  1319  1319 I dex2oat : /system/bin/dex2oat --input-vdex-fd=-1 --output-vdex-fd=9 --compiler-filter=quicken --classpath-dir=/system/priv-app/CallLogBackup
10-07 13:01:56.921  1319  1319 I dex2oat : dex2oat took 132.965ms (100.036ms cpu) (threads: 4) arena alloc=4KB (5088B) java alloc=49KB (51064B) native alloc=1190KB (1218800B) free=2MB (2451216B)
10-07 13:01:56.925  1326  1326 W dex2oat : type=1400 audit(0.0:91): avc: granted { getattr } for path="/vendor" dev="rootfs" ino=5775 scontext=u:r:dex2oat:s0 tcontext=u:object_r:rootfs:s0 tclass=lnk_file
10-07 13:01:56.985  1326  1326 I dex2oat : /system/bin/dex2oat --input-vdex-fd=-1 --output-vdex-fd=9 --compiler-filter=quicken --classpath-dir=/system/app/CarrierDefaultApp
10-07 13:01:57.141  1326  1326 I dex2oat : dex2oat took 157.989ms (121.612ms cpu) (threads: 4) arena alloc=8KB (8472B) java alloc=90KB (92480B) native alloc=1312KB (1343528B) free=2MB (2326488B)
10-07 13:01:57.145  1331  1331 W dex2oat : type=1400 audit(0.0:92): avc: granted { getattr } for path="/vendor" dev="rootfs" ino=5775 scontext=u:r:dex2oat:s0 tcontext=u:object_r:rootfs:s0 tclass=lnk_file
10-07 13:01:57.206  1331  1331 I dex2oat : /system/bin/dex2oat --input-vdex-fd=-1 --output-vdex-fd=9 --compiler-filter=quicken --classpath-dir=/system/app/PicoTts
10-07 13:01:57.351  1331  1331 I dex2oat : dex2oat took 145.599ms (106.658ms cpu) (threads: 4) arena alloc=1640B (1640B) java alloc=73KB (75000B) native alloc=1176KB (1204400B) free=1383KB (1417040B)
10-07 13:01:57.355  1336  1336 W dex2oat : type=1400 audit(0.0:93): avc: granted { getattr } for path="/vendor" dev="rootfs" ino=5775 scontext=u:r:dex2oat:s0 tcontext=u:object_r:rootfs:s0 tclass=lnk_file
10-07 13:01:57.416  1336  1336 I dex2oat : /system/bin/dex2oat --input-vdex-fd=-1 --output-vdex-fd=9 --compiler-filter=quicken --classpath-dir=/system/app/Browser2
10-07 13:01:57.588  1336  1336 I dex2oat : dex2oat took 171.600ms (132.019ms cpu) (threads: 4) arena alloc=7KB (7504B) java alloc=122KB (125160B) native alloc=1315KB (1347536B) free=2MB (2322480B)
10-07 13:01:57.596  1341  1341 W dex2oat : type=1400 audit(0.0:94): avc: granted { getattr } for path="/vendor" dev="rootfs" ino=5775 scontext=u:r:dex2oat:s0 tcontext=u:object_r:rootfs:s0 tclass=lnk_file
10-07 13:01:57.656  1341  1341 I dex2oat : /system/bin/dex2oat --input-vdex-fd=-1 --output-vdex-fd=9 --compiler-filter=quicken --classpath-dir=/system/priv-app/ManagedProvisioning
10-07 13:01:58.072  1354  1354 E linker  : "/system/vendor/lib/libmmjpeg.so" has text relocations
10-07 13:01:58.073  1354  1354 F libc    : CANNOT LINK EXECUTABLE "/vendor/bin/mm-qcamera-daemon": "/system/vendor/lib/libmmjpeg.so" has text relocations
10-07 13:01:58.073  1354  1354 F libc    : Fatal signal 6 (SIGABRT), code -6 in tid 1354 (mm-qcamera-daem)
10-07 13:01:58.084  1341  1341 I dex2oat : dex2oat took 429.718ms (473.083ms cpu) (threads: 4) arena alloc=5KB (5176B) java alloc=430KB (441104B) native alloc=1205KB (1234464B) free=2MB (2435552B)
10-07 13:01:58.096  1357  1357 W dex2oat : type=1400 audit(0.0:95): avc: granted { getattr } for path="/vendor" dev="rootfs" ino=5775 scontext=u:r:dex2oat:s0 tcontext=u:object_r:rootfs:s0 tclass=lnk_file
10-07 13:01:58.109  1358  1358 I crash_dump32: obtaining output fd from tombstoned
10-07 13:01:58.109   229   229 I /system/bin/tombstoned: received crash request for pid 1354
10-07 13:01:58.110  1358  1358 I crash_dump32: performing dump of process 1354 (target tid = 1354)
10-07 13:01:58.110  1354  1354 F libc    : failed to resend signal during crash: Operation not permitted
10-07 13:01:58.111  1358  1358 E DEBUG   : unexpected waitpid response: n=1354, status=00000100
10-07 13:01:58.112   229   229 W /system/bin/tombstoned: crash socket received short read of length 0 (expected 8)
10-07 13:01:58.152  1357  1357 I dex2oat : /system/bin/dex2oat --input-vdex-fd=-1 --output-vdex-fd=9 --compiler-filter=quicken --classpath-dir=/system/app/PhotoTable
10-07 13:01:58.363  1357  1357 I dex2oat : dex2oat took 211.669ms (184.387ms cpu) (threads: 4) arena alloc=27KB (28496B) java alloc=118KB (121128B) native alloc=1387KB (1420768B) free=2MB (2249248B)
10-07 13:01:58.366  1367  1367 W dex2oat : type=1400 audit(0.0:96): avc: granted { getattr } for path="/vendor" dev="rootfs" ino=5775 scontext=u:r:dex2oat:s0 tcontext=u:object_r:rootfs:s0 tclass=lnk_file
10-07 13:01:58.428  1367  1367 I dex2oat : /system/bin/dex2oat --input-vdex-fd=-1 --output-vdex-fd=9 --compiler-filter=quicken --classpath-dir=/system/app/WAPPushManager
10-07 13:01:58.795  1367  1367 I dex2oat : dex2oat took 368.286ms (136.993ms cpu) (threads: 4) arena alloc=20KB (21072B) java alloc=67KB (69104B) native alloc=1365KB (1398632B) free=1706KB (1747096B)
10-07 13:01:58.806   571   571 I chatty  : uid=1000 system_server expire 13 lines
10-07 13:01:58.807  1372  1372 W dex2oat : type=1400 audit(0.0:97): avc: granted { getattr } for path="/vendor" dev="rootfs" ino=5775 scontext=u:r:dex2oat:s0 tcontext=u:object_r:rootfs:s0 tclass=lnk_file
10-07 13:01:58.887  1372  1372 I dex2oat : /system/bin/dex2oat --input-vdex-fd=-1 --output-vdex-fd=9 --compiler-filter=quicken --classpath-dir=/system/app/LiveWallpapersPicker
10-07 13:02:00.059  1372  1372 I dex2oat : dex2oat took 1.172s (2.154s cpu) (threads: 4) arena alloc=9KB (9512B) java alloc=1534KB (1571336B) native alloc=2MB (2496016B) free=2MB (2746864B)
10-07 13:02:00.078  1385  1385 W dex2oat : type=1400 audit(0.0:98): avc: granted { getattr } for path="/vendor" dev="rootfs" ino=5775 scontext=u:r:dex2oat:s0 tcontext=u:object_r:rootfs:s0 tclass=lnk_file
10-07 13:02:00.130  1385  1385 I dex2oat : /system/bin/dex2oat --input-vdex-fd=-1 --output-vdex-fd=9 --compiler-filter=quicken --classpath-dir=/system/priv-app/Tag
10-07 13:02:00.591  1385  1385 I dex2oat : dex2oat took 462.890ms (651.458ms cpu) (threads: 4) arena alloc=7KB (7312B) java alloc=262KB (268840B) native alloc=1230KB (1260432B) free=2MB (2409584B)
10-07 13:02:00.599  1402  1402 W dex2oat : type=1400 audit(0.0:99): avc: granted { getattr } for path="/vendor" dev="rootfs" ino=5775 scontext=u:r:dex2oat:s0 tcontext=u:object_r:rootfs:s0 tclass=lnk_file
10-07 13:02:00.656  1402  1402 I dex2oat : /system/bin/dex2oat --input-vdex-fd=-1 --output-vdex-fd=9 --compiler-filter=quicken --classpath-dir=/system/priv-app/StorageManager
10-07 13:02:01.812  1402  1402 I dex2oat : dex2oat took 1.157s (2.242s cpu) (threads: 4) arena alloc=4KB (4808B) java alloc=1488KB (1523840B) native alloc=2MB (2576112B) free=2MB (2666768B)
10-07 13:02:01.820  1419  1419 W dex2oat : type=1400 audit(0.0:100): avc: granted { getattr } for path="/vendor" dev="rootfs" ino=5775 scontext=u:r:dex2oat:s0 tcontext=u:object_r:rootfs:s0 tclass=lnk_file
10-07 13:02:01.883  1419  1419 I dex2oat : /system/bin/dex2oat --input-vdex-fd=-1 --output-vdex-fd=9 --compiler-filter=quicken --classpath-dir=/system/app/OpenWnn
10-07 13:02:02.234  1419  1419 I dex2oat : dex2oat took 353.149ms (452.026ms cpu) (threads: 4) arena alloc=7KB (8072B) java alloc=244KB (250520B) native alloc=1296KB (1327656B) free=2MB (2342360B)
10-07 13:02:02.240  1432  1432 W dex2oat : type=1400 audit(0.0:101): avc: granted { getattr } for path="/vendor" dev="rootfs" ino=5775 scontext=u:r:dex2oat:s0 tcontext=u:object_r:rootfs:s0 tclass=lnk_file
10-07 13:02:02.300  1432  1432 I dex2oat : /system/bin/dex2oat --input-vdex-fd=-1 --output-vdex-fd=9 --compiler-filter=quicken --classpath-dir=/system/app/BookmarkProvider
10-07 13:02:02.417  1432  1432 I dex2oat : dex2oat took 118.408ms (82.061ms cpu) (threads: 4) arena alloc=864B (864B) java alloc=16KB (16984B) native alloc=1164KB (1192768B) free=1395KB (1428672B)
10-07 13:02:02.420  1439  1439 W dex2oat : type=1400 audit(0.0:102): avc: granted { getattr } for path="/vendor" dev="rootfs" ino=5775 scontext=u:r:dex2oat:s0 tcontext=u:object_r:rootfs:s0 tclass=lnk_file
10-07 13:02:02.484  1439  1439 I dex2oat : /system/bin/dex2oat --input-vdex-fd=-1 --output-vdex-fd=9 --compiler-filter=quicken --classpath-dir=/system/app/ExactCalculator
10-07 13:02:03.074  1452  1452 E linker  : "/system/vendor/lib/libmmjpeg.so" has text relocations
10-07 13:02:03.075  1452  1452 F libc    : CANNOT LINK EXECUTABLE "/vendor/bin/mm-qcamera-daemon": "/system/vendor/lib/libmmjpeg.so" has text relocations
10-07 13:02:03.076  1452  1452 F libc    : Fatal signal 6 (SIGABRT), code -6 in tid 1452 (mm-qcamera-daem)
10-07 13:02:03.080  1439  1439 I dex2oat : dex2oat took 597.381ms (879.425ms cpu) (threads: 4) arena alloc=11KB (11696B) java alloc=447KB (458072B) native alloc=1392KB (1426424B) free=2MB (2243592B)
10-07 13:02:03.091  1455  1455 W dex2oat : type=1400 audit(0.0:103): avc: granted { getattr } for path="/vendor" dev="rootfs" ino=5775 scontext=u:r:dex2oat:s0 tcontext=u:object_r:rootfs:s0 tclass=lnk_file
10-07 13:02:03.113  1456  1456 I crash_dump32: obtaining output fd from tombstoned
10-07 13:02:03.113   229   229 I /system/bin/tombstoned: received crash request for pid 1452
10-07 13:02:03.114  1456  1456 I crash_dump32: performing dump of process 1452 (target tid = 1452)
10-07 13:02:03.114  1452  1452 F libc    : failed to resend signal during crash: Operation not permitted
10-07 13:02:03.115  1456  1456 E DEBUG   : unexpected waitpid response: n=1452, status=00000100
10-07 13:02:03.116   229   229 W /system/bin/tombstoned: crash socket received short read of length 0 (expected 8)
10-07 13:02:03.151  1455  1455 I dex2oat : /system/bin/dex2oat --input-vdex-fd=-1 --output-vdex-fd=9 --compiler-filter=quicken --classpath-dir=/system/priv-app/VpnDialogs
10-07 13:02:03.295  1455  1455 I dex2oat : dex2oat took 145.263ms (102.478ms cpu) (threads: 4) arena alloc=7KB (7744B) java alloc=49KB (50320B) native alloc=1146KB (1174008B) free=1413KB (1447432B)
10-07 13:02:03.301  1465  1465 W dex2oat : type=1400 audit(0.0:104): avc: granted { getattr } for path="/vendor" dev="rootfs" ino=5775 scontext=u:r:dex2oat:s0 tcontext=u:object_r:rootfs:s0 tclass=lnk_file
10-07 13:02:03.360  1465  1465 I dex2oat : /system/bin/dex2oat --input-vdex-fd=-1 --output-vdex-fd=9 --compiler-filter=quicken --classpath-dir=/system/app/Email
10-07 13:02:05.970  1465  1465 I dex2oat : dex2oat took 2.610s (5.260s cpu) (threads: 4) arena alloc=576KB (590048B) java alloc=3MB (3354824B) native alloc=4MB (4796864B) free=2MB (2543168B)
10-07 13:02:05.984  1482  1482 W dex2oat : type=1400 audit(0.0:105): avc: granted { getattr } for path="/vendor" dev="rootfs" ino=5775 scontext=u:r:dex2oat:s0 tcontext=u:object_r:rootfs:s0 tclass=lnk_file
10-07 13:02:06.072  1482  1482 I dex2oat : /system/bin/dex2oat --input-vdex-fd=-1 --output-vdex-fd=9 --compiler-filter=quicken --classpath-dir=/system/app/WallpaperBackup
10-07 13:02:06.201  1482  1482 I dex2oat : dex2oat took 129.852ms (94.421ms cpu) (threads: 4) arena alloc=7KB (7960B) java alloc=17KB (17976B) native alloc=988KB (1012608B) free=1571KB (1608832B)
10-07 13:02:06.204  1487  1487 W dex2oat : type=1400 audit(0.0:106): avc: granted { getattr } for path="/vendor" dev="rootfs" ino=5775 scontext=u:r:dex2oat:s0 tcontext=u:object_r:rootfs:s0 tclass=lnk_file
10-07 13:02:06.233   204   288 D ThermalDaemon: Sensor 'tsens_tz_sensor10' - alarm raised 1 at 62.0 degC
10-07 13:02:06.234   204   287 D ThermalDaemon: Sensor 'tsens_tz_sensor9' - alarm raised 1 at 60.0 degC
10-07 13:02:06.265  1487  1487 I dex2oat : /system/bin/dex2oat --input-vdex-fd=-1 --output-vdex-fd=9 --compiler-filter=quicken --classpath-dir=/system/priv-app/BlockedNumberProvider
10-07 13:02:06.602   571   657 E BatteryStatsService: no controller energy info supplied
10-07 13:02:06.614   571   657 E KernelUidCpuFreqTimeReader: Failed to read /proc/uid_time_in_state: java.io.FileNotFoundException: /proc/uid_time_in_state (No such file or directory)
10-07 13:02:06.687  1487  1487 I dex2oat : dex2oat took 423.767ms (555.328ms cpu) (threads: 4) arena alloc=6KB (6224B) java alloc=281KB (288720B) native alloc=1227KB (1256856B) free=2MB (2413160B)
10-07 13:02:06.695  1500  1500 W dex2oat : type=1400 audit(0.0:107): avc: granted { getattr } for path="/vendor" dev="rootfs" ino=5775 scontext=u:r:dex2oat:s0 tcontext=u:object_r:rootfs:s0 tclass=lnk_file
10-07 13:02:06.751  1500  1500 I dex2oat : /system/bin/dex2oat --input-vdex-fd=-1 --output-vdex-fd=9 --compiler-filter=quicken --classpath-dir=/system/app/UserDictionaryProvider
10-07 13:02:06.877  1500  1500 I dex2oat : dex2oat took 127.014ms (102.630ms cpu) (threads: 4) arena alloc=11KB (11424B) java alloc=66KB (67928B) native alloc=1188KB (1217416B) free=1371KB (1404024B)
10-07 13:02:06.885  1507  1507 W dex2oat : type=1400 audit(0.0:108): avc: granted { getattr } for path="/vendor" dev="rootfs" ino=5775 scontext=u:r:dex2oat:s0 tcontext=u:object_r:rootfs:s0 tclass=lnk_file
10-07 13:02:06.945  1507  1507 I dex2oat : /system/bin/dex2oat --input-vdex-fd=-1 --output-vdex-fd=9 --compiler-filter=quicken --classpath-dir=/system/priv-app/EmergencyInfo
10-07 13:02:07.850  1507  1507 I dex2oat : dex2oat took 906.524ms (1.362s cpu) (threads: 4) arena alloc=5KB (5688B) java alloc=1040KB (1065968B) native alloc=1788KB (1831776B) free=2MB (2362528B)
10-07 13:02:07.866  1522  1522 W dex2oat : type=1400 audit(0.0:109): avc: granted { getattr } for path="/vendor" dev="rootfs" ino=5775 scontext=u:r:dex2oat:s0 tcontext=u:object_r:rootfs:s0 tclass=lnk_file
10-07 13:02:07.921  1522  1522 I dex2oat : /system/bin/dex2oat --input-vdex-fd=-1 --output-vdex-fd=9 --compiler-filter=quicken --classpath-dir=/system/app/DeskClock
10-07 13:02:08.077  1528  1528 E linker  : "/system/vendor/lib/libmmjpeg.so" has text relocations
10-07 13:02:08.078  1528  1528 F libc    : CANNOT LINK EXECUTABLE "/vendor/bin/mm-qcamera-daemon": "/system/vendor/lib/libmmjpeg.so" has text relocations
10-07 13:02:08.078  1528  1528 F libc    : Fatal signal 6 (SIGABRT), code -6 in tid 1528 (mm-qcamera-daem)
10-07 13:02:08.114  1531  1531 I crash_dump32: obtaining output fd from tombstoned
10-07 13:02:08.115   229   229 I /system/bin/tombstoned: received crash request for pid 1528
10-07 13:02:08.116  1531  1531 I crash_dump32: performing dump of process 1528 (target tid = 1528)
10-07 13:02:08.116  1528  1528 F libc    : failed to resend signal during crash: Operation not permitted
10-07 13:02:08.118   229   229 W /system/bin/tombstoned: crash socket received short read of length 0 (expected 8)
10-07 13:02:09.464  1522  1522 I dex2oat : dex2oat took 1.544s (2.919s cpu) (threads: 4) arena alloc=5KB (6112B) java alloc=1943KB (1989848B) native alloc=2MB (3054344B) free=2MB (2188536B)
10-07 13:02:09.477  1543  1543 W dex2oat : type=1400 audit(0.0:110): avc: granted { getattr } for path="/vendor" dev="rootfs" ino=5775 scontext=u:r:dex2oat:s0 tcontext=u:object_r:rootfs:s0 tclass=lnk_file
10-07 13:02:09.480   571   571 I chatty  : uid=1000 system_server expire 58 lines
10-07 13:02:09.538  1543  1543 I dex2oat : /system/bin/dex2oat --input-vdex-fd=-1 --output-vdex-fd=9 --compiler-filter=quicken --classpath-dir=/system/app/BluetoothMidiService
10-07 13:02:09.695  1543  1543 I dex2oat : dex2oat took 158.508ms (123.199ms cpu) (threads: 4) arena alloc=30KB (31376B) java alloc=65KB (67368B) native alloc=1193KB (1221984B) free=1878KB (1923744B)
10-07 13:02:09.718  1552  1552 W dex2oat : type=1400 audit(0.0:111): avc: granted { getattr } for path="/vendor" dev="rootfs" ino=5775 scontext=u:r:dex2oat:s0 tcontext=u:object_r:rootfs:s0 tclass=lnk_file
10-07 13:02:09.792  1552  1552 I dex2oat : /system/bin/dex2oat --input-vdex-fd=-1 --output-vdex-fd=9 --compiler-filter=quicken --classpath-dir=/system/app/Bluetooth
10-07 13:02:11.233   204   288 D ThermalDaemon: Sensor 'tsens_tz_sensor10' - alarm cleared 1 at 54.0 degC
10-07 13:02:11.234   204   287 D ThermalDaemon: Sensor 'tsens_tz_sensor9' - alarm cleared 1 at 54.0 degC
10-07 13:02:11.235   204   285 D ThermalDaemon: Sensor 'tsens_tz_sensor7' - alarm cleared 1 at 56.0 degC
10-07 13:02:11.662  1552  1552 I dex2oat : dex2oat took 1.871s (3.656s cpu) (threads: 4) arena alloc=4KB (4344B) java alloc=1364KB (1397384B) native alloc=3MB (4133784B) free=3MB (3206248B)
10-07 13:02:11.679  1569  1569 W dex2oat : type=1400 audit(0.0:112): avc: granted { getattr } for path="/vendor" dev="rootfs" ino=5775 scontext=u:r:dex2oat:s0 tcontext=u:object_r:rootfs:s0 tclass=lnk_file
10-07 13:02:11.738  1569  1569 I dex2oat : /system/bin/dex2oat --input-vdex-fd=-1 --output-vdex-fd=9 --compiler-filter=quicken --classpath-dir=/system/priv-app/ContactsProvider
10-07 13:02:12.495  1569  1569 I dex2oat : dex2oat took 758.789ms (1.129s cpu) (threads: 4) arena alloc=452KB (463264B) java alloc=404KB (414168B) native alloc=1661KB (1701328B) free=2MB (3017264B)
10-07 13:02:12.500  1582  1582 W dex2oat : type=1400 audit(0.0:113): avc: granted { getattr } for path="/vendor" dev="rootfs" ino=5775 scontext=u:r:dex2oat:s0 tcontext=u:object_r:rootfs:s0 tclass=lnk_file
10-07 13:02:12.563  1582  1582 I dex2oat : /system/bin/dex2oat --input-vdex-fd=-1 --output-vdex-fd=9 --compiler-filter=quicken --classpath-dir=/system/app/CaptivePortalLogin
10-07 13:02:12.704  1582  1582 I dex2oat : dex2oat took 141.967ms (111.724ms cpu) (threads: 4) arena alloc=5KB (5624B) java alloc=88KB (90496B) native alloc=1166KB (1194536B) free=1393KB (1426904B)
10-07 13:02:12.713   571   571 D SystemServerTiming: UpdatePackagesIfNeeded took to complete: 56652ms
10-07 13:02:12.713   571   571 I SystemServer: PerformFstrimIfNeeded
10-07 13:02:12.714   571   571 W PackageManager: No disk maintenance in 1507361532714; running immediately
10-07 13:02:12.714   571   571 D SystemServerTiming: PerformFstrimIfNeeded took to complete: 1ms
10-07 13:02:12.714   571   571 I SystemServer: StartLockSettingsService
10-07 13:02:12.714   571   758 I StorageManagerService: Running fstrim idle maintenance
10-07 13:02:12.714   571   571 I SystemServiceManager: Starting com.android.server.LockSettingsService$Lifecycle
10-07 13:02:12.715   571   758 D VoldConnector: SND -> {3 fstrim dotrim}
10-07 13:02:12.716   169   174 I vold    : [libfs_mgr]fs_mgr_read_fstab_dt(): failed to read fstab from dt
10-07 13:02:12.717   571   759 D VoldConnector: RCV <- {200 3 Command succeeded}
10-07 13:02:12.721   169  1589 D vold    : Starting trim of /cache
10-07 13:02:12.727   571   571 D SystemServerTiming: StartLockSettingsService took to complete: 12ms
10-07 13:02:12.727   571   571 I SystemServer: StartDeviceIdleController
10-07 13:02:12.727   571   571 I SystemServiceManager: Starting com.android.server.DeviceIdleController
10-07 13:02:12.733   571   571 D SystemServerTiming: StartDeviceIdleController took to complete: 6ms
10-07 13:02:12.733   571   571 I SystemServer: StartDevicePolicyManager
10-07 13:02:12.733   571   571 I SystemServiceManager: Starting com.android.server.devicepolicy.DevicePolicyManagerService$Lifecycle
10-07 13:02:12.750   571   571 D SystemServerTiming: StartDevicePolicyManager took to complete: 17ms
10-07 13:02:12.751   571   571 I SystemServer: StartStatusBarManagerService
10-07 13:02:12.754   571   571 D SystemServerTiming: StartStatusBarManagerService took to complete: 3ms
10-07 13:02:12.754   571   571 I SystemServer: StartClipboardService
10-07 13:02:12.754   571   571 I SystemServiceManager: Starting com.android.server.clipboard.ClipboardService
10-07 13:02:12.757   571   571 D SystemServerTiming: StartClipboardService took to complete: 3ms
10-07 13:02:12.757   571   571 I SystemServer: StartNetworkManagementService
10-07 13:02:12.765   571  1590 I NetworkManagement: onDaemonConnected()
10-07 13:02:12.769   571   571 D SystemServerTiming: StartNetworkManagementService took to complete: 11ms
10-07 13:02:12.769   571   571 I SystemServer: StartTextServicesManager
10-07 13:02:12.769   571   571 I SystemServiceManager: Starting com.android.server.TextServicesManagerService$Lifecycle
10-07 13:02:12.780   571   571 D SystemServerTiming: StartTextServicesManager took to complete: 11ms
10-07 13:02:12.781   571   571 I SystemServer: StartNetworkScoreService
10-07 13:02:12.784   571   571 D SystemServerTiming: StartNetworkScoreService took to complete: 3ms
10-07 13:02:12.784   571   571 I SystemServer: StartNetworkStatsService
10-07 13:02:12.798   169  1589 I vold    : Trimmed 567853056 bytes on /cache in 75ms
10-07 13:02:12.798   571   759 D VoldConnector: RCV <- {662 /cache 567853056 75622561}
10-07 13:02:12.799   169  1589 D vold    : Starting trim of /data
10-07 13:02:12.800   571   571 D SystemServerTiming: StartNetworkStatsService took to complete: 16ms
10-07 13:02:12.801   571   571 I SystemServer: StartNetworkPolicyManagerService
10-07 13:02:12.808   571  1593 I ServiceThread: Enabled StrictMode logging for NetworkPolicy.uid looper.
10-07 13:02:12.810   571   571 D SystemServerTiming: StartNetworkPolicyManagerService took to complete: 9ms
10-07 13:02:12.810   571   571 I SystemServer: StartWifi
10-07 13:02:12.811   571   571 I SystemServiceManager: Starting com.android.server.wifi.WifiService
10-07 13:02:12.887   571  1596 I chatty  : uid=1000(system) IpManager.wlan0 expire 1 line
10-07 13:02:12.888   182   321 D CommandListener: Clearing all IP addresses on wlan0
10-07 13:02:12.889   571  1595 I chatty  : uid=1000(system) WifiStateMachin expire 7 lines
10-07 13:02:12.904   571   571 D SystemServerTiming: StartWifi took to complete: 93ms
10-07 13:02:12.904   571   571 I SystemServer: StartWifiScanning
10-07 13:02:12.904   571   571 I SystemServiceManager: Starting com.android.server.wifi.scanner.WifiScanningService
10-07 13:02:12.908   571   571 D SystemServerTiming: StartWifiScanning took to complete: 4ms
10-07 13:02:12.908   571   571 I SystemServer: StartWifiRtt
10-07 13:02:12.908   571   571 I SystemServiceManager: Starting com.android.server.wifi.RttService
10-07 13:02:12.911   571   571 D SystemServerTiming: StartWifiRtt took to complete: 2ms
10-07 13:02:12.911   571   571 I SystemServer: No Wi-Fi Aware Service (Aware support Not Present)
10-07 13:02:12.911   571   571 I SystemServer: StartWifiP2P
10-07 13:02:12.911   571   571 I SystemServiceManager: Starting com.android.server.wifi.p2p.WifiP2pService
10-07 13:02:12.920   571   571 D SystemServerTiming: StartWifiP2P took to complete: 9ms
10-07 13:02:12.921   571   571 I SystemServer: StartEthernet
10-07 13:02:12.921   571   571 I SystemServiceManager: Starting com.android.server.ethernet.EthernetService
10-07 13:02:12.924   571   571 D SystemServerTiming: StartEthernet took to complete: 4ms
10-07 13:02:12.924   571   571 I SystemServer: StartConnectivityService
10-07 13:02:12.934   571   571 D ConnectivityService: ConnectivityService starting up
10-07 13:02:12.937   571   571 D ConnectivityService: wifiOnly=false
10-07 13:02:12.937   571   571 E ConnectivityService: Ignoring protectedNetwork 14
10-07 13:02:12.937   571   571 E ConnectivityService: Ignoring protectedNetwork 15
10-07 13:02:12.953   571   571 D SystemServerTiming: StartConnectivityService took to complete: 29ms
10-07 13:02:12.954   571   571 I SystemServer: StartNsdService
10-07 13:02:12.957   571   571 D NsdService: Network service discovery enabled true
10-07 13:02:12.959   571   571 D SystemServerTiming: StartNsdService took to complete: 6ms
10-07 13:02:12.960   571   571 I SystemServer: StartUpdateLockService
10-07 13:02:12.962   571   571 D SystemServerTiming: StartUpdateLockService took to complete: 3ms
10-07 13:02:12.962   571   571 I SystemServer: WaitForAsecScan
10-07 13:02:12.962   571   571 D SystemServerTiming: WaitForAsecScan took to complete: 0ms
10-07 13:02:12.962   571   571 I SystemServer: StartNotificationManager
10-07 13:02:12.965   571   571 I SystemServiceManager: Starting com.android.server.notification.NotificationManagerService
10-07 13:02:12.995   571   571 D ConditionProviders.SCP: new ScheduleConditionProvider()
10-07 13:02:13.000   571   571 D ZenLog  : set_zen_mode: off,init
10-07 13:02:13.010   571   571 D SystemServerTiming: StartNotificationManager took to complete: 48ms
10-07 13:02:13.011   571   571 I SystemServer: StartDeviceMonitor
10-07 13:02:13.011   571   571 I SystemServiceManager: Starting com.android.server.storage.DeviceStorageMonitorService
10-07 13:02:13.013   571   571 D SystemServerTiming: StartDeviceMonitor took to complete: 3ms
10-07 13:02:13.013   571   571 I SystemServer: StartLocationManagerService
10-07 13:02:13.018   571   571 D SystemServerTiming: StartLocationManagerService took to complete: 5ms
10-07 13:02:13.018   571   571 I SystemServer: StartCountryDetectorService
10-07 13:02:13.020   571   571 D SystemServerTiming: StartCountryDetectorService took to complete: 2ms
10-07 13:02:13.020   571   571 I SystemServer: StartSearchManagerService
10-07 13:02:13.020   571   571 I SystemServiceManager: Starting com.android.server.search.SearchManagerService$Lifecycle
10-07 13:02:13.024   571   571 D SystemServerTiming: StartSearchManagerService took to complete: 4ms
10-07 13:02:13.024   571   571 I SystemServer: StartWallpaperManagerService
10-07 13:02:13.024   571   571 I SystemServiceManager: Starting com.android.server.wallpaper.WallpaperManagerService$Lifecycle
10-07 13:02:13.028   571   571 I WallpaperManagerService: No static wallpaper imagery; defaults will be shown
10-07 13:02:13.029   571   571 W WallpaperManagerService: no current wallpaper -- first boot?
10-07 13:02:13.030   571   571 D SystemServerTiming: StartWallpaperManagerService took to complete: 6ms
10-07 13:02:13.030   571   571 I SystemServer: StartAudioService
10-07 13:02:13.031   571   571 I SystemServiceManager: Starting com.android.server.audio.AudioService$Lifecycle
10-07 13:02:13.050   208   355 D PermissionCache: checking android.permission.MODIFY_AUDIO_SETTINGS for uid=1000 => granted (1159 us)
10-07 13:02:13.056   208   465 W AudioFlinger: no wake lock to update, system not ready yet
10-07 13:02:13.056   208   467 W AudioFlinger: no wake lock to update, system not ready yet
10-07 13:02:13.058   208   208 D audio_hw_primary: adev_set_mic_mute: state 0
10-07 13:02:13.058   208   208 W DeviceHAL: Device 0xae15f000 set_mic_mute: Function not implemented
10-07 13:02:13.058   208   208 W DeviceHAL: Device 0xae164840 set_mic_mute: Function not implemented
10-07 13:02:13.079  1609  1609 E linker  : "/system/vendor/lib/libmmjpeg.so" has text relocations
10-07 13:02:13.081  1609  1609 F libc    : CANNOT LINK EXECUTABLE "/vendor/bin/mm-qcamera-daemon": "/system/vendor/lib/libmmjpeg.so" has text relocations
10-07 13:02:13.081  1609  1609 F libc    : Fatal signal 6 (SIGABRT), code -6 in tid 1609 (mm-qcamera-daem)
10-07 13:02:13.108   571   571 D SystemServerTiming: StartAudioService took to complete: 77ms
10-07 13:02:13.108   571   571 I SystemServer: StartDockObserver
10-07 13:02:13.108   571   571 I SystemServiceManager: Starting com.android.server.DockObserver
10-07 13:02:13.109   571   571 W DockObserver: This kernel does not have dock station support
10-07 13:02:13.110   571   571 D SystemServerTiming: StartDockObserver took to complete: 2ms
10-07 13:02:13.110   571   571 I SystemServer: StartWiredAccessoryManager
10-07 13:02:13.112   571   571 D SystemServerTiming: StartWiredAccessoryManager took to complete: 1ms
10-07 13:02:13.112   571   571 I SystemServer: StartUsbService
10-07 13:02:13.112   571   571 I SystemServiceManager: Starting com.android.server.usb.UsbService$Lifecycle
10-07 13:02:13.123  1612  1612 I crash_dump32: obtaining output fd from tombstoned
10-07 13:02:13.123   229   229 I /system/bin/tombstoned: received crash request for pid 1609
10-07 13:02:13.124  1612  1612 I crash_dump32: performing dump of process 1609 (target tid = 1609)
10-07 13:02:13.124  1609  1609 F libc    : failed to resend signal during crash: Operation not permitted
10-07 13:02:13.125  1612  1612 E DEBUG   : unexpected waitpid response: n=1609, status=00000100
10-07 13:02:13.127   229   229 W /system/bin/tombstoned: crash socket received short read of length 0 (expected 8)
10-07 13:02:13.130   571   739 I UsbPortManager: Usb hal service started android.hardware.usb@1.0::IUsb default
10-07 13:02:13.130   571   739 I chatty  : uid=1000(system) HwBinder:571_1 expire 5 lines
10-07 13:02:13.131   162   162 W /system/bin/hwservicemanager: getTransportFromManifest: Cannot find entry android.hardware.usb@1.0::IUsb in either framework or device manifest, using default transport.
10-07 13:02:13.133   188   188 I android.hardware.usb@1.0-service: registering callback
10-07 13:02:13.133   188  1613 E android.hardware.usb@1.0-service: creating thread
10-07 13:02:13.133   188   188 E android.hardware.usb@1.0-service: Failed to open /sys/class/dual_role_usb
10-07 13:02:13.137   571   571 D SystemServerTiming: StartUsbService took to complete: 26ms
10-07 13:02:13.138   571   571 I SystemServer: StartSerialService
10-07 13:02:13.138   571   571 D SystemServerTiming: StartSerialService took to complete: 1ms
10-07 13:02:13.139   571   571 I SystemServer: StartHardwarePropertiesManagerService
10-07 13:02:13.140   162   162 W /system/bin/hwservicemanager: getTransportFromManifest: Cannot find entry android.hardware.thermal@1.0::IThermal in either framework or device manifest, using default transport.
10-07 13:02:13.142   571   571 D SystemServerTiming: StartHardwarePropertiesManagerService took to complete: 4ms
10-07 13:02:13.142   571   571 I SystemServer: StartTwilightService
10-07 13:02:13.143   571   571 I SystemServiceManager: Starting com.android.server.twilight.TwilightService
10-07 13:02:13.143   571   571 D SystemServerTiming: StartTwilightService took to complete: 1ms
10-07 13:02:13.143   571   571 I SystemServer: StartNightDisplay
10-07 13:02:13.144   571   571 I SystemServiceManager: Starting com.android.server.display.NightDisplayService
10-07 13:02:13.145   571   571 D SystemServerTiming: StartNightDisplay took to complete: 1ms
10-07 13:02:13.145   571   571 I SystemServer: StartJobScheduler
10-07 13:02:13.145   571   571 I SystemServiceManager: Starting com.android.server.job.JobSchedulerService
10-07 13:02:13.154   571   571 D ConnectivityService: requestNetwork for uid/pid:1000/571 NetworkRequest [ TRACK_DEFAULT id=3, [ Capabilities: INTERNET&NOT_RESTRICTED&TRUSTED&NOT_VPN] ]
10-07 13:02:13.160   571   571 D SystemServerTiming: StartJobScheduler took to complete: 15ms
10-07 13:02:13.160   571   571 I SystemServer: StartSoundTrigger
10-07 13:02:13.160   571   571 I SystemServiceManager: Starting com.android.server.soundtrigger.SoundTriggerService
10-07 13:02:13.162   571   571 D SystemServerTiming: StartSoundTrigger took to complete: 2ms
10-07 13:02:13.162   571   571 I SystemServer: StartTrustManager
10-07 13:02:13.163   571   571 I SystemServiceManager: Starting com.android.server.trust.TrustManagerService
10-07 13:02:13.169   571   571 D SystemServerTiming: StartTrustManager took to complete: 6ms
10-07 13:02:13.169   571   571 I SystemServer: StartBackupManager
10-07 13:02:13.169   571   571 I SystemServiceManager: Starting com.android.server.backup.BackupManagerService$Lifecycle
10-07 13:02:13.172   571   571 D SystemServerTiming: StartBackupManager took to complete: 3ms
10-07 13:02:13.173   571   571 I SystemServer: StartAppWidgerService
10-07 13:02:13.173   571   571 I SystemServiceManager: Starting com.android.server.appwidget.AppWidgetService
10-07 13:02:13.180   571   571 D SystemServerTiming: StartAppWidgerService took to complete: 8ms
10-07 13:02:13.180   571   571 I SystemServer: StartVoiceRecognitionManager
10-07 13:02:13.180   571   571 I SystemServiceManager: Starting com.android.server.voiceinteraction.VoiceInteractionManagerService
10-07 13:02:13.183   571   571 D SystemServerTiming: StartVoiceRecognitionManager took to complete: 3ms
10-07 13:02:13.183   571   571 I SystemServer: StartGestureLauncher
10-07 13:02:13.184   571   571 I SystemServiceManager: Starting com.android.server.GestureLauncherService
10-07 13:02:13.184   571   571 D SystemServerTiming: StartGestureLauncher took to complete: 1ms
10-07 13:02:13.184   571   571 I SystemServer: StartSensorNotification
10-07 13:02:13.184   571   571 I SystemServiceManager: Starting com.android.server.SensorNotificationService
10-07 13:02:13.185   571   571 D SystemServerTiming: StartSensorNotification took to complete: 0ms
10-07 13:02:13.185   571   571 I SystemServer: StartContextHubSystemService
10-07 13:02:13.185   571   571 I SystemServiceManager: Starting com.android.server.ContextHubSystemService
10-07 13:02:13.188   162   162 W /system/bin/hwservicemanager: getTransportFromManifest: Cannot find entry android.hardware.contexthub@1.0::IContexthub in either framework or device manifest, using default transport.
10-07 13:02:13.189   571   571 D SystemServerTiming: StartContextHubSystemService took to complete: 5ms
10-07 13:02:13.189   571   571 I SystemServer: StartDiskStatsService
10-07 13:02:13.192   571   571 D SystemServerTiming: StartDiskStatsService took to complete: 2ms
10-07 13:02:13.192   571   571 I SystemServer: StartSamplingProfilerService
10-07 13:02:13.226   571   571 D SystemServerTiming: StartSamplingProfilerService took to complete: 34ms
10-07 13:02:13.227   571   571 I SystemServer: StartNetworkTimeUpdateService
10-07 13:02:13.228   571   571 D SystemServerTiming: StartNetworkTimeUpdateService took to complete: 2ms
10-07 13:02:13.228   571   571 I SystemServer: StartCommonTimeManagementService
10-07 13:02:13.231   571   571 D SystemServerTiming: StartCommonTimeManagementService took to complete: 2ms
10-07 13:02:13.231   571   571 I SystemServer: CertBlacklister
10-07 13:02:13.232   571   571 D SystemServerTiming: CertBlacklister took to complete: 1ms
10-07 13:02:13.232   571   571 I SystemServer: StartEmergencyAffordanceService
10-07 13:02:13.232   571   571 I SystemServiceManager: Starting com.android.server.emergency.EmergencyAffordanceService
10-07 13:02:13.233   571   571 D SystemServerTiming: StartEmergencyAffordanceService took to complete: 1ms
10-07 13:02:13.233   571   571 I SystemServer: StartDreamManager
10-07 13:02:13.233   571   571 I SystemServiceManager: Starting com.android.server.dreams.DreamManagerService
10-07 13:02:13.236   571   571 D SystemServerTiming: StartDreamManager took to complete: 3ms
10-07 13:02:13.236   571   571 I SystemServer: AddGraphicsStatsService
10-07 13:02:13.248   571   571 D SystemServerTiming: AddGraphicsStatsService took to complete: 12ms
10-07 13:02:13.250   571   571 I SystemServer: StartPrintManager
10-07 13:02:13.250   571   571 I SystemServiceManager: Starting com.android.server.print.PrintManagerService
10-07 13:02:13.254   571   571 D SystemServerTiming: StartPrintManager took to complete: 5ms
10-07 13:02:13.255   571   571 I SystemServer: StartCompanionDeviceManager
10-07 13:02:13.255   571   571 I SystemServiceManager: Starting com.android.server.companion.CompanionDeviceManagerService
10-07 13:02:13.258   571   571 D SystemServerTiming: StartCompanionDeviceManager took to complete: 4ms
10-07 13:02:13.258   571   571 I SystemServer: StartRestrictionManager
10-07 13:02:13.259   571   571 I SystemServiceManager: Starting com.android.server.restrictions.RestrictionsManagerService
10-07 13:02:13.261   571   571 D SystemServerTiming: StartRestrictionManager took to complete: 2ms
10-07 13:02:13.261   571   571 I SystemServer: StartMediaSessionService
10-07 13:02:13.261   571   571 I SystemServiceManager: Starting com.android.server.media.MediaSessionService
10-07 13:02:13.266   571   571 D SystemServerTiming: StartMediaSessionService took to complete: 6ms
10-07 13:02:13.266   571   571 I SystemServer: StartMediaResourceMonitor
10-07 13:02:13.266   571   571 I SystemServiceManager: Starting com.android.server.media.MediaResourceMonitorService
10-07 13:02:13.267   571   571 D SystemServerTiming: StartMediaResourceMonitor took to complete: 1ms
10-07 13:02:13.268   571   571 I SystemServer: StartMediaRouterService
10-07 13:02:13.270   571   571 D SystemServerTiming: StartMediaRouterService took to complete: 3ms
10-07 13:02:13.270   571   571 I SystemServer: StartBackgroundDexOptService
10-07 13:02:13.272   571   571 D SystemServerTiming: StartBackgroundDexOptService took to complete: 1ms
10-07 13:02:13.272   571   571 I SystemServer: StartPruneInstantAppsJobService
10-07 13:02:13.273   571   571 D SystemServerTiming: StartPruneInstantAppsJobService took to complete: 0ms
10-07 13:02:13.273   571   571 I SystemServer: StartShortcutServiceLifecycle
10-07 13:02:13.273   571   571 I SystemServiceManager: Starting com.android.server.pm.ShortcutService$Lifecycle
10-07 13:02:13.289   571   571 D SystemServerTiming: StartShortcutServiceLifecycle took to complete: 15ms
10-07 13:02:13.289   571   571 I SystemServer: StartLauncherAppsService
10-07 13:02:13.289   571   571 I SystemServiceManager: Starting com.android.server.pm.LauncherAppsService
10-07 13:02:13.292   571   571 D SystemServerTiming: StartLauncherAppsService took to complete: 4ms
10-07 13:02:13.292   571   571 I SystemServer: StartMediaProjectionManager
10-07 13:02:13.292   571   571 I SystemServiceManager: Starting com.android.server.media.projection.MediaProjectionManagerService
10-07 13:02:13.303   571   571 D SystemServerTiming: StartMediaProjectionManager took to complete: 11ms
10-07 13:02:13.307   571   571 I SystemServer: StartJitCompilation
10-07 13:02:13.307   571   571 D SystemServerTiming: StartJitCompilation took to complete: 0ms
10-07 13:02:13.307   571   571 I SystemServer: StartMmsService
10-07 13:02:13.308   571   571 I SystemServiceManager: Starting com.android.server.MmsServiceBroker
10-07 13:02:13.311   571   571 D SystemServerTiming: StartMmsService took to complete: 3ms
10-07 13:02:13.311   571   571 I SystemServer: StartRetailDemoModeService
10-07 13:02:13.311   571   571 I SystemServiceManager: Starting com.android.server.retaildemo.RetailDemoModeService
10-07 13:02:13.314   571  1617 I ServiceThread: Enabled StrictMode logging for RetailDemoModeService looper.
10-07 13:02:13.314   571   571 D SystemServerTiming: StartRetailDemoModeService took to complete: 3ms
10-07 13:02:13.314   571   571 I SystemServer: StartAutoFillService
10-07 13:02:13.315   571   571 I SystemServiceManager: Starting com.android.server.autofill.AutofillManagerService
10-07 13:02:13.316   571   571 I AutofillManagerService: Setting debug to true
10-07 13:02:13.320   571   571 D SystemServerTiming: StartAutoFillService took to complete: 6ms
10-07 13:02:13.320   571   571 I SystemServer: MakeVibratorServiceReady
10-07 13:02:13.322   571   571 D SystemServerTiming: MakeVibratorServiceReady took to complete: 2ms
10-07 13:02:13.323   571   571 I SystemServer: MakeLockSettingsServiceReady
10-07 13:02:13.620   571   571 I LockSettingsService: Migrated lock settings to new location
10-07 13:02:13.647   571   571 I LockSettingsService: Migrated per-user lock settings to new location
10-07 13:02:13.754   571   571 I LockSettingsService: Migrated biometric weak to use the fallback instead
10-07 13:02:13.898   571   571 I LockSettingsService: Migrated lockscreen disabled flag
10-07 13:02:13.908   571   571 E LockSettingsStorage: Cannot read file java.io.FileNotFoundException: /data/system/gatekeeper.password.key: open failed: ENOENT (No such file or directory)
10-07 13:02:13.908   571   571 E LockSettingsStorage: Cannot read file java.io.FileNotFoundException: /data/system/password.key: open failed: ENOENT (No such file or directory)
10-07 13:02:13.909   571   571 E LockSettingsStorage: Cannot read file java.io.FileNotFoundException: /data/system/gatekeeper.pattern.key: open failed: ENOENT (No such file or directory)
10-07 13:02:13.909   571   571 E LockSettingsStorage: Cannot read file java.io.FileNotFoundException: /data/system/gatekeeper.gesture.key: open failed: ENOENT (No such file or directory)
10-07 13:02:13.909   571   571 E LockSettingsStorage: Cannot read file java.io.FileNotFoundException: /data/system/gesture.key: open failed: ENOENT (No such file or directory)
10-07 13:02:13.910   571   571 D SystemServerTiming: MakeLockSettingsServiceReady took to complete: 587ms
10-07 13:02:13.910   571   571 I SystemServer: StartBootPhaseLockSettingsReady
10-07 13:02:13.910   571   571 I SystemServiceManager: Starting phase 480
10-07 13:02:13.919   571   571 D SystemServerTiming: StartBootPhaseLockSettingsReady took to complete: 9ms
10-07 13:02:13.919   571   571 I SystemServer: StartBootPhaseSystemServicesReady
10-07 13:02:13.919   571   571 I SystemServiceManager: Starting phase 500
10-07 13:02:13.922   571   571 W UsageStatsService: Missing procfs interface: /proc/uid_procstat/set
10-07 13:02:13.925   571   571 I VrManagerService: No default vr listener service found.
10-07 13:02:13.932   571   571 I WifiService: WifiService starting up with Wi-Fi disabled
10-07 13:02:13.956   571  1600 D ConnectivityService: Got NetworkFactory Messenger for Ethernet
10-07 13:02:13.957   571  1622 I chatty  : uid=1000(system) EthernetService expire 3 lines
