10-07 13:02:28.658  1805  1805 I TelecomFramework: PstnPhoneCapabilitiesNotifier: handleVideoCapabilitesChanged. Video capability - false
10-07 13:02:28.658  1805  2770 D IccSmsInterfaceManager: [IccSmsInterfaceManager] Added GSM cell broadcast subscription for MID range 4352 to 4354 from client com.android.cellbroadcastreceiver
10-07 13:02:28.658  1805  1805 I TelecomFramework: PstnPhoneCapabilitiesNotifier: handleVideoCapabilitesChanged. Video capability - false
10-07 13:02:28.658  1805  2770 D IccSmsInterfaceManager: [IccSmsInterfaceManager] Calling setCellBroadcastActivation(true)
10-07 13:02:28.668  2273  2392 W ExifInterface: Skip the tag entry since tag number is not defined: 2
10-07 13:02:28.678   571  2309 I Telecom : PhoneAccountRegistrar: Modify account: [ComponentInfo{com.android.phone/com.android.services.telephony.TelephonyConnectionService}, [26c54c33e876414d14ea2f016634d88ca51e9dac], UserHandle{0}]: TSI.rPA@AD8
10-07 13:02:28.679  2273  2392 I chatty  : uid=10008(u0_a8) MediaScannerSer identical 1 line
10-07 13:02:28.703  2273  2392 W ExifInterface: Skip the tag entry since tag number is not defined: 2
10-07 13:02:28.704  1805  1805 I VvmSimStateTracker: android.telephony.action.CARRIER_CONFIG_CHANGED
10-07 13:02:28.708  1805  1805 I VvmSimStateTracker: Service connected on ComponentInfo{com.android.phone/com.android.services.telephony.TelephonyConnectionService}, [26c54c33e876414d14ea2f016634d88ca51e9dac], UserHandle{0}
10-07 13:02:28.714  2273  2392 W ExifInterface: Skip the tag entry since tag number is not defined: 2
10-07 13:02:28.723  1805  1805 I RemoteVvmTaskManager: Binding to ComponentInfo{com.android.dialer/com.android.voicemail.impl.OmtpService}
10-07 13:02:28.727  2273  2392 W ExifInterface: Skip the tag entry since tag number is not defined: 2
10-07 13:02:28.731  2163  2163 I Dialer  : VvmOmtpService - onCellServiceConnected
10-07 13:02:28.738  2273  2392 W ExifInterface: Skip the tag entry since tag number is not defined: 2
10-07 13:02:28.749  2273  2392 W ExifInterface: Skip the tag entry since tag number is not defined: 2
10-07 13:02:28.751  2163  2163 I Dialer  : VvmOmtpService - VVM not supported on ComponentInfo{com.android.phone/com.android.services.telephony.TelephonyConnectionService}, [26c54c33e876414d14ea2f016634d88ca51e9dac], UserHandle{0}
10-07 13:02:28.761  2273  2392 W ExifInterface: Skip the tag entry since tag number is not defined: 2
10-07 13:02:28.790  2273  2392 I chatty  : uid=10008(u0_a8) MediaScannerSer identical 3 lines
10-07 13:02:28.802  2273  2392 W ExifInterface: Skip the tag entry since tag number is not defined: 2
10-07 13:02:28.813  1805  2677 D IccSmsInterfaceManager: [IccSmsInterfaceManager] Calling setGsmBroadcastConfig with 2 configurations
10-07 13:02:28.817  2273  2392 W ExifInterface: Skip the tag entry since tag number is not defined: 2
10-07 13:02:28.833  2273  2392 W ExifInterface: Skip the tag entry since tag number is not defined: 2
10-07 13:02:28.836  1805  2677 D IccSmsInterfaceManager: [IccSmsInterfaceManager] Added GSM cell broadcast subscription for MID range 4356 to 4356 from client com.android.cellbroadcastreceiver
10-07 13:02:28.836  1805  2677 D IccSmsInterfaceManager: [IccSmsInterfaceManager] Calling setCellBroadcastActivation(true)
10-07 13:02:28.846  2273  2392 W ExifInterface: Skip the tag entry since tag number is not defined: 2
10-07 13:02:28.941  2273  2392 I chatty  : uid=10008(u0_a8) MediaScannerSer identical 9 lines
10-07 13:02:28.953  2273  2392 W ExifInterface: Skip the tag entry since tag number is not defined: 2
10-07 13:02:28.986   571  1672 I ActivityManager: START u0 {act=android.intent.action.MAIN cat=[android.intent.category.LAUNCHER] flg=0x10200000 cmp=com.android.settings/.Settings bnds=[567,626][750,846]} from uid 10014
10-07 13:02:28.991   571  1607 I AudioTrack: AUDIO_OUTPUT_FLAG_FAST successful; frameCount 4512 -> 4512
10-07 13:02:28.995  2273  2392 W ExifInterface: Skip the tag entry since tag number is not defined: 2
10-07 13:02:29.007   571   708 W System  : ClassLoader referenced unknown path: 
10-07 13:02:29.023  2273  2392 W ExifInterface: Skip the tag entry since tag number is not defined: 2
10-07 13:02:29.061  2273  2392 I chatty  : uid=10008(u0_a8) MediaScannerSer identical 2 lines
10-07 13:02:29.088  2273  2392 W ExifInterface: Skip the tag entry since tag number is not defined: 2
10-07 13:02:29.093   162   162 W /system/bin/hwservicemanager: getTransportFromManifest: Cannot find entry android.hardware.graphics.mapper@2.0::IMapper in either framework or device manifest, using default transport.
10-07 13:02:29.099   571   708 I vndksupport: sphal namespace is not configured for this process. Loading /vendor/lib/hw/gralloc.msm8960.so from the current namespace instead.
10-07 13:02:29.105  1805  2683 D IccSmsInterfaceManager: [IccSmsInterfaceManager] Failed to remove GSM cell broadcast subscription for MID range 4355 to 4355 from client com.android.cellbroadcastreceiver
10-07 13:02:29.115  1805  2765 D IccSmsInterfaceManager: [IccSmsInterfaceManager] Calling setGsmBroadcastConfig with 3 configurations
10-07 13:02:29.118  2273  2392 W ExifInterface: Skip the tag entry since tag number is not defined: 2
10-07 13:02:29.138  2273  2392 W ExifInterface: Skip the tag entry since tag number is not defined: 2
10-07 13:02:29.140  1805  2765 D IccSmsInterfaceManager: [IccSmsInterfaceManager] Added GSM cell broadcast subscription for MID range 4370 to 4370 from client com.android.cellbroadcastreceiver
10-07 13:02:29.140  1805  2765 D IccSmsInterfaceManager: [IccSmsInterfaceManager] Calling setCellBroadcastActivation(true)
10-07 13:02:29.173  2273  2392 W ExifInterface: Skip the tag entry since tag number is not defined: 2
10-07 13:02:29.178  1852  1852 W TileUtils: Found com.android.settings.backup.BackupSettingsActivity for intent Intent { act=com.android.settings.action.SETTINGS pkg=com.android.settings } missing metadata com.android.settings.category
10-07 13:02:29.188  2273  2392 W ExifInterface: Skip the tag entry since tag number is not defined: 2
10-07 13:02:29.207  2273  2392 W ExifInterface: Skip the tag entry since tag number is not defined: 2
10-07 13:02:29.210  1852  1852 D ConditionManager: conditions loading asychronously
10-07 13:02:29.214  1852  2838 D ConditionManager: loading conditions from xml
10-07 13:02:29.234  2273  2392 W ExifInterface: Skip the tag entry since tag number is not defined: 2
10-07 13:02:29.243  1852  1852 D DashboardSummary: adapter created
10-07 13:02:29.251  2273  2392 W ExifInterface: Skip the tag entry since tag number is not defined: 2
10-07 13:02:29.257  1852  2841 I SuggestionParser: Use fingerprint requires unavailable feature android.hardware.fingerprint
10-07 13:02:29.268  2273  2392 W ExifInterface: Skip the tag entry since tag number is not defined: 2
10-07 13:02:29.280  2273  2392 I chatty  : uid=10008(u0_a8) MediaScannerSer identical 1 line
10-07 13:02:29.296  2273  2392 W ExifInterface: Skip the tag entry since tag number is not defined: 2
10-07 13:02:29.299  1852  2841 W Bundle  : Key com.android.settings.dismiss expected String but value was a java.lang.Integer.  The default value <null> was returned.
10-07 13:02:29.300  1852  2841 W Bundle  : Attempt to cast generated internal exception:
10-07 13:02:29.300  1852  2841 W Bundle  : java.lang.ClassCastException: java.lang.Integer cannot be cast to java.lang.String
10-07 13:02:29.300  1852  2841 W Bundle  : 	at android.os.BaseBundle.getString(BaseBundle.java:1089)
10-07 13:02:29.300  1852  2841 W Bundle  : 	at com.android.settingslib.SuggestionParser.getDismissControl(SuggestionParser.java:362)
10-07 13:02:29.300  1852  2841 W Bundle  : 	at com.android.settingslib.SuggestionParser.isDismissed(SuggestionParser.java:315)
10-07 13:02:29.300  1852  2841 W Bundle  : 	at com.android.settingslib.SuggestionParser.filterSuggestions(SuggestionParser.java:172)
10-07 13:02:29.300  1852  2841 W Bundle  : 	at com.android.settingslib.SuggestionParser.readSuggestions(SuggestionParser.java:189)
10-07 13:02:29.300  1852  2841 W Bundle  : 	at com.android.settingslib.SuggestionParser.getSuggestions(SuggestionParser.java:137)
10-07 13:02:29.300  1852  2841 W Bundle  : 	at com.android.settings.dashboard.DashboardSummary$SuggestionLoader.doInBackground(DashboardSummary.java:245)
10-07 13:02:29.300  1852  2841 W Bundle  : 	at com.android.settings.dashboard.DashboardSummary$SuggestionLoader.doInBackground(DashboardSummary.java:240)
10-07 13:02:29.300  1852  2841 W Bundle  : 	at android.os.AsyncTask$2.call(AsyncTask.java:333)
10-07 13:02:29.300  1852  2841 W Bundle  : 	at java.util.concurrent.FutureTask.run(FutureTask.java:266)
10-07 13:02:29.300  1852  2841 W Bundle  : 	at android.os.AsyncTask$SerialExecutor$1.run(AsyncTask.java:245)
10-07 13:02:29.300  1852  2841 W Bundle  : 	at java.util.concurrent.ThreadPoolExecutor.runWorker(ThreadPoolExecutor.java:1162)
10-07 13:02:29.300  1852  2841 W Bundle  : 	at java.util.concurrent.ThreadPoolExecutor$Worker.run(ThreadPoolExecutor.java:636)
10-07 13:02:29.300  1852  2841 W Bundle  : 	at java.lang.Thread.run(Thread.java:764)
10-07 13:02:29.301  1852  2841 I SuggestionParser: Add another fingerprint requires unavailable feature android.hardware.fingerprint
10-07 13:02:29.303  1852  2841 W Bundle  : Key com.android.settings.dismiss expected String but value was a java.lang.Integer.  The default value <null> was returned.
10-07 13:02:29.303  1852  2841 W Bundle  : Attempt to cast generated internal exception:
10-07 13:02:29.303  1852  2841 W Bundle  : java.lang.ClassCastException: java.lang.Integer cannot be cast to java.lang.String
10-07 13:02:29.303  1852  2841 W Bundle  : 	at android.os.BaseBundle.getString(BaseBundle.java:1089)
10-07 13:02:29.303  1852  2841 W Bundle  : 	at com.android.settingslib.SuggestionParser.getDismissControl(SuggestionParser.java:362)
10-07 13:02:29.303  1852  2841 W Bundle  : 	at com.android.settingslib.SuggestionParser.isDismissed(SuggestionParser.java:315)
10-07 13:02:29.303  1852  2841 W Bundle  : 	at com.android.settingslib.SuggestionParser.filterSuggestions(SuggestionParser.java:172)
10-07 13:02:29.303  1852  2841 W Bundle  : 	at com.android.settingslib.SuggestionParser.readSuggestions(SuggestionParser.java:189)
10-07 13:02:29.303  1852  2841 W Bundle  : 	at com.android.settingslib.SuggestionParser.getSuggestions(SuggestionParser.java:137)
10-07 13:02:29.303  1852  2841 W Bundle  : 	at com.android.settings.dashboard.DashboardSummary$SuggestionLoader.doInBackground(DashboardSummary.java:245)
10-07 13:02:29.303  1852  2841 W Bundle  : 	at com.android.settings.dashboard.DashboardSummary$SuggestionLoader.doInBackground(DashboardSummary.java:240)
10-07 13:02:29.303  1852  2841 W Bundle  : 	at android.os.AsyncTask$2.call(AsyncTask.java:333)
10-07 13:02:29.303  1852  2841 W Bundle  : 	at java.util.concurrent.FutureTask.run(FutureTask.java:266)
10-07 13:02:29.303  1852  2841 W Bundle  : 	at android.os.AsyncTask$SerialExecutor$1.run(AsyncTask.java:245)
10-07 13:02:29.303  1852  2841 W Bundle  : 	at java.util.concurrent.ThreadPoolExecutor.runWorker(ThreadPoolExecutor.java:1162)
10-07 13:02:29.303  1852  2841 W Bundle  : 	at java.util.concurrent.ThreadPoolExecutor$Worker.run(ThreadPoolExecutor.java:636)
10-07 13:02:29.303  1852  2841 W Bundle  : 	at java.lang.Thread.run(Thread.java:764)
10-07 13:02:29.309  2273  2392 W ExifInterface: Skip the tag entry since tag number is not defined: 2
10-07 13:02:29.321   208  2843 E msm8960_platform: platform_get_snd_device_acdb_id: Not implemented
10-07 13:02:29.321  2273  2392 W ExifInterface: Skip the tag entry since tag number is not defined: 2
10-07 13:02:29.321   208  2843 D audio_hw_primary: select_devices: changing use case low-latency-playback output device from(0: none, acdb -1) to (2: speaker, acdb -38)
10-07 13:02:29.322   208  2843 D ACDB-LOADER: ACDB -> send_afe_cal
10-07 13:02:29.322   208  2843 D audio_hw_primary: enable_snd_device: snd_device(2: speaker)
10-07 13:02:29.334   208  2843 D audio_hw_primary: enable_audio_route: usecase(1) apply and update mixer path: low-latency-playback
10-07 13:02:29.336  1852  2841 W Bundle  : Key com.android.settings.dismiss expected String but value was a java.lang.Integer.  The default value <null> was returned.
10-07 13:02:29.336  1852  2841 W Bundle  : Attempt to cast generated internal exception:
10-07 13:02:29.336  1852  2841 W Bundle  : java.lang.ClassCastException: java.lang.Integer cannot be cast to java.lang.String
10-07 13:02:29.336  1852  2841 W Bundle  : 	at android.os.BaseBundle.getString(BaseBundle.java:1089)
10-07 13:02:29.336  1852  2841 W Bundle  : 	at com.android.settingslib.SuggestionParser.getDismissControl(SuggestionParser.java:362)
10-07 13:02:29.336  1852  2841 W Bundle  : 	at com.android.settingslib.SuggestionParser.dismissSuggestion(SuggestionParser.java:153)
10-07 13:02:29.336  1852  2841 W Bundle  : 	at com.android.settings.dashboard.suggestions.SuggestionFeatureProviderImpl.dismissSuggestion(SuggestionFeatureProviderImpl.java:74)
10-07 13:02:29.336  1852  2841 W Bundle  : 	at com.android.settings.dashboard.DashboardSummary$SuggestionLoader.doInBackground(DashboardSummary.java:258)
10-07 13:02:29.336  1852  2841 W Bundle  : 	at com.android.settings.dashboard.DashboardSummary$SuggestionLoader.doInBackground(DashboardSummary.java:240)
10-07 13:02:29.336  1852  2841 W Bundle  : 	at android.os.AsyncTask$2.call(AsyncTask.java:333)
10-07 13:02:29.336  1852  2841 W Bundle  : 	at java.util.concurrent.FutureTask.run(FutureTask.java:266)
10-07 13:02:29.336  1852  2841 W Bundle  : 	at android.os.AsyncTask$SerialExecutor$1.run(AsyncTask.java:245)
10-07 13:02:29.336  1852  2841 W Bundle  : 	at java.util.concurrent.ThreadPoolExecutor.runWorker(ThreadPoolExecutor.java:1162)
10-07 13:02:29.336  1852  2841 W Bundle  : 	at java.util.concurrent.ThreadPoolExecutor$Worker.run(ThreadPoolExecutor.java:636)
10-07 13:02:29.336  1852  2841 W Bundle  : 	at java.lang.Thread.run(Thread.java:764)
10-07 13:02:29.337   571  1672 D PackageManager: Ephemeral installer not found with new action; try old one
10-07 13:02:29.337   571  1672 D PackageManager: Clear ephemeral installer activity
10-07 13:02:29.344  2273  2392 W ExifInterface: Skip the tag entry since tag number is not defined: 2
10-07 13:02:29.346  1852  1852 D ConditionManager: conditions loaded from xml, refreshing conditions
10-07 13:02:29.346  1852  1852 D APM_Condition: APM condition refreshed
10-07 13:02:29.349  1852  1852 D APM_Condition: setActive was called with false
10-07 13:02:29.362  2273  2392 W ExifInterface: Skip the tag entry since tag number is not defined: 2
10-07 13:02:29.365  1852  2844 W TileUtils: Found com.android.settings.backup.BackupSettingsActivity for intent Intent { act=com.android.settings.action.SETTINGS pkg=com.android.settings } missing metadata com.android.settings.category
10-07 13:02:29.390  2273  2392 W ExifInterface: Skip the tag entry since tag number is not defined: 2
10-07 13:02:29.393  1852  1879 W Adreno-EGL: <qeglDrvAPI_eglGetConfigAttrib:607>: EGL_BAD_ATTRIBUTE
10-07 13:02:29.423  2273  2392 W ExifInterface: Skip the tag entry since tag number is not defined: 2
10-07 13:02:29.426  1852  1879 I vndksupport: sphal namespace is not configured for this process. Loading /vendor/lib/hw/gralloc.msm8960.so from the current namespace instead.
10-07 13:02:29.446  2273  2392 W ExifInterface: Skip the tag entry since tag number is not defined: 2
10-07 13:02:29.456  1805  2683 D IccSmsInterfaceManager: [IccSmsInterfaceManager] Calling setGsmBroadcastConfig with 4 configurations
10-07 13:02:29.468  2273  2392 W ExifInterface: Skip the tag entry since tag number is not defined: 2
10-07 13:02:29.484  1805  2683 D IccSmsInterfaceManager: [IccSmsInterfaceManager] Added GSM cell broadcast subscription for MID range 4371 to 4372 from client com.android.cellbroadcastreceiver
10-07 13:02:29.484  1805  2683 D IccSmsInterfaceManager: [IccSmsInterfaceManager] Calling setCellBroadcastActivation(true)
10-07 13:02:29.485  2273  2392 W ExifInterface: Skip the tag entry since tag number is not defined: 2
10-07 13:02:29.493  1852  2844 I IndexDatabaseHelper: Bootstrapped database
10-07 13:02:29.503  2273  2392 W ExifInterface: Skip the tag entry since tag number is not defined: 2
10-07 13:02:29.515  2273  2392 I chatty  : uid=10008(u0_a8) MediaScannerSer identical 1 line
10-07 13:02:29.530  2273  2392 W ExifInterface: Skip the tag entry since tag number is not defined: 2
10-07 13:02:29.543  1852  2844 I IndexDatabaseHelper: Using schema version: 117
10-07 13:02:29.545  1852  2844 I IndexDatabaseHelper: Index is fine
10-07 13:02:29.549  2273  2392 W ExifInterface: Skip the tag entry since tag number is not defined: 2
10-07 13:02:29.563  2273  2392 W ExifInterface: Skip the tag entry since tag number is not defined: 2
10-07 13:02:29.572  1852  2844 D DatabaseIndexingManager: Indexing locale 'en_US' took 26 millis
10-07 13:02:29.575  2273  2392 W ExifInterface: Skip the tag entry since tag number is not defined: 2
10-07 13:02:29.591  2273  2392 I chatty  : uid=10008(u0_a8) MediaScannerSer identical 1 line
10-07 13:02:29.603  2273  2392 W ExifInterface: Skip the tag entry since tag number is not defined: 2
10-07 13:02:29.608  1852  2844 D DatabaseIndexingManager: Indexing locale 'en_US' took 13 millis
10-07 13:02:29.614  2273  2392 W ExifInterface: Skip the tag entry since tag number is not defined: 2
10-07 13:02:29.628  2273  2392 W ExifInterface: Skip the tag entry since tag number is not defined: 2
10-07 13:02:29.634  1852  2844 D DatabaseIndexingManager: Indexing locale 'en_US' took 4 millis
10-07 13:02:29.645  2273  2392 W ExifInterface: Skip the tag entry since tag number is not defined: 2
10-07 13:02:29.698  2273  2392 I chatty  : uid=10008(u0_a8) MediaScannerSer identical 5 lines
10-07 13:02:29.711  2273  2392 W ExifInterface: Skip the tag entry since tag number is not defined: 2
10-07 13:02:29.721  1852  2844 D DatabaseIndexingManager: Indexing locale 'en_US' took 81 millis
10-07 13:02:29.732  2273  2392 W ExifInterface: Skip the tag entry since tag number is not defined: 2
10-07 13:02:29.749  1852  1852 D DashboardSummary: Listening for condition changes
10-07 13:02:29.749  1852  1852 D DashboardSummary: onConditionsChanged
10-07 13:02:29.750  1852  1852 D DashboardAdapter: adapter setConditions called
10-07 13:02:29.753  1852  1852 D DashboardSummary: conditions refreshed
10-07 13:02:29.753  1852  1852 D APM_Condition: APM condition refreshed
10-07 13:02:29.753  1852  1852 D APM_Condition: setActive was called with false
10-07 13:02:29.756   571   662 I ActivityManager: Displayed com.android.settings/.Settings: +730ms
10-07 13:02:29.758  2273  2392 W ExifInterface: Skip the tag entry since tag number is not defined: 2
10-07 13:02:29.777  2273  2392 W ExifInterface: Skip the tag entry since tag number is not defined: 2
10-07 13:02:29.803  1805  2765 D IccSmsInterfaceManager: [IccSmsInterfaceManager] Calling setGsmBroadcastConfig with 4 configurations
10-07 13:02:29.808  2273  2392 W ExifInterface: Skip the tag entry since tag number is not defined: 2
10-07 13:02:29.828  1805  2765 D IccSmsInterfaceManager: [IccSmsInterfaceManager] Added GSM cell broadcast subscription for MID range 4373 to 4378 from client com.android.cellbroadcastreceiver
10-07 13:02:29.828  1805  2765 D IccSmsInterfaceManager: [IccSmsInterfaceManager] Calling setCellBroadcastActivation(true)
10-07 13:02:29.829  2273  2392 W ExifInterface: Skip the tag entry since tag number is not defined: 2
10-07 13:02:29.992  2273  2392 I chatty  : uid=10008(u0_a8) MediaScannerSer identical 7 lines
10-07 13:02:30.005  2273  2392 W ExifInterface: Skip the tag entry since tag number is not defined: 2
10-07 13:02:30.020  1852  2844 D DatabaseIndexingManager: Indexing locale 'en_US' took 247 millis
10-07 13:02:30.022  2273  2392 W ExifInterface: Skip the tag entry since tag number is not defined: 2
10-07 13:02:30.117  2273  2392 I chatty  : uid=10008(u0_a8) MediaScannerSer identical 5 lines
10-07 13:02:30.132  2273  2392 W ExifInterface: Skip the tag entry since tag number is not defined: 2
10-07 13:02:30.142  1805  2707 D IccSmsInterfaceManager: [IccSmsInterfaceManager] Calling setGsmBroadcastConfig with 4 configurations
10-07 13:02:30.146  2273  2392 W ExifInterface: Skip the tag entry since tag number is not defined: 2
10-07 13:02:30.158  2273  2392 W ExifInterface: Skip the tag entry since tag number is not defined: 2
10-07 13:02:30.162  1852  2844 D DatabaseIndexingManager: Indexing locale 'en_US' took 79 millis
10-07 13:02:30.170  2273  2392 W ExifInterface: Skip the tag entry since tag number is not defined: 2
10-07 13:02:30.180  1805  2707 D IccSmsInterfaceManager: [IccSmsInterfaceManager] Added GSM cell broadcast subscription for MID range 4379 to 4379 from client com.android.cellbroadcastreceiver
10-07 13:02:30.180  1805  2707 D IccSmsInterfaceManager: [IccSmsInterfaceManager] Calling setCellBroadcastActivation(true)
10-07 13:02:30.195  2273  2392 W ExifInterface: Skip the tag entry since tag number is not defined: 2
10-07 13:02:30.211  2273  2392 W ExifInterface: Skip the tag entry since tag number is not defined: 2
10-07 13:02:30.215  1852  2844 D DatabaseIndexingManager: Indexing locale 'en_US' took 13 millis
10-07 13:02:30.225  2273  2392 W ExifInterface: Skip the tag entry since tag number is not defined: 2
10-07 13:02:30.243   571  2331 D PackageManager: Ephemeral installer not found with new action; try old one
10-07 13:02:30.243   571  2331 D PackageManager: Clear ephemeral installer activity
10-07 13:02:30.245   571  2335 D PackageManager: Ephemeral installer not found with new action; try old one
10-07 13:02:30.245   571  2335 D PackageManager: Clear ephemeral installer activity
10-07 13:02:30.247   571  1824 D PackageManager: Ephemeral installer not found with new action; try old one
10-07 13:02:30.247   571  1824 D PackageManager: Clear ephemeral installer activity
10-07 13:02:30.249   571  2309 D PackageManager: Ephemeral installer not found with new action; try old one
10-07 13:02:30.249   571  2309 D PackageManager: Clear ephemeral installer activity
10-07 13:02:30.250   571   651 D PackageManager: Ephemeral installer not found with new action; try old one
10-07 13:02:30.250   571   651 D PackageManager: Clear ephemeral installer activity
10-07 13:02:30.252   571  1742 D PackageManager: Ephemeral installer not found with new action; try old one
10-07 13:02:30.253   571  1742 D PackageManager: Clear ephemeral installer activity
10-07 13:02:30.255   571  1672 D PackageManager: Ephemeral installer not found with new action; try old one
10-07 13:02:30.255   571  1672 D PackageManager: Clear ephemeral installer activity
10-07 13:02:30.256   571  2331 D PackageManager: Ephemeral installer not found with new action; try old one
10-07 13:02:30.256   571  2331 D PackageManager: Clear ephemeral installer activity
10-07 13:02:30.258   571  1772 D PackageManager: Ephemeral installer not found with new action; try old one
10-07 13:02:30.258   571  1772 D PackageManager: Clear ephemeral installer activity
10-07 13:02:30.268   571  2309 D PackageManager: Ephemeral installer not found with new action; try old one
10-07 13:02:30.268   571  2309 D PackageManager: Clear ephemeral installer activity
10-07 13:02:30.269  2273  2392 I chatty  : uid=10008(u0_a8) MediaScannerSer identical 3 lines
10-07 13:02:30.270   571  1772 D PackageManager: Ephemeral installer not found with new action; try old one
10-07 13:02:30.270   571  1772 D PackageManager: Clear ephemeral installer activity
10-07 13:02:30.273   571  1742 D PackageManager: Ephemeral installer not found with new action; try old one
10-07 13:02:30.273   571  1742 D PackageManager: Clear ephemeral installer activity
10-07 13:02:30.276   571  1824 D PackageManager: Ephemeral installer not found with new action; try old one
10-07 13:02:30.276   571  1824 D PackageManager: Clear ephemeral installer activity
10-07 13:02:30.280   571  2309 D PackageManager: Ephemeral installer not found with new action; try old one
10-07 13:02:30.280   571  2309 D PackageManager: Clear ephemeral installer activity
10-07 13:02:30.285  2273  2392 W ExifInterface: Skip the tag entry since tag number is not defined: 2
10-07 13:02:30.287   571  1595 E HalDeviceManager: Should have at least 1 chip!
10-07 13:02:30.287   571  1595 E HalDeviceManager: getSupportedIfaceTypesInternal: no chip info found
10-07 13:02:30.290   571   651 E BatteryStatsService: no controller energy info supplied
10-07 13:02:30.291   571   651 E BatteryStatsService: no controller energy info supplied
10-07 13:02:30.299  2273  2392 W ExifInterface: Skip the tag entry since tag number is not defined: 2
10-07 13:02:30.304   571   651 E KernelUidCpuFreqTimeReader: Failed to read /proc/uid_time_in_state: java.io.FileNotFoundException: /proc/uid_time_in_state (No such file or directory)
10-07 13:02:30.307   571   651 E BatteryStatsService: modem info is invalid: ModemActivityInfo{ mTimestamp=0 mSleepTimeMs=0 mIdleTimeMs=0 mTxTimeMs[]=[0, 0, 0, 0, 0] mRxTimeMs=0 mEnergyUsed=0}
10-07 13:02:30.361  2273  2392 I chatty  : uid=10008(u0_a8) MediaScannerSer identical 4 lines
10-07 13:02:30.374  2273  2392 W ExifInterface: Skip the tag entry since tag number is not defined: 2
10-07 13:02:30.382  1852  2844 W TileUtils: Found com.android.settings.backup.BackupSettingsActivity for intent Intent { act=com.android.settings.action.SETTINGS pkg=com.android.settings } missing metadata com.android.settings.category
10-07 13:02:30.388  2273  2392 W ExifInterface: Skip the tag entry since tag number is not defined: 2
10-07 13:02:30.394  1852  2838 I SuggestionParser: Use fingerprint requires unavailable feature android.hardware.fingerprint
10-07 13:02:30.404  2273  2392 W ExifInterface: Skip the tag entry since tag number is not defined: 2
10-07 13:02:30.405  1852  2838 W Bundle  : Key com.android.settings.dismiss expected String but value was a java.lang.Integer.  The default value <null> was returned.
10-07 13:02:30.405  1852  2838 W Bundle  : Attempt to cast generated internal exception:
10-07 13:02:30.405  1852  2838 W Bundle  : java.lang.ClassCastException: java.lang.Integer cannot be cast to java.lang.String
10-07 13:02:30.405  1852  2838 W Bundle  : 	at android.os.BaseBundle.getString(BaseBundle.java:1089)
10-07 13:02:30.405  1852  2838 W Bundle  : 	at com.android.settingslib.SuggestionParser.getDismissControl(SuggestionParser.java:362)
10-07 13:02:30.405  1852  2838 W Bundle  : 	at com.android.settingslib.SuggestionParser.isDismissed(SuggestionParser.java:315)
10-07 13:02:30.405  1852  2838 W Bundle  : 	at com.android.settingslib.SuggestionParser.filterSuggestions(SuggestionParser.java:172)
10-07 13:02:30.405  1852  2838 W Bundle  : 	at com.android.settingslib.SuggestionParser.readSuggestions(SuggestionParser.java:189)
10-07 13:02:30.405  1852  2838 W Bundle  : 	at com.android.settingslib.SuggestionParser.getSuggestions(SuggestionParser.java:137)
10-07 13:02:30.405  1852  2838 W Bundle  : 	at com.android.settings.dashboard.DashboardSummary$SuggestionLoader.doInBackground(DashboardSummary.java:245)
10-07 13:02:30.405  1852  2838 W Bundle  : 	at com.android.settings.dashboard.DashboardSummary$SuggestionLoader.doInBackground(DashboardSummary.java:240)
10-07 13:02:30.405  1852  2838 W Bundle  : 	at android.os.AsyncTask$2.call(AsyncTask.java:333)
10-07 13:02:30.405  1852  2838 W Bundle  : 	at java.util.concurrent.FutureTask.run(FutureTask.java:266)
10-07 13:02:30.405  1852  2838 W Bundle  : 	at android.os.AsyncTask$SerialExecutor$1.run(AsyncTask.java:245)
10-07 13:02:30.405  1852  2838 W Bundle  : 	at java.util.concurrent.ThreadPoolExecutor.runWorker(ThreadPoolExecutor.java:1162)
10-07 13:02:30.405  1852  2838 W Bundle  : 	at java.util.concurrent.ThreadPoolExecutor$Worker.run(ThreadPoolExecutor.java:636)
10-07 13:02:30.405  1852  2838 W Bundle  : 	at java.lang.Thread.run(Thread.java:764)
10-07 13:02:30.407  1852  2838 I SuggestionParser: Add another fingerprint requires unavailable feature android.hardware.fingerprint
10-07 13:02:30.437  2273  2392 W ExifInterface: Skip the tag entry since tag number is not defined: 2
10-07 13:02:30.467  2273  2392 W ExifInterface: Skip the tag entry since tag number is not defined: 2
10-07 13:02:30.467  1852  1857 I zygote  : Do partial code cache collection, code=31KB, data=27KB
10-07 13:02:30.468  1852  1857 I zygote  : After code cache collection, code=30KB, data=27KB
10-07 13:02:30.468  1852  1857 I zygote  : Increasing code cache capacity to 128KB
10-07 13:02:30.487  2273  2392 W ExifInterface: Skip the tag entry since tag number is not defined: 2
10-07 13:02:30.585  2273  2392 I chatty  : uid=10008(u0_a8) MediaScannerSer identical 7 lines
10-07 13:02:30.596  2273  2392 W ExifInterface: Skip the tag entry since tag number is not defined: 2
10-07 13:02:30.598  1805  2770 D IccSmsInterfaceManager: [IccSmsInterfaceManager] Failed to remove GSM cell broadcast subscription for MID range 4380 to 4382 from client com.android.cellbroadcastreceiver
10-07 13:02:30.608  1805  2683 D IccSmsInterfaceManager: [IccSmsInterfaceManager] Calling setGsmBroadcastConfig with 4 configurations
10-07 13:02:30.609  2273  2392 W ExifInterface: Skip the tag entry since tag number is not defined: 2
10-07 13:02:30.619  2273  2392 W ExifInterface: Skip the tag entry since tag number is not defined: 2
10-07 13:02:30.628  1805  2683 D IccSmsInterfaceManager: [IccSmsInterfaceManager] Added GSM cell broadcast subscription for MID range 4383 to 4383 from client com.android.cellbroadcastreceiver
10-07 13:02:30.628  1805  2683 D IccSmsInterfaceManager: [IccSmsInterfaceManager] Calling setCellBroadcastActivation(true)
10-07 13:02:30.632  2273  2392 W ExifInterface: Skip the tag entry since tag number is not defined: 2
10-07 13:02:30.722  2273  2392 I chatty  : uid=10008(u0_a8) MediaScannerSer identical 7 lines
10-07 13:02:30.733  2273  2392 W ExifInterface: Skip the tag entry since tag number is not defined: 2
10-07 13:02:30.733  1633  1633 D HeadsetPhoneState: sendDeviceStateChanged. mService=1 mSignal=4 mRoam=0 mBatteryCharge=3
10-07 13:02:30.745  2273  2392 W ExifInterface: Skip the tag entry since tag number is not defined: 2
10-07 13:02:30.872  2273  2392 I chatty  : uid=10008(u0_a8) MediaScannerSer identical 10 lines
10-07 13:02:30.886  2273  2392 W ExifInterface: Skip the tag entry since tag number is not defined: 2
10-07 13:02:30.921  1805  2768 D IccSmsInterfaceManager: [IccSmsInterfaceManager] Calling setGsmBroadcastConfig with 5 configurations
10-07 13:02:30.940  1805  2768 D IccSmsInterfaceManager: [IccSmsInterfaceManager] Added GSM cell broadcast subscription for MID range 4384 to 4385 from client com.android.cellbroadcastreceiver
10-07 13:02:30.940  1805  2768 D IccSmsInterfaceManager: [IccSmsInterfaceManager] Calling setCellBroadcastActivation(true)
10-07 13:02:30.943  2273  2392 W ExifInterface: Skip the tag entry since tag number is not defined: 2
10-07 13:02:31.008  2273  2392 W ExifInterface: Skip the tag entry since tag number is not defined: 2
10-07 13:02:31.011   571   571 D ConditionProviders.SCP: onReceive android.intent.action.TIME_SET
10-07 13:02:31.014   571   571 D ConditionProviders.SCP: notifyCondition condition://android/schedule?days=6.7&start=23.30&end=10.0&exitAtAlarm=false STATE_FALSE reason=!meetsSchedule
10-07 13:02:31.015   571   571 D ConditionProviders.SCP: notifyCondition condition://android/schedule?days=1.2.3.4.5&start=22.0&end=7.0&exitAtAlarm=false STATE_FALSE reason=!meetsSchedule
10-07 13:02:31.015   571   571 D ConditionProviders.SCP: Scheduling evaluate for Sat Oct 07 22:00:00 GMT+05:30 2017 (1507393800000), in +8h57m28s989ms, now=Sat Oct 07 13:02:31 GMT+05:30 2017 (1507361551011)
10-07 13:02:31.023  2097  2097 I AlarmClock: AlarmInitReceiver android.intent.action.TIME_SET
10-07 13:02:31.026  2097  2139 I AlarmClock: Fixing alarm instances
10-07 13:02:31.032  2273  2392 W ExifInterface: Skip the tag entry since tag number is not defined: 2
10-07 13:02:31.036  2097  2139 V AlarmClock: AlarmInitReceiver finished
10-07 13:02:31.048  2273  2392 W ExifInterface: Skip the tag entry since tag number is not defined: 2
10-07 13:02:31.051  2097  2097 I DigitalWidgetProvider: onReceive: Intent { act=android.intent.action.TIME_SET flg=0x25200010 cmp=com.android.deskclock/com.android.alarmclock.DigitalAppWidgetProvider }
10-07 13:02:31.056  2273  2392 I chatty  : uid=10008(u0_a8) MediaScannerSer expire 7 lines
10-07 13:02:31.062  2273  2392 W ExifInterface: Skip the tag entry since tag number is not defined: 2
10-07 13:02:31.077  2273  2392 W ExifInterface: Skip the tag entry since tag number is not defined: 2
10-07 13:02:31.103   571  1824 D AlarmManagerService: Kernel timezone updated to -330 minutes west of GMT
10-07 13:02:31.107   571  1772 D AlarmManagerService: Setting time of day to sec=1507361551
10-07 13:02:31.117  2273  2392 I chatty  : uid=10008(u0_a8) MediaScannerSer expire 5 lines
10-07 13:02:31.127  2273  2392 W ExifInterface: Skip the tag entry since tag number is not defined: 2
10-07 13:02:31.136   204   282 D ThermalDaemon: Sensor 'tsens_tz_sensor4' - alarm raised 1 at 60.0 degC
10-07 13:02:31.138  2273  2392 W ExifInterface: Skip the tag entry since tag number is not defined: 2
10-07 13:02:31.145  1805  2707 D IccSmsInterfaceManager: [IccSmsInterfaceManager] Calling setGsmBroadcastConfig with 5 configurations
10-07 13:02:31.146  2273  2392 W ExifInterface: Skip the tag entry since tag number is not defined: 2
10-07 13:02:31.157  2273  2392 W ExifInterface: Skip the tag entry since tag number is not defined: 2
10-07 13:02:31.159  1805  2707 D IccSmsInterfaceManager: [IccSmsInterfaceManager] Added GSM cell broadcast subscription for MID range 4386 to 4391 from client com.android.cellbroadcastreceiver
10-07 13:02:31.159  1805  2707 D IccSmsInterfaceManager: [IccSmsInterfaceManager] Calling setCellBroadcastActivation(true)
10-07 13:02:31.170  2273  2392 W ExifInterface: Skip the tag entry since tag number is not defined: 2
10-07 13:02:31.824  2273  2392 I chatty  : uid=10008(u0_a8) MediaScannerSer identical 47 lines
10-07 13:02:31.834  2273  2392 W ExifInterface: Skip the tag entry since tag number is not defined: 2
10-07 13:02:31.848  1805  2770 D IccSmsInterfaceManager: [IccSmsInterfaceManager] Calling setGsmBroadcastConfig with 5 configurations
10-07 13:02:31.850  2273  2392 W ExifInterface: Skip the tag entry since tag number is not defined: 2
10-07 13:02:31.861  2273  2392 W ExifInterface: Skip the tag entry since tag number is not defined: 2
10-07 13:02:31.863  1805  2770 D IccSmsInterfaceManager: [IccSmsInterfaceManager] Added GSM cell broadcast subscription for MID range 4392 to 4392 from client com.android.cellbroadcastreceiver
10-07 13:02:31.864  1805  2770 D IccSmsInterfaceManager: [IccSmsInterfaceManager] Calling setCellBroadcastActivation(true)
10-07 13:02:31.874  2273  2392 W ExifInterface: Skip the tag entry since tag number is not defined: 2
10-07 13:02:31.940  2273  2392 I chatty  : uid=10008(u0_a8) MediaScannerSer identical 3 lines
10-07 13:02:31.960  2273  2392 W ExifInterface: Skip the tag entry since tag number is not defined: 2
10-07 13:02:32.157  1805  2677 D IccSmsInterfaceManager: [IccSmsInterfaceManager] Failed to remove GSM cell broadcast subscription for MID range 4393 to 4395 from client com.android.cellbroadcastreceiver
10-07 13:02:32.167  1805  2765 D IccSmsInterfaceManager: [IccSmsInterfaceManager] Failed to remove GSM cell broadcast subscription for MID range 50 to 50 from client com.android.cellbroadcastreceiver
10-07 13:02:32.172  2742  2763 D CellBroadcastOtherChannelsManager: No additional channels configured. subId = 1
10-07 13:02:32.174  2742  2763 D CellBroadcastConfigService: Enable CellBroadcast on sub 1
10-07 13:02:32.195  1805  2707 D IccSmsInterfaceManager: [IccSmsInterfaceManager] Calling setCdmaBroadcastConfig with 1 configurations
10-07 13:02:32.215  1805  2707 D IccSmsInterfaceManager: [IccSmsInterfaceManager] Failed to add cdma broadcast subscription for MID range 4096 to 4096 from client com.android.cellbroadcastreceiver
10-07 13:02:32.223  1805  2770 D IccSmsInterfaceManager: [IccSmsInterfaceManager] Calling setCdmaBroadcastConfig with 1 configurations
10-07 13:02:32.239  1805  2770 D IccSmsInterfaceManager: [IccSmsInterfaceManager] Failed to add cdma broadcast subscription for MID range 4097 to 4097 from client com.android.cellbroadcastreceiver
10-07 13:02:32.248  1805  2677 D IccSmsInterfaceManager: [IccSmsInterfaceManager] Calling setCdmaBroadcastConfig with 1 configurations
10-07 13:02:32.263  1805  2677 D IccSmsInterfaceManager: [IccSmsInterfaceManager] Failed to add cdma broadcast subscription for MID range 4098 to 4098 from client com.android.cellbroadcastreceiver
10-07 13:02:32.271  1805  2765 D IccSmsInterfaceManager: [IccSmsInterfaceManager] Calling setCdmaBroadcastConfig with 1 configurations
10-07 13:02:32.287  1805  2765 D IccSmsInterfaceManager: [IccSmsInterfaceManager] Failed to add cdma broadcast subscription for MID range 4099 to 4099 from client com.android.cellbroadcastreceiver
10-07 13:02:32.295  1805  1826 D IccSmsInterfaceManager: [IccSmsInterfaceManager] Failed to remove cdma broadcast subscription for MID range 4100 to 4100 from client com.android.cellbroadcastreceiver
10-07 13:02:32.304  1805  1818 D IccSmsInterfaceManager: [IccSmsInterfaceManager] Added GSM cell broadcast subscription for MID range 4352 to 4354 from client com.android.cellbroadcastreceiver
10-07 13:02:32.304  1805  1818 D IccSmsInterfaceManager: [IccSmsInterfaceManager] Calling setCellBroadcastActivation(true)
10-07 13:02:32.327  1805  2764 D IccSmsInterfaceManager: [IccSmsInterfaceManager] Added GSM cell broadcast subscription for MID range 4356 to 4356 from client com.android.cellbroadcastreceiver
10-07 13:02:32.327  1805  2764 D IccSmsInterfaceManager: [IccSmsInterfaceManager] Calling setCellBroadcastActivation(true)
10-07 13:02:32.354  1805  2683 D IccSmsInterfaceManager: [IccSmsInterfaceManager] Failed to remove GSM cell broadcast subscription for MID range 4355 to 4355 from client com.android.cellbroadcastreceiver
10-07 13:02:32.363  1805  2768 D IccSmsInterfaceManager: [IccSmsInterfaceManager] Added GSM cell broadcast subscription for MID range 4370 to 4370 from client com.android.cellbroadcastreceiver
10-07 13:02:32.364  1805  2768 D IccSmsInterfaceManager: [IccSmsInterfaceManager] Calling setCellBroadcastActivation(true)
10-07 13:02:32.392  1805  2707 D IccSmsInterfaceManager: [IccSmsInterfaceManager] Added GSM cell broadcast subscription for MID range 4371 to 4372 from client com.android.cellbroadcastreceiver
10-07 13:02:32.392  1805  2707 D IccSmsInterfaceManager: [IccSmsInterfaceManager] Calling setCellBroadcastActivation(true)
10-07 13:02:32.416  1805  2770 D IccSmsInterfaceManager: [IccSmsInterfaceManager] Added GSM cell broadcast subscription for MID range 4373 to 4378 from client com.android.cellbroadcastreceiver
10-07 13:02:32.416  1805  2770 D IccSmsInterfaceManager: [IccSmsInterfaceManager] Calling setCellBroadcastActivation(true)
10-07 13:02:32.437   571   581 I zygote  : Background concurrent copying GC freed 22558(1807KB) AllocSpace objects, 23(852KB) LOS objects, 42% free, 4MB/8MB, paused 335us total 105.937ms
10-07 13:02:32.442  1805  2683 D IccSmsInterfaceManager: [IccSmsInterfaceManager] Added GSM cell broadcast subscription for MID range 4379 to 4379 from client com.android.cellbroadcastreceiver
10-07 13:02:32.443  1805  2683 D IccSmsInterfaceManager: [IccSmsInterfaceManager] Calling setCellBroadcastActivation(true)
10-07 13:02:32.471  1805  2677 D IccSmsInterfaceManager: [IccSmsInterfaceManager] Failed to remove GSM cell broadcast subscription for MID range 4380 to 4382 from client com.android.cellbroadcastreceiver
10-07 13:02:32.478  1805  1818 D IccSmsInterfaceManager: [IccSmsInterfaceManager] Added GSM cell broadcast subscription for MID range 4383 to 4383 from client com.android.cellbroadcastreceiver
10-07 13:02:32.478  1805  1818 D IccSmsInterfaceManager: [IccSmsInterfaceManager] Calling setCellBroadcastActivation(true)
10-07 13:02:32.496   208   465 D audio_hw_primary: disable_audio_route: usecase(1) reset and update mixer path: low-latency-playback
10-07 13:02:32.497   208   465 D audio_hw_primary: disable_snd_device: snd_device(2: speaker)
10-07 13:02:32.504  1805  2770 D IccSmsInterfaceManager: [IccSmsInterfaceManager] Added GSM cell broadcast subscription for MID range 4384 to 4385 from client com.android.cellbroadcastreceiver
10-07 13:02:32.504  1805  2770 D IccSmsInterfaceManager: [IccSmsInterfaceManager] Calling setCellBroadcastActivation(true)
10-07 13:02:32.527  1805  2765 D IccSmsInterfaceManager: [IccSmsInterfaceManager] Added GSM cell broadcast subscription for MID range 4386 to 4391 from client com.android.cellbroadcastreceiver
10-07 13:02:32.527  1805  2765 D IccSmsInterfaceManager: [IccSmsInterfaceManager] Calling setCellBroadcastActivation(true)
10-07 13:02:32.550  1805  1826 D IccSmsInterfaceManager: [IccSmsInterfaceManager] Added GSM cell broadcast subscription for MID range 4392 to 4392 from client com.android.cellbroadcastreceiver
10-07 13:02:32.550  1805  1826 D IccSmsInterfaceManager: [IccSmsInterfaceManager] Calling setCellBroadcastActivation(true)
10-07 13:02:32.574  1805  2768 D IccSmsInterfaceManager: [IccSmsInterfaceManager] Failed to remove GSM cell broadcast subscription for MID range 4393 to 4395 from client com.android.cellbroadcastreceiver
10-07 13:02:32.582  1805  2707 D IccSmsInterfaceManager: [IccSmsInterfaceManager] Failed to remove GSM cell broadcast subscription for MID range 50 to 50 from client com.android.cellbroadcastreceiver
10-07 13:02:32.584   571  2309 I ActivityManager: Killing 2306:com.android.keychain/1000 (adj 906): empty #17
10-07 13:02:32.792  2273  2277 I zygote  : Do partial code cache collection, code=31KB, data=28KB
10-07 13:02:32.793  2273  2277 I zygote  : After code cache collection, code=31KB, data=28KB
10-07 13:02:32.793  2273  2277 I zygote  : Increasing code cache capacity to 128KB
10-07 13:02:32.983  2874  2874 E linker  : "/system/vendor/lib/libmmjpeg.so" has text relocations
10-07 13:02:32.985  2874  2874 F libc    : CANNOT LINK EXECUTABLE "/vendor/bin/mm-qcamera-daemon": "/system/vendor/lib/libmmjpeg.so" has text relocations
10-07 13:02:32.985  2874  2874 F libc    : Fatal signal 6 (SIGABRT), code -6 in tid 2874 (mm-qcamera-daem)
10-07 13:02:33.022  2877  2877 I crash_dump32: obtaining output fd from tombstoned
10-07 13:02:33.023   229   229 I /system/bin/tombstoned: received crash request for pid 2874
10-07 13:02:33.024  2877  2877 I crash_dump32: performing dump of process 2874 (target tid = 2874)
10-07 13:02:33.024  2874  2874 F libc    : failed to resend signal during crash: Operation not permitted
10-07 13:02:33.024  2877  2877 E DEBUG   : unexpected waitpid response: n=2874, status=00000100
10-07 13:02:33.026   229   229 W /system/bin/tombstoned: crash socket received short read of length 0 (expected 8)
10-07 13:02:33.027   571   659 I BootReceiver: Copying /data/tombstones/tombstone_08 to DropBox (SYSTEM_TOMBSTONE)
10-07 13:02:35.569   571   654 I ActivityManager: Waited long enough for: ServiceRecord{3c4606d u0 com.android.providers.media/.MediaScannerService}
10-07 13:02:36.134   204   288 D ThermalDaemon: Sensor 'tsens_tz_sensor10' - alarm cleared 1 at 56.0 degC
10-07 13:02:36.134   204   287 D ThermalDaemon: Sensor 'tsens_tz_sensor9' - alarm cleared 1 at 55.0 degC
10-07 13:02:36.135   204   283 D ThermalDaemon: Sensor 'tsens_tz_sensor5' - alarm cleared 1 at 56.0 degC
10-07 13:02:36.136   204   279 D ThermalDaemon: Sensor 'tsens_tz_sensor1' - alarm cleared 1 at 56.0 degC
10-07 13:02:36.136   204   282 D ThermalDaemon: Sensor 'tsens_tz_sensor4' - alarm cleared 1 at 56.0 degC
10-07 13:02:36.415   208  2843 D ACDB-LOADER: ACDB -> send_afe_cal
10-07 13:02:36.415   208  2843 D audio_hw_primary: enable_snd_device: snd_device(2: speaker)
10-07 13:02:36.422   208  2843 D audio_hw_primary: enable_audio_route: usecase(1) apply and update mixer path: low-latency-playback
10-07 13:02:36.522   571   740 I ActivityManager: START u0 {act=android.intent.action.MAIN cat=[android.intent.category.HOME] flg=0x10200000 cmp=com.android.launcher3/.Launcher (has extras)} from uid 1000
10-07 13:02:36.589  1852  1852 D DashboardSummary: Stopped listening for condition changes
10-07 13:02:36.608  2230  2362 W Adreno-EGL: <qeglDrvAPI_eglGetConfigAttrib:607>: EGL_BAD_ATTRIBUTE
10-07 13:02:36.637  2230  2362 I vndksupport: sphal namespace is not configured for this process. Loading /vendor/lib/hw/gralloc.msm8960.so from the current namespace instead.
10-07 13:02:36.708   571   708 I vndksupport: sphal namespace is not configured for this process. Loading /vendor/lib/hw/gralloc.msm8960.so from the current namespace instead.
10-07 13:02:36.711   708   708 W android.anim: type=1400 audit(0.0:135): avc: denied { search } for name="graphics" dev="tmpfs" ino=8273 scontext=u:r:system_server:s0 tcontext=u:object_r:graphics_device:s0 tclass=dir permissive=0
10-07 13:02:36.720   571   708 E qdutils : FBIOGET_FSCREENINFO failed
10-07 13:02:37.152  2230  2362 W OpenGLRenderer: Incorrectly called buildLayer on View: ShortcutAndWidgetContainer, destroying layer...
10-07 13:02:37.198   571  1623 D OpenGLRenderer: HWUI GL Pipeline
10-07 13:02:37.205   571  2901 I Adreno-EGL: <qeglDrvAPI_eglInitialize:379>: QUALCOMM Build: 10/21/15, 369a2ea, I96aee987eb
10-07 13:02:37.213   571  2901 I OpenGLRenderer: Initialized EGL, version 1.4
10-07 13:02:37.213   571  2901 D OpenGLRenderer: Swap behavior 1
10-07 13:02:37.985  2906  2906 E linker  : "/system/vendor/lib/libmmjpeg.so" has text relocations
10-07 13:02:37.987  2906  2906 F libc    : CANNOT LINK EXECUTABLE "/vendor/bin/mm-qcamera-daemon": "/system/vendor/lib/libmmjpeg.so" has text relocations
10-07 13:02:37.987  2906  2906 F libc    : Fatal signal 6 (SIGABRT), code -6 in tid 2906 (mm-qcamera-daem)
10-07 13:02:38.024  2909  2909 I crash_dump32: obtaining output fd from tombstoned
10-07 13:02:38.025   229   229 I /system/bin/tombstoned: received crash request for pid 2906
10-07 13:02:38.026  2909  2909 I crash_dump32: performing dump of process 2906 (target tid = 2906)
10-07 13:02:38.026  2906  2906 F libc    : failed to resend signal during crash: Operation not permitted
10-07 13:02:38.028   229   229 W /system/bin/tombstoned: crash socket received short read of length 0 (expected 8)
10-07 13:02:38.030   571   659 I BootReceiver: Copying /data/tombstones/tombstone_09 to DropBox (SYSTEM_TOMBSTONE)
10-07 13:02:38.039   571   654 I ActivityManager: Waited long enough for: ServiceRecord{64a5126 u0 com.android.calendar/.alerts.InitAlarmsService}
10-07 13:02:39.323  1633  1633 D Avrcp   : AvrcpServiceBroadcastReceiver-> Action: android.intent.action.PACKAGE_CHANGED
10-07 13:02:39.324  1633  1633 D Avrcp   : AvrcpServiceBroadcastReceiver-> packageName: com.android.settings
10-07 13:02:39.324  1633  1633 D Avrcp   : packageName: com.android.settings removed: false
10-07 13:02:39.330  1805  1805 D ImsResolver: maybeAddedImsService, packageName: com.android.settings
10-07 13:02:39.332  1633  1633 D Avrcp   : isBrowsableListUpdated: false
10-07 13:02:39.341   571   741 I InputReader: Reconfiguring input devices.  changes=0x00000010
10-07 13:02:39.342   571   653 W ResourceType: No known package when getting value for resource number 0x7f080128
10-07 13:02:39.342   571   653 W ResourceType: No known package when getting value for resource number 0x7f120d8d
10-07 13:02:39.342   571   653 W ResourceType: No known package when getting value for resource number 0x7f080127
10-07 13:02:39.342   571   653 W ResourceType: No known package when getting value for resource number 0x7f1203bb
10-07 13:02:39.342   571   653 W ResourceType: No known package when getting value for resource number 0x7f080126
10-07 13:02:39.342   571   653 W ResourceType: No known package when getting value for resource number 0x7f120822
10-07 13:02:39.349   571   571 I Telecom : DefaultDialerCache: Refreshing default dialer for user 0: now com.android.dialer: DDC.oR@AEc
10-07 13:02:39.353  2177  2177 D RegisteredNfcFServicesCache: Service unchanged, not updating
10-07 13:02:39.372  1805  1805 D CarrierSvcBindHelper: No carrier app for: 0
10-07 13:02:39.599   571   653 W VoiceInteractionManagerService: no available voice interaction services found for user 0
10-07 13:02:39.685   208   465 D audio_hw_primary: disable_audio_route: usecase(1) reset and update mixer path: low-latency-playback
10-07 13:02:39.685   208   465 D audio_hw_primary: disable_snd_device: snd_device(2: speaker)
10-07 13:02:42.131   571   571 I EntropyMixer: Writing entropy...
10-07 13:02:42.132   571  1595 E HalDeviceManager: Should have at least 1 chip!
10-07 13:02:42.132   571  1595 E HalDeviceManager: getSupportedIfaceTypesInternal: no chip info found
10-07 13:02:42.134   571   657 E BatteryStatsService: no controller energy info supplied
10-07 13:02:42.134   571   657 E BatteryStatsService: no controller energy info supplied
10-07 13:02:42.148   571   657 E BatteryStatsService: modem info is invalid: ModemActivityInfo{ mTimestamp=0 mSleepTimeMs=0 mIdleTimeMs=0 mTxTimeMs[]=[0, 0, 0, 0, 0] mRxTimeMs=0 mEnergyUsed=0}
10-07 13:02:42.239   571  1772 E LightsService: Light requested not available on this device. 3
10-07 13:02:42.477   571   571 D ZenLog  : disable_effects: -1|android|32|null|1000,booleanState
10-07 13:02:42.479   571   571 D ZenLog  : disable_effects: -1|android|26|null|1000,booleanState
10-07 13:02:42.559  1671  1671 I zygote  : Deoptimizing void com.android.systemui.statusbar.notification.NotificationHeaderViewWrapper.onContentUpdated(com.android.systemui.statusbar.ExpandableNotificationRow) due to JIT inline cache
10-07 13:02:42.987  2931  2931 E linker  : "/system/vendor/lib/libmmjpeg.so" has text relocations
