10-05 21:59:22.671  1672  1774 W BinaryDictionaryFileDumper: Missing metadata.json resource
10-05 21:59:22.671   224  1942 E OMXNodeInstance: getConfig(0xaeb22ea0:google.vorbis.decoder, ConfigAndroidVendorExtension(0x6f100004)) ERROR: Undefined(0x80001001)
10-05 21:59:22.692  1672  1774 I LatinIME:LogUtils: Dictionary info: dictionary = main:en ; version = 54 ; date = 1414726273
10-05 21:59:22.692   212   212 D audio_hw_primary: adev_set_mic_mute: state 0
10-05 21:59:22.693   212   212 W DeviceHAL: Device 0xac5fa000 set_mic_mute: Function not implemented
10-05 21:59:22.693   212   212 W DeviceHAL: Device 0xac511640 set_mic_mute: Function not implemented
10-05 21:59:22.713  1672  1774 I LatinIME:LogUtils: Dictionary info: dictionary = main:en ; version = 54 ; date = 1414726273
10-05 21:59:22.735  1691  1786 E ActivityThread: Failed to find provider info for com.android.contacts
10-05 21:59:22.736  1672  1774 I LatinIME:LogUtils: Dictionary info: dictionary = main:en ; version = 54 ; date = 1414726273
10-05 21:59:22.741   576   576 I EntropyMixer: Writing entropy...
10-05 21:59:22.749  1672  1774 I LatinIME:LogUtils: Dictionary info: dictionary = main:en ; version = 54 ; date = 1414726273
10-05 21:59:22.769  1672  1774 I LatinIME:LogUtils: Dictionary info: dictionary = main:en ; version = 54 ; date = 1414726273
10-05 21:59:22.773  1691  1700 I zygote  : Do partial code cache collection, code=29KB, data=26KB
10-05 21:59:22.774  1691  1700 I zygote  : After code cache collection, code=29KB, data=26KB
10-05 21:59:22.774  1691  1700 I zygote  : Increasing code cache capacity to 128KB
10-05 21:59:22.790  1672  1774 I LatinIME:LogUtils: Dictionary info: dictionary = main:en ; version = 54 ; date = 1414726273
10-05 21:59:22.800  1691  1691 I Choreographer: Skipped 75 frames!  The application may be doing too much work on its main thread.
10-05 21:59:22.809   576   753 I InputReader: Reconfiguring input devices.  changes=0x00000004
10-05 21:59:22.814   576   576 D ConditionProviders.SCP: onSubscribe condition://android/schedule?days=1.2.3.4.5&start=22.0&end=7.0&exitAtAlarm=false
10-05 21:59:22.816   576   576 D ConditionProviders.SCP: setRegistered true
10-05 21:59:22.816   576   576 D ConditionProviders.SCP: notifyCondition condition://android/schedule?days=1.2.3.4.5&start=22.0&end=7.0&exitAtAlarm=false STATE_FALSE reason=!meetsSchedule
10-05 21:59:22.827   576   576 D ConditionProviders.SCP: Scheduling evaluate for Thu Oct 05 22:00:00 GMT+00:00 2017 (1507240800000), in +5h30m37s185ms, now=Thu Oct 05 16:29:22 GMT+00:00 2017 (1507220962815)
10-05 21:59:22.827   576   576 D ConditionProviders.SCP: onSubscribe condition://android/schedule?days=6.7&start=23.30&end=10.0&exitAtAlarm=false
10-05 21:59:22.828   576   576 D ConditionProviders.SCP: notifyCondition condition://android/schedule?days=6.7&start=23.30&end=10.0&exitAtAlarm=false STATE_FALSE reason=!meetsSchedule
10-05 21:59:22.828   576   576 D ConditionProviders.SCP: notifyCondition condition://android/schedule?days=1.2.3.4.5&start=22.0&end=7.0&exitAtAlarm=false STATE_FALSE reason=!meetsSchedule
10-05 21:59:22.829   576   576 D ConditionProviders.SCP: Scheduling evaluate for Thu Oct 05 22:00:00 GMT+00:00 2017 (1507240800000), in +5h30m37s172ms, now=Thu Oct 05 16:29:22 GMT+00:00 2017 (1507220962828)
10-05 21:59:22.830   576   753 I InputReader: Reconfiguring input devices.  changes=0x00000004
10-05 21:59:22.842  1672  1774 I LatinIME:LogUtils: Dictionary info: dictionary = main:en ; version = 54 ; date = 1414726273
10-05 21:59:22.849   224  1942 I OMXMaster: makeComponentInstance(OMX.google.vorbis.decoder) in android.hardwar process
10-05 21:59:22.854   224   224 E OMXNodeInstance: getConfig(0xae78c300:google.vorbis.decoder, ConfigAndroidVendorExtension(0x6f100004)) ERROR: Undefined(0x80001001)
10-05 21:59:22.867  1672  1774 I LatinIME:LogUtils: Dictionary info: dictionary = main:en ; version = 54 ; date = 1414726273
10-05 21:59:22.887   576  1636 E ActivityThread: Failed to find provider info for com.android.calendar
10-05 21:59:22.888   163   163 W /system/bin/hwservicemanager: getTransportFromManifest: Cannot find entry android.hardware.graphics.mapper@2.0::IMapper in either framework or device manifest, using default transport.
10-05 21:59:22.888   576   656 I SyncManager: Got SyncJobService instance.
10-05 21:59:22.890   576  1636 E ActivityThread: Failed to find provider info for com.android.calendar
10-05 21:59:22.894  1691  1781 I vndksupport: sphal namespace is not configured for this process. Loading /vendor/lib/hw/gralloc.msm8960.so from the current namespace instead.
10-05 21:59:22.928  2028  2028 I mako-bluetooth: /system/etc/init.mako.bt.sh: Transport : smd
10-05 21:59:22.929   576   576 I Telecom : WiredHeadsetManager: ACTION_HEADSET_PLUG event, plugged in: false, : WHC.oADA@AAE
10-05 21:59:22.960  2036  2036 I mako-bluetooth: /system/etc/init.mako.bt.sh: DUTADDR : 
10-05 21:59:22.965   576   576 I DefaultPermGrantPolicy: Granting permissions to default dialer app for user:0
10-05 21:59:22.982  2037  2037 I bdAddrLoader: option : f=/persist/bluetooth/.bdaddr
10-05 21:59:22.982  2037  2037 I bdAddrLoader: option : h
10-05 21:59:22.982  2037  2037 I bdAddrLoader: option : x
10-05 21:59:22.982  2037  2037 I bdAddrLoader: Read From /persist/bluetooth/.bdaddr by Path type(0x11), Data type (0x21)
10-05 21:59:22.982  2037  2037 I bdAddrLoader: Output Data type(0x22), bPrintout(1), bPath((null))
10-05 21:59:22.982  2037  2037 I bdAddrLoader: Loaded Data type(0x21)
10-05 21:59:22.982  2037  2037 I bdAddrLoader: hex_to_ascii() - converted Data (10683FDBCC67)
10-05 21:59:22.987   576   576 I Telecom : PhoneAccountRegistrar: SimCallManager queried, returning: null: TSI.gSCM@AAM
10-05 21:59:23.013   576   576 D ZenLog  : disable_effects: -1|android|32|null|1000,booleanState
10-05 21:59:23.015   576   576 D ZenLog  : disable_effects: -1|android|26|null|1000,booleanState
10-05 21:59:23.069  2052  2052 I mako-bluetooth: /system/etc/init.mako.bt.sh: BDADDR: 10:68:3F:DB:CC:67
10-05 21:59:23.078   576   576 D AutofillManagerService: Autofill restriction did not change for user 0: null
10-05 21:59:23.091   576   576 D ZenLog  : config: conditionChanged,ZenModeConfig[user=0,allowCalls=true,allowRepeatCallers=false,allowMessages=false,allowCallsFrom=contacts,allowMessagesFrom=contacts,allowReminders=true,allowEvents=true,allowWhenScreenOff=true,allowWhenScreenOn=true,automaticRules={efb2ef0e6ac641f893721fc01278addb=ZenRule[enabled=false,snoozing=false,name=Weeknight,zenMode=ZEN_MODE_ALARMS,conditionId=condition://android/schedule?days=1.2.3.4.5&start=22.0&end=7.0&exitAtAlarm=false,condition=Condition[id=condition://android/schedule?days=1.2.3.4.5&start=22.0&end=7.0&exitAtAlarm=false,summary=...,line1=...,line2=...,icon=0,state=STATE_FALSE,flags=2],component=ComponentInfo{android/com.android.server.notification.ScheduleConditionProvider},id=efb2ef0e6ac641f893721fc01278addb,creationTime=1507220956247,enabler=null], 61ce6028e2b74037a4b43237b3ca7944=ZenRule[enabled=false,snoozing=false,name=Event,zenMode=ZEN_MODE_ALARMS,conditionId=condition://android/event?userId=-10000&calendar=&reply=1,condition=null,component=ComponentInfo{android/com.android.server.notification.EventConditionProvider},id=61ce6028e2b74037a4b43237b3ca7944,creationTime=1507220956248,enabler=null], bf5a3cab88d54e8a84283a085b46d4ac=ZenRule[enabled=false,snoozing=false,name=Weekend,zenMode=ZEN_MODE_ALARMS,conditionId=condition://android/schedule?days=6.7&start=23.30&end=10.0&exitAtAlarm=false,condition=null,component=ComponentInfo{android/com.android.server.notification.ScheduleConditionProvider},id=bf5a3cab88d54e8a84283a085b46d4ac,creationTime=1507220956247,enabler=null]},manualRule=null],Diff[automaticRule[efb2ef0e6ac641f893721fc01278addb].condition:null->Condition[id=condition://android/schedule?days=1.2.3.4.5&start=22.0&end=7.0&exitAtAlarm=false,summary=...,line1=...,line2=...,icon=0,state=STATE_FALSE,flags=2]]
10-05 21:59:23.094   576   576 D ZenLog  : config: conditionChanged,ZenModeConfig[user=0,allowCalls=true,allowRepeatCallers=false,allowMessages=false,allowCallsFrom=contacts,allowMessagesFrom=contacts,allowReminders=true,allowEvents=true,allowWhenScreenOff=true,allowWhenScreenOn=true,automaticRules={efb2ef0e6ac641f893721fc01278addb=ZenRule[enabled=false,snoozing=false,name=Weeknight,zenMode=ZEN_MODE_ALARMS,conditionId=condition://android/schedule?days=1.2.3.4.5&start=22.0&end=7.0&exitAtAlarm=false,condition=Condition[id=condition://android/schedule?days=1.2.3.4.5&start=22.0&end=7.0&exitAtAlarm=false,summary=...,line1=...,line2=...,icon=0,state=STATE_FALSE,flags=2],component=ComponentInfo{android/com.android.server.notification.ScheduleConditionProvider},id=efb2ef0e6ac641f893721fc01278addb,creationTime=1507220956247,enabler=null], 61ce6028e2b74037a4b43237b3ca7944=ZenRule[enabled=false,snoozing=false,name=Event,zenMode=ZEN_MODE_ALARMS,conditionId=condition://android/event?userId=-10000&calendar=&reply=1,condition=null,component=ComponentInfo{android/com.android.server.notification.EventConditionProvider},id=61ce6028e2b74037a4b43237b3ca7944,creationTime=1507220956248,enabler=null], bf5a3cab88d54e8a84283a085b46d4ac=ZenRule[enabled=false,snoozing=false,name=Weekend,zenMode=ZEN_MODE_ALARMS,conditionId=condition://android/schedule?days=6.7&start=23.30&end=10.0&exitAtAlarm=false,condition=Condition[id=condition://android/schedule?days=6.7&start=23.30&end=10.0&exitAtAlarm=false,summary=...,line1=...,line2=...,icon=0,state=STATE_FALSE,flags=2],component=ComponentInfo{android/com.android.server.notification.ScheduleConditionProvider},id=bf5a3cab88d54e8a84283a085b46d4ac,creationTime=1507220956247,enabler=null]},manualRule=null],Diff[automaticRule[bf5a3cab88d54e8a84283a085b46d4ac].condition:null->Condition[id=condition://android/schedule?days=6.7&start=23.30&end=10.0&exitAtAlarm=false,summary=...,line1=...,line2=...,icon=0,state=STATE_FALSE,flags=2]]
10-05 21:59:23.101  2054  2054 I mako-bluetooth: /system/etc/init.mako.bt.sh: Power Class: Ignored. Default(1) used (1-CLASS1/2-CLASS2/3-CUSTOM)
10-05 21:59:23.103   576   576 D ZenLog  : config: conditionChanged,ZenModeConfig[user=0,allowCalls=true,allowRepeatCallers=false,allowMessages=false,allowCallsFrom=contacts,allowMessagesFrom=contacts,allowReminders=true,allowEvents=true,allowWhenScreenOff=true,allowWhenScreenOn=true,automaticRules={efb2ef0e6ac641f893721fc01278addb=ZenRule[enabled=false,snoozing=false,name=Weeknight,zenMode=ZEN_MODE_ALARMS,conditionId=condition://android/schedule?days=1.2.3.4.5&start=22.0&end=7.0&exitAtAlarm=false,condition=Condition[id=condition://android/schedule?days=1.2.3.4.5&start=22.0&end=7.0&exitAtAlarm=false,summary=...,line1=...,line2=...,icon=0,state=STATE_FALSE,flags=2],component=ComponentInfo{android/com.android.server.notification.ScheduleConditionProvider},id=efb2ef0e6ac641f893721fc01278addb,creationTime=1507220956247,enabler=null], 61ce6028e2b74037a4b43237b3ca7944=ZenRule[enabled=false,snoozing=false,name=Event,zenMode=ZEN_MODE_ALARMS,conditionId=condition://android/event?userId=-10000&calendar=&reply=1,condition=Condition[id=condition://android/event?userId=-10000&calendar=&reply=1,summary=...,line1=...,line2=...,icon=0,state=STATE_FALSE,flags=2],component=ComponentInfo{android/com.android.server.notification.EventConditionProvider},id=61ce6028e2b74037a4b43237b3ca7944,creationTime=1507220956248,enabler=null], bf5a3cab88d54e8a84283a085b46d4ac=ZenRule[enabled=false,snoozing=false,name=Weekend,zenMode=ZEN_MODE_ALARMS,conditionId=condition://android/schedule?days=6.7&start=23.30&end=10.0&exitAtAlarm=false,condition=Condition[id=condition://android/schedule?days=6.7&start=23.30&end=10.0&exitAtAlarm=false,summary=...,line1=...,line2=...,icon=0,state=STATE_FALSE,flags=2],component=ComponentInfo{android/com.android.server.notification.ScheduleConditionProvider},id=bf5a3cab88d54e8a84283a085b46d4ac,creationTime=1507220956247,enabler=null]},manualRule=null],Diff[automaticRule[61ce6028e2b74037a4b43237b3ca7944].condition:null->Condition[id=condition://android/event?userId=-10000&calendar=&reply=1,summary=...,line1=...,line2=...,icon=0,state=STATE_FALSE,flags=2]]
10-05 21:59:23.129   576   576 I FusedLocation: engine started (com.android.location.fused)
10-05 21:59:23.130   576   576 D ZenLog  : set_zen_mode: off,conditionChanged
10-05 21:59:23.138   576   576 I chatty  : uid=1000 system_server identical 1 line
10-05 21:59:23.144  2058  2058 I mako-bluetooth: /system/etc/init.mako.bt.sh: Power Class: To override, Before turning BT ON; setprop qcom.bt.dev_power_class <1 or 2 or 3>
10-05 21:59:23.153   576   586 I zygote  : Background concurrent copying GC freed 22793(2MB) AllocSpace objects, 12(556KB) LOS objects, 42% free, 5MB/8MB, paused 427us total 209.777ms
10-05 21:59:23.170   576   576 D ZenLog  : set_zen_mode: off,conditionChanged
10-05 21:59:23.198   576   665 I WindowManager: ******* TELLING SURFACE FLINGER WE ARE BOOTED!
10-05 21:59:23.198   197   555 I chatty  : uid=1000(system) Binder:197_3 expire 2 lines
10-05 21:59:23.235   576  1634 D NotificationSQLiteLog: Pruned event entries: 0
10-05 21:59:23.475  1691  1707 I zygote  : Background concurrent copying GC freed 30839(4MB) AllocSpace objects, 151(2MB) LOS objects, 49% free, 3MB/6MB, paused 2.532ms total 158.142ms
10-05 21:59:23.567   576   665 I zygote  : Explicit concurrent copying GC freed 14126(1315KB) AllocSpace objects, 4(80KB) LOS objects, 42% free, 3MB/6MB, paused 335us total 125.946ms
10-05 21:59:23.570   215   622 E installd: Failed to unlink /data//dalvik-cache/arm/.booting: No such file or directory
10-05 21:59:23.570   576   665 W ActivityManager: Unable to mark boot complete for abi: armeabi-v7a (android.os.ServiceSpecificException: Failed to unlink /data//dalvik-cache/arm/.booting (code 2))
10-05 21:59:23.571   576   665 I SystemServiceManager: Starting phase 1000
10-05 21:59:23.572   576   667 E SensorManager: sensor or listener is null
10-05 21:59:23.624   576   665 I ActivityManager: Start proc 2069:android.ext.services/u0a10 for on-hold
10-05 21:59:23.631   576   665 D ActivityManager: Finishing user boot 0
10-05 21:59:23.631   576   665 I ActivityManager: User 0 state changed from BOOTING to RUNNING_LOCKED
10-05 21:59:23.632   576   665 I ActivityManager: User 0 state changed from RUNNING_LOCKED to RUNNING_UNLOCKING
10-05 21:59:23.633   576   665 D CryptdConnector: SND -> {3 cryptfs prepare_user_storage ! 0 0 2}
10-05 21:59:23.634   170   176 D vold    : e4crypt_prepare_user_storage for volume null, user 0, serial 0, flags 2
10-05 21:59:23.634   170   176 D vold    : Preparing: /data/system_ce/0
10-05 21:59:23.634   170   176 D vold    : Preparing: /data/misc_ce/0
10-05 21:59:23.635   170   176 D vold    : Preparing: /data/media/0
10-05 21:59:23.635   170   176 D vold    : Preparing: /data/data
10-05 21:59:23.635   576   760 D CryptdConnector: RCV <- {200 3 Command succeeded}
10-05 21:59:23.637   576   665 V UserDataPreparer: Found /data/user/0 with serial number 0
10-05 21:59:23.638   576   665 V UserDataPreparer: Found /data/system_ce/0 with serial number -1
10-05 21:59:23.639   576   665 D UserDataPreparer: Serial number missing on /data/system_ce/0; assuming current is valid
10-05 21:59:23.641   576   665 V PackageManager: reconcileAppsData for null u0 0x2 migrateAppData=true
10-05 21:59:23.664  1691  1700 I zygote  : Do partial code cache collection, code=62KB, data=51KB
10-05 21:59:23.668  2074  2074 I bootstat: Service started: /system/bin/bootstat --record_boot_complete 
10-05 21:59:23.669  2074  2074 E bootstat: Failed to read /data/misc/bootstat/last_boot_time_utc: No such file or directory
10-05 21:59:23.669  2074  2074 E bootstat: Failed to parse boot time record: /data/misc/bootstat/last_boot_time_utc
10-05 21:59:23.669  2074  2074 E bootstat: Failed to read /data/misc/bootstat/build_date: No such file or directory
10-05 21:59:23.669  2074  2074 E bootstat: Failed to parse boot time record: /data/misc/bootstat/build_date
10-05 21:59:23.669  2074  2074 E bootstat: Failed to read /data/misc/bootstat/post_decrypt_time_elapsed: No such file or directory
10-05 21:59:23.669  2074  2074 E bootstat: Failed to parse boot time record: /data/misc/bootstat/post_decrypt_time_elapsed
10-05 21:59:23.671  1691  1700 I zygote  : After code cache collection, code=62KB, data=51KB
10-05 21:59:23.674  1691  1700 I zygote  : Increasing code cache capacity to 256KB
10-05 21:59:23.704  2082  2082 I bootstat: Service started: /system/bin/bootstat --record_boot_reason 
10-05 21:59:23.704  2082  2082 I bootstat: Unknown boot reason: 
10-05 21:59:23.721  1691  1691 W Adreno-EGL: <qeglDrvAPI_eglGetConfigAttrib:607>: EGL_BAD_ATTRIBUTE
10-05 21:59:23.722  1691  1691 I vndksupport: sphal namespace is not configured for this process. Loading /vendor/lib/hw/gralloc.msm8960.so from the current namespace instead.
10-05 21:59:23.739  2085  2085 I bootstat: Service started: /system/bin/bootstat --record_time_since_factory_reset 
10-05 21:59:23.742  2085  2085 E bootstat: Failed to read /data/misc/bootstat/factory_reset: No such file or directory
10-05 21:59:23.742  2085  2085 E bootstat: Failed to parse boot time record: /data/misc/bootstat/factory_reset
10-05 21:59:23.775  2087  2087 I mako-bluetooth: /system/etc/init.mako.bt.sh: Bluetooth QSoC firmware download succeeded,  10:68:3F:DB:CC:67 smd
10-05 21:59:23.817  1652  1986 I bt_hwcfg: bluetooth satus is on
10-05 21:59:23.819  1691  1691 W Adreno-EGL: <qeglDrvAPI_eglGetConfigAttrib:607>: EGL_BAD_ATTRIBUTE
10-05 21:59:23.820  1652  1986 I bt_userial_vendor: Done intiailizing UART
10-05 21:59:23.820  2088  2088 I bootstat: Service started: /system/bin/bootstat -l 
10-05 21:59:23.820  1652  1986 I bt_userial_vendor: Done intiailizing UART
10-05 21:59:23.820  1652  1986 I bt_vendor: Bluetooth Firmware and smd is initialized
10-05 21:59:23.820  1652  1986 D android.hardware.bluetooth@1.0-impl: OnFirmwareConfigured result: 0
10-05 21:59:23.821  1652  1986 I android.hardware.bluetooth@1.0-impl: Firmware configured in 0.000s
10-05 21:59:23.821  1652  1986 I android.hardware.bluetooth@1.0-impl: OnFirmwareConfigured: lpm_timeout_ms 0
10-05 21:59:23.821  1652  1986 D android.hardware.bluetooth@1.0-impl: low_power_mode_cb result: 0
10-05 21:59:23.821  1652  1986 D android.hardware.bluetooth@1.0-impl: OnFirmwareConfigured Calling StartLowPowerWatchdog()
10-05 21:59:23.821  1652  1986 I bt_hci  : event_finish_startup
10-05 21:59:23.821  1652  1751 I bt_core_module: module_start_up Started module "hci_module"
10-05 21:59:23.822  1652  2093 I bt_osi_thread: run_thread: thread id 2093, thread name bt_workqueue started
10-05 21:59:23.822  1652  2093 I bt_btu  : btu_task pending for preload complete event
10-05 21:59:23.822  1652  2093 I bt_btu_task: Bluetooth chip preload is complete
10-05 21:59:23.822  1652  2093 I bt_btu  : btu_task received preload complete event
10-05 21:59:23.824  1691  1691 I vndksupport: sphal namespace is not configured for this process. Loading /vendor/lib/hw/gralloc.msm8960.so from the current namespace instead.
10-05 21:59:23.826  1652  2093 E bt_att  : gatt_profile_db_init:  gatt_if=1
10-05 21:59:23.828  1652  2094 I bt_osi_thread: run_thread: thread id 2094, thread name module_wrapper started
10-05 21:59:23.828  1652  2094 I bt_core_module: module_start_up Starting module "controller_module"
10-05 21:59:23.859  2090  2090 I mako-bluetooth: /system/etc/init.mako.bt.sh: start bluetooth smd transport
10-05 21:59:23.910  1652  2091 D bt_hci  : get_waiting_command VS event found treat it as valid 0xffff
10-05 21:59:23.911  1652  2094 E bt_hci  : read_command_complete_header: return status - 0x1
10-05 21:59:23.938  1652  2094 I bt_core_module: module_start_up Started module "controller_module"
10-05 21:59:23.939  1652  2094 W bt_osi_thread: run_thread: thread id 2094, thread name module_wrapper exited
10-05 21:59:23.940  1652  2093 W bt_btm  : btm_decode_ext_features_page: feature page 1 ignored
10-05 21:59:23.940  1652  2093 W bt_btm  : btm_decode_ext_features_page: feature page 2 ignored
10-05 21:59:23.940  1652  2093 I bt_btm_sec: BTM_SecRegister p_cb_info->p_le_callback == 0x0x914f0e61
10-05 21:59:23.940  1652  2093 I bt_btm_sec: BTM_SecRegister btm_cb.api.p_le_callback = 0x0x914f0e61 
10-05 21:59:23.940  1652  2093 I bt_stack: [INFO:ble_advertiser_hci_interface.cc(698)] Legacy advertising will be in use
10-05 21:59:23.959  1652  1764 E bt_btif_storage: btif_storage_get_adapter_property: Controller ready!
10-05 21:59:23.959  1652  1764 I bt_btif_storage: btif_storage_get_adapter_property service_mask:0x20000000
10-05 21:59:23.960  1652  1764 D BluetoothAdapterProperties: Address is:10:68:3F:DB:CC:67
10-05 21:59:24.055   576   665 V PackageManager: reconcileAppsData finished 79 packages
10-05 21:59:24.056   576   657 W zygote  : Long monitor contention with owner android.display (665) at void com.android.server.am.ActivityManagerService.finishBooting()(ActivityManagerService.java:7157) waiters=0 in void com.android.server.am.BroadcastQueue.processNextBroadcast(boolean) for 424ms
10-05 21:59:24.056   576   657 I SystemServiceManager: Calling onUnlockUser u0
10-05 21:59:24.056   576   576 W zygote  : Long monitor contention with owner android.display (665) at void com.android.server.am.ActivityManagerService.finishBooting()(ActivityManagerService.java:7157) waiters=1 in int com.android.server.am.ActivityManagerService.broadcastIntent(android.app.IApplicationThread, android.content.Intent, java.lang.String, android.content.IIntentReceiver, int, java.lang.String, android.os.Bundle, java.lang.String[], int, android.os.Bundle, boolean, boolean, int) for 349ms
10-05 21:59:24.056   576   657 D BluetoothManagerService: User 0 unlocked
10-05 21:59:24.057   576   657 D StorageManagerService: onUnlockUser 0
10-05 21:59:24.057   576   664 D BluetoothManagerService: MESSAGE_USER_UNLOCKED
10-05 21:59:24.057   576   657 D VoldConnector: SND -> {34 volume user_started 0}
10-05 21:59:24.057   576   653 W zygote  : Long monitor contention with owner android.display (665) at void com.android.server.am.ActivityManagerService.finishBooting()(ActivityManagerService.java:7157) waiters=2 in void com.android.server.am.ActivityManagerService.attachApplication(android.app.IApplicationThread) for 341ms
10-05 21:59:24.059   170   175 D vold    : Linking /storage/emulated/0 to /mnt/user/0/primary
10-05 21:59:24.059   576  1625 D WifiConfigManager: New store files not found. No saved networks loaded!
10-05 21:59:24.060   576   759 D VoldConnector: RCV <- {200 34 Command succeeded}
10-05 21:59:24.060   576  1625 D WIFI    : Registering NetworkFactory
10-05 21:59:24.060   576  1625 D WIFI_UT : Registering NetworkFactory
10-05 21:59:24.060   576  1630 D ConnectivityService: Got NetworkFactory Messenger for WIFI
10-05 21:59:24.060   576  1630 D ConnectivityService: Got NetworkFactory Messenger for WIFI_UT
10-05 21:59:24.060   576  1625 D WIFI    : got request NetworkRequest [ TRACK_DEFAULT id=3, [ Capabilities: INTERNET&NOT_RESTRICTED&TRUSTED&NOT_VPN] ] with score 0
10-05 21:59:24.060   576  1625 D WIFI    : got request NetworkRequest [ REQUEST id=1, [ Capabilities: INTERNET&NOT_RESTRICTED&TRUSTED&NOT_VPN] ] with score 0
10-05 21:59:24.061   576  1625 D WIFI    : got request NetworkRequest [ BACKGROUND_REQUEST id=2, [ Transports: CELLULAR Capabilities: INTERNET&NOT_RESTRICTED&TRUSTED&NOT_VPN] ] with score 0
10-05 21:59:24.061   576  1625 D WIFI_UT : got request NetworkRequest [ TRACK_DEFAULT id=3, [ Capabilities: INTERNET&NOT_RESTRICTED&TRUSTED&NOT_VPN] ] with score 0
10-05 21:59:24.061   576  1625 D WIFI_UT : got request NetworkRequest [ REQUEST id=1, [ Capabilities: INTERNET&NOT_RESTRICTED&TRUSTED&NOT_VPN] ] with score 0
10-05 21:59:24.061   576  1625 D WIFI_UT : got request NetworkRequest [ BACKGROUND_REQUEST id=2, [ Transports: CELLULAR Capabilities: INTERNET&NOT_RESTRICTED&TRUSTED&NOT_VPN] ] with score 0
10-05 21:59:24.062   576   758 D StorageManagerService: Volume emulated broadcasting mounted to UserHandle{0}
10-05 21:59:24.074   576  1625 D WifiConfigStore: Reading from user store completed in 1 ms.
10-05 21:59:24.089   576   576 I ActivityManager: Start proc 2096:com.android.deskclock/u0a43 for broadcast com.android.deskclock/.AlarmInitReceiver
10-05 21:59:24.093  1652  1764 D BluetoothAdapterProperties: Name is: Nexus 4
10-05 21:59:24.094  1652  1764 D BluetoothAdapterProperties: Scan Mode:20
10-05 21:59:24.094  1652  1764 D BluetoothAdapterProperties: Discoverable Timeout:120
10-05 21:59:24.094  1652  1764 W bt_btif : btif_enable_bluetooth_evt: Saving the Adapter Address
10-05 21:59:24.095  1652  1764 D BluetoothAdapterProperties: Address is:10:68:3F:DB:CC:67
10-05 21:59:24.104  1652  2106 I bt_osi_thread: run_thread: thread id 2106, thread name btif_sock started
10-05 21:59:24.111  1652  1764 D bt_bte_conf: Device ID record 1 : primary
10-05 21:59:24.111  1652  1764 D bt_bte_conf:   vendorId            = 000f
10-05 21:59:24.111  1652  1764 D bt_bte_conf:   vendorIdSource      = 0001
10-05 21:59:24.111  1652  1764 D bt_bte_conf:   product             = 1200
10-05 21:59:24.111  1652  1764 D bt_bte_conf:   version             = 1436
10-05 21:59:24.111  1652  1764 D bt_bte_conf:   clientExecutableURL = 
10-05 21:59:24.111  1652  1764 D bt_bte_conf:   serviceDescription  = 
10-05 21:59:24.111  1652  1764 D bt_bte_conf:   documentationURL    = 
10-05 21:59:24.112  1652  1764 D bt_bte_conf: bte_load_did_conf no section named DID2.
10-05 21:59:24.112  1652  1751 I bt_stack_manager: event_start_up_stack finished
10-05 21:59:24.114  1652  1746 V BluetoothAdapterState: PendingCommand - transient state(s): isBleTurningOn
10-05 21:59:24.115  1652  1746 D BluetoothAdapterState: Current state: PENDING_COMMAND, message: 3
10-05 21:59:24.115  1652  1746 D BluetoothAdapterProperties: Setting state to 15
10-05 21:59:24.115  1652  1746 I BluetoothAdapterState: Bluetooth adapter state changed: 14-> 15
10-05 21:59:24.115  1652  1746 D BluetoothAdapterService: updateAdapterState() - Broadcasting state to 1 receivers.
10-05 21:59:24.115   576   664 D BluetoothManagerService: MESSAGE_BLUETOOTH_STATE_CHANGE: BLE_TURNING_ON > BLE_ON
10-05 21:59:24.116  1652  1746 I BluetoothAdapterState: Entering BleOnState
10-05 21:59:24.117   576   664 D BluetoothManagerService: Bluetooth is in LE only mode
10-05 21:59:24.117   576   664 D BluetoothManagerService: Binding Bluetooth GATT service
10-05 21:59:24.118   576  1625 D WifiConfigStore: Writing to stores completed in 38 ms.
10-05 21:59:24.127   576   664 D BluetoothManagerService: Sending BLE State Change: BLE_TURNING_ON > BLE_ON
10-05 21:59:24.160   576   657 I SELinux : SELinux: Loaded file_contexts
10-05 21:59:24.181   576   576 D BluetoothManagerService: Bluetooth Adapter address changed to 10:68:3F:DB:CC:67
10-05 21:59:24.182   576   657 V BackupManagerService: No ancestral data
10-05 21:59:24.182   576   576 D BluetoothManagerService: Stored Bluetoothaddress: 10:68:3F:DB:CC:67
10-05 21:59:24.195   576   658 I ActivityManager: Config changes=20 {1.0 ?mcc?mnc [en_US] ldltr sw384dp w384dp h568dp 320dpi nrml port finger -keyb/v/h -nav/h appBounds=Rect(0, 0 - 768, 1184) s.6}
10-05 21:59:24.220   576   658 I ActivityManager: Override config changes=20 {1.0 ?mcc?mnc [en_US] ldltr sw384dp w384dp h568dp 320dpi nrml port finger -keyb/v/h -nav/h appBounds=Rect(0, 0 - 768, 1184) s.6} for displayId=0
10-05 21:59:24.265   576   576 D BluetoothManagerService: BluetoothServiceConnection: com.android.bluetooth.gatt.GattService
10-05 21:59:24.265   576   664 D BluetoothManagerService: MESSAGE_BLUETOOTH_SERVICE_CONNECTED: 2
10-05 21:59:24.266   576   664 D BluetoothManagerService: BluetoothGatt Service is Up
10-05 21:59:24.271   576   664 D BluetoothManagerService: Persisting Bluetooth Setting: 1
10-05 21:59:24.272  1652  1746 D BluetoothAdapterState: Current state: BLE ON, message: 1
10-05 21:59:24.272  1652  1746 D BluetoothAdapterProperties: Setting state to 11
10-05 21:59:24.272  1652  1746 I BluetoothAdapterState: Bluetooth adapter state changed: 15-> 11
10-05 21:59:24.272  1652  1746 D BluetoothAdapterService: updateAdapterState() - Broadcasting state to 1 receivers.
10-05 21:59:24.273  1652  1746 D BluetoothAdapterService: startCoreServices()
10-05 21:59:24.273  1652  1746 D BluetoothAdapterService: setProfileServiceState() - Starting service com.android.bluetooth.hfp.HeadsetService
10-05 21:59:24.273   576   664 D BluetoothManagerService: MESSAGE_BLUETOOTH_STATE_CHANGE: BLE_ON > TURNING_ON
10-05 21:59:24.273   576   664 D BluetoothManagerService: Sending BLE State Change: BLE_ON > TURNING_ON
10-05 21:59:24.286  1652  1746 D BluetoothAdapterService: setProfileServiceState() - Starting service com.android.bluetooth.a2dp.A2dpService
10-05 21:59:24.290  1652  1746 D BluetoothAdapterService: setProfileServiceState() - Starting service com.android.bluetooth.hid.HidService
10-05 21:59:24.294  1652  1746 D BluetoothAdapterService: setProfileServiceState() - Starting service com.android.bluetooth.hdp.HealthService
10-05 21:59:24.296   576   657 V BackupManagerService: Starting with transport android/com.android.internal.backup.LocalTransport
10-05 21:59:24.302  1652  1746 D BluetoothAdapterService: setProfileServiceState() - Starting service com.android.bluetooth.pan.PanService
10-05 21:59:24.305  1652  1746 D BluetoothAdapterService: setProfileServiceState() - Starting service com.android.bluetooth.map.BluetoothMapService
10-05 21:59:24.306   576   657 D BackupTransportManager: Binding to transport: android/com.android.internal.backup.LocalTransportService
10-05 21:59:24.307  1652  1746 D BluetoothAdapterService: setProfileServiceState() - Starting service com.android.bluetooth.opp.BluetoothOppService
10-05 21:59:24.309   576   657 I BackupManagerService: Backup enable apparently not migrated
10-05 21:59:24.309   576   657 I BackupManagerService: Migrating enable state false
10-05 21:59:24.309  1866  1866 D FallbackHome: User unlocked and real home found; let's go!
10-05 21:59:24.312   576   657 I BackupManagerService: Backup enabled => false
10-05 21:59:24.316  1652  1746 D BluetoothAdapterService: setProfileServiceState() - Starting service com.android.bluetooth.pbap.BluetoothPbapService
10-05 21:59:24.318  1652  1746 I BluetoothAdapterState: Entering PendingCommandState
10-05 21:59:24.321   576  1295 I ActivityManager: START u0 {act=android.intent.action.MAIN cat=[android.intent.category.HOME] flg=0x10000100 cmp=com.android.provision/.DefaultActivity} from uid 0
10-05 21:59:24.353   576  1295 I ActivityManager: Start proc 2130:com.android.provision/u0a18 for activity com.android.provision/.DefaultActivity
10-05 21:59:24.359  1691  1691 I zygote  : Deoptimizing int com.android.systemui.volume.ConfigurableTexts.add(android.widget.TextView, int) due to JIT inline cache
10-05 21:59:24.361  1652  1652 D BluetoothAdapterService: getAdapterService() - returning com.android.bluetooth.btservice.AdapterService@2b6a5b8
10-05 21:59:24.363  1652  1652 D HeadsetService: Received start request. Starting profile...
10-05 21:59:24.386  1652  1652 I BluetoothHeadsetServiceJni: classInitNative: succeeds
10-05 21:59:24.386  1652  1652 D HeadsetStateMachine: make
10-05 21:59:24.391   576   657 W SystemServiceManager: Service com.android.server.backup.BackupManagerService$Lifecycle took 317 ms in onUnlockUser 
10-05 21:59:24.391   576  2101 V KeyValueBackupJob: Scheduling k/v pass in 241 minutes
10-05 21:59:24.402  1652  1652 D HeadsetStateMachine: max_hf_connections = 1
10-05 21:59:24.402  1652  1652 D HeadsetStateMachine: in-band_ringing_support = false
10-05 21:59:24.402  1652  1652 I bt_btif : get_profile_interface: id = handsfree
10-05 21:59:24.403  1652  1764 I bt_btif_storage: btif_storage_get_adapter_property service_mask:0x20000040
10-05 21:59:24.403  1652  1764 E bt_btif : btif_hf_upstreams_evt: Invalid index 46662
10-05 21:59:24.406  1652  1652 D BluetoothAdapterService: getAdapterService() - returning com.android.bluetooth.btservice.AdapterService@2b6a5b8
10-05 21:59:24.416  1652  1652 D BluetoothAdapterService: getAdapterService() - returning com.android.bluetooth.btservice.AdapterService@2b6a5b8
10-05 21:59:24.417  1652  1652 D A2dpService: Received start request. Starting profile...
10-05 21:59:24.418  1652  1652 I BluetoothAvrcpServiceJni: classInitNative: succeeds
10-05 21:59:24.418  1652  1652 V Avrcp   : make
10-05 21:59:24.419  2096  2096 I AlarmClock: AlarmInitReceiver android.intent.action.LOCKED_BOOT_COMPLETED
10-05 21:59:24.419  1652  1652 I bt_btif : get_profile_interface: id = avrcp
10-05 21:59:24.444  2096  2154 I AlarmClock: Fixing alarm instances
10-05 21:59:24.449   576   657 W AppWidgetServiceImpl: Failed to read state: java.io.FileNotFoundException: /data/system/users/0/appwidgets.xml (No such file or directory)
10-05 21:59:24.449   576   657 V AppWidgetServiceImpl: Upgrading widget database from 0 to 1
10-05 21:59:24.450   576   657 W SystemServiceManager: Service com.android.server.appwidget.AppWidgetService took 59 ms in onUnlockUser 
10-05 21:59:24.451   576   657 W VoiceInteractionManagerService: no available voice interaction services found for user 0
10-05 21:59:24.451   576   657 W VoiceInteractionManagerService: no available voice recognition services found for user 0
10-05 21:59:24.467   576  1295 D MediaSessionService: The callback android.media.session.ICallback$Stub$Proxy@e7f651b is set by com.android.bluetooth
10-05 21:59:24.468   576   576 D BluetoothHeadset: Proxy object connected
10-05 21:59:24.468   576   576 I chatty  : uid=1000 system_server identical 1 line
10-05 21:59:24.468   576   576 D BluetoothHeadset: Proxy object connected
10-05 21:59:24.469   576   576 D BluetoothA2dp: Proxy object connected
10-05 21:59:24.469  1652  1652 V Avrcp   : initMediaPlayerInfoList: 0 controllers
10-05 21:59:24.472  1652  1652 V Avrcp   : updatePlaybackState (1): -10(PlaybackState {state=0, position=-1, buffered position=0, speed=0.0, updated=212853, actions=0, custom actions=[], active item id=-1, error=null})
10-05 21:59:24.472  1652  1652 I Avrcp   : Skipping update due to invalid playback state
10-05 21:59:24.472  1652  1652 E Avrcp   : play status change -10
10-05 21:59:24.472  1652  1652 D Avrcp   : sendPlayPosNotificationRsp: Not registered or requesting.
10-05 21:59:24.473  1652  1652 D Avrcp   : User already unlocked, initializing player lists
10-05 21:59:24.475  1652  1652 V Avrcp   : updatePlaybackState (1): -10(PlaybackState {state=0, position=-1, buffered position=0, speed=0.0, updated=212858, actions=0, custom actions=[], active item id=-1, error=null})
10-05 21:59:24.475  1652  1652 I Avrcp   : Skipping update due to invalid playback state
10-05 21:59:24.475  1652  1652 E Avrcp   : play status change -10
10-05 21:59:24.475  1652  1652 D Avrcp   : sendPlayPosNotificationRsp: Not registered or requesting.
10-05 21:59:24.478   576   657 I ActivityManager: Loading recents for user 0 into memory.
10-05 21:59:24.479  1652  1652 I BluetoothA2dpServiceJni: classInitNative: succeeds
10-05 21:59:24.479  1652  1652 D A2dpStateMachine: make
10-05 21:59:24.479  1672  1696 I zygote  : Waiting for a blocking GC ProfileSaver
10-05 21:59:24.482  1652  1652 I bt_btif : get_profile_interface: id = a2dp
10-05 21:59:24.491   576   576 D BackupTransportManager: Bound to transport: android/com.android.internal.backup.LocalTransportService
10-05 21:59:24.497   576   576 I Telecom : : - Got BluetoothHeadset: com.android.server.telecom.BluetoothHeadsetProxy@8a537f7: BMSL.oSC@AAQ
10-05 21:59:24.508  1652  2164 I bt_osi_thread: run_thread: thread id 2164, thread name btif_a2dp_source started
10-05 21:59:24.508  1652  1652 D a2dp_codec: init
10-05 21:59:24.508  1652  1652 D a2dp_codec: createCodec: codec SBC
10-05 21:59:24.508  1652  1652 I a2dp_codec: init: updated SBC codec priority to 1001
10-05 21:59:24.508  1652  1652 D a2dp_codec: createCodec: codec AAC
10-05 21:59:24.508  1652  1652 I a2dp_codec: init: updated AAC codec priority to 2001
10-05 21:59:24.508  1652  1652 D a2dp_codec: createCodec: codec aptX
10-05 21:59:24.509  1652  2093 I bt_bta_av: AVRCP version used for sdp: "avrcp14"
10-05 21:59:24.509  1652  1764 I bt_btif_storage: btif_storage_get_adapter_property service_mask:0x20000048
10-05 21:59:24.510  1652  1652 E a2dp_vendor_aptx_encoder: A2DP_VendorLoadEncoderAptx: cannot open aptX encoder library libaptX_encoder.so: dlopen failed: library "libaptX_encoder.so" not found
10-05 21:59:24.510  1652  1652 E a2dp_vendor_aptx: init: cannot load the encoder
10-05 21:59:24.510  1652  1652 D a2dp_codec: createCodec: codec aptX-HD
10-05 21:59:24.511  1652  1764 E bt_btif : btif_sm_dispatch : Invalid handle
10-05 21:59:24.511  1652  1764 E bt_btif : btif_sm_dispatch : Invalid handle
10-05 21:59:24.511  1652  1652 E a2dp_vendor_aptx_hd_encoder: A2DP_VendorLoadEncoderAptxHd: cannot open aptX-HD encoder library libaptXHD_encoder.so: dlopen failed: library "libaptXHD_encoder.so" not found
10-05 21:59:24.511  1652  1652 E a2dp_vendor_aptx_hd: init: cannot load the encoder
10-05 21:59:24.511  1652  1652 D a2dp_codec: createCodec: codec LDAC
10-05 21:59:24.517  1672  1696 I zygote  : WaitForGcToComplete blocked for 37.414ms for cause ProfileSaver
10-05 21:59:24.518   576   657 I ActivityManager: Start proc 2166:com.android.nfc/1027 for added application com.android.nfc
10-05 21:59:24.521   576   657 I ActivityManager: User 0 state changed from RUNNING_UNLOCKING to RUNNING_UNLOCKED
10-05 21:59:24.523   576   657 I PreBootBroadcaster: Pre-boot of {com.android.managedprovisioning/com.android.managedprovisioning.ota.PreBootListener} for user 0
10-05 21:59:24.543  2096  2154 I AlarmClock: Alarms Table created
10-05 21:59:24.544  2096  2154 I AlarmClock: Instance table created
10-05 21:59:24.544  2096  2154 I AlarmClock: Inserting default alarms
10-05 21:59:24.557  1652  1652 I a2dp_codec: init: updated LDAC codec priority to 5001
10-05 21:59:24.557  1652  1652 D a2dp_codec: createCodec: codec SBC SINK
10-05 21:59:24.557  1652  1652 I a2dp_codec: init: initialized Source codec LDAC
10-05 21:59:24.557  1652  1652 I a2dp_codec: init: initialized Source codec AAC
10-05 21:59:24.557  1652  1652 I a2dp_codec: init: initialized Source codec SBC
10-05 21:59:24.557  1652  1652 I a2dp_codec: init: initialized Sink codec SBC(Sink)
10-05 21:59:24.558  1652  1764 I BluetoothA2dpServiceJni: bta2dp_audio_config_callback
10-05 21:59:24.558  1652  1764 D A2dpStateMachine: A2DP Codec Config: null->{codecName:SBC,mCodecType:0,mCodecPriority:0,mSampleRate:0x0(NONE),mBitsPerSample:0x0(NONE),mChannelMode:0x0(NONE),mCodecSpecific1:0,mCodecSpecific2:0,mCodecSpecific3:0,mCodecSpecific4:0}
10-05 21:59:24.558  1652  1764 D A2dpStateMachine: A2DP Codec Local Capability: {codecName:LDAC,mCodecType:4,mCodecPriority:5001,mSampleRate:0xf(44100|48000|88200|96000),mBitsPerSample:0x7(16|24|32),mChannelMode:0x2(STEREO),mCodecSpecific1:0,mCodecSpecific2:0,mCodecSpecific3:0,mCodecSpecific4:0}
10-05 21:59:24.559  1652  1764 D A2dpStateMachine: A2DP Codec Local Capability: {codecName:AAC,mCodecType:1,mCodecPriority:2001,mSampleRate:0x1(44100),mBitsPerSample:0x1(16),mChannelMode:0x2(STEREO),mCodecSpecific1:0,mCodecSpecific2:0,mCodecSpecific3:0,mCodecSpecific4:0}
10-05 21:59:24.559  1652  2162 D A2dpStateMachine: Enter Disconnected: -2
10-05 21:59:24.559  1652  1764 D A2dpStateMachine: A2DP Codec Local Capability: {codecName:SBC,mCodecType:0,mCodecPriority:1001,mSampleRate:0x1(44100),mBitsPerSample:0x1(16),mChannelMode:0x2(STEREO),mCodecSpecific1:0,mCodecSpecific2:0,mCodecSpecific3:0,mCodecSpecific4:0}
10-05 21:59:24.560  1652  1652 D BluetoothAdapterService: getAdapterService() - returning com.android.bluetooth.btservice.AdapterService@2b6a5b8
10-05 21:59:24.560  1652  1652 I BluetoothHidServiceJni: classInitNative: succeeds
10-05 21:59:24.564   576  2161 W ResourceType: No known package when getting value for resource number 0x7f080128
10-05 21:59:24.565   576  2161 W ResourceType: No known package when getting value for resource number 0x7f120d8d
10-05 21:59:24.566  1652  1652 D BluetoothAdapterService: getAdapterService() - returning com.android.bluetooth.btservice.AdapterService@2b6a5b8
10-05 21:59:24.567  1652  1652 D HidService: Received start request. Starting profile...
10-05 21:59:24.567  1652  1652 I bt_btif : get_profile_interface: id = hidhost
10-05 21:59:24.567  1652  1652 D HidService: setHidService(): set to: null
10-05 21:59:24.567  1652  1764 I bt_bta_hh: BTA_HhEnable sec_mask:0x36 p_cback:0x915404e9
10-05 21:59:24.567  1652  1652 D BluetoothAdapterService: getAdapterService() - returning com.android.bluetooth.btservice.AdapterService@2b6a5b8
10-05 21:59:24.567  1652  1764 I bt_btif_storage: btif_storage_get_adapter_property service_mask:0x20100048
10-05 21:59:24.568  1652  1652 I BluetoothHealthServiceJni: classInitNative: succeeds
10-05 21:59:24.568   576  2161 W ResourceType: No known package when getting value for resource number 0x7f080127
10-05 21:59:24.568   576  2161 W ResourceType: No known package when getting value for resource number 0x7f1203bb
10-05 21:59:24.568   576  2161 W ResourceType: No known package when getting value for resource number 0x7f080126
10-05 21:59:24.568   576  2161 W ResourceType: No known package when getting value for resource number 0x7f120822
10-05 21:59:24.570  1652  1652 D BluetoothAdapterService: getAdapterService() - returning com.android.bluetooth.btservice.AdapterService@2b6a5b8
10-05 21:59:24.571  1652  1652 D HealthService: Received start request. Starting profile...
10-05 21:59:24.577  1652  1652 I bt_btif : get_profile_interface: id = health
10-05 21:59:24.577  1652  1652 D BluetoothAdapterService: getAdapterService() - returning com.android.bluetooth.btservice.AdapterService@2b6a5b8
10-05 21:59:24.578  1652  1652 I BluetoothPanServiceJni: classInitNative(L111): succeeds
10-05 21:59:24.583   576   576 D BluetoothManagerService: Bluetooth Adapter name changed to Nexus 4
10-05 21:59:24.602  1652  1652 D BluetoothAdapterService: getAdapterService() - returning com.android.bluetooth.btservice.AdapterService@2b6a5b8
10-05 21:59:24.603  1652  1652 D PanService: Received start request. Starting profile...
10-05 21:59:24.603  1652  1652 D BluetoothPanServiceJni: initializeNative(L116): pan
10-05 21:59:24.604  1652  1652 I bt_btif : get_profile_interface: id = pan
10-05 21:59:24.604  1652  1764 D BluetoothPanServiceJni: control_state_callback(L63): state:0, local_role:3, ifname:bt-pan
10-05 21:59:24.605  1652  1652 D BluetoothAdapterService: getAdapterService() - returning com.android.bluetooth.btservice.AdapterService@2b6a5b8
10-05 21:59:24.610  1866  1866 D FallbackHome: User unlocked and real home found; let's go!
10-05 21:59:24.612   576  2136 W ActivityManager: Finishing task with all activities already finished
10-05 21:59:24.612   576  2136 W ActivityManager: Duplicate finish request for ActivityRecord{ab08d25 u0 com.android.settings/.FallbackHome t2 f}
10-05 21:59:24.613  1652  1652 D BluetoothAdapterService: getAdapterService() - returning com.android.bluetooth.btservice.AdapterService@2b6a5b8
10-05 21:59:24.615  1652  1652 D BluetoothMapService: Received start request. Starting profile...
10-05 21:59:24.615  1652  1652 D BluetoothMapService: start()
10-05 21:59:24.626   576   576 D BluetoothManagerService: Stored Bluetooth name: Nexus 4
10-05 21:59:24.626   576   576 D BluetoothManagerService: Bluetooth Adapter address changed to 10:68:3F:DB:CC:67
10-05 21:59:24.628   576   576 D BluetoothManagerService: Stored Bluetoothaddress: 10:68:3F:DB:CC:67
10-05 21:59:24.640  2096  2154 V AlarmClock: AlarmInitReceiver finished
10-05 21:59:24.650   576  1765 I ActivityManager: Start proc 2198:com.android.dialer/u0a13 for broadcast com.android.dialer/.notification.PackageUpdatedReceiver
10-05 21:59:24.657  1652  1652 D BluetoothMapAccountLoader: Found 0 application(s) with intent android.bluetooth.action.BLUETOOTH_MAP_PROVIDER
10-05 21:59:24.658  1652  1652 D BluetoothMapAccountLoader: Found 0 application(s) with intent android.bluetooth.action.BLUETOOTH_MAP_IM_PROVIDER
10-05 21:59:24.658  1652  1652 D BluetoothMapAppObserver: createReceiver()
10-05 21:59:24.666  1652  1652 D BluetoothMapAppObserver: initObservers()
10-05 21:59:24.666  1652  1652 D BluetoothMapAppObserver: getEnabledAccountItems()
10-05 21:59:24.667  1652  1652 D BluetoothAdapterService: getAdapterService() - returning com.android.bluetooth.btservice.AdapterService@2b6a5b8
10-05 21:59:24.686  1652  1652 D BluetoothAdapterService: getAdapterService() - returning com.android.bluetooth.btservice.AdapterService@2b6a5b8
10-05 21:59:24.687  1652  1652 D BluetoothOppService: Received start request. Starting profile...
10-05 21:59:24.687  1652  1652 D BluetoothAdapterService: getAdapterService() - returning com.android.bluetooth.btservice.AdapterService@2b6a5b8
10-05 21:59:24.689   576   653 D PackageManager: Ephemeral installer not found with new action; try old one
10-05 21:59:24.689   576   653 D PackageManager: Clear ephemeral installer activity
10-05 21:59:24.689  1652  1652 V BluetoothPbapService: PbapBinder()
10-05 21:59:24.696   576   576 I AccountManagerService: User 0 is unlocked - opening CE database
10-05 21:59:24.699  1652  1652 D BluetoothAdapterService: getAdapterService() - returning com.android.bluetooth.btservice.AdapterService@2b6a5b8
10-05 21:59:24.700  1652  1652 D BluetoothPbapService: Received start request. Starting profile...
10-05 21:59:24.700  1652  1652 V BluetoothPbapService: start()
10-05 21:59:24.702  1652  1652 D BluetoothPbapService: Registering observer
10-05 21:59:24.713   576  2161 W ResourceType: No known package when getting value for resource number 0x7f020067
10-05 21:59:24.713   576  2161 W ResourceType: No known package when getting value for resource number 0x7f0e0068
10-05 21:59:24.725  1652  1652 D BluetoothAdapterService: getAdapterService() - returning com.android.bluetooth.btservice.AdapterService@2b6a5b8
10-05 21:59:24.725  1652  1652 D BluetoothAdapterService: handleMessage() - Message: 1
10-05 21:59:24.726  1652  1652 D BluetoothAdapterService: handleMessage() - MESSAGE_PROFILE_SERVICE_STATE_CHANGED
10-05 21:59:24.726  1652  1652 D BluetoothAdapterService: processProfileServiceStateChanged() - serviceName=com.android.bluetooth.hfp.HeadsetService isTurningOn=true isTurningOff=false isBleTurningOn=false isBleTurningOff=false
10-05 21:59:24.735  2166  2166 I NfcService: Starting NFC service
10-05 21:59:24.737  1652  1652 D BluetoothAdapterService: onProfileServiceStateChange() - Profile still not running:com.android.bluetooth.a2dp.A2dpService
10-05 21:59:24.738  1652  1652 D BluetoothAdapterService: handleMessage() - Message: 1
10-05 21:59:24.738  1652  1652 D BluetoothAdapterService: handleMessage() - MESSAGE_PROFILE_SERVICE_STATE_CHANGED
10-05 21:59:24.738  1652  1652 D BluetoothAdapterService: processProfileServiceStateChanged() - serviceName=com.android.bluetooth.a2dp.A2dpService isTurningOn=true isTurningOff=false isBleTurningOn=false isBleTurningOff=false
10-05 21:59:24.738  1652  1652 D BluetoothAdapterService: onProfileServiceStateChange() - Profile still not running:com.android.bluetooth.map.BluetoothMapService
10-05 21:59:24.739  1652  1652 D BluetoothAdapterService: handleMessage() - Message: 1
10-05 21:59:24.739  1652  1652 D BluetoothAdapterService: handleMessage() - MESSAGE_PROFILE_SERVICE_STATE_CHANGED
10-05 21:59:24.739  1652  1652 D BluetoothAdapterService: processProfileServiceStateChanged() - serviceName=com.android.bluetooth.hid.HidService isTurningOn=true isTurningOff=false isBleTurningOn=false isBleTurningOff=false
10-05 21:59:24.739  1652  1652 D BluetoothAdapterService: onProfileServiceStateChange() - Profile still not running:com.android.bluetooth.map.BluetoothMapService
10-05 21:59:24.739  1652  1652 D BluetoothAdapterService: handleMessage() - Message: 1
10-05 21:59:24.739  1652  1652 D BluetoothAdapterService: handleMessage() - MESSAGE_PROFILE_SERVICE_STATE_CHANGED
10-05 21:59:24.739  1652  1652 D BluetoothAdapterService: processProfileServiceStateChanged() - serviceName=com.android.bluetooth.hdp.HealthService isTurningOn=true isTurningOff=false isBleTurningOn=false isBleTurningOff=false
10-05 21:59:24.740  1652  1652 D BluetoothAdapterService: onProfileServiceStateChange() - Profile still not running:com.android.bluetooth.map.BluetoothMapService
10-05 21:59:24.740  1652  1652 D BluetoothPhonePolicy: Received intent Intent { act=android.bluetooth.adapter.action.STATE_CHANGED flg=0x4000010 (has extras) }
10-05 21:59:24.740  1652  2146 D HeadsetPhoneState: sendDeviceStateChanged. mService=0 mSignal=0 mRoam=0 mBatteryCharge=2
10-05 21:59:24.752   576  2161 W ResourceType: No known package when getting value for resource number 0x7f070088
10-05 21:59:24.752   576  2161 W ResourceType: No known package when getting value for resource number 0x7f0f0042
10-05 21:59:24.756  1691  1691 I Choreographer: Skipped 30 frames!  The application may be doing too much work on its main thread.
10-05 21:59:24.758  1652  1652 D BluetoothOppFileProvider: Initialized
10-05 21:59:24.763   576   658 W zygote  : Long monitor contention with owner Thread-13 (2161) at void com.android.server.pm.ShortcutUser.attemptToRestoreIfNeededAndSave(com.android.server.pm.ShortcutService, java.lang.String, int)(ShortcutUser.java:328) waiters=0 in void com.android.server.pm.ShortcutService.handleOnUidStateChanged(int, int) for 236ms
10-05 21:59:24.799   576   656 I ActivityManager: Start proc 2215:com.android.printspooler/u0a54 for service com.android.printspooler/.model.PrintSpoolerService
10-05 21:59:24.802   576   658 W Looper  : Dispatch took 323ms on android.ui, h=Handler (com.android.server.am.ActivityManagerService$UiHandler) {7c31dde} cb=null msg=53
10-05 21:59:24.804  1652  1652 D Avrcp   : User unlocked, initializing player lists
