10-05 21:59:20.687  1691  1691 W StatusBar: 	at com.android.systemui.statusbar.phone.StatusBar.addStatusBarWindow(StatusBar.java:3473)
10-05 21:59:20.687  1691  1691 W StatusBar: 	at com.android.systemui.statusbar.phone.StatusBar.createAndAddWindows(StatusBar.java:3469)
10-05 21:59:20.687  1691  1691 W StatusBar: 	at com.android.systemui.statusbar.phone.StatusBar.start(StatusBar.java:839)
10-05 21:59:20.687  1691  1691 W StatusBar: 	at com.android.systemui.SystemBars.createStatusBarFromConfig(SystemBars.java:71)
10-05 21:59:20.687  1691  1691 W StatusBar: 	at com.android.systemui.SystemBars.start(SystemBars.java:42)
10-05 21:59:20.687  1691  1691 W StatusBar: 	at com.android.systemui.SystemUIApplication.startServicesIfNeeded(SystemUIApplication.java:208)
10-05 21:59:20.687  1691  1691 W StatusBar: 	at com.android.systemui.SystemUIApplication.startServicesIfNeeded(SystemUIApplication.java:163)
10-05 21:59:20.687  1691  1691 W StatusBar: 	at com.android.systemui.SystemUIService.onCreate(SystemUIService.java:33)
10-05 21:59:20.687  1691  1691 W StatusBar: 	at android.app.ActivityThread.handleCreateService(ActivityThread.java:3404)
10-05 21:59:20.687  1691  1691 W StatusBar: 	at android.app.ActivityThread.-wrap4(Unknown Source:0)
10-05 21:59:20.687  1691  1691 W StatusBar: 	at android.app.ActivityThread$H.handleMessage(ActivityThread.java:1683)
10-05 21:59:20.687  1691  1691 W StatusBar: 	at android.os.Handler.dispatchMessage(Handler.java:105)
10-05 21:59:20.687  1691  1691 W StatusBar: 	at android.os.Looper.loop(Looper.java:164)
10-05 21:59:20.687  1691  1691 W StatusBar: 	at android.app.ActivityThread.main(ActivityThread.java:6541)
10-05 21:59:20.687  1691  1691 W StatusBar: 	at java.lang.reflect.Method.invoke(Native Method)
10-05 21:59:20.687  1691  1691 W StatusBar: 	at com.android.internal.os.Zygote$MethodAndArgsCaller.run(Zygote.java:240)
10-05 21:59:20.687  1691  1691 W StatusBar: 	at com.android.internal.os.ZygoteInit.main(ZygoteInit.java:767)
10-05 21:59:20.688  1691  1691 I StatusBar: isKeyguardShowing() called before startKeyguard(), returning true
10-05 21:59:20.689  1691  1691 W StatusBar: isKeyguardSecure() called before startKeyguard(), returning false
10-05 21:59:20.689  1691  1691 W StatusBar: java.lang.Throwable
10-05 21:59:20.689  1691  1691 W StatusBar: 	at com.android.systemui.statusbar.phone.StatusBar.isKeyguardSecure(StatusBar.java:7002)
10-05 21:59:20.689  1691  1691 W StatusBar: 	at com.android.systemui.statusbar.phone.StatusBar.isCameraAllowedByAdmin(StatusBar.java:5044)
10-05 21:59:20.689  1691  1691 W StatusBar: 	at com.android.systemui.statusbar.phone.KeyguardBottomAreaView$DefaultRightButton.getIcon(KeyguardBottomAreaView.java:850)
10-05 21:59:20.689  1691  1691 W StatusBar: 	at com.android.systemui.statusbar.phone.KeyguardBottomAreaView.updateCameraVisibility(KeyguardBottomAreaView.java:371)
10-05 21:59:20.689  1691  1691 W StatusBar: 	at com.android.systemui.statusbar.phone.KeyguardBottomAreaView.setUserSetupComplete(KeyguardBottomAreaView.java:349)
10-05 21:59:20.689  1691  1691 W StatusBar: 	at com.android.systemui.statusbar.phone.StatusBar.makeStatusBarView(StatusBar.java:1124)
10-05 21:59:20.689  1691  1691 W StatusBar: 	at com.android.systemui.statusbar.phone.StatusBar.addStatusBarWindow(StatusBar.java:3473)
10-05 21:59:20.689  1691  1691 W StatusBar: 	at com.android.systemui.statusbar.phone.StatusBar.createAndAddWindows(StatusBar.java:3469)
10-05 21:59:20.689  1691  1691 W StatusBar: 	at com.android.systemui.statusbar.phone.StatusBar.start(StatusBar.java:839)
10-05 21:59:20.689  1691  1691 W StatusBar: 	at com.android.systemui.SystemBars.createStatusBarFromConfig(SystemBars.java:71)
10-05 21:59:20.689  1691  1691 W StatusBar: 	at com.android.systemui.SystemBars.start(SystemBars.java:42)
10-05 21:59:20.689  1691  1691 W StatusBar: 	at com.android.systemui.SystemUIApplication.startServicesIfNeeded(SystemUIApplication.java:208)
10-05 21:59:20.689  1691  1691 W StatusBar: 	at com.android.systemui.SystemUIApplication.startServicesIfNeeded(SystemUIApplication.java:163)
10-05 21:59:20.689  1691  1691 W StatusBar: 	at com.android.systemui.SystemUIService.onCreate(SystemUIService.java:33)
10-05 21:59:20.689  1691  1691 W StatusBar: 	at android.app.ActivityThread.handleCreateService(ActivityThread.java:3404)
10-05 21:59:20.689  1691  1691 W StatusBar: 	at android.app.ActivityThread.-wrap4(Unknown Source:0)
10-05 21:59:20.689  1691  1691 W StatusBar: 	at android.app.ActivityThread$H.handleMessage(ActivityThread.java:1683)
10-05 21:59:20.689  1691  1691 W StatusBar: 	at android.os.Handler.dispatchMessage(Handler.java:105)
10-05 21:59:20.689  1691  1691 W StatusBar: 	at android.os.Looper.loop(Looper.java:164)
10-05 21:59:20.689  1691  1691 W StatusBar: 	at android.app.ActivityThread.main(ActivityThread.java:6541)
10-05 21:59:20.689  1691  1691 W StatusBar: 	at java.lang.reflect.Method.invoke(Native Method)
10-05 21:59:20.689  1691  1691 W StatusBar: 	at com.android.internal.os.Zygote$MethodAndArgsCaller.run(Zygote.java:240)
10-05 21:59:20.689  1691  1691 W StatusBar: 	at com.android.internal.os.ZygoteInit.main(ZygoteInit.java:767)
10-05 21:59:20.734   576  1803 I chatty  : uid=1000(system) Loc_hal_worker expire 5 lines
10-05 21:59:20.761   224   224 I OMXMaster: makeComponentInstance(OMX.google.amrwb.encoder) in android.hardwar process
10-05 21:59:20.812   224   224 I OMXMaster: makeComponentInstance(OMX.google.flac.encoder) in android.hardwar process
10-05 21:59:20.883   576   576 I chatty  : uid=1000 system_server expire 6 lines
10-05 21:59:20.885   576   576 W LocationManagerService: no network location provider found
10-05 21:59:20.889   576   576 E LocationManagerService: no geocoder provider found
10-05 21:59:20.889   576   576 D LocationManagerService: FLP HAL not supported
10-05 21:59:20.892   576   576 D LocationManagerService: Unable to bind FLP Geofence proxy.
10-05 21:59:20.892   576   576 D LocationManagerService: Hardware Activity-Recognition not supported.
10-05 21:59:20.893   576   576 D LocationManagerService: Unable to bind ActivityRecognitionProxy.
10-05 21:59:20.894   576   656 I chatty  : uid=1000(system) android.bg expire 10 lines
10-05 21:59:20.896   576   576 D SystemServerTiming: MakeLocationServiceReady took to complete: 1026ms
10-05 21:59:20.896   576   576 I SystemServer: MakeCountryDetectionServiceReady
10-05 21:59:20.897   576   576 D SystemServerTiming: MakeCountryDetectionServiceReady took to complete: 0ms
10-05 21:59:20.897   576   576 I SystemServer: MakeNetworkTimeUpdateReady
10-05 21:59:20.901   576   576 D SystemServerTiming: MakeNetworkTimeUpdateReady took to complete: 4ms
10-05 21:59:20.901   576   576 I SystemServer: MakeCommonTimeManagementServiceReady
10-05 21:59:20.901   576   576 I chatty  : uid=1000 system_server expire 2 lines
10-05 21:59:20.901   576   576 D SystemServerTiming: MakeCommonTimeManagementServiceReady took to complete: 1ms
10-05 21:59:20.902   576   576 I SystemServer: MakeInputManagerServiceReady
10-05 21:59:20.903   576   576 D SystemServerTiming: MakeInputManagerServiceReady took to complete: 1ms
10-05 21:59:20.903   576   576 I SystemServer: MakeTelephonyRegistryReady
10-05 21:59:20.903   576   753 I chatty  : uid=1000(system) InputReader expire 2 lines
10-05 21:59:20.904   576   576 D SystemServerTiming: MakeTelephonyRegistryReady took to complete: 1ms
10-05 21:59:20.904   576   576 I SystemServer: MakeMediaRouterServiceReady
10-05 21:59:20.904   576   576 D SystemServerTiming: MakeMediaRouterServiceReady took to complete: 1ms
10-05 21:59:20.905   576   576 I SystemServer: MakeMmsServiceReady
10-05 21:59:20.905   576   576 I MmsServiceBroker: Delay connecting to MmsService until an API is called
10-05 21:59:20.905   576   576 D SystemServerTiming: MakeMmsServiceReady took to complete: 0ms
10-05 21:59:20.905   576   576 I SystemServer: MakeNetworkScoreServiceReady
10-05 21:59:20.905   576   576 D SystemServerTiming: MakeNetworkScoreServiceReady took to complete: 0ms
10-05 21:59:20.906   576   576 I SystemServer: IncidentDaemonReady
10-05 21:59:20.906   576   576 D SystemServerTiming: IncidentDaemonReady took to complete: 1ms
10-05 21:59:20.907   576   576 I SystemServiceManager: Calling onStartUser u0
10-05 21:59:20.912   576   576 W VoiceInteractionManagerService: no available voice interaction services found for user 0
10-05 21:59:20.912   576   576 W VoiceInteractionManagerService: no available voice recognition services found for user 0
10-05 21:59:20.928   576   576 I ActivityManager: Start proc 1828:com.android.phone/1001 for added application com.android.phone
10-05 21:59:20.929   576   576 I ActivityManager: START u0 {act=android.intent.action.MAIN cat=[android.intent.category.HOME] flg=0x10000100 cmp=com.android.settings/.CryptKeeper} from uid 0
10-05 21:59:20.940   576   576 I ActivityManager: Loaded persisted task ids for user 0
10-05 21:59:20.964   576   576 I ActivityManager: Start proc 1842:com.android.settings:CryptKeeper/1000 for activity com.android.settings/.CryptKeeper
10-05 21:59:20.968   576   576 D SystemServerTiming: ActivityManagerStartApps took to complete: 61ms
10-05 21:59:20.968   576   576 D SystemServerTiming: PhaseActivityManagerReady took to complete: 1822ms
10-05 21:59:20.971   576   576 D SystemServerInitThreadPool: Shutdown successful
10-05 21:59:20.971   576   576 D SystemServerTiming: StartServices took to complete: 84985ms
10-05 21:59:20.971   576   576 I SystemServer: Enabled StrictMode for system server main thread.
10-05 21:59:20.987  1672  1774 I BinaryDictionaryFileDumper: reinitializeClientRecordInDictionaryContentProvider() : MetadataFileUri = 
10-05 21:59:20.990   576   576 D ConditionProviders.SCP: onConnected
10-05 21:59:21.000   224   224 I OMXMaster: makeComponentInstance(OMX.google.gsm.decoder) in android.hardwar process
10-05 21:59:21.001   576   576 D ZenLog  : set_zen_mode: off,cleanUpZenRules
10-05 21:59:21.002   576  1627 I chatty  : uid=1000(system) WifiScanningSer expire 1 line
10-05 21:59:21.002   576  1628 I chatty  : uid=1000(system) WifiRttService expire 1 line
10-05 21:59:21.007   576   576 D ConditionProviders: Subscribing to condition://android/schedule?days=1.2.3.4.5&start=22.0&end=7.0&exitAtAlarm=false with ComponentInfo{android/com.android.server.notification.ScheduleConditionProvider}
10-05 21:59:21.007   576   576 D ZenLog  : subscribe: condition://android/schedule?days=1.2.3.4.5&start=22.0&end=7.0&exitAtAlarm=false,ok
10-05 21:59:21.008   576   576 D ConditionProviders: Subscribing to condition://android/event?userId=-10000&calendar=&reply=1 with ComponentInfo{android/com.android.server.notification.EventConditionProvider}
10-05 21:59:21.008   576   576 D ZenLog  : subscribe: condition://android/event?userId=-10000&calendar=&reply=1,ok
10-05 21:59:21.008   576   576 D ConditionProviders: Subscribing to condition://android/schedule?days=6.7&start=23.30&end=10.0&exitAtAlarm=false with ComponentInfo{android/com.android.server.notification.ScheduleConditionProvider}
10-05 21:59:21.008   576   576 D ZenLog  : subscribe: condition://android/schedule?days=6.7&start=23.30&end=10.0&exitAtAlarm=false,ok
10-05 21:59:21.014   197   555 I chatty  : uid=1000(system) Binder:197_3 expire 2 lines
10-05 21:59:21.034   576  1803 I chatty  : uid=1000(system) Loc_hal_worker expire 5 lines
10-05 21:59:21.044  1691  1691 D LocalBluetoothProfileManager: Adding local MAP profile
10-05 21:59:21.047  1691  1691 D BluetoothMap: Create BluetoothMap proxy object
10-05 21:59:21.054  1691  1691 D LocalBluetoothProfileManager: LocalBluetoothProfileManager construction complete
10-05 21:59:21.071   224   224 I OMXMaster: makeComponentInstance(OMX.qcom.video.encoder.mpeg4) in android.hardwar process
10-05 21:59:21.096  1691  1781 D OpenGLRenderer: profile bars disabled
10-05 21:59:21.096  1691  1781 D OpenGLRenderer: ambientRatio = 1.50
10-05 21:59:21.097  1842  1842 D CryptKeeper: Disabling component ComponentInfo{com.android.settings/com.android.settings.CryptKeeper}
10-05 21:59:21.098   576   653 D PackageManager: Ephemeral installer not found with new action; try old one
10-05 21:59:21.098   576   653 D PackageManager: Clear ephemeral installer activity
10-05 21:59:21.101   576  1765 I WindowManager: Screen frozen for +92ms due to AppWindowToken{c0a8b18 token=Token{ea78efb ActivityRecord{236788a u0 com.android.settings/.CryptKeeper t1}}}
10-05 21:59:21.104  1691  1691 D StatusBar: disable<e i a s b h r c s q >
10-05 21:59:21.127   576  1765 I ActivityManager: START u0 {act=android.intent.action.MAIN cat=[android.intent.category.HOME] flg=0x10000100 cmp=com.android.settings/.FallbackHome} from uid 0
10-05 21:59:21.133   224   224 E OMX-VENC-720p: 
10-05 21:59:21.133   224   224 E OMX-VENC-720p:  Is component secure 0
10-05 21:59:21.146   576  1765 I ActivityManager: Start proc 1866:com.android.settings/1000 for activity com.android.settings/.FallbackHome
10-05 21:59:21.171   576  1803 E QMI_FW  : QMUXD: Service_id=16 not found over conn_id=0
10-05 21:59:21.178   224   224 E OMX-VENC-720p: get_parameter: OMX_IndexParamVideoProfileLevelQuerySupported for Input port returned Profile:1, Level:128
10-05 21:59:21.178   224  1761 E OMX-VENC-720p: get_parameter: OMX_IndexParamVideoProfileLevelQuerySupported for Input port returned Profile:32768, Level:128
10-05 21:59:21.180   224   355 E OMX-VENC-720p: get_parameter: OMX_IndexParamVideoProfileLevelQuerySupported nProfileIndex ret NoMore 2
10-05 21:59:21.181   224   355 E OMX-VENC-720p: get_parameter: OMX_IndexParamVideoProfileLevelQuerySupported for Input port returned Profile:32768, Level:128
10-05 21:59:21.181   224   355 E OMX-VENC-720p: Invalid entry returned from get_supported_profile_level 32768, 128
10-05 21:59:21.182   220   220 W OMXUtils: do not know color format 0x7f000789 = 2130708361
10-05 21:59:21.183   224  1761 E OMX-VENC-720p: ERROR: unsupported index 1868562442
10-05 21:59:21.183   224  1761 E OMXNodeInstance: getConfig(0xae31b004:qcom.encoder.mpeg4, ConfigAndroidIntraRefresh(0x6f60000a)) ERROR: UnsupportedIndex(0x8000101a)
10-05 21:59:21.210   224  1881 E OMX-VENC-720p: 
10-05 21:59:21.210   224  1881 E OMX-VENC-720p: ioctl VEN_IOCTL_CMD_READ_NEXT_MSG failed
10-05 21:59:21.210   224   355 E OMX-VENC-720p: 
10-05 21:59:21.210   224   355 E OMX-VENC-720p:  Destroy C2D instance
10-05 21:59:21.212   224  1761 I OMXMaster: makeComponentInstance(OMX.qcom.video.encoder.h263) in android.hardwar process
10-05 21:59:21.213   224  1761 E OMX-VENC-720p: 
10-05 21:59:21.213   224  1761 E OMX-VENC-720p:  Is component secure 0
10-05 21:59:21.220  1691  1691 D StatusBar: heads up is enabled
10-05 21:59:21.225  1691  1691 D StatusBar: user hasn't seen notification about hidden notifications
10-05 21:59:21.226  1691  1691 D StatusBar: insecure lockscreen, skipping notification
10-05 21:59:21.239   224  1761 E OMX-VENC-720p: get_parameter: OMX_IndexParamVideoProfileLevelQuerySupported for Input port returned Profile:1, Level:128
10-05 21:59:21.239   224   355 E OMX-VENC-720p: get_parameter: OMX_IndexParamVideoProfileLevelQuerySupported nProfileIndex ret NoMore 1
10-05 21:59:21.239   224   355 E OMX-VENC-720p: get_parameter: OMX_IndexParamVideoProfileLevelQuerySupported for Input port returned Profile:1, Level:128
10-05 21:59:21.239   224   355 E OMX-VENC-720p: Invalid entry returned from get_supported_profile_level 1, 128
10-05 21:59:21.243   220   220 W OMXUtils: do not know color format 0x7f000789 = 2130708361
10-05 21:59:21.244   224  1761 E OMX-VENC-720p: ERROR: unsupported index 1868562442
10-05 21:59:21.244   224  1761 E OMXNodeInstance: getConfig(0xae33f004:qcom.encoder.h263, ConfigAndroidIntraRefresh(0x6f60000a)) ERROR: UnsupportedIndex(0x8000101a)
10-05 21:59:21.249   576  1765 I ActivityManager: user 0 is still locked. Cannot load recents
10-05 21:59:21.259  1691  1783 E ActivityThread: Failed to find provider info for com.android.contacts
10-05 21:59:21.264   224  1885 E OMX-VENC-720p: 
10-05 21:59:21.264   224  1885 E OMX-VENC-720p: ioctl VEN_IOCTL_CMD_READ_NEXT_MSG failed
10-05 21:59:21.264   224   355 E OMX-VENC-720p: 
10-05 21:59:21.264   224   355 E OMX-VENC-720p:  Destroy C2D instance
10-05 21:59:21.266   224   355 I OMXMaster: makeComponentInstance(OMX.qcom.video.encoder.avc) in android.hardwar process
10-05 21:59:21.266   224   355 E OMX-VENC-720p: 
10-05 21:59:21.266   224   355 E OMX-VENC-720p:  Is component secure 0
10-05 21:59:21.267  1691  1691 D StorageNotification: Notifying about private volume: VolumeInfo{private}:
10-05 21:59:21.267  1691  1691 D StorageNotification:     type=PRIVATE diskId=null partGuid=null mountFlags=0 mountUserId=-1 
10-05 21:59:21.267  1691  1691 D StorageNotification:     state=MOUNTED 
10-05 21:59:21.267  1691  1691 D StorageNotification:     fsType=null fsUuid=null fsLabel=null 
10-05 21:59:21.267  1691  1691 D StorageNotification:     path=/data internalPath=null 
10-05 21:59:21.284   576   653 E PowerManagerService: Failed to read last_reboot_reason file
10-05 21:59:21.284   576   653 E PowerManagerService: java.io.FileNotFoundException: /data/misc/reboot/last_reboot_reason (No such file or directory)
10-05 21:59:21.284   576   653 E PowerManagerService: 	at java.io.FileInputStream.open0(Native Method)
10-05 21:59:21.284   576   653 E PowerManagerService: 	at java.io.FileInputStream.open(FileInputStream.java:200)
10-05 21:59:21.284   576   653 E PowerManagerService: 	at java.io.FileInputStream.<init>(FileInputStream.java:150)
10-05 21:59:21.284   576   653 E PowerManagerService: 	at java.io.FileReader.<init>(FileReader.java:72)
10-05 21:59:21.284   576   653 E PowerManagerService: 	at com.android.server.power.PowerManagerService.getLastShutdownReasonInternal(PowerManagerService.java:4612)
10-05 21:59:21.284   576   653 E PowerManagerService: 	at com.android.server.power.PowerManagerService$BinderService.getLastShutdownReason(PowerManagerService.java:4376)
10-05 21:59:21.284   576   653 E PowerManagerService: 	at android.os.IPowerManager$Stub.onTransact(IPowerManager.java:302)
10-05 21:59:21.284   576   653 E PowerManagerService: 	at android.os.Binder.execTransact(Binder.java:674)
10-05 21:59:21.289   224   355 E OMX-VENC-720p: get_parameter: OMX_IndexParamVideoProfileLevelQuerySupported for Input port returned Profile:1, Level:2048
10-05 21:59:21.290   224   224 E OMX-VENC-720p: get_parameter: OMX_IndexParamVideoProfileLevelQuerySupported for Input port returned Profile:2, Level:2048
10-05 21:59:21.290   224  1761 E OMX-VENC-720p: get_parameter: OMX_IndexParamVideoProfileLevelQuerySupported for Input port returned Profile:8, Level:2048
10-05 21:59:21.290   224   355 E OMX-VENC-720p: get_parameter: OMX_IndexParamVideoProfileLevelQuerySupported for Input port returned Profile:8, Level:2048
10-05 21:59:21.290   224   355 E OMX-VENC-720p: Invalid entry returned from get_supported_profile_level 8, 2048
10-05 21:59:21.291   220   220 W OMXUtils: do not know color format 0x7f000789 = 2130708361
10-05 21:59:21.292   224  1761 E OMX-VENC-720p: ERROR: unsupported index 1868562442
10-05 21:59:21.292   224  1761 E OMXNodeInstance: getConfig(0xae33f004:qcom.encoder.avc, ConfigAndroidIntraRefresh(0x6f60000a)) ERROR: UnsupportedIndex(0x8000101a)
10-05 21:59:21.313   224  1889 E OMX-VENC-720p: 
10-05 21:59:21.313   224  1889 E OMX-VENC-720p: ioctl VEN_IOCTL_CMD_READ_NEXT_MSG failed
10-05 21:59:21.313   224   355 E OMX-VENC-720p: 
10-05 21:59:21.313   224   355 E OMX-VENC-720p:  Destroy C2D instance
10-05 21:59:21.315  1866  1892 D OpenGLRenderer: HWUI GL Pipeline
10-05 21:59:21.315   224   355 I OMXMaster: makeComponentInstance(OMX.qcom.video.decoder.avc) in android.hardwar process
10-05 21:59:21.346  1866  1892 I Adreno-EGL: <qeglDrvAPI_eglInitialize:379>: QUALCOMM Build: 10/21/15, 369a2ea, I96aee987eb
10-05 21:59:21.354  1866  1892 I OpenGLRenderer: Initialized EGL, version 1.4
10-05 21:59:21.354  1866  1892 D OpenGLRenderer: Swap behavior 1
10-05 21:59:21.372  1866  1892 W Adreno-EGL: <qeglDrvAPI_eglGetConfigAttrib:607>: EGL_BAD_ATTRIBUTE
10-05 21:59:21.374  1866  1892 I vndksupport: sphal namespace is not configured for this process. Loading /vendor/lib/hw/gralloc.msm8960.so from the current namespace instead.
10-05 21:59:21.415   163   163 W /system/bin/hwservicemanager: getTransportFromManifest: Cannot find entry android.hardware.graphics.mapper@2.0::IMapper in either framework or device manifest, using default transport.
10-05 21:59:21.420  1866  1892 I vndksupport: sphal namespace is not configured for this process. Loading /vendor/lib/hw/gralloc.msm8960.so from the current namespace instead.
10-05 21:59:21.431   576   657 W KeyguardServiceDelegate: onScreenTurningOn(): no keyguard service!
10-05 21:59:21.435   576   665 I ActivityManager: Displayed com.android.settings/.FallbackHome: +295ms (total +476ms)
10-05 21:59:21.436   576   707 I WindowManager: Screen frozen for +256ms due to Window{50527fe u0 com.android.settings/com.android.settings.FallbackHome}
10-05 21:59:21.440   224  1761 E OMX-VDEC-1080P: Extension: OMX.google.android.index.describeColorFormat not implemented
10-05 21:59:21.440   224   355 E OMX-VDEC-1080P: Extension: OMX.google.android.index.describeColorFormat2 not implemented
10-05 21:59:21.440   220   220 W OMXUtils: do not know color format 0x7fa30c03 = 2141391875
10-05 21:59:21.440   224  1761 E OMX-VDEC-1080P: Extension: OMX.google.android.index.describeColorFormat not implemented
10-05 21:59:21.441   224   355 E OMX-VDEC-1080P: Extension: OMX.google.android.index.describeColorFormat2 not implemented
10-05 21:59:21.441   224  1761 E OMX-VDEC-1080P: Extension: OMX.google.android.index.describeColorFormat not implemented
10-05 21:59:21.441   224   355 E OMX-VDEC-1080P: Extension: OMX.google.android.index.describeColorFormat2 not implemented
10-05 21:59:21.442   224  1761 E OMX-VDEC-1080P: Extension: OMX.google.android.index.configureVideoTunnelMode not implemented
10-05 21:59:21.442   224  1761 E OMXNodeInstance: getExtensionIndex(0xae451304:qcom.decoder.avc, OMX.google.android.index.configureVideoTunnelMode) ERROR: NotImplemented(0x80001006)
10-05 21:59:21.442   224   355 E OMX-VDEC-1080P: Extension: OMX.google.android.index.allocateNativeHandle not implemented
10-05 21:59:21.442   224   355 E OMX-VDEC-1080P: Extension: OMX.google.android.index.storeANWBufferInMetadata not implemented
10-05 21:59:21.442   224   355 E OMX-VDEC-1080P: Extension: OMX.google.android.index.storeMetaDataInBuffers not implemented
10-05 21:59:21.442   224   355 E OMXNodeInstance: getExtensionIndex(0xae451304:qcom.decoder.avc, OMX.google.android.index.storeMetaDataInBuffers) ERROR: NotImplemented(0x80001006)
10-05 21:59:21.442   576   753 I InputReader: Reconfiguring input devices.  changes=0x00000004
10-05 21:59:21.442   224   224 E OMX-VDEC-1080P: Enabling Adaptive playback for 1280 x 720
10-05 21:59:21.462   224  1897 E OMX-VDEC-1080P: 
10-05 21:59:21.462   224  1897 E OMX-VDEC-1080P:  Error in ioctl read next msg
10-05 21:59:21.462   224  1761 E         : 
10-05 21:59:21.462   224  1761 E         :  Destroy C2D instance
10-05 21:59:21.462   224  1761 E         : 
10-05 21:59:21.462   224  1761 E         :  Destroy C2D instance
10-05 21:59:21.464   224  1761 I OMXMaster: makeComponentInstance(OMX.qcom.video.decoder.avc.secure) in android.hardwar process
10-05 21:59:21.538  1691  1691 I Choreographer: Skipped 76 frames!  The application may be doing too much work on its main thread.
10-05 21:59:21.561  1691  1781 I Adreno-EGL: <qeglDrvAPI_eglInitialize:379>: QUALCOMM Build: 10/21/15, 369a2ea, I96aee987eb
10-05 21:59:21.565  1691  1781 I OpenGLRenderer: Initialized EGL, version 1.4
10-05 21:59:21.565  1691  1781 D OpenGLRenderer: Swap behavior 1
10-05 21:59:21.571  1691  1691 D ViewRootImpl[StatusBar]: changeCanvasOpacity: opaque=true
10-05 21:59:21.580  1691  1781 W Adreno-EGL: <qeglDrvAPI_eglGetConfigAttrib:607>: EGL_BAD_ATTRIBUTE
10-05 21:59:21.583  1691  1781 I vndksupport: sphal namespace is not configured for this process. Loading /vendor/lib/hw/gralloc.msm8960.so from the current namespace instead.
10-05 21:59:21.599   197   312 I chatty  : uid=1000(system) Binder:197_2 expire 2 lines
10-05 21:59:21.608   224   224 E OMX-VDEC-1080P: Extension: OMX.google.android.index.describeColorFormat not implemented
10-05 21:59:21.608   224  1761 E OMX-VDEC-1080P: Extension: OMX.google.android.index.describeColorFormat2 not implemented
10-05 21:59:21.608   220   220 W OMXUtils: do not know color format 0x7fa30c03 = 2141391875
10-05 21:59:21.609   224   224 E OMX-VDEC-1080P: Extension: OMX.google.android.index.describeColorFormat not implemented
10-05 21:59:21.609   224  1761 E OMX-VDEC-1080P: Extension: OMX.google.android.index.describeColorFormat2 not implemented
10-05 21:59:21.609   224   224 E OMX-VDEC-1080P: Extension: OMX.google.android.index.describeColorFormat not implemented
10-05 21:59:21.609   224  1761 E OMX-VDEC-1080P: Extension: OMX.google.android.index.describeColorFormat2 not implemented
10-05 21:59:21.610   224   224 E OMX-VDEC-1080P: Extension: OMX.google.android.index.configureVideoTunnelMode not implemented
10-05 21:59:21.610   224   224 E OMXNodeInstance: getExtensionIndex(0xae451304:qcom.decoder.avc.secure, OMX.google.android.index.configureVideoTunnelMode) ERROR: NotImplemented(0x80001006)
10-05 21:59:21.610   224  1761 E OMX-VDEC-1080P: Extension: OMX.google.android.index.allocateNativeHandle not implemented
10-05 21:59:21.610   224  1761 E OMX-VDEC-1080P: Extension: OMX.google.android.index.storeANWBufferInMetadata not implemented
10-05 21:59:21.610   224  1761 E OMX-VDEC-1080P: Extension: OMX.google.android.index.storeMetaDataInBuffers not implemented
10-05 21:59:21.610   224  1761 E OMXNodeInstance: getExtensionIndex(0xae451304:qcom.decoder.avc.secure, OMX.google.android.index.storeMetaDataInBuffers) ERROR: NotImplemented(0x80001006)
10-05 21:59:21.610   224   355 E OMX-VDEC-1080P: Enabling Adaptive playback for 1280 x 720
10-05 21:59:21.612   197   310 I chatty  : uid=1000(system) Binder:197_1 expire 1 line
10-05 21:59:21.655   224  1905 E OMX-VDEC-1080P: 
10-05 21:59:21.655   224  1905 E OMX-VDEC-1080P:  Error in ioctl read next msg
10-05 21:59:21.655   224   224 E         : 
10-05 21:59:21.655   224   224 E         :  Destroy C2D instance
10-05 21:59:21.655   224   224 E         : 
10-05 21:59:21.655   224   224 E         :  Destroy C2D instance
10-05 21:59:21.657   224   224 I OMXMaster: makeComponentInstance(OMX.qcom.video.decoder.mpeg4) in android.hardwar process
10-05 21:59:21.679   224   355 E OMX-VDEC-1080P: get_parameter: OMX_IndexParamVideoProfileLevelQuerySupported nProfileIndex ret NoMore 2
10-05 21:59:21.679   224  1761 E OMX-VDEC-1080P: Extension: OMX.google.android.index.describeColorFormat not implemented
10-05 21:59:21.679   224   355 E OMX-VDEC-1080P: Extension: OMX.google.android.index.describeColorFormat2 not implemented
10-05 21:59:21.679   220   220 W OMXUtils: do not know color format 0x7fa30c03 = 2141391875
10-05 21:59:21.680   224  1761 E OMX-VDEC-1080P: Extension: OMX.google.android.index.describeColorFormat not implemented
10-05 21:59:21.680   224   355 E OMX-VDEC-1080P: Extension: OMX.google.android.index.describeColorFormat2 not implemented
10-05 21:59:21.680   224  1761 E OMX-VDEC-1080P: Extension: OMX.google.android.index.describeColorFormat not implemented
10-05 21:59:21.680   224   355 E OMX-VDEC-1080P: Extension: OMX.google.android.index.describeColorFormat2 not implemented
10-05 21:59:21.681   224  1761 E OMX-VDEC-1080P: Extension: OMX.google.android.index.configureVideoTunnelMode not implemented
10-05 21:59:21.681   224  1761 E OMXNodeInstance: getExtensionIndex(0xae451304:qcom.decoder.mpeg4, OMX.google.android.index.configureVideoTunnelMode) ERROR: NotImplemented(0x80001006)
10-05 21:59:21.681   224   355 E OMX-VDEC-1080P: Extension: OMX.google.android.index.allocateNativeHandle not implemented
10-05 21:59:21.681   224   355 E OMX-VDEC-1080P: Extension: OMX.google.android.index.storeANWBufferInMetadata not implemented
10-05 21:59:21.681   224   355 E OMX-VDEC-1080P: Extension: OMX.google.android.index.storeMetaDataInBuffers not implemented
10-05 21:59:21.681   224   355 E OMXNodeInstance: getExtensionIndex(0xae451304:qcom.decoder.mpeg4, OMX.google.android.index.storeMetaDataInBuffers) ERROR: NotImplemented(0x80001006)
10-05 21:59:21.681   224   224 E OMX-VDEC-1080P: Enabling Adaptive playback for 1280 x 720
10-05 21:59:21.701   224  1908 E OMX-VDEC-1080P: 
10-05 21:59:21.701   224  1908 E OMX-VDEC-1080P:  Error in ioctl read next msg
10-05 21:59:21.701   224  1761 E         : 
10-05 21:59:21.701   224  1761 E         :  Destroy C2D instance
10-05 21:59:21.701   224  1761 E         : 
10-05 21:59:21.701   224  1761 E         :  Destroy C2D instance
10-05 21:59:21.703   224  1761 I OMXMaster: makeComponentInstance(OMX.qcom.video.decoder.h263) in android.hardwar process
10-05 21:59:21.729   224   355 E OMX-VDEC-1080P: get_parameter: OMX_IndexParamVideoProfileLevelQuerySupported nProfileIndex ret NoMore 1
10-05 21:59:21.729   224  1761 E OMX-VDEC-1080P: Extension: OMX.google.android.index.describeColorFormat not implemented
10-05 21:59:21.729   224   355 E OMX-VDEC-1080P: Extension: OMX.google.android.index.describeColorFormat2 not implemented
10-05 21:59:21.730   220   220 W OMXUtils: do not know color format 0x7fa30c03 = 2141391875
10-05 21:59:21.730   224  1761 E OMX-VDEC-1080P: Extension: OMX.google.android.index.describeColorFormat not implemented
10-05 21:59:21.730   224   355 E OMX-VDEC-1080P: Extension: OMX.google.android.index.describeColorFormat2 not implemented
10-05 21:59:21.730   224  1761 E OMX-VDEC-1080P: Extension: OMX.google.android.index.describeColorFormat not implemented
10-05 21:59:21.731   224   355 E OMX-VDEC-1080P: Extension: OMX.google.android.index.describeColorFormat2 not implemented
10-05 21:59:21.731   224  1761 E OMX-VDEC-1080P: Extension: OMX.google.android.index.configureVideoTunnelMode not implemented
10-05 21:59:21.731   224  1761 E OMXNodeInstance: getExtensionIndex(0xae451304:qcom.decoder.h263, OMX.google.android.index.configureVideoTunnelMode) ERROR: NotImplemented(0x80001006)
10-05 21:59:21.731   224   355 E OMX-VDEC-1080P: Extension: OMX.google.android.index.allocateNativeHandle not implemented
10-05 21:59:21.731   224   355 E OMX-VDEC-1080P: Extension: OMX.google.android.index.storeANWBufferInMetadata not implemented
10-05 21:59:21.731   224   355 E OMX-VDEC-1080P: Extension: OMX.google.android.index.storeMetaDataInBuffers not implemented
10-05 21:59:21.731   224   355 E OMXNodeInstance: getExtensionIndex(0xae451304:qcom.decoder.h263, OMX.google.android.index.storeMetaDataInBuffers) ERROR: NotImplemented(0x80001006)
10-05 21:59:21.731   224   224 E OMX-VDEC-1080P: Enabling Adaptive playback for 1280 x 720
10-05 21:59:21.736   576   576 I AccountsDb: Creating DE database for user 0
10-05 21:59:21.742  1691  1797 E ActivityThread: Failed to find provider info for com.android.contacts
10-05 21:59:21.752   224  1911 E OMX-VDEC-1080P: 
10-05 21:59:21.752   224  1911 E OMX-VDEC-1080P:  Error in ioctl read next msg
10-05 21:59:21.753   224  1761 E         : 
10-05 21:59:21.753   224  1761 E         :  Destroy C2D instance
10-05 21:59:21.753   224  1761 E         : 
10-05 21:59:21.753   224  1761 E         :  Destroy C2D instance
10-05 21:59:21.754   224  1761 I OMXMaster: makeComponentInstance(OMX.google.mpeg4.decoder) in android.hardwar process
10-05 21:59:21.795   224   355 E OMXNodeInstance: getExtensionIndex(0xaeb22ea0:google.mpeg4.decoder, OMX.google.android.index.configureVideoTunnelMode) ERROR: UnsupportedIndex(0x8000101a)
10-05 21:59:21.796   224   224 E OMXNodeInstance: getExtensionIndex(0xaeb22ea0:google.mpeg4.decoder, OMX.google.android.index.enableAndroidNativeBuffers) ERROR: UnsupportedIndex(0x8000101a)
10-05 21:59:21.798   224   355 I OMXMaster: makeComponentInstance(OMX.google.h263.decoder) in android.hardwar process
10-05 21:59:21.803   224   224 E OMXNodeInstance: getExtensionIndex(0xaeb22ea0:google.h263.decoder, OMX.google.android.index.configureVideoTunnelMode) ERROR: UnsupportedIndex(0x8000101a)
10-05 21:59:21.804   224  1761 E OMXNodeInstance: getExtensionIndex(0xaeb22ea0:google.h263.decoder, OMX.google.android.index.enableAndroidNativeBuffers) ERROR: UnsupportedIndex(0x8000101a)
10-05 21:59:21.806   224   224 I OMXMaster: makeComponentInstance(OMX.google.h264.decoder) in android.hardwar process
10-05 21:59:21.849   224   355 E OMXNodeInstance: getExtensionIndex(0xaeb22ea0:google.h264.decoder, OMX.google.android.index.configureVideoTunnelMode) ERROR: UnsupportedIndex(0x8000101a)
10-05 21:59:21.849   224   224 E OMXNodeInstance: getExtensionIndex(0xaeb22ea0:google.h264.decoder, OMX.google.android.index.enableAndroidNativeBuffers) ERROR: UnsupportedIndex(0x8000101a)
10-05 21:59:21.851   224   355 I OMXMaster: makeComponentInstance(OMX.google.hevc.decoder) in android.hardwar process
10-05 21:59:21.939   224   355 E OMXNodeInstance: getExtensionIndex(0xaeb22ea0:google.hevc.decoder, OMX.google.android.index.configureVideoTunnelMode) ERROR: UnsupportedIndex(0x8000101a)
10-05 21:59:21.940   224   224 E OMXNodeInstance: getExtensionIndex(0xaeb22ea0:google.hevc.decoder, OMX.google.android.index.enableAndroidNativeBuffers) ERROR: UnsupportedIndex(0x8000101a)
10-05 21:59:21.943   224   355 I OMXMaster: makeComponentInstance(OMX.google.vp8.decoder) in android.hardwar process
10-05 21:59:22.007   224  1761 E OMXNodeInstance: getExtensionIndex(0xaeb22ea0:google.vp8.decoder, OMX.google.android.index.configureVideoTunnelMode) ERROR: UnsupportedIndex(0x8000101a)
10-05 21:59:22.007   224   355 E OMXNodeInstance: getExtensionIndex(0xaeb22ea0:google.vp8.decoder, OMX.google.android.index.enableAndroidNativeBuffers) ERROR: UnsupportedIndex(0x8000101a)
10-05 21:59:22.010   224  1761 I OMXMaster: makeComponentInstance(OMX.google.vp9.decoder) in android.hardwar process
10-05 21:59:22.014   224  1761 E OMXNodeInstance: getExtensionIndex(0xaeb22ea0:google.vp9.decoder, OMX.google.android.index.configureVideoTunnelMode) ERROR: UnsupportedIndex(0x8000101a)
10-05 21:59:22.015   224   355 E OMXNodeInstance: getExtensionIndex(0xaeb22ea0:google.vp9.decoder, OMX.google.android.index.enableAndroidNativeBuffers) ERROR: UnsupportedIndex(0x8000101a)
10-05 21:59:22.018   224   224 I OMXMaster: makeComponentInstance(OMX.google.h263.encoder) in android.hardwar process
10-05 21:59:22.021  1691  1781 W Adreno-EGL: <qeglDrvAPI_eglGetConfigAttrib:607>: EGL_BAD_ATTRIBUTE
10-05 21:59:22.025  1691  1781 I vndksupport: sphal namespace is not configured for this process. Loading /vendor/lib/hw/gralloc.msm8960.so from the current namespace instead.
10-05 21:59:22.029  1691  1691 D StatusBar: disable<e i a s b h r c s q >
10-05 21:59:22.051   224   224 I SoftMPEG4Encoder: Construct SoftMPEG4Encoder
10-05 21:59:22.054   220   220 W OMXUtils: do not know color format 0x7f000789 = 2130708361
10-05 21:59:22.054   224   224 E OMXNodeInstance: getConfig(0xae78c120:google.h263.encoder, ConfigAndroidIntraRefresh(0x6f60000a)) ERROR: Undefined(0x80001001)
10-05 21:59:22.055   576  1624 D WifiService: New client listening to asynchronous messages
10-05 21:59:22.057   224  1761 I OMXMaster: makeComponentInstance(OMX.google.h264.encoder) in android.hardwar process
10-05 21:59:22.099   220   220 W OMXUtils: do not know color format 0x7f000789 = 2130708361
10-05 21:59:22.102   224   224 I OMXMaster: makeComponentInstance(OMX.google.mpeg4.encoder) in android.hardwar process
10-05 21:59:22.104   224   224 I SoftMPEG4Encoder: Construct SoftMPEG4Encoder
10-05 21:59:22.107   220   220 W OMXUtils: do not know color format 0x7f000789 = 2130708361
10-05 21:59:22.108   224   224 E OMXNodeInstance: getConfig(0xae78c120:google.mpeg4.encoder, ConfigAndroidIntraRefresh(0x6f60000a)) ERROR: Undefined(0x80001001)
10-05 21:59:22.110   224  1761 I OMXMaster: makeComponentInstance(OMX.google.vp8.encoder) in android.hardwar process
10-05 21:59:22.168   220   220 W OMXUtils: do not know color format 0x7f000789 = 2130708361
10-05 21:59:22.168   224  1761 E OMXNodeInstance: getConfig(0xae78c120:google.vp8.encoder, ConfigAndroidIntraRefresh(0x6f60000a)) ERROR: Undefined(0x80001001)
10-05 21:59:22.171   224   355 I OMXMaster: makeComponentInstance(OMX.google.vp9.encoder) in android.hardwar process
10-05 21:59:22.178   220   220 W OMXUtils: do not know color format 0x7f000789 = 2130708361
10-05 21:59:22.178   224   355 E OMXNodeInstance: getConfig(0xae78c120:google.vp9.encoder, ConfigAndroidIntraRefresh(0x6f60000a)) ERROR: Undefined(0x80001001)
10-05 21:59:22.179   576   664 E BluetoothManagerService: MESSAGE_TIMEOUT_BIND
10-05 21:59:22.189   220   220 W MediaCodecList: unable to open media codecs configuration xml file: /data/misc/media/media_codecs_profiling_results.xml
10-05 21:59:22.193   224   224 I OMXMaster: makeComponentInstance(OMX.google.vorbis.decoder) in android.hardwar process
10-05 21:59:22.196   224  1761 I OMXMaster: makeComponentInstance(OMX.google.vorbis.decoder) in android.hardwar process
10-05 21:59:22.199   224  1761 E OMXNodeInstance: getConfig(0xae78c120:google.vorbis.decoder, ConfigAndroidVendorExtension(0x6f100004)) ERROR: Undefined(0x80001001)
10-05 21:59:22.201   224  1761 E OMXNodeInstance: getConfig(0xae78c060:google.vorbis.decoder, ConfigAndroidVendorExtension(0x6f100004)) ERROR: Undefined(0x80001001)
10-05 21:59:22.280   209   263 D ThermalDaemon: Sensor 'tsens_tz_sensor9' - alarm raised 1 at 65.0 degC
10-05 21:59:22.280   209   264 D ThermalDaemon: Sensor 'tsens_tz_sensor10' - alarm raised 1 at 65.0 degC
10-05 21:59:22.283   209   258 D ThermalDaemon: Sensor 'tsens_tz_sensor4' - alarm raised 1 at 61.0 degC
10-05 21:59:22.284   209   259 D ThermalDaemon: Sensor 'tsens_tz_sensor5' - alarm raised 1 at 63.0 degC
10-05 21:59:22.305   224  1761 I OMXMaster: makeComponentInstance(OMX.google.vorbis.decoder) in android.hardwar process
10-05 21:59:22.308   224  1942 I OMXMaster: makeComponentInstance(OMX.google.vorbis.decoder) in android.hardwar process
10-05 21:59:22.310   224   355 E OMXNodeInstance: getConfig(0xae78c060:google.vorbis.decoder, ConfigAndroidVendorExtension(0x6f100004)) ERROR: Undefined(0x80001001)
10-05 21:59:22.312   224  1761 E OMXNodeInstance: getConfig(0xae78c0c0:google.vorbis.decoder, ConfigAndroidVendorExtension(0x6f100004)) ERROR: Undefined(0x80001001)
10-05 21:59:22.330   170  1619 I vold    : Trimmed 1980997632 bytes on /data in 6428ms
10-05 21:59:22.331   576   759 D VoldConnector: RCV <- {662 /data 1980997632 6428741457}
10-05 21:59:22.392   576   576 W ContextImpl: Calling a method in the system process without a qualified user: android.app.ContextImpl.startService:1460 com.android.server.content.SyncManager$13.run:659 android.os.Handler.handleCallback:789 android.os.Handler.dispatchMessage:98 android.os.Looper.loop:164 
10-05 21:59:22.402   576   576 W system_server: type=1400 audit(0.0:112): avc: granted { execute } for path="/data/dalvik-cache/arm/system@priv-app@Telecom@Telecom.apk@classes.dex" dev="mmcblk0p23" ino=456088 scontext=u:r:system_server:s0 tcontext=u:object_r:dalvikcache_data_file:s0 tclass=file
10-05 21:59:22.406  1828  1828 I chatty  : uid=1001(radio) com.android.phone expire 275 lines
10-05 21:59:22.411   224  1761 I OMXMaster: makeComponentInstance(OMX.google.vorbis.decoder) in android.hardwar process
10-05 21:59:22.416  1672  1774 I LatinIME:LogUtils: Dictionary info: dictionary = main:de ; version = 54 ; date = 1414726263
10-05 21:59:22.422  1672  1774 I LatinIME:LogUtils: Dictionary info: dictionary = main:en ; version = 54 ; date = 1414726273
10-05 21:59:22.427   224   355 E OMXNodeInstance: getConfig(0xaeb22f00:google.vorbis.decoder, ConfigAndroidVendorExtension(0x6f100004)) ERROR: Undefined(0x80001001)
10-05 21:59:22.429  1672  1774 I LatinIME:LogUtils: Dictionary info: dictionary = main:es ; version = 54 ; date = 1414726268
10-05 21:59:22.437   224  1761 I OMXMaster: makeComponentInstance(OMX.google.vorbis.decoder) in android.hardwar process
10-05 21:59:22.438  1672  1774 I LatinIME:LogUtils: Dictionary info: dictionary = main:fr ; version = 54 ; date = 1414726264
10-05 21:59:22.446  1672  1774 I LatinIME:LogUtils: Dictionary info: dictionary = main:it ; version = 54 ; date = 1414726258
10-05 21:59:22.449   224  1942 E OMXNodeInstance: getConfig(0xaeb22ea0:google.vorbis.decoder, ConfigAndroidVendorExtension(0x6f100004)) ERROR: Undefined(0x80001001)
10-05 21:59:22.472   576  1969 I Telecom : BluetoothRouteManager: getBluetoothAudioConnectedDevice: no headset service available.
10-05 21:59:22.485  1672  1774 I LatinIME:LogUtils: Dictionary info: dictionary = main:ru ; version = 54 ; date = 1414726277
10-05 21:59:22.488   576   576 I Telecom : SystemStateProvider: Registering car mode receiver: android.content.IntentFilter@b31826c: TS.init@AAA
10-05 21:59:22.505  1672  1774 I BinaryDictionaryFileDumper: reinitializeClientRecordInDictionaryContentProvider() : Insert DictionaryInfo : Id = 'main:de' : Locale=de : Version=54
10-05 21:59:22.514   576  1970 I Telecom : Logging.Events: Non-call EVENT: AUDIO_ROUTE, Entering state QuiescentEarpieceRoute
10-05 21:59:22.522   576  1971 I Telecom : CallAudioModeStateMachine: Message received: null.: TS.init->CAMSM.pM_1@AAA
10-05 21:59:22.528   576   576 I Telecom : MissedCallNotifierImpl: Boot not yet complete -- call log db may not be available. Deferring loading until boot complete.: TS.init@AAA
10-05 21:59:22.539   576   576 I Telecom : Class: TelecomSystem.INSTANCE being set
10-05 21:59:22.540   576   576 W ContextImpl: Calling a method in the system process without a qualified user: android.app.ContextImpl.startService:1460 android.content.ContextWrapper.startService:644 com.android.server.telecom.components.TelecomService.initializeTelecomSystem:165 com.android.server.telecom.components.TelecomService.onBind:60 android.app.ActivityThread.handleBindService:3431 
10-05 21:59:22.541   224   224 I OMXMaster: makeComponentInstance(OMX.google.vorbis.decoder) in android.hardwar process
10-05 21:59:22.550  1672  1774 I BinaryDictionaryFileDumper: reinitializeClientRecordInDictionaryContentProvider() : Insert DictionaryInfo : Id = 'main:en' : Locale=en : Version=54
10-05 21:59:22.554   224  1761 E OMXNodeInstance: getConfig(0xaeb22ea0:google.vorbis.decoder, ConfigAndroidVendorExtension(0x6f100004)) ERROR: Undefined(0x80001001)
10-05 21:59:22.568   215   215 D installd: Found storage mount /dev/fuse at /mnt/runtime/default/emulated
10-05 21:59:22.568  1672  1774 I BinaryDictionaryFileDumper: reinitializeClientRecordInDictionaryContentProvider() : Insert DictionaryInfo : Id = 'main:es' : Locale=es : Version=54
10-05 21:59:22.570   576   576 D BluetoothManagerService: Bluetooth Adapter name changed to Nexus 4
10-05 21:59:22.571   576   576 D BluetoothManagerService: Stored Bluetooth name: Nexus 4
10-05 21:59:22.571   576   576 D BluetoothManagerService: BluetoothServiceConnection: com.android.bluetooth.btservice.AdapterService
10-05 21:59:22.571   576   664 D BluetoothManagerService: MESSAGE_BLUETOOTH_SERVICE_CONNECTED: 1
10-05 21:59:22.574   576   664 D BluetoothManagerService: Broadcasting onBluetoothServiceUp() to 3 receivers.
10-05 21:59:22.575  1691  1943 D BluetoothAdapter: onBluetoothServiceUp: android.bluetooth.IBluetooth$Stub$Proxy@118d334
10-05 21:59:22.575   576   664 D BluetoothAdapter: onBluetoothServiceUp: android.bluetooth.IBluetooth$Stub$Proxy@f4509f5
10-05 21:59:22.576  1652  1665 D BluetoothAdapter: onBluetoothServiceUp: com.android.bluetooth.btservice.AdapterService$AdapterServiceBinder@283d3cd
10-05 21:59:22.577  1652  1665 D BluetoothAdapterService: enable() - Enable called with quiet mode status =  false
10-05 21:59:22.577  1652  1746 D BluetoothAdapterState: Current state: OFF, message: 0
10-05 21:59:22.577  1652  1746 D BluetoothAdapterProperties: Setting state to 14
10-05 21:59:22.577   576   664 D BluetoothManagerService: MESSAGE_GET_NAME_AND_ADDRESS
10-05 21:59:22.577  1652  1746 I BluetoothAdapterState: Bluetooth adapter state changed: 10-> 14
10-05 21:59:22.578  1652  1746 D BluetoothAdapterService: updateAdapterState() - Broadcasting state to 1 receivers.
10-05 21:59:22.578  1652  1746 D BluetoothAdapterService: BleOnProcessStart()
10-05 21:59:22.579   576   664 D BluetoothManagerService: Stored Bluetooth name: Nexus 4
10-05 21:59:22.580   576   664 D BluetoothManagerService: MESSAGE_BLUETOOTH_STATE_CHANGE: OFF > BLE_TURNING_ON
10-05 21:59:22.580   576   664 D BluetoothManagerService: Sending BLE State Change: OFF > BLE_TURNING_ON
10-05 21:59:22.580  1652  1746 D BluetoothAdapterService: BleOnProcessStart() - Make Bond State Machine
10-05 21:59:22.581  1652  1746 D BluetoothBondStateMachine: make
10-05 21:59:22.585  1672  1774 I BinaryDictionaryFileDumper: reinitializeClientRecordInDictionaryContentProvider() : Insert DictionaryInfo : Id = 'main:fr' : Locale=fr : Version=54
10-05 21:59:22.586  1652  1981 I BluetoothBondStateMachine: StableState(): Entering Off State
10-05 21:59:22.587  1652  1746 D BluetoothAdapterService: setProfileServiceState() - Starting service com.android.bluetooth.gatt.GattService
10-05 21:59:22.589  1652  1746 I BluetoothAdapterState: Entering PendingCommandState
10-05 21:59:22.591  1652  1652 I BtGatt.JNI: classInitNative(L893): classInitNative: Success!
10-05 21:59:22.593   576   576 W system_server: type=1400 audit(0.0:113): avc: granted { execute } for path="/data/dalvik-cache/arm/system@priv-app@FusedLocation@FusedLocation.apk@classes.dex" dev="mmcblk0p23" ino=456106 scontext=u:r:system_server:s0 tcontext=u:object_r:dalvikcache_data_file:s0 tclass=file
10-05 21:59:22.595  1652  1652 D BtGatt.DebugUtils: handleDebugAction() action=null
10-05 21:59:22.595  1652  1652 D BluetoothAdapterService: getAdapterService() - returning com.android.bluetooth.btservice.AdapterService@2b6a5b8
10-05 21:59:22.596  1652  1652 D BtGatt.GattService: Received start request. Starting profile...
10-05 21:59:22.596  1652  1652 I bt_btif : get_profile_interface: id = gatt
10-05 21:59:22.603  1652  1652 D BluetoothAdapterService: getAdapterService() - returning com.android.bluetooth.btservice.AdapterService@2b6a5b8
10-05 21:59:22.614  1672  1774 I BinaryDictionaryFileDumper: reinitializeClientRecordInDictionaryContentProvider() : Insert DictionaryInfo : Id = 'main:it' : Locale=it : Version=54
10-05 21:59:22.627   576   576 D GpsNetInitiatedHandler: location enabled :true
10-05 21:59:22.627   576   576 V WiredAccessoryManager: notifyWiredAccessoryChanged: when=0 bits= mask=54
10-05 21:59:22.627   576   576 V WiredAccessoryManager: newName=h2w newState=0 headsetState=0 prev headsetState=0
10-05 21:59:22.627   576   576 E WiredAccessoryManager: No state change.
10-05 21:59:22.627   576   576 V WiredAccessoryManager: init()
10-05 21:59:22.628  1672  1774 I BinaryDictionaryFileDumper: reinitializeClientRecordInDictionaryContentProvider() : Insert DictionaryInfo : Id = 'main:ru' : Locale=ru : Version=54
10-05 21:59:22.632  1652  1652 D BluetoothAdapterService: getAdapterService() - returning com.android.bluetooth.btservice.AdapterService@2b6a5b8
10-05 21:59:22.632  1652  1652 D BluetoothAdapterService: getAdapterService() - returning com.android.bluetooth.btservice.AdapterService@2b6a5b8
10-05 21:59:22.634  1652  1652 D BluetoothAdapterService: handleMessage() - Message: 1
10-05 21:59:22.634  1652  1652 D BluetoothAdapterService: handleMessage() - MESSAGE_PROFILE_SERVICE_STATE_CHANGED
10-05 21:59:22.635  1652  1652 D BluetoothAdapterService: processProfileServiceStateChanged() - serviceName=com.android.bluetooth.gatt.GattService isTurningOn=false isTurningOff=false isBleTurningOn=true isBleTurningOff=false
10-05 21:59:22.635  1652  1652 D BluetoothAdapterService: GattService is started
10-05 21:59:22.635  1652  1746 V BluetoothAdapterState: PendingCommand - transient state(s): isBleTurningOn
10-05 21:59:22.635  1652  1746 D BluetoothAdapterState: Current state: PENDING_COMMAND, message: 4
10-05 21:59:22.636  1652  1746 I bt_btif : enable: start restricted = 0
10-05 21:59:22.636  1652  1751 I bt_stack_manager: event_start_up_stack is bringing up the stack
10-05 21:59:22.636  1652  1751 I bt_core_module: module_start_up Starting module "btif_config_module"
10-05 21:59:22.636  1652  1751 I bt_core_module: module_start_up Started module "btif_config_module"
10-05 21:59:22.636  1652  1751 I bt_core_module: module_start_up Starting module "btsnoop_module"
10-05 21:59:22.637  1652  1751 I bt_core_module: module_start_up Started module "btsnoop_module"
10-05 21:59:22.637  1652  1751 I bt_core_module: module_start_up Starting module "hci_module"
10-05 21:59:22.637  1652  1751 I bt_hci  : hci_module_start_up
10-05 21:59:22.639  1652  1986 I bt_osi_thread: run_thread: thread id 1986, thread name hci_thread started
10-05 21:59:22.639  1652  1751 D bt_hci  : hci_module_start_up starting async portion
10-05 21:59:22.640  1652  1986 I bt_hci  : hci_initialize
10-05 21:59:22.642   163   163 W /system/bin/hwservicemanager: getTransportFromManifest: Cannot find entry android.hardware.bluetooth@1.0::IBluetoothHci in either framework or device manifest, using default transport.
10-05 21:59:22.646  1672  1774 I BinaryDictionaryFileDumper: reinitializeClientRecordInDictionaryContentProvider() : Insert DictionaryInfo : Id = 'main:en_us' : Locale=en_US : Version=-1
10-05 21:59:22.654  1652  1986 I bt_hci  : hci_initialize: IBluetoothHci::getService() returned 0xa1f2c780 (local)
10-05 21:59:22.655  1652  1986 I android.hardware.bluetooth@1.0-impl: BluetoothHci::initialize()
10-05 21:59:22.664  1652  1986 I bt_vendor: bt-vendor : init
10-05 21:59:22.664  1652  1986 D android.hardware.bluetooth@1.0-impl: Open vendor library loaded
10-05 21:59:22.664  1652  1986 I bt_hwcfg: Starting hciattach daemon
10-05 21:59:22.664  1652  1986 I bt_hwcfg: try to set true
10-05 21:59:22.665   224   224 I OMXMaster: makeComponentInstance(OMX.google.vorbis.decoder) in android.hardwar process
