10-05 21:59:29.658  1828  1828 E TelephonyProvider: dbh.selectConflictingRow: Expected 1 but found 0 matching rows found for cv mnc=60 sub_id=-1 name=Etisalat NG numeric=62160 mcc=621 type=default,supl bearer_bitmask=0 apn=etisalat
10-05 21:59:29.664  2314  2441 W ExifInterface: Skip the tag entry since tag number is not defined: 2
10-05 21:59:29.668  1828  1828 E TelephonyProvider: dbh.selectConflictingRow: Expected 1 but found 0 matching rows found for cv mnc=01 mmsc= sub_id=-1 numeric=63001 mcc=630 type=default,supl proxy= password= port= name=Vodacom CD bearer_bitmask=0 user=vodalive apn=vodanet
10-05 21:59:29.680  2314  2441 W ExifInterface: Skip the tag entry since tag number is not defined: 2
10-05 21:59:29.684   576  2195 I ActivityManager: Start proc 2647:com.android.onetimeinitializer/u0a17 for broadcast com.android.onetimeinitializer/.OneTimeInitializerReceiver
10-05 21:59:29.695  1828  1828 E TelephonyProvider: dbh.selectConflictingRow: Expected 1 but found 0 matching rows found for cv password=orange mnc=07 sub_id=-1 name=Orange KE numeric=63907 mcc=639 type=default,supl bearer_bitmask=0 user=orange apn=bew.orange.co.ke
10-05 21:59:29.698  2314  2441 W ExifInterface: Skip the tag entry since tag number is not defined: 2
10-05 21:59:29.714  2314  2441 W ExifInterface: Skip the tag entry since tag number is not defined: 2
10-05 21:59:29.721  1828  1828 E TelephonyProvider: dbh.selectConflictingRow: Expected 1 but found 0 matching rows found for cv mnc=14 mmsc= sub_id=-1 numeric=64114 mcc=641 type=default,supl proxy= password= port= name=Orange UG bearer_bitmask=0 user= apn=orange.ug
10-05 21:59:29.742  1828  1828 E TelephonyProvider: dbh.selectConflictingRow: Expected 1 but found 0 matching rows found for cv proxy=10.150.0.115 password=orange mnc=02 port=8080 sub_id=-1 name=Orange World MG numeric=64602 mcc=646 type=default,supl bearer_bitmask=0 user=world apn=orangeworld
10-05 21:59:29.745  1828  1828 E TelephonyProvider: dbh.selectConflictingRow: Expected 1 but found 0 matching rows found for cv mnc=02 sub_id=-1 name=Orange MG numeric=64602 mcc=646 type=default,supl bearer_bitmask=0 apn=orangenet
10-05 21:59:29.747  2314  2441 W ExifInterface: Skip the tag entry since tag number is not defined: 2
10-05 21:59:29.753  2624  2646 W MessagingApp: Rebuilt databases: reseting related state
10-05 21:59:29.761  1828  1828 E TelephonyProvider: dbh.selectConflictingRow: Expected 1 but found 0 matching rows found for cv mnc=00 mmsc=http://mms.orange.re/ mmsport=8080 sub_id=-1 numeric=64700 mcc=647 type=mms password=orange name=Orange RE MMS bearer_bitmask=0 user=orange apn=orangerun.acte mmsproxy=192.168.010.200
10-05 21:59:29.764  1828  1828 E TelephonyProvider: dbh.selectConflictingRow: Expected 1 but found 0 matching rows found for cv password=orange mnc=00 sub_id=-1 name=Orange RE numeric=64700 mcc=647 type=default,supl bearer_bitmask=0 user=orange apn=orangerun
10-05 21:59:29.768  1828  1828 E TelephonyProvider: dbh.selectConflictingRow: Expected 1 but found 0 matching rows found for cv mnc=00 mmsc=http://mms.orange.re mmsport=8080 sub_id=-1 numeric=64700 mcc=647 type=mms password=orange name=Orange MMS Runion bearer_bitmask=0 user=orange apn=orangerun.acte mmsproxy=192.168.10.200
10-05 21:59:29.775  1828  1828 E TelephonyProvider: dbh.selectConflictingRow: Expected 1 but found 0 matching rows found for cv mnc=10 mmsc=http://mms mmsport=8080 sub_id=-1 name=SFR MMS numeric=64710 mcc=647 type=mms bearer_bitmask=0 apn=mmssfr mmsproxy=10.0.224.145
10-05 21:59:29.787  2314  2441 W ExifInterface: Skip the tag entry since tag number is not defined: 2
10-05 21:59:29.788  2647  2647 V OneTimeInitializerReceiver: OneTimeInitializerReceiver.onReceive
10-05 21:59:29.798  2647  2664 I OneTimeInitializer: Updating to version 1.
10-05 21:59:29.799  2647  2664 E ActivityThread: Failed to find provider info for com.android.launcher2.settings
10-05 21:59:29.801  2624  2646 I MessagingAppDataModel: Fixup: Send failed - 0 Download failed - 0
10-05 21:59:29.806  2624  2646 W MessagingApp: PhoneUtils.getForLMR1(): invalid subId = -1
10-05 21:59:29.817  2314  2441 W ExifInterface: Skip the tag entry since tag number is not defined: 2
10-05 21:59:29.821   576   653 I ActivityManager: Start proc 2666:com.android.packageinstaller/u0a20 for broadcast com.android.packageinstaller/.TemporaryFileManager
10-05 21:59:29.825  2624  2646 I MessagingAppDataModel: ProcessPendingMessagesAction: Scheduling pending messages(message failed)
10-05 21:59:29.828  2624  2646 W MessagingApp: PhoneUtils.getForLMR1(): invalid subId = -1
10-05 21:59:29.829  1828  1828 E TelephonyProvider: dbh.selectConflictingRow: Expected 1 but found 0 matching rows found for cv mnc=04 mmsc=http://mms.movistar.sv mmsport=80 sub_id=-1 numeric=70604 mcc=706 type=mms proxy= password=movistarsv port= name=Movistar SV MMS bearer_bitmask=0 user=movistarsv apn=mms.movistar.sv mmsproxy=10.12.20.1
10-05 21:59:29.843  2314  2441 W ExifInterface: Skip the tag entry since tag number is not defined: 2
10-05 21:59:29.856  2624  2646 W MessagingApp: PhoneUtils.getForLMR1(): invalid subId = -1
10-05 21:59:29.859  2624  2680 I MessagingAppDataModel: SyncMessagesAction: Starting batch for messages from -1 to 1507220969619 (message update limit = 80, message scan limit = 4000)
10-05 21:59:29.864  2674  2674 E linker  : "/system/vendor/lib/libmmjpeg.so" has text relocations
10-05 21:59:29.866  2674  2674 F libc    : CANNOT LINK EXECUTABLE "/vendor/bin/mm-qcamera-daemon": "/system/vendor/lib/libmmjpeg.so" has text relocations
10-05 21:59:29.866  2674  2674 F libc    : Fatal signal 6 (SIGABRT), code -6 in tid 2674 (mm-qcamera-daem)
10-05 21:59:29.881  2314  2441 W ExifInterface: Skip the tag entry since tag number is not defined: 2
10-05 21:59:29.884  1828  1828 E TelephonyProvider: dbh.selectConflictingRow: Expected 1 but found 0 matching rows found for cv password=movistarpa mnc=02 sub_id=-1 name=Movistar PA numeric=71402 mcc=714 type=default,supl bearer_bitmask=0 user=movistarpa apn=internet.movistar.pa
10-05 21:59:29.897  2314  2441 W ExifInterface: Skip the tag entry since tag number is not defined: 2
10-05 21:59:29.906  2685  2685 I crash_dump32: obtaining output fd from tombstoned
10-05 21:59:29.907   281   281 I /system/bin/tombstoned: received crash request for pid 2674
10-05 21:59:29.909  2685  2685 I crash_dump32: performing dump of process 2674 (target tid = 2674)
10-05 21:59:29.909  2674  2674 F libc    : failed to resend signal during crash: Operation not permitted
10-05 21:59:29.912  2314  2441 W ExifInterface: Skip the tag entry since tag number is not defined: 2
10-05 21:59:29.913   281   281 W /system/bin/tombstoned: crash socket received short read of length 0 (expected 8)
10-05 21:59:29.915   576   662 I BootReceiver: Copying /data/tombstones/tombstone_01 to DropBox (SYSTEM_TOMBSTONE)
10-05 21:59:29.941  1828  1828 E TelephonyProvider: dbh.selectConflictingRow: Expected 1 but found 0 matching rows found for cv mnc=34 mmsc= sub_id=-1 numeric=72234 mcc=722 type=default,supl proxy= password= port= name=Personal bearer_bitmask=0 user=gprs apn=gprs.personal.com
10-05 21:59:29.948  2314  2441 W ExifInterface: Skip the tag entry since tag number is not defined: 2
10-05 21:59:29.950  1828  1828 E TelephonyProvider: dbh.selectConflictingRow: Expected 1 but found 0 matching rows found for cv mnc=310 mmsc= sub_id=-1 numeric=722310 mcc=722 type=default,supl proxy= password=guest port= name=CTI bearer_bitmask=0 user=guest apn=internet.ctimovil.com.ar
10-05 21:59:29.953  1828  1828 E TelephonyProvider: dbh.selectConflictingRow: Expected 1 but found 0 matching rows found for cv mnc=310 mmsc= sub_id=-1 numeric=722310 mcc=722 type=default,supl authtype=1 proxy= password=ctigpr999 port= name=Claro AR bearer_bitmask=0 user=ctigprs apn=igprs.claro.com.ar
10-05 21:59:29.962  2314  2441 W ExifInterface: Skip the tag entry since tag number is not defined: 2
10-05 21:59:29.975  2314  2441 W ExifInterface: Skip the tag entry since tag number is not defined: 2
10-05 21:59:29.996  1828  1828 E TelephonyProvider: dbh.selectConflictingRow: Expected 1 but found 0 matching rows found for cv mnc=23 mmsc=null sub_id=-1 numeric=72423 mcc=724 type=default,supl proxy= password=celular port= name=Telemig GPRS bearer_bitmask=0 user=celular apn=gprs.telemigcelular.com.br
10-05 21:59:29.998  1828  1828 E TelephonyProvider: dbh.selectConflictingRow: Expected 1 but found 0 matching rows found for cv mnc=23 mmsc=http://mms.telemigcelular.com.br mmsport=8080 sub_id=-1 numeric=72423 mcc=724 type=mms proxy= password=celular port= name=Telemig MMS bearer_bitmask=0 user=celular apn=mmsgprs.telemigcelular.com.br mmsproxy=200.192.230.142
10-05 21:59:30.023  1828  1828 E TelephonyProvider: dbh.selectConflictingRow: Expected 1 but found 0 matching rows found for cv mnc=03 mmsc=http://mms.clarochile.cl mmsport=8080 sub_id=-1 numeric=73003 mcc=730 type=mms password=clarochile name=MMS CLARO bearer_bitmask=0 user=clarochile apn=mms.clarochile.cl mmsproxy=172.23.200.200
10-05 21:59:30.031  1828  1828 E TelephonyProvider: dbh.selectConflictingRow: Expected 1 but found 0 matching rows found for cv password=entelpcs mnc=10 sub_id=-1 name=WEB EPCS numeric=73010 mcc=730 type=default,supl bearer_bitmask=0 user=entelpcs apn=imovil.entelpcs.cl
10-05 21:59:30.035  1828  1828 E TelephonyProvider: dbh.selectConflictingRow: Expected 1 but found 0 matching rows found for cv mnc=10 mmsc=http://mmsc.entelpcs.cl mmsport=8080 sub_id=-1 numeric=73010 mcc=730 type=mms password=entelpcs name=MMS EPCS bearer_bitmask=0 user=entelmms apn=mms.entelpcs.cl mmsproxy=10.99.0.10
10-05 21:59:30.041  1828  1828 E TelephonyProvider: dbh.selectConflictingRow: Expected 1 but found 0 matching rows found for cv mnc=102 mmsc= sub_id=-1 numeric=732102 mcc=732 type=default,supl proxy= password=movistar port= name=Movistar CO bearer_bitmask=0 user=movistar apn=internet.movistar.com.co
10-05 21:59:30.076  2314  2441 W ExifInterface: Skip the tag entry since tag number is not defined: 2
10-05 21:59:30.093  1828  1828 E TelephonyProvider: dbh.selectConflictingRow: Expected 1 but found 0 matching rows found for cv mnc=01 mmsc=http://mmsc.mms.ancelutil.com.uy mmsport=3128 sub_id=-1 name=Ancel MMS numeric=74801 mcc=748 type=mms bearer_bitmask=0 apn=mms mmsproxy=200.40.246.2
10-05 21:59:30.097  1828  1828 E TelephonyProvider: dbh.selectConflictingRow: Expected 1 but found 0 matching rows found for cv mnc=01 mmsc= sub_id=-1 numeric=74801 mcc=748 type=default,supl proxy= password= port= name=Ancel bearer_bitmask=0 user= apn=ancel
10-05 21:59:30.100  1828  1828 E TelephonyProvider: dbh.selectConflictingRow: Expected 1 but found 0 matching rows found for cv mnc=01 mmsc=http://mmsc.mms.ancelutil.com.uy mmsport=3128 sub_id=-1 numeric=74801 mcc=748 type=mms proxy= password= port= name=Ancel MMS bearer_bitmask=0 user= apn=mms mmsproxy=200.40.246.2
10-05 21:59:30.104  1828  1828 E TelephonyProvider: dbh.selectConflictingRow: Expected 1 but found 0 matching rows found for cv mnc=01 mmsc= sub_id=-1 numeric=74801 mcc=748 type=default,supl proxy= password=bam port= name=BAM Pepaga Antel bearer_bitmask=0 user=bam apn=prepago.ancel
10-05 21:59:30.112  2314  2441 W ExifInterface: Skip the tag entry since tag number is not defined: 2
10-05 21:59:30.305  2314  2441 I chatty  : uid=10008(u0_a8) MediaScannerSer identical 18 lines
10-05 21:59:30.317  2314  2441 W ExifInterface: Skip the tag entry since tag number is not defined: 2
10-05 21:59:30.341  1828  1828 D TelephonyProvider: Checksum for /system/etc/apns-conf.xml is 2615981963
10-05 21:59:30.349  1828  1828 D TelephonyProvider: dbh.onCreate:- db=SQLiteDatabase: /data/user_de/0/com.android.providers.telephony/databases/telephony.db
10-05 21:59:30.351  2314  2441 W ExifInterface: Skip the tag entry since tag number is not defined: 2
10-05 21:59:30.381  2314  2441 W ExifInterface: Skip the tag entry since tag number is not defined: 2
10-05 21:59:30.393   576  2135 I ActivityManager: Killing 1842:com.android.settings:CryptKeeper/1000 (adj 906): empty #17
10-05 21:59:30.427  1828  1828 D TelephonyProvider: dbh.onOpen: ok, queried table=siminfo
10-05 21:59:30.428  2314  2441 W ExifInterface: Skip the tag entry since tag number is not defined: 2
10-05 21:59:30.429  1828  1828 D TelephonyProvider: dbh.onOpen: ok, queried table=carriers
10-05 21:59:30.430  1828  1828 D TelephonyProvider: onCreate: build id changed from  to OPR1.170623.027
10-05 21:59:30.431  1828  1828 D TelephonyProvider: No APNs in OEM image = /oem/telephony/apns-conf.xml Load APNs from system image
10-05 21:59:30.431  1828  1828 D TelephonyProvider: No APNs in OEM image = /data/misc/apns-conf.xml Load APNs from system image
10-05 21:59:30.443  2314  2441 W ExifInterface: Skip the tag entry since tag number is not defined: 2
10-05 21:59:30.624  2314  2441 I chatty  : uid=10008(u0_a8) MediaScannerSer identical 11 lines
10-05 21:59:30.637  2314  2441 W ExifInterface: Skip the tag entry since tag number is not defined: 2
10-05 21:59:30.639  1828  1828 D TelephonyProvider: Checksum for /system/etc/apns-conf.xml is 2615981963
10-05 21:59:30.640  1828  1828 D TelephonyProvider: newChecksum: 2615981963
10-05 21:59:30.640  1828  1828 D TelephonyProvider: oldChecksum: 2615981963
10-05 21:59:30.640  1828  1828 D TelephonyProvider: Skipping apn db update since apn-conf has not changed.
10-05 21:59:30.653  2314  2441 W ExifInterface: Skip the tag entry since tag number is not defined: 2
10-05 21:59:30.678  1828  1828 I ImsResolver: Initializing cache and binding.
10-05 21:59:30.694  2314  2441 W ExifInterface: Skip the tag entry since tag number is not defined: 2
10-05 21:59:30.710  2314  2441 W ExifInterface: Skip the tag entry since tag number is not defined: 2
10-05 21:59:30.718  1828  1828 I zygote  : Looking for service android.hardware.radio@1.0::IRadio/slot1
10-05 21:59:30.719   163   163 W /system/bin/hwservicemanager: getTransportFromManifest: Cannot find entry android.hardware.radio@1.0::IRadio in either framework or device manifest, using default transport.
10-05 21:59:30.721  1828  1828 I zygote  : Starting thread pool.
10-05 21:59:30.739  1828  1828 I zygote  : Looking for service android.hardware.radio.deprecated@1.0::IOemHook/slot1
10-05 21:59:30.740   163   163 W /system/bin/hwservicemanager: getTransportFromManifest: Cannot find entry android.hardware.radio.deprecated@1.0::IOemHook in either framework or device manifest, using default transport.
10-05 21:59:30.743  1828  1828 I zygote  : Starting thread pool.
10-05 21:59:30.746  2314  2441 W ExifInterface: Skip the tag entry since tag number is not defined: 2
10-05 21:59:30.789  2314  2441 I chatty  : uid=10008(u0_a8) MediaScannerSer identical 3 lines
10-05 21:59:30.806  2314  2441 W ExifInterface: Skip the tag entry since tag number is not defined: 2
10-05 21:59:30.810   576  1745 I ActivityManager: Start proc 2712:com.android.smspush/u0a56 for service com.android.smspush/.WapPushManager
10-05 21:59:30.836  1691  1691 W KeyguardUpdateMonitor: invalid subId in handleSimStateChange()
10-05 21:59:30.839  2314  2441 W ExifInterface: Skip the tag entry since tag number is not defined: 2
10-05 21:59:30.905  2314  2441 I chatty  : uid=10008(u0_a8) MediaScannerSer identical 4 lines
10-05 21:59:30.933  2314  2441 W ExifInterface: Skip the tag entry since tag number is not defined: 2
10-05 21:59:30.941   576   576 I PackageManager: Replacing preferred activity com.android.messaging/.ui.conversation.LaunchConversationActivity for user 0:
10-05 21:59:30.941   576   576 I PackageManager:   Action: "android.intent.action.SENDTO"
10-05 21:59:30.941   576   576 I PackageManager:   Category: "android.intent.category.DEFAULT"
10-05 21:59:30.942   576   576 I PackageManager:   Scheme: "sms"
10-05 21:59:30.943   576   576 I PackageManager:   Action: "android.intent.action.SENDTO"
10-05 21:59:30.943   576   576 I PackageManager:   Category: "android.intent.category.DEFAULT"
10-05 21:59:30.943   576   576 I PackageManager:   Scheme: "smsto"
10-05 21:59:30.944  2314  2441 W ExifInterface: Skip the tag entry since tag number is not defined: 2
10-05 21:59:30.944   576   576 I chatty  : uid=1000 system_server identical 2 lines
10-05 21:59:30.944   576   576 I PackageManager:   Action: "android.intent.action.SENDTO"
10-05 21:59:30.944   576   576 I PackageManager:   Category: "android.intent.category.DEFAULT"
10-05 21:59:30.944   576   576 I PackageManager:   Scheme: "mms"
10-05 21:59:30.945   576   576 I PackageManager: Replacing preferred activity com.android.messaging/.ui.conversation.LaunchConversationActivity for user 0:
10-05 21:59:30.945   576   576 I PackageManager:   Action: "android.intent.action.SENDTO"
10-05 21:59:30.945   576   576 I PackageManager:   Category: "android.intent.category.DEFAULT"
10-05 21:59:30.945   576   576 I PackageManager:   Scheme: "mmsto"
10-05 21:59:30.949   576   576 I DefaultPermGrantPolicy: Granting permissions to default sms app for user:0
10-05 21:59:30.956  2314  2441 W ExifInterface: Skip the tag entry since tag number is not defined: 2
10-05 21:59:30.957  2624  2736 I MessagingAppDataModel: SyncMessagesAction: All messages now in sync
10-05 21:59:30.969  2314  2441 W ExifInterface: Skip the tag entry since tag number is not defined: 2
10-05 21:59:30.985   576  1765 I ActivityManager: Killing 2069:android.ext.services/u0a10 (adj 906): empty #17
10-05 21:59:31.014  2314  2441 I chatty  : uid=10008(u0_a8) MediaScannerSer identical 3 lines
10-05 21:59:31.036  2314  2441 W ExifInterface: Skip the tag entry since tag number is not defined: 2
10-05 21:59:31.039  1828  1828 D PhoneSwitcherNetworkRequstListener: Registering NetworkFactory
10-05 21:59:31.039   576  1630 D ConnectivityService: Got NetworkFactory Messenger for PhoneSwitcherNetworkRequstListener
10-05 21:59:31.045  2314  2441 W ExifInterface: Skip the tag entry since tag number is not defined: 2
10-05 21:59:31.051   576  1630 D ConnectivityService: Got NetworkFactory Messenger for TelephonyNetworkFactory[0]
10-05 21:59:31.056  2314  2441 I chatty  : uid=10008(u0_a8) MediaScannerSer identical 1 line
10-05 21:59:31.074  2314  2441 W ExifInterface: Skip the tag entry since tag number is not defined: 2
10-05 21:59:31.075  1828  1828 D CarrierConfigLoader: CarrierConfigLoader has started
10-05 21:59:31.087  2314  2441 W ExifInterface: Skip the tag entry since tag number is not defined: 2
10-05 21:59:31.098  2314  2441 W ExifInterface: Skip the tag entry since tag number is not defined: 2
10-05 21:59:31.117  1652  1652 D Avrcp   : AvrcpServiceBroadcastReceiver-> Action: android.intent.action.PACKAGE_CHANGED
10-05 21:59:31.117  1652  1652 D Avrcp   : AvrcpServiceBroadcastReceiver-> packageName: com.android.messaging
10-05 21:59:31.117  1652  1652 D Avrcp   : packageName: com.android.messaging removed: false
10-05 21:59:31.117  1828  1828 I TelecomFramework: TtyManager: updateUiTtyMode -1 -> 0
10-05 21:59:31.118  1652  1652 D Avrcp   : isBrowsableListUpdated: false
10-05 21:59:31.126   576   753 I InputReader: Reconfiguring input devices.  changes=0x00000010
10-05 21:59:31.126  2314  2441 W ExifInterface: Skip the tag entry since tag number is not defined: 2
10-05 21:59:31.132  1652  1652 D Avrcp   : AvrcpServiceBroadcastReceiver-> Action: android.intent.action.PACKAGE_CHANGED
10-05 21:59:31.132  1652  1652 D Avrcp   : AvrcpServiceBroadcastReceiver-> packageName: com.android.camera2
10-05 21:59:31.132  1652  1652 D Avrcp   : packageName: com.android.camera2 removed: false
10-05 21:59:31.132  1652  1652 D Avrcp   : isBrowsableListUpdated: false
10-05 21:59:31.134   576   753 I InputReader: Reconfiguring input devices.  changes=0x00000010
10-05 21:59:31.139  1652  1652 D Avrcp   : AvrcpServiceBroadcastReceiver-> Action: android.intent.action.PACKAGE_CHANGED
10-05 21:59:31.139  1652  1652 D Avrcp   : AvrcpServiceBroadcastReceiver-> packageName: com.android.nfc
10-05 21:59:31.139  1652  1652 D Avrcp   : packageName: com.android.nfc removed: false
10-05 21:59:31.140  1652  1652 D Avrcp   : isBrowsableListUpdated: false
10-05 21:59:31.143   576   753 I InputReader: Reconfiguring input devices.  changes=0x00000010
10-05 21:59:31.147   576   753 I InputReader: Reconfiguring input devices.  changes=0x00000010
10-05 21:59:31.148  1652  1652 D Avrcp   : AvrcpServiceBroadcastReceiver-> Action: android.intent.action.PACKAGE_CHANGED
10-05 21:59:31.148  1652  1652 D Avrcp   : AvrcpServiceBroadcastReceiver-> packageName: com.android.provision
10-05 21:59:31.148  1652  1652 D Avrcp   : packageName: com.android.provision removed: false
10-05 21:59:31.149  1652  1652 D Avrcp   : isBrowsableListUpdated: false
10-05 21:59:31.157   576   753 I InputReader: Reconfiguring input devices.  changes=0x00000010
10-05 21:59:31.158  1652  1652 D Avrcp   : AvrcpServiceBroadcastReceiver-> Action: android.intent.action.PACKAGE_CHANGED
10-05 21:59:31.158  1652  1652 D Avrcp   : AvrcpServiceBroadcastReceiver-> packageName: com.android.calendar
10-05 21:59:31.158  1652  1652 D Avrcp   : packageName: com.android.calendar removed: false
10-05 21:59:31.158  2166  2166 D RegisteredNfcFServicesCache: Service unchanged, not updating
10-05 21:59:31.158  1652  1652 D Avrcp   : isBrowsableListUpdated: false
10-05 21:59:31.164  1652  1652 D Avrcp   : AvrcpServiceBroadcastReceiver-> Action: android.intent.action.PACKAGE_CHANGED
10-05 21:59:31.164  1652  1652 D Avrcp   : AvrcpServiceBroadcastReceiver-> packageName: com.android.gallery3d
10-05 21:59:31.164  1652  1652 D Avrcp   : packageName: com.android.gallery3d removed: false
10-05 21:59:31.166   576   753 I InputReader: Reconfiguring input devices.  changes=0x00000010
10-05 21:59:31.168  1652  1652 D Avrcp   : isBrowsableListUpdated: false
10-05 21:59:31.168   576   576 I Telecom : DefaultDialerCache: Refreshing default dialer for user 0: now com.android.dialer: DDC.oR@ABM
10-05 21:59:31.171  1652  1652 D Avrcp   : AvrcpServiceBroadcastReceiver-> Action: android.intent.action.PACKAGE_CHANGED
10-05 21:59:31.171  1652  1652 D Avrcp   : AvrcpServiceBroadcastReceiver-> packageName: com.android.inputmethod.latin
10-05 21:59:31.171  1652  1652 D Avrcp   : packageName: com.android.inputmethod.latin removed: false
10-05 21:59:31.171  1652  1652 D Avrcp   : isBrowsableListUpdated: false
10-05 21:59:31.172  2314  2441 W ExifInterface: Skip the tag entry since tag number is not defined: 2
10-05 21:59:31.175   576   753 I InputReader: Reconfiguring input devices.  changes=0x00000010
10-05 21:59:31.177  1652  1652 D Avrcp   : AvrcpServiceBroadcastReceiver-> Action: android.intent.action.PACKAGE_CHANGED
10-05 21:59:31.177  1652  1652 D Avrcp   : AvrcpServiceBroadcastReceiver-> packageName: com.android.settings
10-05 21:59:31.177  1652  1652 D Avrcp   : packageName: com.android.settings removed: false
10-05 21:59:31.179   576   753 I InputReader: Reconfiguring input devices.  changes=0x00000010
10-05 21:59:31.179  1828  1840 D BluetoothHeadset: Proxy object connected
10-05 21:59:31.179  1652  1652 D Avrcp   : isBrowsableListUpdated: false
10-05 21:59:31.180  2166  2166 D RegisteredNfcFServicesCache: Service unchanged, not updating
10-05 21:59:31.184  1652  1652 D Avrcp   : AvrcpServiceBroadcastReceiver-> Action: android.intent.action.PACKAGE_CHANGED
10-05 21:59:31.184  1652  1652 D Avrcp   : AvrcpServiceBroadcastReceiver-> packageName: com.android.email
10-05 21:59:31.184  1652  1652 D Avrcp   : packageName: com.android.email removed: false
10-05 21:59:31.184  1652  1652 D Avrcp   : isBrowsableListUpdated: false
10-05 21:59:31.185   576   753 I InputReader: Reconfiguring input devices.  changes=0x00000010
10-05 21:59:31.197  2166  2166 D RegisteredNfcFServicesCache: Service unchanged, not updating
10-05 21:59:31.205  2166  2166 I chatty  : uid=1027(nfc) com.android.nfc identical 1 line
10-05 21:59:31.212  2166  2166 D RegisteredNfcFServicesCache: Service unchanged, not updating
10-05 21:59:31.217  2314  2441 W ExifInterface: Skip the tag entry since tag number is not defined: 2
10-05 21:59:31.220  2166  2166 D RegisteredNfcFServicesCache: Service unchanged, not updating
10-05 21:59:31.226  1691  1700 I zygote  : Do partial code cache collection, code=116KB, data=90KB
10-05 21:59:31.227  2166  2166 D RegisteredNfcFServicesCache: Service unchanged, not updating
10-05 21:59:31.227  1691  1700 I zygote  : After code cache collection, code=116KB, data=90KB
10-05 21:59:31.228  1691  1700 I zygote  : Increasing code cache capacity to 512KB
10-05 21:59:31.236   576   576 I Telecom : DefaultDialerCache: Refreshing default dialer for user 0: now com.android.dialer: DDC.oR@ABQ
10-05 21:59:31.238  2166  2166 D RegisteredNfcFServicesCache: Service unchanged, not updating
10-05 21:59:31.244   576   576 I Telecom : DefaultDialerCache: Refreshing default dialer for user 0: now com.android.dialer: DDC.oR@ABU
10-05 21:59:31.247  2166  2166 D RegisteredNfcFServicesCache: Service unchanged, not updating
10-05 21:59:31.250   576   576 I Telecom : DefaultDialerCache: Refreshing default dialer for user 0: now com.android.dialer: DDC.oR@ABY
10-05 21:59:31.251  2314  2441 W ExifInterface: Skip the tag entry since tag number is not defined: 2
10-05 21:59:31.258   576   576 I Telecom : DefaultDialerCache: Refreshing default dialer for user 0: now com.android.dialer: DDC.oR@ABc
10-05 21:59:31.268  1828  1828 D ImsResolver: maybeAddedImsService, packageName: null
10-05 21:59:31.269  2314  2441 W ExifInterface: Skip the tag entry since tag number is not defined: 2
10-05 21:59:31.272   576   576 I Telecom : DefaultDialerCache: Refreshing default dialer for user 0: now com.android.dialer: DDC.oR@ABg
10-05 21:59:31.281   576   576 I Telecom : DefaultDialerCache: Refreshing default dialer for user 0: now com.android.dialer: DDC.oR@ABk
10-05 21:59:31.293   576   576 I Telecom : DefaultDialerCache: Refreshing default dialer for user 0: now com.android.dialer: DDC.oR@ABo
10-05 21:59:31.337   576   576 I Telecom : DefaultDialerCache: Refreshing default dialer for user 0: now com.android.dialer: DDC.oR@ABs
10-05 21:59:31.341   576   656 W VoiceInteractionManagerService: no available voice interaction services found for user 0
10-05 21:59:31.380  2314  2441 I chatty  : uid=10008(u0_a8) MediaScannerSer identical 7 lines
10-05 21:59:31.408  2314  2441 W ExifInterface: Skip the tag entry since tag number is not defined: 2
10-05 21:59:31.415  1828  1828 D PhoneSwitcherNetworkRequstListener: got request NetworkRequest [ TRACK_DEFAULT id=3, [ Capabilities: INTERNET&NOT_RESTRICTED&TRUSTED&NOT_VPN] ] with score 0
10-05 21:59:31.416  1828  1828 D PhoneSwitcherNetworkRequstListener: got request NetworkRequest [ REQUEST id=1, [ Capabilities: INTERNET&NOT_RESTRICTED&TRUSTED&NOT_VPN] ] with score 0
10-05 21:59:31.416  1828  1828 D PhoneSwitcherNetworkRequstListener: got request NetworkRequest [ BACKGROUND_REQUEST id=2, [ Transports: CELLULAR Capabilities: INTERNET&NOT_RESTRICTED&TRUSTED&NOT_VPN] ] with score 0
10-05 21:59:31.420  1828  1828 D TelephonyDebugService: TelephonyDebugService()
10-05 21:59:31.433  2314  2441 W ExifInterface: Skip the tag entry since tag number is not defined: 2
10-05 21:59:31.443  1828  1828 D CarrierConfigLoader: mHandler: 12 phoneId: 0
10-05 21:59:31.444  1828  1828 D CarrierConfigLoader: Build fingerprint changed. old: null new: google/occam/mako:5.1.1/LMY48T/2237560:user/release-keys
10-05 21:59:31.446  2314  2441 W ExifInterface: Skip the tag entry since tag number is not defined: 2
10-05 21:59:31.466   576   656 W ResourceType: No known package when getting value for resource number 0x7f080128
10-05 21:59:31.466   576   656 W ResourceType: No known package when getting value for resource number 0x7f120d8d
10-05 21:59:31.466   576   656 W ResourceType: No known package when getting value for resource number 0x7f080127
10-05 21:59:31.466   576   656 W ResourceType: No known package when getting value for resource number 0x7f1203bb
10-05 21:59:31.466   576   656 W ResourceType: No known package when getting value for resource number 0x7f080126
10-05 21:59:31.466   576   656 W ResourceType: No known package when getting value for resource number 0x7f120822
10-05 21:59:31.471  2314  2441 W ExifInterface: Skip the tag entry since tag number is not defined: 2
10-05 21:59:31.473   576   656 I chatty  : uid=1000(system) android.bg identical 7 lines
10-05 21:59:31.473  1672  1672 I InputAttributes: InputType.TYPE_NULL is specified
10-05 21:59:31.482  1828  1828 E PhoneInterfaceManager: [PhoneIntfMgr] getCarrierPackageNamesForIntent: No UICC
10-05 21:59:31.482  1828  1828 D CarrierSvcBindHelper: No carrier app for: 0
10-05 21:59:31.501   576   656 W VoiceInteractionManagerService: no available voice interaction services found for user 0
10-05 21:59:31.505  1828  1828 E PhoneInterfaceManager: [PhoneIntfMgr] getCarrierPackageNamesForIntent: No UICC
10-05 21:59:31.505  1828  1828 D CarrierSvcBindHelper: No carrier app for: 0
10-05 21:59:31.506  2314  2441 W ExifInterface: Skip the tag entry since tag number is not defined: 2
10-05 21:59:31.537  1828  1828 E PhoneInterfaceManager: [PhoneIntfMgr] getCarrierPackageNamesForIntent: No UICC
10-05 21:59:31.537  1828  1828 D CarrierSvcBindHelper: No carrier app for: 0
10-05 21:59:31.547  2314  2441 W ExifInterface: Skip the tag entry since tag number is not defined: 2
10-05 21:59:31.569  1828  1828 E PhoneInterfaceManager: [PhoneIntfMgr] getCarrierPackageNamesForIntent: No UICC
10-05 21:59:31.569  1828  1828 D CarrierSvcBindHelper: No carrier app for: 0
10-05 21:59:31.597  2314  2441 W ExifInterface: Skip the tag entry since tag number is not defined: 2
10-05 21:59:31.610  1828  1828 E PhoneInterfaceManager: [PhoneIntfMgr] getCarrierPackageNamesForIntent: No UICC
10-05 21:59:31.610  1828  1828 D CarrierSvcBindHelper: No carrier app for: 0
10-05 21:59:31.625  2314  2441 W ExifInterface: Skip the tag entry since tag number is not defined: 2
10-05 21:59:31.632  1828  1828 E PhoneInterfaceManager: [PhoneIntfMgr] getCarrierPackageNamesForIntent: No UICC
10-05 21:59:31.632  1828  1828 D CarrierSvcBindHelper: No carrier app for: 0
10-05 21:59:31.647  2314  2441 W ExifInterface: Skip the tag entry since tag number is not defined: 2
10-05 21:59:31.653  1828  1828 E PhoneInterfaceManager: [PhoneIntfMgr] getCarrierPackageNamesForIntent: No UICC
10-05 21:59:31.653  1828  1828 D CarrierSvcBindHelper: No carrier app for: 0
10-05 21:59:31.661  2314  2441 W ExifInterface: Skip the tag entry since tag number is not defined: 2
10-05 21:59:31.677  2314  2441 W ExifInterface: Skip the tag entry since tag number is not defined: 2
10-05 21:59:31.686  1828  1828 E PhoneInterfaceManager: [PhoneIntfMgr] getCarrierPackageNamesForIntent: No UICC
10-05 21:59:31.686  1828  1828 D CarrierSvcBindHelper: No carrier app for: 0
10-05 21:59:31.702  2314  2441 W ExifInterface: Skip the tag entry since tag number is not defined: 2
10-05 21:59:31.708  1828  1828 E PhoneInterfaceManager: [PhoneIntfMgr] getCarrierPackageNamesForIntent: No UICC
10-05 21:59:31.708  1828  1828 D CarrierSvcBindHelper: No carrier app for: 0
10-05 21:59:31.709  1828  1828 I VvmSimStateTracker: android.intent.action.BOOT_COMPLETED
10-05 21:59:31.722   576   576 I GnssLocationProvider: WakeLock acquired by sendMessage(SUBSCRIPTION_OR_SIM_CHANGED, 0, null)
10-05 21:59:31.733   576   656 I GnssLocationProvider: WakeLock released by handleMessage(SUBSCRIPTION_OR_SIM_CHANGED, 0, null)
10-05 21:59:31.737  2624  2768 W MessagingApp: PhoneUtils.getForLMR1(): invalid subId = -1
10-05 21:59:31.737  2624  2767 W MessagingApp: PhoneUtils.getForLMR1(): invalid subId = -1
10-05 21:59:31.738  2314  2441 W ExifInterface: Skip the tag entry since tag number is not defined: 2
10-05 21:59:31.748  1828  1828 D ServiceStateProvider: subId=-2
10-05 21:59:31.762  1691  1691 W KeyguardUpdateMonitor: invalid subId in handleServiceStateChange()
10-05 21:59:31.778  2314  2441 W ExifInterface: Skip the tag entry since tag number is not defined: 2
10-05 21:59:31.782  1828  1828 D ImsResolver: maybeAddedImsService, packageName: com.android.messaging
10-05 21:59:31.782  1828  1828 D ImsResolver: maybeAddedImsService, packageName: com.android.camera2
10-05 21:59:31.783  1828  1828 D ImsResolver: maybeAddedImsService, packageName: com.android.nfc
10-05 21:59:31.784  1828  1828 D ImsResolver: maybeAddedImsService, packageName: com.android.provision
10-05 21:59:31.784   576  2227 I ActivityManager: Finished processing BOOT_COMPLETED for u0
10-05 21:59:31.784  1828  1828 D ImsResolver: maybeAddedImsService, packageName: com.android.calendar
10-05 21:59:31.785  2228  2244 I zygote  : Do partial code cache collection, code=29KB, data=30KB
10-05 21:59:31.786  2228  2244 I zygote  : After code cache collection, code=26KB, data=29KB
10-05 21:59:31.786  2228  2244 I zygote  : Increasing code cache capacity to 128KB
10-05 21:59:31.786  1828  1828 D ImsResolver: maybeAddedImsService, packageName: com.android.gallery3d
10-05 21:59:31.787  1828  1828 D ImsResolver: maybeAddedImsService, packageName: com.android.inputmethod.latin
10-05 21:59:31.788  1828  1828 D ImsResolver: maybeAddedImsService, packageName: com.android.settings
10-05 21:59:31.788  1828  1828 D ImsResolver: maybeAddedImsService, packageName: com.android.email
10-05 21:59:31.795  1828  1828 E PhoneInterfaceManager: [PhoneIntfMgr] getIccId: No UICC
10-05 21:59:31.803  2624  2768 W MessagingApp: PhoneUtils.getForLMR1(): invalid subId = -1
10-05 21:59:31.804  2624  2768 W MessagingApp: PhoneUtils.getForLMR1(): invalid subId = -1
10-05 21:59:31.807   576  1295 I Telecom : PhoneAccountRegistrar: New phone account registered: [[ ] PhoneAccount: ComponentInfo{com.android.phone/com.android.services.telephony.TelephonyConnectionService}, [e0184adedf913b076626646d3f52c3b49c39ad6d], UserHandle{0} Capabilities: CallProvider MultiUser PlaceEmerg SimSub  Audio Routes: BESW Schemes: tel voicemail  Extras: null GroupId: [da39a3ee5e6b4b0d3255bfef95601890afd80709]]: TSI.rPA@ABw
10-05 21:59:31.809  2314  2441 W ExifInterface: Skip the tag entry since tag number is not defined: 2
10-05 21:59:31.812   576  1295 I Telecom : CallsManager: Sending phone-account ComponentInfo{com.android.phone/com.android.services.telephony.TelephonyConnectionService}, [e0184adedf913b076626646d3f52c3b49c39ad6d], UserHandle{0} registered intent as user: TSI.rPA@ABw
10-05 21:59:31.813   576  1295 I Telecom : CallsManager: Sending phone-account registered intent to default dialer: TSI.rPA@ABw
10-05 21:59:31.814  1828  1828 I TelecomFramework: AccountEntry: Registered phoneAccount: [[ ] PhoneAccount: ComponentInfo{com.android.phone/com.android.services.telephony.TelephonyConnectionService}, [e0184adedf913b076626646d3f52c3b49c39ad6d], UserHandle{0} Capabilities: CallProvider MultiUser PlaceEmerg SimSub  Audio Routes: BESW Schemes: tel voicemail  Extras: null GroupId: [da39a3ee5e6b4b0d3255bfef95601890afd80709]] with handle: ComponentInfo{com.android.phone/com.android.services.telephony.TelephonyConnectionService}, [e0184adedf913b076626646d3f52c3b49c39ad6d], UserHandle{0}
10-05 21:59:31.815  2624  2768 W MessagingApp: PhoneUtils.getSelfRawNumber: subInfo is null for -1
10-05 21:59:31.815  1828  1828 I TelecomFramework: PstnIncomingCallNotifier: Registering: Handler (com.android.internal.telephony.GsmCdmaPhone) {ca23f53}
10-05 21:59:31.817  2624  2768 W MessagingApp: PhoneUtils.getForLMR1(): invalid subId = -1
10-05 21:59:31.818  2624  2768 W MessagingApp: PhoneUtils.getForLMR1(): invalid subId = -1
10-05 21:59:31.823  1828  1828 I VvmSimStateTracker: android.intent.action.SIM_STATE_CHANGED
10-05 21:59:31.824  1828  1828 I TelecomFramework: PstnPhoneCapabilitiesNotifier: handleVideoCapabilitesChanged. Video capability - false
10-05 21:59:31.827  1828  1828 E PhoneInterfaceManager: [PhoneIntfMgr] getIccId: No UICC
10-05 21:59:31.828  2314  2441 W ExifInterface: Skip the tag entry since tag number is not defined: 2
10-05 21:59:31.839   576  2275 I Telecom : PhoneAccountRegistrar: Modify account: [ComponentInfo{com.android.phone/com.android.services.telephony.TelephonyConnectionService}, [e0184adedf913b076626646d3f52c3b49c39ad6d], UserHandle{0}]: TSI.rPA@AB8
10-05 21:59:31.843  2314  2441 W ExifInterface: Skip the tag entry since tag number is not defined: 2
10-05 21:59:31.851  1828  2774 D SIP     : [SipPreferences] isReceivingCallsEnabled, option not set; use default value, exception: android.provider.Settings$SettingNotFoundException: sip_receive_calls
10-05 21:59:31.861  2314  2441 W ExifInterface: Skip the tag entry since tag number is not defined: 2
10-05 21:59:31.965  2314  2441 I chatty  : uid=10008(u0_a8) MediaScannerSer identical 7 lines
10-05 21:59:31.978  2314  2441 W ExifInterface: Skip the tag entry since tag number is not defined: 2
10-05 21:59:31.980   226   226 E hw-IPCThreadState: binder thread pool (1 threads) starved for 211 ms
10-05 21:59:31.997  2314  2441 W ExifInterface: Skip the tag entry since tag number is not defined: 2
10-05 21:59:32.013  2314  2441 I chatty  : uid=10008(u0_a8) MediaScannerSer identical 1 line
10-05 21:59:32.055  2314  2441 W ExifInterface: Skip the tag entry since tag number is not defined: 2
10-05 21:59:32.087  1691  1691 W KeyguardUpdateMonitor: invalid subId in handleSimStateChange()
10-05 21:59:32.100  1828  1828 I VvmSimStateTracker: android.intent.action.SIM_STATE_CHANGED
10-05 21:59:32.105  2314  2441 W ExifInterface: Skip the tag entry since tag number is not defined: 2
10-05 21:59:32.121  2314  2441 W ExifInterface: Skip the tag entry since tag number is not defined: 2
10-05 21:59:32.149  1691  1691 W KeyguardUpdateMonitor: invalid subId in handleSimStateChange()
10-05 21:59:32.152  1828  1828 I VvmSimStateTracker: android.intent.action.SIM_STATE_CHANGED
10-05 21:59:32.176  2314  2441 W ExifInterface: Skip the tag entry since tag number is not defined: 2
10-05 21:59:32.193  2314  2441 W ExifInterface: Skip the tag entry since tag number is not defined: 2
10-05 21:59:32.201  2228  2244 I zygote  : Do partial code cache collection, code=60KB, data=52KB
10-05 21:59:32.202  2228  2244 I zygote  : After code cache collection, code=60KB, data=52KB
10-05 21:59:32.202  2228  2244 I zygote  : Increasing code cache capacity to 256KB
10-05 21:59:32.204  2314  2441 W ExifInterface: Skip the tag entry since tag number is not defined: 2
10-05 21:59:32.264  2314  2441 I chatty  : uid=10008(u0_a8) MediaScannerSer identical 4 lines
10-05 21:59:32.273  2314  2441 W ExifInterface: Skip the tag entry since tag number is not defined: 2
10-05 21:59:32.282   209   260 D ThermalDaemon: Sensor 'tsens_tz_sensor6' - alarm raised 1 at 61.0 degC
10-05 21:59:32.284  2314  2441 W ExifInterface: Skip the tag entry since tag number is not defined: 2
10-05 21:59:32.457  2314  2441 I chatty  : uid=10008(u0_a8) MediaScannerSer identical 13 lines
10-05 21:59:32.468  2314  2441 W ExifInterface: Skip the tag entry since tag number is not defined: 2
10-05 21:59:32.470  1828  1833 I zygote  : Do partial code cache collection, code=29KB, data=23KB
10-05 21:59:32.471  1828  1833 I zygote  : After code cache collection, code=28KB, data=23KB
10-05 21:59:32.471  1828  1833 I zygote  : Increasing code cache capacity to 128KB
10-05 21:59:32.476  2314  2441 W ExifInterface: Skip the tag entry since tag number is not defined: 2
10-05 21:59:32.478  1828  1828 D MccTable: updateMccMncConfiguration mccmnc='40422' fromServiceState=false
10-05 21:59:32.479  1828  1828 D MccTable: updateMccMncConfiguration defaultMccMnc=
10-05 21:59:32.480  1828  1828 D MccTable: updateMccMncConfiguration: mcc=404, mnc=22
10-05 21:59:32.480  1828  1828 D MccTable: updateMccMncConfiguration updateConfig config={0.0 404mcc22mnc ?localeList ?layoutDir ?swdp ?wdp ?hdp ?density ?lsize ?long ?ldr ?wideColorGamut ?orien ?uimode ?night ?touch ?keyb/?/? ?nav/?}
10-05 21:59:32.481   576  1765 I ActivityManager: Config changes=3 {1.0 404mcc22mnc [en_US] ldltr sw384dp w384dp h568dp 320dpi nrml port finger -keyb/v/h -nav/h appBounds=Rect(0, 0 - 768, 1184) s.7}
10-05 21:59:32.519  2314  2441 I chatty  : uid=10008(u0_a8) MediaScannerSer identical 2 lines
10-05 21:59:32.546   576  1765 I ActivityManager: Override config changes=3 {1.0 404mcc22mnc [en_US] ldltr sw384dp w384dp h568dp 320dpi nrml port finger -keyb/v/h -nav/h appBounds=Rect(0, 0 - 768, 1184) s.7} for displayId=0
10-05 21:59:32.556  2314  2441 W ExifInterface: Skip the tag entry since tag number is not defined: 2
10-05 21:59:32.577  1691  1759 I vol.Events: writeEvent level_changed STREAM_MUSIC 7
10-05 21:59:32.589  2314  2441 W ExifInterface: Skip the tag entry since tag number is not defined: 2
10-05 21:59:32.629  2314  2441 I chatty  : uid=10008(u0_a8) MediaScannerSer identical 1 line
10-05 21:59:32.650  2314  2441 W ExifInterface: Skip the tag entry since tag number is not defined: 2
10-05 21:59:32.662   576   576 I GnssLocationProvider: WakeLock acquired by sendMessage(SUBSCRIPTION_OR_SIM_CHANGED, 0, null)
10-05 21:59:32.665  2624  2791 W MessagingApp: PhoneUtils.getForLMR1(): invalid subId = -1
10-05 21:59:32.665  2624  2767 W MessagingApp: PhoneUtils.getForLMR1(): invalid subId = -1
10-05 21:59:32.670   576   656 I GnssLocationProvider: WakeLock released by handleMessage(SUBSCRIPTION_OR_SIM_CHANGED, 0, null)
10-05 21:59:32.670  1828  1828 I TelecomFramework: PstnIncomingCallNotifier: Unregistering: Handler (com.android.internal.telephony.GsmCdmaPhone) {ca23f53}
10-05 21:59:32.673  1828  1828 E PhoneInterfaceManager: [PhoneIntfMgr] getIccId: No UICC
10-05 21:59:32.673  2314  2441 W ExifInterface: Skip the tag entry since tag number is not defined: 2
10-05 21:59:32.681   576  2236 I Telecom : PhoneAccountRegistrar: Modify account: [ComponentInfo{com.android.phone/com.android.services.telephony.TelephonyConnectionService}, [e0184adedf913b076626646d3f52c3b49c39ad6d], UserHandle{0}]: TSI.rPA@ACI
10-05 21:59:32.685  1828  1828 I TelecomFramework: AccountEntry: Registered phoneAccount: [[ ] PhoneAccount: ComponentInfo{com.android.phone/com.android.services.telephony.TelephonyConnectionService}, [e0184adedf913b076626646d3f52c3b49c39ad6d], UserHandle{0} Capabilities: CallProvider MultiUser PlaceEmerg SimSub  Audio Routes: BESW Schemes: tel voicemail  Extras: null GroupId: [da39a3ee5e6b4b0d3255bfef95601890afd80709]] with handle: ComponentInfo{com.android.phone/com.android.services.telephony.TelephonyConnectionService}, [e0184adedf913b076626646d3f52c3b49c39ad6d], UserHandle{0}
10-05 21:59:32.685  1828  1828 I TelecomFramework: PstnIncomingCallNotifier: Registering: Handler (com.android.internal.telephony.GsmCdmaPhone) {ca23f53}
10-05 21:59:32.694  2314  2441 W ExifInterface: Skip the tag entry since tag number is not defined: 2
10-05 21:59:32.717  2624  2767 W MessagingApp: PhoneUtils.getForLMR1(): invalid subId = -1
10-05 21:59:32.718  2624  2767 W MessagingApp: PhoneUtils.getForLMR1(): invalid subId = -1
10-05 21:59:32.718  2314  2441 W ExifInterface: Skip the tag entry since tag number is not defined: 2
10-05 21:59:32.719  2624  2767 W MessagingApp: PhoneUtils.getSelfRawNumber: subInfo is null for -1
10-05 21:59:32.720  2624  2767 W MessagingApp: PhoneUtils.getForLMR1(): invalid subId = -1
10-05 21:59:32.740  2314  2441 W ExifInterface: Skip the tag entry since tag number is not defined: 2
10-05 21:59:32.742  1828  1828 D MccTable: updateMccMncConfiguration mccmnc='40422' fromServiceState=false
10-05 21:59:32.744  1828  1828 D MccTable: updateMccMncConfiguration defaultMccMnc=40422
10-05 21:59:32.744  1828  1828 D MccTable: updateMccMncConfiguration: mcc=404, mnc=22
10-05 21:59:32.744  1828  1828 D MccTable: updateMccMncConfiguration updateConfig config={0.0 404mcc22mnc ?localeList ?layoutDir ?swdp ?wdp ?hdp ?density ?lsize ?long ?ldr ?wideColorGamut ?orien ?uimode ?night ?touch ?keyb/?/? ?nav/?}
10-05 21:59:32.777  2314  2441 I chatty  : uid=10008(u0_a8) MediaScannerSer identical 2 lines
10-05 21:59:32.779   576   657 I ActivityManager: Start proc 2794:com.android.cellbroadcastreceiver/u0a5 for broadcast com.android.cellbroadcastreceiver/.CellBroadcastReceiver
10-05 21:59:32.793  2314  2441 W ExifInterface: Skip the tag entry since tag number is not defined: 2
10-05 21:59:32.818  1828  1833 I zygote  : Compiler allocated 5MB to compile void com.android.internal.telephony.uicc.SIMRecords.handleMessage(android.os.Message)
10-05 21:59:32.819  2314  2441 W ExifInterface: Skip the tag entry since tag number is not defined: 2
10-05 21:59:32.858  2314  2441 I chatty  : uid=10008(u0_a8) MediaScannerSer identical 2 lines
10-05 21:59:32.880  2314  2441 W ExifInterface: Skip the tag entry since tag number is not defined: 2
10-05 21:59:32.888  2794  2794 D CellBroadcastReceiver: onReceive Intent { act=android.telephony.action.DEFAULT_SMS_SUBSCRIPTION_CHANGED flg=0x21000010 cmp=com.android.cellbroadcastreceiver/.CellBroadcastReceiver (has extras) }
10-05 21:59:32.889  2794  2794 D CellBroadcastReceiver: Start Cell Broadcast configuration.
10-05 21:59:32.892  2794  2794 D CellBroadcastReceiver: Default interval 0 did not change.
10-05 21:59:32.893  2314  2441 W ExifInterface: Skip the tag entry since tag number is not defined: 2
10-05 21:59:32.898  2794  2814 D CellBroadcastConfigService: Enable CellBroadcast on sub 1
10-05 21:59:32.912  2314  2441 W ExifInterface: Skip the tag entry since tag number is not defined: 2
10-05 21:59:32.923  2314  2441 W ExifInterface: Skip the tag entry since tag number is not defined: 2
10-05 21:59:32.925   576   576 I GnssLocationProvider: WakeLock acquired by sendMessage(SUBSCRIPTION_OR_SIM_CHANGED, 0, null)
10-05 21:59:32.929  1828  1828 D MccTable: updateMccMncConfiguration mccmnc='40422' fromServiceState=false
10-05 21:59:32.931  1828  1828 D MccTable: updateMccMncConfiguration defaultMccMnc=40422
10-05 21:59:32.932  1828  1828 D MccTable: updateMccMncConfiguration: mcc=404, mnc=22
10-05 21:59:32.932  1828  1828 D MccTable: updateMccMncConfiguration updateConfig config={0.0 404mcc22mnc ?localeList ?layoutDir ?swdp ?wdp ?hdp ?density ?lsize ?long ?ldr ?wideColorGamut ?orien ?uimode ?night ?touch ?keyb/?/? ?nav/?}
10-05 21:59:32.937  1652  1652 D HeadsetPhoneState: sendDeviceStateChanged. mService=0 mSignal=0 mRoam=0 mBatteryCharge=2
10-05 21:59:32.937  2314  2441 W ExifInterface: Skip the tag entry since tag number is not defined: 2
10-05 21:59:32.939  1828  2818 D IccSmsInterfaceManager: [IccSmsInterfaceManager] Calling setCdmaBroadcastConfig with 1 configurations
10-05 21:59:32.953   576   656 I GnssLocationProvider: WakeLock released by handleMessage(SUBSCRIPTION_OR_SIM_CHANGED, 0, null)
10-05 21:59:32.956  2314  2441 W ExifInterface: Skip the tag entry since tag number is not defined: 2
10-05 21:59:32.963  1691  1691 E SignalClusterView: Unexpected subscription 1
10-05 21:59:32.964  1691  1691 E SignalClusterView: Unexpected subscription 1
10-05 21:59:32.976  2314  2441 W ExifInterface: Skip the tag entry since tag number is not defined: 2
10-05 21:59:32.977   576   576 I GnssLocationProvider: WakeLock acquired by sendMessage(SUBSCRIPTION_OR_SIM_CHANGED, 0, null)
10-05 21:59:32.992  1652  1652 D HeadsetPhoneState: sendDeviceStateChanged. mService=0 mSignal=0 mRoam=0 mBatteryCharge=2
10-05 21:59:33.006  2314  2441 W ExifInterface: Skip the tag entry since tag number is not defined: 2
10-05 21:59:33.022   576   656 I GnssLocationProvider: WakeLock released by handleMessage(SUBSCRIPTION_OR_SIM_CHANGED, 0, null)
10-05 21:59:33.024  2624  2791 W MessagingApp: canonicalizeMccMnc: invalid mccmnc:null ,null
10-05 21:59:33.028  2314  2441 W ExifInterface: Skip the tag entry since tag number is not defined: 2
10-05 21:59:33.041  2314  2441 W ExifInterface: Skip the tag entry since tag number is not defined: 2
10-05 21:59:33.058   576   576 D WifiService: resetting networks because SIM was loaded
10-05 21:59:33.060  1828  1828 D CarrierConfigLoader: update config for phoneId: 0 simState: LOADED
10-05 21:59:33.060  1828  1828 D CarrierSvcBindHelper: update binding for phoneId: 0 simState: LOADED
10-05 21:59:33.064  2314  2441 W ExifInterface: Skip the tag entry since tag number is not defined: 2
10-05 21:59:33.065   576  2227 D MmsServiceBroker: getCarrierConfigValues() by com.android.messaging
10-05 21:59:33.065   576  2227 W MmsServiceBroker: MmsService not connected. Try connecting...
10-05 21:59:33.065   576   576 I MmsServiceBroker: Connecting to MmsService
10-05 21:59:33.065   576   576 W ContextImpl: Calling a method in the system process without a qualified user: android.app.ContextImpl.bindService:1540 com.android.server.MmsServiceBroker.tryConnecting:241 com.android.server.MmsServiceBroker.-wrap3:0 com.android.server.MmsServiceBroker$1.handleMessage:83 android.os.Handler.dispatchMessage:105 
10-05 21:59:33.097  1828  1828 I TelecomFramework: PstnPhoneCapabilitiesNotifier: handleVideoCapabilitesChanged. Video capability - false
10-05 21:59:33.136   576   654 I Telecom : PhoneAccountRegistrar: Modify account: [ComponentInfo{com.android.phone/com.android.services.telephony.TelephonyConnectionService}, [e0184adedf913b076626646d3f52c3b49c39ad6d], UserHandle{0}]: TSI.rPA@ACU
10-05 21:59:33.139  2314  2441 I chatty  : uid=10008(u0_a8) MediaScannerSer identical 3 lines
10-05 21:59:33.150  2314  2441 W ExifInterface: Skip the tag entry since tag number is not defined: 2
10-05 21:59:33.154  1828  1828 D TelephonyProvider: subIdString = 1 subId = 1
10-05 21:59:33.161  1828  1828 D TelephonyProvider: getPreferredApnIdFromApn: for subId 1
10-05 21:59:33.163  2314  2441 W ExifInterface: Skip the tag entry since tag number is not defined: 2
10-05 21:59:33.185  2314  2441 I chatty  : uid=10008(u0_a8) MediaScannerSer identical 1 line
10-05 21:59:33.207  2314  2441 W ExifInterface: Skip the tag entry since tag number is not defined: 2
10-05 21:59:33.212  1828  1833 I zygote  : Do partial code cache collection, code=58KB, data=53KB
10-05 21:59:33.212  1828  1833 I zygote  : After code cache collection, code=58KB, data=53KB
10-05 21:59:33.212  1828  1833 I zygote  : Increasing code cache capacity to 256KB
