10-05 21:58:49.120  1248  1248 W dex2oat : type=1400 audit(0.0:77): avc: granted { getattr } for path="/vendor" dev="rootfs" ino=4768 scontext=u:r:dex2oat:s0 tcontext=u:object_r:rootfs:s0 tclass=lnk_file
10-05 21:58:49.180  1248  1248 I dex2oat : /system/bin/dex2oat --input-vdex-fd=-1 --output-vdex-fd=9 --compiler-filter=quicken --classpath-dir=/system/app/PrintSpooler
10-05 21:58:49.764  1248  1248 I dex2oat : dex2oat took 585.754ms (844.177ms cpu) (threads: 4) arena alloc=78KB (80888B) java alloc=390KB (399568B) native alloc=1340KB (1372736B) free=2MB (2821568B)
10-05 21:58:49.771  1263  1263 W dex2oat : type=1400 audit(0.0:78): avc: granted { getattr } for path="/vendor" dev="rootfs" ino=4768 scontext=u:r:dex2oat:s0 tcontext=u:object_r:rootfs:s0 tclass=lnk_file
10-05 21:58:49.831  1263  1263 I dex2oat : /system/bin/dex2oat --input-vdex-fd=-1 --output-vdex-fd=9 --compiler-filter=quicken --classpath-dir=/system/app/BasicDreams
10-05 21:58:49.835  1264  1264 E linker  : "/system/vendor/lib/libmmjpeg.so" has text relocations
10-05 21:58:49.836  1264  1264 F libc    : CANNOT LINK EXECUTABLE "/vendor/bin/mm-qcamera-daemon": "/system/vendor/lib/libmmjpeg.so" has text relocations
10-05 21:58:49.837  1264  1264 F libc    : Fatal signal 6 (SIGABRT), code -6 in tid 1264 (mm-qcamera-daem)
10-05 21:58:49.873  1268  1268 I crash_dump32: obtaining output fd from tombstoned
10-05 21:58:49.874   281   281 I /system/bin/tombstoned: received crash request for pid 1264
10-05 21:58:49.874  1268  1268 I crash_dump32: performing dump of process 1264 (target tid = 1264)
10-05 21:58:49.875  1264  1264 F libc    : failed to resend signal during crash: Operation not permitted
10-05 21:58:49.875  1268  1268 E DEBUG   : unexpected waitpid response: n=1264, status=00000100
10-05 21:58:49.876   281   281 W /system/bin/tombstoned: crash socket received short read of length 0 (expected 8)
10-05 21:58:50.010  1263  1263 I dex2oat : dex2oat took 180.145ms (105.072ms cpu) (threads: 4) arena alloc=8KB (8864B) java alloc=67KB (68768B) native alloc=1226KB (1255608B) free=1845KB (1890120B)
10-05 21:58:50.021  1274  1274 W dex2oat : type=1400 audit(0.0:79): avc: granted { getattr } for path="/vendor" dev="rootfs" ino=4768 scontext=u:r:dex2oat:s0 tcontext=u:object_r:rootfs:s0 tclass=lnk_file
10-05 21:58:50.083  1274  1274 I dex2oat : /system/bin/dex2oat --input-vdex-fd=-1 --output-vdex-fd=9 --compiler-filter=quicken --classpath-dir=/system/app/webview
10-05 21:58:51.594  1274  1274 I dex2oat : dex2oat took 1.511s (2.113s cpu) (threads: 4) arena alloc=8KB (9048B) java alloc=1365KB (1398240B) native alloc=2MB (2611720B) free=3MB (3155448B)
10-05 21:58:51.610   576   576 I chatty  : uid=1000 system_server expire 17 lines
10-05 21:58:51.612  1293  1293 W dex2oat : type=1400 audit(0.0:80): avc: granted { getattr } for path="/vendor" dev="rootfs" ino=4768 scontext=u:r:dex2oat:s0 tcontext=u:object_r:rootfs:s0 tclass=lnk_file
10-05 21:58:51.665  1293  1293 I dex2oat : /system/bin/dex2oat --input-vdex-fd=-1 --output-vdex-fd=9 --compiler-filter=quicken --classpath-dir=/system/app/BuiltInPrintService
10-05 21:58:51.748   576   660 E BatteryStatsService: no controller energy info supplied
10-05 21:58:51.754   576   660 E KernelUidCpuFreqTimeReader: Failed to read /proc/uid_time_in_state: java.io.FileNotFoundException: /proc/uid_time_in_state (No such file or directory)
10-05 21:58:51.866   576  1295 I chatty  : uid=1000(system) Binder:576_3 expire 1 line
10-05 21:58:52.150  1293  1293 I dex2oat : dex2oat took 486.328ms (200.836ms cpu) (threads: 4) arena alloc=13KB (14232B) java alloc=118KB (121696B) native alloc=1455KB (1490832B) free=2MB (2179184B)
10-05 21:58:52.163  1299  1299 W dex2oat : type=1400 audit(0.0:81): avc: granted { getattr } for path="/vendor" dev="rootfs" ino=4768 scontext=u:r:dex2oat:s0 tcontext=u:object_r:rootfs:s0 tclass=lnk_file
10-05 21:58:52.224  1299  1299 I dex2oat : /system/bin/dex2oat --input-vdex-fd=-1 --output-vdex-fd=9 --compiler-filter=quicken --classpath-dir=/system/priv-app/MusicFX
10-05 21:58:52.280   209   264 D ThermalDaemon: Sensor 'tsens_tz_sensor10' - alarm cleared 1 at 57.0 degC
10-05 21:58:52.558  1299  1299 I dex2oat : dex2oat took 334.960ms (167.846ms cpu) (threads: 4) arena alloc=36KB (37296B) java alloc=101KB (103520B) native alloc=1335KB (1367480B) free=1736KB (1778248B)
10-05 21:58:52.563  1304  1304 W dex2oat : type=1400 audit(0.0:82): avc: granted { getattr } for path="/vendor" dev="rootfs" ino=4768 scontext=u:r:dex2oat:s0 tcontext=u:object_r:rootfs:s0 tclass=lnk_file
10-05 21:58:52.624  1304  1304 I dex2oat : /system/bin/dex2oat --input-vdex-fd=-1 --output-vdex-fd=9 --compiler-filter=quicken --classpath-dir=/system/priv-app/CellBroadcastReceiver
10-05 21:58:52.804  1304  1304 I dex2oat : dex2oat took 183.105ms (182.098ms cpu) (threads: 4) arena alloc=24KB (24976B) java alloc=158KB (162496B) native alloc=1415KB (1449120B) free=2MB (2220896B)
10-05 21:58:52.813  1309  1309 W dex2oat : type=1400 audit(0.0:83): avc: granted { getattr } for path="/vendor" dev="rootfs" ino=4768 scontext=u:r:dex2oat:s0 tcontext=u:object_r:rootfs:s0 tclass=lnk_file
10-05 21:58:52.869  1309  1309 I dex2oat : /system/bin/dex2oat --input-vdex-fd=-1 --output-vdex-fd=9 --compiler-filter=quicken --classpath-dir=/system/priv-app/OneTimeInitializer
10-05 21:58:53.014  1309  1309 I dex2oat : dex2oat took 146.057ms (121.520ms cpu) (threads: 4) arena alloc=16KB (16752B) java alloc=81KB (83752B) native alloc=1341KB (1373760B) free=2MB (2296256B)
10-05 21:58:53.024  1314  1314 W dex2oat : type=1400 audit(0.0:84): avc: granted { getattr } for path="/vendor" dev="rootfs" ino=4768 scontext=u:r:dex2oat:s0 tcontext=u:object_r:rootfs:s0 tclass=lnk_file
10-05 21:58:53.079  1314  1314 I dex2oat : /system/bin/dex2oat --input-vdex-fd=-1 --output-vdex-fd=9 --compiler-filter=quicken --classpath-dir=/system/app/KeyChain
10-05 21:58:53.243  1314  1314 I dex2oat : dex2oat took 165.161ms (147.216ms cpu) (threads: 4) arena alloc=5KB (6112B) java alloc=67KB (69008B) native alloc=1336KB (1368528B) free=1735KB (1777200B)
10-05 21:58:53.254  1319  1319 W dex2oat : type=1400 audit(0.0:85): avc: granted { getattr } for path="/vendor" dev="rootfs" ino=4768 scontext=u:r:dex2oat:s0 tcontext=u:object_r:rootfs:s0 tclass=lnk_file
10-05 21:58:53.311  1319  1319 I dex2oat : /system/bin/dex2oat --input-vdex-fd=-1 --output-vdex-fd=9 --compiler-filter=quicken --classpath-dir=/system/app/PrintRecommendationService
10-05 21:58:53.516  1319  1319 I dex2oat : dex2oat took 206.207ms (163.146ms cpu) (threads: 4) arena alloc=9KB (10144B) java alloc=69KB (70664B) native alloc=1402KB (1436104B) free=1669KB (1709624B)
10-05 21:58:53.524  1324  1324 W dex2oat : type=1400 audit(0.0:86): avc: granted { getattr } for path="/vendor" dev="rootfs" ino=4768 scontext=u:r:dex2oat:s0 tcontext=u:object_r:rootfs:s0 tclass=lnk_file
10-05 21:58:53.584  1324  1324 I dex2oat : /system/bin/dex2oat --input-vdex-fd=-1 --output-vdex-fd=9 --compiler-filter=quicken --classpath-dir=/system/app/Gallery2
10-05 21:58:54.835  1337  1337 E linker  : "/system/vendor/lib/libmmjpeg.so" has text relocations
10-05 21:58:54.838  1337  1337 F libc    : CANNOT LINK EXECUTABLE "/vendor/bin/mm-qcamera-daemon": "/system/vendor/lib/libmmjpeg.so" has text relocations
10-05 21:58:54.838  1337  1337 F libc    : Fatal signal 6 (SIGABRT), code -6 in tid 1337 (mm-qcamera-daem)
10-05 21:58:54.881  1340  1340 I crash_dump32: obtaining output fd from tombstoned
10-05 21:58:54.882   281   281 I /system/bin/tombstoned: received crash request for pid 1337
10-05 21:58:54.883  1340  1340 I crash_dump32: performing dump of process 1337 (target tid = 1337)
10-05 21:58:54.883  1337  1337 F libc    : failed to resend signal during crash: Operation not permitted
10-05 21:58:54.883  1340  1340 E DEBUG   : unexpected waitpid response: n=1337, status=00000100
10-05 21:58:54.884   281   281 W /system/bin/tombstoned: crash socket received short read of length 0 (expected 8)
10-05 21:58:55.705  1324  1324 I dex2oat : dex2oat took 2.122s (2.942s cpu) (threads: 4) arena alloc=14KB (15144B) java alloc=1668KB (1708752B) native alloc=3MB (3509512B) free=2MB (2781944B)
10-05 21:58:55.716  1345  1345 W dex2oat : type=1400 audit(0.0:87): avc: granted { getattr } for path="/vendor" dev="rootfs" ino=4768 scontext=u:r:dex2oat:s0 tcontext=u:object_r:rootfs:s0 tclass=lnk_file
10-05 21:58:55.775  1345  1345 I dex2oat : /system/bin/dex2oat --input-vdex-fd=-1 --output-vdex-fd=9 --compiler-filter=quicken --classpath-dir=/system/priv-app/CallLogBackup
10-05 21:58:56.142  1345  1345 I dex2oat : dex2oat took 368.927ms (97.595ms cpu) (threads: 4) arena alloc=5KB (5520B) java alloc=49KB (51064B) native alloc=1186KB (1214680B) free=1885KB (1931048B)
10-05 21:58:56.147  1350  1350 W dex2oat : type=1400 audit(0.0:88): avc: granted { getattr } for path="/vendor" dev="rootfs" ino=4768 scontext=u:r:dex2oat:s0 tcontext=u:object_r:rootfs:s0 tclass=lnk_file
10-05 21:58:56.207  1350  1350 I dex2oat : /system/bin/dex2oat --input-vdex-fd=-1 --output-vdex-fd=9 --compiler-filter=quicken --classpath-dir=/system/app/CarrierDefaultApp
10-05 21:58:56.647  1355  1355 W dex2oat : type=1400 audit(0.0:89): avc: granted { getattr } for path="/vendor" dev="rootfs" ino=4768 scontext=u:r:dex2oat:s0 tcontext=u:object_r:rootfs:s0 tclass=lnk_file
10-05 21:58:56.647  1350  1350 I dex2oat : dex2oat took 441.345ms (119.934ms cpu) (threads: 4) arena alloc=8KB (8472B) java alloc=90KB (92480B) native alloc=1311KB (1343272B) free=2MB (2326744B)
10-05 21:58:56.710  1355  1355 I dex2oat : /system/bin/dex2oat --input-vdex-fd=-1 --output-vdex-fd=9 --compiler-filter=quicken --classpath-dir=/system/app/PicoTts
10-05 21:58:56.853  1355  1355 I dex2oat : dex2oat took 144.439ms (109.619ms cpu) (threads: 4) arena alloc=8KB (8672B) java alloc=105KB (107768B) native alloc=1200KB (1229288B) free=2MB (2440728B)
10-05 21:58:56.857  1360  1360 W dex2oat : type=1400 audit(0.0:90): avc: granted { getattr } for path="/vendor" dev="rootfs" ino=4768 scontext=u:r:dex2oat:s0 tcontext=u:object_r:rootfs:s0 tclass=lnk_file
10-05 21:58:56.919  1360  1360 I dex2oat : /system/bin/dex2oat --input-vdex-fd=-1 --output-vdex-fd=9 --compiler-filter=quicken --classpath-dir=/system/app/Browser2
10-05 21:58:57.092  1360  1360 I dex2oat : dex2oat took 173.614ms (141.510ms cpu) (threads: 4) arena alloc=5KB (5776B) java alloc=122KB (125160B) native alloc=1326KB (1358792B) free=2MB (2311224B)
10-05 21:58:57.098  1365  1365 W dex2oat : type=1400 audit(0.0:91): avc: granted { getattr } for path="/vendor" dev="rootfs" ino=4768 scontext=u:r:dex2oat:s0 tcontext=u:object_r:rootfs:s0 tclass=lnk_file
10-05 21:58:57.157  1365  1365 I dex2oat : /system/bin/dex2oat --input-vdex-fd=-1 --output-vdex-fd=9 --compiler-filter=quicken --classpath-dir=/system/priv-app/ManagedProvisioning
10-05 21:58:57.280   209   263 D ThermalDaemon: Sensor 'tsens_tz_sensor9' - alarm cleared 1 at 56.0 degC
10-05 21:58:57.525  1365  1365 I dex2oat : dex2oat took 370.086ms (481.201ms cpu) (threads: 4) arena alloc=5KB (5368B) java alloc=414KB (424720B) native alloc=1208KB (1237032B) free=2MB (2432984B)
10-05 21:58:57.528  1378  1378 W dex2oat : type=1400 audit(0.0:92): avc: granted { getattr } for path="/vendor" dev="rootfs" ino=4768 scontext=u:r:dex2oat:s0 tcontext=u:object_r:rootfs:s0 tclass=lnk_file
10-05 21:58:57.591  1378  1378 I dex2oat : /system/bin/dex2oat --input-vdex-fd=-1 --output-vdex-fd=9 --compiler-filter=quicken --classpath-dir=/system/app/PhotoTable
10-05 21:58:57.773  1378  1378 I dex2oat : dex2oat took 183.502ms (188.812ms cpu) (threads: 4) arena alloc=6KB (6696B) java alloc=118KB (121136B) native alloc=1428KB (1463000B) free=1643KB (1682728B)
10-05 21:58:57.778  1387  1387 W dex2oat : type=1400 audit(0.0:93): avc: granted { getattr } for path="/vendor" dev="rootfs" ino=4768 scontext=u:r:dex2oat:s0 tcontext=u:object_r:rootfs:s0 tclass=lnk_file
10-05 21:58:57.840  1387  1387 I dex2oat : /system/bin/dex2oat --input-vdex-fd=-1 --output-vdex-fd=9 --compiler-filter=quicken --classpath-dir=/system/app/WAPPushManager
10-05 21:58:58.003  1387  1387 I dex2oat : dex2oat took 164.794ms (130.401ms cpu) (threads: 4) arena alloc=18KB (18896B) java alloc=67KB (69104B) native alloc=1353KB (1386336B) free=2MB (2283680B)
10-05 21:58:58.009  1392  1392 W dex2oat : type=1400 audit(0.0:94): avc: granted { getattr } for path="/vendor" dev="rootfs" ino=4768 scontext=u:r:dex2oat:s0 tcontext=u:object_r:rootfs:s0 tclass=lnk_file
10-05 21:58:58.068  1392  1392 I dex2oat : /system/bin/dex2oat --input-vdex-fd=-1 --output-vdex-fd=9 --compiler-filter=quicken --classpath-dir=/system/app/LiveWallpapersPicker
10-05 21:58:59.322  1392  1392 I dex2oat : dex2oat took 1.254s (2.162s cpu) (threads: 4) arena alloc=8KB (8728B) java alloc=1534KB (1571336B) native alloc=2MB (2502768B) free=2MB (2215824B)
10-05 21:58:59.340  1409  1409 W dex2oat : type=1400 audit(0.0:95): avc: granted { getattr } for path="/vendor" dev="rootfs" ino=4768 scontext=u:r:dex2oat:s0 tcontext=u:object_r:rootfs:s0 tclass=lnk_file
10-05 21:58:59.398  1409  1409 I dex2oat : /system/bin/dex2oat --input-vdex-fd=-1 --output-vdex-fd=9 --compiler-filter=quicken --classpath-dir=/system/priv-app/Tag
10-05 21:58:59.837  1422  1422 E linker  : "/system/vendor/lib/libmmjpeg.so" has text relocations
10-05 21:58:59.839  1422  1422 F libc    : CANNOT LINK EXECUTABLE "/vendor/bin/mm-qcamera-daemon": "/system/vendor/lib/libmmjpeg.so" has text relocations
10-05 21:58:59.839  1422  1422 F libc    : Fatal signal 6 (SIGABRT), code -6 in tid 1422 (mm-qcamera-daem)
10-05 21:58:59.880  1425  1425 I crash_dump32: obtaining output fd from tombstoned
10-05 21:58:59.880   281   281 I /system/bin/tombstoned: received crash request for pid 1422
10-05 21:58:59.881  1425  1425 I crash_dump32: performing dump of process 1422 (target tid = 1422)
10-05 21:58:59.881  1422  1422 F libc    : failed to resend signal during crash: Operation not permitted
10-05 21:58:59.881  1425  1425 E DEBUG   : unexpected waitpid response: n=1422, status=00000100
10-05 21:58:59.883   281   281 W /system/bin/tombstoned: crash socket received short read of length 0 (expected 8)
10-05 21:59:00.269  1409  1409 I dex2oat : dex2oat took 872.528ms (568.023ms cpu) (threads: 4) arena alloc=5KB (5552B) java alloc=294KB (301600B) native alloc=1245KB (1275408B) free=2MB (2394608B)
10-05 21:59:00.281  1430  1430 W dex2oat : type=1400 audit(0.0:96): avc: granted { getattr } for path="/vendor" dev="rootfs" ino=4768 scontext=u:r:dex2oat:s0 tcontext=u:object_r:rootfs:s0 tclass=lnk_file
10-05 21:59:00.338  1430  1430 I dex2oat : /system/bin/dex2oat --input-vdex-fd=-1 --output-vdex-fd=9 --compiler-filter=quicken --classpath-dir=/system/priv-app/StorageManager
10-05 21:59:01.990  1430  1430 I dex2oat : dex2oat took 1.653s (2.220s cpu) (threads: 4) arena alloc=4KB (4880B) java alloc=1472KB (1507464B) native alloc=2MB (2603864B) free=2MB (2114728B)
10-05 21:59:02.002  1447  1447 W dex2oat : type=1400 audit(0.0:97): avc: granted { getattr } for path="/vendor" dev="rootfs" ino=4768 scontext=u:r:dex2oat:s0 tcontext=u:object_r:rootfs:s0 tclass=lnk_file
10-05 21:59:02.006   576   576 I chatty  : uid=1000 system_server expire 12 lines
10-05 21:59:02.062  1447  1447 I dex2oat : /system/bin/dex2oat --input-vdex-fd=-1 --output-vdex-fd=9 --compiler-filter=quicken --classpath-dir=/system/app/OpenWnn
10-05 21:59:02.276   209   255 D ThermalDaemon: Sensor 'tsens_tz_sensor1' - alarm cleared 1 at 57.0 degC
10-05 21:59:02.431  1447  1447 I dex2oat : dex2oat took 370.635ms (407.562ms cpu) (threads: 4) arena alloc=9KB (9280B) java alloc=244KB (250520B) native alloc=1288KB (1319640B) free=1783KB (1826088B)
10-05 21:59:02.443  1452  1452 W dex2oat : type=1400 audit(0.0:98): avc: granted { getattr } for path="/vendor" dev="rootfs" ino=4768 scontext=u:r:dex2oat:s0 tcontext=u:object_r:rootfs:s0 tclass=lnk_file
10-05 21:59:02.497  1452  1452 I dex2oat : /system/bin/dex2oat --input-vdex-fd=-1 --output-vdex-fd=9 --compiler-filter=quicken --classpath-dir=/system/app/BookmarkProvider
10-05 21:59:02.613  1452  1452 I dex2oat : dex2oat took 117.095ms (84.960ms cpu) (threads: 4) arena alloc=864B (864B) java alloc=16KB (16984B) native alloc=1164KB (1192768B) free=1395KB (1428672B)
10-05 21:59:02.623  1457  1457 W dex2oat : type=1400 audit(0.0:99): avc: granted { getattr } for path="/vendor" dev="rootfs" ino=4768 scontext=u:r:dex2oat:s0 tcontext=u:object_r:rootfs:s0 tclass=lnk_file
10-05 21:59:02.679  1457  1457 I dex2oat : /system/bin/dex2oat --input-vdex-fd=-1 --output-vdex-fd=9 --compiler-filter=quicken --classpath-dir=/system/app/ExactCalculator
10-05 21:59:03.263  1457  1457 I dex2oat : dex2oat took 585.601ms (917.572ms cpu) (threads: 4) arena alloc=10KB (10584B) java alloc=447KB (458064B) native alloc=1404KB (1438208B) free=2MB (2756096B)
10-05 21:59:03.274  1470  1470 W dex2oat : type=1400 audit(0.0:100): avc: granted { getattr } for path="/vendor" dev="rootfs" ino=4768 scontext=u:r:dex2oat:s0 tcontext=u:object_r:rootfs:s0 tclass=lnk_file
10-05 21:59:03.329  1470  1470 I dex2oat : /system/bin/dex2oat --input-vdex-fd=-1 --output-vdex-fd=9 --compiler-filter=quicken --classpath-dir=/system/priv-app/VpnDialogs
10-05 21:59:03.457  1470  1470 I dex2oat : dex2oat took 130.004ms (103.973ms cpu) (threads: 4) arena alloc=7KB (7744B) java alloc=49KB (50320B) native alloc=1146KB (1174184B) free=1413KB (1447256B)
10-05 21:59:03.474  1479  1479 W dex2oat : type=1400 audit(0.0:101): avc: granted { getattr } for path="/vendor" dev="rootfs" ino=4768 scontext=u:r:dex2oat:s0 tcontext=u:object_r:rootfs:s0 tclass=lnk_file
10-05 21:59:03.570  1479  1479 I dex2oat : /system/bin/dex2oat --input-vdex-fd=-1 --output-vdex-fd=9 --compiler-filter=quicken --classpath-dir=/system/app/Email
10-05 21:59:04.839  1492  1492 E linker  : "/system/vendor/lib/libmmjpeg.so" has text relocations
10-05 21:59:04.840  1492  1492 F libc    : CANNOT LINK EXECUTABLE "/vendor/bin/mm-qcamera-daemon": "/system/vendor/lib/libmmjpeg.so" has text relocations
10-05 21:59:04.841  1492  1492 F libc    : Fatal signal 6 (SIGABRT), code -6 in tid 1492 (mm-qcamera-daem)
10-05 21:59:04.882  1495  1495 I crash_dump32: obtaining output fd from tombstoned
10-05 21:59:04.882   281   281 I /system/bin/tombstoned: received crash request for pid 1492
10-05 21:59:04.883  1495  1495 I crash_dump32: performing dump of process 1492 (target tid = 1492)
10-05 21:59:04.883  1492  1492 F libc    : failed to resend signal during crash: Operation not permitted
10-05 21:59:04.883  1495  1495 E DEBUG   : unexpected waitpid response: n=1492, status=00000100
10-05 21:59:04.885   281   281 W /system/bin/tombstoned: crash socket received short read of length 0 (expected 8)
10-05 21:59:06.536  1479  1479 I dex2oat : dex2oat took 2.966s (5.273s cpu) (threads: 4) arena alloc=576KB (590168B) java alloc=3MB (3322056B) native alloc=4MB (4957632B) free=2MB (2382400B)
10-05 21:59:06.557  1500  1500 W dex2oat : type=1400 audit(0.0:102): avc: granted { getattr } for path="/vendor" dev="rootfs" ino=4768 scontext=u:r:dex2oat:s0 tcontext=u:object_r:rootfs:s0 tclass=lnk_file
10-05 21:59:06.641  1500  1500 I dex2oat : /system/bin/dex2oat --input-vdex-fd=-1 --output-vdex-fd=9 --compiler-filter=quicken --classpath-dir=/system/app/WallpaperBackup
10-05 21:59:06.997  1505  1505 W dex2oat : type=1400 audit(0.0:103): avc: granted { getattr } for path="/vendor" dev="rootfs" ino=4768 scontext=u:r:dex2oat:s0 tcontext=u:object_r:rootfs:s0 tclass=lnk_file
10-05 21:59:06.997  1500  1500 I dex2oat : dex2oat took 357.635ms (93.231ms cpu) (threads: 4) arena alloc=7KB (7960B) java alloc=17KB (17976B) native alloc=988KB (1012640B) free=1571KB (1608800B)
10-05 21:59:07.062  1505  1505 I dex2oat : /system/bin/dex2oat --input-vdex-fd=-1 --output-vdex-fd=9 --compiler-filter=quicken --classpath-dir=/system/priv-app/BlockedNumberProvider
10-05 21:59:07.276   209   255 D ThermalDaemon: Sensor 'tsens_tz_sensor1' - alarm raised 1 at 61.0 degC
10-05 21:59:07.790  1505  1505 I dex2oat : dex2oat took 729.125ms (533.325ms cpu) (threads: 4) arena alloc=3KB (3616B) java alloc=281KB (288712B) native alloc=1226KB (1256016B) free=2MB (2414000B)
10-05 21:59:07.798  1522  1522 W dex2oat : type=1400 audit(0.0:104): avc: granted { getattr } for path="/vendor" dev="rootfs" ino=4768 scontext=u:r:dex2oat:s0 tcontext=u:object_r:rootfs:s0 tclass=lnk_file
10-05 21:59:07.857  1522  1522 I dex2oat : /system/bin/dex2oat --input-vdex-fd=-1 --output-vdex-fd=9 --compiler-filter=quicken --classpath-dir=/system/app/UserDictionaryProvider
10-05 21:59:08.259  1527  1527 W dex2oat : type=1400 audit(0.0:105): avc: granted { getattr } for path="/vendor" dev="rootfs" ino=4768 scontext=u:r:dex2oat:s0 tcontext=u:object_r:rootfs:s0 tclass=lnk_file
10-05 21:59:08.259  1522  1522 I dex2oat : dex2oat took 403.930ms (115.386ms cpu) (threads: 4) arena alloc=7KB (7912B) java alloc=66KB (67928B) native alloc=1192KB (1221336B) free=1367KB (1400104B)
10-05 21:59:08.325  1527  1527 I dex2oat : /system/bin/dex2oat --input-vdex-fd=-1 --output-vdex-fd=9 --compiler-filter=quicken --classpath-dir=/system/priv-app/EmergencyInfo
10-05 21:59:09.840  1544  1544 E linker  : "/system/vendor/lib/libmmjpeg.so" has text relocations
10-05 21:59:09.841  1544  1544 F libc    : CANNOT LINK EXECUTABLE "/vendor/bin/mm-qcamera-daemon": "/system/vendor/lib/libmmjpeg.so" has text relocations
10-05 21:59:09.841  1544  1544 F libc    : Fatal signal 6 (SIGABRT), code -6 in tid 1544 (mm-qcamera-daem)
10-05 21:59:09.877  1547  1547 I crash_dump32: obtaining output fd from tombstoned
10-05 21:59:09.877   281   281 I /system/bin/tombstoned: received crash request for pid 1544
10-05 21:59:09.894  1547  1547 I crash_dump32: performing dump of process 1544 (target tid = 1544)
10-05 21:59:09.894  1544  1544 F libc    : failed to resend signal during crash: Operation not permitted
10-05 21:59:09.896   281   281 W /system/bin/tombstoned: crash socket received short read of length 0 (expected 8)
10-05 21:59:09.906  1527  1527 I dex2oat : dex2oat took 1.582s (1.320s cpu) (threads: 4) arena alloc=7KB (7968B) java alloc=1040KB (1065960B) native alloc=1810KB (1853888B) free=2MB (2864704B)
10-05 21:59:09.920  1548  1548 W dex2oat : type=1400 audit(0.0:106): avc: granted { getattr } for path="/vendor" dev="rootfs" ino=4768 scontext=u:r:dex2oat:s0 tcontext=u:object_r:rootfs:s0 tclass=lnk_file
10-05 21:59:09.977  1548  1548 I dex2oat : /system/bin/dex2oat --input-vdex-fd=-1 --output-vdex-fd=9 --compiler-filter=quicken --classpath-dir=/system/app/DeskClock
10-05 21:59:11.633  1548  1548 I dex2oat : dex2oat took 1.657s (2.892s cpu) (threads: 4) arena alloc=4KB (4960B) java alloc=1927KB (1973464B) native alloc=2MB (3055832B) free=2MB (2187048B)
10-05 21:59:11.652  1571  1571 W dex2oat : type=1400 audit(0.0:107): avc: granted { getattr } for path="/vendor" dev="rootfs" ino=4768 scontext=u:r:dex2oat:s0 tcontext=u:object_r:rootfs:s0 tclass=lnk_file
10-05 21:59:11.707  1571  1571 I dex2oat : /system/bin/dex2oat --input-vdex-fd=-1 --output-vdex-fd=9 --compiler-filter=quicken --classpath-dir=/system/app/BluetoothMidiService
10-05 21:59:11.840  1571  1571 I dex2oat : dex2oat took 134.948ms (107.238ms cpu) (threads: 4) arena alloc=10KB (10816B) java alloc=65KB (67368B) native alloc=1189KB (1218072B) free=1882KB (1927656B)
10-05 21:59:11.852  1576  1576 W dex2oat : type=1400 audit(0.0:108): avc: granted { getattr } for path="/vendor" dev="rootfs" ino=4768 scontext=u:r:dex2oat:s0 tcontext=u:object_r:rootfs:s0 tclass=lnk_file
10-05 21:59:11.904  1576  1576 I dex2oat : /system/bin/dex2oat --input-vdex-fd=-1 --output-vdex-fd=9 --compiler-filter=quicken --classpath-dir=/system/app/Bluetooth
10-05 21:59:14.214  1576  1576 I dex2oat : dex2oat took 2.310s (3.666s cpu) (threads: 4) arena alloc=4KB (4344B) java alloc=1364KB (1397376B) native alloc=3MB (4134056B) free=2MB (2157400B)
10-05 21:59:14.234  1593  1593 W dex2oat : type=1400 audit(0.0:109): avc: granted { getattr } for path="/vendor" dev="rootfs" ino=4768 scontext=u:r:dex2oat:s0 tcontext=u:object_r:rootfs:s0 tclass=lnk_file
10-05 21:59:14.234   576   576 I chatty  : uid=1000 system_server expire 63 lines
10-05 21:59:14.291  1593  1593 I dex2oat : /system/bin/dex2oat --input-vdex-fd=-1 --output-vdex-fd=9 --compiler-filter=quicken --classpath-dir=/system/priv-app/ContactsProvider
10-05 21:59:14.842  1606  1606 E linker  : "/system/vendor/lib/libmmjpeg.so" has text relocations
10-05 21:59:14.844  1606  1606 F libc    : CANNOT LINK EXECUTABLE "/vendor/bin/mm-qcamera-daemon": "/system/vendor/lib/libmmjpeg.so" has text relocations
10-05 21:59:14.844  1606  1606 F libc    : Fatal signal 6 (SIGABRT), code -6 in tid 1606 (mm-qcamera-daem)
10-05 21:59:14.884  1609  1609 I crash_dump32: obtaining output fd from tombstoned
10-05 21:59:14.885   281   281 I /system/bin/tombstoned: received crash request for pid 1606
10-05 21:59:14.886  1609  1609 I crash_dump32: performing dump of process 1606 (target tid = 1606)
10-05 21:59:14.886  1606  1606 F libc    : failed to resend signal during crash: Operation not permitted
10-05 21:59:14.887  1609  1609 E DEBUG   : unexpected waitpid response: n=1606, status=00000100
10-05 21:59:14.888   281   281 W /system/bin/tombstoned: crash socket received short read of length 0 (expected 8)
10-05 21:59:15.463  1593  1593 I dex2oat : dex2oat took 1.173s (1.138s cpu) (threads: 4) arena alloc=200KB (205328B) java alloc=420KB (430552B) native alloc=1660KB (1700376B) free=2MB (2493928B)
10-05 21:59:15.476  1614  1614 W dex2oat : type=1400 audit(0.0:110): avc: granted { getattr } for path="/vendor" dev="rootfs" ino=4768 scontext=u:r:dex2oat:s0 tcontext=u:object_r:rootfs:s0 tclass=lnk_file
10-05 21:59:15.531  1614  1614 I dex2oat : /system/bin/dex2oat --input-vdex-fd=-1 --output-vdex-fd=9 --compiler-filter=quicken --classpath-dir=/system/app/CaptivePortalLogin
10-05 21:59:15.794  1614  1614 I dex2oat : dex2oat took 264.465ms (112.762ms cpu) (threads: 4) arena alloc=6KB (7016B) java alloc=72KB (74112B) native alloc=1174KB (1202640B) free=1897KB (1943088B)
10-05 21:58:51.769   576   660 E KernelUidCpuFreqTimeReader: Failed to read /proc/uid_time_in_state: java.io.FileNotFoundException: /proc/uid_time_in_state (No such file or directory)
10-05 21:59:15.803   576   576 D SystemServerTiming: UpdatePackagesIfNeeded took to complete: 69427ms
10-05 21:59:15.804   576   576 I SystemServer: PerformFstrimIfNeeded
10-05 21:59:15.804   576   576 W PackageManager: No disk maintenance in 1507220955804; running immediately
10-05 21:59:15.805   576   576 D SystemServerTiming: PerformFstrimIfNeeded took to complete: 1ms
10-05 21:59:15.805   576   576 I SystemServer: StartLockSettingsService
10-05 21:59:15.805   576   758 I StorageManagerService: Running fstrim idle maintenance
10-05 21:59:15.805   576   576 I SystemServiceManager: Starting com.android.server.LockSettingsService$Lifecycle
10-05 21:59:15.805   576   758 D VoldConnector: SND -> {3 fstrim dotrim}
10-05 21:59:15.806   170   175 I vold    : [libfs_mgr]fs_mgr_read_fstab_dt(): failed to read fstab from dt
10-05 21:59:15.807   576   759 D VoldConnector: RCV <- {200 3 Command succeeded}
10-05 21:59:15.811   170  1619 D vold    : Starting trim of /cache
10-05 21:59:15.818   576   576 D SystemServerTiming: StartLockSettingsService took to complete: 13ms
10-05 21:59:15.818   576   576 I SystemServer: StartDeviceIdleController
10-05 21:59:15.819   576   576 I SystemServiceManager: Starting com.android.server.DeviceIdleController
10-05 21:59:15.824   576   576 D SystemServerTiming: StartDeviceIdleController took to complete: 6ms
10-05 21:59:15.824   576   576 I SystemServer: StartDevicePolicyManager
10-05 21:59:15.824   576   576 I SystemServiceManager: Starting com.android.server.devicepolicy.DevicePolicyManagerService$Lifecycle
10-05 21:59:15.841   576   576 D SystemServerTiming: StartDevicePolicyManager took to complete: 17ms
10-05 21:59:15.842   576   576 I SystemServer: StartStatusBarManagerService
10-05 21:59:15.845   576   576 D SystemServerTiming: StartStatusBarManagerService took to complete: 3ms
10-05 21:59:15.845   576   576 I SystemServer: StartClipboardService
10-05 21:59:15.845   576   576 I SystemServiceManager: Starting com.android.server.clipboard.ClipboardService
10-05 21:59:15.848   576   576 D SystemServerTiming: StartClipboardService took to complete: 3ms
10-05 21:59:15.848   576   576 I SystemServer: StartNetworkManagementService
10-05 21:59:15.855   576  1620 I NetworkManagement: onDaemonConnected()
10-05 21:59:15.858   576   576 D SystemServerTiming: StartNetworkManagementService took to complete: 11ms
10-05 21:59:15.859   576   576 I SystemServer: StartTextServicesManager
10-05 21:59:15.859   576   576 I SystemServiceManager: Starting com.android.server.TextServicesManagerService$Lifecycle
10-05 21:59:15.875   576   576 D SystemServerTiming: StartTextServicesManager took to complete: 17ms
10-05 21:59:15.875   576   576 I SystemServer: StartNetworkScoreService
10-05 21:59:15.879   576   576 D SystemServerTiming: StartNetworkScoreService took to complete: 3ms
10-05 21:59:15.879   576   576 I SystemServer: StartNetworkStatsService
10-05 21:59:15.886   576   576 D SystemServerTiming: StartNetworkStatsService took to complete: 8ms
10-05 21:59:15.886   576   576 I SystemServer: StartNetworkPolicyManagerService
10-05 21:59:15.894   576  1623 I ServiceThread: Enabled StrictMode logging for NetworkPolicy.uid looper.
10-05 21:59:15.896   576   576 D SystemServerTiming: StartNetworkPolicyManagerService took to complete: 9ms
10-05 21:59:15.896   576   576 I SystemServer: StartWifi
10-05 21:59:15.897   576   576 I SystemServiceManager: Starting com.android.server.wifi.WifiService
10-05 21:59:15.901   170  1619 I vold    : Trimmed 566239232 bytes on /cache in 89ms
10-05 21:59:15.901   170  1619 D vold    : Starting trim of /data
10-05 21:59:15.902   576   759 D VoldConnector: RCV <- {662 /cache 566239232 89843749}
10-05 21:59:16.144   576  1626 I chatty  : uid=1000(system) IpManager.wlan0 expire 1 line
10-05 21:59:16.145   183   353 D CommandListener: Clearing all IP addresses on wlan0
10-05 21:59:16.146   576  1625 I chatty  : uid=1000(system) WifiStateMachin expire 7 lines
10-05 21:59:16.161   576   576 D SystemServerTiming: StartWifi took to complete: 266ms
10-05 21:59:16.162   576   576 I SystemServer: StartWifiScanning
10-05 21:59:16.162   576   576 I SystemServiceManager: Starting com.android.server.wifi.scanner.WifiScanningService
10-05 21:59:16.167   576   576 D SystemServerTiming: StartWifiScanning took to complete: 5ms
10-05 21:59:16.167   576   576 I SystemServer: StartWifiRtt
10-05 21:59:16.167   576   576 I SystemServiceManager: Starting com.android.server.wifi.RttService
10-05 21:59:16.169   576   576 D SystemServerTiming: StartWifiRtt took to complete: 3ms
10-05 21:59:16.170   576   576 I SystemServer: No Wi-Fi Aware Service (Aware support Not Present)
10-05 21:59:16.170   576   576 I SystemServer: StartWifiP2P
10-05 21:59:16.170   576   576 I SystemServiceManager: Starting com.android.server.wifi.p2p.WifiP2pService
10-05 21:59:16.179   576   576 D SystemServerTiming: StartWifiP2P took to complete: 10ms
10-05 21:59:16.179   576   576 I SystemServer: StartEthernet
10-05 21:59:16.180   576   576 I SystemServiceManager: Starting com.android.server.ethernet.EthernetService
10-05 21:59:16.183   576   576 D SystemServerTiming: StartEthernet took to complete: 3ms
10-05 21:59:16.183   576   576 I SystemServer: StartConnectivityService
10-05 21:59:16.193   576   576 D ConnectivityService: ConnectivityService starting up
10-05 21:59:16.197   576   576 D ConnectivityService: wifiOnly=false
10-05 21:59:16.197   576   576 E ConnectivityService: Ignoring protectedNetwork 14
10-05 21:59:16.197   576   576 E ConnectivityService: Ignoring protectedNetwork 15
10-05 21:59:16.212   576   576 D SystemServerTiming: StartConnectivityService took to complete: 29ms
10-05 21:59:16.212   576   576 I SystemServer: StartNsdService
10-05 21:59:16.215   576   576 D NsdService: Network service discovery enabled true
10-05 21:59:16.218   576   576 D SystemServerTiming: StartNsdService took to complete: 7ms
10-05 21:59:16.218   576   576 I SystemServer: StartUpdateLockService
10-05 21:59:16.220   576   576 D SystemServerTiming: StartUpdateLockService took to complete: 2ms
10-05 21:59:16.220   576   576 I SystemServer: WaitForAsecScan
10-05 21:59:16.221   576   576 D SystemServerTiming: WaitForAsecScan took to complete: 0ms
10-05 21:59:16.221   576   576 I SystemServer: StartNotificationManager
10-05 21:59:16.222   576   576 I SystemServiceManager: Starting com.android.server.notification.NotificationManagerService
10-05 21:59:16.251   576   576 D ConditionProviders.SCP: new ScheduleConditionProvider()
10-05 21:59:16.255   576   576 D ZenLog  : set_zen_mode: off,init
10-05 21:59:16.266   576   576 D SystemServerTiming: StartNotificationManager took to complete: 45ms
10-05 21:59:16.266   576   576 I SystemServer: StartDeviceMonitor
10-05 21:59:16.266   576   576 I SystemServiceManager: Starting com.android.server.storage.DeviceStorageMonitorService
10-05 21:59:16.268   576   576 D SystemServerTiming: StartDeviceMonitor took to complete: 3ms
10-05 21:59:16.268   576   576 I SystemServer: StartLocationManagerService
10-05 21:59:16.273   576   576 D SystemServerTiming: StartLocationManagerService took to complete: 4ms
10-05 21:59:16.273   576   576 I SystemServer: StartCountryDetectorService
10-05 21:59:16.274   576   576 D SystemServerTiming: StartCountryDetectorService took to complete: 2ms
10-05 21:59:16.275   576   576 I SystemServer: StartSearchManagerService
10-05 21:59:16.275   576   576 I SystemServiceManager: Starting com.android.server.search.SearchManagerService$Lifecycle
10-05 21:59:16.278   576   576 D SystemServerTiming: StartSearchManagerService took to complete: 3ms
10-05 21:59:16.278   576   576 I SystemServer: StartWallpaperManagerService
10-05 21:59:16.278   576   576 I SystemServiceManager: Starting com.android.server.wallpaper.WallpaperManagerService$Lifecycle
10-05 21:59:16.281   576   576 I WallpaperManagerService: No static wallpaper imagery; defaults will be shown
10-05 21:59:16.282   576   576 W WallpaperManagerService: no current wallpaper -- first boot?
10-05 21:59:16.282   576   576 D SystemServerTiming: StartWallpaperManagerService took to complete: 5ms
10-05 21:59:16.283   576   576 I SystemServer: StartAudioService
10-05 21:59:16.283   576   576 I SystemServiceManager: Starting com.android.server.audio.AudioService$Lifecycle
10-05 21:59:16.298   212   367 D PermissionCache: checking android.permission.MODIFY_AUDIO_SETTINGS for uid=1000 => granted (1037 us)
10-05 21:59:16.302   212   457 W AudioFlinger: no wake lock to update, system not ready yet
10-05 21:59:16.303   212   459 W AudioFlinger: no wake lock to update, system not ready yet
10-05 21:59:16.303   212   367 D audio_hw_primary: adev_set_mic_mute: state 0
10-05 21:59:16.303   212   367 W DeviceHAL: Device 0xac5fa000 set_mic_mute: Function not implemented
10-05 21:59:16.303   212   367 W DeviceHAL: Device 0xac511640 set_mic_mute: Function not implemented
10-05 21:59:16.351   576   576 D SystemServerTiming: StartAudioService took to complete: 68ms
10-05 21:59:16.351   576   576 I SystemServer: StartDockObserver
10-05 21:59:16.351   576   576 I SystemServiceManager: Starting com.android.server.DockObserver
10-05 21:59:16.352   576   576 W DockObserver: This kernel does not have dock station support
10-05 21:59:16.353   576   576 D SystemServerTiming: StartDockObserver took to complete: 1ms
10-05 21:59:16.353   576   576 I SystemServer: StartWiredAccessoryManager
10-05 21:59:16.355   576   576 D SystemServerTiming: StartWiredAccessoryManager took to complete: 1ms
10-05 21:59:16.355   576   576 I SystemServer: StartUsbService
10-05 21:59:16.355   576   576 I SystemServiceManager: Starting com.android.server.usb.UsbService$Lifecycle
10-05 21:59:16.370   576   750 I UsbPortManager: Usb hal service started android.hardware.usb@1.0::IUsb default
10-05 21:59:16.371   163   163 W /system/bin/hwservicemanager: getTransportFromManifest: Cannot find entry android.hardware.usb@1.0::IUsb in either framework or device manifest, using default transport.
10-05 21:59:16.373   190   190 I android.hardware.usb@1.0-service: registering callback
10-05 21:59:16.373   190   190 E android.hardware.usb@1.0-service: Failed to open /sys/class/dual_role_usb
10-05 21:59:16.374   190  1639 E android.hardware.usb@1.0-service: creating thread
10-05 21:59:16.378   576   576 D SystemServerTiming: StartUsbService took to complete: 23ms
10-05 21:59:16.378   576   576 I SystemServer: StartSerialService
10-05 21:59:16.379   576   576 D SystemServerTiming: StartSerialService took to complete: 1ms
10-05 21:59:16.379   576   576 I SystemServer: StartHardwarePropertiesManagerService
10-05 21:59:16.380   163   163 W /system/bin/hwservicemanager: getTransportFromManifest: Cannot find entry android.hardware.thermal@1.0::IThermal in either framework or device manifest, using default transport.
10-05 21:59:16.381   576   576 D SystemServerTiming: StartHardwarePropertiesManagerService took to complete: 3ms
10-05 21:59:16.382   576   576 I SystemServer: StartTwilightService
10-05 21:59:16.382   576   576 I SystemServiceManager: Starting com.android.server.twilight.TwilightService
10-05 21:59:16.382   576   576 D SystemServerTiming: StartTwilightService took to complete: 1ms
10-05 21:59:16.383   576   576 I SystemServer: StartNightDisplay
10-05 21:59:16.383   576   576 I SystemServiceManager: Starting com.android.server.display.NightDisplayService
10-05 21:59:16.384   576   576 D SystemServerTiming: StartNightDisplay took to complete: 1ms
10-05 21:59:16.384   576   576 I SystemServer: StartJobScheduler
10-05 21:59:16.385   576   576 I SystemServiceManager: Starting com.android.server.job.JobSchedulerService
10-05 21:59:16.393   576   576 D ConnectivityService: requestNetwork for uid/pid:1000/576 NetworkRequest [ TRACK_DEFAULT id=3, [ Capabilities: INTERNET&NOT_RESTRICTED&TRUSTED&NOT_VPN] ]
10-05 21:59:16.399   576   576 D SystemServerTiming: StartJobScheduler took to complete: 14ms
10-05 21:59:16.399   576   576 I SystemServer: StartSoundTrigger
10-05 21:59:16.400   576   576 I SystemServiceManager: Starting com.android.server.soundtrigger.SoundTriggerService
10-05 21:59:16.402   576   576 D SystemServerTiming: StartSoundTrigger took to complete: 3ms
10-05 21:59:16.402   576   576 I SystemServer: StartTrustManager
10-05 21:59:16.402   576   576 I SystemServiceManager: Starting com.android.server.trust.TrustManagerService
10-05 21:59:16.408   576   576 D SystemServerTiming: StartTrustManager took to complete: 6ms
10-05 21:59:16.408   576   576 I SystemServer: StartBackupManager
10-05 21:59:16.408   576   576 I SystemServiceManager: Starting com.android.server.backup.BackupManagerService$Lifecycle
10-05 21:59:16.413   576   576 D SystemServerTiming: StartBackupManager took to complete: 5ms
10-05 21:59:16.413   576   576 I SystemServer: StartAppWidgerService
10-05 21:59:16.413   576   576 I SystemServiceManager: Starting com.android.server.appwidget.AppWidgetService
10-05 21:59:16.420   576   576 D SystemServerTiming: StartAppWidgerService took to complete: 8ms
10-05 21:59:16.420   576   576 I SystemServer: StartVoiceRecognitionManager
10-05 21:59:16.421   576   576 I SystemServiceManager: Starting com.android.server.voiceinteraction.VoiceInteractionManagerService
10-05 21:59:16.423   576   576 D SystemServerTiming: StartVoiceRecognitionManager took to complete: 3ms
10-05 21:59:16.424   576   576 I SystemServer: StartGestureLauncher
10-05 21:59:16.424   576   576 I SystemServiceManager: Starting com.android.server.GestureLauncherService
10-05 21:59:16.424   576   576 D SystemServerTiming: StartGestureLauncher took to complete: 1ms
10-05 21:59:16.424   576   576 I SystemServer: StartSensorNotification
10-05 21:59:16.425   576   576 I SystemServiceManager: Starting com.android.server.SensorNotificationService
10-05 21:59:16.425   576   576 D SystemServerTiming: StartSensorNotification took to complete: 0ms
10-05 21:59:16.425   576   576 I SystemServer: StartContextHubSystemService
10-05 21:59:16.425   576   576 I SystemServiceManager: Starting com.android.server.ContextHubSystemService
10-05 21:59:16.428   163   163 W /system/bin/hwservicemanager: getTransportFromManifest: Cannot find entry android.hardware.contexthub@1.0::IContexthub in either framework or device manifest, using default transport.
10-05 21:59:16.429   576   576 D SystemServerTiming: StartContextHubSystemService took to complete: 5ms
10-05 21:59:16.429   576   576 I SystemServer: StartDiskStatsService
10-05 21:59:16.432   576   576 D SystemServerTiming: StartDiskStatsService took to complete: 2ms
10-05 21:59:16.432   576   576 I SystemServer: StartSamplingProfilerService
10-05 21:59:16.679   576   576 D SystemServerTiming: StartSamplingProfilerService took to complete: 247ms
10-05 21:59:16.679   576   576 I SystemServer: StartNetworkTimeUpdateService
10-05 21:59:16.680   576   576 D SystemServerTiming: StartNetworkTimeUpdateService took to complete: 2ms
10-05 21:59:16.681   576   576 I SystemServer: StartCommonTimeManagementService
10-05 21:59:16.683   576   576 D SystemServerTiming: StartCommonTimeManagementService took to complete: 2ms
10-05 21:59:16.683   576   576 I SystemServer: CertBlacklister
10-05 21:59:16.684   576   576 D SystemServerTiming: CertBlacklister took to complete: 1ms
10-05 21:59:16.684   576   576 I SystemServer: StartEmergencyAffordanceService
10-05 21:59:16.684   576   576 I SystemServiceManager: Starting com.android.server.emergency.EmergencyAffordanceService
10-05 21:59:16.685   576   576 D SystemServerTiming: StartEmergencyAffordanceService took to complete: 1ms
10-05 21:59:16.685   576   576 I SystemServer: StartDreamManager
10-05 21:59:16.685   576   576 I SystemServiceManager: Starting com.android.server.dreams.DreamManagerService
10-05 21:59:16.688   576   576 D SystemServerTiming: StartDreamManager took to complete: 4ms
10-05 21:59:16.688   576   576 I SystemServer: AddGraphicsStatsService
10-05 21:59:16.691   576   576 D SystemServerTiming: AddGraphicsStatsService took to complete: 3ms
10-05 21:59:16.693   576   576 I SystemServer: StartPrintManager
10-05 21:59:16.693   576   576 I SystemServiceManager: Starting com.android.server.print.PrintManagerService
10-05 21:59:16.698   576   576 D SystemServerTiming: StartPrintManager took to complete: 5ms
10-05 21:59:16.698   576   576 I SystemServer: StartCompanionDeviceManager
10-05 21:59:16.698   576   576 I SystemServiceManager: Starting com.android.server.companion.CompanionDeviceManagerService
10-05 21:59:16.701   576   576 D SystemServerTiming: StartCompanionDeviceManager took to complete: 4ms
10-05 21:59:16.701   576   576 I SystemServer: StartRestrictionManager
10-05 21:59:16.702   576   576 I SystemServiceManager: Starting com.android.server.restrictions.RestrictionsManagerService
10-05 21:59:16.703   576   576 D SystemServerTiming: StartRestrictionManager took to complete: 2ms
10-05 21:59:16.704   576   576 I SystemServer: StartMediaSessionService
10-05 21:59:16.704   576   576 I SystemServiceManager: Starting com.android.server.media.MediaSessionService
10-05 21:59:16.709   576   576 D SystemServerTiming: StartMediaSessionService took to complete: 5ms
10-05 21:59:16.709   576   576 I SystemServer: StartMediaResourceMonitor
10-05 21:59:16.709   576   576 I SystemServiceManager: Starting com.android.server.media.MediaResourceMonitorService
10-05 21:59:16.710   576   576 D SystemServerTiming: StartMediaResourceMonitor took to complete: 2ms
10-05 21:59:16.710   576   576 I SystemServer: StartMediaRouterService
10-05 21:59:16.712   576   576 D SystemServerTiming: StartMediaRouterService took to complete: 2ms
10-05 21:59:16.712   576   576 I SystemServer: StartBackgroundDexOptService
10-05 21:59:16.714   576   576 D SystemServerTiming: StartBackgroundDexOptService took to complete: 1ms
10-05 21:59:16.714   576   576 I SystemServer: StartPruneInstantAppsJobService
10-05 21:59:16.715   576   576 D SystemServerTiming: StartPruneInstantAppsJobService took to complete: 2ms
10-05 21:59:16.715   576   576 I SystemServer: StartShortcutServiceLifecycle
10-05 21:59:16.716   576   576 I SystemServiceManager: Starting com.android.server.pm.ShortcutService$Lifecycle
10-05 21:59:16.736   576   576 D SystemServerTiming: StartShortcutServiceLifecycle took to complete: 21ms
10-05 21:59:16.736   576   576 I SystemServer: StartLauncherAppsService
10-05 21:59:16.737   576   576 I SystemServiceManager: Starting com.android.server.pm.LauncherAppsService
10-05 21:59:16.740   576   576 D SystemServerTiming: StartLauncherAppsService took to complete: 3ms
10-05 21:59:16.740   576   576 I SystemServer: StartMediaProjectionManager
10-05 21:59:16.740   576   576 I SystemServiceManager: Starting com.android.server.media.projection.MediaProjectionManagerService
10-05 21:59:16.753   576   576 D SystemServerTiming: StartMediaProjectionManager took to complete: 13ms
10-05 21:59:16.758   576   576 I SystemServer: StartJitCompilation
10-05 21:59:16.758   576   576 D SystemServerTiming: StartJitCompilation took to complete: 0ms
10-05 21:59:16.758   576   576 I SystemServer: StartMmsService
10-05 21:59:16.758   576   576 I SystemServiceManager: Starting com.android.server.MmsServiceBroker
10-05 21:59:16.762   576   576 D SystemServerTiming: StartMmsService took to complete: 4ms
10-05 21:59:16.762   576   576 I SystemServer: StartRetailDemoModeService
10-05 21:59:16.762   576   576 I SystemServiceManager: Starting com.android.server.retaildemo.RetailDemoModeService
10-05 21:59:16.767   576  1644 I ServiceThread: Enabled StrictMode logging for RetailDemoModeService looper.
10-05 21:59:16.768   576   576 D SystemServerTiming: StartRetailDemoModeService took to complete: 6ms
10-05 21:59:16.768   576   576 I SystemServer: StartAutoFillService
10-05 21:59:16.769   576   576 I SystemServiceManager: Starting com.android.server.autofill.AutofillManagerService
10-05 21:59:16.770   576   576 I AutofillManagerService: Setting debug to true
10-05 21:59:16.774   576   576 D SystemServerTiming: StartAutoFillService took to complete: 7ms
10-05 21:59:16.775   576   576 I SystemServer: MakeVibratorServiceReady
10-05 21:59:16.778   576   576 D SystemServerTiming: MakeVibratorServiceReady took to complete: 2ms
10-05 21:59:16.778   576   576 I SystemServer: MakeLockSettingsServiceReady
10-05 21:59:17.283   209   258 D ThermalDaemon: Sensor 'tsens_tz_sensor4' - alarm cleared 1 at 57.0 degC
10-05 21:59:17.786   576   576 I LockSettingsService: Migrated lock settings to new location
10-05 21:59:18.043   576   576 I LockSettingsService: Migrated per-user lock settings to new location
10-05 21:59:18.213   576   576 I LockSettingsService: Migrated biometric weak to use the fallback instead
10-05 21:59:18.301   576   576 I LockSettingsService: Migrated lockscreen disabled flag
10-05 21:59:18.311   576   576 E LockSettingsStorage: Cannot read file java.io.FileNotFoundException: /data/system/gatekeeper.password.key: open failed: ENOENT (No such file or directory)
10-05 21:59:18.311   576   576 E LockSettingsStorage: Cannot read file java.io.FileNotFoundException: /data/system/password.key: open failed: ENOENT (No such file or directory)
10-05 21:59:18.312   576   576 E LockSettingsStorage: Cannot read file java.io.FileNotFoundException: /data/system/gatekeeper.pattern.key: open failed: ENOENT (No such file or directory)
10-05 21:59:18.312   576   576 E LockSettingsStorage: Cannot read file java.io.FileNotFoundException: /data/system/gatekeeper.gesture.key: open failed: ENOENT (No such file or directory)
10-05 21:59:18.312   576   576 E LockSettingsStorage: Cannot read file java.io.FileNotFoundException: /data/system/gesture.key: open failed: ENOENT (No such file or directory)
10-05 21:59:18.313   576   576 D SystemServerTiming: MakeLockSettingsServiceReady took to complete: 1535ms
10-05 21:59:18.313   576   576 I SystemServer: StartBootPhaseLockSettingsReady
10-05 21:59:18.313   576   576 I SystemServiceManager: Starting phase 480
10-05 21:59:18.319   576   576 D SystemServerTiming: StartBootPhaseLockSettingsReady took to complete: 6ms
10-05 21:59:18.319   576   576 I SystemServer: StartBootPhaseSystemServicesReady
10-05 21:59:18.319   576   576 I SystemServiceManager: Starting phase 500
10-05 21:59:18.322   576   576 W UsageStatsService: Missing procfs interface: /proc/uid_procstat/set
10-05 21:59:18.325   576   576 I VrManagerService: No default vr listener service found.
10-05 21:59:18.334   576   576 I WifiService: WifiService starting up with Wi-Fi disabled
10-05 21:59:18.342   576   750 I chatty  : uid=1000(system) HwBinder:576_1 expire 3 lines
10-05 21:59:18.354   576  1630 D ConnectivityService: Got NetworkFactory Messenger for Ethernet
10-05 21:59:18.355   576  1646 I chatty  : uid=1000(system) EthernetService expire 3 lines
