09-17 00:35:39.531  1111  1111 F DEBUG   : Abort message: 'CANNOT LINK EXECUTABLE "/system/bin/mm-qcamera-daemon": "/system/lib/libmmjpeg.so" has text relocations'
09-17 00:35:39.531  1111  1111 F DEBUG   :     r0 00000000  r1 00000454  r2 00000006  r3 00000008
09-17 00:35:39.531  1111  1111 F DEBUG   :     r4 00000454  r5 00000454  r6 be86a830  r7 0000010c
09-17 00:35:39.531  1111  1111 F DEBUG   :     r8 be86bae4  r9 a9922010  sl be86aad8  fp a996e9f0
09-17 00:35:39.531  1111  1111 F DEBUG   :     ip 00000000  sp be86a820  lr a99d85e7  pc a99e288c  cpsr 200d0010
09-17 00:35:39.542  1111  1111 F DEBUG   : 
09-17 00:35:39.542  1111  1111 F DEBUG   : backtrace:
09-17 00:35:39.542  1111  1111 F DEBUG   :     #00 pc 0006788c  /system/bin/linker (__dl_tgkill+12)
09-17 00:35:39.542  1111  1111 F DEBUG   :     #01 pc 0005d5e3  /system/bin/linker (__dl_abort+54)
09-17 00:35:39.542  1111  1111 F DEBUG   :     #02 pc 00018c21  /system/bin/linker (__dl___libc_fatal+24)
09-17 00:35:39.542  1111  1111 F DEBUG   :     #03 pc 00010267  /system/bin/linker (__dl___linker_init+1986)
09-17 00:35:39.543  1111  1111 F DEBUG   :     #04 pc 00015324  /system/bin/linker (_start+4)
09-17 00:35:40.411   909  1121 I chatty  : uid=1000 system_server expire 1 line
09-17 00:35:40.900   909  1120 I chatty  : uid=1000 system_server expire 2 lines
09-17 00:35:42.930   909  1156 I chatty  : uid=1000 system_server expire 4 lines
09-17 00:35:42.949   909  1155 I chatty  : uid=1000 system_server expire 1 line
09-17 00:35:44.496  1177  1177 F libc    : CANNOT LINK EXECUTABLE "/system/bin/mm-qcamera-daemon": "/system/lib/libmmjpeg.so" has text relocations
09-17 00:35:44.496  1177  1177 F libc    : Fatal signal 6 (SIGABRT), code -6 in tid 1177 (mm-qcamera-daem)
09-17 00:35:44.607  1180  1180 F DEBUG   : *** *** *** *** *** *** *** *** *** *** *** *** *** *** *** ***
09-17 00:35:44.607  1180  1180 F DEBUG   : Build fingerprint: 'google/nitrogen_mako/mako:8.0.0/OPR6.170623.017/root09161737:userdebug/test-keys'
09-17 00:35:44.607  1180  1180 F DEBUG   : Revision: '0'
09-17 00:35:44.607  1180  1180 F DEBUG   : ABI: 'arm'
09-17 00:35:44.607  1180  1180 F DEBUG   : pid: 1177, tid: 1177, name: mm-qcamera-daem  >>> /system/bin/mm-qcamera-daemon <<<
09-17 00:35:44.607  1180  1180 F DEBUG   : signal 6 (SIGABRT), code -6 (SI_TKILL), fault addr --------
09-17 00:35:44.612  1180  1180 F DEBUG   : Abort message: 'CANNOT LINK EXECUTABLE "/system/bin/mm-qcamera-daemon": "/system/lib/libmmjpeg.so" has text relocations'
09-17 00:35:44.612  1180  1180 F DEBUG   :     r0 00000000  r1 00000499  r2 00000006  r3 00000008
09-17 00:35:44.612  1180  1180 F DEBUG   :     r4 00000499  r5 00000499  r6 bea35830  r7 0000010c
09-17 00:35:44.612  1180  1180 F DEBUG   :     r8 bea36ae4  r9 accab010  sl bea35ad8  fp accf79f0
09-17 00:35:44.612  1180  1180 F DEBUG   :     ip 00000000  sp bea35820  lr acd615e7  pc acd6b88c  cpsr 200d0010
09-17 00:35:44.625  1180  1180 F DEBUG   : 
09-17 00:35:44.625  1180  1180 F DEBUG   : backtrace:
09-17 00:35:44.625  1180  1180 F DEBUG   :     #00 pc 0006788c  /system/bin/linker (__dl_tgkill+12)
09-17 00:35:44.625  1180  1180 F DEBUG   :     #01 pc 0005d5e3  /system/bin/linker (__dl_abort+54)
09-17 00:35:44.626  1180  1180 F DEBUG   :     #02 pc 00018c21  /system/bin/linker (__dl___libc_fatal+24)
09-17 00:35:44.626  1180  1180 F DEBUG   :     #03 pc 00010267  /system/bin/linker (__dl___linker_init+1986)
09-17 00:35:44.626  1180  1180 F DEBUG   :     #04 pc 00015324  /system/bin/linker (_start+4)
09-17 00:35:46.210   909  1191 I chatty  : uid=1000 system_server expire 2 lines
09-17 00:35:46.478   909  1195 I chatty  : uid=1000(system) android.anim expire 1 line
09-17 00:35:46.486   909  1196 I chatty  : uid=1000 system_server expire 2 lines
09-17 00:35:46.488   909  1197 I chatty  : uid=1000 system_server expire 1 line
09-17 00:35:46.505   909  1075 I chatty  : uid=1000(system) batterystats-sy expire 7 lines
09-17 00:35:46.595   909   909 I chatty  : uid=1000 system_server expire 82 lines
09-17 00:35:46.599   909  1206 I chatty  : uid=1000(system) CameraService_p expire 1 line
09-17 00:35:47.423   909  1197 I chatty  : uid=1000 system_server expire 2 lines
09-17 00:35:48.175   909  1080 I chatty  : uid=1000(system) android.display expire 1 line
09-17 00:35:48.214   909  1191 I chatty  : uid=1000 system_server expire 3 lines
09-17 00:35:48.249   909  1196 I chatty  : uid=1000 system_server expire 4 lines
09-17 00:35:48.338   909  1071 I chatty  : uid=1000(system) android.bg expire 5 lines
09-17 00:35:48.365   909  1255 I chatty  : uid=1000(system) StorageManagerS expire 11 lines
09-17 00:35:48.367   909  1257 I chatty  : uid=1000(system) CryptdConnector expire 1 line
09-17 00:35:48.369   909  1256 I chatty  : uid=1000(system) VoldConnector expire 4 lines
09-17 00:35:48.467   909  1070 I chatty  : uid=1000 system_server expire 4 lines
09-17 00:35:49.492  1306  1306 F libc    : CANNOT LINK EXECUTABLE "/system/bin/mm-qcamera-daemon": "/system/lib/libmmjpeg.so" has text relocations
09-17 00:35:49.492  1306  1306 F libc    : Fatal signal 6 (SIGABRT), code -6 in tid 1306 (mm-qcamera-daem)
09-17 00:35:49.537  1309  1309 F DEBUG   : *** *** *** *** *** *** *** *** *** *** *** *** *** *** *** ***
09-17 00:35:49.537  1309  1309 F DEBUG   : Build fingerprint: 'google/nitrogen_mako/mako:8.0.0/OPR6.170623.017/root09161737:userdebug/test-keys'
09-17 00:35:49.537  1309  1309 F DEBUG   : Revision: '0'
09-17 00:35:49.537  1309  1309 F DEBUG   : ABI: 'arm'
09-17 00:35:49.537  1309  1309 F DEBUG   : pid: 1306, tid: 1306, name: mm-qcamera-daem  >>> /system/bin/mm-qcamera-daemon <<<
09-17 00:35:49.537  1309  1309 F DEBUG   : signal 6 (SIGABRT), code -6 (SI_TKILL), fault addr --------
09-17 00:35:49.541  1309  1309 F DEBUG   : Abort message: 'CANNOT LINK EXECUTABLE "/system/bin/mm-qcamera-daemon": "/system/lib/libmmjpeg.so" has text relocations'
09-17 00:35:49.541  1309  1309 F DEBUG   :     r0 00000000  r1 0000051a  r2 00000006  r3 00000008
09-17 00:35:49.541  1309  1309 F DEBUG   :     r4 0000051a  r5 0000051a  r6 bec0f830  r7 0000010c
09-17 00:35:49.541  1309  1309 F DEBUG   :     r8 bec10ae4  r9 b62b8010  sl bec0fad8  fp b63049f0
09-17 00:35:49.541  1309  1309 F DEBUG   :     ip 00000000  sp bec0f820  lr b636e5e7  pc b637888c  cpsr 200d0010
09-17 00:35:49.551  1309  1309 F DEBUG   : 
09-17 00:35:49.551  1309  1309 F DEBUG   : backtrace:
09-17 00:35:49.551  1309  1309 F DEBUG   :     #00 pc 0006788c  /system/bin/linker (__dl_tgkill+12)
09-17 00:35:49.551  1309  1309 F DEBUG   :     #01 pc 0005d5e3  /system/bin/linker (__dl_abort+54)
09-17 00:35:49.551  1309  1309 F DEBUG   :     #02 pc 00018c21  /system/bin/linker (__dl___libc_fatal+24)
09-17 00:35:49.551  1309  1309 F DEBUG   :     #03 pc 00010267  /system/bin/linker (__dl___linker_init+1986)
09-17 00:35:49.551  1309  1309 F DEBUG   :     #04 pc 00015324  /system/bin/linker (_start+4)
09-17 00:35:54.492  1371  1371 F libc    : CANNOT LINK EXECUTABLE "/system/bin/mm-qcamera-daemon": "/system/lib/libmmjpeg.so" has text relocations
09-17 00:35:54.493  1371  1371 F libc    : Fatal signal 6 (SIGABRT), code -6 in tid 1371 (mm-qcamera-daem)
09-17 00:35:54.534  1374  1374 F DEBUG   : *** *** *** *** *** *** *** *** *** *** *** *** *** *** *** ***
09-17 00:35:54.534  1374  1374 F DEBUG   : Build fingerprint: 'google/nitrogen_mako/mako:8.0.0/OPR6.170623.017/root09161737:userdebug/test-keys'
09-17 00:35:54.534  1374  1374 F DEBUG   : Revision: '0'
09-17 00:35:54.534  1374  1374 F DEBUG   : ABI: 'arm'
09-17 00:35:54.535  1374  1374 F DEBUG   : pid: 1371, tid: 1371, name: mm-qcamera-daem  >>> /system/bin/mm-qcamera-daemon <<<
09-17 00:35:54.535  1374  1374 F DEBUG   : signal 6 (SIGABRT), code -6 (SI_TKILL), fault addr --------
09-17 00:35:54.539  1374  1374 F DEBUG   : Abort message: 'CANNOT LINK EXECUTABLE "/system/bin/mm-qcamera-daemon": "/system/lib/libmmjpeg.so" has text relocations'
09-17 00:35:54.539  1374  1374 F DEBUG   :     r0 00000000  r1 0000055b  r2 00000006  r3 00000008
09-17 00:35:54.539  1374  1374 F DEBUG   :     r4 0000055b  r5 0000055b  r6 bef1a830  r7 0000010c
09-17 00:35:54.539  1374  1374 F DEBUG   :     r8 bef1bae4  r9 b4edb010  sl bef1aad8  fp b4f279f0
09-17 00:35:54.539  1374  1374 F DEBUG   :     ip 00000000  sp bef1a820  lr b4f915e7  pc b4f9b88c  cpsr 200d0010
09-17 00:35:54.548  1374  1374 F DEBUG   : 
09-17 00:35:54.548  1374  1374 F DEBUG   : backtrace:
09-17 00:35:54.548  1374  1374 F DEBUG   :     #00 pc 0006788c  /system/bin/linker (__dl_tgkill+12)
09-17 00:35:54.548  1374  1374 F DEBUG   :     #01 pc 0005d5e3  /system/bin/linker (__dl_abort+54)
09-17 00:35:54.549  1374  1374 F DEBUG   :     #02 pc 00018c21  /system/bin/linker (__dl___libc_fatal+24)
09-17 00:35:54.549  1374  1374 F DEBUG   :     #03 pc 00010267  /system/bin/linker (__dl___linker_init+1986)
09-17 00:35:54.549  1374  1374 F DEBUG   :     #04 pc 00015324  /system/bin/linker (_start+4)
09-17 00:35:59.495  1444  1444 F libc    : CANNOT LINK EXECUTABLE "/system/bin/mm-qcamera-daemon": "/system/lib/libmmjpeg.so" has text relocations
09-17 00:35:59.495  1444  1444 F libc    : Fatal signal 6 (SIGABRT), code -6 in tid 1444 (mm-qcamera-daem)
09-17 00:35:59.531  1447  1447 F DEBUG   : *** *** *** *** *** *** *** *** *** *** *** *** *** *** *** ***
09-17 00:35:59.531  1447  1447 F DEBUG   : Build fingerprint: 'google/nitrogen_mako/mako:8.0.0/OPR6.170623.017/root09161737:userdebug/test-keys'
09-17 00:35:59.531  1447  1447 F DEBUG   : Revision: '0'
09-17 00:35:59.531  1447  1447 F DEBUG   : ABI: 'arm'
09-17 00:35:59.531  1447  1447 F DEBUG   : pid: 1444, tid: 1444, name: mm-qcamera-daem  >>> /system/bin/mm-qcamera-daemon <<<
09-17 00:35:59.531  1447  1447 F DEBUG   : signal 6 (SIGABRT), code -6 (SI_TKILL), fault addr --------
09-17 00:35:59.535  1447  1447 F DEBUG   : Abort message: 'CANNOT LINK EXECUTABLE "/system/bin/mm-qcamera-daemon": "/system/lib/libmmjpeg.so" has text relocations'
09-17 00:35:59.536  1447  1447 F DEBUG   :     r0 00000000  r1 000005a4  r2 00000006  r3 00000008
09-17 00:35:59.536  1447  1447 F DEBUG   :     r4 000005a4  r5 000005a4  r6 befba830  r7 0000010c
09-17 00:35:59.536  1447  1447 F DEBUG   :     r8 befbbae4  r9 ad8ff010  sl befbaad8  fp ad94b9f0
09-17 00:35:59.536  1447  1447 F DEBUG   :     ip 00000000  sp befba820  lr ad9b55e7  pc ad9bf88c  cpsr 200d0010
09-17 00:35:59.546  1447  1447 F DEBUG   : 
09-17 00:35:59.546  1447  1447 F DEBUG   : backtrace:
09-17 00:35:59.547  1447  1447 F DEBUG   :     #00 pc 0006788c  /system/bin/linker (__dl_tgkill+12)
09-17 00:35:59.547  1447  1447 F DEBUG   :     #01 pc 0005d5e3  /system/bin/linker (__dl_abort+54)
09-17 00:35:59.547  1447  1447 F DEBUG   :     #02 pc 00018c21  /system/bin/linker (__dl___libc_fatal+24)
09-17 00:35:59.547  1447  1447 F DEBUG   :     #03 pc 00010267  /system/bin/linker (__dl___linker_init+1986)
09-17 00:35:59.547  1447  1447 F DEBUG   :     #04 pc 00015324  /system/bin/linker (_start+4)
09-17 00:36:04.496  1496  1496 F libc    : CANNOT LINK EXECUTABLE "/system/bin/mm-qcamera-daemon": "/system/lib/libmmjpeg.so" has text relocations
09-17 00:36:04.496  1496  1496 F libc    : Fatal signal 6 (SIGABRT), code -6 in tid 1496 (mm-qcamera-daem)
09-17 00:36:04.534  1499  1499 F DEBUG   : *** *** *** *** *** *** *** *** *** *** *** *** *** *** *** ***
09-17 00:36:04.534  1499  1499 F DEBUG   : Build fingerprint: 'google/nitrogen_mako/mako:8.0.0/OPR6.170623.017/root09161737:userdebug/test-keys'
09-17 00:36:04.534  1499  1499 F DEBUG   : Revision: '0'
09-17 00:36:04.534  1499  1499 F DEBUG   : ABI: 'arm'
09-17 00:36:04.534  1499  1499 F DEBUG   : pid: 1496, tid: 1496, name: mm-qcamera-daem  >>> /system/bin/mm-qcamera-daemon <<<
09-17 00:36:04.534  1499  1499 F DEBUG   : signal 6 (SIGABRT), code -6 (SI_TKILL), fault addr --------
09-17 00:36:04.538  1499  1499 F DEBUG   : Abort message: 'CANNOT LINK EXECUTABLE "/system/bin/mm-qcamera-daemon": "/system/lib/libmmjpeg.so" has text relocations'
09-17 00:36:04.539  1499  1499 F DEBUG   :     r0 00000000  r1 000005d8  r2 00000006  r3 00000008
09-17 00:36:04.539  1499  1499 F DEBUG   :     r4 000005d8  r5 000005d8  r6 bef1f830  r7 0000010c
09-17 00:36:04.539  1499  1499 F DEBUG   :     r8 bef20ae4  r9 a904a010  sl bef1fad8  fp a90969f0
09-17 00:36:04.539  1499  1499 F DEBUG   :     ip 00000000  sp bef1f820  lr a91005e7  pc a910a88c  cpsr 200d0010
09-17 00:36:04.548  1499  1499 F DEBUG   : 
09-17 00:36:04.548  1499  1499 F DEBUG   : backtrace:
09-17 00:36:04.548  1499  1499 F DEBUG   :     #00 pc 0006788c  /system/bin/linker (__dl_tgkill+12)
09-17 00:36:04.548  1499  1499 F DEBUG   :     #01 pc 0005d5e3  /system/bin/linker (__dl_abort+54)
09-17 00:36:04.548  1499  1499 F DEBUG   :     #02 pc 00018c21  /system/bin/linker (__dl___libc_fatal+24)
09-17 00:36:04.548  1499  1499 F DEBUG   :     #03 pc 00010267  /system/bin/linker (__dl___linker_init+1986)
09-17 00:36:04.548  1499  1499 F DEBUG   :     #04 pc 00015324  /system/bin/linker (_start+4)
09-17 00:36:09.501  1543  1543 F libc    : CANNOT LINK EXECUTABLE "/system/bin/mm-qcamera-daemon": "/system/lib/libmmjpeg.so" has text relocations
09-17 00:36:09.501  1543  1543 F libc    : Fatal signal 6 (SIGABRT), code -6 in tid 1543 (mm-qcamera-daem)
09-17 00:36:09.537  1546  1546 F DEBUG   : *** *** *** *** *** *** *** *** *** *** *** *** *** *** *** ***
09-17 00:36:09.537  1546  1546 F DEBUG   : Build fingerprint: 'google/nitrogen_mako/mako:8.0.0/OPR6.170623.017/root09161737:userdebug/test-keys'
09-17 00:36:09.537  1546  1546 F DEBUG   : Revision: '0'
09-17 00:36:09.538  1546  1546 F DEBUG   : ABI: 'arm'
09-17 00:36:09.538  1546  1546 F DEBUG   : pid: 1543, tid: 1543, name: mm-qcamera-daem  >>> /system/bin/mm-qcamera-daemon <<<
09-17 00:36:09.538  1546  1546 F DEBUG   : signal 6 (SIGABRT), code -6 (SI_TKILL), fault addr --------
09-17 00:36:09.542  1546  1546 F DEBUG   : Abort message: 'CANNOT LINK EXECUTABLE "/system/bin/mm-qcamera-daemon": "/system/lib/libmmjpeg.so" has text relocations'
09-17 00:36:09.542  1546  1546 F DEBUG   :     r0 00000000  r1 00000607  r2 00000006  r3 00000008
09-17 00:36:09.542  1546  1546 F DEBUG   :     r4 00000607  r5 00000607  r6 bebb3830  r7 0000010c
09-17 00:36:09.542  1546  1546 F DEBUG   :     r8 bebb4ae4  r9 b0316010  sl bebb3ad8  fp b03629f0
09-17 00:36:09.542  1546  1546 F DEBUG   :     ip 00000000  sp bebb3820  lr b03cc5e7  pc b03d688c  cpsr 200d0010
09-17 00:36:09.552  1546  1546 F DEBUG   : 
09-17 00:36:09.552  1546  1546 F DEBUG   : backtrace:
09-17 00:36:09.552  1546  1546 F DEBUG   :     #00 pc 0006788c  /system/bin/linker (__dl_tgkill+12)
09-17 00:36:09.552  1546  1546 F DEBUG   :     #01 pc 0005d5e3  /system/bin/linker (__dl_abort+54)
09-17 00:36:09.552  1546  1546 F DEBUG   :     #02 pc 00018c21  /system/bin/linker (__dl___libc_fatal+24)
09-17 00:36:09.552  1546  1546 F DEBUG   :     #03 pc 00010267  /system/bin/linker (__dl___linker_init+1986)
09-17 00:36:09.552  1546  1546 F DEBUG   :     #04 pc 00015324  /system/bin/linker (_start+4)
09-17 00:36:14.497  1615  1615 F libc    : CANNOT LINK EXECUTABLE "/system/bin/mm-qcamera-daemon": "/system/lib/libmmjpeg.so" has text relocations
09-17 00:36:14.498  1615  1615 F libc    : Fatal signal 6 (SIGABRT), code -6 in tid 1615 (mm-qcamera-daem)
09-17 00:36:14.546  1618  1618 F DEBUG   : *** *** *** *** *** *** *** *** *** *** *** *** *** *** *** ***
09-17 00:36:14.546  1618  1618 F DEBUG   : Build fingerprint: 'google/nitrogen_mako/mako:8.0.0/OPR6.170623.017/root09161737:userdebug/test-keys'
09-17 00:36:14.546  1618  1618 F DEBUG   : Revision: '0'
09-17 00:36:14.546  1618  1618 F DEBUG   : ABI: 'arm'
09-17 00:36:14.546  1618  1618 F DEBUG   : pid: 1615, tid: 1615, name: mm-qcamera-daem  >>> /system/bin/mm-qcamera-daemon <<<
09-17 00:36:14.546  1618  1618 F DEBUG   : signal 6 (SIGABRT), code -6 (SI_TKILL), fault addr --------
09-17 00:36:14.551  1618  1618 F DEBUG   : Abort message: 'CANNOT LINK EXECUTABLE "/system/bin/mm-qcamera-daemon": "/system/lib/libmmjpeg.so" has text relocations'
09-17 00:36:14.551  1618  1618 F DEBUG   :     r0 00000000  r1 0000064f  r2 00000006  r3 00000008
09-17 00:36:14.551  1618  1618 F DEBUG   :     r4 0000064f  r5 0000064f  r6 beda1830  r7 0000010c
09-17 00:36:14.551  1618  1618 F DEBUG   :     r8 beda2ae4  r9 ab3b1010  sl beda1ad8  fp ab3fd9f0
09-17 00:36:14.551  1618  1618 F DEBUG   :     ip 00000000  sp beda1820  lr ab4675e7  pc ab47188c  cpsr 200d0010
09-17 00:36:14.561  1618  1618 F DEBUG   : 
09-17 00:36:14.561  1618  1618 F DEBUG   : backtrace:
09-17 00:36:14.561  1618  1618 F DEBUG   :     #00 pc 0006788c  /system/bin/linker (__dl_tgkill+12)
09-17 00:36:14.561  1618  1618 F DEBUG   :     #01 pc 0005d5e3  /system/bin/linker (__dl_abort+54)
09-17 00:36:14.561  1618  1618 F DEBUG   :     #02 pc 00018c21  /system/bin/linker (__dl___libc_fatal+24)
09-17 00:36:14.561  1618  1618 F DEBUG   :     #03 pc 00010267  /system/bin/linker (__dl___linker_init+1986)
09-17 00:36:14.561  1618  1618 F DEBUG   :     #04 pc 00015324  /system/bin/linker (_start+4)
09-17 00:36:19.504  1691  1691 F libc    : CANNOT LINK EXECUTABLE "/system/bin/mm-qcamera-daemon": "/system/lib/libmmjpeg.so" has text relocations
09-17 00:36:19.504  1691  1691 F libc    : Fatal signal 6 (SIGABRT), code -6 in tid 1691 (mm-qcamera-daem)
09-17 00:36:19.548  1695  1695 F DEBUG   : *** *** *** *** *** *** *** *** *** *** *** *** *** *** *** ***
09-17 00:36:19.548  1695  1695 F DEBUG   : Build fingerprint: 'google/nitrogen_mako/mako:8.0.0/OPR6.170623.017/root09161737:userdebug/test-keys'
09-17 00:36:19.548  1695  1695 F DEBUG   : Revision: '0'
09-17 00:36:19.548  1695  1695 F DEBUG   : ABI: 'arm'
09-17 00:36:19.548  1695  1695 F DEBUG   : pid: 1691, tid: 1691, name: mm-qcamera-daem  >>> /system/bin/mm-qcamera-daemon <<<
09-17 00:36:19.548  1695  1695 F DEBUG   : signal 6 (SIGABRT), code -6 (SI_TKILL), fault addr --------
09-17 00:36:19.553  1695  1695 F DEBUG   : Abort message: 'CANNOT LINK EXECUTABLE "/system/bin/mm-qcamera-daemon": "/system/lib/libmmjpeg.so" has text relocations'
09-17 00:36:19.554  1695  1695 F DEBUG   :     r0 00000000  r1 0000069b  r2 00000006  r3 00000008
09-17 00:36:19.554  1695  1695 F DEBUG   :     r4 0000069b  r5 0000069b  r6 be991830  r7 0000010c
09-17 00:36:19.554  1695  1695 F DEBUG   :     r8 be992ae4  r9 a9473010  sl be991ad8  fp a94bf9f0
09-17 00:36:19.554  1695  1695 F DEBUG   :     ip 00000000  sp be991820  lr a95295e7  pc a953388c  cpsr 200d0010
09-17 00:36:19.564  1695  1695 F DEBUG   : 
09-17 00:36:19.564  1695  1695 F DEBUG   : backtrace:
09-17 00:36:19.564  1695  1695 F DEBUG   :     #00 pc 0006788c  /system/bin/linker (__dl_tgkill+12)
09-17 00:36:19.564  1695  1695 F DEBUG   :     #01 pc 0005d5e3  /system/bin/linker (__dl_abort+54)
09-17 00:36:19.564  1695  1695 F DEBUG   :     #02 pc 00018c21  /system/bin/linker (__dl___libc_fatal+24)
09-17 00:36:19.564  1695  1695 F DEBUG   :     #03 pc 00010267  /system/bin/linker (__dl___linker_init+1986)
09-17 00:36:19.564  1695  1695 F DEBUG   :     #04 pc 00015324  /system/bin/linker (_start+4)
09-17 00:36:24.500  1769  1769 F libc    : CANNOT LINK EXECUTABLE "/system/bin/mm-qcamera-daemon": "/system/lib/libmmjpeg.so" has text relocations
09-17 00:36:24.500  1769  1769 F libc    : Fatal signal 6 (SIGABRT), code -6 in tid 1769 (mm-qcamera-daem)
09-17 00:36:24.535  1772  1772 F DEBUG   : *** *** *** *** *** *** *** *** *** *** *** *** *** *** *** ***
09-17 00:36:24.536  1772  1772 F DEBUG   : Build fingerprint: 'google/nitrogen_mako/mako:8.0.0/OPR6.170623.017/root09161737:userdebug/test-keys'
09-17 00:36:24.536  1772  1772 F DEBUG   : Revision: '0'
09-17 00:36:24.536  1772  1772 F DEBUG   : ABI: 'arm'
09-17 00:36:24.536  1772  1772 F DEBUG   : pid: 1769, tid: 1769, name: mm-qcamera-daem  >>> /system/bin/mm-qcamera-daemon <<<
09-17 00:36:24.536  1772  1772 F DEBUG   : signal 6 (SIGABRT), code -6 (SI_TKILL), fault addr --------
09-17 00:36:24.540  1772  1772 F DEBUG   : Abort message: 'CANNOT LINK EXECUTABLE "/system/bin/mm-qcamera-daemon": "/system/lib/libmmjpeg.so" has text relocations'
09-17 00:36:24.540  1772  1772 F DEBUG   :     r0 00000000  r1 000006e9  r2 00000006  r3 00000008
09-17 00:36:24.540  1772  1772 F DEBUG   :     r4 000006e9  r5 000006e9  r6 beda0830  r7 0000010c
09-17 00:36:24.540  1772  1772 F DEBUG   :     r8 beda1ae4  r9 a6ff8010  sl beda0ad8  fp a70449f0
09-17 00:36:24.540  1772  1772 F DEBUG   :     ip 00000000  sp beda0820  lr a70ae5e7  pc a70b888c  cpsr 200d0010
09-17 00:36:24.550  1772  1772 F DEBUG   : 
09-17 00:36:24.550  1772  1772 F DEBUG   : backtrace:
09-17 00:36:24.550  1772  1772 F DEBUG   :     #00 pc 0006788c  /system/bin/linker (__dl_tgkill+12)
09-17 00:36:24.550  1772  1772 F DEBUG   :     #01 pc 0005d5e3  /system/bin/linker (__dl_abort+54)
09-17 00:36:24.550  1772  1772 F DEBUG   :     #02 pc 00018c21  /system/bin/linker (__dl___libc_fatal+24)
09-17 00:36:24.550  1772  1772 F DEBUG   :     #03 pc 00010267  /system/bin/linker (__dl___linker_init+1986)
09-17 00:36:24.550  1772  1772 F DEBUG   :     #04 pc 00015324  /system/bin/linker (_start+4)
09-17 00:36:29.503  1845  1845 F libc    : CANNOT LINK EXECUTABLE "/system/bin/mm-qcamera-daemon": "/system/lib/libmmjpeg.so" has text relocations
09-17 00:36:29.503  1845  1845 F libc    : Fatal signal 6 (SIGABRT), code -6 in tid 1845 (mm-qcamera-daem)
09-17 00:36:29.541  1848  1848 F DEBUG   : *** *** *** *** *** *** *** *** *** *** *** *** *** *** *** ***
09-17 00:36:29.541  1848  1848 F DEBUG   : Build fingerprint: 'google/nitrogen_mako/mako:8.0.0/OPR6.170623.017/root09161737:userdebug/test-keys'
09-17 00:36:29.541  1848  1848 F DEBUG   : Revision: '0'
09-17 00:36:29.541  1848  1848 F DEBUG   : ABI: 'arm'
09-17 00:36:29.541  1848  1848 F DEBUG   : pid: 1845, tid: 1845, name: mm-qcamera-daem  >>> /system/bin/mm-qcamera-daemon <<<
09-17 00:36:29.541  1848  1848 F DEBUG   : signal 6 (SIGABRT), code -6 (SI_TKILL), fault addr --------
09-17 00:36:29.545  1848  1848 F DEBUG   : Abort message: 'CANNOT LINK EXECUTABLE "/system/bin/mm-qcamera-daemon": "/system/lib/libmmjpeg.so" has text relocations'
09-17 00:36:29.545  1848  1848 F DEBUG   :     r0 00000000  r1 00000735  r2 00000006  r3 00000008
09-17 00:36:29.545  1848  1848 F DEBUG   :     r4 00000735  r5 00000735  r6 be9e2830  r7 0000010c
09-17 00:36:29.546  1848  1848 F DEBUG   :     r8 be9e3ae4  r9 ac2cc010  sl be9e2ad8  fp ac3189f0
09-17 00:36:29.546  1848  1848 F DEBUG   :     ip 00000000  sp be9e2820  lr ac3825e7  pc ac38c88c  cpsr 200d0010
09-17 00:36:29.555  1848  1848 F DEBUG   : 
09-17 00:36:29.555  1848  1848 F DEBUG   : backtrace:
09-17 00:36:29.555  1848  1848 F DEBUG   :     #00 pc 0006788c  /system/bin/linker (__dl_tgkill+12)
09-17 00:36:29.555  1848  1848 F DEBUG   :     #01 pc 0005d5e3  /system/bin/linker (__dl_abort+54)
09-17 00:36:29.555  1848  1848 F DEBUG   :     #02 pc 00018c21  /system/bin/linker (__dl___libc_fatal+24)
09-17 00:36:29.555  1848  1848 F DEBUG   :     #03 pc 00010267  /system/bin/linker (__dl___linker_init+1986)
09-17 00:36:29.555  1848  1848 F DEBUG   :     #04 pc 00015324  /system/bin/linker (_start+4)
09-17 00:36:34.504  1941  1941 F libc    : CANNOT LINK EXECUTABLE "/system/bin/mm-qcamera-daemon": "/system/lib/libmmjpeg.so" has text relocations
09-17 00:36:34.504  1941  1941 F libc    : Fatal signal 6 (SIGABRT), code -6 in tid 1941 (mm-qcamera-daem)
09-17 00:36:34.542  1944  1944 F DEBUG   : *** *** *** *** *** *** *** *** *** *** *** *** *** *** *** ***
09-17 00:36:34.542  1944  1944 F DEBUG   : Build fingerprint: 'google/nitrogen_mako/mako:8.0.0/OPR6.170623.017/root09161737:userdebug/test-keys'
09-17 00:36:34.542  1944  1944 F DEBUG   : Revision: '0'
09-17 00:36:34.542  1944  1944 F DEBUG   : ABI: 'arm'
09-17 00:36:34.542  1944  1944 F DEBUG   : pid: 1941, tid: 1941, name: mm-qcamera-daem  >>> /system/bin/mm-qcamera-daemon <<<
09-17 00:36:34.542  1944  1944 F DEBUG   : signal 6 (SIGABRT), code -6 (SI_TKILL), fault addr --------
09-17 00:36:34.547  1944  1944 F DEBUG   : Abort message: 'CANNOT LINK EXECUTABLE "/system/bin/mm-qcamera-daemon": "/system/lib/libmmjpeg.so" has text relocations'
09-17 00:36:34.547  1944  1944 F DEBUG   :     r0 00000000  r1 00000795  r2 00000006  r3 00000008
09-17 00:36:34.547  1944  1944 F DEBUG   :     r4 00000795  r5 00000795  r6 bed66830  r7 0000010c
09-17 00:36:34.547  1944  1944 F DEBUG   :     r8 bed67ae4  r9 af982010  sl bed66ad8  fp af9ce9f0
09-17 00:36:34.547  1944  1944 F DEBUG   :     ip 00000000  sp bed66820  lr afa385e7  pc afa4288c  cpsr 200d0010
09-17 00:36:34.558  1944  1944 F DEBUG   : 
09-17 00:36:34.558  1944  1944 F DEBUG   : backtrace:
09-17 00:36:34.558  1944  1944 F DEBUG   :     #00 pc 0006788c  /system/bin/linker (__dl_tgkill+12)
09-17 00:36:34.558  1944  1944 F DEBUG   :     #01 pc 0005d5e3  /system/bin/linker (__dl_abort+54)
09-17 00:36:34.558  1944  1944 F DEBUG   :     #02 pc 00018c21  /system/bin/linker (__dl___libc_fatal+24)
09-17 00:36:34.558  1944  1944 F DEBUG   :     #03 pc 00010267  /system/bin/linker (__dl___linker_init+1986)
09-17 00:36:34.559  1944  1944 F DEBUG   :     #04 pc 00015324  /system/bin/linker (_start+4)
09-17 00:36:39.508  2021  2021 F libc    : CANNOT LINK EXECUTABLE "/system/bin/mm-qcamera-daemon": "/system/lib/libmmjpeg.so" has text relocations
09-17 00:36:39.508  2021  2021 F libc    : Fatal signal 6 (SIGABRT), code -6 in tid 2021 (mm-qcamera-daem)
09-17 00:36:39.547  2027  2027 F DEBUG   : *** *** *** *** *** *** *** *** *** *** *** *** *** *** *** ***
09-17 00:36:39.547  2027  2027 F DEBUG   : Build fingerprint: 'google/nitrogen_mako/mako:8.0.0/OPR6.170623.017/root09161737:userdebug/test-keys'
09-17 00:36:39.547  2027  2027 F DEBUG   : Revision: '0'
09-17 00:36:39.547  2027  2027 F DEBUG   : ABI: 'arm'
09-17 00:36:39.547  2027  2027 F DEBUG   : pid: 2021, tid: 2021, name: mm-qcamera-daem  >>> /system/bin/mm-qcamera-daemon <<<
09-17 00:36:39.547  2027  2027 F DEBUG   : signal 6 (SIGABRT), code -6 (SI_TKILL), fault addr --------
09-17 00:36:39.552  2027  2027 F DEBUG   : Abort message: 'CANNOT LINK EXECUTABLE "/system/bin/mm-qcamera-daemon": "/system/lib/libmmjpeg.so" has text relocations'
09-17 00:36:39.552  2027  2027 F DEBUG   :     r0 00000000  r1 000007e5  r2 00000006  r3 00000008
09-17 00:36:39.552  2027  2027 F DEBUG   :     r4 000007e5  r5 000007e5  r6 beac1830  r7 0000010c
09-17 00:36:39.553  2027  2027 F DEBUG   :     r8 beac2ae4  r9 ad2e9010  sl beac1ad8  fp ad3359f0
09-17 00:36:39.553  2027  2027 F DEBUG   :     ip 00000000  sp beac1820  lr ad39f5e7  pc ad3a988c  cpsr 200d0010
09-17 00:36:39.564  2027  2027 F DEBUG   : 
09-17 00:36:39.564  2027  2027 F DEBUG   : backtrace:
09-17 00:36:39.564  2027  2027 F DEBUG   :     #00 pc 0006788c  /system/bin/linker (__dl_tgkill+12)
09-17 00:36:39.564  2027  2027 F DEBUG   :     #01 pc 0005d5e3  /system/bin/linker (__dl_abort+54)
09-17 00:36:39.564  2027  2027 F DEBUG   :     #02 pc 00018c21  /system/bin/linker (__dl___libc_fatal+24)
09-17 00:36:39.564  2027  2027 F DEBUG   :     #03 pc 00010267  /system/bin/linker (__dl___linker_init+1986)
09-17 00:36:39.564  2027  2027 F DEBUG   :     #04 pc 00015324  /system/bin/linker (_start+4)
09-17 00:36:44.508  2123  2123 F libc    : CANNOT LINK EXECUTABLE "/system/bin/mm-qcamera-daemon": "/system/lib/libmmjpeg.so" has text relocations
09-17 00:36:44.509  2123  2123 F libc    : Fatal signal 6 (SIGABRT), code -6 in tid 2123 (mm-qcamera-daem)
09-17 00:36:44.552  2126  2126 F DEBUG   : *** *** *** *** *** *** *** *** *** *** *** *** *** *** *** ***
09-17 00:36:44.552  2126  2126 F DEBUG   : Build fingerprint: 'google/nitrogen_mako/mako:8.0.0/OPR6.170623.017/root09161737:userdebug/test-keys'
09-17 00:36:44.552  2126  2126 F DEBUG   : Revision: '0'
09-17 00:36:44.552  2126  2126 F DEBUG   : ABI: 'arm'
09-17 00:36:44.552  2126  2126 F DEBUG   : pid: 2123, tid: 2123, name: mm-qcamera-daem  >>> /system/bin/mm-qcamera-daemon <<<
09-17 00:36:44.552  2126  2126 F DEBUG   : signal 6 (SIGABRT), code -6 (SI_TKILL), fault addr --------
09-17 00:36:44.556  2126  2126 F DEBUG   : Abort message: 'CANNOT LINK EXECUTABLE "/system/bin/mm-qcamera-daemon": "/system/lib/libmmjpeg.so" has text relocations'
09-17 00:36:44.557  2126  2126 F DEBUG   :     r0 00000000  r1 0000084b  r2 00000006  r3 00000008
09-17 00:36:44.557  2126  2126 F DEBUG   :     r4 0000084b  r5 0000084b  r6 bec75830  r7 0000010c
09-17 00:36:44.557  2126  2126 F DEBUG   :     r8 bec76ae4  r9 ad0fc010  sl bec75ad8  fp ad1489f0
09-17 00:36:44.557  2126  2126 F DEBUG   :     ip 00000000  sp bec75820  lr ad1b25e7  pc ad1bc88c  cpsr 200d0010
09-17 00:36:44.567  2126  2126 F DEBUG   : 
09-17 00:36:44.567  2126  2126 F DEBUG   : backtrace:
09-17 00:36:44.567  2126  2126 F DEBUG   :     #00 pc 0006788c  /system/bin/linker (__dl_tgkill+12)
09-17 00:36:44.567  2126  2126 F DEBUG   :     #01 pc 0005d5e3  /system/bin/linker (__dl_abort+54)
09-17 00:36:44.567  2126  2126 F DEBUG   :     #02 pc 00018c21  /system/bin/linker (__dl___libc_fatal+24)
09-17 00:36:44.567  2126  2126 F DEBUG   :     #03 pc 00010267  /system/bin/linker (__dl___linker_init+1986)
09-17 00:36:44.567  2126  2126 F DEBUG   :     #04 pc 00015324  /system/bin/linker (_start+4)
09-17 00:36:49.520  2246  2246 F libc    : CANNOT LINK EXECUTABLE "/system/bin/mm-qcamera-daemon": "/system/lib/libmmjpeg.so" has text relocations
09-17 00:36:49.520  2246  2246 F libc    : Fatal signal 6 (SIGABRT), code -6 in tid 2246 (mm-qcamera-daem)
09-17 00:36:49.564  2249  2249 F DEBUG   : *** *** *** *** *** *** *** *** *** *** *** *** *** *** *** ***
09-17 00:36:49.564  2249  2249 F DEBUG   : Build fingerprint: 'google/nitrogen_mako/mako:8.0.0/OPR6.170623.017/root09161737:userdebug/test-keys'
09-17 00:36:49.564  2249  2249 F DEBUG   : Revision: '0'
09-17 00:36:49.564  2249  2249 F DEBUG   : ABI: 'arm'
09-17 00:36:49.564  2249  2249 F DEBUG   : pid: 2246, tid: 2246, name: mm-qcamera-daem  >>> /system/bin/mm-qcamera-daemon <<<
09-17 00:36:49.565  2249  2249 F DEBUG   : signal 6 (SIGABRT), code -6 (SI_TKILL), fault addr --------
09-17 00:36:49.569  2249  2249 F DEBUG   : Abort message: 'CANNOT LINK EXECUTABLE "/system/bin/mm-qcamera-daemon": "/system/lib/libmmjpeg.so" has text relocations'
09-17 00:36:49.569  2249  2249 F DEBUG   :     r0 00000000  r1 000008c6  r2 00000006  r3 00000008
09-17 00:36:49.569  2249  2249 F DEBUG   :     r4 000008c6  r5 000008c6  r6 bee5c830  r7 0000010c
09-17 00:36:49.569  2249  2249 F DEBUG   :     r8 bee5dae4  r9 af115010  sl bee5cad8  fp af1619f0
09-17 00:36:49.569  2249  2249 F DEBUG   :     ip 00000000  sp bee5c820  lr af1cb5e7  pc af1d588c  cpsr 200d0010
09-17 00:36:49.579  2249  2249 F DEBUG   : 
09-17 00:36:49.579  2249  2249 F DEBUG   : backtrace:
09-17 00:36:49.579  2249  2249 F DEBUG   :     #00 pc 0006788c  /system/bin/linker (__dl_tgkill+12)
09-17 00:36:49.579  2249  2249 F DEBUG   :     #01 pc 0005d5e3  /system/bin/linker (__dl_abort+54)
09-17 00:36:49.579  2249  2249 F DEBUG   :     #02 pc 00018c21  /system/bin/linker (__dl___libc_fatal+24)
09-17 00:36:49.579  2249  2249 F DEBUG   :     #03 pc 00010267  /system/bin/linker (__dl___linker_init+1986)
09-17 00:36:49.579  2249  2249 F DEBUG   :     #04 pc 00015324  /system/bin/linker (_start+4)
09-17 00:36:54.511  2307  2307 F libc    : CANNOT LINK EXECUTABLE "/system/bin/mm-qcamera-daemon": "/system/lib/libmmjpeg.so" has text relocations
09-17 00:36:54.511  2307  2307 F libc    : Fatal signal 6 (SIGABRT), code -6 in tid 2307 (mm-qcamera-daem)
09-17 00:36:54.554  2310  2310 F DEBUG   : *** *** *** *** *** *** *** *** *** *** *** *** *** *** *** ***
09-17 00:36:54.554  2310  2310 F DEBUG   : Build fingerprint: 'google/nitrogen_mako/mako:8.0.0/OPR6.170623.017/root09161737:userdebug/test-keys'
09-17 00:36:54.554  2310  2310 F DEBUG   : Revision: '0'
09-17 00:36:54.554  2310  2310 F DEBUG   : ABI: 'arm'
09-17 00:36:54.555  2310  2310 F DEBUG   : pid: 2307, tid: 2307, name: mm-qcamera-daem  >>> /system/bin/mm-qcamera-daemon <<<
09-17 00:36:54.555  2310  2310 F DEBUG   : signal 6 (SIGABRT), code -6 (SI_TKILL), fault addr --------
09-17 00:36:54.559  2310  2310 F DEBUG   : Abort message: 'CANNOT LINK EXECUTABLE "/system/bin/mm-qcamera-daemon": "/system/lib/libmmjpeg.so" has text relocations'
09-17 00:36:54.559  2310  2310 F DEBUG   :     r0 00000000  r1 00000903  r2 00000006  r3 00000008
09-17 00:36:54.559  2310  2310 F DEBUG   :     r4 00000903  r5 00000903  r6 bebe5830  r7 0000010c
09-17 00:36:54.559  2310  2310 F DEBUG   :     r8 bebe6ae4  r9 ae832010  sl bebe5ad8  fp ae87e9f0
09-17 00:36:54.559  2310  2310 F DEBUG   :     ip 00000000  sp bebe5820  lr ae8e85e7  pc ae8f288c  cpsr 200d0010
09-17 00:36:54.570  2310  2310 F DEBUG   : 
09-17 00:36:54.570  2310  2310 F DEBUG   : backtrace:
09-17 00:36:54.570  2310  2310 F DEBUG   :     #00 pc 0006788c  /system/bin/linker (__dl_tgkill+12)
09-17 00:36:54.570  2310  2310 F DEBUG   :     #01 pc 0005d5e3  /system/bin/linker (__dl_abort+54)
09-17 00:36:54.570  2310  2310 F DEBUG   :     #02 pc 00018c21  /system/bin/linker (__dl___libc_fatal+24)
09-17 00:36:54.570  2310  2310 F DEBUG   :     #03 pc 00010267  /system/bin/linker (__dl___linker_init+1986)
09-17 00:36:54.570  2310  2310 F DEBUG   :     #04 pc 00015324  /system/bin/linker (_start+4)
09-17 00:36:57.173   177   182 I vold    : [libfs_mgr]fs_mgr_read_fstab_dt(): failed to read fstab from dt
09-17 00:36:57.175   177  2347 D vold    : Starting trim of /cache
09-17 00:36:57.184   909   909 I chatty  : uid=1000 system_server expire 132 lines
09-17 00:36:57.220   909  2348 I chatty  : uid=1000(system) NetdConnector expire 1 line
09-17 00:36:57.256   909  2351 I chatty  : uid=1000(system) tworkPolicy.uid expire 1 line
09-17 00:36:57.366   177  2347 I vold    : Trimmed 565280768 bytes on /cache in 190ms
09-17 00:36:57.367   177  2347 D vold    : Starting trim of /data
09-17 00:36:57.655   909  1251 I chatty  : uid=1000(system) HwBinder:909_1 expire 1 line
09-17 00:36:57.790   909   909 I chatty  : uid=1000 system_server expire 174 lines
09-17 00:36:57.866   909  2377 I chatty  : uid=1000(system) RetailDemoModeS expire 1 line
09-17 00:36:58.633   909  2362 I chatty  : uid=1000(system) ConnectivitySer expire 1 line
09-17 00:36:58.675   177   182 D vold    : Remounting 1001 as mode none
09-17 00:36:58.688   177   182 D vold    : Found matching PID 210
09-17 00:36:58.688   177   182 W vold    : Skipping due to root namespace
09-17 00:36:58.688   177   182 D vold    : Found matching PID 211
09-17 00:36:58.689   177   182 W vold    : Skipping due to root namespace
09-17 00:36:58.689   177   182 D vold    : Found matching PID 263
09-17 00:36:58.689   177   182 W vold    : Skipping due to root namespace
09-17 00:36:58.690   909  1256 I chatty  : uid=1000(system) VoldConnector expire 39 lines
09-17 00:36:58.693   177   182 D vold    : Remounting 1001 as mode none
09-17 00:36:58.694   909  1084 I chatty  : uid=1000(system) PowerManagerSer expire 2 lines
09-17 00:36:58.701   177   182 D vold    : Found matching PID 210
09-17 00:36:58.701   177   182 W vold    : Skipping due to root namespace
09-17 00:36:58.701   177   182 D vold    : Found matching PID 211
09-17 00:36:58.701   177   182 W vold    : Skipping due to root namespace
09-17 00:36:58.701   177   182 D vold    : Found matching PID 263
09-17 00:36:58.701   177   182 W vold    : Skipping due to root namespace
09-17 00:36:58.706   177   182 D vold    : Remounting 1027 as mode none
09-17 00:36:58.715   177   182 D vold    : Remounting 1027 as mode none
09-17 00:36:58.724   177   182 D vold    : Remounting 1000 as mode none
09-17 00:36:58.731   177   182 D vold    : Found matching PID 169
09-17 00:36:58.731   177   182 W vold    : Skipping due to root namespace
09-17 00:36:58.731   177   182 D vold    : Found matching PID 170
09-17 00:36:58.731   177   182 W vold    : Skipping due to root namespace
09-17 00:36:58.731   177   182 D vold    : Found matching PID 171
09-17 00:36:58.731   177   182 W vold    : Skipping due to root namespace
09-17 00:36:58.732   177   182 D vold    : Found matching PID 194
09-17 00:36:58.732   177   182 W vold    : Skipping due to root namespace
09-17 00:36:58.732   177   182 D vold    : Found matching PID 195
09-17 00:36:58.732   177   182 W vold    : Skipping due to root namespace
09-17 00:36:58.732   177   182 D vold    : Found matching PID 197
09-17 00:36:58.732   177   182 W vold    : Skipping due to root namespace
09-17 00:36:58.732   177   182 D vold    : Found matching PID 201
09-17 00:36:58.732   177   182 W vold    : Skipping due to root namespace
09-17 00:36:58.732   177   182 D vold    : Found matching PID 203
09-17 00:36:58.732   177   182 W vold    : Skipping due to root namespace
09-17 00:36:58.733   177   182 D vold    : Found matching PID 276
09-17 00:36:58.733   177   182 W vold    : Skipping due to root namespace
09-17 00:36:58.733   177   182 D vold    : Found matching PID 464
09-17 00:36:58.733   177   182 W vold    : Skipping due to root namespace
09-17 00:36:58.733   177   182 D vold    : Found matching PID 482
09-17 00:36:58.734   177   182 W vold    : Skipping due to root namespace
09-17 00:36:58.734   177   182 D vold    : Found matching PID 909
09-17 00:36:58.772   177   182 D vold    : Remounting 1000 as mode none
09-17 00:36:58.779   177   182 D vold    : Found matching PID 169
09-17 00:36:58.779   177   182 W vold    : Skipping due to root namespace
09-17 00:36:58.779   177   182 D vold    : Found matching PID 170
09-17 00:36:58.779   177   182 W vold    : Skipping due to root namespace
09-17 00:36:58.779   177   182 D vold    : Found matching PID 171
09-17 00:36:58.779   177   182 W vold    : Skipping due to root namespace
09-17 00:36:58.779   177   182 D vold    : Found matching PID 194
09-17 00:36:58.779   177   182 W vold    : Skipping due to root namespace
09-17 00:36:58.779   177   182 D vold    : Found matching PID 195
09-17 00:36:58.780   177   182 W vold    : Skipping due to root namespace
09-17 00:36:58.780   177   182 D vold    : Found matching PID 197
09-17 00:36:58.780   177   182 W vold    : Skipping due to root namespace
09-17 00:36:58.780   177   182 D vold    : Found matching PID 201
09-17 00:36:58.780   177   182 W vold    : Skipping due to root namespace
09-17 00:36:58.780   177   182 D vold    : Found matching PID 203
09-17 00:36:58.780   177   182 W vold    : Skipping due to root namespace
09-17 00:36:58.781   177   182 D vold    : Found matching PID 276
09-17 00:36:58.781   177   182 W vold    : Skipping due to root namespace
09-17 00:36:58.781   177   182 D vold    : Found matching PID 464
09-17 00:36:58.781   177   182 W vold    : Skipping due to root namespace
09-17 00:36:58.781   177   182 D vold    : Found matching PID 482
09-17 00:36:58.781   177   182 W vold    : Skipping due to root namespace
09-17 00:36:58.781   177   182 D vold    : Found matching PID 909
09-17 00:36:58.861   177   182 D vold    : Remounting 2000 as mode none
09-17 00:36:58.869   177   182 D vold    : Found matching PID 208
09-17 00:36:58.869   177   182 W vold    : Skipping due to root namespace
09-17 00:36:58.872   177   182 D vold    : Remounting 2000 as mode none
09-17 00:36:58.878   177   182 D vold    : Found matching PID 208
09-17 00:36:58.878   177   182 W vold    : Skipping due to root namespace
09-17 00:36:58.882   177   182 D vold    : Remounting 10027 as mode none
09-17 00:36:58.891   177   182 D vold    : Remounting 10027 as mode none
09-17 00:36:58.903   177   182 D vold    : Remounting 1002 as mode none
09-17 00:36:58.912   177   182 D vold    : Remounting 1002 as mode none
09-17 00:36:59.188   177   182 D vold    : Remounting 10020 as mode none
09-17 00:36:59.201   177   182 D vold    : Remounting 10035 as mode none
09-17 00:36:59.211   177   182 D vold    : Remounting 10035 as mode none
09-17 00:36:59.220   177   182 D vold    : Remounting 10007 as mode none
09-17 00:36:59.230   177   182 D vold    : Remounting 10007 as mode none
09-17 00:36:59.240   177   182 D vold    : Remounting 10010 as mode none
09-17 00:36:59.250   177   182 D vold    : Remounting 10010 as mode none
09-17 00:36:59.267   177   182 D vold    : Remounting 10056 as mode none
09-17 00:36:59.276   177   182 D vold    : Remounting 10056 as mode none
09-17 00:36:59.287   177   182 D vold    : Remounting 10003 as mode none
09-17 00:36:59.300   177   182 D vold    : Remounting 10003 as mode none
09-17 00:36:59.313   177   182 D vold    : Remounting 10044 as mode none
09-17 00:36:59.322   177   182 D vold    : Remounting 10044 as mode none
09-17 00:36:59.336   177   182 D vold    : Remounting 10024 as mode none
09-17 00:36:59.346   177   182 D vold    : Remounting 10024 as mode none
09-17 00:36:59.373   909  1079 I chatty  : uid=1000(system) android.io expire 3 lines
09-17 00:36:59.512  2422  2422 F libc    : CANNOT LINK EXECUTABLE "/system/bin/mm-qcamera-daemon": "/system/lib/libmmjpeg.so" has text relocations
09-17 00:36:59.513  2422  2422 F libc    : Fatal signal 6 (SIGABRT), code -6 in tid 2422 (mm-qcamera-daem)
09-17 00:36:59.551  2425  2425 F DEBUG   : *** *** *** *** *** *** *** *** *** *** *** *** *** *** *** ***
09-17 00:36:59.552  2425  2425 F DEBUG   : Build fingerprint: 'google/nitrogen_mako/mako:8.0.0/OPR6.170623.017/root09161737:userdebug/test-keys'
09-17 00:36:59.552  2425  2425 F DEBUG   : Revision: '0'
09-17 00:36:59.552  2425  2425 F DEBUG   : ABI: 'arm'
09-17 00:36:59.552  2425  2425 F DEBUG   : pid: 2422, tid: 2422, name: mm-qcamera-daem  >>> /system/bin/mm-qcamera-daemon <<<
09-17 00:36:59.552  2425  2425 F DEBUG   : signal 6 (SIGABRT), code -6 (SI_TKILL), fault addr --------
09-17 00:36:59.556  2425  2425 F DEBUG   : Abort message: 'CANNOT LINK EXECUTABLE "/system/bin/mm-qcamera-daemon": "/system/lib/libmmjpeg.so" has text relocations'
09-17 00:36:59.557  2425  2425 F DEBUG   :     r0 00000000  r1 00000976  r2 00000006  r3 00000008
09-17 00:36:59.557  2425  2425 F DEBUG   :     r4 00000976  r5 00000976  r6 becb9830  r7 0000010c
09-17 00:36:59.557  2425  2425 F DEBUG   :     r8 becbaae4  r9 a92cc010  sl becb9ad8  fp a93189f0
09-17 00:36:59.557  2425  2425 F DEBUG   :     ip 00000000  sp becb9820  lr a93825e7  pc a938c88c  cpsr 200d0010
09-17 00:36:59.567  2425  2425 F DEBUG   : 
09-17 00:36:59.567  2425  2425 F DEBUG   : backtrace:
09-17 00:36:59.567  2425  2425 F DEBUG   :     #00 pc 0006788c  /system/bin/linker (__dl_tgkill+12)
09-17 00:36:59.567  2425  2425 F DEBUG   :     #01 pc 0005d5e3  /system/bin/linker (__dl_abort+54)
09-17 00:36:59.567  2425  2425 F DEBUG   :     #02 pc 00018c21  /system/bin/linker (__dl___libc_fatal+24)
09-17 00:36:59.567  2425  2425 F DEBUG   :     #03 pc 00010267  /system/bin/linker (__dl___linker_init+1986)
09-17 00:36:59.567  2425  2425 F DEBUG   :     #04 pc 00015324  /system/bin/linker (_start+4)
09-17 00:36:59.611   909  1255 I chatty  : uid=1000(system) StorageManagerS expire 7 lines
09-17 00:36:59.612   177   183 D vold    : e4crypt_unlock_user_key 0 serial=0 token_present=0
09-17 00:36:59.612   177   183 E vold    : Failed to chmod /data/system_ce/0: No such file or directory
09-17 00:36:59.612   177   183 E vold    : Failed to chmod /data/misc_ce/0: No such file or directory
09-17 00:36:59.613   909  1257 I chatty  : uid=1000(system) CryptdConnector expire 1 line
09-17 00:36:59.613   909  1072 I chatty  : uid=1000(system) ActivityManager expire 6 lines
09-17 00:36:59.615   909  2370 I chatty  : uid=1000(system) AudioService expire 1 line
09-17 00:36:59.616   909  1078 I chatty  : uid=1000(system) android.fg expire 1 line
09-17 00:36:59.620   177   182 V vold    : Waiting for FUSE to spin up...
09-17 00:36:59.623   909  1252 I chatty  : uid=1000(system) HwBinder:909_2 expire 1 line
09-17 00:36:59.631   909  1197 I chatty  : uid=1000 system_server expire 5 lines
09-17 00:36:59.940   909  2350 I chatty  : uid=1000(system) NetworkPolicy expire 1 line
09-17 00:37:00.249  2430  2549 E ActivityThread: Failed to find provider info for user_dictionary
09-17 00:37:00.582   909  1069 I chatty  : uid=1000(system) Binder:909_2 expire 1 line
09-17 00:37:00.870   909  2543 I chatty  : uid=1000(system) Binder:909_4 expire 2 lines
09-17 00:37:01.228  2442  2565 E ActivityThread: Failed to find provider info for com.android.contacts
09-17 00:37:01.497  2442  2442 E ActivityThread: Failed to find provider info for org.omnirom.omnijaws.provider
09-17 00:37:01.506  2442  2442 I chatty  : uid=10027(u0_a27) com.android.systemui identical 5 lines
09-17 00:37:01.507  2442  2442 E ActivityThread: Failed to find provider info for org.omnirom.omnijaws.provider
09-17 00:37:01.634  2442  2576 E ActivityThread: Failed to find provider info for com.android.contacts
09-17 00:37:01.823   909  2352 I chatty  : uid=1000(system) WifiService expire 1 line
09-17 00:37:01.912   177  2347 I vold    : Trimmed 1818836992 bytes on /data in 4542ms
09-17 00:37:04.513  2640  2640 F libc    : CANNOT LINK EXECUTABLE "/system/bin/mm-qcamera-daemon": "/system/lib/libmmjpeg.so" has text relocations
09-17 00:37:04.513  2640  2640 F libc    : Fatal signal 6 (SIGABRT), code -6 in tid 2640 (mm-qcamera-daem)
09-17 00:37:04.550  2643  2643 F DEBUG   : *** *** *** *** *** *** *** *** *** *** *** *** *** *** *** ***
09-17 00:37:04.550  2643  2643 F DEBUG   : Build fingerprint: 'google/nitrogen_mako/mako:8.0.0/OPR6.170623.017/root09161737:userdebug/test-keys'
09-17 00:37:04.550  2643  2643 F DEBUG   : Revision: '0'
09-17 00:37:04.550  2643  2643 F DEBUG   : ABI: 'arm'
09-17 00:37:04.550  2643  2643 F DEBUG   : pid: 2640, tid: 2640, name: mm-qcamera-daem  >>> /system/bin/mm-qcamera-daemon <<<
09-17 00:37:04.551  2643  2643 F DEBUG   : signal 6 (SIGABRT), code -6 (SI_TKILL), fault addr --------
09-17 00:37:04.555  2643  2643 F DEBUG   : Abort message: 'CANNOT LINK EXECUTABLE "/system/bin/mm-qcamera-daemon": "/system/lib/libmmjpeg.so" has text relocations'
09-17 00:37:04.555  2643  2643 F DEBUG   :     r0 00000000  r1 00000a50  r2 00000006  r3 00000008
09-17 00:37:04.555  2643  2643 F DEBUG   :     r4 00000a50  r5 00000a50  r6 bee79830  r7 0000010c
09-17 00:37:04.555  2643  2643 F DEBUG   :     r8 bee7aae4  r9 b0195010  sl bee79ad8  fp b01e19f0
09-17 00:37:04.555  2643  2643 F DEBUG   :     ip 00000000  sp bee79820  lr b024b5e7  pc b025588c  cpsr 200d0010
09-17 00:37:04.564  2643  2643 F DEBUG   : 
09-17 00:37:04.564  2643  2643 F DEBUG   : backtrace:
09-17 00:37:04.564  2643  2643 F DEBUG   :     #00 pc 0006788c  /system/bin/linker (__dl_tgkill+12)
09-17 00:37:04.564  2643  2643 F DEBUG   :     #01 pc 0005d5e3  /system/bin/linker (__dl_abort+54)
09-17 00:37:04.564  2643  2643 F DEBUG   :     #02 pc 00018c21  /system/bin/linker (__dl___libc_fatal+24)
09-17 00:37:04.564  2643  2643 F DEBUG   :     #03 pc 00010267  /system/bin/linker (__dl___linker_init+1986)
09-17 00:37:04.564  2643  2643 F DEBUG   :     #04 pc 00015324  /system/bin/linker (_start+4)
09-17 00:37:04.595   909  2438 I chatty  : uid=1000(system) Thread-3 expire 6 lines
09-17 00:37:09.540  2714  2714 F libc    : CANNOT LINK EXECUTABLE "/system/bin/mm-qcamera-daemon": "/system/lib/libmmjpeg.so" has text relocations
09-17 00:37:09.540  2714  2714 F libc    : Fatal signal 6 (SIGABRT), code -6 in tid 2714 (mm-qcamera-daem)
09-17 00:37:09.583  2725  2725 F DEBUG   : *** *** *** *** *** *** *** *** *** *** *** *** *** *** *** ***
09-17 00:37:09.583  2725  2725 F DEBUG   : Build fingerprint: 'google/nitrogen_mako/mako:8.0.0/OPR6.170623.017/root09161737:userdebug/test-keys'
09-17 00:37:09.583  2725  2725 F DEBUG   : Revision: '0'
09-17 00:37:09.583  2725  2725 F DEBUG   : ABI: 'arm'
09-17 00:37:09.583  2725  2725 F DEBUG   : pid: 2714, tid: 2714, name: mm-qcamera-daem  >>> /system/bin/mm-qcamera-daemon <<<
09-17 00:37:09.584  2725  2725 F DEBUG   : signal 6 (SIGABRT), code -6 (SI_TKILL), fault addr --------
09-17 00:37:09.590  2725  2725 F DEBUG   : Abort message: 'CANNOT LINK EXECUTABLE "/system/bin/mm-qcamera-daemon": "/system/lib/libmmjpeg.so" has text relocations'
09-17 00:37:09.591  2725  2725 F DEBUG   :     r0 00000000  r1 00000a9a  r2 00000006  r3 00000008
09-17 00:37:09.591  2725  2725 F DEBUG   :     r4 00000a9a  r5 00000a9a  r6 be821830  r7 0000010c
09-17 00:37:09.592  2725  2725 F DEBUG   :     r8 be822ae4  r9 b0df1010  sl be821ad8  fp b0e3d9f0
09-17 00:37:09.592  2725  2725 F DEBUG   :     ip 00000000  sp be821820  lr b0ea75e7  pc b0eb188c  cpsr 200d0010
09-17 00:37:09.603  2725  2725 F DEBUG   : 
09-17 00:37:09.603  2725  2725 F DEBUG   : backtrace:
09-17 00:37:09.603  2725  2725 F DEBUG   :     #00 pc 0006788c  /system/bin/linker (__dl_tgkill+12)
09-17 00:37:09.603  2725  2725 F DEBUG   :     #01 pc 0005d5e3  /system/bin/linker (__dl_abort+54)
09-17 00:37:09.603  2725  2725 F DEBUG   :     #02 pc 00018c21  /system/bin/linker (__dl___libc_fatal+24)
09-17 00:37:09.603  2725  2725 F DEBUG   :     #03 pc 00010267  /system/bin/linker (__dl___linker_init+1986)
09-17 00:37:09.603  2725  2725 F DEBUG   :     #04 pc 00015324  /system/bin/linker (_start+4)
09-17 00:37:14.518  2787  2787 F libc    : CANNOT LINK EXECUTABLE "/system/bin/mm-qcamera-daemon": "/system/lib/libmmjpeg.so" has text relocations
09-17 00:37:14.518  2787  2787 F libc    : Fatal signal 6 (SIGABRT), code -6 in tid 2787 (mm-qcamera-daem)
09-17 00:37:14.553  2790  2790 F DEBUG   : *** *** *** *** *** *** *** *** *** *** *** *** *** *** *** ***
09-17 00:37:14.553  2790  2790 F DEBUG   : Build fingerprint: 'google/nitrogen_mako/mako:8.0.0/OPR6.170623.017/root09161737:userdebug/test-keys'
09-17 00:37:14.553  2790  2790 F DEBUG   : Revision: '0'
09-17 00:37:14.554  2790  2790 F DEBUG   : ABI: 'arm'
09-17 00:37:14.554  2790  2790 F DEBUG   : pid: 2787, tid: 2787, name: mm-qcamera-daem  >>> /system/bin/mm-qcamera-daemon <<<
09-17 00:37:14.554  2790  2790 F DEBUG   : signal 6 (SIGABRT), code -6 (SI_TKILL), fault addr --------
09-17 00:37:14.558  2790  2790 F DEBUG   : Abort message: 'CANNOT LINK EXECUTABLE "/system/bin/mm-qcamera-daemon": "/system/lib/libmmjpeg.so" has text relocations'
