09-17 00:37:46.389   909  1068 W ActivityManager: Scheduling restart of crashed service com.android.bluetooth/.btservice.AdapterService in 1000ms
09-17 00:37:46.390   909  1079 E BluetoothManagerService: Unable to call onBluetoothServiceDown() on callback #3
09-17 00:37:46.390   909  1079 E BluetoothManagerService: android.os.DeadObjectException
09-17 00:37:46.390   909  1079 E BluetoothManagerService: 	at android.os.BinderProxy.transactNative(Native Method)
09-17 00:37:46.390   909  1079 E BluetoothManagerService: 	at android.os.BinderProxy.transact(Binder.java:748)
09-17 00:37:46.390   909  1079 E BluetoothManagerService: 	at android.bluetooth.IBluetoothManagerCallback$Stub$Proxy.onBluetoothServiceDown(IBluetoothManagerCallback.java:105)
09-17 00:37:46.390   909  1079 E BluetoothManagerService: 	at com.android.server.BluetoothManagerService.sendBluetoothServiceDownCallback(BluetoothManagerService.java:1243)
09-17 00:37:46.390   909  1079 E BluetoothManagerService: 	at com.android.server.BluetoothManagerService.-wrap15(Unknown Source:0)
09-17 00:37:46.390   909  1079 E BluetoothManagerService: 	at com.android.server.BluetoothManagerService$BluetoothHandler.handleMessage(BluetoothManagerService.java:1652)
09-17 00:37:46.390   909  1079 E BluetoothManagerService: 	at android.os.Handler.dispatchMessage(Handler.java:105)
09-17 00:37:46.390   909  1079 E BluetoothManagerService: 	at android.os.Looper.loop(Looper.java:164)
09-17 00:37:46.390   909  1079 E BluetoothManagerService: 	at android.os.HandlerThread.run(HandlerThread.java:65)
09-17 00:37:46.390   909  1079 E BluetoothManagerService: 	at com.android.server.ServiceThread.run(ServiceThread.java:46)
09-17 00:37:46.401   909  3439 I ActivityManager: Process com.android.nfc (pid 4542) has died: pers PER 
09-17 00:37:46.402   909  3439 W ActivityManager: Re-adding persistent process ProcessRecord{978c661 4542:com.android.nfc/1027}
09-17 00:37:46.409   909  1077 I BootReceiver: Copying /data/tombstones/tombstone_08 to DropBox (SYSTEM_TOMBSTONE)
09-17 00:37:46.415   909  3439 I ActivityManager: Start proc 4620:com.android.nfc/1027 for restart com.android.nfc
09-17 00:37:46.588   909  1079 D BluetoothManagerService: MESSAGE_RESTART_BLUETOOTH_SERVICE
09-17 00:37:46.601   909  1079 I ActivityManager: Start proc 4638:com.android.bluetooth/1002 for service com.android.bluetooth/.btservice.AdapterService
09-17 00:37:46.689  4620  4654 F libc    : Fatal signal 11 (SIGSEGV), code 1, fault addr 0x0 in tid 4654 (AsyncTask #1)
09-17 00:37:46.775  4661  4661 F DEBUG   : *** *** *** *** *** *** *** *** *** *** *** *** *** *** *** ***
09-17 00:37:46.776  4661  4661 F DEBUG   : Build fingerprint: 'google/nitrogen_mako/mako:8.0.0/OPR6.170623.017/root09161737:userdebug/test-keys'
09-17 00:37:46.776  4661  4661 F DEBUG   : Revision: '0'
09-17 00:37:46.776  4661  4661 F DEBUG   : ABI: 'arm'
09-17 00:37:46.776  4661  4661 F DEBUG   : pid: 4620, tid: 4654, name: AsyncTask #1  >>> com.android.nfc <<<
09-17 00:37:46.776  4661  4661 F DEBUG   : signal 11 (SIGSEGV), code 1 (SEGV_MAPERR), fault addr 0x0
09-17 00:37:46.776  4661  4661 F DEBUG   : Cause: null pointer dereference
09-17 00:37:46.776  4661  4661 F DEBUG   :     r0 0000000e  r1 296af87e  r2 000fffff  r3 00000001
09-17 00:37:46.776  4661  4661 F DEBUG   :     r4 00000000  r5 8f046d38  r6 8f046e04  r7 8f046eb4
09-17 00:37:46.776  4661  4661 F DEBUG   :     r8 00015fa0  r9 8f046a78  sl 8eee5bf8  fp 8eee5b84
09-17 00:37:46.776  4661  4661 F DEBUG   :     ip 8ef77c1c  sp 8eee5a60  lr 8ef64497  pc 8f0464d8  cpsr 600f0010
09-17 00:37:46.790   909   909 D BluetoothManagerService: BluetoothServiceConnection: com.android.bluetooth.btservice.AdapterService
09-17 00:37:46.790   909  1079 D BluetoothManagerService: MESSAGE_BLUETOOTH_SERVICE_CONNECTED: 1
09-17 00:37:46.793   909  1079 D BluetoothManagerService: Broadcasting onBluetoothServiceUp() to 5 receivers.
09-17 00:37:46.798   909  1079 D BluetoothManagerService: MESSAGE_GET_NAME_AND_ADDRESS
09-17 00:37:46.801   909  1079 D BluetoothManagerService: MESSAGE_BLUETOOTH_STATE_CHANGE: OFF > BLE_TURNING_ON
09-17 00:37:46.801   909  1079 D BluetoothManagerService: Sending BLE State Change: OFF > BLE_TURNING_ON
09-17 00:37:46.810  4661  4661 F DEBUG   : 
09-17 00:37:46.810  4661  4661 F DEBUG   : backtrace:
09-17 00:37:46.810  4661  4661 F DEBUG   :     #00 pc 000764d8  /system/lib/libnfc-nci.so (_ZN13NfcAdaptation26InitializeHalDeviceContextEv+376)
09-17 00:37:46.810  4661  4661 F DEBUG   :     #01 pc 00075e4c  /system/lib/libnfc-nci.so (_ZN13NfcAdaptation10InitializeEv+832)
09-17 00:37:46.810  4661  4661 F DEBUG   :     #02 pc 0000dbf5  /system/lib/libnfc_nci_jni.so (_ZN7androidL23nfcManager_doInitializeEP7_JNIEnvP8_jobject+52)
09-17 00:37:46.810  4661  4661 F DEBUG   :     #03 pc 0002d8eb  /data/dalvik-cache/arm/system@app@NfcNci@NfcNci.apk@classes.dex (offset 0xf000)
09-17 00:37:46.831  4638  4678 F libc    : Fatal signal 6 (SIGABRT), code -6 in tid 4678 (hci_thread)
09-17 00:37:47.486  4638  4678 F libc    : crash_dump helper failed to exec
09-17 00:37:47.488   909  1077 I BootReceiver: Copying /data/tombstones/tombstone_01 to DropBox (SYSTEM_TOMBSTONE)
09-17 00:37:47.507   909  1069 I ActivityManager: Process com.android.nfc (pid 4620) has died: pers PER 
09-17 00:37:47.507   909  1069 W ActivityManager: Re-adding persistent process ProcessRecord{978c661 4620:com.android.nfc/1027}
09-17 00:37:47.515   909  1077 I BootReceiver: Copying /data/tombstones/tombstone_00 to DropBox (SYSTEM_TOMBSTONE)
09-17 00:37:47.519   909  1069 I ActivityManager: Start proc 4701:com.android.nfc/1027 for restart com.android.nfc
09-17 00:37:47.525   909   909 D BluetoothManagerService: BluetoothServiceConnection, disconnected: com.android.bluetooth.btservice.AdapterService
09-17 00:37:47.525   909  1079 E BluetoothManagerService: MESSAGE_BLUETOOTH_SERVICE_DISCONNECTED(1)
09-17 00:37:47.525   909  1079 D BluetoothManagerService: Broadcasting onBluetoothServiceDown() to 3 receivers.
09-17 00:37:47.526   909  3036 I ActivityManager: Process com.android.bluetooth (pid 4638) has died: psvc IMPF
09-17 00:37:47.526   909  3036 W ActivityManager: Scheduling restart of crashed service com.android.bluetooth/.btservice.AdapterService in 1000ms
09-17 00:37:47.526   909  3036 W ActivityManager: Scheduling restart of crashed service com.android.bluetooth/.gatt.GattService in 11000ms
09-17 00:37:47.726   909  1079 D BluetoothManagerService: MESSAGE_RESTART_BLUETOOTH_SERVICE
09-17 00:37:47.740   909  1079 I ActivityManager: Start proc 4721:com.android.bluetooth/1002 for service com.android.bluetooth/.btservice.AdapterService
09-17 00:37:47.928  4701  4739 F libc    : Fatal signal 11 (SIGSEGV), code 1, fault addr 0x0 in tid 4739 (AsyncTask #1)
09-17 00:37:47.934   909   909 D BluetoothManagerService: BluetoothServiceConnection: com.android.bluetooth.btservice.AdapterService
09-17 00:37:47.934   909  1079 D BluetoothManagerService: MESSAGE_BLUETOOTH_SERVICE_CONNECTED: 1
09-17 00:37:47.938   909  1079 D BluetoothManagerService: Broadcasting onBluetoothServiceUp() to 5 receivers.
09-17 00:37:47.943   909  1079 D BluetoothManagerService: MESSAGE_GET_NAME_AND_ADDRESS
09-17 00:37:47.945   909  1079 D BluetoothManagerService: MESSAGE_BLUETOOTH_STATE_CHANGE: OFF > BLE_TURNING_ON
09-17 00:37:47.945   909  1079 D BluetoothManagerService: Sending BLE State Change: OFF > BLE_TURNING_ON
09-17 00:37:47.979  4721  4763 F libc    : Fatal signal 6 (SIGABRT), code -6 in tid 4763 (hci_thread)
09-17 00:37:48.031  4721  4763 F libc    : crash_dump helper failed to exec
09-17 00:37:48.033   909  1077 I BootReceiver: Copying /data/tombstones/tombstone_02 to DropBox (SYSTEM_TOMBSTONE)
09-17 00:37:48.045   909   909 D BluetoothManagerService: BluetoothServiceConnection, disconnected: com.android.bluetooth.btservice.AdapterService
09-17 00:37:48.046   909  3027 I ActivityManager: Process com.android.bluetooth (pid 4721) has died: psvc IMPF
09-17 00:37:48.046   909  1079 E BluetoothManagerService: MESSAGE_BLUETOOTH_SERVICE_DISCONNECTED(1)
09-17 00:37:48.046   909  1079 D BluetoothManagerService: Broadcasting onBluetoothServiceDown() to 4 receivers.
09-17 00:37:48.046   909  3027 W ActivityManager: Scheduling restart of crashed service com.android.bluetooth/.gatt.GattService in 1000ms
09-17 00:37:48.046   909  3027 W ActivityManager: Scheduling restart of crashed service com.android.bluetooth/.btservice.AdapterService in 1000ms
09-17 00:37:48.065  4768  4768 F DEBUG   : *** *** *** *** *** *** *** *** *** *** *** *** *** *** *** ***
09-17 00:37:48.065  4768  4768 F DEBUG   : Build fingerprint: 'google/nitrogen_mako/mako:8.0.0/OPR6.170623.017/root09161737:userdebug/test-keys'
09-17 00:37:48.065  4768  4768 F DEBUG   : Revision: '0'
09-17 00:37:48.065  4768  4768 F DEBUG   : ABI: 'arm'
09-17 00:37:48.066  4768  4768 F DEBUG   : pid: 4701, tid: 4739, name: AsyncTask #1  >>> com.android.nfc <<<
09-17 00:37:48.066  4768  4768 F DEBUG   : signal 11 (SIGSEGV), code 1 (SEGV_MAPERR), fault addr 0x0
09-17 00:37:48.066  4768  4768 F DEBUG   : Cause: null pointer dereference
09-17 00:37:48.066  4768  4768 F DEBUG   :     r0 0000000e  r1 296af87e  r2 000fffff  r3 00000001
09-17 00:37:48.066  4768  4768 F DEBUG   :     r4 00000000  r5 8f0c7d38  r6 8f0c7e04  r7 8f0c7eb4
09-17 00:37:48.066  4768  4768 F DEBUG   :     r8 00015fa0  r9 8f0c7a78  sl 8efc0bf8  fp 8efc0b84
09-17 00:37:48.066  4768  4768 F DEBUG   :     ip 8f134c1c  sp 8efc0a60  lr 8f121497  pc 8f0c74d8  cpsr 600f0010
09-17 00:37:48.114  4768  4768 F DEBUG   : 
09-17 00:37:48.114  4768  4768 F DEBUG   : backtrace:
09-17 00:37:48.114  4768  4768 F DEBUG   :     #00 pc 000764d8  /system/lib/libnfc-nci.so (_ZN13NfcAdaptation26InitializeHalDeviceContextEv+376)
09-17 00:37:48.114  4768  4768 F DEBUG   :     #01 pc 00075e4c  /system/lib/libnfc-nci.so (_ZN13NfcAdaptation10InitializeEv+832)
09-17 00:37:48.114  4768  4768 F DEBUG   :     #02 pc 0000dbf5  /system/lib/libnfc_nci_jni.so (_ZN7androidL23nfcManager_doInitializeEP7_JNIEnvP8_jobject+52)
09-17 00:37:48.114  4768  4768 F DEBUG   :     #03 pc 0002d8eb  /data/dalvik-cache/arm/system@app@NfcNci@NfcNci.apk@classes.dex (offset 0xf000)
09-17 00:37:48.246   909  1079 D BluetoothManagerService: MESSAGE_RESTART_BLUETOOTH_SERVICE
09-17 00:37:48.260   909  1079 I ActivityManager: Start proc 4769:com.android.bluetooth/1002 for service com.android.bluetooth/.btservice.AdapterService
09-17 00:37:48.463   909   909 D BluetoothManagerService: Bluetooth Adapter name changed to Nexus 4
09-17 00:37:48.463   909   909 D BluetoothManagerService: Stored Bluetooth name: Nexus 4
09-17 00:37:48.471   909   909 D BluetoothManagerService: BluetoothServiceConnection: com.android.bluetooth.btservice.AdapterService
09-17 00:37:48.471   909  1079 D BluetoothManagerService: MESSAGE_BLUETOOTH_SERVICE_CONNECTED: 1
09-17 00:37:48.480   909  1079 D BluetoothManagerService: Broadcasting onBluetoothServiceUp() to 5 receivers.
09-17 00:37:48.483   909  1079 D BluetoothManagerService: MESSAGE_GET_NAME_AND_ADDRESS
09-17 00:37:48.485   909  1079 D BluetoothManagerService: Stored Bluetooth name: Nexus 4
09-17 00:37:48.485   909  1079 D BluetoothManagerService: MESSAGE_BLUETOOTH_STATE_CHANGE: OFF > BLE_TURNING_ON
09-17 00:37:48.485   909  1079 D BluetoothManagerService: Sending BLE State Change: OFF > BLE_TURNING_ON
09-17 00:37:48.533  4769  4804 F libc    : Fatal signal 6 (SIGABRT), code -6 in tid 4804 (hci_thread)
09-17 00:37:48.850  4769  4804 F libc    : crash_dump helper failed to exec
09-17 00:37:48.856   909  1077 I BootReceiver: Copying /data/tombstones/tombstone_04 to DropBox (SYSTEM_TOMBSTONE)
09-17 00:37:48.865   909   909 D BluetoothManagerService: BluetoothServiceConnection, disconnected: com.android.bluetooth.btservice.AdapterService
09-17 00:37:48.865   909  3534 I ActivityManager: Process com.android.bluetooth (pid 4769) has died: psvc IMPF
09-17 00:37:48.865   909  3534 W ActivityManager: Scheduling restart of crashed service com.android.bluetooth/.btservice.AdapterService in 1000ms
09-17 00:37:48.865   909  1079 E BluetoothManagerService: MESSAGE_BLUETOOTH_SERVICE_DISCONNECTED(1)
09-17 00:37:48.865   909  1079 D BluetoothManagerService: Broadcasting onBluetoothServiceDown() to 4 receivers.
09-17 00:37:48.865   909  3534 W ActivityManager: Scheduling restart of crashed service com.android.bluetooth/.gatt.GattService in 11000ms
09-17 00:37:48.871   909  3027 I ActivityManager: Process com.android.nfc (pid 4701) has died: pers PER 
09-17 00:37:48.872   909  3027 W ActivityManager: Re-adding persistent process ProcessRecord{978c661 4701:com.android.nfc/1027}
09-17 00:37:48.885   909  1077 I BootReceiver: Copying /data/tombstones/tombstone_03 to DropBox (SYSTEM_TOMBSTONE)
09-17 00:37:48.885   909  3027 I ActivityManager: Start proc 4816:com.android.nfc/1027 for restart com.android.nfc
09-17 00:37:49.065   909  1079 D BluetoothManagerService: MESSAGE_RESTART_BLUETOOTH_SERVICE
09-17 00:37:49.077   909  1079 I ActivityManager: Start proc 4833:com.android.bluetooth/1002 for service com.android.bluetooth/.btservice.AdapterService
09-17 00:37:49.164  4847  4847 F libc    : CANNOT LINK EXECUTABLE "/system/bin/mm-qcamera-daemon": "/system/lib/libmmjpeg.so" has text relocations
09-17 00:37:49.164  4847  4847 F libc    : Fatal signal 6 (SIGABRT), code -6 in tid 4847 (mm-qcamera-daem)
09-17 00:37:49.171  4816  4848 F libc    : Fatal signal 11 (SIGSEGV), code 1, fault addr 0x0 in tid 4848 (AsyncTask #1)
09-17 00:37:49.203  4859  4859 F DEBUG   : *** *** *** *** *** *** *** *** *** *** *** *** *** *** *** ***
09-17 00:37:49.204  4859  4859 F DEBUG   : Build fingerprint: 'google/nitrogen_mako/mako:8.0.0/OPR6.170623.017/root09161737:userdebug/test-keys'
09-17 00:37:49.204  4859  4859 F DEBUG   : Revision: '0'
09-17 00:37:49.204  4859  4859 F DEBUG   : ABI: 'arm'
09-17 00:37:49.204  4859  4859 F DEBUG   : pid: 4847, tid: 4847, name: mm-qcamera-daem  >>> /system/bin/mm-qcamera-daemon <<<
09-17 00:37:49.204  4859  4859 F DEBUG   : signal 6 (SIGABRT), code -6 (SI_TKILL), fault addr --------
09-17 00:37:49.208  4859  4859 F DEBUG   : Abort message: 'CANNOT LINK EXECUTABLE "/system/bin/mm-qcamera-daemon": "/system/lib/libmmjpeg.so" has text relocations'
09-17 00:37:49.208  4859  4859 F DEBUG   :     r0 00000000  r1 000012ef  r2 00000006  r3 00000008
09-17 00:37:49.208  4859  4859 F DEBUG   :     r4 000012ef  r5 000012ef  r6 befcc830  r7 0000010c
09-17 00:37:49.209  4859  4859 F DEBUG   :     r8 befcdae4  r9 b076e010  sl befccad8  fp b07ba9f0
09-17 00:37:49.209  4859  4859 F DEBUG   :     ip 00000000  sp befcc820  lr b08245e7  pc b082e88c  cpsr 200d0010
09-17 00:37:49.218  4859  4859 F DEBUG   : 
09-17 00:37:49.218  4859  4859 F DEBUG   : backtrace:
09-17 00:37:49.218  4859  4859 F DEBUG   :     #00 pc 0006788c  /system/bin/linker (__dl_tgkill+12)
09-17 00:37:49.218  4859  4859 F DEBUG   :     #01 pc 0005d5e3  /system/bin/linker (__dl_abort+54)
09-17 00:37:49.219  4859  4859 F DEBUG   :     #02 pc 00018c21  /system/bin/linker (__dl___libc_fatal+24)
09-17 00:37:49.219  4859  4859 F DEBUG   :     #03 pc 00010267  /system/bin/linker (__dl___linker_init+1986)
09-17 00:37:49.219  4859  4859 F DEBUG   :     #04 pc 00015324  /system/bin/linker (_start+4)
09-17 00:37:49.258   909  2438 W NativeCrashListener: Couldn't find ProcessRecord for pid 4847
09-17 00:37:49.260   909  1077 I BootReceiver: Copying /data/tombstones/tombstone_05 to DropBox (SYSTEM_TOMBSTONE)
09-17 00:37:49.260  4860  4860 F DEBUG   : *** *** *** *** *** *** *** *** *** *** *** *** *** *** *** ***
09-17 00:37:49.261  4860  4860 F DEBUG   : Build fingerprint: 'google/nitrogen_mako/mako:8.0.0/OPR6.170623.017/root09161737:userdebug/test-keys'
09-17 00:37:49.261  4860  4860 F DEBUG   : Revision: '0'
09-17 00:37:49.261  4860  4860 F DEBUG   : ABI: 'arm'
09-17 00:37:49.261  4860  4860 F DEBUG   : pid: 4816, tid: 4848, name: AsyncTask #1  >>> com.android.nfc <<<
09-17 00:37:49.261  4860  4860 F DEBUG   : signal 11 (SIGSEGV), code 1 (SEGV_MAPERR), fault addr 0x0
09-17 00:37:49.261  4860  4860 F DEBUG   : Cause: null pointer dereference
09-17 00:37:49.261  4860  4860 F DEBUG   :     r0 0000000e  r1 296af87e  r2 000fffff  r3 00000001
09-17 00:37:49.261  4860  4860 F DEBUG   :     r4 00000000  r5 8f036d38  r6 8f036e04  r7 8f036eb4
09-17 00:37:49.261  4860  4860 F DEBUG   :     r8 00015fa0  r9 8f036a78  sl 8efbebf8  fp 8efbeb84
09-17 00:37:49.261  4860  4860 F DEBUG   :     ip 8f17bc1c  sp 8efbea60  lr 8f168497  pc 8f0364d8  cpsr 600f0010
09-17 00:37:49.280   909   909 D BluetoothManagerService: Bluetooth Adapter name changed to Nexus 4
09-17 00:37:49.281   909   909 D BluetoothManagerService: Stored Bluetooth name: Nexus 4
09-17 00:37:49.289   909   909 D BluetoothManagerService: BluetoothServiceConnection: com.android.bluetooth.btservice.AdapterService
09-17 00:37:49.289   909  1079 D BluetoothManagerService: MESSAGE_BLUETOOTH_SERVICE_CONNECTED: 1
09-17 00:37:49.292   909  1079 D BluetoothManagerService: Broadcasting onBluetoothServiceUp() to 5 receivers.
09-17 00:37:49.296  4860  4860 F DEBUG   : 
09-17 00:37:49.296  4860  4860 F DEBUG   : backtrace:
09-17 00:37:49.296  4860  4860 F DEBUG   :     #00 pc 000764d8  /system/lib/libnfc-nci.so (_ZN13NfcAdaptation26InitializeHalDeviceContextEv+376)
09-17 00:37:49.296  4860  4860 F DEBUG   :     #01 pc 00075e4c  /system/lib/libnfc-nci.so (_ZN13NfcAdaptation10InitializeEv+832)
09-17 00:37:49.296  4860  4860 F DEBUG   :     #02 pc 0000dbf5  /system/lib/libnfc_nci_jni.so (_ZN7androidL23nfcManager_doInitializeEP7_JNIEnvP8_jobject+52)
09-17 00:37:49.296  4860  4860 F DEBUG   :     #03 pc 0002d8eb  /data/dalvik-cache/arm/system@app@NfcNci@NfcNci.apk@classes.dex (offset 0xf000)
09-17 00:37:49.298   909  1079 D BluetoothManagerService: MESSAGE_GET_NAME_AND_ADDRESS
09-17 00:37:49.302   909  1079 D BluetoothManagerService: Stored Bluetooth name: Nexus 4
09-17 00:37:49.302   909  1079 D BluetoothManagerService: MESSAGE_BLUETOOTH_STATE_CHANGE: OFF > BLE_TURNING_ON
09-17 00:37:49.302   909  1079 D BluetoothManagerService: Sending BLE State Change: OFF > BLE_TURNING_ON
09-17 00:37:49.345  4833  4881 F libc    : Fatal signal 6 (SIGABRT), code -6 in tid 4881 (hci_thread)
09-17 00:37:50.104   909  1077 I BootReceiver: Copying /data/tombstones/tombstone_06 to DropBox (SYSTEM_TOMBSTONE)
09-17 00:37:50.106  4833  4881 F libc    : crash_dump helper failed to exec
09-17 00:37:50.123   909   909 D BluetoothManagerService: BluetoothServiceConnection, disconnected: com.android.bluetooth.btservice.AdapterService
09-17 00:37:50.123   909  1079 E BluetoothManagerService: MESSAGE_BLUETOOTH_SERVICE_DISCONNECTED(1)
09-17 00:37:50.123   909  1069 I ActivityManager: Process com.android.bluetooth (pid 4833) has died: psvc IMPF
09-17 00:37:50.123   909  1079 D BluetoothManagerService: Broadcasting onBluetoothServiceDown() to 4 receivers.
09-17 00:37:50.124   909  1069 W ActivityManager: Scheduling restart of crashed service com.android.bluetooth/.gatt.GattService in 1000ms
09-17 00:37:50.124   909  1069 W ActivityManager: Scheduling restart of crashed service com.android.bluetooth/.btservice.AdapterService in 1000ms
09-17 00:37:50.159   909  3812 I ActivityManager: Process com.android.nfc (pid 4816) has died: pers PER 
09-17 00:37:50.160   909  3812 W ActivityManager: Re-adding persistent process ProcessRecord{978c661 4816:com.android.nfc/1027}
09-17 00:37:50.175   909  3812 I ActivityManager: Start proc 4905:com.android.nfc/1027 for restart com.android.nfc
09-17 00:37:50.184   909  1077 I BootReceiver: Copying /data/tombstones/tombstone_07 to DropBox (SYSTEM_TOMBSTONE)
09-17 00:37:50.250   909  3534 E AlarmManager: RTC Alarm: 2 null com.android.phone com.android.internal.telephony.data-reconnect.default
09-17 00:37:50.323   909  1079 D BluetoothManagerService: MESSAGE_RESTART_BLUETOOTH_SERVICE
09-17 00:37:50.334   909  1079 I ActivityManager: Start proc 4923:com.android.bluetooth/1002 for service com.android.bluetooth/.btservice.AdapterService
09-17 00:37:50.475  4905  4940 F libc    : Fatal signal 11 (SIGSEGV), code 1, fault addr 0x0 in tid 4940 (AsyncTask #1)
09-17 00:37:50.540   909   909 D BluetoothManagerService: Bluetooth Adapter name changed to Nexus 4
09-17 00:37:50.540   909   909 D BluetoothManagerService: Stored Bluetooth name: Nexus 4
09-17 00:37:50.559   909   909 D BluetoothManagerService: BluetoothServiceConnection: com.android.bluetooth.btservice.AdapterService
09-17 00:37:50.559   909  1079 D BluetoothManagerService: MESSAGE_BLUETOOTH_SERVICE_CONNECTED: 1
09-17 00:37:50.561   909  1079 D BluetoothManagerService: Broadcasting onBluetoothServiceUp() to 5 receivers.
09-17 00:37:50.564   909  1079 D BluetoothManagerService: MESSAGE_GET_NAME_AND_ADDRESS
09-17 00:37:50.568   909  1079 D BluetoothManagerService: Stored Bluetooth name: Nexus 4
09-17 00:37:50.568   909  1079 D BluetoothManagerService: MESSAGE_BLUETOOTH_STATE_CHANGE: OFF > BLE_TURNING_ON
09-17 00:37:50.568   909  1079 D BluetoothManagerService: Sending BLE State Change: OFF > BLE_TURNING_ON
09-17 00:37:50.578  4948  4948 F DEBUG   : *** *** *** *** *** *** *** *** *** *** *** *** *** *** *** ***
09-17 00:37:50.578  4948  4948 F DEBUG   : Build fingerprint: 'google/nitrogen_mako/mako:8.0.0/OPR6.170623.017/root09161737:userdebug/test-keys'
09-17 00:37:50.578  4948  4948 F DEBUG   : Revision: '0'
09-17 00:37:50.578  4948  4948 F DEBUG   : ABI: 'arm'
09-17 00:37:50.578  4948  4948 F DEBUG   : pid: 4905, tid: 4940, name: AsyncTask #1  >>> com.android.nfc <<<
09-17 00:37:50.578  4948  4948 F DEBUG   : signal 11 (SIGSEGV), code 1 (SEGV_MAPERR), fault addr 0x0
09-17 00:37:50.578  4948  4948 F DEBUG   : Cause: null pointer dereference
09-17 00:37:50.578  4948  4948 F DEBUG   :     r0 0000000e  r1 296af87e  r2 000fffff  r3 00000001
09-17 00:37:50.578  4948  4948 F DEBUG   :     r4 00000000  r5 8f0b7d38  r6 8f0b7e04  r7 8f0b7eb4
09-17 00:37:50.578  4948  4948 F DEBUG   :     r8 00015fa0  r9 8f0b7a78  sl 8efccbf8  fp 8efccb84
09-17 00:37:50.578  4948  4948 F DEBUG   :     ip 8f13dc1c  sp 8efcca60  lr 8f12a497  pc 8f0b74d8  cpsr 600f0010
09-17 00:37:50.607  4923  4964 F libc    : Fatal signal 6 (SIGABRT), code -6 in tid 4964 (hci_thread)
09-17 00:37:50.615  4948  4948 F DEBUG   : 
09-17 00:37:50.615  4948  4948 F DEBUG   : backtrace:
09-17 00:37:50.615  4948  4948 F DEBUG   :     #00 pc 000764d8  /system/lib/libnfc-nci.so (_ZN13NfcAdaptation26InitializeHalDeviceContextEv+376)
09-17 00:37:50.615  4948  4948 F DEBUG   :     #01 pc 00075e4c  /system/lib/libnfc-nci.so (_ZN13NfcAdaptation10InitializeEv+832)
09-17 00:37:50.616  4948  4948 F DEBUG   :     #02 pc 0000dbf5  /system/lib/libnfc_nci_jni.so (_ZN7androidL23nfcManager_doInitializeEP7_JNIEnvP8_jobject+52)
09-17 00:37:50.616  4948  4948 F DEBUG   :     #03 pc 0002d8eb  /data/dalvik-cache/arm/system@app@NfcNci@NfcNci.apk@classes.dex (offset 0xf000)
09-17 00:37:51.112   909   909 I Telecom : DefaultDialerCache: Refreshing default dialer for user 0: now com.android.dialer: DDC.oR@AEo
09-17 00:37:51.155   909   909 I Telecom : DefaultDialerCache: Refreshing default dialer for user 0: now com.android.dialer: DDC.oR@AEs
09-17 00:37:51.170   909   909 I Telecom : DefaultDialerCache: Refreshing default dialer for user 0: now com.android.dialer: DDC.oR@AEw
09-17 00:37:51.183   909   909 I Telecom : DefaultDialerCache: Refreshing default dialer for user 0: now com.android.dialer: DDC.oR@AE0
09-17 00:37:51.188   909   909 I Telecom : DefaultDialerCache: Refreshing default dialer for user 0: now com.android.dialer: DDC.oR@AE4
09-17 00:37:51.194   909   909 I Telecom : DefaultDialerCache: Refreshing default dialer for user 0: now com.android.dialer: DDC.oR@AE8
09-17 00:37:51.244   909  1071 W VoiceInteractionManagerService: no available voice interaction services found for user 0
09-17 00:37:51.280   909  1071 I chatty  : uid=1000(system) android.bg identical 2 lines
09-17 00:37:51.308   909  1071 W VoiceInteractionManagerService: no available voice interaction services found for user 0
09-17 00:37:51.405  4923  4964 F libc    : crash_dump helper failed to exec
09-17 00:37:51.412   909  1077 I BootReceiver: Copying /data/tombstones/tombstone_09 to DropBox (SYSTEM_TOMBSTONE)
09-17 00:37:51.425   909  3036 I ActivityManager: Process com.android.nfc (pid 4905) has died: pers PER 
09-17 00:37:51.426   909  3036 W ActivityManager: Re-adding persistent process ProcessRecord{978c661 4905:com.android.nfc/1027}
09-17 00:37:51.430   909  1077 I BootReceiver: Copying /data/tombstones/tombstone_08 to DropBox (SYSTEM_TOMBSTONE)
09-17 00:37:51.437   909   909 D BluetoothManagerService: BluetoothServiceConnection, disconnected: com.android.bluetooth.btservice.AdapterService
09-17 00:37:51.437   909  1079 E BluetoothManagerService: MESSAGE_BLUETOOTH_SERVICE_DISCONNECTED(1)
09-17 00:37:51.438   909  1079 D BluetoothManagerService: Broadcasting onBluetoothServiceDown() to 3 receivers.
09-17 00:37:51.443   909  3036 I ActivityManager: Start proc 4979:com.android.nfc/1027 for restart com.android.nfc
09-17 00:37:51.444   909  1071 W VoiceInteractionManagerService: no available voice interaction services found for user 0
09-17 00:37:51.446   909  2437 I ActivityManager: Process com.android.bluetooth (pid 4923) has died: psvc IMPF
09-17 00:37:51.447   909  2437 W ActivityManager: Scheduling restart of crashed service com.android.bluetooth/.gatt.GattService in 1000ms
09-17 00:37:51.447   909  2437 W ActivityManager: Scheduling restart of crashed service com.android.bluetooth/.btservice.AdapterService in 1000ms
09-17 00:37:51.483   909  1071 W VoiceInteractionManagerService: no available voice interaction services found for user 0
09-17 00:37:51.637   909  1079 D BluetoothManagerService: MESSAGE_RESTART_BLUETOOTH_SERVICE
09-17 00:37:51.651   909  1079 I ActivityManager: Start proc 4997:com.android.bluetooth/1002 for service com.android.bluetooth/.btservice.AdapterService
09-17 00:37:51.859  4979  5014 F libc    : Fatal signal 11 (SIGSEGV), code 1, fault addr 0x0 in tid 5014 (AsyncTask #1)
09-17 00:37:51.928   909   909 D BluetoothManagerService: BluetoothServiceConnection: com.android.bluetooth.btservice.AdapterService
09-17 00:37:51.928   909  1079 D BluetoothManagerService: MESSAGE_BLUETOOTH_SERVICE_CONNECTED: 1
09-17 00:37:51.930   909  1079 D BluetoothManagerService: Broadcasting onBluetoothServiceUp() to 5 receivers.
09-17 00:37:51.937   909  1079 D BluetoothManagerService: MESSAGE_GET_NAME_AND_ADDRESS
09-17 00:37:51.952  5028  5028 F DEBUG   : *** *** *** *** *** *** *** *** *** *** *** *** *** *** *** ***
09-17 00:37:51.952  5028  5028 F DEBUG   : Build fingerprint: 'google/nitrogen_mako/mako:8.0.0/OPR6.170623.017/root09161737:userdebug/test-keys'
09-17 00:37:51.952  5028  5028 F DEBUG   : Revision: '0'
09-17 00:37:51.952  5028  5028 F DEBUG   : ABI: 'arm'
09-17 00:37:51.952  5028  5028 F DEBUG   : pid: 4979, tid: 5014, name: AsyncTask #1  >>> com.android.nfc <<<
09-17 00:37:51.952  5028  5028 F DEBUG   : signal 11 (SIGSEGV), code 1 (SEGV_MAPERR), fault addr 0x0
09-17 00:37:51.952  5028  5028 F DEBUG   : Cause: null pointer dereference
09-17 00:37:51.952  5028  5028 F DEBUG   :     r0 0000000e  r1 296af87e  r2 000fffff  r3 00000001
09-17 00:37:51.952  5028  5028 F DEBUG   :     r4 00000000  r5 8f136d38  r6 8f136e04  r7 8f136eb4
09-17 00:37:51.953  5028  5028 F DEBUG   :     r8 00015fa0  r9 8f136a78  sl 8efcfbf8  fp 8efcfb84
09-17 00:37:51.953  5028  5028 F DEBUG   :     ip 8eff9c1c  sp 8efcfa60  lr 8efe6497  pc 8f1364d8  cpsr 600f0010
09-17 00:37:51.958   909  1079 D BluetoothManagerService: MESSAGE_BLUETOOTH_STATE_CHANGE: OFF > BLE_TURNING_ON
09-17 00:37:51.958   909  1079 D BluetoothManagerService: Sending BLE State Change: OFF > BLE_TURNING_ON
09-17 00:37:51.991  4997  5038 F libc    : Fatal signal 6 (SIGABRT), code -6 in tid 5038 (hci_thread)
09-17 00:37:51.993  5028  5028 F DEBUG   : 
09-17 00:37:51.993  5028  5028 F DEBUG   : backtrace:
09-17 00:37:51.993  5028  5028 F DEBUG   :     #00 pc 000764d8  /system/lib/libnfc-nci.so (_ZN13NfcAdaptation26InitializeHalDeviceContextEv+376)
09-17 00:37:51.993  5028  5028 F DEBUG   :     #01 pc 00075e4c  /system/lib/libnfc-nci.so (_ZN13NfcAdaptation10InitializeEv+832)
09-17 00:37:51.993  5028  5028 F DEBUG   :     #02 pc 0000dbf5  /system/lib/libnfc_nci_jni.so (_ZN7androidL23nfcManager_doInitializeEP7_JNIEnvP8_jobject+52)
09-17 00:37:51.993  5028  5028 F DEBUG   :     #03 pc 0002d8eb  /data/dalvik-cache/arm/system@app@NfcNci@NfcNci.apk@classes.dex (offset 0xf000)
09-17 00:37:52.463   909  1072 I ActivityManager: Waited long enough for: ServiceRecord{34bf49e u0 com.android.providers.media/.MediaScannerService}
09-17 00:37:52.716  4997  5038 F libc    : crash_dump helper failed to exec
09-17 00:37:52.717   909  1077 I BootReceiver: Copying /data/tombstones/tombstone_01 to DropBox (SYSTEM_TOMBSTONE)
09-17 00:37:52.734   909  3534 I ActivityManager: Process com.android.nfc (pid 4979) has died: pers PER 
09-17 00:37:52.735   909  3534 W ActivityManager: Re-adding persistent process ProcessRecord{978c661 4979:com.android.nfc/1027}
09-17 00:37:52.737   909  1077 I BootReceiver: Copying /data/tombstones/tombstone_00 to DropBox (SYSTEM_TOMBSTONE)
09-17 00:37:52.738   909   909 D BluetoothManagerService: BluetoothServiceConnection, disconnected: com.android.bluetooth.btservice.AdapterService
09-17 00:37:52.738   909  1079 E BluetoothManagerService: MESSAGE_BLUETOOTH_SERVICE_DISCONNECTED(1)
09-17 00:37:52.738   909  1079 D BluetoothManagerService: Broadcasting onBluetoothServiceDown() to 3 receivers.
09-17 00:37:52.749   909  3534 I ActivityManager: Start proc 5056:com.android.nfc/1027 for restart com.android.nfc
09-17 00:37:52.755   909  3814 I ActivityManager: Process com.android.bluetooth (pid 4997) has died: psvc IMPF
09-17 00:37:52.755   909  3814 W ActivityManager: Scheduling restart of crashed service com.android.bluetooth/.gatt.GattService in 1000ms
09-17 00:37:52.755   909  3814 W ActivityManager: Scheduling restart of crashed service com.android.bluetooth/.btservice.AdapterService in 1000ms
09-17 00:37:52.938   909  1079 D BluetoothManagerService: MESSAGE_RESTART_BLUETOOTH_SERVICE
09-17 00:37:52.953   909  1079 I ActivityManager: Start proc 5077:com.android.bluetooth/1002 for service com.android.bluetooth/.btservice.AdapterService
09-17 00:37:53.117  5056  5096 F libc    : Fatal signal 11 (SIGSEGV), code 1, fault addr 0x0 in tid 5096 (AsyncTask #1)
09-17 00:37:53.151   909   909 D BluetoothManagerService: Bluetooth Adapter name changed to Nexus 4
09-17 00:37:53.151   909   909 D BluetoothManagerService: Stored Bluetooth name: Nexus 4
09-17 00:37:53.160   909   909 D BluetoothManagerService: BluetoothServiceConnection: com.android.bluetooth.btservice.AdapterService
09-17 00:37:53.161   909  1079 D BluetoothManagerService: MESSAGE_BLUETOOTH_SERVICE_CONNECTED: 1
09-17 00:37:53.164   909  1079 D BluetoothManagerService: Broadcasting onBluetoothServiceUp() to 5 receivers.
09-17 00:37:53.167   909  1079 D BluetoothManagerService: MESSAGE_GET_NAME_AND_ADDRESS
09-17 00:37:53.171   909  1079 D BluetoothManagerService: Stored Bluetooth name: Nexus 4
09-17 00:37:53.171   909  1079 D BluetoothManagerService: MESSAGE_BLUETOOTH_STATE_CHANGE: OFF > BLE_TURNING_ON
09-17 00:37:53.171   909  1079 D BluetoothManagerService: Sending BLE State Change: OFF > BLE_TURNING_ON
09-17 00:37:53.203  5077  5120 F libc    : Fatal signal 6 (SIGABRT), code -6 in tid 5120 (hci_thread)
09-17 00:37:53.206  5114  5114 F DEBUG   : *** *** *** *** *** *** *** *** *** *** *** *** *** *** *** ***
09-17 00:37:53.206  5114  5114 F DEBUG   : Build fingerprint: 'google/nitrogen_mako/mako:8.0.0/OPR6.170623.017/root09161737:userdebug/test-keys'
09-17 00:37:53.206  5114  5114 F DEBUG   : Revision: '0'
09-17 00:37:53.206  5114  5114 F DEBUG   : ABI: 'arm'
09-17 00:37:53.206  5114  5114 F DEBUG   : pid: 5056, tid: 5096, name: AsyncTask #1  >>> com.android.nfc <<<
09-17 00:37:53.206  5114  5114 F DEBUG   : signal 11 (SIGSEGV), code 1 (SEGV_MAPERR), fault addr 0x0
09-17 00:37:53.206  5114  5114 F DEBUG   : Cause: null pointer dereference
09-17 00:37:53.207  5114  5114 F DEBUG   :     r0 0000000e  r1 296af87e  r2 000fffff  r3 00000001
09-17 00:37:53.207  5114  5114 F DEBUG   :     r4 00000000  r5 8f03ad38  r6 8f03ae04  r7 8f03aeb4
09-17 00:37:53.207  5114  5114 F DEBUG   :     r8 00015fa0  r9 8f03aa78  sl 8efc2bf8  fp 8efc2b84
09-17 00:37:53.207  5114  5114 F DEBUG   :     ip 8f0b5c1c  sp 8efc2a60  lr 8f0a2497  pc 8f03a4d8  cpsr 600f0010
09-17 00:37:53.244  5114  5114 F DEBUG   : 
09-17 00:37:53.244  5114  5114 F DEBUG   : backtrace:
09-17 00:37:53.244  5114  5114 F DEBUG   :     #00 pc 000764d8  /system/lib/libnfc-nci.so (_ZN13NfcAdaptation26InitializeHalDeviceContextEv+376)
09-17 00:37:53.244  5114  5114 F DEBUG   :     #01 pc 00075e4c  /system/lib/libnfc-nci.so (_ZN13NfcAdaptation10InitializeEv+832)
09-17 00:37:53.244  5114  5114 F DEBUG   :     #02 pc 0000dbf5  /system/lib/libnfc_nci_jni.so (_ZN7androidL23nfcManager_doInitializeEP7_JNIEnvP8_jobject+52)
09-17 00:37:53.244  5114  5114 F DEBUG   :     #03 pc 0002d8eb  /data/dalvik-cache/arm/system@app@NfcNci@NfcNci.apk@classes.dex (offset 0xf000)
09-17 00:37:53.970  5077  5120 F libc    : crash_dump helper failed to exec
09-17 00:37:53.972   909  1077 I BootReceiver: Copying /data/tombstones/tombstone_03 to DropBox (SYSTEM_TOMBSTONE)
09-17 00:37:53.991   909  1077 I BootReceiver: Copying /data/tombstones/tombstone_02 to DropBox (SYSTEM_TOMBSTONE)
09-17 00:37:53.994   909   909 D BluetoothManagerService: BluetoothServiceConnection, disconnected: com.android.bluetooth.btservice.AdapterService
09-17 00:37:53.995   909  1079 E BluetoothManagerService: MESSAGE_BLUETOOTH_SERVICE_DISCONNECTED(1)
09-17 00:37:53.995   909  1079 D BluetoothManagerService: Broadcasting onBluetoothServiceDown() to 3 receivers.
09-17 00:37:53.995   909  2543 I ActivityManager: Process com.android.bluetooth (pid 5077) has died: psvc IMPF
09-17 00:37:53.995   909  2543 W ActivityManager: Scheduling restart of crashed service com.android.bluetooth/.btservice.AdapterService in 1000ms
09-17 00:37:53.995   909  2543 W ActivityManager: Scheduling restart of crashed service com.android.bluetooth/.gatt.GattService in 11000ms
09-17 00:37:54.000   909  3036 I ActivityManager: Process com.android.nfc (pid 5056) has died: pers PER 
09-17 00:37:54.001   909  3036 W ActivityManager: Re-adding persistent process ProcessRecord{978c661 5056:com.android.nfc/1027}
09-17 00:37:54.013   909  3036 I ActivityManager: Start proc 5143:com.android.nfc/1027 for restart com.android.nfc
09-17 00:37:54.195   909  1079 D BluetoothManagerService: MESSAGE_RESTART_BLUETOOTH_SERVICE
09-17 00:37:54.208   909  1079 I ActivityManager: Start proc 5160:com.android.bluetooth/1002 for service com.android.bluetooth/.btservice.AdapterService
09-17 00:37:54.267  5168  5168 F libc    : CANNOT LINK EXECUTABLE "/system/bin/mm-qcamera-daemon": "/system/lib/libmmjpeg.so" has text relocations
09-17 00:37:54.267  5168  5168 F libc    : Fatal signal 6 (SIGABRT), code -6 in tid 5168 (mm-qcamera-daem)
09-17 00:37:54.298  5143  5178 F libc    : Fatal signal 11 (SIGSEGV), code 1, fault addr 0x0 in tid 5178 (AsyncTask #1)
09-17 00:37:54.316  5187  5187 F DEBUG   : *** *** *** *** *** *** *** *** *** *** *** *** *** *** *** ***
09-17 00:37:54.317  5187  5187 F DEBUG   : Build fingerprint: 'google/nitrogen_mako/mako:8.0.0/OPR6.170623.017/root09161737:userdebug/test-keys'
09-17 00:37:54.317  5187  5187 F DEBUG   : Revision: '0'
09-17 00:37:54.317  5187  5187 F DEBUG   : ABI: 'arm'
09-17 00:37:54.317  5187  5187 F DEBUG   : pid: 5168, tid: 5168, name: mm-qcamera-daem  >>> /system/bin/mm-qcamera-daemon <<<
09-17 00:37:54.317  5187  5187 F DEBUG   : signal 6 (SIGABRT), code -6 (SI_TKILL), fault addr --------
09-17 00:37:54.322  5187  5187 F DEBUG   : Abort message: 'CANNOT LINK EXECUTABLE "/system/bin/mm-qcamera-daemon": "/system/lib/libmmjpeg.so" has text relocations'
09-17 00:37:54.322  5187  5187 F DEBUG   :     r0 00000000  r1 00001430  r2 00000006  r3 00000008
09-17 00:37:54.322  5187  5187 F DEBUG   :     r4 00001430  r5 00001430  r6 bee14830  r7 0000010c
09-17 00:37:54.322  5187  5187 F DEBUG   :     r8 bee15ae4  r9 b4963010  sl bee14ad8  fp b49af9f0
09-17 00:37:54.322  5187  5187 F DEBUG   :     ip 00000000  sp bee14820  lr b4a195e7  pc b4a2388c  cpsr 200d0010
09-17 00:37:54.332  5187  5187 F DEBUG   : 
09-17 00:37:54.332  5187  5187 F DEBUG   : backtrace:
09-17 00:37:54.332  5187  5187 F DEBUG   :     #00 pc 0006788c  /system/bin/linker (__dl_tgkill+12)
09-17 00:37:54.332  5187  5187 F DEBUG   :     #01 pc 0005d5e3  /system/bin/linker (__dl_abort+54)
09-17 00:37:54.332  5187  5187 F DEBUG   :     #02 pc 00018c21  /system/bin/linker (__dl___libc_fatal+24)
09-17 00:37:54.332  5187  5187 F DEBUG   :     #03 pc 00010267  /system/bin/linker (__dl___linker_init+1986)
09-17 00:37:54.332  5187  5187 F DEBUG   :     #04 pc 00015324  /system/bin/linker (_start+4)
09-17 00:37:54.375   909  2438 W NativeCrashListener: Couldn't find ProcessRecord for pid 5168
09-17 00:37:54.377   909  1077 I BootReceiver: Copying /data/tombstones/tombstone_04 to DropBox (SYSTEM_TOMBSTONE)
09-17 00:37:54.403  5188  5188 F DEBUG   : *** *** *** *** *** *** *** *** *** *** *** *** *** *** *** ***
09-17 00:37:54.403  5188  5188 F DEBUG   : Build fingerprint: 'google/nitrogen_mako/mako:8.0.0/OPR6.170623.017/root09161737:userdebug/test-keys'
09-17 00:37:54.403  5188  5188 F DEBUG   : Revision: '0'
09-17 00:37:54.403  5188  5188 F DEBUG   : ABI: 'arm'
09-17 00:37:54.403  5188  5188 F DEBUG   : pid: 5143, tid: 5178, name: AsyncTask #1  >>> com.android.nfc <<<
09-17 00:37:54.403  5188  5188 F DEBUG   : signal 11 (SIGSEGV), code 1 (SEGV_MAPERR), fault addr 0x0
09-17 00:37:54.403  5188  5188 F DEBUG   : Cause: null pointer dereference
09-17 00:37:54.403  5188  5188 F DEBUG   :     r0 0000000e  r1 296af87e  r2 000fffff  r3 00000001
09-17 00:37:54.403  5188  5188 F DEBUG   :     r4 00000000  r5 8f041d38  r6 8f041e04  r7 8f041eb4
09-17 00:37:54.403  5188  5188 F DEBUG   :     r8 00015fa0  r9 8f041a78  sl 8efc9bf8  fp 8efc9b84
09-17 00:37:54.403  5188  5188 F DEBUG   :     ip 8f0b7c1c  sp 8efc9a60  lr 8f0a4497  pc 8f0414d8  cpsr 600f0010
09-17 00:37:54.429   909   909 D BluetoothManagerService: BluetoothServiceConnection: com.android.bluetooth.btservice.AdapterService
09-17 00:37:54.429   909  1079 D BluetoothManagerService: MESSAGE_BLUETOOTH_SERVICE_CONNECTED: 1
09-17 00:37:54.438   909  1079 D BluetoothManagerService: Broadcasting onBluetoothServiceUp() to 5 receivers.
09-17 00:37:54.441   909  1079 D BluetoothManagerService: MESSAGE_GET_NAME_AND_ADDRESS
09-17 00:37:54.443   909  1079 D BluetoothManagerService: MESSAGE_BLUETOOTH_STATE_CHANGE: OFF > BLE_TURNING_ON
09-17 00:37:54.443   909  1079 D BluetoothManagerService: Sending BLE State Change: OFF > BLE_TURNING_ON
09-17 00:37:54.444  5188  5188 F DEBUG   : 
09-17 00:37:54.444  5188  5188 F DEBUG   : backtrace:
09-17 00:37:54.444  5188  5188 F DEBUG   :     #00 pc 000764d8  /system/lib/libnfc-nci.so (_ZN13NfcAdaptation26InitializeHalDeviceContextEv+376)
09-17 00:37:54.444  5188  5188 F DEBUG   :     #01 pc 00075e4c  /system/lib/libnfc-nci.so (_ZN13NfcAdaptation10InitializeEv+832)
09-17 00:37:54.445  5188  5188 F DEBUG   :     #02 pc 0000dbf5  /system/lib/libnfc_nci_jni.so (_ZN7androidL23nfcManager_doInitializeEP7_JNIEnvP8_jobject+52)
09-17 00:37:54.445  5188  5188 F DEBUG   :     #03 pc 0002d8eb  /data/dalvik-cache/arm/system@app@NfcNci@NfcNci.apk@classes.dex (offset 0xf000)
09-17 00:37:54.476  5160  5209 F libc    : Fatal signal 6 (SIGABRT), code -6 in tid 5209 (hci_thread)
09-17 00:37:55.167  5160  5209 F libc    : crash_dump helper failed to exec
09-17 00:37:55.171   909  1077 I BootReceiver: Copying /data/tombstones/tombstone_06 to DropBox (SYSTEM_TOMBSTONE)
09-17 00:37:55.183   909   909 D BluetoothManagerService: BluetoothServiceConnection, disconnected: com.android.bluetooth.btservice.AdapterService
09-17 00:37:55.183   909  1079 E BluetoothManagerService: MESSAGE_BLUETOOTH_SERVICE_DISCONNECTED(1)
09-17 00:37:55.183   909  1079 D BluetoothManagerService: Broadcasting onBluetoothServiceDown() to 4 receivers.
09-17 00:37:55.184   909  3439 I ActivityManager: Process com.android.bluetooth (pid 5160) has died: psvc IMPF
09-17 00:37:55.184   909  3439 W ActivityManager: Scheduling restart of crashed service com.android.bluetooth/.btservice.AdapterService in 1000ms
09-17 00:37:55.184   909  3439 W ActivityManager: Scheduling restart of crashed service com.android.bluetooth/.gatt.GattService in 11000ms
09-17 00:37:55.190   909  2543 I ActivityManager: Process com.android.nfc (pid 5143) has died: pers PER 
09-17 00:37:55.191   909  2543 W ActivityManager: Re-adding persistent process ProcessRecord{978c661 5143:com.android.nfc/1027}
09-17 00:37:55.204   909  2543 I ActivityManager: Start proc 5221:com.android.nfc/1027 for restart com.android.nfc
09-17 00:37:55.211   909  1077 I BootReceiver: Copying /data/tombstones/tombstone_05 to DropBox (SYSTEM_TOMBSTONE)
09-17 00:37:55.384   909  1079 D BluetoothManagerService: MESSAGE_RESTART_BLUETOOTH_SERVICE
09-17 00:37:55.399   909  1079 I ActivityManager: Start proc 5242:com.android.bluetooth/1002 for service com.android.bluetooth/.btservice.AdapterService
09-17 00:37:55.534  5221  5259 F libc    : Fatal signal 11 (SIGSEGV), code 1, fault addr 0x0 in tid 5259 (AsyncTask #1)
09-17 00:37:55.610   909   909 D BluetoothManagerService: Bluetooth Adapter name changed to Nexus 4
09-17 00:37:55.610   909   909 D BluetoothManagerService: Stored Bluetooth name: Nexus 4
09-17 00:37:55.625   909   909 D BluetoothManagerService: BluetoothServiceConnection: com.android.bluetooth.btservice.AdapterService
09-17 00:37:55.626   909  1079 D BluetoothManagerService: MESSAGE_BLUETOOTH_SERVICE_CONNECTED: 1
09-17 00:37:55.628   909  1079 D BluetoothManagerService: Broadcasting onBluetoothServiceUp() to 5 receivers.
09-17 00:37:55.633   909  1079 D BluetoothManagerService: MESSAGE_GET_NAME_AND_ADDRESS
09-17 00:37:55.636   909  1079 D BluetoothManagerService: Stored Bluetooth name: Nexus 4
09-17 00:37:55.636   909  1079 D BluetoothManagerService: MESSAGE_BLUETOOTH_STATE_CHANGE: OFF > BLE_TURNING_ON
09-17 00:37:55.636   909  1079 D BluetoothManagerService: Sending BLE State Change: OFF > BLE_TURNING_ON
09-17 00:37:55.641  5272  5272 F DEBUG   : *** *** *** *** *** *** *** *** *** *** *** *** *** *** *** ***
09-17 00:37:55.641  5272  5272 F DEBUG   : Build fingerprint: 'google/nitrogen_mako/mako:8.0.0/OPR6.170623.017/root09161737:userdebug/test-keys'
09-17 00:37:55.641  5272  5272 F DEBUG   : Revision: '0'
09-17 00:37:55.641  5272  5272 F DEBUG   : ABI: 'arm'
09-17 00:37:55.641  5272  5272 F DEBUG   : pid: 5221, tid: 5259, name: AsyncTask #1  >>> com.android.nfc <<<
09-17 00:37:55.641  5272  5272 F DEBUG   : signal 11 (SIGSEGV), code 1 (SEGV_MAPERR), fault addr 0x0
09-17 00:37:55.641  5272  5272 F DEBUG   : Cause: null pointer dereference
09-17 00:37:55.642  5272  5272 F DEBUG   :     r0 0000000e  r1 296af87e  r2 000fffff  r3 00000001
09-17 00:37:55.642  5272  5272 F DEBUG   :     r4 00000000  r5 8f13bd38  r6 8f13be04  r7 8f13beb4
09-17 00:37:55.642  5272  5272 F DEBUG   :     r8 00015fa0  r9 8f13ba78  sl 8efc9bf8  fp 8efc9b84
09-17 00:37:55.642  5272  5272 F DEBUG   :     ip 8eff3c1c  sp 8efc9a60  lr 8efe0497  pc 8f13b4d8  cpsr 600f0010
09-17 00:37:55.675  5242  5284 F libc    : Fatal signal 6 (SIGABRT), code -6 in tid 5284 (hci_thread)
09-17 00:37:55.682  5272  5272 F DEBUG   : 
09-17 00:37:55.682  5272  5272 F DEBUG   : backtrace:
09-17 00:37:55.682  5272  5272 F DEBUG   :     #00 pc 000764d8  /system/lib/libnfc-nci.so (_ZN13NfcAdaptation26InitializeHalDeviceContextEv+376)
09-17 00:37:55.682  5272  5272 F DEBUG   :     #01 pc 00075e4c  /system/lib/libnfc-nci.so (_ZN13NfcAdaptation10InitializeEv+832)
09-17 00:37:55.682  5272  5272 F DEBUG   :     #02 pc 0000dbf5  /system/lib/libnfc_nci_jni.so (_ZN7androidL23nfcManager_doInitializeEP7_JNIEnvP8_jobject+52)
09-17 00:37:55.682  5272  5272 F DEBUG   :     #03 pc 0002d8eb  /data/dalvik-cache/arm/system@app@NfcNci@NfcNci.apk@classes.dex (offset 0xf000)
09-17 00:37:56.360   909  1072 I ActivityManager: Waited long enough for: ServiceRecord{400faf9 u0 com.android.calendar/.alerts.InitAlarmsService}
09-17 00:37:56.404  5242  5284 F libc    : crash_dump helper failed to exec
09-17 00:37:56.407   909  1077 I BootReceiver: Copying /data/tombstones/tombstone_08 to DropBox (SYSTEM_TOMBSTONE)
09-17 00:37:56.417   909   909 D BluetoothManagerService: BluetoothServiceConnection, disconnected: com.android.bluetooth.btservice.AdapterService
09-17 00:37:56.417   909  1079 E BluetoothManagerService: MESSAGE_BLUETOOTH_SERVICE_DISCONNECTED(1)
09-17 00:37:56.417   909  3036 I ActivityManager: Process com.android.bluetooth (pid 5242) has died: psvc IMPF
09-17 00:37:56.417   909  1079 D BluetoothManagerService: Broadcasting onBluetoothServiceDown() to 4 receivers.
09-17 00:37:56.418   909  3036 W ActivityManager: Scheduling restart of crashed service com.android.bluetooth/.btservice.AdapterService in 1000ms
09-17 00:37:56.418   909  3036 W ActivityManager: Scheduling restart of crashed service com.android.bluetooth/.gatt.GattService in 10999ms
09-17 00:37:56.422   909  3439 I ActivityManager: Process com.android.nfc (pid 5221) has died: pers PER 
09-17 00:37:56.423   909  3439 W ActivityManager: Re-adding persistent process ProcessRecord{978c661 5221:com.android.nfc/1027}
09-17 00:37:56.435   909  3439 I ActivityManager: Start proc 5298:com.android.nfc/1027 for restart com.android.nfc
09-17 00:37:56.481   909  1077 I BootReceiver: Copying /data/tombstones/tombstone_07 to DropBox (SYSTEM_TOMBSTONE)
09-17 00:37:56.618   909  1079 D BluetoothManagerService: MESSAGE_RESTART_BLUETOOTH_SERVICE
09-17 00:37:56.630   909  1079 I ActivityManager: Start proc 5315:com.android.bluetooth/1002 for service com.android.bluetooth/.btservice.AdapterService
09-17 00:37:56.688  5298  5329 F libc    : Fatal signal 11 (SIGSEGV), code 1, fault addr 0x0 in tid 5329 (AsyncTask #1)
09-17 00:37:56.780  5339  5339 F DEBUG   : *** *** *** *** *** *** *** *** *** *** *** *** *** *** *** ***
09-17 00:37:56.780  5339  5339 F DEBUG   : Build fingerprint: 'google/nitrogen_mako/mako:8.0.0/OPR6.170623.017/root09161737:userdebug/test-keys'
09-17 00:37:56.780  5339  5339 F DEBUG   : Revision: '0'
09-17 00:37:56.780  5339  5339 F DEBUG   : ABI: 'arm'
09-17 00:37:56.781  5339  5339 F DEBUG   : pid: 5298, tid: 5329, name: AsyncTask #1  >>> com.android.nfc <<<
09-17 00:37:56.781  5339  5339 F DEBUG   : signal 11 (SIGSEGV), code 1 (SEGV_MAPERR), fault addr 0x0
09-17 00:37:56.781  5339  5339 F DEBUG   : Cause: null pointer dereference
09-17 00:37:56.781  5339  5339 F DEBUG   :     r0 0000000e  r1 296af87e  r2 000fffff  r3 00000001
09-17 00:37:56.781  5339  5339 F DEBUG   :     r4 00000000  r5 8f13fd38  r6 8f13fe04  r7 8f13feb4
09-17 00:37:56.781  5339  5339 F DEBUG   :     r8 00015fa0  r9 8f13fa78  sl 8efd3bf8  fp 8efd3b84
09-17 00:37:56.781  5339  5339 F DEBUG   :     ip 8effdc1c  sp 8efd3a60  lr 8efea497  pc 8f13f4d8  cpsr 600f0010
09-17 00:37:56.821  5339  5339 F DEBUG   : 
09-17 00:37:56.821  5339  5339 F DEBUG   : backtrace:
09-17 00:37:56.821  5339  5339 F DEBUG   :     #00 pc 000764d8  /system/lib/libnfc-nci.so (_ZN13NfcAdaptation26InitializeHalDeviceContextEv+376)
09-17 00:37:56.821  5339  5339 F DEBUG   :     #01 pc 00075e4c  /system/lib/libnfc-nci.so (_ZN13NfcAdaptation10InitializeEv+832)
09-17 00:37:56.821  5339  5339 F DEBUG   :     #02 pc 0000dbf5  /system/lib/libnfc_nci_jni.so (_ZN7androidL23nfcManager_doInitializeEP7_JNIEnvP8_jobject+52)
09-17 00:37:56.821  5339  5339 F DEBUG   :     #03 pc 0002d8eb  /data/dalvik-cache/arm/system@app@NfcNci@NfcNci.apk@classes.dex (offset 0xf000)
09-17 00:37:56.831   909   909 D BluetoothManagerService: BluetoothServiceConnection: com.android.bluetooth.btservice.AdapterService
09-17 00:37:56.831   909  1079 D BluetoothManagerService: MESSAGE_BLUETOOTH_SERVICE_CONNECTED: 1
09-17 00:37:56.834   909  1079 D BluetoothManagerService: Broadcasting onBluetoothServiceUp() to 5 receivers.
09-17 00:37:56.837   909  1079 D BluetoothManagerService: MESSAGE_GET_NAME_AND_ADDRESS
09-17 00:37:56.840   909  1079 D BluetoothManagerService: MESSAGE_BLUETOOTH_STATE_CHANGE: OFF > BLE_TURNING_ON
09-17 00:37:56.840   909  1079 D BluetoothManagerService: Sending BLE State Change: OFF > BLE_TURNING_ON
09-17 00:37:56.871  5315  5355 F libc    : Fatal signal 6 (SIGABRT), code -6 in tid 5355 (hci_thread)
09-17 00:37:57.556   909  1077 I BootReceiver: Copying /data/tombstones/tombstone_09 to DropBox (SYSTEM_TOMBSTONE)
09-17 00:37:57.566  5315  5355 F libc    : crash_dump helper failed to exec
09-17 00:37:57.580   909   909 D BluetoothManagerService: BluetoothServiceConnection, disconnected: com.android.bluetooth.btservice.AdapterService
09-17 00:37:57.581   909  2437 I ActivityManager: Process com.android.bluetooth (pid 5315) has died: psvc IMPF
09-17 00:37:57.581   909  1079 E BluetoothManagerService: MESSAGE_BLUETOOTH_SERVICE_DISCONNECTED(1)
09-17 00:37:57.581   909  1079 D BluetoothManagerService: Broadcasting onBluetoothServiceDown() to 4 receivers.
09-17 00:37:57.581   909  2437 W ActivityManager: Scheduling restart of crashed service com.android.bluetooth/.gatt.GattService in 1000ms
09-17 00:37:57.581   909  2437 W ActivityManager: Scheduling restart of crashed service com.android.bluetooth/.btservice.AdapterService in 1000ms
09-17 00:37:57.601   909  3813 I ActivityManager: Process com.android.nfc (pid 5298) has died: pers PER 
09-17 00:37:57.602   909  3813 W ActivityManager: Re-adding persistent process ProcessRecord{978c661 5298:com.android.nfc/1027}
09-17 00:37:57.614   909  3813 I ActivityManager: Start proc 5377:com.android.nfc/1027 for restart com.android.nfc
09-17 00:37:57.648   909  1077 I BootReceiver: Copying /data/tombstones/tombstone_00 to DropBox (SYSTEM_TOMBSTONE)
