09-17 00:37:57.781   909  1079 D BluetoothManagerService: MESSAGE_RESTART_BLUETOOTH_SERVICE
09-17 00:37:57.795   909  1079 I ActivityManager: Start proc 5398:com.android.bluetooth/1002 for service com.android.bluetooth/.btservice.AdapterService
09-17 00:37:57.923  5377  5415 F libc    : Fatal signal 11 (SIGSEGV), code 1, fault addr 0x0 in tid 5415 (AsyncTask #1)
09-17 00:37:58.011  5423  5423 F DEBUG   : *** *** *** *** *** *** *** *** *** *** *** *** *** *** *** ***
09-17 00:37:58.012  5423  5423 F DEBUG   : Build fingerprint: 'google/nitrogen_mako/mako:8.0.0/OPR6.170623.017/root09161737:userdebug/test-keys'
09-17 00:37:58.012  5423  5423 F DEBUG   : Revision: '0'
09-17 00:37:58.012  5423  5423 F DEBUG   : ABI: 'arm'
09-17 00:37:58.012  5423  5423 F DEBUG   : pid: 5377, tid: 5415, name: AsyncTask #1  >>> com.android.nfc <<<
09-17 00:37:58.012  5423  5423 F DEBUG   : signal 11 (SIGSEGV), code 1 (SEGV_MAPERR), fault addr 0x0
09-17 00:37:58.012  5423  5423 F DEBUG   : Cause: null pointer dereference
09-17 00:37:58.012  5423  5423 F DEBUG   :     r0 0000000e  r1 296af87e  r2 000fffff  r3 00000001
09-17 00:37:58.012  5423  5423 F DEBUG   :     r4 00000000  r5 8f147d38  r6 8f147e04  r7 8f147eb4
09-17 00:37:58.012  5423  5423 F DEBUG   :     r8 00015fa0  r9 8f147a78  sl 8efccbf8  fp 8efccb84
09-17 00:37:58.012  5423  5423 F DEBUG   :     ip 8f079c1c  sp 8efcca60  lr 8f066497  pc 8f1474d8  cpsr 600f0010
09-17 00:37:58.024   909   909 D BluetoothManagerService: Bluetooth Adapter name changed to Nexus 4
09-17 00:37:58.024   909   909 D BluetoothManagerService: Stored Bluetooth name: Nexus 4
09-17 00:37:58.032   909   909 D BluetoothManagerService: BluetoothServiceConnection: com.android.bluetooth.btservice.AdapterService
09-17 00:37:58.033   909  1079 D BluetoothManagerService: MESSAGE_BLUETOOTH_SERVICE_CONNECTED: 1
09-17 00:37:58.035   909  1079 D BluetoothManagerService: Broadcasting onBluetoothServiceUp() to 5 receivers.
09-17 00:37:58.040   909  1079 D BluetoothManagerService: MESSAGE_GET_NAME_AND_ADDRESS
09-17 00:37:58.043   909  1079 D BluetoothManagerService: Stored Bluetooth name: Nexus 4
09-17 00:37:58.043   909  1079 D BluetoothManagerService: MESSAGE_BLUETOOTH_STATE_CHANGE: OFF > BLE_TURNING_ON
09-17 00:37:58.043   909  1079 D BluetoothManagerService: Sending BLE State Change: OFF > BLE_TURNING_ON
09-17 00:37:58.049  5423  5423 F DEBUG   : 
09-17 00:37:58.049  5423  5423 F DEBUG   : backtrace:
09-17 00:37:58.049  5423  5423 F DEBUG   :     #00 pc 000764d8  /system/lib/libnfc-nci.so (_ZN13NfcAdaptation26InitializeHalDeviceContextEv+376)
09-17 00:37:58.049  5423  5423 F DEBUG   :     #01 pc 00075e4c  /system/lib/libnfc-nci.so (_ZN13NfcAdaptation10InitializeEv+832)
09-17 00:37:58.049  5423  5423 F DEBUG   :     #02 pc 0000dbf5  /system/lib/libnfc_nci_jni.so (_ZN7androidL23nfcManager_doInitializeEP7_JNIEnvP8_jobject+52)
09-17 00:37:58.049  5423  5423 F DEBUG   :     #03 pc 0002d8eb  /data/dalvik-cache/arm/system@app@NfcNci@NfcNci.apk@classes.dex (offset 0xf000)
09-17 00:37:58.074  5398  5440 F libc    : Fatal signal 6 (SIGABRT), code -6 in tid 5440 (hci_thread)
09-17 00:37:58.751  5398  5440 F libc    : crash_dump helper failed to exec
09-17 00:37:58.754   909  1077 I BootReceiver: Copying /data/tombstones/tombstone_02 to DropBox (SYSTEM_TOMBSTONE)
09-17 00:37:58.765   909   909 D BluetoothManagerService: BluetoothServiceConnection, disconnected: com.android.bluetooth.btservice.AdapterService
09-17 00:37:58.765   909  1079 E BluetoothManagerService: MESSAGE_BLUETOOTH_SERVICE_DISCONNECTED(1)
09-17 00:37:58.765   909  1079 D BluetoothManagerService: Broadcasting onBluetoothServiceDown() to 4 receivers.
09-17 00:37:58.766   909  3812 I ActivityManager: Process com.android.bluetooth (pid 5398) has died: psvc IMPF
09-17 00:37:58.766   909  3812 W ActivityManager: Scheduling restart of crashed service com.android.bluetooth/.btservice.AdapterService in 1000ms
09-17 00:37:58.766   909  3812 W ActivityManager: Scheduling restart of crashed service com.android.bluetooth/.gatt.GattService in 11000ms
09-17 00:37:58.778   909  3439 I ActivityManager: Process com.android.nfc (pid 5377) has died: pers PER 
09-17 00:37:58.779   909  3439 W ActivityManager: Re-adding persistent process ProcessRecord{978c661 5377:com.android.nfc/1027}
09-17 00:37:58.788   909  1077 I BootReceiver: Copying /data/tombstones/tombstone_01 to DropBox (SYSTEM_TOMBSTONE)
09-17 00:37:58.794   909  3439 I ActivityManager: Start proc 5451:com.android.nfc/1027 for restart com.android.nfc
09-17 00:37:58.965   909  1079 D BluetoothManagerService: MESSAGE_RESTART_BLUETOOTH_SERVICE
09-17 00:37:58.978   909  1079 I ActivityManager: Start proc 5473:com.android.bluetooth/1002 for service com.android.bluetooth/.btservice.AdapterService
09-17 00:37:59.087  5451  5488 F libc    : Fatal signal 11 (SIGSEGV), code 1, fault addr 0x0 in tid 5488 (AsyncTask #1)
09-17 00:37:59.178  5498  5498 F DEBUG   : *** *** *** *** *** *** *** *** *** *** *** *** *** *** *** ***
09-17 00:37:59.178  5498  5498 F DEBUG   : Build fingerprint: 'google/nitrogen_mako/mako:8.0.0/OPR6.170623.017/root09161737:userdebug/test-keys'
09-17 00:37:59.178  5498  5498 F DEBUG   : Revision: '0'
09-17 00:37:59.178  5498  5498 F DEBUG   : ABI: 'arm'
09-17 00:37:59.178  5498  5498 F DEBUG   : pid: 5451, tid: 5488, name: AsyncTask #1  >>> com.android.nfc <<<
09-17 00:37:59.179  5498  5498 F DEBUG   : signal 11 (SIGSEGV), code 1 (SEGV_MAPERR), fault addr 0x0
09-17 00:37:59.179  5498  5498 F DEBUG   : Cause: null pointer dereference
09-17 00:37:59.179  5498  5498 F DEBUG   :     r0 0000000e  r1 296af87e  r2 000fffff  r3 00000001
09-17 00:37:59.179  5498  5498 F DEBUG   :     r4 00000000  r5 8ef7ad38  r6 8ef7ae04  r7 8ef7aeb4
09-17 00:37:59.179  5498  5498 F DEBUG   :     r8 00015fa0  r9 8ef7aa78  sl 8eec9bf8  fp 8eec9b84
09-17 00:37:59.179  5498  5498 F DEBUG   :     ip 8eef3c1c  sp 8eec9a60  lr 8eee0497  pc 8ef7a4d8  cpsr 600f0010
09-17 00:37:59.203   909   909 D BluetoothManagerService: Bluetooth Adapter name changed to Nexus 4
09-17 00:37:59.203   909   909 D BluetoothManagerService: Stored Bluetooth name: Nexus 4
09-17 00:37:59.219  5498  5498 F DEBUG   : 
09-17 00:37:59.219  5498  5498 F DEBUG   : backtrace:
09-17 00:37:59.219  5498  5498 F DEBUG   :     #00 pc 000764d8  /system/lib/libnfc-nci.so (_ZN13NfcAdaptation26InitializeHalDeviceContextEv+376)
09-17 00:37:59.219  5498  5498 F DEBUG   :     #01 pc 00075e4c  /system/lib/libnfc-nci.so (_ZN13NfcAdaptation10InitializeEv+832)
09-17 00:37:59.219  5498  5498 F DEBUG   :     #02 pc 0000dbf5  /system/lib/libnfc_nci_jni.so (_ZN7androidL23nfcManager_doInitializeEP7_JNIEnvP8_jobject+52)
09-17 00:37:59.219  5498  5498 F DEBUG   :     #03 pc 0002d8eb  /data/dalvik-cache/arm/system@app@NfcNci@NfcNci.apk@classes.dex (offset 0xf000)
09-17 00:37:59.229   909   909 D BluetoothManagerService: BluetoothServiceConnection: com.android.bluetooth.btservice.AdapterService
09-17 00:37:59.229   909  1079 D BluetoothManagerService: MESSAGE_BLUETOOTH_SERVICE_CONNECTED: 1
09-17 00:37:59.235   909  1079 D BluetoothManagerService: Broadcasting onBluetoothServiceUp() to 5 receivers.
09-17 00:37:59.239   909  1079 D BluetoothManagerService: MESSAGE_GET_NAME_AND_ADDRESS
09-17 00:37:59.241   909  1079 D BluetoothManagerService: Stored Bluetooth name: Nexus 4
09-17 00:37:59.241   909  1079 D BluetoothManagerService: MESSAGE_BLUETOOTH_STATE_CHANGE: OFF > BLE_TURNING_ON
09-17 00:37:59.241   909  1079 D BluetoothManagerService: Sending BLE State Change: OFF > BLE_TURNING_ON
09-17 00:37:59.270  5514  5514 F libc    : CANNOT LINK EXECUTABLE "/system/bin/mm-qcamera-daemon": "/system/lib/libmmjpeg.so" has text relocations
09-17 00:37:59.271  5514  5514 F libc    : Fatal signal 6 (SIGABRT), code -6 in tid 5514 (mm-qcamera-daem)
09-17 00:37:59.297  5473  5529 F libc    : Fatal signal 6 (SIGABRT), code -6 in tid 5529 (hci_thread)
09-17 00:37:59.997  5534  5534 F DEBUG   : *** *** *** *** *** *** *** *** *** *** *** *** *** *** *** ***
09-17 00:37:59.997  5534  5534 F DEBUG   : Build fingerprint: 'google/nitrogen_mako/mako:8.0.0/OPR6.170623.017/root09161737:userdebug/test-keys'
09-17 00:37:59.997  5534  5534 F DEBUG   : Revision: '0'
09-17 00:37:59.997  5534  5534 F DEBUG   : ABI: 'arm'
09-17 00:37:59.997  5534  5534 F DEBUG   : pid: 5514, tid: 5514, name: mm-qcamera-daem  >>> /system/bin/mm-qcamera-daemon <<<
09-17 00:37:59.998  5534  5534 F DEBUG   : signal 6 (SIGABRT), code -6 (SI_TKILL), fault addr --------
09-17 00:38:00.002   909  1077 I BootReceiver: Copying /data/tombstones/tombstone_03 to DropBox (SYSTEM_TOMBSTONE)
09-17 00:38:00.009  5534  5534 F DEBUG   : Abort message: 'CANNOT LINK EXECUTABLE "/system/bin/mm-qcamera-daemon": "/system/lib/libmmjpeg.so" has text relocations'
09-17 00:38:00.009  5534  5534 F DEBUG   :     r0 00000000  r1 0000158a  r2 00000006  r3 00000008
09-17 00:38:00.009  5534  5534 F DEBUG   :     r4 0000158a  r5 0000158a  r6 bef45830  r7 0000010c
09-17 00:38:00.009  5534  5534 F DEBUG   :     r8 bef46ae4  r9 b23df010  sl bef45ad8  fp b242b9f0
09-17 00:38:00.009  5534  5534 F DEBUG   :     ip 00000000  sp bef45820  lr b24955e7  pc b249f88c  cpsr 200d0010
09-17 00:38:00.019  5534  5534 F DEBUG   : 
09-17 00:38:00.019  5534  5534 F DEBUG   : backtrace:
09-17 00:38:00.019  5534  5534 F DEBUG   :     #00 pc 0006788c  /system/bin/linker (__dl_tgkill+12)
09-17 00:38:00.019  5534  5534 F DEBUG   :     #01 pc 0005d5e3  /system/bin/linker (__dl_abort+54)
09-17 00:38:00.019  5534  5534 F DEBUG   :     #02 pc 00018c21  /system/bin/linker (__dl___libc_fatal+24)
09-17 00:38:00.019  5534  5534 F DEBUG   :     #03 pc 00010267  /system/bin/linker (__dl___linker_init+1986)
09-17 00:38:00.019  5534  5534 F DEBUG   :     #04 pc 00015324  /system/bin/linker (_start+4)
09-17 00:38:00.021   909  3813 I ActivityManager: Process com.android.nfc (pid 5451) has died: pers PER 
09-17 00:38:00.022   909  3813 W ActivityManager: Re-adding persistent process ProcessRecord{978c661 5451:com.android.nfc/1027}
09-17 00:38:00.036   909  3813 I ActivityManager: Start proc 5544:com.android.nfc/1027 for restart com.android.nfc
09-17 00:38:00.114   909  2438 W NativeCrashListener: Couldn't find ProcessRecord for pid 5514
09-17 00:38:00.116  5473  5529 F libc    : crash_dump helper failed to exec
09-17 00:38:00.126   909  1077 I BootReceiver: Copying /data/tombstones/tombstone_04 to DropBox (SYSTEM_TOMBSTONE)
09-17 00:38:00.141   909  3027 I ActivityManager: Process com.android.bluetooth (pid 5473) has died: psvc IMPF
09-17 00:38:00.141   909   909 D BluetoothManagerService: BluetoothServiceConnection, disconnected: com.android.bluetooth.btservice.AdapterService
09-17 00:38:00.141   909  1079 E BluetoothManagerService: MESSAGE_BLUETOOTH_SERVICE_DISCONNECTED(1)
09-17 00:38:00.141   909  1079 D BluetoothManagerService: Broadcasting onBluetoothServiceDown() to 3 receivers.
09-17 00:38:00.141   909  3027 W ActivityManager: Scheduling restart of crashed service com.android.bluetooth/.btservice.AdapterService in 1000ms
09-17 00:38:00.141   909  3027 W ActivityManager: Scheduling restart of crashed service com.android.bluetooth/.gatt.GattService in 11000ms
09-17 00:38:00.165   909  1077 I BootReceiver: Copying /data/tombstones/tombstone_05 to DropBox (SYSTEM_TOMBSTONE)
09-17 00:38:00.341   909  1079 D BluetoothManagerService: MESSAGE_RESTART_BLUETOOTH_SERVICE
09-17 00:38:00.355   909  1079 I ActivityManager: Start proc 5571:com.android.bluetooth/1002 for service com.android.bluetooth/.btservice.AdapterService
09-17 00:38:00.411  5544  5585 F libc    : Fatal signal 11 (SIGSEGV), code 1, fault addr 0x0 in tid 5585 (AsyncTask #1)
09-17 00:38:00.481   909  3815 I ActivityManager: Start proc 5595:com.android.keychain/1000 for service com.android.keychain/.KeyChainService
09-17 00:38:00.507  5594  5594 F DEBUG   : *** *** *** *** *** *** *** *** *** *** *** *** *** *** *** ***
09-17 00:38:00.507  5594  5594 F DEBUG   : Build fingerprint: 'google/nitrogen_mako/mako:8.0.0/OPR6.170623.017/root09161737:userdebug/test-keys'
09-17 00:38:00.508  5594  5594 F DEBUG   : Revision: '0'
09-17 00:38:00.508  5594  5594 F DEBUG   : ABI: 'arm'
09-17 00:38:00.508  5594  5594 F DEBUG   : pid: 5544, tid: 5585, name: AsyncTask #1  >>> com.android.nfc <<<
09-17 00:38:00.508  5594  5594 F DEBUG   : signal 11 (SIGSEGV), code 1 (SEGV_MAPERR), fault addr 0x0
09-17 00:38:00.508  5594  5594 F DEBUG   : Cause: null pointer dereference
09-17 00:38:00.508  5594  5594 F DEBUG   :     r0 0000000e  r1 296af87e  r2 000fffff  r3 00000001
09-17 00:38:00.508  5594  5594 F DEBUG   :     r4 00000000  r5 8f0f7d38  r6 8f0f7e04  r7 8f0f7eb4
09-17 00:38:00.508  5594  5594 F DEBUG   :     r8 00015fa0  r9 8f0f7a78  sl 8efdabf8  fp 8efdab84
09-17 00:38:00.508  5594  5594 F DEBUG   :     ip 8f17cc1c  sp 8efdaa60  lr 8f169497  pc 8f0f74d8  cpsr 600f0010
09-17 00:38:00.568  5594  5594 F DEBUG   : 
09-17 00:38:00.568  5594  5594 F DEBUG   : backtrace:
09-17 00:38:00.568  5594  5594 F DEBUG   :     #00 pc 000764d8  /system/lib/libnfc-nci.so (_ZN13NfcAdaptation26InitializeHalDeviceContextEv+376)
09-17 00:38:00.568  5594  5594 F DEBUG   :     #01 pc 00075e4c  /system/lib/libnfc-nci.so (_ZN13NfcAdaptation10InitializeEv+832)
09-17 00:38:00.568  5594  5594 F DEBUG   :     #02 pc 0000dbf5  /system/lib/libnfc_nci_jni.so (_ZN7androidL23nfcManager_doInitializeEP7_JNIEnvP8_jobject+52)
09-17 00:38:00.569  5594  5594 F DEBUG   :     #03 pc 0002d8eb  /data/dalvik-cache/arm/system@app@NfcNci@NfcNci.apk@classes.dex (offset 0xf000)
09-17 00:38:00.569   909   909 D BluetoothManagerService: BluetoothServiceConnection: com.android.bluetooth.btservice.AdapterService
09-17 00:38:00.569   909  1079 D BluetoothManagerService: MESSAGE_BLUETOOTH_SERVICE_CONNECTED: 1
09-17 00:38:00.571   909  1079 D BluetoothManagerService: Broadcasting onBluetoothServiceUp() to 5 receivers.
09-17 00:38:00.575   909  1079 D BluetoothManagerService: MESSAGE_GET_NAME_AND_ADDRESS
09-17 00:38:00.593   909  1068 I ActivityManager: Killing 3569:com.android.provision/u0a18 (adj 906): empty #17
09-17 00:38:00.593   909  1079 D BluetoothManagerService: MESSAGE_BLUETOOTH_STATE_CHANGE: OFF > BLE_TURNING_ON
09-17 00:38:00.593   909  1079 D BluetoothManagerService: Sending BLE State Change: OFF > BLE_TURNING_ON
09-17 00:38:00.632  5571  5630 F libc    : Fatal signal 6 (SIGABRT), code -6 in tid 5630 (hci_thread)
09-17 00:38:01.299  5571  5630 F libc    : crash_dump helper failed to exec
09-17 00:38:01.301   909  1077 I BootReceiver: Copying /data/tombstones/tombstone_07 to DropBox (SYSTEM_TOMBSTONE)
09-17 00:38:01.315   909   909 D BluetoothManagerService: BluetoothServiceConnection, disconnected: com.android.bluetooth.btservice.AdapterService
09-17 00:38:01.315   909  1069 I ActivityManager: Process com.android.bluetooth (pid 5571) has died: psvc IMPF
09-17 00:38:01.315   909  1079 E BluetoothManagerService: MESSAGE_BLUETOOTH_SERVICE_DISCONNECTED(1)
09-17 00:38:01.315   909  1069 W ActivityManager: Scheduling restart of crashed service com.android.bluetooth/.btservice.AdapterService in 1000ms
09-17 00:38:01.315   909  1079 D BluetoothManagerService: Broadcasting onBluetoothServiceDown() to 4 receivers.
09-17 00:38:01.315   909  1069 W ActivityManager: Scheduling restart of crashed service com.android.bluetooth/.gatt.GattService in 11000ms
09-17 00:38:01.319   909  1069 I ActivityManager: Killing 3730:com.android.launcher3:wallpaper_chooser/u0a13 (adj 906): empty #17
09-17 00:38:01.327   909  1077 I BootReceiver: Copying /data/tombstones/tombstone_06 to DropBox (SYSTEM_TOMBSTONE)
09-17 00:38:01.328   909  3815 I ActivityManager: Process com.android.nfc (pid 5544) has died: pers PER 
09-17 00:38:01.328   909  3815 W ActivityManager: Re-adding persistent process ProcessRecord{978c661 5544:com.android.nfc/1027}
09-17 00:38:01.341   909  3815 I ActivityManager: Start proc 5642:com.android.nfc/1027 for restart com.android.nfc
09-17 00:38:01.515   909  1079 D BluetoothManagerService: MESSAGE_RESTART_BLUETOOTH_SERVICE
09-17 00:38:01.528   909  1079 I ActivityManager: Start proc 5662:com.android.bluetooth/1002 for service com.android.bluetooth/.btservice.AdapterService
09-17 00:38:01.554   909  3814 I ActivityManager: Killing 3053:com.android.settings/1000 (adj 906): empty #17
09-17 00:38:01.571   909  1080 W ActivityManager: setHasOverlayUi called on unknown pid: 3053
09-17 00:38:01.640  5642  5679 F libc    : Fatal signal 11 (SIGSEGV), code 1, fault addr 0x0 in tid 5679 (AsyncTask #1)
09-17 00:38:01.715   909   909 D BluetoothManagerService: Bluetooth Adapter name changed to Nexus 4
09-17 00:38:01.716   909   909 D BluetoothManagerService: Stored Bluetooth name: Nexus 4
09-17 00:38:01.724   909   909 D BluetoothManagerService: BluetoothServiceConnection: com.android.bluetooth.btservice.AdapterService
09-17 00:38:01.724   909  1079 D BluetoothManagerService: MESSAGE_BLUETOOTH_SERVICE_CONNECTED: 1
09-17 00:38:01.727  5686  5686 F DEBUG   : *** *** *** *** *** *** *** *** *** *** *** *** *** *** *** ***
09-17 00:38:01.727   909  1079 D BluetoothManagerService: Broadcasting onBluetoothServiceUp() to 5 receivers.
09-17 00:38:01.727  5686  5686 F DEBUG   : Build fingerprint: 'google/nitrogen_mako/mako:8.0.0/OPR6.170623.017/root09161737:userdebug/test-keys'
09-17 00:38:01.728  5686  5686 F DEBUG   : Revision: '0'
09-17 00:38:01.728  5686  5686 F DEBUG   : ABI: 'arm'
09-17 00:38:01.728  5686  5686 F DEBUG   : pid: 5642, tid: 5679, name: AsyncTask #1  >>> com.android.nfc <<<
09-17 00:38:01.728  5686  5686 F DEBUG   : signal 11 (SIGSEGV), code 1 (SEGV_MAPERR), fault addr 0x0
09-17 00:38:01.729  5686  5686 F DEBUG   : Cause: null pointer dereference
09-17 00:38:01.729  5686  5686 F DEBUG   :     r0 0000000e  r1 296af87e  r2 000fffff  r3 00000001
09-17 00:38:01.729  5686  5686 F DEBUG   :     r4 00000000  r5 8f142d38  r6 8f142e04  r7 8f142eb4
09-17 00:38:01.729  5686  5686 F DEBUG   :     r8 00015fa0  r9 8f142a78  sl 8efd5bf8  fp 8efd5b84
09-17 00:38:01.729  5686  5686 F DEBUG   :     ip 8f029c1c  sp 8efd5a60  lr 8f016497  pc 8f1424d8  cpsr 600f0010
09-17 00:38:01.732   909  1079 D BluetoothManagerService: MESSAGE_GET_NAME_AND_ADDRESS
09-17 00:38:01.736   909  1079 D BluetoothManagerService: Stored Bluetooth name: Nexus 4
09-17 00:38:01.736   909  1079 D BluetoothManagerService: MESSAGE_BLUETOOTH_STATE_CHANGE: OFF > BLE_TURNING_ON
09-17 00:38:01.736   909  1079 D BluetoothManagerService: Sending BLE State Change: OFF > BLE_TURNING_ON
09-17 00:38:01.767  5686  5686 F DEBUG   : 
09-17 00:38:01.767  5686  5686 F DEBUG   : backtrace:
09-17 00:38:01.768  5686  5686 F DEBUG   :     #00 pc 000764d8  /system/lib/libnfc-nci.so (_ZN13NfcAdaptation26InitializeHalDeviceContextEv+376)
09-17 00:38:01.768  5686  5686 F DEBUG   :     #01 pc 00075e4c  /system/lib/libnfc-nci.so (_ZN13NfcAdaptation10InitializeEv+832)
09-17 00:38:01.768  5686  5686 F DEBUG   :     #02 pc 0000dbf5  /system/lib/libnfc_nci_jni.so (_ZN7androidL23nfcManager_doInitializeEP7_JNIEnvP8_jobject+52)
09-17 00:38:01.768  5686  5686 F DEBUG   :     #03 pc 0002d8eb  /data/dalvik-cache/arm/system@app@NfcNci@NfcNci.apk@classes.dex (offset 0xf000)
09-17 00:38:01.768  5662  5703 F libc    : Fatal signal 6 (SIGABRT), code -6 in tid 5703 (hci_thread)
09-17 00:38:02.482  5662  5703 F libc    : crash_dump helper failed to exec
09-17 00:38:02.490   909  1077 I BootReceiver: Copying /data/tombstones/tombstone_09 to DropBox (SYSTEM_TOMBSTONE)
09-17 00:38:02.499   909   909 D BluetoothManagerService: BluetoothServiceConnection, disconnected: com.android.bluetooth.btservice.AdapterService
09-17 00:38:02.499   909  1069 I ActivityManager: Process com.android.bluetooth (pid 5662) has died: psvc IMPF
09-17 00:38:02.499   909  1079 E BluetoothManagerService: MESSAGE_BLUETOOTH_SERVICE_DISCONNECTED(1)
09-17 00:38:02.499   909  1079 D BluetoothManagerService: Broadcasting onBluetoothServiceDown() to 4 receivers.
09-17 00:38:02.499   909  1069 W ActivityManager: Scheduling restart of crashed service com.android.bluetooth/.btservice.AdapterService in 1000ms
09-17 00:38:02.500   909  1069 W ActivityManager: Scheduling restart of crashed service com.android.bluetooth/.gatt.GattService in 11000ms
09-17 00:38:02.509   909  3812 I ActivityManager: Process com.android.nfc (pid 5642) has died: pers PER 
09-17 00:38:02.510   909  3812 W ActivityManager: Re-adding persistent process ProcessRecord{978c661 5642:com.android.nfc/1027}
09-17 00:38:02.522   909  1077 I BootReceiver: Copying /data/tombstones/tombstone_08 to DropBox (SYSTEM_TOMBSTONE)
09-17 00:38:02.524   909  3812 I ActivityManager: Start proc 5719:com.android.nfc/1027 for restart com.android.nfc
09-17 00:38:02.700   909  1079 D BluetoothManagerService: MESSAGE_RESTART_BLUETOOTH_SERVICE
09-17 00:38:02.713   909  1079 I ActivityManager: Start proc 5741:com.android.bluetooth/1002 for service com.android.bluetooth/.btservice.AdapterService
09-17 00:38:02.808  5719  5756 F libc    : Fatal signal 11 (SIGSEGV), code 1, fault addr 0x0 in tid 5756 (AsyncTask #1)
09-17 00:38:02.896  5764  5764 F DEBUG   : *** *** *** *** *** *** *** *** *** *** *** *** *** *** *** ***
09-17 00:38:02.896  5764  5764 F DEBUG   : Build fingerprint: 'google/nitrogen_mako/mako:8.0.0/OPR6.170623.017/root09161737:userdebug/test-keys'
09-17 00:38:02.896  5764  5764 F DEBUG   : Revision: '0'
09-17 00:38:02.896  5764  5764 F DEBUG   : ABI: 'arm'
09-17 00:38:02.896  5764  5764 F DEBUG   : pid: 5719, tid: 5756, name: AsyncTask #1  >>> com.android.nfc <<<
09-17 00:38:02.896  5764  5764 F DEBUG   : signal 11 (SIGSEGV), code 1 (SEGV_MAPERR), fault addr 0x0
09-17 00:38:02.896  5764  5764 F DEBUG   : Cause: null pointer dereference
09-17 00:38:02.897  5764  5764 F DEBUG   :     r0 0000000e  r1 296af87e  r2 000fffff  r3 00000001
09-17 00:38:02.897  5764  5764 F DEBUG   :     r4 00000000  r5 8f084d38  r6 8f084e04  r7 8f084eb4
09-17 00:38:02.897  5764  5764 F DEBUG   :     r8 00015fa0  r9 8f084a78  sl 8efc4bf8  fp 8efc4b84
09-17 00:38:02.897  5764  5764 F DEBUG   :     ip 8efeec1c  sp 8efc4a60  lr 8efdb497  pc 8f0844d8  cpsr 600f0010
09-17 00:38:02.912   909   909 D BluetoothManagerService: BluetoothServiceConnection: com.android.bluetooth.btservice.AdapterService
09-17 00:38:02.912   909  1079 D BluetoothManagerService: MESSAGE_BLUETOOTH_SERVICE_CONNECTED: 1
09-17 00:38:02.914   909  1079 D BluetoothManagerService: Broadcasting onBluetoothServiceUp() to 5 receivers.
09-17 00:38:02.916   909  1079 D BluetoothManagerService: MESSAGE_GET_NAME_AND_ADDRESS
09-17 00:38:02.919   909  1079 D BluetoothManagerService: MESSAGE_BLUETOOTH_STATE_CHANGE: OFF > BLE_TURNING_ON
09-17 00:38:02.919   909  1079 D BluetoothManagerService: Sending BLE State Change: OFF > BLE_TURNING_ON
09-17 00:38:02.935  5764  5764 F DEBUG   : 
09-17 00:38:02.935  5764  5764 F DEBUG   : backtrace:
09-17 00:38:02.935  5764  5764 F DEBUG   :     #00 pc 000764d8  /system/lib/libnfc-nci.so (_ZN13NfcAdaptation26InitializeHalDeviceContextEv+376)
09-17 00:38:02.935  5764  5764 F DEBUG   :     #01 pc 00075e4c  /system/lib/libnfc-nci.so (_ZN13NfcAdaptation10InitializeEv+832)
09-17 00:38:02.935  5764  5764 F DEBUG   :     #02 pc 0000dbf5  /system/lib/libnfc_nci_jni.so (_ZN7androidL23nfcManager_doInitializeEP7_JNIEnvP8_jobject+52)
09-17 00:38:02.935  5764  5764 F DEBUG   :     #03 pc 0002d8eb  /data/dalvik-cache/arm/system@app@NfcNci@NfcNci.apk@classes.dex (offset 0xf000)
09-17 00:38:02.952  5741  5780 F libc    : Fatal signal 6 (SIGABRT), code -6 in tid 5780 (hci_thread)
09-17 00:38:03.643  5741  5780 F libc    : crash_dump helper failed to exec
09-17 00:38:03.671   909  1077 I BootReceiver: Copying /data/tombstones/tombstone_01 to DropBox (SYSTEM_TOMBSTONE)
09-17 00:38:03.677   909  3036 I ActivityManager: Process com.android.nfc (pid 5719) has died: pers PER 
09-17 00:38:03.678   909  3036 W ActivityManager: Re-adding persistent process ProcessRecord{978c661 5719:com.android.nfc/1027}
09-17 00:38:03.680   909   909 D BluetoothManagerService: BluetoothServiceConnection, disconnected: com.android.bluetooth.btservice.AdapterService
09-17 00:38:03.680   909  1079 E BluetoothManagerService: MESSAGE_BLUETOOTH_SERVICE_DISCONNECTED(1)
09-17 00:38:03.681   909  1079 D BluetoothManagerService: Broadcasting onBluetoothServiceDown() to 3 receivers.
09-17 00:38:03.694   909  3036 I ActivityManager: Start proc 5793:com.android.nfc/1027 for restart com.android.nfc
09-17 00:38:03.697   909  3632 I ActivityManager: Process com.android.bluetooth (pid 5741) has died: psvc IMPF
09-17 00:38:03.698   909  3632 W ActivityManager: Scheduling restart of crashed service com.android.bluetooth/.gatt.GattService in 1000ms
09-17 00:38:03.698   909  3632 W ActivityManager: Scheduling restart of crashed service com.android.bluetooth/.btservice.AdapterService in 1000ms
09-17 00:38:03.707   909  1077 I BootReceiver: Copying /data/tombstones/tombstone_00 to DropBox (SYSTEM_TOMBSTONE)
09-17 00:38:03.880   909  1079 D BluetoothManagerService: MESSAGE_RESTART_BLUETOOTH_SERVICE
09-17 00:38:03.894   909  1079 I ActivityManager: Start proc 5814:com.android.bluetooth/1002 for service com.android.bluetooth/.btservice.AdapterService
09-17 00:38:04.070  5793  5831 F libc    : Fatal signal 11 (SIGSEGV), code 1, fault addr 0x0 in tid 5831 (AsyncTask #1)
09-17 00:38:04.083   909   909 D BluetoothManagerService: Bluetooth Adapter name changed to Nexus 4
09-17 00:38:04.084   909   909 D BluetoothManagerService: Stored Bluetooth name: Nexus 4
09-17 00:38:04.092   909   909 D BluetoothManagerService: BluetoothServiceConnection: com.android.bluetooth.btservice.AdapterService
09-17 00:38:04.093   909  1079 D BluetoothManagerService: MESSAGE_BLUETOOTH_SERVICE_CONNECTED: 1
09-17 00:38:04.096   909  1079 D BluetoothManagerService: Broadcasting onBluetoothServiceUp() to 5 receivers.
09-17 00:38:04.101   909  1079 D BluetoothManagerService: MESSAGE_GET_NAME_AND_ADDRESS
09-17 00:38:04.103   909  1079 D BluetoothManagerService: Stored Bluetooth name: Nexus 4
09-17 00:38:04.103   909  1079 D BluetoothManagerService: MESSAGE_BLUETOOTH_STATE_CHANGE: OFF > BLE_TURNING_ON
09-17 00:38:04.103   909  1079 D BluetoothManagerService: Sending BLE State Change: OFF > BLE_TURNING_ON
09-17 00:38:04.138  5814  5855 F libc    : Fatal signal 6 (SIGABRT), code -6 in tid 5855 (hci_thread)
09-17 00:38:04.172  5852  5852 F DEBUG   : *** *** *** *** *** *** *** *** *** *** *** *** *** *** *** ***
09-17 00:38:04.172  5852  5852 F DEBUG   : Build fingerprint: 'google/nitrogen_mako/mako:8.0.0/OPR6.170623.017/root09161737:userdebug/test-keys'
09-17 00:38:04.172  5852  5852 F DEBUG   : Revision: '0'
09-17 00:38:04.172  5852  5852 F DEBUG   : ABI: 'arm'
09-17 00:38:04.172  5852  5852 F DEBUG   : pid: 5793, tid: 5831, name: AsyncTask #1  >>> com.android.nfc <<<
09-17 00:38:04.172  5852  5852 F DEBUG   : signal 11 (SIGSEGV), code 1 (SEGV_MAPERR), fault addr 0x0
09-17 00:38:04.172  5852  5852 F DEBUG   : Cause: null pointer dereference
09-17 00:38:04.172  5852  5852 F DEBUG   :     r0 0000000e  r1 296af87e  r2 000fffff  r3 00000001
09-17 00:38:04.172  5852  5852 F DEBUG   :     r4 00000000  r5 8f07cd38  r6 8f07ce04  r7 8f07ceb4
09-17 00:38:04.172  5852  5852 F DEBUG   :     r8 00015fa0  r9 8f07ca78  sl 8efdbbf8  fp 8efdbb84
09-17 00:38:04.172  5852  5852 F DEBUG   :     ip 8f0f3c1c  sp 8efdba60  lr 8f0e0497  pc 8f07c4d8  cpsr 600f0010
09-17 00:38:04.209  5852  5852 F DEBUG   : 
09-17 00:38:04.209  5852  5852 F DEBUG   : backtrace:
09-17 00:38:04.209  5852  5852 F DEBUG   :     #00 pc 000764d8  /system/lib/libnfc-nci.so (_ZN13NfcAdaptation26InitializeHalDeviceContextEv+376)
09-17 00:38:04.209  5852  5852 F DEBUG   :     #01 pc 00075e4c  /system/lib/libnfc-nci.so (_ZN13NfcAdaptation10InitializeEv+832)
09-17 00:38:04.209  5852  5852 F DEBUG   :     #02 pc 0000dbf5  /system/lib/libnfc_nci_jni.so (_ZN7androidL23nfcManager_doInitializeEP7_JNIEnvP8_jobject+52)
09-17 00:38:04.209  5852  5852 F DEBUG   :     #03 pc 0002d8eb  /data/dalvik-cache/arm/system@app@NfcNci@NfcNci.apk@classes.dex (offset 0xf000)
09-17 00:38:04.264  5860  5860 F libc    : CANNOT LINK EXECUTABLE "/system/bin/mm-qcamera-daemon": "/system/lib/libmmjpeg.so" has text relocations
09-17 00:38:04.264  5860  5860 F libc    : Fatal signal 6 (SIGABRT), code -6 in tid 5860 (mm-qcamera-daem)
09-17 00:38:04.891  5814  5855 F libc    : crash_dump helper failed to exec
09-17 00:38:04.893   909  1077 I BootReceiver: Copying /data/tombstones/tombstone_03 to DropBox (SYSTEM_TOMBSTONE)
09-17 00:38:04.907   909  3036 I ActivityManager: Process com.android.bluetooth (pid 5814) has died: psvc IMPF
09-17 00:38:04.907   909   909 D BluetoothManagerService: BluetoothServiceConnection, disconnected: com.android.bluetooth.btservice.AdapterService
09-17 00:38:04.908   909  3036 W ActivityManager: Scheduling restart of crashed service com.android.bluetooth/.gatt.GattService in 1000ms
09-17 00:38:04.908   909  3036 W ActivityManager: Scheduling restart of crashed service com.android.bluetooth/.btservice.AdapterService in 1000ms
09-17 00:38:04.909   909  1079 E BluetoothManagerService: MESSAGE_BLUETOOTH_SERVICE_DISCONNECTED(1)
09-17 00:38:04.909   909  1079 D BluetoothManagerService: Broadcasting onBluetoothServiceDown() to 4 receivers.
09-17 00:38:04.910  5863  5863 F DEBUG   : *** *** *** *** *** *** *** *** *** *** *** *** *** *** *** ***
09-17 00:38:04.910  5863  5863 F DEBUG   : Build fingerprint: 'google/nitrogen_mako/mako:8.0.0/OPR6.170623.017/root09161737:userdebug/test-keys'
09-17 00:38:04.910  5863  5863 F DEBUG   : Revision: '0'
09-17 00:38:04.910  5863  5863 F DEBUG   : ABI: 'arm'
09-17 00:38:04.910  5863  5863 F DEBUG   : pid: 5860, tid: 5860, name: mm-qcamera-daem  >>> /system/bin/mm-qcamera-daemon <<<
09-17 00:38:04.910  5863  5863 F DEBUG   : signal 6 (SIGABRT), code -6 (SI_TKILL), fault addr --------
09-17 00:38:04.915  5863  5863 F DEBUG   : Abort message: 'CANNOT LINK EXECUTABLE "/system/bin/mm-qcamera-daemon": "/system/lib/libmmjpeg.so" has text relocations'
09-17 00:38:04.915  5863  5863 F DEBUG   :     r0 00000000  r1 000016e4  r2 00000006  r3 00000008
09-17 00:38:04.915  5863  5863 F DEBUG   :     r4 000016e4  r5 000016e4  r6 be964830  r7 0000010c
09-17 00:38:04.915  5863  5863 F DEBUG   :     r8 be965ae4  r9 b2fd1010  sl be964ad8  fp b301d9f0
09-17 00:38:04.915  5863  5863 F DEBUG   :     ip 00000000  sp be964820  lr b30875e7  pc b309188c  cpsr 200d0010
09-17 00:38:04.919   909  1068 I ActivityManager: Process com.android.nfc (pid 5793) has died: pers PER 
09-17 00:38:04.920   909  1068 W ActivityManager: Re-adding persistent process ProcessRecord{978c661 5793:com.android.nfc/1027}
09-17 00:38:04.927   909  1077 I BootReceiver: Copying /data/tombstones/tombstone_02 to DropBox (SYSTEM_TOMBSTONE)
09-17 00:38:04.933   909  1068 I ActivityManager: Start proc 5870:com.android.nfc/1027 for restart com.android.nfc
09-17 00:38:04.943  5863  5863 F DEBUG   : 
09-17 00:38:04.943  5863  5863 F DEBUG   : backtrace:
09-17 00:38:04.943  5863  5863 F DEBUG   :     #00 pc 0006788c  /system/bin/linker (__dl_tgkill+12)
09-17 00:38:04.943  5863  5863 F DEBUG   :     #01 pc 0005d5e3  /system/bin/linker (__dl_abort+54)
09-17 00:38:04.943  5863  5863 F DEBUG   :     #02 pc 00018c21  /system/bin/linker (__dl___libc_fatal+24)
09-17 00:38:04.943  5863  5863 F DEBUG   :     #03 pc 00010267  /system/bin/linker (__dl___linker_init+1986)
09-17 00:38:04.943  5863  5863 F DEBUG   :     #04 pc 00015324  /system/bin/linker (_start+4)
09-17 00:38:04.999   909  2438 W NativeCrashListener: Couldn't find ProcessRecord for pid 5860
09-17 00:38:05.054   909  1077 I BootReceiver: Copying /data/tombstones/tombstone_04 to DropBox (SYSTEM_TOMBSTONE)
09-17 00:38:05.109   909  1079 D BluetoothManagerService: MESSAGE_RESTART_BLUETOOTH_SERVICE
09-17 00:38:05.123   909  1079 I ActivityManager: Start proc 5896:com.android.bluetooth/1002 for service com.android.bluetooth/.btservice.AdapterService
09-17 00:38:05.266  5870  5913 F libc    : Fatal signal 11 (SIGSEGV), code 1, fault addr 0x0 in tid 5913 (AsyncTask #1)
09-17 00:38:05.325   909   909 D BluetoothManagerService: BluetoothServiceConnection: com.android.bluetooth.btservice.AdapterService
09-17 00:38:05.326   909  1079 D BluetoothManagerService: MESSAGE_BLUETOOTH_SERVICE_CONNECTED: 1
09-17 00:38:05.328   909  1079 D BluetoothManagerService: Broadcasting onBluetoothServiceUp() to 5 receivers.
09-17 00:38:05.333   909  1079 D BluetoothManagerService: MESSAGE_GET_NAME_AND_ADDRESS
09-17 00:38:05.337   909  1079 D BluetoothManagerService: MESSAGE_BLUETOOTH_STATE_CHANGE: OFF > BLE_TURNING_ON
09-17 00:38:05.337   909  1079 D BluetoothManagerService: Sending BLE State Change: OFF > BLE_TURNING_ON
09-17 00:38:05.370  5930  5930 F DEBUG   : *** *** *** *** *** *** *** *** *** *** *** *** *** *** *** ***
09-17 00:38:05.370  5930  5930 F DEBUG   : Build fingerprint: 'google/nitrogen_mako/mako:8.0.0/OPR6.170623.017/root09161737:userdebug/test-keys'
09-17 00:38:05.370  5930  5930 F DEBUG   : Revision: '0'
09-17 00:38:05.371  5930  5930 F DEBUG   : ABI: 'arm'
09-17 00:38:05.371  5930  5930 F DEBUG   : pid: 5870, tid: 5913, name: AsyncTask #1  >>> com.android.nfc <<<
09-17 00:38:05.371  5930  5930 F DEBUG   : signal 11 (SIGSEGV), code 1 (SEGV_MAPERR), fault addr 0x0
09-17 00:38:05.371  5930  5930 F DEBUG   : Cause: null pointer dereference
09-17 00:38:05.371  5930  5930 F DEBUG   :     r0 0000000e  r1 296af87e  r2 000fffff  r3 00000001
09-17 00:38:05.371  5930  5930 F DEBUG   :     r4 00000000  r5 8f037d38  r6 8f037e04  r7 8f037eb4
09-17 00:38:05.371  5930  5930 F DEBUG   :     r8 00015fa0  r9 8f037a78  sl 8eee2bf8  fp 8eee2b84
09-17 00:38:05.371  5930  5930 F DEBUG   :     ip 8efabc1c  sp 8eee2a60  lr 8ef98497  pc 8f0374d8  cpsr 600f0010
09-17 00:38:05.392  5896  5938 F libc    : Fatal signal 6 (SIGABRT), code -6 in tid 5938 (hci_thread)
09-17 00:38:05.411  5930  5930 F DEBUG   : 
09-17 00:38:05.411  5930  5930 F DEBUG   : backtrace:
09-17 00:38:05.411  5930  5930 F DEBUG   :     #00 pc 000764d8  /system/lib/libnfc-nci.so (_ZN13NfcAdaptation26InitializeHalDeviceContextEv+376)
09-17 00:38:05.411  5930  5930 F DEBUG   :     #01 pc 00075e4c  /system/lib/libnfc-nci.so (_ZN13NfcAdaptation10InitializeEv+832)
09-17 00:38:05.411  5930  5930 F DEBUG   :     #02 pc 0000dbf5  /system/lib/libnfc_nci_jni.so (_ZN7androidL23nfcManager_doInitializeEP7_JNIEnvP8_jobject+52)
09-17 00:38:05.411  5930  5930 F DEBUG   :     #03 pc 0002d8eb  /data/dalvik-cache/arm/system@app@NfcNci@NfcNci.apk@classes.dex (offset 0xf000)
09-17 00:38:05.608   909  1075 E BatteryStatsService: no controller energy info supplied
09-17 00:38:05.612   909  1075 E BatteryStatsService: no controller energy info supplied
09-17 00:38:05.662   909  1075 E KernelUidCpuFreqTimeReader: Failed to read /proc/uid_time_in_state: java.io.FileNotFoundException: /proc/uid_time_in_state (No such file or directory)
09-17 00:38:05.665   909  1075 E BatteryStatsService: modem info is invalid: ModemActivityInfo{ mTimestamp=0 mSleepTimeMs=0 mIdleTimeMs=0 mTxTimeMs[]=[0, 0, 0, 0, 0] mRxTimeMs=0 mEnergyUsed=0}
09-17 00:38:06.231   909  1077 I BootReceiver: Copying /data/tombstones/tombstone_05 to DropBox (SYSTEM_TOMBSTONE)
09-17 00:38:06.233  5896  5938 F libc    : crash_dump helper failed to exec
09-17 00:38:06.256   909  2437 I ActivityManager: Process com.android.nfc (pid 5870) has died: pers PER 
09-17 00:38:06.257   909  2437 W ActivityManager: Re-adding persistent process ProcessRecord{978c661 5870:com.android.nfc/1027}
09-17 00:38:06.268   909   909 D BluetoothManagerService: BluetoothServiceConnection, disconnected: com.android.bluetooth.btservice.AdapterService
09-17 00:38:06.269   909  1079 E BluetoothManagerService: MESSAGE_BLUETOOTH_SERVICE_DISCONNECTED(1)
09-17 00:38:06.269   909  1079 D BluetoothManagerService: Broadcasting onBluetoothServiceDown() to 3 receivers.
09-17 00:38:06.271   909  2437 I ActivityManager: Start proc 5952:com.android.nfc/1027 for restart com.android.nfc
09-17 00:38:06.273   909  3815 I ActivityManager: Process com.android.bluetooth (pid 5896) has died: psvc IMPF
09-17 00:38:06.274   909  3815 W ActivityManager: Scheduling restart of crashed service com.android.bluetooth/.btservice.AdapterService in 1000ms
09-17 00:38:06.274   909  3815 W ActivityManager: Scheduling restart of crashed service com.android.bluetooth/.gatt.GattService in 11000ms
09-17 00:38:06.307   909  1077 I BootReceiver: Copying /data/tombstones/tombstone_06 to DropBox (SYSTEM_TOMBSTONE)
09-17 00:38:06.470   909  1079 D BluetoothManagerService: MESSAGE_RESTART_BLUETOOTH_SERVICE
09-17 00:38:06.482   909  1079 I ActivityManager: Start proc 5971:com.android.bluetooth/1002 for service com.android.bluetooth/.btservice.AdapterService
09-17 00:38:06.658  5952  5988 F libc    : Fatal signal 11 (SIGSEGV), code 1, fault addr 0x0 in tid 5988 (AsyncTask #1)
09-17 00:38:06.724   909   909 D BluetoothManagerService: BluetoothServiceConnection: com.android.bluetooth.btservice.AdapterService
09-17 00:38:06.725   909  1079 D BluetoothManagerService: MESSAGE_BLUETOOTH_SERVICE_CONNECTED: 1
09-17 00:38:06.729   909  1079 D BluetoothManagerService: Broadcasting onBluetoothServiceUp() to 5 receivers.
09-17 00:38:06.732   909  1079 D BluetoothManagerService: MESSAGE_GET_NAME_AND_ADDRESS
09-17 00:38:06.740   909  1079 D BluetoothManagerService: MESSAGE_BLUETOOTH_STATE_CHANGE: OFF > BLE_TURNING_ON
09-17 00:38:06.740   909  1079 D BluetoothManagerService: Sending BLE State Change: OFF > BLE_TURNING_ON
09-17 00:38:06.750  6001  6001 F DEBUG   : *** *** *** *** *** *** *** *** *** *** *** *** *** *** *** ***
09-17 00:38:06.751  6001  6001 F DEBUG   : Build fingerprint: 'google/nitrogen_mako/mako:8.0.0/OPR6.170623.017/root09161737:userdebug/test-keys'
09-17 00:38:06.751  6001  6001 F DEBUG   : Revision: '0'
09-17 00:38:06.751  6001  6001 F DEBUG   : ABI: 'arm'
09-17 00:38:06.751  6001  6001 F DEBUG   : pid: 5952, tid: 5988, name: AsyncTask #1  >>> com.android.nfc <<<
09-17 00:38:06.751  6001  6001 F DEBUG   : signal 11 (SIGSEGV), code 1 (SEGV_MAPERR), fault addr 0x0
09-17 00:38:06.751  6001  6001 F DEBUG   : Cause: null pointer dereference
09-17 00:38:06.751  6001  6001 F DEBUG   :     r0 0000000e  r1 296af87e  r2 000fffff  r3 00000001
09-17 00:38:06.751  6001  6001 F DEBUG   :     r4 00000000  r5 8f047d38  r6 8f047e04  r7 8f047eb4
09-17 00:38:06.751  6001  6001 F DEBUG   :     r8 00015fa0  r9 8f047a78  sl 8efcfbf8  fp 8efcfb84
09-17 00:38:06.751  6001  6001 F DEBUG   :     ip 8f12cc1c  sp 8efcfa60  lr 8f119497  pc 8f0474d8  cpsr 600f0010
09-17 00:38:06.776  5971  6012 F libc    : Fatal signal 6 (SIGABRT), code -6 in tid 6012 (hci_thread)
09-17 00:38:06.796  6001  6001 F DEBUG   : 
09-17 00:38:06.796  6001  6001 F DEBUG   : backtrace:
09-17 00:38:06.796  6001  6001 F DEBUG   :     #00 pc 000764d8  /system/lib/libnfc-nci.so (_ZN13NfcAdaptation26InitializeHalDeviceContextEv+376)
09-17 00:38:06.796  6001  6001 F DEBUG   :     #01 pc 00075e4c  /system/lib/libnfc-nci.so (_ZN13NfcAdaptation10InitializeEv+832)
09-17 00:38:06.797  6001  6001 F DEBUG   :     #02 pc 0000dbf5  /system/lib/libnfc_nci_jni.so (_ZN7androidL23nfcManager_doInitializeEP7_JNIEnvP8_jobject+52)
09-17 00:38:06.797  6001  6001 F DEBUG   :     #03 pc 0002d8eb  /data/dalvik-cache/arm/system@app@NfcNci@NfcNci.apk@classes.dex (offset 0xf000)
09-17 00:38:07.599  5971  6012 F libc    : crash_dump helper failed to exec
09-17 00:38:07.604   909  1077 I BootReceiver: Copying /data/tombstones/tombstone_08 to DropBox (SYSTEM_TOMBSTONE)
09-17 00:38:07.615   909   909 D BluetoothManagerService: BluetoothServiceConnection, disconnected: com.android.bluetooth.btservice.AdapterService
09-17 00:38:07.615   909  1079 E BluetoothManagerService: MESSAGE_BLUETOOTH_SERVICE_DISCONNECTED(1)
09-17 00:38:07.615   909  1079 D BluetoothManagerService: Broadcasting onBluetoothServiceDown() to 4 receivers.
09-17 00:38:07.616   909  3814 I ActivityManager: Process com.android.bluetooth (pid 5971) has died: psvc IMPF
09-17 00:38:07.616   909  3814 W ActivityManager: Scheduling restart of crashed service com.android.bluetooth/.btservice.AdapterService in 1000ms
09-17 00:38:07.616   909  3814 W ActivityManager: Scheduling restart of crashed service com.android.bluetooth/.gatt.GattService in 11000ms
09-17 00:38:07.620   909  3632 I ActivityManager: Process com.android.nfc (pid 5952) has died: pers PER 
09-17 00:38:07.620   909  3632 W ActivityManager: Re-adding persistent process ProcessRecord{978c661 5952:com.android.nfc/1027}
09-17 00:38:07.634   909  3632 I ActivityManager: Start proc 6029:com.android.nfc/1027 for restart com.android.nfc
09-17 00:38:07.646   909  1077 I BootReceiver: Copying /data/tombstones/tombstone_07 to DropBox (SYSTEM_TOMBSTONE)
09-17 00:38:07.815   909  1079 D BluetoothManagerService: MESSAGE_RESTART_BLUETOOTH_SERVICE
09-17 00:38:07.829   909  1079 I ActivityManager: Start proc 6050:com.android.bluetooth/1002 for service com.android.bluetooth/.btservice.AdapterService
09-17 00:38:07.915  6029  6065 F libc    : Fatal signal 11 (SIGSEGV), code 1, fault addr 0x0 in tid 6065 (AsyncTask #1)
09-17 00:38:08.005  6074  6074 F DEBUG   : *** *** *** *** *** *** *** *** *** *** *** *** *** *** *** ***
09-17 00:38:08.005  6074  6074 F DEBUG   : Build fingerprint: 'google/nitrogen_mako/mako:8.0.0/OPR6.170623.017/root09161737:userdebug/test-keys'
09-17 00:38:08.005  6074  6074 F DEBUG   : Revision: '0'
09-17 00:38:08.005  6074  6074 F DEBUG   : ABI: 'arm'
09-17 00:38:08.005  6074  6074 F DEBUG   : pid: 6029, tid: 6065, name: AsyncTask #1  >>> com.android.nfc <<<
09-17 00:38:08.005  6074  6074 F DEBUG   : signal 11 (SIGSEGV), code 1 (SEGV_MAPERR), fault addr 0x0
09-17 00:38:08.005  6074  6074 F DEBUG   : Cause: null pointer dereference
09-17 00:38:08.006  6074  6074 F DEBUG   :     r0 0000000e  r1 296af87e  r2 000fffff  r3 00000001
09-17 00:38:08.006  6074  6074 F DEBUG   :     r4 00000000  r5 8f103d38  r6 8f103e04  r7 8f103eb4
09-17 00:38:08.006  6074  6074 F DEBUG   :     r8 00015fa0  r9 8f103a78  sl 8efdabf8  fp 8efdab84
09-17 00:38:08.006  6074  6074 F DEBUG   :     ip 8f16dc1c  sp 8efdaa60  lr 8f15a497  pc 8f1034d8  cpsr 600f0010
09-17 00:38:08.032   909   909 D BluetoothManagerService: BluetoothServiceConnection: com.android.bluetooth.btservice.AdapterService
09-17 00:38:08.033   909  1079 D BluetoothManagerService: MESSAGE_BLUETOOTH_SERVICE_CONNECTED: 1
09-17 00:38:08.035   909  1079 D BluetoothManagerService: Broadcasting onBluetoothServiceUp() to 5 receivers.
09-17 00:38:08.041   909  1079 D BluetoothManagerService: MESSAGE_GET_NAME_AND_ADDRESS
09-17 00:38:08.043   909  1079 D BluetoothManagerService: MESSAGE_BLUETOOTH_STATE_CHANGE: OFF > BLE_TURNING_ON
09-17 00:38:08.043   909  1079 D BluetoothManagerService: Sending BLE State Change: OFF > BLE_TURNING_ON
09-17 00:38:08.043  6074  6074 F DEBUG   : 
09-17 00:38:08.043  6074  6074 F DEBUG   : backtrace:
09-17 00:38:08.043  6074  6074 F DEBUG   :     #00 pc 000764d8  /system/lib/libnfc-nci.so (_ZN13NfcAdaptation26InitializeHalDeviceContextEv+376)
09-17 00:38:08.043  6074  6074 F DEBUG   :     #01 pc 00075e4c  /system/lib/libnfc-nci.so (_ZN13NfcAdaptation10InitializeEv+832)
09-17 00:38:08.044  6074  6074 F DEBUG   :     #02 pc 0000dbf5  /system/lib/libnfc_nci_jni.so (_ZN7androidL23nfcManager_doInitializeEP7_JNIEnvP8_jobject+52)
09-17 00:38:08.044  6074  6074 F DEBUG   :     #03 pc 0002d8eb  /data/dalvik-cache/arm/system@app@NfcNci@NfcNci.apk@classes.dex (offset 0xf000)
09-17 00:38:08.076  6050  6091 F libc    : Fatal signal 6 (SIGABRT), code -6 in tid 6091 (hci_thread)
09-17 00:38:08.187   909  5792 I ActivityManager: START u0 {act=android.settings.SETTINGS flg=0x14000000 cmp=com.android.settings/.Settings} from uid 10027
09-17 00:38:08.222   909  3027 E ActivityManager: applyOptionsLocked: Unknown animationType=0
09-17 00:38:08.246   909  3027 I ActivityManager: Start proc 6100:com.android.settings/1000 for activity com.android.settings/.Settings
09-17 00:38:08.879   909  3812 D PackageManager: Ephemeral installer not found with new action; try old one
09-17 00:38:08.880   909  3812 D PackageManager: Clear ephemeral installer activity
09-17 00:38:09.193  6050  6091 F libc    : crash_dump helper failed to exec
09-17 00:38:09.195   909  1077 I BootReceiver: Copying /data/tombstones/tombstone_00 to DropBox (SYSTEM_TOMBSTONE)
09-17 00:38:09.215   909  3027 I ActivityManager: Process com.android.nfc (pid 6029) has died: pers PER 
09-17 00:38:09.216   909  3027 W ActivityManager: Re-adding persistent process ProcessRecord{978c661 6029:com.android.nfc/1027}
09-17 00:38:09.230   909  1077 I BootReceiver: Copying /data/tombstones/tombstone_09 to DropBox (SYSTEM_TOMBSTONE)
09-17 00:38:09.236   909  3027 I ActivityManager: Start proc 6143:com.android.nfc/1027 for restart com.android.nfc
09-17 00:38:09.251   909   909 D BluetoothManagerService: BluetoothServiceConnection, disconnected: com.android.bluetooth.btservice.AdapterService
09-17 00:38:09.251   909  3036 I ActivityManager: Process com.android.bluetooth (pid 6050) has died: psvc IMPF
09-17 00:38:09.251   909  1079 E BluetoothManagerService: MESSAGE_BLUETOOTH_SERVICE_DISCONNECTED(1)
09-17 00:38:09.251   909  1079 D BluetoothManagerService: Broadcasting onBluetoothServiceDown() to 3 receivers.
09-17 00:38:09.251   909  3036 W ActivityManager: Scheduling restart of crashed service com.android.bluetooth/.btservice.AdapterService in 1000ms
09-17 00:38:09.251   909  3036 W ActivityManager: Scheduling restart of crashed service com.android.bluetooth/.gatt.GattService in 11000ms
09-17 00:38:09.273  6148  6148 F libc    : CANNOT LINK EXECUTABLE "/system/bin/mm-qcamera-daemon": "/system/lib/libmmjpeg.so" has text relocations
09-17 00:38:09.273  6148  6148 F libc    : Fatal signal 6 (SIGABRT), code -6 in tid 6148 (mm-qcamera-daem)
09-17 00:38:09.327  6151  6151 F DEBUG   : *** *** *** *** *** *** *** *** *** *** *** *** *** *** *** ***
09-17 00:38:09.328  6151  6151 F DEBUG   : Build fingerprint: 'google/nitrogen_mako/mako:8.0.0/OPR6.170623.017/root09161737:userdebug/test-keys'
09-17 00:38:09.328  6151  6151 F DEBUG   : Revision: '0'
09-17 00:38:09.331  6151  6151 F DEBUG   : ABI: 'arm'
09-17 00:38:09.331  6151  6151 F DEBUG   : pid: 6148, tid: 6148, name: mm-qcamera-daem  >>> /system/bin/mm-qcamera-daemon <<<
09-17 00:38:09.332  6151  6151 F DEBUG   : signal 6 (SIGABRT), code -6 (SI_TKILL), fault addr --------
09-17 00:38:09.337  6151  6151 F DEBUG   : Abort message: 'CANNOT LINK EXECUTABLE "/system/bin/mm-qcamera-daemon": "/system/lib/libmmjpeg.so" has text relocations'
09-17 00:38:09.337  6151  6151 F DEBUG   :     r0 00000000  r1 00001804  r2 00000006  r3 00000008
09-17 00:38:09.337  6151  6151 F DEBUG   :     r4 00001804  r5 00001804  r6 beef4830  r7 0000010c
09-17 00:38:09.337  6151  6151 F DEBUG   :     r8 beef5ae4  r9 a8264010  sl beef4ad8  fp a82b09f0
09-17 00:38:09.337  6151  6151 F DEBUG   :     ip 00000000  sp beef4820  lr a831a5e7  pc a832488c  cpsr 200d0010
09-17 00:38:09.359  6151  6151 F DEBUG   : 
09-17 00:38:09.359  6151  6151 F DEBUG   : backtrace:
09-17 00:38:09.359  6151  6151 F DEBUG   :     #00 pc 0006788c  /system/bin/linker (__dl_tgkill+12)
09-17 00:38:09.359  6151  6151 F DEBUG   :     #01 pc 0005d5e3  /system/bin/linker (__dl_abort+54)
09-17 00:38:09.359  6151  6151 F DEBUG   :     #02 pc 00018c21  /system/bin/linker (__dl___libc_fatal+24)
09-17 00:38:09.359  6151  6151 F DEBUG   :     #03 pc 00010267  /system/bin/linker (__dl___linker_init+1986)
09-17 00:38:09.359  6151  6151 F DEBUG   :     #04 pc 00015324  /system/bin/linker (_start+4)
09-17 00:38:09.406   909  2438 W NativeCrashListener: Couldn't find ProcessRecord for pid 6148
09-17 00:38:09.408   909  1077 I BootReceiver: Copying /data/tombstones/tombstone_01 to DropBox (SYSTEM_TOMBSTONE)
09-17 00:38:09.452   909  1079 D BluetoothManagerService: MESSAGE_RESTART_BLUETOOTH_SERVICE
09-17 00:38:09.468   909  1079 I ActivityManager: Start proc 6168:com.android.bluetooth/1002 for service com.android.bluetooth/.btservice.AdapterService
09-17 00:38:09.698  6143  6185 F libc    : Fatal signal 11 (SIGSEGV), code 1, fault addr 0x0 in tid 6185 (AsyncTask #1)
09-17 00:38:09.747   909   909 D BluetoothManagerService: Bluetooth Adapter name changed to Nexus 4
09-17 00:38:09.748   909   909 D BluetoothManagerService: Stored Bluetooth name: Nexus 4
09-17 00:38:09.754   909   909 D BluetoothManagerService: BluetoothServiceConnection: com.android.bluetooth.btservice.AdapterService
09-17 00:38:09.754   909  1079 D BluetoothManagerService: MESSAGE_BLUETOOTH_SERVICE_CONNECTED: 1
09-17 00:38:09.757   909  1079 D BluetoothManagerService: Broadcasting onBluetoothServiceUp() to 5 receivers.
09-17 00:38:09.760   909  1079 D BluetoothManagerService: MESSAGE_GET_NAME_AND_ADDRESS
09-17 00:38:09.764   909  1079 D BluetoothManagerService: Stored Bluetooth name: Nexus 4
09-17 00:38:09.764   909  1079 D BluetoothManagerService: MESSAGE_BLUETOOTH_STATE_CHANGE: OFF > BLE_TURNING_ON
09-17 00:38:09.764   909  1079 D BluetoothManagerService: Sending BLE State Change: OFF > BLE_TURNING_ON
09-17 00:38:09.823  6168  6208 F libc    : Fatal signal 6 (SIGABRT), code -6 in tid 6208 (hci_thread)
09-17 00:38:09.829  6203  6203 F DEBUG   : *** *** *** *** *** *** *** *** *** *** *** *** *** *** *** ***
09-17 00:38:09.829  6203  6203 F DEBUG   : Build fingerprint: 'google/nitrogen_mako/mako:8.0.0/OPR6.170623.017/root09161737:userdebug/test-keys'
09-17 00:38:09.829  6203  6203 F DEBUG   : Revision: '0'
09-17 00:38:09.829  6203  6203 F DEBUG   : ABI: 'arm'
09-17 00:38:09.829  6203  6203 F DEBUG   : pid: 6143, tid: 6185, name: AsyncTask #1  >>> com.android.nfc <<<
09-17 00:38:09.829  6203  6203 F DEBUG   : signal 11 (SIGSEGV), code 1 (SEGV_MAPERR), fault addr 0x0
09-17 00:38:09.829  6203  6203 F DEBUG   : Cause: null pointer dereference
09-17 00:38:09.829  6203  6203 F DEBUG   :     r0 0000000e  r1 296af87e  r2 000fffff  r3 00000001
09-17 00:38:09.830  6203  6203 F DEBUG   :     r4 00000000  r5 8f13bd38  r6 8f13be04  r7 8f13beb4
