09-17 00:37:14.558  2790  2790 F DEBUG   :     r0 00000000  r1 00000ae3  r2 00000006  r3 00000008
09-17 00:37:14.558  2790  2790 F DEBUG   :     r4 00000ae3  r5 00000ae3  r6 be81b830  r7 0000010c
09-17 00:37:14.558  2790  2790 F DEBUG   :     r8 be81cae4  r9 aee9a010  sl be81bad8  fp aeee69f0
09-17 00:37:14.558  2790  2790 F DEBUG   :     ip 00000000  sp be81b820  lr aef505e7  pc aef5a88c  cpsr 200d0010
09-17 00:37:14.567  2790  2790 F DEBUG   : 
09-17 00:37:14.567  2790  2790 F DEBUG   : backtrace:
09-17 00:37:14.568  2790  2790 F DEBUG   :     #00 pc 0006788c  /system/bin/linker (__dl_tgkill+12)
09-17 00:37:14.568  2790  2790 F DEBUG   :     #01 pc 0005d5e3  /system/bin/linker (__dl_abort+54)
09-17 00:37:14.568  2790  2790 F DEBUG   :     #02 pc 00018c21  /system/bin/linker (__dl___libc_fatal+24)
09-17 00:37:14.568  2790  2790 F DEBUG   :     #03 pc 00010267  /system/bin/linker (__dl___linker_init+1986)
09-17 00:37:14.568  2790  2790 F DEBUG   :     #04 pc 00015324  /system/bin/linker (_start+4)
09-17 00:37:19.523  2826  2826 F libc    : CANNOT LINK EXECUTABLE "/system/bin/mm-qcamera-daemon": "/system/lib/libmmjpeg.so" has text relocations
09-17 00:37:19.523  2826  2826 F libc    : Fatal signal 6 (SIGABRT), code -6 in tid 2826 (mm-qcamera-daem)
09-17 00:37:19.563  2829  2829 F DEBUG   : *** *** *** *** *** *** *** *** *** *** *** *** *** *** *** ***
09-17 00:37:19.563  2829  2829 F DEBUG   : Build fingerprint: 'google/nitrogen_mako/mako:8.0.0/OPR6.170623.017/root09161737:userdebug/test-keys'
09-17 00:37:19.563  2829  2829 F DEBUG   : Revision: '0'
09-17 00:37:19.563  2829  2829 F DEBUG   : ABI: 'arm'
09-17 00:37:19.563  2829  2829 F DEBUG   : pid: 2826, tid: 2826, name: mm-qcamera-daem  >>> /system/bin/mm-qcamera-daemon <<<
09-17 00:37:19.563  2829  2829 F DEBUG   : signal 6 (SIGABRT), code -6 (SI_TKILL), fault addr --------
09-17 00:37:19.568  2829  2829 F DEBUG   : Abort message: 'CANNOT LINK EXECUTABLE "/system/bin/mm-qcamera-daemon": "/system/lib/libmmjpeg.so" has text relocations'
09-17 00:37:19.568  2829  2829 F DEBUG   :     r0 00000000  r1 00000b0a  r2 00000006  r3 00000008
09-17 00:37:19.568  2829  2829 F DEBUG   :     r4 00000b0a  r5 00000b0a  r6 bee86830  r7 0000010c
09-17 00:37:19.568  2829  2829 F DEBUG   :     r8 bee87ae4  r9 b38f9010  sl bee86ad8  fp b39459f0
09-17 00:37:19.568  2829  2829 F DEBUG   :     ip 00000000  sp bee86820  lr b39af5e7  pc b39b988c  cpsr 200d0010
09-17 00:37:19.578  2829  2829 F DEBUG   : 
09-17 00:37:19.578  2829  2829 F DEBUG   : backtrace:
09-17 00:37:19.578  2829  2829 F DEBUG   :     #00 pc 0006788c  /system/bin/linker (__dl_tgkill+12)
09-17 00:37:19.578  2829  2829 F DEBUG   :     #01 pc 0005d5e3  /system/bin/linker (__dl_abort+54)
09-17 00:37:19.578  2829  2829 F DEBUG   :     #02 pc 00018c21  /system/bin/linker (__dl___libc_fatal+24)
09-17 00:37:19.578  2829  2829 F DEBUG   :     #03 pc 00010267  /system/bin/linker (__dl___linker_init+1986)
09-17 00:37:19.579  2829  2829 F DEBUG   :     #04 pc 00015324  /system/bin/linker (_start+4)
09-17 00:37:21.598  2401  2401 F libc    : crash_dump helper failed to exec
09-17 00:37:24.527  2899  2899 F libc    : CANNOT LINK EXECUTABLE "/system/bin/mm-qcamera-daemon": "/system/lib/libmmjpeg.so" has text relocations
09-17 00:37:24.527  2899  2899 F libc    : Fatal signal 6 (SIGABRT), code -6 in tid 2899 (mm-qcamera-daem)
09-17 00:37:24.572  2912  2912 F DEBUG   : *** *** *** *** *** *** *** *** *** *** *** *** *** *** *** ***
09-17 00:37:24.573  2912  2912 F DEBUG   : Build fingerprint: 'google/nitrogen_mako/mako:8.0.0/OPR6.170623.017/root09161737:userdebug/test-keys'
09-17 00:37:24.573  2912  2912 F DEBUG   : Revision: '0'
09-17 00:37:24.573  2912  2912 F DEBUG   : ABI: 'arm'
09-17 00:37:24.573  2912  2912 F DEBUG   : pid: 2899, tid: 2899, name: mm-qcamera-daem  >>> /system/bin/mm-qcamera-daemon <<<
09-17 00:37:24.573  2912  2912 F DEBUG   : signal 6 (SIGABRT), code -6 (SI_TKILL), fault addr --------
09-17 00:37:24.577  2912  2912 F DEBUG   : Abort message: 'CANNOT LINK EXECUTABLE "/system/bin/mm-qcamera-daemon": "/system/lib/libmmjpeg.so" has text relocations'
09-17 00:37:24.577  2912  2912 F DEBUG   :     r0 00000000  r1 00000b53  r2 00000006  r3 00000008
09-17 00:37:24.577  2912  2912 F DEBUG   :     r4 00000b53  r5 00000b53  r6 bee90830  r7 0000010c
09-17 00:37:24.577  2912  2912 F DEBUG   :     r8 bee91ae4  r9 aac06010  sl bee90ad8  fp aac529f0
09-17 00:37:24.577  2912  2912 F DEBUG   :     ip 00000000  sp bee90820  lr aacbc5e7  pc aacc688c  cpsr 200d0010
09-17 00:37:24.580   909  1073 I chatty  : uid=1000(system) android.ui expire 4 lines
09-17 00:37:24.587  2912  2912 F DEBUG   : 
09-17 00:37:24.587  2912  2912 F DEBUG   : backtrace:
09-17 00:37:24.587  2912  2912 F DEBUG   :     #00 pc 0006788c  /system/bin/linker (__dl_tgkill+12)
09-17 00:37:24.587  2912  2912 F DEBUG   :     #01 pc 0005d5e3  /system/bin/linker (__dl_abort+54)
09-17 00:37:24.587  2912  2912 F DEBUG   :     #02 pc 00018c21  /system/bin/linker (__dl___libc_fatal+24)
09-17 00:37:24.588  2912  2912 F DEBUG   :     #03 pc 00010267  /system/bin/linker (__dl___linker_init+1986)
09-17 00:37:24.588  2912  2912 F DEBUG   :     #04 pc 00015324  /system/bin/linker (_start+4)
09-17 00:37:29.521  2961  2961 F libc    : CANNOT LINK EXECUTABLE "/system/bin/mm-qcamera-daemon": "/system/lib/libmmjpeg.so" has text relocations
09-17 00:37:29.521  2961  2961 F libc    : Fatal signal 6 (SIGABRT), code -6 in tid 2961 (mm-qcamera-daem)
09-17 00:37:29.558  2964  2964 F DEBUG   : *** *** *** *** *** *** *** *** *** *** *** *** *** *** *** ***
09-17 00:37:29.558  2964  2964 F DEBUG   : Build fingerprint: 'google/nitrogen_mako/mako:8.0.0/OPR6.170623.017/root09161737:userdebug/test-keys'
09-17 00:37:29.559  2964  2964 F DEBUG   : Revision: '0'
09-17 00:37:29.559  2964  2964 F DEBUG   : ABI: 'arm'
09-17 00:37:29.559  2964  2964 F DEBUG   : pid: 2961, tid: 2961, name: mm-qcamera-daem  >>> /system/bin/mm-qcamera-daemon <<<
09-17 00:37:29.559  2964  2964 F DEBUG   : signal 6 (SIGABRT), code -6 (SI_TKILL), fault addr --------
09-17 00:37:29.563  2964  2964 F DEBUG   : Abort message: 'CANNOT LINK EXECUTABLE "/system/bin/mm-qcamera-daemon": "/system/lib/libmmjpeg.so" has text relocations'
09-17 00:37:29.563  2964  2964 F DEBUG   :     r0 00000000  r1 00000b91  r2 00000006  r3 00000008
09-17 00:37:29.563  2964  2964 F DEBUG   :     r4 00000b91  r5 00000b91  r6 bef95830  r7 0000010c
09-17 00:37:29.563  2964  2964 F DEBUG   :     r8 bef96ae4  r9 b1a42010  sl bef95ad8  fp b1a8e9f0
09-17 00:37:29.563  2964  2964 F DEBUG   :     ip 00000000  sp bef95820  lr b1af85e7  pc b1b0288c  cpsr 200d0010
09-17 00:37:29.572  2964  2964 F DEBUG   : 
09-17 00:37:29.572  2964  2964 F DEBUG   : backtrace:
09-17 00:37:29.572  2964  2964 F DEBUG   :     #00 pc 0006788c  /system/bin/linker (__dl_tgkill+12)
09-17 00:37:29.572  2964  2964 F DEBUG   :     #01 pc 0005d5e3  /system/bin/linker (__dl_abort+54)
09-17 00:37:29.573  2964  2964 F DEBUG   :     #02 pc 00018c21  /system/bin/linker (__dl___libc_fatal+24)
09-17 00:37:29.573  2964  2964 F DEBUG   :     #03 pc 00010267  /system/bin/linker (__dl___linker_init+1986)
09-17 00:37:29.573  2964  2964 F DEBUG   :     #04 pc 00015324  /system/bin/linker (_start+4)
09-17 00:37:29.959   909   909 I chatty  : uid=1000 system_server expire 111 lines
09-17 00:37:30.538   909  1084 I chatty  : uid=1000(system) PowerManagerSer expire 1 line
09-17 00:37:30.628  2442  2569 E ActivityThread: Failed to find provider info for com.android.contacts
09-17 00:37:30.696   909  2543 I chatty  : uid=1000(system) Binder:909_4 expire 12 lines
09-17 00:37:30.698   909  2437 I chatty  : uid=1000(system) Binder:909_3 expire 4 lines
09-17 00:37:30.795   909  3066 I chatty  : uid=1000(system) BluetoothRouteM expire 1 line
09-17 00:37:30.869   909  3027 I chatty  : uid=1000(system) Binder:909_5 expire 5 lines
09-17 00:37:30.872   909  3036 I chatty  : uid=1000(system) Binder:909_6 expire 1 line
09-17 00:37:30.883   909  3069 I chatty  : uid=1000(system) uteStateMachine expire 1 line
09-17 00:37:30.899   909  3070 I chatty  : uid=1000(system) CallAudioModeSt expire 1 line
09-17 00:37:30.929   909  1079 I chatty  : uid=1000(system) android.io expire 69 lines
09-17 00:37:31.006  2401  3088 F libc    : Fatal signal 6 (SIGABRT), code -6 in tid 3088 (hci_thread)
09-17 00:37:31.052  2401  3088 F libc    : crash_dump helper failed to exec
09-17 00:37:31.301   909  1080 I chatty  : uid=1000(system) android.display expire 13 lines
09-17 00:37:31.316   909  1195 I chatty  : uid=1000(system) android.anim expire 1 line
09-17 00:37:31.323   909  1071 I chatty  : uid=1000(system) android.bg expire 1 line
09-17 00:37:31.341   909  2369 I chatty  : uid=1000(system) onProviders.ECP expire 3 lines
09-17 00:37:31.936  3141  3175 F libc    : Fatal signal 6 (SIGABRT), code -6 in tid 3175 (hci_thread)
09-17 00:37:31.979  3141  3175 F libc    : crash_dump helper failed to exec
09-17 00:37:31.993   909  1069 I chatty  : uid=1000(system) Binder:909_2 expire 6 lines
09-17 00:37:32.450  3180  3211 F libc    : Fatal signal 6 (SIGABRT), code -6 in tid 3211 (hci_thread)
09-17 00:37:32.493  3180  3211 F libc    : crash_dump helper failed to exec
09-17 00:37:33.007  3216  3258 F libc    : Fatal signal 6 (SIGABRT), code -6 in tid 3258 (hci_thread)
09-17 00:37:33.054  3216  3258 F libc    : crash_dump helper failed to exec
09-17 00:37:33.573  3271  3308 F libc    : Fatal signal 6 (SIGABRT), code -6 in tid 3308 (hci_thread)
09-17 00:37:33.622  3271  3308 F libc    : crash_dump helper failed to exec
09-17 00:37:33.634   909  1068 I chatty  : uid=1000(system) Binder:909_1 expire 7 lines
09-17 00:37:34.144  3318  3367 F libc    : Fatal signal 6 (SIGABRT), code -6 in tid 3367 (hci_thread)
09-17 00:37:34.155   909  2362 I chatty  : uid=1000(system) ConnectivitySer expire 4 lines
09-17 00:37:34.189  3318  3367 F libc    : crash_dump helper failed to exec
09-17 00:37:34.199  3005  3373 E ActivityThread: Failed to find provider info for com.android.contacts
09-17 00:37:34.245  3005  3005 I TelecomFramework: TtyManager: updateUiTtyMode -1 -> 0
09-17 00:37:34.489  3005  3005 I TelecomFramework: AccountEntry: Registered phoneAccount: [[ ] PhoneAccount: ComponentInfo{com.android.phone/com.android.services.telephony.TelephonyConnectionService}, [e0184adedf913b076626646d3f52c3b49c39ad6d], UserHandle{0} Capabilities: CallProvider MultiUser PlaceEmerg SimSub  Audio Routes: BESW Schemes: tel voicemail  Extras: null GroupId: [da39a3ee5e6b4b0d3255bfef95601890afd80709]] with handle: ComponentInfo{com.android.phone/com.android.services.telephony.TelephonyConnectionService}, [e0184adedf913b076626646d3f52c3b49c39ad6d], UserHandle{0}
09-17 00:37:34.490  3005  3005 I TelecomFramework: PstnIncomingCallNotifier: Registering: Handler (com.android.internal.telephony.GsmCdmaPhone) {f6461cc}
09-17 00:37:34.498  3005  3005 I TelecomFramework: PstnPhoneCapabilitiesNotifier: handleVideoCapabilitesChanged. Video capability - false
09-17 00:37:34.527  3406  3406 F libc    : CANNOT LINK EXECUTABLE "/system/bin/mm-qcamera-daemon": "/system/lib/libmmjpeg.so" has text relocations
09-17 00:37:34.528  3406  3406 F libc    : Fatal signal 6 (SIGABRT), code -6 in tid 3406 (mm-qcamera-daem)
09-17 00:37:34.566  3411  3411 F DEBUG   : *** *** *** *** *** *** *** *** *** *** *** *** *** *** *** ***
09-17 00:37:34.566  3411  3411 F DEBUG   : Build fingerprint: 'google/nitrogen_mako/mako:8.0.0/OPR6.170623.017/root09161737:userdebug/test-keys'
09-17 00:37:34.566  3411  3411 F DEBUG   : Revision: '0'
09-17 00:37:34.566  3411  3411 F DEBUG   : ABI: 'arm'
09-17 00:37:34.566  3411  3411 F DEBUG   : pid: 3406, tid: 3406, name: mm-qcamera-daem  >>> /system/bin/mm-qcamera-daemon <<<
09-17 00:37:34.566  3411  3411 F DEBUG   : signal 6 (SIGABRT), code -6 (SI_TKILL), fault addr --------
09-17 00:37:34.571  3411  3411 F DEBUG   : Abort message: 'CANNOT LINK EXECUTABLE "/system/bin/mm-qcamera-daemon": "/system/lib/libmmjpeg.so" has text relocations'
09-17 00:37:34.571  3411  3411 F DEBUG   :     r0 00000000  r1 00000d4e  r2 00000006  r3 00000008
09-17 00:37:34.571  3411  3411 F DEBUG   :     r4 00000d4e  r5 00000d4e  r6 bee5f830  r7 0000010c
09-17 00:37:34.571  3411  3411 F DEBUG   :     r8 bee60ae4  r9 a8046010  sl bee5fad8  fp a80929f0
09-17 00:37:34.571  3411  3411 F DEBUG   :     ip 00000000  sp bee5f820  lr a80fc5e7  pc a810688c  cpsr 200d0010
09-17 00:37:34.580  3411  3411 F DEBUG   : 
09-17 00:37:34.580  3411  3411 F DEBUG   : backtrace:
09-17 00:37:34.581  3411  3411 F DEBUG   :     #00 pc 0006788c  /system/bin/linker (__dl_tgkill+12)
09-17 00:37:34.581  3411  3411 F DEBUG   :     #01 pc 0005d5e3  /system/bin/linker (__dl_abort+54)
09-17 00:37:34.581  3411  3411 F DEBUG   :     #02 pc 00018c21  /system/bin/linker (__dl___libc_fatal+24)
09-17 00:37:34.581  3411  3411 F DEBUG   :     #03 pc 00010267  /system/bin/linker (__dl___linker_init+1986)
09-17 00:37:34.581  3411  3411 F DEBUG   :     #04 pc 00015324  /system/bin/linker (_start+4)
09-17 00:37:34.612   909  2438 I chatty  : uid=1000(system) Thread-3 expire 1 line
09-17 00:37:34.684  3387  3434 F libc    : Fatal signal 6 (SIGABRT), code -6 in tid 3434 (hci_thread)
09-17 00:37:34.730  3387  3434 F libc    : crash_dump helper failed to exec
09-17 00:37:34.964   909  1078 I chatty  : uid=1000(system) android.fg expire 2 lines
09-17 00:37:35.087   177   183 D vold    : e4crypt_prepare_user_storage for volume null, user 0, serial 0, flags 2
09-17 00:37:35.087   177   183 D vold    : Preparing: /data/system_ce/0
09-17 00:37:35.088   177   183 D vold    : Preparing: /data/misc_ce/0
09-17 00:37:35.088   177   183 D vold    : Preparing: /data/media/0
09-17 00:37:35.088   177   183 D vold    : Preparing: /data/data
09-17 00:37:35.088   909  1257 I chatty  : uid=1000(system) CryptdConnector expire 1 line
09-17 00:37:35.445   909  1072 I chatty  : uid=1000(system) ActivityManager expire 7 lines
09-17 00:37:35.447   177   182 D vold    : Linking /storage/emulated/0 to /mnt/user/0/primary
09-17 00:37:35.447   909  1256 I chatty  : uid=1000(system) VoldConnector expire 1 line
09-17 00:37:35.453   909  1255 I chatty  : uid=1000(system) StorageManagerS expire 1 line
09-17 00:37:35.560  3005  3005 D MccTable: updateMccMncConfiguration mccmnc='40422' fromServiceState=false
09-17 00:37:35.562  3005  3005 D MccTable: updateMccMncConfiguration defaultMccMnc=
09-17 00:37:35.562  3005  3005 D MccTable: updateMccMncConfiguration: mcc=404, mnc=22
09-17 00:37:35.563  3005  3005 D MccTable: updateMccMncConfiguration updateConfig config={0.0 404mcc22mnc ?localeList ?layoutDir ?swdp ?wdp ?hdp ?density ?lsize ?long ?ldr ?wideColorGamut ?orien ?uimode ?night ?touch ?keyb/?/? ?nav/?}
09-17 00:37:35.728   909  3494 I chatty  : uid=1000(system) backup expire 2 lines
09-17 00:37:35.757   909  1072 I chatty  : uid=1000(system) ActivityManager expire 14 lines
09-17 00:37:35.775   909  1073 I chatty  : uid=1000(system) android.ui expire 3 lines
09-17 00:37:35.829  3005  3005 I TelecomFramework: PstnIncomingCallNotifier: Unregistering: Handler (com.android.internal.telephony.GsmCdmaPhone) {f6461cc}
09-17 00:37:35.874   909  3534 I chatty  : uid=1000(system) Binder:909_8 expire 16 lines
09-17 00:37:35.900  3005  3005 I TelecomFramework: AccountEntry: Registered phoneAccount: [[ ] PhoneAccount: ComponentInfo{com.android.phone/com.android.services.telephony.TelephonyConnectionService}, [e0184adedf913b076626646d3f52c3b49c39ad6d], UserHandle{0} Capabilities: CallProvider MultiUser PlaceEmerg SimSub  Audio Routes: BESW Schemes: tel voicemail  Extras: null GroupId: [da39a3ee5e6b4b0d3255bfef95601890afd80709]] with handle: ComponentInfo{com.android.phone/com.android.services.telephony.TelephonyConnectionService}, [e0184adedf913b076626646d3f52c3b49c39ad6d], UserHandle{0}
09-17 00:37:35.900  3005  3005 I TelecomFramework: PstnIncomingCallNotifier: Registering: Handler (com.android.internal.telephony.GsmCdmaPhone) {f6461cc}
09-17 00:37:35.906  3005  3005 I TelecomFramework: PstnPhoneCapabilitiesNotifier: handleVideoCapabilitesChanged. Video capability - false
09-17 00:37:36.074   909  1071 I chatty  : uid=1000(system) android.bg expire 7 lines
09-17 00:37:36.136   909  1069 I chatty  : uid=1000(system) Binder:909_2 expire 14 lines
09-17 00:37:36.144   909   909 I chatty  : uid=1000 system_server expire 47 lines
09-17 00:37:36.226   909  2437 I chatty  : uid=1000(system) Binder:909_3 expire 7 lines
09-17 00:37:36.343   909  3632 I chatty  : uid=1000(system) Binder:909_9 expire 13 lines
09-17 00:37:36.364  3005  3005 D MccTable: updateMccMncConfiguration mccmnc='40422' fromServiceState=false
09-17 00:37:36.376  3005  3005 D MccTable: updateMccMncConfiguration defaultMccMnc=40422
09-17 00:37:36.376  3005  3005 D MccTable: updateMccMncConfiguration: mcc=404, mnc=22
09-17 00:37:36.376  3005  3005 D MccTable: updateMccMncConfiguration updateConfig config={0.0 404mcc22mnc ?localeList ?layoutDir ?swdp ?wdp ?hdp ?density ?lsize ?long ?ldr ?wideColorGamut ?orien ?uimode ?night ?touch ?keyb/?/? ?nav/?}
09-17 00:37:36.422   909  3439 I chatty  : uid=1000(system) Binder:909_7 expire 8 lines
09-17 00:37:36.553   909  1068 I chatty  : uid=1000(system) Binder:909_1 expire 9 lines
09-17 00:37:36.609   909  1079 I chatty  : uid=1000(system) android.io expire 47 lines
09-17 00:37:36.716  3449  3713 F libc    : Fatal signal 6 (SIGABRT), code -6 in tid 3713 (hci_thread)
09-17 00:37:36.763  3449  3713 F libc    : crash_dump helper failed to exec
09-17 00:37:36.808  3005  3005 D MccTable: updateMccMncConfiguration mccmnc='40422' fromServiceState=false
09-17 00:37:36.810  3005  3005 D MccTable: updateMccMncConfiguration defaultMccMnc=40422
09-17 00:37:36.810  3005  3005 D MccTable: updateMccMncConfiguration: mcc=404, mnc=22
09-17 00:37:36.810  3005  3005 D MccTable: updateMccMncConfiguration updateConfig config={0.0 404mcc22mnc ?localeList ?layoutDir ?swdp ?wdp ?hdp ?density ?lsize ?long ?ldr ?wideColorGamut ?orien ?uimode ?night ?touch ?keyb/?/? ?nav/?}
09-17 00:37:37.161  3546  3781 F libc    : Fatal signal 11 (SIGSEGV), code 1, fault addr 0x0 in tid 3781 (AsyncTask #1)
09-17 00:37:37.224   909  3814 I chatty  : uid=1000(system) Binder:909_C expire 4 lines
09-17 00:37:37.489  3837  3837 F DEBUG   : *** *** *** *** *** *** *** *** *** *** *** *** *** *** *** ***
09-17 00:37:37.489  3837  3837 F DEBUG   : Build fingerprint: 'google/nitrogen_mako/mako:8.0.0/OPR6.170623.017/root09161737:userdebug/test-keys'
09-17 00:37:37.489  3837  3837 F DEBUG   : Revision: '0'
09-17 00:37:37.489  3837  3837 F DEBUG   : ABI: 'arm'
09-17 00:37:37.490  3837  3837 F DEBUG   : pid: 3546, tid: 3781, name: AsyncTask #1  >>> com.android.nfc <<<
09-17 00:37:37.490  3837  3837 F DEBUG   : signal 11 (SIGSEGV), code 1 (SEGV_MAPERR), fault addr 0x0
09-17 00:37:37.490  3837  3837 F DEBUG   : Cause: null pointer dereference
09-17 00:37:37.490  3837  3837 F DEBUG   :     r0 0000000e  r1 296af87e  r2 000fffff  r3 00000001
09-17 00:37:37.490  3837  3837 F DEBUG   :     r4 00000000  r5 8f144d38  r6 8f144e04  r7 8f144eb4
09-17 00:37:37.490  3837  3837 F DEBUG   :     r8 00015fa0  r9 8f144a78  sl 8efc3bf8  fp 8efc3b84
09-17 00:37:37.490  3837  3837 F DEBUG   :     ip 8f03dc1c  sp 8efc3a60  lr 8f02a497  pc 8f1444d8  cpsr 600f0010
09-17 00:37:37.592  3837  3837 F DEBUG   : 
09-17 00:37:37.592  3837  3837 F DEBUG   : backtrace:
09-17 00:37:37.593  3837  3837 F DEBUG   :     #00 pc 000764d8  /system/lib/libnfc-nci.so (_ZN13NfcAdaptation26InitializeHalDeviceContextEv+376)
09-17 00:37:37.593  3837  3837 F DEBUG   :     #01 pc 00075e4c  /system/lib/libnfc-nci.so (_ZN13NfcAdaptation10InitializeEv+832)
09-17 00:37:37.594  3837  3837 F DEBUG   :     #02 pc 0000dbf5  /system/lib/libnfc_nci_jni.so (_ZN7androidL23nfcManager_doInitializeEP7_JNIEnvP8_jobject+52)
09-17 00:37:37.595  3837  3837 F DEBUG   :     #03 pc 0002d8eb  /data/dalvik-cache/arm/system@app@NfcNci@NfcNci.apk@classes.dex (offset 0xf000)
09-17 00:37:37.788   909  1195 I chatty  : uid=1000(system) android.anim expire 2 lines
09-17 00:37:37.931  3005  3005 I TelecomFramework: PstnIncomingCallNotifier: Unregistering: Handler (com.android.internal.telephony.GsmCdmaPhone) {f6461cc}
09-17 00:37:37.965   909  3813 I chatty  : uid=1000(system) Binder:909_B expire 12 lines
09-17 00:37:37.973  3005  3005 I TelecomFramework: AccountEntry: Registered phoneAccount: [[ ] PhoneAccount: ComponentInfo{com.android.phone/com.android.services.telephony.TelephonyConnectionService}, [26c54c33e876414d14ea2f016634d88ca51e9dac], UserHandle{0} Capabilities: CallProvider MultiUser PlaceEmerg SimSub  Audio Routes: BESW Schemes: tel voicemail  Extras: null GroupId: [da39a3ee5e6b4b0d3255bfef95601890afd80709]] with handle: ComponentInfo{com.android.phone/com.android.services.telephony.TelephonyConnectionService}, [26c54c33e876414d14ea2f016634d88ca51e9dac], UserHandle{0}
09-17 00:37:37.973  3005  3005 I TelecomFramework: PstnIncomingCallNotifier: Registering: Handler (com.android.internal.telephony.GsmCdmaPhone) {f6461cc}
09-17 00:37:37.978  3785  3876 F libc    : Fatal signal 6 (SIGABRT), code -6 in tid 3876 (hci_thread)
09-17 00:37:37.982  3005  3005 I TelecomFramework: TelecomAccountRegistry: Unregistering phone account ComponentInfo{com.android.phone/com.android.services.telephony.TelephonyConnectionService}, [e0184adedf913b076626646d3f52c3b49c39ad6d], UserHandle{0}.
09-17 00:37:38.046  3005  3005 I TelecomFramework: PstnIncomingCallNotifier: Unregistering: Handler (com.android.internal.telephony.GsmCdmaPhone) {f6461cc}
09-17 00:37:38.084   909  3036 I chatty  : uid=1000(system) Binder:909_6 expire 6 lines
09-17 00:37:38.088  3005  3005 I TelecomFramework: AccountEntry: Registered phoneAccount: [[ ] PhoneAccount: ComponentInfo{com.android.phone/com.android.services.telephony.TelephonyConnectionService}, [26c54c33e876414d14ea2f016634d88ca51e9dac], UserHandle{0} Capabilities: CallProvider MultiUser PlaceEmerg SimSub  Audio Routes: BESW Schemes: tel voicemail  Extras: null GroupId: [da39a3ee5e6b4b0d3255bfef95601890afd80709]] with handle: ComponentInfo{com.android.phone/com.android.services.telephony.TelephonyConnectionService}, [26c54c33e876414d14ea2f016634d88ca51e9dac], UserHandle{0}
09-17 00:37:38.089  3005  3005 I TelecomFramework: PstnIncomingCallNotifier: Registering: Handler (com.android.internal.telephony.GsmCdmaPhone) {f6461cc}
09-17 00:37:38.164   909  2369 I chatty  : uid=1000(system) onProviders.ECP expire 3 lines
09-17 00:37:38.234  3005  3005 I TelecomFramework: PstnIncomingCallNotifier: Unregistering: Handler (com.android.internal.telephony.GsmCdmaPhone) {f6461cc}
09-17 00:37:38.277  3005  3005 I TelecomFramework: AccountEntry: Registered phoneAccount: [[ ] PhoneAccount: ComponentInfo{com.android.phone/com.android.services.telephony.TelephonyConnectionService}, [26c54c33e876414d14ea2f016634d88ca51e9dac], UserHandle{0} Capabilities: CallProvider MultiUser PlaceEmerg SimSub  Audio Routes: BESW Schemes: tel voicemail  Extras: null GroupId: [da39a3ee5e6b4b0d3255bfef95601890afd80709]] with handle: ComponentInfo{com.android.phone/com.android.services.telephony.TelephonyConnectionService}, [26c54c33e876414d14ea2f016634d88ca51e9dac], UserHandle{0}
09-17 00:37:38.278  3005  3005 I TelecomFramework: PstnIncomingCallNotifier: Registering: Handler (com.android.internal.telephony.GsmCdmaPhone) {f6461cc}
09-17 00:37:38.313  3005  3005 I TelecomFramework: PstnIncomingCallNotifier: Unregistering: Handler (com.android.internal.telephony.GsmCdmaPhone) {f6461cc}
09-17 00:37:38.352  3005  3005 I TelecomFramework: AccountEntry: Registered phoneAccount: [[ ] PhoneAccount: ComponentInfo{com.android.phone/com.android.services.telephony.TelephonyConnectionService}, [26c54c33e876414d14ea2f016634d88ca51e9dac], UserHandle{0} Capabilities: CallProvider MultiUser PlaceEmerg SimSub  Audio Routes: BESW Schemes: tel voicemail  Extras: null GroupId: [da39a3ee5e6b4b0d3255bfef95601890afd80709]] with handle: ComponentInfo{com.android.phone/com.android.services.telephony.TelephonyConnectionService}, [26c54c33e876414d14ea2f016634d88ca51e9dac], UserHandle{0}
09-17 00:37:38.352  3005  3005 I TelecomFramework: PstnIncomingCallNotifier: Registering: Handler (com.android.internal.telephony.GsmCdmaPhone) {f6461cc}
09-17 00:37:38.416   909  2543 I chatty  : uid=1000(system) Binder:909_4 expire 4 lines
09-17 00:37:38.424  3005  3005 I TelecomFramework: PstnPhoneCapabilitiesNotifier: handleVideoCapabilitesChanged. Video capability - false
09-17 00:37:38.425  3005  3005 I chatty  : uid=1001(radio) com.android.phone identical 2 lines
09-17 00:37:38.426  3005  3005 I TelecomFramework: PstnPhoneCapabilitiesNotifier: handleVideoCapabilitesChanged. Video capability - false
09-17 00:37:38.477   909  3812 I chatty  : uid=1000(system) Binder:909_A expire 7 lines
09-17 00:37:38.532  3005  3005 D MccTable: updateMccMncConfiguration mccmnc='40422' fromServiceState=true
09-17 00:37:38.533  3005  3005 D MccTable: updateMccMncConfiguration defaultMccMnc=40422
09-17 00:37:38.533  3005  3005 D MccTable: updateMccMncConfiguration: mcc=404, mnc=22
09-17 00:37:38.533  3005  3005 D MccTable: WIFI_COUNTRY_CODE set to in
09-17 00:37:38.672   909  3815 I chatty  : uid=1000(system) Binder:909_D expire 7 lines
09-17 00:37:38.756  3005  3005 I TelecomFramework: PstnIncomingCallNotifier: Unregistering: Handler (com.android.internal.telephony.GsmCdmaPhone) {f6461cc}
09-17 00:37:38.809  3005  3005 I TelecomFramework: AccountEntry: Registered phoneAccount: [[ ] PhoneAccount: ComponentInfo{com.android.phone/com.android.services.telephony.TelephonyConnectionService}, [26c54c33e876414d14ea2f016634d88ca51e9dac], UserHandle{0} Capabilities: CallProvider MultiUser PlaceEmerg SimSub  Audio Routes: BESW Schemes: tel voicemail  Extras: null GroupId: [da39a3ee5e6b4b0d3255bfef95601890afd80709]] with handle: ComponentInfo{com.android.phone/com.android.services.telephony.TelephonyConnectionService}, [26c54c33e876414d14ea2f016634d88ca51e9dac], UserHandle{0}
09-17 00:37:38.809  3005  3005 I TelecomFramework: PstnIncomingCallNotifier: Registering: Handler (com.android.internal.telephony.GsmCdmaPhone) {f6461cc}
09-17 00:37:38.814  3005  3005 I TelecomFramework: PstnIncomingCallNotifier: Unregistering: Handler (com.android.internal.telephony.GsmCdmaPhone) {f6461cc}
09-17 00:37:38.857  3005  3005 I TelecomFramework: AccountEntry: Registered phoneAccount: [[ ] PhoneAccount: ComponentInfo{com.android.phone/com.android.services.telephony.TelephonyConnectionService}, [26c54c33e876414d14ea2f016634d88ca51e9dac], UserHandle{0} Capabilities: CallProvider MultiUser PlaceEmerg SimSub  Audio Routes: BESW Schemes: tel voicemail  Extras: null GroupId: [da39a3ee5e6b4b0d3255bfef95601890afd80709]] with handle: ComponentInfo{com.android.phone/com.android.services.telephony.TelephonyConnectionService}, [26c54c33e876414d14ea2f016634d88ca51e9dac], UserHandle{0}
09-17 00:37:38.857  3005  3005 I TelecomFramework: PstnIncomingCallNotifier: Registering: Handler (com.android.internal.telephony.GsmCdmaPhone) {f6461cc}
09-17 00:37:38.911  3785  3876 F libc    : crash_dump helper failed to exec
09-17 00:37:38.919  3005  3005 I TelecomFramework: PstnPhoneCapabilitiesNotifier: handleVideoCapabilitesChanged. Video capability - false
09-17 00:37:38.924  3005  3005 I TelecomFramework: PstnPhoneCapabilitiesNotifier: handleVideoCapabilitesChanged. Video capability - false
09-17 00:37:39.194  4022  4022 F libc    : CANNOT LINK EXECUTABLE "/system/bin/mm-qcamera-daemon": "/system/lib/libmmjpeg.so" has text relocations
09-17 00:37:39.194  4022  4022 F libc    : Fatal signal 6 (SIGABRT), code -6 in tid 4022 (mm-qcamera-daem)
09-17 00:37:39.254  4044  4044 F DEBUG   : *** *** *** *** *** *** *** *** *** *** *** *** *** *** *** ***
09-17 00:37:39.255  4044  4044 F DEBUG   : Build fingerprint: 'google/nitrogen_mako/mako:8.0.0/OPR6.170623.017/root09161737:userdebug/test-keys'
09-17 00:37:39.255  4044  4044 F DEBUG   : Revision: '0'
09-17 00:37:39.255  4044  4044 F DEBUG   : ABI: 'arm'
09-17 00:37:39.255  4044  4044 F DEBUG   : pid: 4022, tid: 4022, name: mm-qcamera-daem  >>> /system/bin/mm-qcamera-daemon <<<
09-17 00:37:39.255  4044  4044 F DEBUG   : signal 6 (SIGABRT), code -6 (SI_TKILL), fault addr --------
09-17 00:37:39.259  4044  4044 F DEBUG   : Abort message: 'CANNOT LINK EXECUTABLE "/system/bin/mm-qcamera-daemon": "/system/lib/libmmjpeg.so" has text relocations'
09-17 00:37:39.259  4044  4044 F DEBUG   :     r0 00000000  r1 00000fb6  r2 00000006  r3 00000008
09-17 00:37:39.259  4044  4044 F DEBUG   :     r4 00000fb6  r5 00000fb6  r6 be8b4830  r7 0000010c
09-17 00:37:39.259  4044  4044 F DEBUG   :     r8 be8b5ae4  r9 adec8010  sl be8b4ad8  fp adf149f0
09-17 00:37:39.259  4044  4044 F DEBUG   :     ip 00000000  sp be8b4820  lr adf7e5e7  pc adf8888c  cpsr 200d0010
09-17 00:37:39.269  4044  4044 F DEBUG   : 
09-17 00:37:39.269  4044  4044 F DEBUG   : backtrace:
09-17 00:37:39.269  4044  4044 F DEBUG   :     #00 pc 0006788c  /system/bin/linker (__dl_tgkill+12)
09-17 00:37:39.269  4044  4044 F DEBUG   :     #01 pc 0005d5e3  /system/bin/linker (__dl_abort+54)
09-17 00:37:39.269  4044  4044 F DEBUG   :     #02 pc 00018c21  /system/bin/linker (__dl___libc_fatal+24)
09-17 00:37:39.269  4044  4044 F DEBUG   :     #03 pc 00010267  /system/bin/linker (__dl___linker_init+1986)
09-17 00:37:39.269  4044  4044 F DEBUG   :     #04 pc 00015324  /system/bin/linker (_start+4)
09-17 00:37:39.535   909  2438 I chatty  : uid=1000(system) Thread-3 expire 1 line
09-17 00:37:39.601  3989  4077 F libc    : Fatal signal 11 (SIGSEGV), code 1, fault addr 0x0 in tid 4077 (AsyncTask #1)
09-17 00:37:39.724  4023  4113 F libc    : Fatal signal 6 (SIGABRT), code -6 in tid 4113 (hci_thread)
09-17 00:37:39.778  4023  4113 F libc    : crash_dump helper failed to exec
09-17 00:37:39.819  4106  4106 F DEBUG   : *** *** *** *** *** *** *** *** *** *** *** *** *** *** *** ***
09-17 00:37:39.820  4106  4106 F DEBUG   : Build fingerprint: 'google/nitrogen_mako/mako:8.0.0/OPR6.170623.017/root09161737:userdebug/test-keys'
09-17 00:37:39.820  4106  4106 F DEBUG   : Revision: '0'
09-17 00:37:39.820  4106  4106 F DEBUG   : ABI: 'arm'
09-17 00:37:39.820  4106  4106 F DEBUG   : pid: 3989, tid: 4077, name: AsyncTask #1  >>> com.android.nfc <<<
09-17 00:37:39.820  4106  4106 F DEBUG   : signal 11 (SIGSEGV), code 1 (SEGV_MAPERR), fault addr 0x0
09-17 00:37:39.820  4106  4106 F DEBUG   : Cause: null pointer dereference
09-17 00:37:39.820  4106  4106 F DEBUG   :     r0 0000000e  r1 296af87e  r2 000fffff  r3 00000001
09-17 00:37:39.820  4106  4106 F DEBUG   :     r4 00000000  r5 8f104d38  r6 8f104e04  r7 8f104eb4
09-17 00:37:39.820  4106  4106 F DEBUG   :     r8 00015fa0  r9 8f104a78  sl 8efe5bf8  fp 8efe5b84
09-17 00:37:39.820  4106  4106 F DEBUG   :     ip 8f06ac1c  sp 8efe5a60  lr 8f057497  pc 8f1044d8  cpsr 600f0010
09-17 00:37:39.930  4106  4106 F DEBUG   : 
09-17 00:37:39.930  4106  4106 F DEBUG   : backtrace:
09-17 00:37:39.930  4106  4106 F DEBUG   :     #00 pc 000764d8  /system/lib/libnfc-nci.so (_ZN13NfcAdaptation26InitializeHalDeviceContextEv+376)
09-17 00:37:39.930  4106  4106 F DEBUG   :     #01 pc 00075e4c  /system/lib/libnfc-nci.so (_ZN13NfcAdaptation10InitializeEv+832)
09-17 00:37:39.930  4106  4106 F DEBUG   :     #02 pc 0000dbf5  /system/lib/libnfc_nci_jni.so (_ZN7androidL23nfcManager_doInitializeEP7_JNIEnvP8_jobject+52)
09-17 00:37:39.931  4106  4106 F DEBUG   :     #03 pc 0002d8eb  /data/dalvik-cache/arm/system@app@NfcNci@NfcNci.apk@classes.dex (offset 0xf000)
09-17 00:37:40.411   909  3027 I chatty  : uid=1000(system) Binder:909_5 expire 1 line
09-17 00:37:40.718  4134  4171 F libc    : Fatal signal 6 (SIGABRT), code -6 in tid 4171 (hci_thread)
09-17 00:37:40.875  3616  3616 I MediaUpgradeReceiver: ---> Start upgrade of media database external.db
09-17 00:37:40.983  3616  3616 I MediaUpgradeReceiver: <--- Finished upgrade of media database external.db in 108ms
09-17 00:37:41.078   909  4186 I chatty  : uid=1000 system_server expire 20 lines
09-17 00:37:41.492  4134  4171 F libc    : crash_dump helper failed to exec
09-17 00:37:41.974  4237  4306 F libc    : Fatal signal 11 (SIGSEGV), code 1, fault addr 0x0 in tid 4306 (AsyncTask #1)
09-17 00:37:41.987  4291  4317 E ActivityThread: Failed to find provider info for com.android.launcher2.settings
09-17 00:37:42.060  4272  4340 F libc    : Fatal signal 6 (SIGABRT), code -6 in tid 4340 (hci_thread)
09-17 00:37:42.085  4335  4335 F DEBUG   : *** *** *** *** *** *** *** *** *** *** *** *** *** *** *** ***
09-17 00:37:42.085  4335  4335 F DEBUG   : Build fingerprint: 'google/nitrogen_mako/mako:8.0.0/OPR6.170623.017/root09161737:userdebug/test-keys'
09-17 00:37:42.085  4335  4335 F DEBUG   : Revision: '0'
09-17 00:37:42.085  4335  4335 F DEBUG   : ABI: 'arm'
09-17 00:37:42.085  4335  4335 F DEBUG   : pid: 4237, tid: 4306, name: AsyncTask #1  >>> com.android.nfc <<<
09-17 00:37:42.086  4335  4335 F DEBUG   : signal 11 (SIGSEGV), code 1 (SEGV_MAPERR), fault addr 0x0
09-17 00:37:42.086  4335  4335 F DEBUG   : Cause: null pointer dereference
09-17 00:37:42.086  4335  4335 F DEBUG   :     r0 0000000e  r1 296af87e  r2 000fffff  r3 00000001
09-17 00:37:42.086  4335  4335 F DEBUG   :     r4 00000000  r5 8f0c2d38  r6 8f0c2e04  r7 8f0c2eb4
09-17 00:37:42.086  4335  4335 F DEBUG   :     r8 00015fa0  r9 8f0c2a78  sl 8efc6bf8  fp 8efc6b84
09-17 00:37:42.086  4335  4335 F DEBUG   :     ip 8f02bc1c  sp 8efc6a60  lr 8f018497  pc 8f0c24d8  cpsr 600f0010
09-17 00:37:42.125  4335  4335 F DEBUG   : 
09-17 00:37:42.125  4335  4335 F DEBUG   : backtrace:
09-17 00:37:42.125  4335  4335 F DEBUG   :     #00 pc 000764d8  /system/lib/libnfc-nci.so (_ZN13NfcAdaptation26InitializeHalDeviceContextEv+376)
09-17 00:37:42.125  4335  4335 F DEBUG   :     #01 pc 00075e4c  /system/lib/libnfc-nci.so (_ZN13NfcAdaptation10InitializeEv+832)
09-17 00:37:42.125  4335  4335 F DEBUG   :     #02 pc 0000dbf5  /system/lib/libnfc_nci_jni.so (_ZN7androidL23nfcManager_doInitializeEP7_JNIEnvP8_jobject+52)
09-17 00:37:42.125  4335  4335 F DEBUG   :     #03 pc 0002d8eb  /data/dalvik-cache/arm/system@app@NfcNci@NfcNci.apk@classes.dex (offset 0xf000)
09-17 00:37:42.822  4272  4340 F libc    : crash_dump helper failed to exec
09-17 00:37:42.825   909  1077 I chatty  : uid=1000(system) FileObserver expire 1 line
09-17 00:37:42.860   909  1077 I BootReceiver: Copying /data/tombstones/tombstone_01 to DropBox (SYSTEM_TOMBSTONE)
09-17 00:37:42.866   909  3632 I ActivityManager: Start proc 4393:com.android.nfc/1027 for restart com.android.nfc
09-17 00:37:43.038   909  1079 D BluetoothManagerService: MESSAGE_RESTART_BLUETOOTH_SERVICE
09-17 00:37:43.050   909  1079 I ActivityManager: Start proc 4409:com.android.bluetooth/1002 for service com.android.bluetooth/.btservice.AdapterService
09-17 00:37:43.223  4393  4426 F libc    : Fatal signal 11 (SIGSEGV), code 1, fault addr 0x0 in tid 4426 (AsyncTask #1)
09-17 00:37:43.268   909   909 D BluetoothManagerService: Bluetooth Adapter name changed to Nexus 4
09-17 00:37:43.269   909   909 D BluetoothManagerService: Stored Bluetooth name: Nexus 4
09-17 00:37:43.279   909   909 D BluetoothManagerService: BluetoothServiceConnection: com.android.bluetooth.btservice.AdapterService
09-17 00:37:43.279   909  1079 D BluetoothManagerService: MESSAGE_BLUETOOTH_SERVICE_CONNECTED: 1
09-17 00:37:43.283   909  1079 D BluetoothManagerService: Broadcasting onBluetoothServiceUp() to 5 receivers.
09-17 00:37:43.285   909  1079 D BluetoothManagerService: MESSAGE_GET_NAME_AND_ADDRESS
09-17 00:37:43.288   909  1079 D BluetoothManagerService: Stored Bluetooth name: Nexus 4
09-17 00:37:43.288   909  1079 D BluetoothManagerService: MESSAGE_BLUETOOTH_STATE_CHANGE: OFF > BLE_TURNING_ON
09-17 00:37:43.288   909  1079 D BluetoothManagerService: Sending BLE State Change: OFF > BLE_TURNING_ON
09-17 00:37:43.320  4440  4440 F DEBUG   : *** *** *** *** *** *** *** *** *** *** *** *** *** *** *** ***
09-17 00:37:43.320  4440  4440 F DEBUG   : Build fingerprint: 'google/nitrogen_mako/mako:8.0.0/OPR6.170623.017/root09161737:userdebug/test-keys'
09-17 00:37:43.320  4440  4440 F DEBUG   : Revision: '0'
09-17 00:37:43.320  4440  4440 F DEBUG   : ABI: 'arm'
09-17 00:37:43.320  4440  4440 F DEBUG   : pid: 4393, tid: 4426, name: AsyncTask #1  >>> com.android.nfc <<<
09-17 00:37:43.320  4440  4440 F DEBUG   : signal 11 (SIGSEGV), code 1 (SEGV_MAPERR), fault addr 0x0
09-17 00:37:43.320  4440  4440 F DEBUG   : Cause: null pointer dereference
09-17 00:37:43.320  4440  4440 F DEBUG   :     r0 0000000e  r1 296af87e  r2 000fffff  r3 00000001
09-17 00:37:43.320  4440  4440 F DEBUG   :     r4 00000000  r5 8f0fad38  r6 8f0fae04  r7 8f0faeb4
09-17 00:37:43.320  4440  4440 F DEBUG   :     r8 00015fa0  r9 8f0faa78  sl 8efc7bf8  fp 8efc7b84
09-17 00:37:43.320  4440  4440 F DEBUG   :     ip 8f17ec1c  sp 8efc7a60  lr 8f16b497  pc 8f0fa4d8  cpsr 600f0010
09-17 00:37:43.331  4409  4449 F libc    : Fatal signal 6 (SIGABRT), code -6 in tid 4449 (hci_thread)
09-17 00:37:43.387  4440  4440 F DEBUG   : 
09-17 00:37:43.387  4440  4440 F DEBUG   : backtrace:
09-17 00:37:43.387  4440  4440 F DEBUG   :     #00 pc 000764d8  /system/lib/libnfc-nci.so (_ZN13NfcAdaptation26InitializeHalDeviceContextEv+376)
09-17 00:37:43.387  4440  4440 F DEBUG   :     #01 pc 00075e4c  /system/lib/libnfc-nci.so (_ZN13NfcAdaptation10InitializeEv+832)
09-17 00:37:43.387  4440  4440 F DEBUG   :     #02 pc 0000dbf5  /system/lib/libnfc_nci_jni.so (_ZN7androidL23nfcManager_doInitializeEP7_JNIEnvP8_jobject+52)
09-17 00:37:43.387  4440  4440 F DEBUG   :     #03 pc 0002d8eb  /data/dalvik-cache/arm/system@app@NfcNci@NfcNci.apk@classes.dex (offset 0xf000)
09-17 00:37:43.630   909  3439 I ActivityManager: Killing 3467:android.ext.services/u0a12 (adj 906): empty #17
09-17 00:37:44.066  4409  4449 F libc    : crash_dump helper failed to exec
09-17 00:37:44.068   909  1077 I BootReceiver: Copying /data/tombstones/tombstone_04 to DropBox (SYSTEM_TOMBSTONE)
09-17 00:37:44.079   909   909 D BluetoothManagerService: BluetoothServiceConnection, disconnected: com.android.bluetooth.btservice.AdapterService
09-17 00:37:44.079   909  2437 I ActivityManager: Process com.android.bluetooth (pid 4409) has died: psvc IMPF
09-17 00:37:44.080   909  2437 W ActivityManager: Scheduling restart of crashed service com.android.bluetooth/.gatt.GattService in 1000ms
09-17 00:37:44.080   909  2437 W ActivityManager: Scheduling restart of crashed service com.android.bluetooth/.btservice.AdapterService in 1000ms
09-17 00:37:44.080   909  1079 E BluetoothManagerService: MESSAGE_BLUETOOTH_SERVICE_DISCONNECTED(1)
09-17 00:37:44.080   909  1079 D BluetoothManagerService: Broadcasting onBluetoothServiceDown() to 4 receivers.
09-17 00:37:44.093   909  3036 I ActivityManager: Process com.android.nfc (pid 4393) has died: pers PER 
09-17 00:37:44.094   909  3036 W ActivityManager: Re-adding persistent process ProcessRecord{978c661 4393:com.android.nfc/1027}
09-17 00:37:44.100   909  1077 I BootReceiver: Copying /data/tombstones/tombstone_03 to DropBox (SYSTEM_TOMBSTONE)
09-17 00:37:44.105   909  3036 I ActivityManager: Start proc 4459:com.android.nfc/1027 for restart com.android.nfc
09-17 00:37:44.161  4473  4473 F libc    : CANNOT LINK EXECUTABLE "/system/bin/mm-qcamera-daemon": "/system/lib/libmmjpeg.so" has text relocations
09-17 00:37:44.161  4473  4473 F libc    : Fatal signal 6 (SIGABRT), code -6 in tid 4473 (mm-qcamera-daem)
09-17 00:37:44.200  4478  4478 F DEBUG   : *** *** *** *** *** *** *** *** *** *** *** *** *** *** *** ***
09-17 00:37:44.200  4478  4478 F DEBUG   : Build fingerprint: 'google/nitrogen_mako/mako:8.0.0/OPR6.170623.017/root09161737:userdebug/test-keys'
09-17 00:37:44.200  4478  4478 F DEBUG   : Revision: '0'
09-17 00:37:44.200  4478  4478 F DEBUG   : ABI: 'arm'
09-17 00:37:44.200  4478  4478 F DEBUG   : pid: 4473, tid: 4473, name: mm-qcamera-daem  >>> /system/bin/mm-qcamera-daemon <<<
09-17 00:37:44.201  4478  4478 F DEBUG   : signal 6 (SIGABRT), code -6 (SI_TKILL), fault addr --------
09-17 00:37:44.205  4478  4478 F DEBUG   : Abort message: 'CANNOT LINK EXECUTABLE "/system/bin/mm-qcamera-daemon": "/system/lib/libmmjpeg.so" has text relocations'
09-17 00:37:44.205  4478  4478 F DEBUG   :     r0 00000000  r1 00001179  r2 00000006  r3 00000008
09-17 00:37:44.205  4478  4478 F DEBUG   :     r4 00001179  r5 00001179  r6 be96b830  r7 0000010c
09-17 00:37:44.205  4478  4478 F DEBUG   :     r8 be96cae4  r9 b6585010  sl be96bad8  fp b65d19f0
09-17 00:37:44.205  4478  4478 F DEBUG   :     ip 00000000  sp be96b820  lr b663b5e7  pc b664588c  cpsr 200d0010
09-17 00:37:44.215  4478  4478 F DEBUG   : 
09-17 00:37:44.215  4478  4478 F DEBUG   : backtrace:
09-17 00:37:44.215  4478  4478 F DEBUG   :     #00 pc 0006788c  /system/bin/linker (__dl_tgkill+12)
09-17 00:37:44.215  4478  4478 F DEBUG   :     #01 pc 0005d5e3  /system/bin/linker (__dl_abort+54)
09-17 00:37:44.215  4478  4478 F DEBUG   :     #02 pc 00018c21  /system/bin/linker (__dl___libc_fatal+24)
09-17 00:37:44.215  4478  4478 F DEBUG   :     #03 pc 00010267  /system/bin/linker (__dl___linker_init+1986)
09-17 00:37:44.215  4478  4478 F DEBUG   :     #04 pc 00015324  /system/bin/linker (_start+4)
09-17 00:37:44.250   909  2438 W NativeCrashListener: Couldn't find ProcessRecord for pid 4473
09-17 00:37:44.252   909  1077 I BootReceiver: Copying /data/tombstones/tombstone_05 to DropBox (SYSTEM_TOMBSTONE)
09-17 00:37:44.281   909  1079 D BluetoothManagerService: MESSAGE_RESTART_BLUETOOTH_SERVICE
09-17 00:37:44.293   909  1079 I ActivityManager: Start proc 4484:com.android.bluetooth/1002 for service com.android.bluetooth/.btservice.AdapterService
09-17 00:37:44.365  4459  4489 F libc    : Fatal signal 11 (SIGSEGV), code 1, fault addr 0x0 in tid 4489 (AsyncTask #1)
09-17 00:37:44.465  4507  4507 F DEBUG   : *** *** *** *** *** *** *** *** *** *** *** *** *** *** *** ***
09-17 00:37:44.465  4507  4507 F DEBUG   : Build fingerprint: 'google/nitrogen_mako/mako:8.0.0/OPR6.170623.017/root09161737:userdebug/test-keys'
09-17 00:37:44.466  4507  4507 F DEBUG   : Revision: '0'
09-17 00:37:44.466  4507  4507 F DEBUG   : ABI: 'arm'
09-17 00:37:44.466  4507  4507 F DEBUG   : pid: 4459, tid: 4489, name: AsyncTask #1  >>> com.android.nfc <<<
09-17 00:37:44.466  4507  4507 F DEBUG   : signal 11 (SIGSEGV), code 1 (SEGV_MAPERR), fault addr 0x0
09-17 00:37:44.466  4507  4507 F DEBUG   : Cause: null pointer dereference
09-17 00:37:44.466  4507  4507 F DEBUG   :     r0 0000000e  r1 296af87e  r2 000fffff  r3 00000001
09-17 00:37:44.466  4507  4507 F DEBUG   :     r4 00000000  r5 8f081d38  r6 8f081e04  r7 8f081eb4
09-17 00:37:44.466  4507  4507 F DEBUG   :     r8 00015fa0  r9 8f081a78  sl 8eff5bf8  fp 8eff5b84
09-17 00:37:44.466  4507  4507 F DEBUG   :     ip 8f17cc1c  sp 8eff5a60  lr 8f169497  pc 8f0814d8  cpsr 600f0010
09-17 00:37:44.501  4507  4507 F DEBUG   : 
09-17 00:37:44.501  4507  4507 F DEBUG   : backtrace:
09-17 00:37:44.501  4507  4507 F DEBUG   :     #00 pc 000764d8  /system/lib/libnfc-nci.so (_ZN13NfcAdaptation26InitializeHalDeviceContextEv+376)
09-17 00:37:44.501  4507  4507 F DEBUG   :     #01 pc 00075e4c  /system/lib/libnfc-nci.so (_ZN13NfcAdaptation10InitializeEv+832)
09-17 00:37:44.502  4507  4507 F DEBUG   :     #02 pc 0000dbf5  /system/lib/libnfc_nci_jni.so (_ZN7androidL23nfcManager_doInitializeEP7_JNIEnvP8_jobject+52)
09-17 00:37:44.502  4507  4507 F DEBUG   :     #03 pc 0002d8eb  /data/dalvik-cache/arm/system@app@NfcNci@NfcNci.apk@classes.dex (offset 0xf000)
09-17 00:37:44.587   909   909 D BluetoothManagerService: Bluetooth Adapter name changed to Nexus 4
09-17 00:37:44.588   909   909 D BluetoothManagerService: Stored Bluetooth name: Nexus 4
09-17 00:37:44.596   909   909 D BluetoothManagerService: BluetoothServiceConnection: com.android.bluetooth.btservice.AdapterService
09-17 00:37:44.596   909  1079 D BluetoothManagerService: MESSAGE_BLUETOOTH_SERVICE_CONNECTED: 1
09-17 00:37:44.597   909  1079 D BluetoothManagerService: Broadcasting onBluetoothServiceUp() to 5 receivers.
09-17 00:37:44.605   909  1079 D BluetoothManagerService: MESSAGE_GET_NAME_AND_ADDRESS
09-17 00:37:44.608   909  1079 D BluetoothManagerService: Stored Bluetooth name: Nexus 4
09-17 00:37:44.608   909  1079 D BluetoothManagerService: MESSAGE_BLUETOOTH_STATE_CHANGE: OFF > BLE_TURNING_ON
09-17 00:37:44.608   909  1079 D BluetoothManagerService: Sending BLE State Change: OFF > BLE_TURNING_ON
09-17 00:37:44.643  4484  4530 F libc    : Fatal signal 6 (SIGABRT), code -6 in tid 4530 (hci_thread)
09-17 00:37:45.200  4484  4530 F libc    : crash_dump helper failed to exec
09-17 00:37:45.202   909  1077 I BootReceiver: Copying /data/tombstones/tombstone_07 to DropBox (SYSTEM_TOMBSTONE)
09-17 00:37:45.214   909   909 D BluetoothManagerService: BluetoothServiceConnection, disconnected: com.android.bluetooth.btservice.AdapterService
09-17 00:37:45.214   909  1079 E BluetoothManagerService: MESSAGE_BLUETOOTH_SERVICE_DISCONNECTED(1)
09-17 00:37:45.214   909  1079 D BluetoothManagerService: Broadcasting onBluetoothServiceDown() to 4 receivers.
09-17 00:37:45.224   909  2543 I ActivityManager: Process com.android.bluetooth (pid 4484) has died: psvc IMPF
09-17 00:37:45.224   909  2543 W ActivityManager: Scheduling restart of crashed service com.android.bluetooth/.btservice.AdapterService in 1000ms
09-17 00:37:45.224   909  2543 W ActivityManager: Scheduling restart of crashed service com.android.bluetooth/.gatt.GattService in 11000ms
09-17 00:37:45.229   909  1069 I ActivityManager: Process com.android.nfc (pid 4459) has died: pers PER 
09-17 00:37:45.229   909  1069 W ActivityManager: Re-adding persistent process ProcessRecord{978c661 4459:com.android.nfc/1027}
09-17 00:37:45.229   909  1077 I BootReceiver: Copying /data/tombstones/tombstone_06 to DropBox (SYSTEM_TOMBSTONE)
09-17 00:37:45.247   909  1069 I ActivityManager: Start proc 4542:com.android.nfc/1027 for restart com.android.nfc
09-17 00:37:45.414   909  1079 D BluetoothManagerService: MESSAGE_RESTART_BLUETOOTH_SERVICE
09-17 00:37:45.426   909  1079 I ActivityManager: Start proc 4563:com.android.bluetooth/1002 for service com.android.bluetooth/.btservice.AdapterService
09-17 00:37:45.569  4542  4581 F libc    : Fatal signal 11 (SIGSEGV), code 1, fault addr 0x0 in tid 4581 (AsyncTask #1)
09-17 00:37:45.658  4589  4589 F DEBUG   : *** *** *** *** *** *** *** *** *** *** *** *** *** *** *** ***
09-17 00:37:45.658  4589  4589 F DEBUG   : Build fingerprint: 'google/nitrogen_mako/mako:8.0.0/OPR6.170623.017/root09161737:userdebug/test-keys'
09-17 00:37:45.658  4589  4589 F DEBUG   : Revision: '0'
09-17 00:37:45.658  4589  4589 F DEBUG   : ABI: 'arm'
09-17 00:37:45.658  4589  4589 F DEBUG   : pid: 4542, tid: 4581, name: AsyncTask #1  >>> com.android.nfc <<<
09-17 00:37:45.658  4589  4589 F DEBUG   : signal 11 (SIGSEGV), code 1 (SEGV_MAPERR), fault addr 0x0
09-17 00:37:45.658  4589  4589 F DEBUG   : Cause: null pointer dereference
09-17 00:37:45.658  4589  4589 F DEBUG   :     r0 0000000e  r1 296af87e  r2 000fffff  r3 00000001
09-17 00:37:45.659  4589  4589 F DEBUG   :     r4 00000000  r5 8f03bd38  r6 8f03be04  r7 8f03beb4
09-17 00:37:45.659  4589  4589 F DEBUG   :     r8 00015fa0  r9 8f03ba78  sl 8efc3bf8  fp 8efc3b84
09-17 00:37:45.659  4589  4589 F DEBUG   :     ip 8f172c1c  sp 8efc3a60  lr 8f15f497  pc 8f03b4d8  cpsr 600f0010
09-17 00:37:45.660   909  3632 I ActivityManager: Killing 3751:com.android.keychain/1000 (adj 906): empty #17
09-17 00:37:45.673   909   909 D BluetoothManagerService: Bluetooth Adapter name changed to Nexus 4
09-17 00:37:45.673   909   909 D BluetoothManagerService: Stored Bluetooth name: Nexus 4
09-17 00:37:45.684   909   909 D BluetoothManagerService: BluetoothServiceConnection: com.android.bluetooth.btservice.AdapterService
09-17 00:37:45.684   909  1079 D BluetoothManagerService: MESSAGE_BLUETOOTH_SERVICE_CONNECTED: 1
09-17 00:37:45.685   909  1079 D BluetoothManagerService: Broadcasting onBluetoothServiceUp() to 5 receivers.
09-17 00:37:45.690   909  1079 D BluetoothManagerService: MESSAGE_GET_NAME_AND_ADDRESS
09-17 00:37:45.695   909  1079 D BluetoothManagerService: Stored Bluetooth name: Nexus 4
09-17 00:37:45.695   909  1079 D BluetoothManagerService: MESSAGE_BLUETOOTH_STATE_CHANGE: OFF > BLE_TURNING_ON
09-17 00:37:45.695   909  1079 D BluetoothManagerService: Sending BLE State Change: OFF > BLE_TURNING_ON
09-17 00:37:45.699  4589  4589 F DEBUG   : 
09-17 00:37:45.699  4589  4589 F DEBUG   : backtrace:
09-17 00:37:45.700  4589  4589 F DEBUG   :     #00 pc 000764d8  /system/lib/libnfc-nci.so (_ZN13NfcAdaptation26InitializeHalDeviceContextEv+376)
09-17 00:37:45.700  4589  4589 F DEBUG   :     #01 pc 00075e4c  /system/lib/libnfc-nci.so (_ZN13NfcAdaptation10InitializeEv+832)
09-17 00:37:45.700  4589  4589 F DEBUG   :     #02 pc 0000dbf5  /system/lib/libnfc_nci_jni.so (_ZN7androidL23nfcManager_doInitializeEP7_JNIEnvP8_jobject+52)
09-17 00:37:45.700  4589  4589 F DEBUG   :     #03 pc 0002d8eb  /data/dalvik-cache/arm/system@app@NfcNci@NfcNci.apk@classes.dex (offset 0xf000)
09-17 00:37:45.741  4563  4606 F libc    : Fatal signal 6 (SIGABRT), code -6 in tid 4606 (hci_thread)
09-17 00:37:46.375  4563  4606 F libc    : crash_dump helper failed to exec
09-17 00:37:46.377   909  1077 I BootReceiver: Copying /data/tombstones/tombstone_09 to DropBox (SYSTEM_TOMBSTONE)
09-17 00:37:46.388   909  1068 I ActivityManager: Process com.android.bluetooth (pid 4563) has died: psvc IMPF
09-17 00:37:46.388   909   909 D BluetoothManagerService: BluetoothServiceConnection, disconnected: com.android.bluetooth.btservice.AdapterService
09-17 00:37:46.388   909  1079 E BluetoothManagerService: MESSAGE_BLUETOOTH_SERVICE_DISCONNECTED(1)
09-17 00:37:46.388   909  1068 W ActivityManager: Scheduling restart of crashed service com.android.bluetooth/.gatt.GattService in 1000ms
09-17 00:37:46.388   909  1079 D BluetoothManagerService: Broadcasting onBluetoothServiceDown() to 5 receivers.
